[0.022s] Invoking command in '/home/duy/cocarry_ws/build/trac_ik_lib': CMAKE_PREFIX_PATH=/home/duy/cocarry_ws/install/hrc_bringup:/home/duy/cocarry_ws/install/trac_ik:/home/duy/cocarry_ws/install/trac_ik_kinematics:/home/duy/cocarry_ws/install/trac_ik_lib:/home/duy/cocarry_ws/install/motoros2_client_interface_dependencies:/home/duy/cocarry_ws/install/hc10dtp_simulation:/home/duy/cocarry_ws/install/motoros2_interfaces:/home/duy/cocarry_ws/install/hc10dtp_bringup:/home/duy/cocarry_ws/install/hc10dtp_moveit_config:/home/duy/cocarry_ws/install/motoman_hc10dtp_support:/home/duy/cocarry_ws/install/motoman_gp4_support:/home/duy/cocarry_ws/install/motoman_resources:/home/duy/cocarry_ws/install/libfreenect2:/home/duy/cocarry_ws/install/kinect2_calibration:/home/duy/cocarry_ws/install/kinect2_bridge:/home/duy/cocarry_ws/install/kinect2_registration:/home/duy/cocarry_ws/install/industrial_msgs:/home/duy/cocarry_ws/install/trajectory_predictor:/home/duy/cocarry_ws/install/rula_tracker:/home/duy/cocarry_ws/install/realsense_tracker:/home/duy/cocarry_ws/install/predictor_ui:/home/duy/cocarry_ws/install/experiment_logger:/home/duy/cocarry_ws/install/coord_transform:/opt/ros/humble:/home/duy/cocarry_ws/install/human_hand_msgs /usr/bin/cmake --build /home/duy/cocarry_ws/build/trac_ik_lib -- -j16 -l16
[0.136s] [ 25%] [32mBuilding CXX object CMakeFiles/trac_ik_lib.dir/src/kdl_tl.cpp.o[0m
[0.200s] [ 50%] [32mBuilding CXX object CMakeFiles/trac_ik_lib.dir/src/nlopt_ik.cpp.o[0m
[0.208s] [ 75%] [32mBuilding CXX object CMakeFiles/trac_ik_lib.dir/src/trac_ik.cpp.o[0m
[22.124s] [100%] [32m[1mLinking CXX shared library libtrac_ik_lib.so[0m
[22.397s] [100%] Built target trac_ik_lib
[22.408s] Invoked command in '/home/duy/cocarry_ws/build/trac_ik_lib' returned '0': CMAKE_PREFIX_PATH=/home/duy/cocarry_ws/install/hrc_bringup:/home/duy/cocarry_ws/install/trac_ik:/home/duy/cocarry_ws/install/trac_ik_kinematics:/home/duy/cocarry_ws/install/trac_ik_lib:/home/duy/cocarry_ws/install/motoros2_client_interface_dependencies:/home/duy/cocarry_ws/install/hc10dtp_simulation:/home/duy/cocarry_ws/install/motoros2_interfaces:/home/duy/cocarry_ws/install/hc10dtp_bringup:/home/duy/cocarry_ws/install/hc10dtp_moveit_config:/home/duy/cocarry_ws/install/motoman_hc10dtp_support:/home/duy/cocarry_ws/install/motoman_gp4_support:/home/duy/cocarry_ws/install/motoman_resources:/home/duy/cocarry_ws/install/libfreenect2:/home/duy/cocarry_ws/install/kinect2_calibration:/home/duy/cocarry_ws/install/kinect2_bridge:/home/duy/cocarry_ws/install/kinect2_registration:/home/duy/cocarry_ws/install/industrial_msgs:/home/duy/cocarry_ws/install/trajectory_predictor:/home/duy/cocarry_ws/install/rula_tracker:/home/duy/cocarry_ws/install/realsense_tracker:/home/duy/cocarry_ws/install/predictor_ui:/home/duy/cocarry_ws/install/experiment_logger:/home/duy/cocarry_ws/install/coord_transform:/opt/ros/humble:/home/duy/cocarry_ws/install/human_hand_msgs /usr/bin/cmake --build /home/duy/cocarry_ws/build/trac_ik_lib -- -j16 -l16
[22.409s] Invoking command in '/home/duy/cocarry_ws/build/trac_ik_lib': CMAKE_PREFIX_PATH=/home/duy/cocarry_ws/install/hrc_bringup:/home/duy/cocarry_ws/install/trac_ik:/home/duy/cocarry_ws/install/trac_ik_kinematics:/home/duy/cocarry_ws/install/trac_ik_lib:/home/duy/cocarry_ws/install/motoros2_client_interface_dependencies:/home/duy/cocarry_ws/install/hc10dtp_simulation:/home/duy/cocarry_ws/install/motoros2_interfaces:/home/duy/cocarry_ws/install/hc10dtp_bringup:/home/duy/cocarry_ws/install/hc10dtp_moveit_config:/home/duy/cocarry_ws/install/motoman_hc10dtp_support:/home/duy/cocarry_ws/install/motoman_gp4_support:/home/duy/cocarry_ws/install/motoman_resources:/home/duy/cocarry_ws/install/libfreenect2:/home/duy/cocarry_ws/install/kinect2_calibration:/home/duy/cocarry_ws/install/kinect2_bridge:/home/duy/cocarry_ws/install/kinect2_registration:/home/duy/cocarry_ws/install/industrial_msgs:/home/duy/cocarry_ws/install/trajectory_predictor:/home/duy/cocarry_ws/install/rula_tracker:/home/duy/cocarry_ws/install/realsense_tracker:/home/duy/cocarry_ws/install/predictor_ui:/home/duy/cocarry_ws/install/experiment_logger:/home/duy/cocarry_ws/install/coord_transform:/opt/ros/humble:/home/duy/cocarry_ws/install/human_hand_msgs /usr/bin/cmake --install /home/duy/cocarry_ws/build/trac_ik_lib
[22.417s] -- Install configuration: ""
[22.418s] -- Execute custom install script
[22.418s] -- Up-to-date symlink: /home/duy/cocarry_ws/install/trac_ik_lib/share/trac_ik_lib/environment/library_path.sh
[22.418s] -- Up-to-date symlink: /home/duy/cocarry_ws/install/trac_ik_lib/share/trac_ik_lib/environment/library_path.dsv
[22.418s] -- Up-to-date symlink: /home/duy/cocarry_ws/install/trac_ik_lib/include/trac_ik/dual_quaternion.h
[22.418s] -- Up-to-date symlink: /home/duy/cocarry_ws/install/trac_ik_lib/include/trac_ik/kdl_tl.hpp
[22.418s] -- Up-to-date symlink: /home/duy/cocarry_ws/install/trac_ik_lib/include/trac_ik/math3d.h
[22.418s] -- Up-to-date symlink: /home/duy/cocarry_ws/install/trac_ik_lib/include/trac_ik/nlopt_ik.hpp
[22.418s] -- Up-to-date symlink: /home/duy/cocarry_ws/install/trac_ik_lib/include/trac_ik/trac_ik.hpp
[22.419s] -- Up-to-date symlink: /home/duy/cocarry_ws/install/trac_ik_lib/include/trac_ik/visibility_control.hpp
[22.419s] -- Up-to-date symlink: /home/duy/cocarry_ws/install/trac_ik_lib/share/ament_index/resource_index/package_run_dependencies/trac_ik_lib
[22.419s] -- Up-to-date symlink: /home/duy/cocarry_ws/install/trac_ik_lib/share/ament_index/resource_index/parent_prefix_path/trac_ik_lib
[22.419s] -- Up-to-date symlink: /home/duy/cocarry_ws/install/trac_ik_lib/share/trac_ik_lib/environment/ament_prefix_path.sh
[22.419s] -- Up-to-date symlink: /home/duy/cocarry_ws/install/trac_ik_lib/share/trac_ik_lib/environment/ament_prefix_path.dsv
[22.419s] -- Up-to-date symlink: /home/duy/cocarry_ws/install/trac_ik_lib/share/trac_ik_lib/environment/path.sh
[22.419s] -- Up-to-date symlink: /home/duy/cocarry_ws/install/trac_ik_lib/share/trac_ik_lib/environment/path.dsv
[22.419s] -- Up-to-date symlink: /home/duy/cocarry_ws/install/trac_ik_lib/share/trac_ik_lib/local_setup.bash
[22.419s] -- Up-to-date symlink: /home/duy/cocarry_ws/install/trac_ik_lib/share/trac_ik_lib/local_setup.sh
[22.419s] -- Up-to-date symlink: /home/duy/cocarry_ws/install/trac_ik_lib/share/trac_ik_lib/local_setup.zsh
[22.419s] -- Up-to-date symlink: /home/duy/cocarry_ws/install/trac_ik_lib/share/trac_ik_lib/local_setup.dsv
[22.419s] -- Symlinking: /home/duy/cocarry_ws/install/trac_ik_lib/share/trac_ik_lib/package.dsv
[22.429s] -- Up-to-date symlink: /home/duy/cocarry_ws/install/trac_ik_lib/share/ament_index/resource_index/packages/trac_ik_lib
[22.430s] -- Up-to-date symlink: /home/duy/cocarry_ws/install/trac_ik_lib/share/trac_ik_lib/cmake/ament_cmake_export_targets-extras.cmake
[22.430s] -- Up-to-date symlink: /home/duy/cocarry_ws/install/trac_ik_lib/share/trac_ik_lib/cmake/ament_cmake_export_dependencies-extras.cmake
[22.430s] -- Up-to-date symlink: /home/duy/cocarry_ws/install/trac_ik_lib/share/trac_ik_lib/cmake/trac_ik_libConfig.cmake
[22.430s] -- Up-to-date symlink: /home/duy/cocarry_ws/install/trac_ik_lib/share/trac_ik_lib/cmake/trac_ik_libConfig-version.cmake
[22.430s] -- Up-to-date symlink: /home/duy/cocarry_ws/install/trac_ik_lib/share/trac_ik_lib/package.xml
[22.430s] -- Installing: /home/duy/cocarry_ws/install/trac_ik_lib/lib/libtrac_ik_lib.so
[22.434s] -- Set runtime path of "/home/duy/cocarry_ws/install/trac_ik_lib/lib/libtrac_ik_lib.so" to ""
[22.434s] -- Up-to-date: /home/duy/cocarry_ws/install/trac_ik_lib/share/trac_ik_lib/cmake/export_trac_ik_libExport.cmake
[22.434s] -- Up-to-date: /home/duy/cocarry_ws/install/trac_ik_lib/share/trac_ik_lib/cmake/export_trac_ik_libExport-noconfig.cmake
[22.437s] Invoked command in '/home/duy/cocarry_ws/build/trac_ik_lib' returned '0': CMAKE_PREFIX_PATH=/home/duy/cocarry_ws/install/hrc_bringup:/home/duy/cocarry_ws/install/trac_ik:/home/duy/cocarry_ws/install/trac_ik_kinematics:/home/duy/cocarry_ws/install/trac_ik_lib:/home/duy/cocarry_ws/install/motoros2_client_interface_dependencies:/home/duy/cocarry_ws/install/hc10dtp_simulation:/home/duy/cocarry_ws/install/motoros2_interfaces:/home/duy/cocarry_ws/install/hc10dtp_bringup:/home/duy/cocarry_ws/install/hc10dtp_moveit_config:/home/duy/cocarry_ws/install/motoman_hc10dtp_support:/home/duy/cocarry_ws/install/motoman_gp4_support:/home/duy/cocarry_ws/install/motoman_resources:/home/duy/cocarry_ws/install/libfreenect2:/home/duy/cocarry_ws/install/kinect2_calibration:/home/duy/cocarry_ws/install/kinect2_bridge:/home/duy/cocarry_ws/install/kinect2_registration:/home/duy/cocarry_ws/install/industrial_msgs:/home/duy/cocarry_ws/install/trajectory_predictor:/home/duy/cocarry_ws/install/rula_tracker:/home/duy/cocarry_ws/install/realsense_tracker:/home/duy/cocarry_ws/install/predictor_ui:/home/duy/cocarry_ws/install/experiment_logger:/home/duy/cocarry_ws/install/coord_transform:/opt/ros/humble:/home/duy/cocarry_ws/install/human_hand_msgs /usr/bin/cmake --install /home/duy/cocarry_ws/build/trac_ik_lib
