[0.000000] (-) TimerEvent: {}
[0.000060] (-) JobUnselected: {'identifier': 'coord_transform'}
[0.000079] (-) JobUnselected: {'identifier': 'hc10dtp_bringup'}
[0.000090] (-) JobUnselected: {'identifier': 'hc10dtp_moveit_config'}
[0.000100] (-) JobUnselected: {'identifier': 'hc10dtp_simulation'}
[0.000108] (-) JobUnselected: {'identifier': 'hrc_bringup'}
[0.000119] (-) JobUnselected: {'identifier': 'human_hand_msgs'}
[0.000128] (-) JobUnselected: {'identifier': 'industrial_msgs'}
[0.000136] (-) JobUnselected: {'identifier': 'kinect2_bridge'}
[0.000146] (-) JobUnselected: {'identifier': 'kinect2_calibration'}
[0.000155] (-) JobUnselected: {'identifier': 'kinect2_registration'}
[0.000164] (-) JobUnselected: {'identifier': 'libfreenect2'}
[0.000173] (-) JobUnselected: {'identifier': 'motoman_gp4_support'}
[0.000181] (-) JobUnselected: {'identifier': 'motoman_hc10dtp_support'}
[0.000190] (-) JobUnselected: {'identifier': 'motoman_resources'}
[0.000200] (-) JobUnselected: {'identifier': 'motoros2_client_interface_dependencies'}
[0.000209] (-) JobUnselected: {'identifier': 'motoros2_interfaces'}
[0.000218] (-) JobUnselected: {'identifier': 'realsense_tracker'}
[0.000227] (-) JobUnselected: {'identifier': 'rula_tracker'}
[0.000235] (-) JobUnselected: {'identifier': 'trac_ik'}
[0.000245] (-) JobUnselected: {'identifier': 'trac_ik_kinematics'}
[0.000253] (-) JobUnselected: {'identifier': 'trac_ik_lib'}
[0.000262] (-) JobUnselected: {'identifier': 'trajectory_predictor'}
[0.000273] (experiment_logger) JobQueued: {'identifier': 'experiment_logger', 'dependencies': OrderedDict([('human_hand_msgs', '/home/duy/cocarry_ws/install/human_hand_msgs')])}
[0.000288] (predictor_ui) JobQueued: {'identifier': 'predictor_ui', 'dependencies': OrderedDict([('human_hand_msgs', '/home/duy/cocarry_ws/install/human_hand_msgs')])}
[0.000746] (experiment_logger) JobStarted: {'identifier': 'experiment_logger'}
[0.008124] (predictor_ui) JobStarted: {'identifier': 'predictor_ui'}
[0.099707] (-) TimerEvent: {}
[0.199886] (-) TimerEvent: {}
[0.300093] (-) TimerEvent: {}
[0.400271] (-) TimerEvent: {}
[0.500524] (-) TimerEvent: {}
[0.600751] (-) TimerEvent: {}
[0.700942] (-) TimerEvent: {}
[0.796005] (experiment_logger) Command: {'cmd': ['/usr/bin/python3', '-W', 'ignore:setup.py install is deprecated', '-W', 'ignore:easy_install command is deprecated', 'setup.py', 'egg_info', '--egg-base', '../../build/experiment_logger', 'build', '--build-base', '/home/duy/cocarry_ws/build/experiment_logger/build', 'install', '--record', '/home/duy/cocarry_ws/build/experiment_logger/install.log', '--single-version-externally-managed', 'install_data'], 'cwd': '/home/duy/cocarry_ws/src/experiment_logger', 'env': {'USER': 'duy', 'ROS_PACKAGE_PATH': '/home/duy/cocarry_ws/install/human_hand_msgs/share', 'SHLVL': '0', 'LD_LIBRARY_PATH': '/home/duy/cocarry_ws/install/human_hand_msgs/lib:/usr/lib/x86_64-linux-gnu/gazebo-11/plugins:/opt/ros/humble/opt/rviz_ogre_vendor/lib:/opt/ros/humble/lib/x86_64-linux-gnu:/opt/ros/humble/lib', 'HOME': '/home/duy', 'OLDPWD': '/home/duy/cocarry_ws', 'ROS_PYTHON_VERSION': '3', 'ROS_DISTRO': 'humble', '_': '/usr/bin/colcon', 'ROS_VERSION': '2', 'PKG_CONFIG_PATH': '/home/duy/cocarry_ws/install/human_hand_msgs/lib/x86_64-linux-gnu/pkgconfig:/home/duy/cocarry_ws/install/human_hand_msgs/lib/pkgconfig', 'TERM': 'dumb', 'ROS_LOCALHOST_ONLY': '0', 'PATH': '/home/duy/.local/bin:/home/duy/.nvm/versions/node/v20.20.2/bin:/opt/ros/humble/bin:/home/duy/.local/bin:/usr/local/sbin:/usr/local/bin:/usr/sbin:/usr/bin:/sbin:/bin:/usr/games:/usr/local/games:/snap/bin:/snap/bin:/home/duy/libfreenect2/build/bin', 'LANG': 'en_US.UTF-8', 'TMP': '/tmp', 'AMENT_PREFIX_PATH': '/opt/ros/humble', 'SHELL': '/bin/bash', 'PWD': '/home/duy/cocarry_ws/build/experiment_logger', 'PYTHONPATH': '/home/duy/cocarry_ws/build/experiment_logger/prefix_override:/usr/lib/python3/dist-packages/colcon_core/task/python/colcon_distutils_commands:/home/duy/cocarry_ws/install/experiment_logger/lib/python3.10/site-packages:/home/duy/cocarry_ws/install/human_hand_msgs/local/lib/python3.10/dist-packages:/opt/ros/humble/lib/python3.10/site-packages:/opt/ros/humble/local/lib/python3.10/dist-packages', 'COLCON': '1', 'CMAKE_PREFIX_PATH': '/home/duy/cocarry_ws/install/human_hand_msgs'}, 'shell': False}
[0.798077] (predictor_ui) Command: {'cmd': ['/usr/bin/python3', '-W', 'ignore:setup.py install is deprecated', '-W', 'ignore:easy_install command is deprecated', 'setup.py', 'egg_info', '--egg-base', '../../build/predictor_ui', 'build', '--build-base', '/home/duy/cocarry_ws/build/predictor_ui/build', 'install', '--record', '/home/duy/cocarry_ws/build/predictor_ui/install.log', '--single-version-externally-managed', 'install_data'], 'cwd': '/home/duy/cocarry_ws/src/predictor_ui', 'env': {'USER': 'duy', 'ROS_PACKAGE_PATH': '/home/duy/cocarry_ws/install/human_hand_msgs/share', 'SHLVL': '0', 'LD_LIBRARY_PATH': '/home/duy/cocarry_ws/install/human_hand_msgs/lib:/usr/lib/x86_64-linux-gnu/gazebo-11/plugins:/opt/ros/humble/opt/rviz_ogre_vendor/lib:/opt/ros/humble/lib/x86_64-linux-gnu:/opt/ros/humble/lib', 'HOME': '/home/duy', 'OLDPWD': '/home/duy/cocarry_ws', 'ROS_PYTHON_VERSION': '3', 'ROS_DISTRO': 'humble', '_': '/usr/bin/colcon', 'ROS_VERSION': '2', 'PKG_CONFIG_PATH': '/home/duy/cocarry_ws/install/human_hand_msgs/lib/x86_64-linux-gnu/pkgconfig:/home/duy/cocarry_ws/install/human_hand_msgs/lib/pkgconfig', 'TERM': 'dumb', 'ROS_LOCALHOST_ONLY': '0', 'PATH': '/home/duy/.local/bin:/home/duy/.nvm/versions/node/v20.20.2/bin:/opt/ros/humble/bin:/home/duy/.local/bin:/usr/local/sbin:/usr/local/bin:/usr/sbin:/usr/bin:/sbin:/bin:/usr/games:/usr/local/games:/snap/bin:/snap/bin:/home/duy/libfreenect2/build/bin', 'LANG': 'en_US.UTF-8', 'TMP': '/tmp', 'AMENT_PREFIX_PATH': '/opt/ros/humble', 'SHELL': '/bin/bash', 'PWD': '/home/duy/cocarry_ws/build/predictor_ui', 'PYTHONPATH': '/home/duy/cocarry_ws/build/predictor_ui/prefix_override:/usr/lib/python3/dist-packages/colcon_core/task/python/colcon_distutils_commands:/home/duy/cocarry_ws/install/predictor_ui/lib/python3.10/site-packages:/home/duy/cocarry_ws/install/human_hand_msgs/local/lib/python3.10/dist-packages:/opt/ros/humble/lib/python3.10/site-packages:/opt/ros/humble/local/lib/python3.10/dist-packages', 'COLCON': '1', 'CMAKE_PREFIX_PATH': '/home/duy/cocarry_ws/install/human_hand_msgs'}, 'shell': False}
[0.801004] (-) TimerEvent: {}
[0.901178] (-) TimerEvent: {}
[0.976978] (experiment_logger) StdoutLine: {'line': b'running egg_info\n'}
[0.977341] (experiment_logger) StdoutLine: {'line': b'writing ../../build/experiment_logger/experiment_logger.egg-info/PKG-INFO\n'}
[0.977624] (experiment_logger) StdoutLine: {'line': b'writing dependency_links to ../../build/experiment_logger/experiment_logger.egg-info/dependency_links.txt\n'}
[0.977729] (experiment_logger) StdoutLine: {'line': b'writing entry points to ../../build/experiment_logger/experiment_logger.egg-info/entry_points.txt\n'}
[0.977810] (experiment_logger) StdoutLine: {'line': b'writing requirements to ../../build/experiment_logger/experiment_logger.egg-info/requires.txt\n'}
[0.977886] (experiment_logger) StdoutLine: {'line': b'writing top-level names to ../../build/experiment_logger/experiment_logger.egg-info/top_level.txt\n'}
[0.978843] (experiment_logger) StdoutLine: {'line': b"reading manifest file '../../build/experiment_logger/experiment_logger.egg-info/SOURCES.txt'\n"}
[0.980219] (experiment_logger) StdoutLine: {'line': b"writing manifest file '../../build/experiment_logger/experiment_logger.egg-info/SOURCES.txt'\n"}
[0.980426] (experiment_logger) StdoutLine: {'line': b'running build\n'}
[0.980538] (experiment_logger) StdoutLine: {'line': b'running build_py\n'}
[0.980643] (experiment_logger) StdoutLine: {'line': b'copying experiment_logger/logger_node.py -> /home/duy/cocarry_ws/build/experiment_logger/build/lib/experiment_logger\n'}
[0.981050] (predictor_ui) StdoutLine: {'line': b'running egg_info\n'}
[0.981262] (experiment_logger) StdoutLine: {'line': b'running install\n'}
[0.981409] (experiment_logger) StdoutLine: {'line': b'running install_lib\n'}
[0.981488] (predictor_ui) StdoutLine: {'line': b'writing ../../build/predictor_ui/predictor_ui.egg-info/PKG-INFO\n'}
[0.981569] (predictor_ui) StdoutLine: {'line': b'writing dependency_links to ../../build/predictor_ui/predictor_ui.egg-info/dependency_links.txt\n'}
[0.981658] (predictor_ui) StdoutLine: {'line': b'writing entry points to ../../build/predictor_ui/predictor_ui.egg-info/entry_points.txt\n'}
[0.981732] (predictor_ui) StdoutLine: {'line': b'writing requirements to ../../build/predictor_ui/predictor_ui.egg-info/requires.txt\n'}
[0.981804] (predictor_ui) StdoutLine: {'line': b'writing top-level names to ../../build/predictor_ui/predictor_ui.egg-info/top_level.txt\n'}
[0.981914] (experiment_logger) StdoutLine: {'line': b'copying /home/duy/cocarry_ws/build/experiment_logger/build/lib/experiment_logger/logger_node.py -> /home/duy/cocarry_ws/install/experiment_logger/lib/python3.10/site-packages/experiment_logger\n'}
[0.981992] (experiment_logger) StdoutLine: {'line': b'byte-compiling /home/duy/cocarry_ws/install/experiment_logger/lib/python3.10/site-packages/experiment_logger/logger_node.py to logger_node.cpython-310.pyc\n'}
[0.982559] (predictor_ui) StdoutLine: {'line': b"reading manifest file '../../build/predictor_ui/predictor_ui.egg-info/SOURCES.txt'\n"}
[0.983845] (predictor_ui) StdoutLine: {'line': b"writing manifest file '../../build/predictor_ui/predictor_ui.egg-info/SOURCES.txt'\n"}
[0.983935] (predictor_ui) StdoutLine: {'line': b'running build\n'}
[0.984107] (predictor_ui) StdoutLine: {'line': b'running build_py\n'}
[0.984180] (predictor_ui) StdoutLine: {'line': b'copying predictor_ui/ui_node.py -> /home/duy/cocarry_ws/build/predictor_ui/build/lib/predictor_ui\n'}
[0.984409] (predictor_ui) StdoutLine: {'line': b'running install\n'}
[0.984991] (predictor_ui) StdoutLine: {'line': b'running install_lib\n'}
[0.985079] (experiment_logger) StdoutLine: {'line': b'running install_data\n'}
[0.985163] (experiment_logger) StdoutLine: {'line': b'running install_egg_info\n'}
[0.985646] (predictor_ui) StdoutLine: {'line': b'copying /home/duy/cocarry_ws/build/predictor_ui/build/lib/predictor_ui/ui_node.py -> /home/duy/cocarry_ws/install/predictor_ui/lib/python3.10/site-packages/predictor_ui\n'}
[0.986297] (experiment_logger) StdoutLine: {'line': b"removing '/home/duy/cocarry_ws/install/experiment_logger/lib/python3.10/site-packages/experiment_logger-0.1.0-py3.10.egg-info' (and everything under it)\n"}
[0.986622] (predictor_ui) StdoutLine: {'line': b'byte-compiling /home/duy/cocarry_ws/install/predictor_ui/lib/python3.10/site-packages/predictor_ui/ui_node.py to ui_node.cpython-310.pyc\n'}
[0.986716] (experiment_logger) StdoutLine: {'line': b'Copying ../../build/experiment_logger/experiment_logger.egg-info to /home/duy/cocarry_ws/install/experiment_logger/lib/python3.10/site-packages/experiment_logger-0.1.0-py3.10.egg-info\n'}
[0.987301] (experiment_logger) StdoutLine: {'line': b'running install_scripts\n'}
[0.992661] (predictor_ui) StdoutLine: {'line': b'running install_data\n'}
[0.992759] (predictor_ui) StdoutLine: {'line': b'running install_egg_info\n'}
[0.994402] (predictor_ui) StdoutLine: {'line': b"removing '/home/duy/cocarry_ws/install/predictor_ui/lib/python3.10/site-packages/predictor_ui-0.1.0-py3.10.egg-info' (and everything under it)\n"}
[0.994752] (predictor_ui) StdoutLine: {'line': b'Copying ../../build/predictor_ui/predictor_ui.egg-info to /home/duy/cocarry_ws/install/predictor_ui/lib/python3.10/site-packages/predictor_ui-0.1.0-py3.10.egg-info\n'}
[0.995811] (predictor_ui) StdoutLine: {'line': b'running install_scripts\n'}
[1.001272] (-) TimerEvent: {}
[1.001690] (experiment_logger) StdoutLine: {'line': b'Installing analyze_latency script to /home/duy/cocarry_ws/install/experiment_logger/lib/experiment_logger\n'}
[1.001876] (experiment_logger) StdoutLine: {'line': b'Installing logger_node script to /home/duy/cocarry_ws/install/experiment_logger/lib/experiment_logger\n'}
[1.001986] (experiment_logger) StdoutLine: {'line': b"writing list of installed files to '/home/duy/cocarry_ws/build/experiment_logger/install.log'\n"}
[1.011256] (predictor_ui) StdoutLine: {'line': b'Installing ui_node script to /home/duy/cocarry_ws/install/predictor_ui/lib/predictor_ui\n'}
[1.011477] (predictor_ui) StdoutLine: {'line': b"writing list of installed files to '/home/duy/cocarry_ws/build/predictor_ui/install.log'\n"}
[1.023084] (experiment_logger) CommandEnded: {'returncode': 0}
[1.031936] (experiment_logger) JobEnded: {'identifier': 'experiment_logger', 'rc': 0}
[1.033933] (predictor_ui) CommandEnded: {'returncode': 0}
[1.037675] (predictor_ui) JobEnded: {'identifier': 'predictor_ui', 'rc': 0}
[1.038089] (-) EventReactorShutdown: {}
