[0.790s] Invoking command in '/home/duy/cocarry_ws/src/predictor_ui': CMAKE_PREFIX_PATH=/home/duy/cocarry_ws/install/human_hand_msgs LD_LIBRARY_PATH=/home/duy/cocarry_ws/install/human_hand_msgs/lib:${LD_LIBRARY_PATH} PKG_CONFIG_PATH=/home/duy/cocarry_ws/install/human_hand_msgs/lib/x86_64-linux-gnu/pkgconfig:/home/duy/cocarry_ws/install/human_hand_msgs/lib/pkgconfig PYTHONPATH=/home/duy/cocarry_ws/build/predictor_ui/prefix_override:/usr/lib/python3/dist-packages/colcon_core/task/python/colcon_distutils_commands:/home/duy/cocarry_ws/install/predictor_ui/lib/python3.10/site-packages:/home/duy/cocarry_ws/install/human_hand_msgs/local/lib/python3.10/dist-packages:${PYTHONPATH} ROS_PACKAGE_PATH=/home/duy/cocarry_ws/install/human_hand_msgs/share /usr/bin/python3 -W ignore:setup.py install is deprecated -W ignore:easy_install command is deprecated setup.py egg_info --egg-base ../../build/predictor_ui build --build-base /home/duy/cocarry_ws/build/predictor_ui/build install --record /home/duy/cocarry_ws/build/predictor_ui/install.log --single-version-externally-managed install_data
[0.973s] running egg_info
[0.973s] writing ../../build/predictor_ui/predictor_ui.egg-info/PKG-INFO
[0.973s] writing dependency_links to ../../build/predictor_ui/predictor_ui.egg-info/dependency_links.txt
[0.973s] writing entry points to ../../build/predictor_ui/predictor_ui.egg-info/entry_points.txt
[0.973s] writing requirements to ../../build/predictor_ui/predictor_ui.egg-info/requires.txt
[0.974s] writing top-level names to ../../build/predictor_ui/predictor_ui.egg-info/top_level.txt
[0.974s] reading manifest file '../../build/predictor_ui/predictor_ui.egg-info/SOURCES.txt'
[0.976s] writing manifest file '../../build/predictor_ui/predictor_ui.egg-info/SOURCES.txt'
[0.976s] running build
[0.976s] running build_py
[0.976s] copying predictor_ui/ui_node.py -> /home/duy/cocarry_ws/build/predictor_ui/build/lib/predictor_ui
[0.976s] running install
[0.977s] running install_lib
[0.977s] copying /home/duy/cocarry_ws/build/predictor_ui/build/lib/predictor_ui/ui_node.py -> /home/duy/cocarry_ws/install/predictor_ui/lib/python3.10/site-packages/predictor_ui
[0.978s] byte-compiling /home/duy/cocarry_ws/install/predictor_ui/lib/python3.10/site-packages/predictor_ui/ui_node.py to ui_node.cpython-310.pyc
[0.984s] running install_data
[0.984s] running install_egg_info
[0.986s] removing '/home/duy/cocarry_ws/install/predictor_ui/lib/python3.10/site-packages/predictor_ui-0.1.0-py3.10.egg-info' (and everything under it)
[0.986s] Copying ../../build/predictor_ui/predictor_ui.egg-info to /home/duy/cocarry_ws/install/predictor_ui/lib/python3.10/site-packages/predictor_ui-0.1.0-py3.10.egg-info
[0.987s] running install_scripts
[1.003s] Installing ui_node script to /home/duy/cocarry_ws/install/predictor_ui/lib/predictor_ui
[1.003s] writing list of installed files to '/home/duy/cocarry_ws/build/predictor_ui/install.log'
[1.026s] Invoked command in '/home/duy/cocarry_ws/src/predictor_ui' returned '0': CMAKE_PREFIX_PATH=/home/duy/cocarry_ws/install/human_hand_msgs LD_LIBRARY_PATH=/home/duy/cocarry_ws/install/human_hand_msgs/lib:${LD_LIBRARY_PATH} PKG_CONFIG_PATH=/home/duy/cocarry_ws/install/human_hand_msgs/lib/x86_64-linux-gnu/pkgconfig:/home/duy/cocarry_ws/install/human_hand_msgs/lib/pkgconfig PYTHONPATH=/home/duy/cocarry_ws/build/predictor_ui/prefix_override:/usr/lib/python3/dist-packages/colcon_core/task/python/colcon_distutils_commands:/home/duy/cocarry_ws/install/predictor_ui/lib/python3.10/site-packages:/home/duy/cocarry_ws/install/human_hand_msgs/local/lib/python3.10/dist-packages:${PYTHONPATH} ROS_PACKAGE_PATH=/home/duy/cocarry_ws/install/human_hand_msgs/share /usr/bin/python3 -W ignore:setup.py install is deprecated -W ignore:easy_install command is deprecated setup.py egg_info --egg-base ../../build/predictor_ui build --build-base /home/duy/cocarry_ws/build/predictor_ui/build install --record /home/duy/cocarry_ws/build/predictor_ui/install.log --single-version-externally-managed install_data
