[0.797s] Invoking command in '/home/duy/cocarry_ws/src/experiment_logger': CMAKE_PREFIX_PATH=/home/duy/cocarry_ws/install/human_hand_msgs LD_LIBRARY_PATH=/home/duy/cocarry_ws/install/human_hand_msgs/lib:${LD_LIBRARY_PATH} PKG_CONFIG_PATH=/home/duy/cocarry_ws/install/human_hand_msgs/lib/x86_64-linux-gnu/pkgconfig:/home/duy/cocarry_ws/install/human_hand_msgs/lib/pkgconfig PYTHONPATH=/home/duy/cocarry_ws/build/experiment_logger/prefix_override:/usr/lib/python3/dist-packages/colcon_core/task/python/colcon_distutils_commands:/home/duy/cocarry_ws/install/experiment_logger/lib/python3.10/site-packages:/home/duy/cocarry_ws/install/human_hand_msgs/local/lib/python3.10/dist-packages:${PYTHONPATH} ROS_PACKAGE_PATH=/home/duy/cocarry_ws/install/human_hand_msgs/share /usr/bin/python3 -W ignore:setup.py install is deprecated -W ignore:easy_install command is deprecated setup.py egg_info --egg-base ../../build/experiment_logger build --build-base /home/duy/cocarry_ws/build/experiment_logger/build install --record /home/duy/cocarry_ws/build/experiment_logger/install.log --single-version-externally-managed install_data
[0.976s] running egg_info
[0.977s] writing ../../build/experiment_logger/experiment_logger.egg-info/PKG-INFO
[0.977s] writing dependency_links to ../../build/experiment_logger/experiment_logger.egg-info/dependency_links.txt
[0.977s] writing entry points to ../../build/experiment_logger/experiment_logger.egg-info/entry_points.txt
[0.977s] writing requirements to ../../build/experiment_logger/experiment_logger.egg-info/requires.txt
[0.977s] writing top-level names to ../../build/experiment_logger/experiment_logger.egg-info/top_level.txt
[0.978s] reading manifest file '../../build/experiment_logger/experiment_logger.egg-info/SOURCES.txt'
[0.979s] writing manifest file '../../build/experiment_logger/experiment_logger.egg-info/SOURCES.txt'
[0.980s] running build
[0.980s] running build_py
[0.980s] copying experiment_logger/logger_node.py -> /home/duy/cocarry_ws/build/experiment_logger/build/lib/experiment_logger
[0.980s] running install
[0.981s] running install_lib
[0.981s] copying /home/duy/cocarry_ws/build/experiment_logger/build/lib/experiment_logger/logger_node.py -> /home/duy/cocarry_ws/install/experiment_logger/lib/python3.10/site-packages/experiment_logger
[0.981s] byte-compiling /home/duy/cocarry_ws/install/experiment_logger/lib/python3.10/site-packages/experiment_logger/logger_node.py to logger_node.cpython-310.pyc
[0.984s] running install_data
[0.984s] running install_egg_info
[0.986s] removing '/home/duy/cocarry_ws/install/experiment_logger/lib/python3.10/site-packages/experiment_logger-0.1.0-py3.10.egg-info' (and everything under it)
[0.986s] Copying ../../build/experiment_logger/experiment_logger.egg-info to /home/duy/cocarry_ws/install/experiment_logger/lib/python3.10/site-packages/experiment_logger-0.1.0-py3.10.egg-info
[0.986s] running install_scripts
[1.001s] Installing analyze_latency script to /home/duy/cocarry_ws/install/experiment_logger/lib/experiment_logger
[1.001s] Installing logger_node script to /home/duy/cocarry_ws/install/experiment_logger/lib/experiment_logger
[1.001s] writing list of installed files to '/home/duy/cocarry_ws/build/experiment_logger/install.log'
[1.022s] Invoked command in '/home/duy/cocarry_ws/src/experiment_logger' returned '0': CMAKE_PREFIX_PATH=/home/duy/cocarry_ws/install/human_hand_msgs LD_LIBRARY_PATH=/home/duy/cocarry_ws/install/human_hand_msgs/lib:${LD_LIBRARY_PATH} PKG_CONFIG_PATH=/home/duy/cocarry_ws/install/human_hand_msgs/lib/x86_64-linux-gnu/pkgconfig:/home/duy/cocarry_ws/install/human_hand_msgs/lib/pkgconfig PYTHONPATH=/home/duy/cocarry_ws/build/experiment_logger/prefix_override:/usr/lib/python3/dist-packages/colcon_core/task/python/colcon_distutils_commands:/home/duy/cocarry_ws/install/experiment_logger/lib/python3.10/site-packages:/home/duy/cocarry_ws/install/human_hand_msgs/local/lib/python3.10/dist-packages:${PYTHONPATH} ROS_PACKAGE_PATH=/home/duy/cocarry_ws/install/human_hand_msgs/share /usr/bin/python3 -W ignore:setup.py install is deprecated -W ignore:easy_install command is deprecated setup.py egg_info --egg-base ../../build/experiment_logger build --build-base /home/duy/cocarry_ws/build/experiment_logger/build install --record /home/duy/cocarry_ws/build/experiment_logger/install.log --single-version-externally-managed install_data
