[4.727s] Invoking command in '/home/duy/cocarry_ws/src/rula_tracker': PYTHONPATH=/home/duy/cocarry_ws/build/rula_tracker/prefix_override:/usr/lib/python3/dist-packages/colcon_core/task/python/colcon_distutils_commands:/home/duy/cocarry_ws/install/rula_tracker/lib/python3.10/site-packages:${PYTHONPATH} /usr/bin/python3 -W ignore:setup.py install is deprecated -W ignore:easy_install command is deprecated setup.py egg_info --egg-base ../../build/rula_tracker build --build-base /home/duy/cocarry_ws/build/rula_tracker/build install --record /home/duy/cocarry_ws/build/rula_tracker/install.log --single-version-externally-managed install_data
[6.560s] running egg_info
[6.560s] writing ../../build/rula_tracker/rula_tracker.egg-info/PKG-INFO
[6.563s] writing dependency_links to ../../build/rula_tracker/rula_tracker.egg-info/dependency_links.txt
[6.565s] writing entry points to ../../build/rula_tracker/rula_tracker.egg-info/entry_points.txt
[6.565s] writing requirements to ../../build/rula_tracker/rula_tracker.egg-info/requires.txt
[6.569s] writing top-level names to ../../build/rula_tracker/rula_tracker.egg-info/top_level.txt
[6.578s] reading manifest file '../../build/rula_tracker/rula_tracker.egg-info/SOURCES.txt'
[6.584s] writing manifest file '../../build/rula_tracker/rula_tracker.egg-info/SOURCES.txt'
[6.584s] running build
[6.584s] running build_py
[6.587s] copying rula_tracker/rula_tracker_node.py -> /home/duy/cocarry_ws/build/rula_tracker/build/lib/rula_tracker
[6.590s] running install
[6.593s] running install_lib
[6.597s] copying /home/duy/cocarry_ws/build/rula_tracker/build/lib/rula_tracker/rula_tracker_node.py -> /home/duy/cocarry_ws/install/rula_tracker/lib/python3.10/site-packages/rula_tracker
[6.602s] byte-compiling /home/duy/cocarry_ws/install/rula_tracker/lib/python3.10/site-packages/rula_tracker/rula_tracker_node.py to rula_tracker_node.cpython-310.pyc
[6.619s] running install_data
[6.619s] running install_egg_info
[6.626s] removing '/home/duy/cocarry_ws/install/rula_tracker/lib/python3.10/site-packages/rula_tracker-0.0.0-py3.10.egg-info' (and everything under it)
[6.629s] Copying ../../build/rula_tracker/rula_tracker.egg-info to /home/duy/cocarry_ws/install/rula_tracker/lib/python3.10/site-packages/rula_tracker-0.0.0-py3.10.egg-info
[6.640s] running install_scripts
[6.763s] Installing rula_tracker_node script to /home/duy/cocarry_ws/install/rula_tracker/lib/rula_tracker
[6.764s] writing list of installed files to '/home/duy/cocarry_ws/build/rula_tracker/install.log'
[7.039s] Invoked command in '/home/duy/cocarry_ws/src/rula_tracker' returned '0': PYTHONPATH=/home/duy/cocarry_ws/build/rula_tracker/prefix_override:/usr/lib/python3/dist-packages/colcon_core/task/python/colcon_distutils_commands:/home/duy/cocarry_ws/install/rula_tracker/lib/python3.10/site-packages:${PYTHONPATH} /usr/bin/python3 -W ignore:setup.py install is deprecated -W ignore:easy_install command is deprecated setup.py egg_info --egg-base ../../build/rula_tracker build --build-base /home/duy/cocarry_ws/build/rula_tracker/build install --record /home/duy/cocarry_ws/build/rula_tracker/install.log --single-version-externally-managed install_data
