[0.000000] (-) TimerEvent: {}
[0.000192] (-) JobUnselected: {'identifier': 'coord_transform'}
[0.000386] (-) JobUnselected: {'identifier': 'experiment_logger'}
[0.000401] (-) JobUnselected: {'identifier': 'hc10dtp_moveit_config'}
[0.000413] (-) JobUnselected: {'identifier': 'hc10dtp_simulation'}
[0.000423] (-) JobUnselected: {'identifier': 'hrc_bringup'}
[0.000436] (-) JobUnselected: {'identifier': 'human_hand_msgs'}
[0.000446] (-) JobUnselected: {'identifier': 'industrial_msgs'}
[0.000456] (-) JobUnselected: {'identifier': 'kinect2_bridge'}
[0.000467] (-) JobUnselected: {'identifier': 'kinect2_calibration'}
[0.000477] (-) JobUnselected: {'identifier': 'kinect2_registration'}
[0.000488] (-) JobUnselected: {'identifier': 'libfreenect2'}
[0.000498] (-) JobUnselected: {'identifier': 'motoman_gp4_support'}
[0.000508] (-) JobUnselected: {'identifier': 'motoman_hc10dtp_support'}
[0.000519] (-) JobUnselected: {'identifier': 'motoman_resources'}
[0.000530] (-) JobUnselected: {'identifier': 'motoros2_client_interface_dependencies'}
[0.000540] (-) JobUnselected: {'identifier': 'motoros2_interfaces'}
[0.000550] (-) JobUnselected: {'identifier': 'predictor_ui'}
[0.000561] (-) JobUnselected: {'identifier': 'realsense_tracker'}
[0.000571] (-) JobUnselected: {'identifier': 'rula_tracker'}
[0.000583] (-) JobUnselected: {'identifier': 'trac_ik'}
[0.000594] (-) JobUnselected: {'identifier': 'trac_ik_kinematics'}
[0.000604] (-) JobUnselected: {'identifier': 'trac_ik_lib'}
[0.000615] (-) JobUnselected: {'identifier': 'trajectory_predictor'}
[0.000629] (hc10dtp_bringup) JobQueued: {'identifier': 'hc10dtp_bringup', 'dependencies': OrderedDict([('motoman_resources', '/home/duy/cocarry_ws/install/motoman_resources'), ('motoman_hc10dtp_support', '/home/duy/cocarry_ws/install/motoman_hc10dtp_support'), ('hc10dtp_moveit_config', '/home/duy/cocarry_ws/install/hc10dtp_moveit_config')])}
[0.000653] (hc10dtp_bringup) JobStarted: {'identifier': 'hc10dtp_bringup'}
[0.010382] (hc10dtp_bringup) JobProgress: {'identifier': 'hc10dtp_bringup', 'progress': 'cmake'}
[0.011509] (hc10dtp_bringup) JobProgress: {'identifier': 'hc10dtp_bringup', 'progress': 'build'}
[0.012520] (hc10dtp_bringup) Command: {'cmd': ['/usr/bin/cmake', '--build', '/home/duy/cocarry_ws/build/hc10dtp_bringup', '--', '-j16', '-l16'], 'cwd': '/home/duy/cocarry_ws/build/hc10dtp_bringup', 'env': OrderedDict([('USER', 'duy'), ('SHLVL', '0'), ('HOME', '/home/duy'), ('OLDPWD', '/home/duy/cocarry_ws'), ('_', '/usr/bin/colcon'), ('TERM', 'dumb'), ('PATH', '/home/duy/.local/bin:/home/duy/.nvm/versions/node/v20.20.2/bin:/opt/ros/humble/bin:/home/duy/.local/bin:/usr/local/sbin:/usr/local/bin:/usr/sbin:/usr/bin:/sbin:/bin:/usr/games:/usr/local/games:/snap/bin:/snap/bin:/home/duy/libfreenect2/build/bin'), ('LANG', 'en_US.UTF-8'), ('TMP', '/tmp'), ('AMENT_PREFIX_PATH', '/home/duy/cocarry_ws/install/hc10dtp_moveit_config:/home/duy/cocarry_ws/install/motoman_hc10dtp_support:/home/duy/cocarry_ws/install/motoman_resources'), ('SHELL', '/bin/bash'), ('PWD', '/home/duy/cocarry_ws/build/hc10dtp_bringup'), ('COLCON', '1'), ('CMAKE_PREFIX_PATH', '/home/duy/cocarry_ws/install/hc10dtp_moveit_config:/home/duy/cocarry_ws/install/motoman_hc10dtp_support:/home/duy/cocarry_ws/install/motoman_resources')]), 'shell': False}
[0.057068] (hc10dtp_bringup) CommandEnded: {'returncode': 0}
[0.058035] (hc10dtp_bringup) JobProgress: {'identifier': 'hc10dtp_bringup', 'progress': 'install'}
[0.067652] (hc10dtp_bringup) Command: {'cmd': ['/usr/bin/cmake', '--install', '/home/duy/cocarry_ws/build/hc10dtp_bringup'], 'cwd': '/home/duy/cocarry_ws/build/hc10dtp_bringup', 'env': OrderedDict([('USER', 'duy'), ('SHLVL', '0'), ('HOME', '/home/duy'), ('OLDPWD', '/home/duy/cocarry_ws'), ('_', '/usr/bin/colcon'), ('TERM', 'dumb'), ('PATH', '/home/duy/.local/bin:/home/duy/.nvm/versions/node/v20.20.2/bin:/opt/ros/humble/bin:/home/duy/.local/bin:/usr/local/sbin:/usr/local/bin:/usr/sbin:/usr/bin:/sbin:/bin:/usr/games:/usr/local/games:/snap/bin:/snap/bin:/home/duy/libfreenect2/build/bin'), ('LANG', 'en_US.UTF-8'), ('TMP', '/tmp'), ('AMENT_PREFIX_PATH', '/home/duy/cocarry_ws/install/hc10dtp_moveit_config:/home/duy/cocarry_ws/install/motoman_hc10dtp_support:/home/duy/cocarry_ws/install/motoman_resources'), ('SHELL', '/bin/bash'), ('PWD', '/home/duy/cocarry_ws/build/hc10dtp_bringup'), ('COLCON', '1'), ('CMAKE_PREFIX_PATH', '/home/duy/cocarry_ws/install/hc10dtp_moveit_config:/home/duy/cocarry_ws/install/motoman_hc10dtp_support:/home/duy/cocarry_ws/install/motoman_resources')]), 'shell': False}
[0.078608] (hc10dtp_bringup) StdoutLine: {'line': b'-- Install configuration: ""\n'}
[0.079105] (hc10dtp_bringup) StdoutLine: {'line': b'-- Execute custom install script\n'}
[0.079931] (hc10dtp_bringup) StdoutLine: {'line': b'-- Up-to-date symlink: /home/duy/cocarry_ws/install/hc10dtp_bringup/lib/hc10dtp_bringup/cartesian_streamer_hc10dtp.py\n'}
[0.081496] (hc10dtp_bringup) StdoutLine: {'line': b'-- Up-to-date symlink: /home/duy/cocarry_ws/install/hc10dtp_bringup/lib/hc10dtp_bringup/restamp_joint_states.py\n'}
[0.082291] (hc10dtp_bringup) StdoutLine: {'line': b'-- Up-to-date symlink: /home/duy/cocarry_ws/install/hc10dtp_bringup/lib/hc10dtp_bringup/go_home.py\n'}
[0.082917] (hc10dtp_bringup) StdoutLine: {'line': b'-- Up-to-date symlink: /home/duy/cocarry_ws/install/hc10dtp_bringup/lib/hc10dtp_bringup/capture_home.py\n'}
[0.083045] (hc10dtp_bringup) StdoutLine: {'line': b'-- Up-to-date symlink: /home/duy/cocarry_ws/install/hc10dtp_bringup/lib/hc10dtp_bringup/test_queue_diagnostic.py\n'}
[0.083125] (hc10dtp_bringup) StdoutLine: {'line': b'-- Up-to-date symlink: /home/duy/cocarry_ws/install/hc10dtp_bringup/share/ament_index/resource_index/package_run_dependencies/hc10dtp_bringup\n'}
[0.083209] (hc10dtp_bringup) StdoutLine: {'line': b'-- Up-to-date symlink: /home/duy/cocarry_ws/install/hc10dtp_bringup/share/ament_index/resource_index/parent_prefix_path/hc10dtp_bringup\n'}
[0.083280] (hc10dtp_bringup) StdoutLine: {'line': b'-- Up-to-date symlink: /home/duy/cocarry_ws/install/hc10dtp_bringup/share/hc10dtp_bringup/environment/ament_prefix_path.sh\n'}
[0.083337] (hc10dtp_bringup) StdoutLine: {'line': b'-- Up-to-date symlink: /home/duy/cocarry_ws/install/hc10dtp_bringup/share/hc10dtp_bringup/environment/ament_prefix_path.dsv\n'}
[0.083393] (hc10dtp_bringup) StdoutLine: {'line': b'-- Up-to-date symlink: /home/duy/cocarry_ws/install/hc10dtp_bringup/share/hc10dtp_bringup/environment/path.sh\n'}
[0.083441] (hc10dtp_bringup) StdoutLine: {'line': b'-- Up-to-date symlink: /home/duy/cocarry_ws/install/hc10dtp_bringup/share/hc10dtp_bringup/environment/path.dsv\n'}
[0.083490] (hc10dtp_bringup) StdoutLine: {'line': b'-- Up-to-date symlink: /home/duy/cocarry_ws/install/hc10dtp_bringup/share/hc10dtp_bringup/local_setup.bash\n'}
[0.083552] (hc10dtp_bringup) StdoutLine: {'line': b'-- Up-to-date symlink: /home/duy/cocarry_ws/install/hc10dtp_bringup/share/hc10dtp_bringup/local_setup.sh\n'}
[0.083607] (hc10dtp_bringup) StdoutLine: {'line': b'-- Up-to-date symlink: /home/duy/cocarry_ws/install/hc10dtp_bringup/share/hc10dtp_bringup/local_setup.zsh\n'}
[0.083829] (hc10dtp_bringup) StdoutLine: {'line': b'-- Up-to-date symlink: /home/duy/cocarry_ws/install/hc10dtp_bringup/share/hc10dtp_bringup/local_setup.dsv\n'}
[0.084040] (hc10dtp_bringup) StdoutLine: {'line': b'-- Symlinking: /home/duy/cocarry_ws/install/hc10dtp_bringup/share/hc10dtp_bringup/package.dsv\n'}
[0.095831] (hc10dtp_bringup) StdoutLine: {'line': b'-- Up-to-date symlink: /home/duy/cocarry_ws/install/hc10dtp_bringup/share/ament_index/resource_index/packages/hc10dtp_bringup\n'}
[0.096167] (hc10dtp_bringup) StdoutLine: {'line': b'-- Up-to-date symlink: /home/duy/cocarry_ws/install/hc10dtp_bringup/share/hc10dtp_bringup/cmake/hc10dtp_bringupConfig.cmake\n'}
[0.096352] (hc10dtp_bringup) StdoutLine: {'line': b'-- Up-to-date symlink: /home/duy/cocarry_ws/install/hc10dtp_bringup/share/hc10dtp_bringup/cmake/hc10dtp_bringupConfig-version.cmake\n'}
[0.096446] (hc10dtp_bringup) StdoutLine: {'line': b'-- Up-to-date symlink: /home/duy/cocarry_ws/install/hc10dtp_bringup/share/hc10dtp_bringup/package.xml\n'}
[0.098104] (hc10dtp_bringup) CommandEnded: {'returncode': 0}
[0.099832] (-) TimerEvent: {}
[0.118912] (hc10dtp_bringup) JobEnded: {'identifier': 'hc10dtp_bringup', 'rc': 0}
[0.119659] (-) EventReactorShutdown: {}
