[0.513s] Invoking command in '/home/duy/cocarry_ws/src/rula_tracker': PYTHONPATH=/home/duy/cocarry_ws/build/rula_tracker/prefix_override:/usr/lib/python3/dist-packages/colcon_core/task/python/colcon_distutils_commands:/home/duy/cocarry_ws/install/rula_tracker/lib/python3.10/site-packages: /usr/bin/python3 -W ignore:setup.py install is deprecated -W ignore:easy_install command is deprecated setup.py egg_info --egg-base ../../build/rula_tracker build --build-base /home/duy/cocarry_ws/build/rula_tracker/build install --record /home/duy/cocarry_ws/build/rula_tracker/install.log --single-version-externally-managed install_data
[0.654s] running egg_info
[0.655s] creating ../../build/rula_tracker/rula_tracker.egg-info
[0.655s] writing ../../build/rula_tracker/rula_tracker.egg-info/PKG-INFO
[0.655s] writing dependency_links to ../../build/rula_tracker/rula_tracker.egg-info/dependency_links.txt
[0.655s] writing entry points to ../../build/rula_tracker/rula_tracker.egg-info/entry_points.txt
[0.655s] writing requirements to ../../build/rula_tracker/rula_tracker.egg-info/requires.txt
[0.655s] writing top-level names to ../../build/rula_tracker/rula_tracker.egg-info/top_level.txt
[0.655s] writing manifest file '../../build/rula_tracker/rula_tracker.egg-info/SOURCES.txt'
[0.657s] reading manifest file '../../build/rula_tracker/rula_tracker.egg-info/SOURCES.txt'
[0.657s] writing manifest file '../../build/rula_tracker/rula_tracker.egg-info/SOURCES.txt'
[0.657s] running build
[0.657s] running build_py
[0.657s] creating /home/duy/cocarry_ws/build/rula_tracker/build
[0.657s] creating /home/duy/cocarry_ws/build/rula_tracker/build/lib
[0.658s] creating /home/duy/cocarry_ws/build/rula_tracker/build/lib/rula_tracker
[0.658s] copying rula_tracker/__init__.py -> /home/duy/cocarry_ws/build/rula_tracker/build/lib/rula_tracker
[0.658s] copying rula_tracker/rula_tracker_node.py -> /home/duy/cocarry_ws/build/rula_tracker/build/lib/rula_tracker
[0.658s] running install
[0.658s] running install_lib
[0.658s] creating /home/duy/cocarry_ws/install/rula_tracker/lib/python3.10/site-packages/rula_tracker
[0.658s] copying /home/duy/cocarry_ws/build/rula_tracker/build/lib/rula_tracker/__init__.py -> /home/duy/cocarry_ws/install/rula_tracker/lib/python3.10/site-packages/rula_tracker
[0.658s] copying /home/duy/cocarry_ws/build/rula_tracker/build/lib/rula_tracker/rula_tracker_node.py -> /home/duy/cocarry_ws/install/rula_tracker/lib/python3.10/site-packages/rula_tracker
[0.659s] byte-compiling /home/duy/cocarry_ws/install/rula_tracker/lib/python3.10/site-packages/rula_tracker/__init__.py to __init__.cpython-310.pyc
[0.659s] byte-compiling /home/duy/cocarry_ws/install/rula_tracker/lib/python3.10/site-packages/rula_tracker/rula_tracker_node.py to rula_tracker_node.cpython-310.pyc
[0.660s] running install_data
[0.660s] creating /home/duy/cocarry_ws/install/rula_tracker/share/ament_index
[0.660s] creating /home/duy/cocarry_ws/install/rula_tracker/share/ament_index/resource_index
[0.660s] creating /home/duy/cocarry_ws/install/rula_tracker/share/ament_index/resource_index/packages
[0.660s] copying resource/rula_tracker -> /home/duy/cocarry_ws/install/rula_tracker/share/ament_index/resource_index/packages
[0.660s] copying package.xml -> /home/duy/cocarry_ws/install/rula_tracker/share/rula_tracker
[0.660s] running install_egg_info
[0.661s] Copying ../../build/rula_tracker/rula_tracker.egg-info to /home/duy/cocarry_ws/install/rula_tracker/lib/python3.10/site-packages/rula_tracker-0.0.0-py3.10.egg-info
[0.661s] running install_scripts
[0.675s] Installing rula_tracker_node script to /home/duy/cocarry_ws/install/rula_tracker/lib/rula_tracker
[0.675s] writing list of installed files to '/home/duy/cocarry_ws/build/rula_tracker/install.log'
[0.694s] Invoked command in '/home/duy/cocarry_ws/src/rula_tracker' returned '0': PYTHONPATH=/home/duy/cocarry_ws/build/rula_tracker/prefix_override:/usr/lib/python3/dist-packages/colcon_core/task/python/colcon_distutils_commands:/home/duy/cocarry_ws/install/rula_tracker/lib/python3.10/site-packages: /usr/bin/python3 -W ignore:setup.py install is deprecated -W ignore:easy_install command is deprecated setup.py egg_info --egg-base ../../build/rula_tracker build --build-base /home/duy/cocarry_ws/build/rula_tracker/build install --record /home/duy/cocarry_ws/build/rula_tracker/install.log --single-version-externally-managed install_data
