[0.000000] (-) TimerEvent: {}
[0.000171] (-) JobUnselected: {'identifier': 'coord_transform'}
[0.000505] (-) JobUnselected: {'identifier': 'hc10dtp_bringup'}
[0.000593] (-) JobUnselected: {'identifier': 'hc10dtp_moveit_config'}
[0.000618] (-) JobUnselected: {'identifier': 'hc10dtp_simulation'}
[0.000653] (-) JobUnselected: {'identifier': 'hrc_bringup'}
[0.000678] (-) JobUnselected: {'identifier': 'human_hand_msgs'}
[0.000699] (-) JobUnselected: {'identifier': 'industrial_msgs'}
[0.000719] (-) JobUnselected: {'identifier': 'kinect2_bridge'}
[0.000739] (-) JobUnselected: {'identifier': 'kinect2_calibration'}
[0.000759] (-) JobUnselected: {'identifier': 'kinect2_registration'}
[0.000779] (-) JobUnselected: {'identifier': 'libfreenect2'}
[0.000803] (-) JobUnselected: {'identifier': 'motoman_gp4_support'}
[0.000995] (-) JobUnselected: {'identifier': 'motoman_hc10dtp_support'}
[0.001024] (-) JobUnselected: {'identifier': 'motoman_resources'}
[0.001057] (-) JobUnselected: {'identifier': 'motoros2_client_interface_dependencies'}
[0.001079] (-) JobUnselected: {'identifier': 'motoros2_interfaces'}
[0.001099] (-) JobUnselected: {'identifier': 'predictor_ui'}
[0.001119] (-) JobUnselected: {'identifier': 'realsense_tracker'}
[0.001138] (-) JobUnselected: {'identifier': 'rula_tracker'}
[0.001159] (-) JobUnselected: {'identifier': 'trac_ik'}
[0.001178] (-) JobUnselected: {'identifier': 'trac_ik_kinematics'}
[0.001199] (-) JobUnselected: {'identifier': 'trac_ik_lib'}
[0.001340] (-) JobUnselected: {'identifier': 'trajectory_predictor'}
[0.001374] (experiment_logger) JobQueued: {'identifier': 'experiment_logger', 'dependencies': OrderedDict([('human_hand_msgs', '/home/duy/cocarry_ws/install/human_hand_msgs')])}
[0.001404] (experiment_logger) JobStarted: {'identifier': 'experiment_logger'}
[0.099793] (-) TimerEvent: {}
[0.200084] (-) TimerEvent: {}
[0.300236] (-) TimerEvent: {}
[0.400478] (-) TimerEvent: {}
[0.490352] (experiment_logger) Command: {'cmd': ['/usr/bin/python3', '-W', 'ignore:setup.py install is deprecated', '-W', 'ignore:easy_install command is deprecated', 'setup.py', 'egg_info', '--egg-base', '../../build/experiment_logger', 'build', '--build-base', '/home/duy/cocarry_ws/build/experiment_logger/build', 'install', '--record', '/home/duy/cocarry_ws/build/experiment_logger/install.log', '--single-version-externally-managed', 'install_data'], 'cwd': '/home/duy/cocarry_ws/src/experiment_logger', 'env': {'USER': 'duy', 'ROS_PACKAGE_PATH': '/home/duy/cocarry_ws/install/human_hand_msgs/share', 'SHLVL': '0', 'LD_LIBRARY_PATH': '/home/duy/cocarry_ws/install/human_hand_msgs/lib', 'HOME': '/home/duy', 'OLDPWD': '/home/duy/cocarry_ws', '_': '/usr/bin/colcon', 'PKG_CONFIG_PATH': '/home/duy/cocarry_ws/install/human_hand_msgs/lib/x86_64-linux-gnu/pkgconfig:/home/duy/cocarry_ws/install/human_hand_msgs/lib/pkgconfig', 'TERM': 'dumb', 'PATH': '/home/duy/.local/bin:/home/duy/.nvm/versions/node/v20.20.2/bin:/opt/ros/humble/bin:/home/duy/.local/bin:/usr/local/sbin:/usr/local/bin:/usr/sbin:/usr/bin:/sbin:/bin:/usr/games:/usr/local/games:/snap/bin:/snap/bin:/home/duy/libfreenect2/build/bin', 'LANG': 'en_US.UTF-8', 'TMP': '/tmp', 'SHELL': '/bin/bash', 'PWD': '/home/duy/cocarry_ws/build/experiment_logger', 'PYTHONPATH': '/home/duy/cocarry_ws/build/experiment_logger/prefix_override:/usr/lib/python3/dist-packages/colcon_core/task/python/colcon_distutils_commands:/home/duy/cocarry_ws/install/experiment_logger/lib/python3.10/site-packages:/home/duy/cocarry_ws/install/human_hand_msgs/local/lib/python3.10/dist-packages', 'COLCON': '1', 'CMAKE_PREFIX_PATH': '/home/duy/cocarry_ws/install/human_hand_msgs'}, 'shell': False}
[0.500587] (-) TimerEvent: {}
[0.600809] (-) TimerEvent: {}
[0.691679] (experiment_logger) StdoutLine: {'line': b'running egg_info\n'}
[0.692065] (experiment_logger) StdoutLine: {'line': b'writing ../../build/experiment_logger/experiment_logger.egg-info/PKG-INFO\n'}
[0.692325] (experiment_logger) StdoutLine: {'line': b'writing dependency_links to ../../build/experiment_logger/experiment_logger.egg-info/dependency_links.txt\n'}
[0.692394] (experiment_logger) StdoutLine: {'line': b'writing entry points to ../../build/experiment_logger/experiment_logger.egg-info/entry_points.txt\n'}
[0.692492] (experiment_logger) StdoutLine: {'line': b'writing requirements to ../../build/experiment_logger/experiment_logger.egg-info/requires.txt\n'}
[0.692534] (experiment_logger) StdoutLine: {'line': b'writing top-level names to ../../build/experiment_logger/experiment_logger.egg-info/top_level.txt\n'}
[0.693706] (experiment_logger) StdoutLine: {'line': b"reading manifest file '../../build/experiment_logger/experiment_logger.egg-info/SOURCES.txt'\n"}
[0.695188] (experiment_logger) StdoutLine: {'line': b"writing manifest file '../../build/experiment_logger/experiment_logger.egg-info/SOURCES.txt'\n"}
[0.695349] (experiment_logger) StdoutLine: {'line': b'running build\n'}
[0.695398] (experiment_logger) StdoutLine: {'line': b'running build_py\n'}
[0.695456] (experiment_logger) StdoutLine: {'line': b'copying experiment_logger/logger_node.py -> /home/duy/cocarry_ws/build/experiment_logger/build/lib/experiment_logger\n'}
[0.695565] (experiment_logger) StdoutLine: {'line': b'running install\n'}
[0.695729] (experiment_logger) StdoutLine: {'line': b'running install_lib\n'}
[0.696360] (experiment_logger) StdoutLine: {'line': b'copying /home/duy/cocarry_ws/build/experiment_logger/build/lib/experiment_logger/logger_node.py -> /home/duy/cocarry_ws/install/experiment_logger/lib/python3.10/site-packages/experiment_logger\n'}
[0.696901] (experiment_logger) StdoutLine: {'line': b'byte-compiling /home/duy/cocarry_ws/install/experiment_logger/lib/python3.10/site-packages/experiment_logger/logger_node.py to logger_node.cpython-310.pyc\n'}
[0.700950] (-) TimerEvent: {}
[0.701070] (experiment_logger) StdoutLine: {'line': b'running install_data\n'}
[0.701144] (experiment_logger) StdoutLine: {'line': b'running install_egg_info\n'}
[0.702651] (experiment_logger) StdoutLine: {'line': b"removing '/home/duy/cocarry_ws/install/experiment_logger/lib/python3.10/site-packages/experiment_logger-0.1.0-py3.10.egg-info' (and everything under it)\n"}
[0.702815] (experiment_logger) StdoutLine: {'line': b'Copying ../../build/experiment_logger/experiment_logger.egg-info to /home/duy/cocarry_ws/install/experiment_logger/lib/python3.10/site-packages/experiment_logger-0.1.0-py3.10.egg-info\n'}
[0.703651] (experiment_logger) StdoutLine: {'line': b'running install_scripts\n'}
[0.717883] (experiment_logger) StdoutLine: {'line': b'Installing analyze_latency script to /home/duy/cocarry_ws/install/experiment_logger/lib/experiment_logger\n'}
[0.718070] (experiment_logger) StdoutLine: {'line': b'Installing logger_node script to /home/duy/cocarry_ws/install/experiment_logger/lib/experiment_logger\n'}
[0.718125] (experiment_logger) StdoutLine: {'line': b"writing list of installed files to '/home/duy/cocarry_ws/build/experiment_logger/install.log'\n"}
[0.739875] (experiment_logger) CommandEnded: {'returncode': 0}
[0.748272] (experiment_logger) JobEnded: {'identifier': 'experiment_logger', 'rc': 0}
[0.748616] (-) EventReactorShutdown: {}
