running egg_info
writing ../../build/experiment_logger/experiment_logger.egg-info/PKG-INFO
writing dependency_links to ../../build/experiment_logger/experiment_logger.egg-info/dependency_links.txt
writing entry points to ../../build/experiment_logger/experiment_logger.egg-info/entry_points.txt
writing requirements to ../../build/experiment_logger/experiment_logger.egg-info/requires.txt
writing top-level names to ../../build/experiment_logger/experiment_logger.egg-info/top_level.txt
reading manifest file '../../build/experiment_logger/experiment_logger.egg-info/SOURCES.txt'
writing manifest file '../../build/experiment_logger/experiment_logger.egg-info/SOURCES.txt'
running build
running build_py
copying experiment_logger/analyze_scenario_2.py -> /home/duy/cocarry_ws/build/experiment_logger/build/lib/experiment_logger
running install
running install_lib
copying /home/duy/cocarry_ws/build/experiment_logger/build/lib/experiment_logger/analyze_scenario_2.py -> /home/duy/cocarry_ws/install/experiment_logger/lib/python3.10/site-packages/experiment_logger
byte-compiling /home/duy/cocarry_ws/install/experiment_logger/lib/python3.10/site-packages/experiment_logger/analyze_scenario_2.py to analyze_scenario_2.cpython-310.pyc
running install_data
running install_egg_info
removing '/home/duy/cocarry_ws/install/experiment_logger/lib/python3.10/site-packages/experiment_logger-0.1.0-py3.10.egg-info' (and everything under it)
Copying ../../build/experiment_logger/experiment_logger.egg-info to /home/duy/cocarry_ws/install/experiment_logger/lib/python3.10/site-packages/experiment_logger-0.1.0-py3.10.egg-info
running install_scripts
Installing analyze_latency script to /home/duy/cocarry_ws/install/experiment_logger/lib/experiment_logger
Installing logger_node script to /home/duy/cocarry_ws/install/experiment_logger/lib/experiment_logger
writing list of installed files to '/home/duy/cocarry_ws/build/experiment_logger/install.log'
