[0.000000] (-) TimerEvent: {}
[0.000279] (-) JobUnselected: {'identifier': 'coord_transform'}
[0.000302] (-) JobUnselected: {'identifier': 'hc10dtp_bringup'}
[0.000315] (-) JobUnselected: {'identifier': 'hc10dtp_moveit_config'}
[0.000327] (-) JobUnselected: {'identifier': 'hc10dtp_simulation'}
[0.000337] (-) JobUnselected: {'identifier': 'hrc_bringup'}
[0.000352] (-) JobUnselected: {'identifier': 'human_hand_msgs'}
[0.000362] (-) JobUnselected: {'identifier': 'industrial_msgs'}
[0.000373] (-) JobUnselected: {'identifier': 'kinect2_bridge'}
[0.000383] (-) JobUnselected: {'identifier': 'kinect2_calibration'}
[0.000393] (-) JobUnselected: {'identifier': 'kinect2_registration'}
[0.000403] (-) JobUnselected: {'identifier': 'libfreenect2'}
[0.000414] (-) JobUnselected: {'identifier': 'motoman_gp4_support'}
[0.000425] (-) JobUnselected: {'identifier': 'motoman_hc10dtp_support'}
[0.000435] (-) JobUnselected: {'identifier': 'motoman_resources'}
[0.000445] (-) JobUnselected: {'identifier': 'motoros2_client_interface_dependencies'}
[0.000455] (-) JobUnselected: {'identifier': 'motoros2_interfaces'}
[0.000465] (-) JobUnselected: {'identifier': 'predictor_ui'}
[0.000475] (-) JobUnselected: {'identifier': 'rula_tracker'}
[0.000485] (-) JobUnselected: {'identifier': 'trac_ik'}
[0.000496] (-) JobUnselected: {'identifier': 'trac_ik_kinematics'}
[0.000506] (-) JobUnselected: {'identifier': 'trac_ik_lib'}
[0.000516] (-) JobUnselected: {'identifier': 'trajectory_predictor'}
[0.000532] (experiment_logger) JobQueued: {'identifier': 'experiment_logger', 'dependencies': OrderedDict([('human_hand_msgs', '/home/duy/cocarry_ws/install/human_hand_msgs')])}
[0.000553] (realsense_tracker) JobQueued: {'identifier': 'realsense_tracker', 'dependencies': OrderedDict([('human_hand_msgs', '/home/duy/cocarry_ws/install/human_hand_msgs')])}
[0.000870] (experiment_logger) JobStarted: {'identifier': 'experiment_logger'}
[0.009003] (realsense_tracker) JobStarted: {'identifier': 'realsense_tracker'}
[0.099703] (-) TimerEvent: {}
[0.199957] (-) TimerEvent: {}
[0.300231] (-) TimerEvent: {}
[0.400539] (-) TimerEvent: {}
[0.500813] (-) TimerEvent: {}
[0.597766] (experiment_logger) Command: {'cmd': ['/usr/bin/python3', '-W', 'ignore:setup.py install is deprecated', '-W', 'ignore:easy_install command is deprecated', 'setup.py', 'egg_info', '--egg-base', '../../build/experiment_logger', 'build', '--build-base', '/home/duy/cocarry_ws/build/experiment_logger/build', 'install', '--record', '/home/duy/cocarry_ws/build/experiment_logger/install.log', '--single-version-externally-managed', 'install_data'], 'cwd': '/home/duy/cocarry_ws/src/experiment_logger', 'env': {'USER': 'duy', 'ROS_PACKAGE_PATH': '/home/duy/cocarry_ws/install/human_hand_msgs/share', 'SHLVL': '0', 'LD_LIBRARY_PATH': '/home/duy/cocarry_ws/install/human_hand_msgs/lib', 'HOME': '/home/duy', '_': '/usr/bin/colcon', 'PKG_CONFIG_PATH': '/home/duy/cocarry_ws/install/human_hand_msgs/lib/x86_64-linux-gnu/pkgconfig:/home/duy/cocarry_ws/install/human_hand_msgs/lib/pkgconfig', 'TERM': 'dumb', 'PATH': '/home/duy/.local/bin:/home/duy/.nvm/versions/node/v20.20.2/bin:/opt/ros/humble/bin:/home/duy/.local/bin:/usr/local/sbin:/usr/local/bin:/usr/sbin:/usr/bin:/sbin:/bin:/usr/games:/usr/local/games:/snap/bin:/snap/bin:/home/duy/libfreenect2/build/bin', 'LANG': 'en_US.UTF-8', 'TMP': '/tmp', 'SHELL': '/bin/bash', 'PWD': '/home/duy/cocarry_ws/build/experiment_logger', 'PYTHONPATH': '/home/duy/cocarry_ws/build/experiment_logger/prefix_override:/usr/lib/python3/dist-packages/colcon_core/task/python/colcon_distutils_commands:/home/duy/cocarry_ws/install/experiment_logger/lib/python3.10/site-packages:/home/duy/cocarry_ws/install/human_hand_msgs/local/lib/python3.10/dist-packages', 'COLCON': '1', 'CMAKE_PREFIX_PATH': '/home/duy/cocarry_ws/install/human_hand_msgs'}, 'shell': False}
[0.600905] (-) TimerEvent: {}
[0.606652] (realsense_tracker) Command: {'cmd': ['/usr/bin/python3', '-W', 'ignore:setup.py install is deprecated', '-W', 'ignore:easy_install command is deprecated', 'setup.py', 'egg_info', '--egg-base', '../../build/realsense_tracker', 'build', '--build-base', '/home/duy/cocarry_ws/build/realsense_tracker/build', 'install', '--record', '/home/duy/cocarry_ws/build/realsense_tracker/install.log', '--single-version-externally-managed', 'install_data'], 'cwd': '/home/duy/cocarry_ws/src/realsense_tracker', 'env': {'USER': 'duy', 'ROS_PACKAGE_PATH': '/home/duy/cocarry_ws/install/human_hand_msgs/share', 'SHLVL': '0', 'LD_LIBRARY_PATH': '/home/duy/cocarry_ws/install/human_hand_msgs/lib', 'HOME': '/home/duy', '_': '/usr/bin/colcon', 'PKG_CONFIG_PATH': '/home/duy/cocarry_ws/install/human_hand_msgs/lib/x86_64-linux-gnu/pkgconfig:/home/duy/cocarry_ws/install/human_hand_msgs/lib/pkgconfig', 'TERM': 'dumb', 'PATH': '/home/duy/.local/bin:/home/duy/.nvm/versions/node/v20.20.2/bin:/opt/ros/humble/bin:/home/duy/.local/bin:/usr/local/sbin:/usr/local/bin:/usr/sbin:/usr/bin:/sbin:/bin:/usr/games:/usr/local/games:/snap/bin:/snap/bin:/home/duy/libfreenect2/build/bin', 'LANG': 'en_US.UTF-8', 'TMP': '/tmp', 'SHELL': '/bin/bash', 'PWD': '/home/duy/cocarry_ws/build/realsense_tracker', 'PYTHONPATH': '/home/duy/cocarry_ws/build/realsense_tracker/prefix_override:/usr/lib/python3/dist-packages/colcon_core/task/python/colcon_distutils_commands:/home/duy/cocarry_ws/install/realsense_tracker/lib/python3.10/site-packages:/home/duy/cocarry_ws/install/human_hand_msgs/local/lib/python3.10/dist-packages', 'COLCON': '1', 'CMAKE_PREFIX_PATH': '/home/duy/cocarry_ws/install/human_hand_msgs'}, 'shell': False}
[0.701139] (-) TimerEvent: {}
[0.761254] (experiment_logger) StdoutLine: {'line': b'running egg_info\n'}
[0.761562] (experiment_logger) StdoutLine: {'line': b'writing ../../build/experiment_logger/experiment_logger.egg-info/PKG-INFO\n'}
[0.761830] (experiment_logger) StdoutLine: {'line': b'writing dependency_links to ../../build/experiment_logger/experiment_logger.egg-info/dependency_links.txt\n'}
[0.761958] (experiment_logger) StdoutLine: {'line': b'writing entry points to ../../build/experiment_logger/experiment_logger.egg-info/entry_points.txt\n'}
[0.762047] (experiment_logger) StdoutLine: {'line': b'writing requirements to ../../build/experiment_logger/experiment_logger.egg-info/requires.txt\n'}
[0.762128] (experiment_logger) StdoutLine: {'line': b'writing top-level names to ../../build/experiment_logger/experiment_logger.egg-info/top_level.txt\n'}
[0.763010] (experiment_logger) StdoutLine: {'line': b"reading manifest file '../../build/experiment_logger/experiment_logger.egg-info/SOURCES.txt'\n"}
[0.763554] (experiment_logger) StdoutLine: {'line': b"writing manifest file '../../build/experiment_logger/experiment_logger.egg-info/SOURCES.txt'\n"}
[0.763698] (experiment_logger) StdoutLine: {'line': b'running build\n'}
[0.763922] (experiment_logger) StdoutLine: {'line': b'running build_py\n'}
[0.764027] (experiment_logger) StdoutLine: {'line': b'copying experiment_logger/logger_node.py -> /home/duy/cocarry_ws/build/experiment_logger/build/lib/experiment_logger\n'}
[0.764116] (experiment_logger) StdoutLine: {'line': b'running install\n'}
[0.764217] (experiment_logger) StdoutLine: {'line': b'running install_lib\n'}
[0.764699] (experiment_logger) StdoutLine: {'line': b'copying /home/duy/cocarry_ws/build/experiment_logger/build/lib/experiment_logger/logger_node.py -> /home/duy/cocarry_ws/install/experiment_logger/lib/python3.10/site-packages/experiment_logger\n'}
[0.765107] (experiment_logger) StdoutLine: {'line': b'byte-compiling /home/duy/cocarry_ws/install/experiment_logger/lib/python3.10/site-packages/experiment_logger/logger_node.py to logger_node.cpython-310.pyc\n'}
[0.768309] (experiment_logger) StdoutLine: {'line': b'running install_data\n'}
[0.768467] (experiment_logger) StdoutLine: {'line': b'running install_egg_info\n'}
[0.769387] (realsense_tracker) StdoutLine: {'line': b'running egg_info\n'}
[0.769627] (realsense_tracker) StdoutLine: {'line': b'writing ../../build/realsense_tracker/realsense_tracker.egg-info/PKG-INFO\n'}
[0.769815] (realsense_tracker) StdoutLine: {'line': b'writing dependency_links to ../../build/realsense_tracker/realsense_tracker.egg-info/dependency_links.txt\n'}
[0.770001] (experiment_logger) StdoutLine: {'line': b"removing '/home/duy/cocarry_ws/install/experiment_logger/lib/python3.10/site-packages/experiment_logger-0.1.0-py3.10.egg-info' (and everything under it)\n"}
[0.770124] (realsense_tracker) StdoutLine: {'line': b'writing entry points to ../../build/realsense_tracker/realsense_tracker.egg-info/entry_points.txt\n'}
[0.770211] (realsense_tracker) StdoutLine: {'line': b'writing requirements to ../../build/realsense_tracker/realsense_tracker.egg-info/requires.txt\n'}
[0.770291] (realsense_tracker) StdoutLine: {'line': b'writing top-level names to ../../build/realsense_tracker/realsense_tracker.egg-info/top_level.txt\n'}
[0.770370] (experiment_logger) StdoutLine: {'line': b'Copying ../../build/experiment_logger/experiment_logger.egg-info to /home/duy/cocarry_ws/install/experiment_logger/lib/python3.10/site-packages/experiment_logger-0.1.0-py3.10.egg-info\n'}
[0.770482] (experiment_logger) StdoutLine: {'line': b'running install_scripts\n'}
[0.771253] (realsense_tracker) StdoutLine: {'line': b"reading manifest file '../../build/realsense_tracker/realsense_tracker.egg-info/SOURCES.txt'\n"}
[0.771809] (realsense_tracker) StdoutLine: {'line': b"writing manifest file '../../build/realsense_tracker/realsense_tracker.egg-info/SOURCES.txt'\n"}
[0.771966] (realsense_tracker) StdoutLine: {'line': b'running build\n'}
[0.772078] (realsense_tracker) StdoutLine: {'line': b'running build_py\n'}
[0.772166] (realsense_tracker) StdoutLine: {'line': b'copying realsense_tracker/realsense_node.py -> /home/duy/cocarry_ws/build/realsense_tracker/build/lib/realsense_tracker\n'}
[0.772266] (realsense_tracker) StdoutLine: {'line': b'running install\n'}
[0.772453] (realsense_tracker) StdoutLine: {'line': b'running install_lib\n'}
[0.772814] (realsense_tracker) StdoutLine: {'line': b'copying /home/duy/cocarry_ws/build/realsense_tracker/build/lib/realsense_tracker/realsense_node.py -> /home/duy/cocarry_ws/install/realsense_tracker/lib/python3.10/site-packages/realsense_tracker\n'}
[0.773171] (realsense_tracker) StdoutLine: {'line': b'byte-compiling /home/duy/cocarry_ws/install/realsense_tracker/lib/python3.10/site-packages/realsense_tracker/realsense_node.py to realsense_node.cpython-310.pyc\n'}
[0.775517] (realsense_tracker) StdoutLine: {'line': b'running install_data\n'}
[0.775726] (realsense_tracker) StdoutLine: {'line': b'running install_egg_info\n'}
[0.777305] (realsense_tracker) StdoutLine: {'line': b"removing '/home/duy/cocarry_ws/install/realsense_tracker/lib/python3.10/site-packages/realsense_tracker-0.0.0-py3.10.egg-info' (and everything under it)\n"}
[0.777481] (realsense_tracker) StdoutLine: {'line': b'Copying ../../build/realsense_tracker/realsense_tracker.egg-info to /home/duy/cocarry_ws/install/realsense_tracker/lib/python3.10/site-packages/realsense_tracker-0.0.0-py3.10.egg-info\n'}
[0.777908] (realsense_tracker) StdoutLine: {'line': b'running install_scripts\n'}
[0.785075] (experiment_logger) StdoutLine: {'line': b'Installing analyze_latency script to /home/duy/cocarry_ws/install/experiment_logger/lib/experiment_logger\n'}
[0.785295] (experiment_logger) StdoutLine: {'line': b'Installing logger_node script to /home/duy/cocarry_ws/install/experiment_logger/lib/experiment_logger\n'}
[0.785460] (experiment_logger) StdoutLine: {'line': b"writing list of installed files to '/home/duy/cocarry_ws/build/experiment_logger/install.log'\n"}
[0.792634] (realsense_tracker) StdoutLine: {'line': b'Installing realsense_node script to /home/duy/cocarry_ws/install/realsense_tracker/lib/realsense_tracker\n'}
[0.792917] (realsense_tracker) StdoutLine: {'line': b"writing list of installed files to '/home/duy/cocarry_ws/build/realsense_tracker/install.log'\n"}
[0.801338] (-) TimerEvent: {}
[0.805851] (experiment_logger) CommandEnded: {'returncode': 0}
[0.815513] (experiment_logger) JobEnded: {'identifier': 'experiment_logger', 'rc': 0}
[0.816481] (realsense_tracker) CommandEnded: {'returncode': 0}
[0.819976] (realsense_tracker) JobEnded: {'identifier': 'realsense_tracker', 'rc': 0}
[0.820299] (-) EventReactorShutdown: {}
