[0.000000] (-) TimerEvent: {}
[0.000477] (-) JobUnselected: {'identifier': 'coord_transform'}
[0.000554] (-) JobUnselected: {'identifier': 'experiment_logger'}
[0.000585] (-) JobUnselected: {'identifier': 'hc10dtp_moveit_config'}
[0.000607] (-) JobUnselected: {'identifier': 'hc10dtp_simulation'}
[0.000626] (-) JobUnselected: {'identifier': 'hrc_bringup'}
[0.000769] (-) JobUnselected: {'identifier': 'human_hand_msgs'}
[0.000797] (-) JobUnselected: {'identifier': 'industrial_msgs'}
[0.000816] (-) JobUnselected: {'identifier': 'kinect2_bridge'}
[0.000835] (-) JobUnselected: {'identifier': 'kinect2_calibration'}
[0.000939] (-) JobUnselected: {'identifier': 'kinect2_registration'}
[0.000958] (-) JobUnselected: {'identifier': 'libfreenect2'}
[0.000985] (-) JobUnselected: {'identifier': 'motoman_gp4_support'}
[0.001214] (-) JobUnselected: {'identifier': 'motoman_hc10dtp_support'}
[0.001237] (-) JobUnselected: {'identifier': 'motoman_resources'}
[0.001288] (-) JobUnselected: {'identifier': 'motoros2_client_interface_dependencies'}
[0.001310] (-) JobUnselected: {'identifier': 'motoros2_interfaces'}
[0.001334] (-) JobUnselected: {'identifier': 'predictor_ui'}
[0.001388] (-) JobUnselected: {'identifier': 'realsense_tracker'}
[0.001408] (-) JobUnselected: {'identifier': 'rula_tracker'}
[0.001428] (-) JobUnselected: {'identifier': 'trac_ik'}
[0.001446] (-) JobUnselected: {'identifier': 'trac_ik_kinematics'}
[0.001473] (-) JobUnselected: {'identifier': 'trac_ik_lib'}
[0.001498] (-) JobUnselected: {'identifier': 'trajectory_predictor'}
[0.001542] (hc10dtp_bringup) JobQueued: {'identifier': 'hc10dtp_bringup', 'dependencies': OrderedDict([('motoman_resources', '/home/duy/cocarry_ws/install/motoman_resources'), ('motoman_hc10dtp_support', '/home/duy/cocarry_ws/install/motoman_hc10dtp_support'), ('hc10dtp_moveit_config', '/home/duy/cocarry_ws/install/hc10dtp_moveit_config')])}
[0.001575] (hc10dtp_bringup) JobStarted: {'identifier': 'hc10dtp_bringup'}
[0.006471] (hc10dtp_bringup) JobProgress: {'identifier': 'hc10dtp_bringup', 'progress': 'cmake'}
[0.006983] (hc10dtp_bringup) JobProgress: {'identifier': 'hc10dtp_bringup', 'progress': 'build'}
[0.007520] (hc10dtp_bringup) Command: {'cmd': ['/usr/bin/cmake', '--build', '/home/duy/cocarry_ws/build/hc10dtp_bringup', '--', '-j16', '-l16'], 'cwd': '/home/duy/cocarry_ws/build/hc10dtp_bringup', 'env': OrderedDict([('USER', 'duy'), ('SHLVL', '0'), ('HOME', '/home/duy'), ('_', '/usr/bin/colcon'), ('TERM', 'dumb'), ('PATH', '/home/duy/.local/bin:/home/duy/.nvm/versions/node/v20.20.2/bin:/opt/ros/humble/bin:/home/duy/.local/bin:/usr/local/sbin:/usr/local/bin:/usr/sbin:/usr/bin:/sbin:/bin:/usr/games:/usr/local/games:/snap/bin:/snap/bin:/home/duy/libfreenect2/build/bin'), ('LANG', 'en_US.UTF-8'), ('TMP', '/tmp'), ('AMENT_PREFIX_PATH', '/home/duy/cocarry_ws/install/hc10dtp_moveit_config:/home/duy/cocarry_ws/install/motoman_hc10dtp_support:/home/duy/cocarry_ws/install/motoman_resources'), ('SHELL', '/bin/bash'), ('PWD', '/home/duy/cocarry_ws/build/hc10dtp_bringup'), ('COLCON', '1'), ('CMAKE_PREFIX_PATH', '/home/duy/cocarry_ws/install/hc10dtp_moveit_config:/home/duy/cocarry_ws/install/motoman_hc10dtp_support:/home/duy/cocarry_ws/install/motoman_resources')]), 'shell': False}
[0.038055] (hc10dtp_bringup) CommandEnded: {'returncode': 0}
[0.038567] (hc10dtp_bringup) JobProgress: {'identifier': 'hc10dtp_bringup', 'progress': 'install'}
[0.045613] (hc10dtp_bringup) Command: {'cmd': ['/usr/bin/cmake', '--install', '/home/duy/cocarry_ws/build/hc10dtp_bringup'], 'cwd': '/home/duy/cocarry_ws/build/hc10dtp_bringup', 'env': OrderedDict([('USER', 'duy'), ('SHLVL', '0'), ('HOME', '/home/duy'), ('_', '/usr/bin/colcon'), ('TERM', 'dumb'), ('PATH', '/home/duy/.local/bin:/home/duy/.nvm/versions/node/v20.20.2/bin:/opt/ros/humble/bin:/home/duy/.local/bin:/usr/local/sbin:/usr/local/bin:/usr/sbin:/usr/bin:/sbin:/bin:/usr/games:/usr/local/games:/snap/bin:/snap/bin:/home/duy/libfreenect2/build/bin'), ('LANG', 'en_US.UTF-8'), ('TMP', '/tmp'), ('AMENT_PREFIX_PATH', '/home/duy/cocarry_ws/install/hc10dtp_moveit_config:/home/duy/cocarry_ws/install/motoman_hc10dtp_support:/home/duy/cocarry_ws/install/motoman_resources'), ('SHELL', '/bin/bash'), ('PWD', '/home/duy/cocarry_ws/build/hc10dtp_bringup'), ('COLCON', '1'), ('CMAKE_PREFIX_PATH', '/home/duy/cocarry_ws/install/hc10dtp_moveit_config:/home/duy/cocarry_ws/install/motoman_hc10dtp_support:/home/duy/cocarry_ws/install/motoman_resources')]), 'shell': False}
[0.053240] (hc10dtp_bringup) StdoutLine: {'line': b'-- Install configuration: ""\n'}
[0.053843] (hc10dtp_bringup) StdoutLine: {'line': b'-- Execute custom install script\n'}
[0.054346] (hc10dtp_bringup) StdoutLine: {'line': b'-- Up-to-date symlink: /home/duy/cocarry_ws/install/hc10dtp_bringup/lib/hc10dtp_bringup/cartesian_streamer_hc10dtp.py\n'}
[0.054416] (hc10dtp_bringup) StdoutLine: {'line': b'-- Up-to-date symlink: /home/duy/cocarry_ws/install/hc10dtp_bringup/lib/hc10dtp_bringup/restamp_joint_states.py\n'}
[0.054619] (hc10dtp_bringup) StdoutLine: {'line': b'-- Up-to-date symlink: /home/duy/cocarry_ws/install/hc10dtp_bringup/lib/hc10dtp_bringup/go_home.py\n'}
[0.054781] (hc10dtp_bringup) StdoutLine: {'line': b'-- Up-to-date symlink: /home/duy/cocarry_ws/install/hc10dtp_bringup/lib/hc10dtp_bringup/capture_home.py\n'}
[0.055020] (hc10dtp_bringup) StdoutLine: {'line': b'-- Up-to-date symlink: /home/duy/cocarry_ws/install/hc10dtp_bringup/lib/hc10dtp_bringup/test_queue_diagnostic.py\n'}
[0.055091] (hc10dtp_bringup) StdoutLine: {'line': b'-- Up-to-date symlink: /home/duy/cocarry_ws/install/hc10dtp_bringup/share/ament_index/resource_index/package_run_dependencies/hc10dtp_bringup\n'}
[0.055266] (hc10dtp_bringup) StdoutLine: {'line': b'-- Up-to-date symlink: /home/duy/cocarry_ws/install/hc10dtp_bringup/share/ament_index/resource_index/parent_prefix_path/hc10dtp_bringup\n'}
[0.055384] (hc10dtp_bringup) StdoutLine: {'line': b'-- Up-to-date symlink: /home/duy/cocarry_ws/install/hc10dtp_bringup/share/hc10dtp_bringup/environment/ament_prefix_path.sh\n'}
[0.055592] (hc10dtp_bringup) StdoutLine: {'line': b'-- Up-to-date symlink: /home/duy/cocarry_ws/install/hc10dtp_bringup/share/hc10dtp_bringup/environment/ament_prefix_path.dsv\n'}
[0.055686] (hc10dtp_bringup) StdoutLine: {'line': b'-- Up-to-date symlink: /home/duy/cocarry_ws/install/hc10dtp_bringup/share/hc10dtp_bringup/environment/path.sh\n'}
[0.055773] (hc10dtp_bringup) StdoutLine: {'line': b'-- Up-to-date symlink: /home/duy/cocarry_ws/install/hc10dtp_bringup/share/hc10dtp_bringup/environment/path.dsv\n'}
[0.055910] (hc10dtp_bringup) StdoutLine: {'line': b'-- Up-to-date symlink: /home/duy/cocarry_ws/install/hc10dtp_bringup/share/hc10dtp_bringup/local_setup.bash\n'}
[0.056048] (hc10dtp_bringup) StdoutLine: {'line': b'-- Up-to-date symlink: /home/duy/cocarry_ws/install/hc10dtp_bringup/share/hc10dtp_bringup/local_setup.sh\n'}
[0.056194] (hc10dtp_bringup) StdoutLine: {'line': b'-- Up-to-date symlink: /home/duy/cocarry_ws/install/hc10dtp_bringup/share/hc10dtp_bringup/local_setup.zsh\n'}
[0.056331] (hc10dtp_bringup) StdoutLine: {'line': b'-- Up-to-date symlink: /home/duy/cocarry_ws/install/hc10dtp_bringup/share/hc10dtp_bringup/local_setup.dsv\n'}
[0.056443] (hc10dtp_bringup) StdoutLine: {'line': b'-- Symlinking: /home/duy/cocarry_ws/install/hc10dtp_bringup/share/hc10dtp_bringup/package.dsv\n'}
[0.064660] (hc10dtp_bringup) StdoutLine: {'line': b'-- Up-to-date symlink: /home/duy/cocarry_ws/install/hc10dtp_bringup/share/ament_index/resource_index/packages/hc10dtp_bringup\n'}
[0.064730] (hc10dtp_bringup) StdoutLine: {'line': b'-- Up-to-date symlink: /home/duy/cocarry_ws/install/hc10dtp_bringup/share/hc10dtp_bringup/cmake/hc10dtp_bringupConfig.cmake\n'}
[0.064782] (hc10dtp_bringup) StdoutLine: {'line': b'-- Up-to-date symlink: /home/duy/cocarry_ws/install/hc10dtp_bringup/share/hc10dtp_bringup/cmake/hc10dtp_bringupConfig-version.cmake\n'}
[0.064877] (hc10dtp_bringup) StdoutLine: {'line': b'-- Up-to-date symlink: /home/duy/cocarry_ws/install/hc10dtp_bringup/share/hc10dtp_bringup/package.xml\n'}
[0.066640] (hc10dtp_bringup) CommandEnded: {'returncode': 0}
[0.076100] (hc10dtp_bringup) JobEnded: {'identifier': 'hc10dtp_bringup', 'rc': 0}
[0.076411] (-) EventReactorShutdown: {}
