[0.419s] Invoking command in '/home/duy/cocarry_ws/src/realsense_tracker': CMAKE_PREFIX_PATH=/home/duy/cocarry_ws/install/human_hand_msgs LD_LIBRARY_PATH=/home/duy/cocarry_ws/install/human_hand_msgs/lib PKG_CONFIG_PATH=/home/duy/cocarry_ws/install/human_hand_msgs/lib/x86_64-linux-gnu/pkgconfig:/home/duy/cocarry_ws/install/human_hand_msgs/lib/pkgconfig PYTHONPATH=/home/duy/cocarry_ws/build/realsense_tracker/prefix_override:/usr/lib/python3/dist-packages/colcon_core/task/python/colcon_distutils_commands:/home/duy/cocarry_ws/install/realsense_tracker/lib/python3.10/site-packages:/home/duy/cocarry_ws/install/human_hand_msgs/local/lib/python3.10/dist-packages ROS_PACKAGE_PATH=/home/duy/cocarry_ws/install/human_hand_msgs/share /usr/bin/python3 -W ignore:setup.py install is deprecated -W ignore:easy_install command is deprecated setup.py egg_info --egg-base ../../build/realsense_tracker build --build-base /home/duy/cocarry_ws/build/realsense_tracker/build install --record /home/duy/cocarry_ws/build/realsense_tracker/install.log --single-version-externally-managed install_data
[0.555s] running egg_info
[0.555s] writing ../../build/realsense_tracker/realsense_tracker.egg-info/PKG-INFO
[0.555s] writing dependency_links to ../../build/realsense_tracker/realsense_tracker.egg-info/dependency_links.txt
[0.556s] writing entry points to ../../build/realsense_tracker/realsense_tracker.egg-info/entry_points.txt
[0.556s] writing requirements to ../../build/realsense_tracker/realsense_tracker.egg-info/requires.txt
[0.556s] writing top-level names to ../../build/realsense_tracker/realsense_tracker.egg-info/top_level.txt
[0.557s] reading manifest file '../../build/realsense_tracker/realsense_tracker.egg-info/SOURCES.txt'
[0.557s] writing manifest file '../../build/realsense_tracker/realsense_tracker.egg-info/SOURCES.txt'
[0.557s] running build
[0.557s] running build_py
[0.558s] copying realsense_tracker/realsense_node.py -> /home/duy/cocarry_ws/build/realsense_tracker/build/lib/realsense_tracker
[0.558s] running install
[0.558s] running install_lib
[0.558s] copying /home/duy/cocarry_ws/build/realsense_tracker/build/lib/realsense_tracker/realsense_node.py -> /home/duy/cocarry_ws/install/realsense_tracker/lib/python3.10/site-packages/realsense_tracker
[0.558s] byte-compiling /home/duy/cocarry_ws/install/realsense_tracker/lib/python3.10/site-packages/realsense_tracker/realsense_node.py to realsense_node.cpython-310.pyc
[0.560s] running install_data
[0.560s] running install_egg_info
[0.562s] removing '/home/duy/cocarry_ws/install/realsense_tracker/lib/python3.10/site-packages/realsense_tracker-0.0.0-py3.10.egg-info' (and everything under it)
[0.562s] Copying ../../build/realsense_tracker/realsense_tracker.egg-info to /home/duy/cocarry_ws/install/realsense_tracker/lib/python3.10/site-packages/realsense_tracker-0.0.0-py3.10.egg-info
[0.562s] running install_scripts
[0.575s] Installing realsense_node script to /home/duy/cocarry_ws/install/realsense_tracker/lib/realsense_tracker
[0.575s] writing list of installed files to '/home/duy/cocarry_ws/build/realsense_tracker/install.log'
[0.590s] Invoked command in '/home/duy/cocarry_ws/src/realsense_tracker' returned '0': CMAKE_PREFIX_PATH=/home/duy/cocarry_ws/install/human_hand_msgs LD_LIBRARY_PATH=/home/duy/cocarry_ws/install/human_hand_msgs/lib PKG_CONFIG_PATH=/home/duy/cocarry_ws/install/human_hand_msgs/lib/x86_64-linux-gnu/pkgconfig:/home/duy/cocarry_ws/install/human_hand_msgs/lib/pkgconfig PYTHONPATH=/home/duy/cocarry_ws/build/realsense_tracker/prefix_override:/usr/lib/python3/dist-packages/colcon_core/task/python/colcon_distutils_commands:/home/duy/cocarry_ws/install/realsense_tracker/lib/python3.10/site-packages:/home/duy/cocarry_ws/install/human_hand_msgs/local/lib/python3.10/dist-packages ROS_PACKAGE_PATH=/home/duy/cocarry_ws/install/human_hand_msgs/share /usr/bin/python3 -W ignore:setup.py install is deprecated -W ignore:easy_install command is deprecated setup.py egg_info --egg-base ../../build/realsense_tracker build --build-base /home/duy/cocarry_ws/build/realsense_tracker/build install --record /home/duy/cocarry_ws/build/realsense_tracker/install.log --single-version-externally-managed install_data
