[INFO] [1779938794.332543602] [coord_transform]: CoordTransformNode khởi động.
  Object offset (cam frame): [0.05 0.   0.1 ]
  Translation cam→base:      [0.5 0.  1.2]
  EE orientation (xyzw):     [0.0, 1.0, 0.0, 0.0]
  Prediction step:           5
  Axis remap:                [0, 1, 2]
  Axis sign:                 [-1.0, 1.0, 1.0]
  Workspace X: (-1.0, 1.0), Y: (-0.5, 1.3), Z: (0.05, 1.5)
  Filter outlier_threshold:  0.15m
  Filter median_size_y:      5
  Filter deadband_tol:       35.0mm
  Filter stationary_thresh:  3 frames
  Filter max_rate:           5.0cm/frame
  Filter EMA moving(x,y,z):  (0.75,0.5,0.75)
  Filter EMA hold  (x,y,z):  (0.08,0.02,0.05)
[WARN] [1779938813.779173444] [coord_transform]: Outlier rejected #1 (jumped 1909.6mm). Ignoring.
[WARN] [1779938813.811273090] [coord_transform]: Outlier rejected #2 (jumped 1898.6mm). Ignoring.
[WARN] [1779938813.845059998] [coord_transform]: Outlier rejected #3 (jumped 1898.6mm). Ignoring.
[WARN] [1779938813.882714970] [coord_transform]: Outlier rejected #4 (jumped 1881.5mm). Ignoring.
[INFO] [1779938813.919281275] [coord_transform]: Too many outliers (5). Resetting filter to new position.
[INFO] [1779938816.599302811] [coord_transform]: Captured Init Pose! P_init=(-0.164, 0.263, 0.395), Cam_init=(-0.003, 0.006, 0.001), Noise_Tol=40.0mm
Orientation=(0.717, 0.696, -0.032, 0.022)
[INFO] [1779938816.605028357] [coord_transform]: Deadband: RELEASE — motion detected
[INFO] [1779938816.742342992] [coord_transform]: Deadband: HOLD at (-0.003, 0.006, 0.001)
[INFO] [1779938821.235695659] [coord_transform]: Đã chuyển mode: ground_truth -> prediction
[INFO] [1779938821.386271147] [coord_transform]: Deadband: HOLD at (-0.003, 0.006, 0.001)
[INFO] [1779938824.741580813] [coord_transform]: Deadband: RELEASE — motion detected
[INFO] [1779938824.772582384] [coord_transform]: Deadband: HOLD at (-0.003, 0.006, 0.001)
[INFO] [1779938832.760466033] [coord_transform]: Re-sync camera init: [0.088 0.045 0.009]
[INFO] [1779938832.760759842] [coord_transform]: Trạng thái tracking: RUNNING
[INFO] [1779938832.763884690] [coord_transform]: Deadband: RELEASE — motion detected
[INFO] [1779938832.764397463] [coord_transform]: [SNAP ON] Tay đứng yên, GRU lệch 1.6cm (< 10cm). Snap prediction về actual hand.
[INFO] [1779938832.765312589] [coord_transform]: [PREDICTION] Transform: cam[0.088 0.045 0.009] → base[-0.164  0.263  0.395]
[INFO] [1779938832.803740478] [coord_transform]: [SNAP OFF] Tay di chuyển lại. Thả snap.
[INFO] [1779938832.913576772] [coord_transform]: Deadband: HOLD at (0.088, 0.045, 0.009)
[INFO] [1779938833.852194544] [coord_transform]: [SNAP OFF] Tay di chuyển lại. Thả snap.
[INFO] [1779938833.888834621] [coord_transform]: [SNAP ON] Tay đứng yên, GRU lệch 4.1cm (< 10cm). Snap prediction về actual hand.
[INFO] [1779938833.918934953] [coord_transform]: [SNAP OFF] Tay di chuyển lại. Thả snap.
[INFO] [1779938833.982764386] [coord_transform]: [SNAP OFF] Tay di chuyển lại. Thả snap.
[INFO] [1779938834.049608868] [coord_transform]: [SNAP OFF] Tay di chuyển lại. Thả snap.
[INFO] [1779938834.117272599] [coord_transform]: [SNAP OFF] Tay di chuyển lại. Thả snap.
[INFO] [1779938834.773738843] [coord_transform]: [PREDICTION] Transform: cam[0.102 0.097 0.081] → base[-0.177  0.315  0.466]
[INFO] [1779938836.787955100] [coord_transform]: [PREDICTION] Transform: cam[0.11  0.239 0.173] → base[-0.185  0.457  0.559]
[INFO] [1779938838.800885149] [coord_transform]: [PREDICTION] Transform: cam[0.201 0.528 0.196] → base[-0.276  0.746  0.581]
[INFO] [1779938840.833050819] [coord_transform]: [PREDICTION] Transform: cam[0.203 0.45  0.066] → base[-0.279  0.668  0.452]
[WARN] [1779938841.586575636] [coord_transform]: Outlier rejected #1 (jumped 559.0mm). Ignoring.
[WARN] [1779938841.623265092] [coord_transform]: Outlier rejected #2 (jumped 570.7mm). Ignoring.
[INFO] [1779938842.866139209] [coord_transform]: [PREDICTION] Transform: cam[0.193 0.524 0.076] → base[-0.268  0.742  0.462]
[WARN] [1779938843.123115202] [coord_transform]: Outlier rejected #1 (jumped 663.2mm). Ignoring.
[WARN] [1779938843.155136280] [coord_transform]: Outlier rejected #2 (jumped 693.5mm). Ignoring.
[WARN] [1779938843.238965796] [coord_transform]: Outlier rejected #1 (jumped 501.0mm). Ignoring.
[INFO] [1779938844.875715773] [coord_transform]: [PREDICTION] Transform: cam[0.113 0.138 0.244] → base[-0.189  0.356  0.63 ]
[INFO] [1779938846.900773868] [coord_transform]: [PREDICTION] Transform: cam[0.068 0.045 0.078] → base[-0.143  0.263  0.464]
[INFO] [1779938847.139914689] [coord_transform]: Deadband: HOLD at (0.088, 0.045, 0.009)
[INFO] [1779938847.175508507] [coord_transform]: Deadband: RELEASE — motion detected
[INFO] [1779938848.902624408] [coord_transform]: [PREDICTION] Transform: cam[0.088 0.045 0.009] → base[-0.164  0.263  0.395]
[INFO] [1779938849.196717645] [coord_transform]: Deadband: HOLD at (0.088, 0.045, 0.009)
[INFO] [1779938849.229636753] [coord_transform]: Deadband: RELEASE — motion detected
[INFO] [1779938850.932866412] [coord_transform]: [PREDICTION] Transform: cam[0.088 0.045 0.009] → base[-0.164  0.263  0.395]
[INFO] [1779938852.132459378] [coord_transform]: Deadband: RELEASE — motion detected
[INFO] [1779938852.169729652] [coord_transform]: Deadband: HOLD at (0.088, 0.045, 0.009)
[INFO] [1779938852.938003918] [coord_transform]: [PREDICTION] Transform: cam[0.088 0.045 0.009] → base[-0.164  0.263  0.395]
[INFO] [1779938854.194231485] [coord_transform]: Deadband: RELEASE — motion detected
[INFO] [1779938854.226038182] [coord_transform]: Deadband: HOLD at (0.088, 0.045, 0.009)
[INFO] [1779938854.938815730] [coord_transform]: [PREDICTION] Transform: cam[0.088 0.045 0.009] → base[-0.164  0.263  0.395]
[INFO] [1779938856.953888082] [coord_transform]: [PREDICTION] Transform: cam[0.177 0.213 0.225] → base[-0.253  0.431  0.611]
[INFO] [1779938858.979571665] [coord_transform]: [PREDICTION] Transform: cam[0.319 0.607 0.094] → base[-0.395  0.825  0.479]
[INFO] [1779938860.987374930] [coord_transform]: [PREDICTION] Transform: cam[0.276 0.467 0.091] → base[-0.351  0.685  0.477]
[INFO] [1779938863.007627944] [coord_transform]: [PREDICTION] Transform: cam[0.235 0.482 0.128] → base[-0.311  0.7    0.514]
[INFO] [1779938865.033960519] [coord_transform]: [PREDICTION] Transform: cam[-0.082  0.532  0.16 ] → base[0.007 0.75  0.546]
[INFO] [1779938867.051224917] [coord_transform]: [PREDICTION] Transform: cam[-0.053  0.402  0.129] → base[-0.022  0.62   0.515]
[INFO] [1779938869.086750298] [coord_transform]: [PREDICTION] Transform: cam[-0.056  0.366  0.13 ] → base[-0.019  0.584  0.516]
[INFO] [1779938871.122147166] [coord_transform]: [PREDICTION] Transform: cam[-0.075  0.494  0.112] → base[-0.     0.712  0.498]
[INFO] [1779938873.182778066] [coord_transform]: [PREDICTION] Transform: cam[-0.047  0.373  0.131] → base[-0.029  0.591  0.517]
[INFO] [1779938875.209872216] [coord_transform]: [PREDICTION] Transform: cam[0.013 0.368 0.144] → base[-0.089  0.586  0.53 ]
[INFO] [1779938877.234299819] [coord_transform]: [PREDICTION] Transform: cam[0.071 0.017 0.084] → base[-0.147  0.235  0.47 ]
[INFO] [1779938879.290253902] [coord_transform]: [PREDICTION] Transform: cam[0.078 0.035 0.079] → base[-0.153  0.253  0.465]
[INFO] [1779938881.324469061] [coord_transform]: [PREDICTION] Transform: cam[0.073 0.064 0.096] → base[-0.149  0.282  0.482]
[INFO] [1779938883.331821251] [coord_transform]: [PREDICTION] Transform: cam[0.259 0.471 0.063] → base[-0.334  0.689  0.449]
[INFO] [1779938885.405617905] [coord_transform]: [PREDICTION] Transform: cam[0.248 0.384 0.076] → base[-0.323  0.602  0.462]
[INFO] [1779938887.428169715] [coord_transform]: [PREDICTION] Transform: cam[0.19  0.444 0.098] → base[-0.266  0.662  0.483]
[INFO] [1779938889.443589771] [coord_transform]: [PREDICTION] Transform: cam[0.358 0.065 0.042] → base[-0.434  0.283  0.428]
[INFO] [1779938891.474939352] [coord_transform]: [PREDICTION] Transform: cam[0.353 0.099 0.031] → base[-0.428  0.317  0.417]
[INFO] [1779938891.892774584] [coord_transform]: Trạng thái tracking: STOPPED
