[INFO] [1786331062.860696748] [motoros2_mock]: ╔══════════════════════════════════════════════╗
║   MotoROS2 Mock Node — Simulation Mode      ║
║   Tất cả /* services đã sẵn sàng            ║
║   (node_namespace="" — không prefix)         ║
╚══════════════════════════════════════════════╝
[INFO] [1786331209.947253029] [motoros2_mock]: ✓ StartPointQueueMode → READY (mock)
[INFO] [1786331210.006018561] [motoros2_mock]: QueueTrajPoint #1 → forwarded to JTC. joints=[1.571, 0.124, -1.049, 0.000, -0.398, -1.444]
[INFO] [1786331210.069956540] [motoros2_mock]: QueueTrajPoint #2 → forwarded to JTC. joints=[1.571, 0.124, -1.049, 0.000, -0.398, -1.444]
[INFO] [1786331210.136436859] [motoros2_mock]: QueueTrajPoint #3 → forwarded to JTC. joints=[1.571, 0.124, -1.049, 0.000, -0.398, -1.444]
[INFO] [1786331213.274501792] [motoros2_mock]: QueueTrajPoint #50 → forwarded to JTC. joints=[1.643, 0.249, -0.508, -0.000, -0.815, -1.516]
[INFO] [1786331216.605362082] [motoros2_mock]: QueueTrajPoint #100 → forwarded to JTC. joints=[1.645, 0.450, 0.094, -0.000, -1.215, -1.517]
[INFO] [1786331219.938345600] [motoros2_mock]: QueueTrajPoint #150 → forwarded to JTC. joints=[1.675, 0.636, 0.314, -0.000, -1.249, -1.548]
[INFO] [1786331223.276540971] [motoros2_mock]: QueueTrajPoint #200 → forwarded to JTC. joints=[1.691, 0.142, -0.144, -0.000, -1.285, -1.564]
[INFO] [1786331226.605955177] [motoros2_mock]: QueueTrajPoint #250 → forwarded to JTC. joints=[1.556, 0.191, -0.257, 0.000, -1.123, -1.429]
[INFO] [1786331229.941742494] [motoros2_mock]: QueueTrajPoint #300 → forwarded to JTC. joints=[1.715, 0.061, -0.648, -0.000, -0.863, -1.588]
[INFO] [1786331233.275775443] [motoros2_mock]: QueueTrajPoint #350 → forwarded to JTC. joints=[1.801, 0.224, -0.648, -0.000, -0.700, -1.674]
[INFO] [1786331236.605163280] [motoros2_mock]: QueueTrajPoint #400 → forwarded to JTC. joints=[1.737, 0.187, -0.687, -0.000, -0.698, -1.610]
[INFO] [1786331239.944584313] [motoros2_mock]: QueueTrajPoint #450 → forwarded to JTC. joints=[1.770, 0.226, -0.397, -0.000, -0.948, -1.642]
[INFO] [1786331243.271469282] [motoros2_mock]: QueueTrajPoint #500 → forwarded to JTC. joints=[1.719, 0.503, 0.333, -0.000, -1.402, -1.592]
[INFO] [1786331246.605248428] [motoros2_mock]: QueueTrajPoint #550 → forwarded to JTC. joints=[1.655, -0.003, -0.332, -0.000, -1.243, -1.528]
[INFO] [1786331249.939758363] [motoros2_mock]: QueueTrajPoint #600 → forwarded to JTC. joints=[1.504, 0.177, -1.037, 0.000, -0.357, -1.377]
[INFO] [1786331253.280113540] [motoros2_mock]: QueueTrajPoint #650 → forwarded to JTC. joints=[1.668, 0.127, -0.770, -0.000, -0.674, -1.541]
[INFO] [1786331256.604963643] [motoros2_mock]: QueueTrajPoint #700 → forwarded to JTC. joints=[1.899, 0.389, 0.105, -0.000, -1.288, -1.772]
[INFO] [1786331259.938238095] [motoros2_mock]: QueueTrajPoint #750 → forwarded to JTC. joints=[1.900, 0.389, 0.107, -0.000, -1.289, -1.772]
[INFO] [1786331263.273726945] [motoros2_mock]: QueueTrajPoint #800 → forwarded to JTC. joints=[1.712, 0.309, 0.094, -0.000, -1.356, -1.585]
[INFO] [1786331266.605170797] [motoros2_mock]: QueueTrajPoint #850 → forwarded to JTC. joints=[1.529, 0.285, 0.056, 0.000, -1.343, -1.402]
[INFO] [1786331269.938854854] [motoros2_mock]: QueueTrajPoint #900 → forwarded to JTC. joints=[1.674, 0.147, -0.671, -0.000, -0.754, -1.547]
[INFO] [1786331273.271397912] [motoros2_mock]: QueueTrajPoint #950 → forwarded to JTC. joints=[1.663, 0.174, -0.739, -0.000, -0.659, -1.536]
[INFO] [1786331585.851403038] [motoros2_mock]: MotoROS2 Mock Node shutdown.
