[INFO] [1781087304.310245695] [cartesian_streamer]: CartesianStreamer khởi động (chờ Enable Robot từ UI).
  Stream rate:       15 Hz (period=66.7ms)
  Queue dt:          0.067 s
  Prebuffer points:  3
  Retry backoff:     66.0 ms
  Gửi PoseStamped lên: /cartesian_streamer/target_pose
  Gửi XYZ lên:        /cartesian_streamer/target_xyz
  Nhận EE pose tại:   /cartesian_streamer/current_pose
[INFO] [1781087304.784598545] [cartesian_streamer]: Chờ /joint_states...
[INFO] [1781087305.084809867] [cartesian_streamer]: Nhận joint_states: ['1.571', '0.075', '-1.049', '-0.030', '-0.523', '-0.002']
[INFO] [1781087305.287610223] [cartesian_streamer]: ✓ FK cross-validation PASSED. Error = 0.0023mm
  Local FK:  (-0.16383, 0.26301, 0.39467)
  MoveIt FK: (-0.16383, 0.26301, 0.39467)
[INFO] [1781087305.288480973] [cartesian_streamer]: Đã nhận joint_states. EE hiện tại: (-0.1638, 0.2630, 0.3947). IK mode: Local DLS. Chờ Enable Robot từ UI...
[INFO] [1781087339.136904883] [cartesian_streamer]: Enable Robot: bắt đầu chuỗi khởi động...
[INFO] [1781087339.137999701] [cartesian_streamer]: Enable: reset_error...
[WARN] [1781087342.147938330] [cartesian_streamer]: Service reset_error không khả dụng, bỏ qua.
[INFO] [1781087342.148945492] [cartesian_streamer]: Enable: stop_traj_mode (giải phóng mode cũ)...
[INFO] [1781087342.153747929] [cartesian_streamer]: stop_traj_mode: success=True, code=N/A, msg="Mock: OK (simulation)"
[INFO] [1781087342.156582173] [cartesian_streamer]: Enable: chờ 1.5s để hệ thống ổn định trước khi start queue...
[INFO] [1781087343.658202597] [cartesian_streamer]: Enable: StartPointQueueMode...
[INFO] [1781087343.668953473] [cartesian_streamer]: StartPointQueueMode response: code=1, msg="Mock: Point Queue Mode activated (simulation)"
[INFO] [1781087343.670007498] [cartesian_streamer]: ✓ Robot ENABLED — Point Queue Mode active. Servo ON!
[INFO] [1781087343.686782851] [cartesian_streamer]: Runtime rate: state=seeding, tick_hz=0.0, queue_send_hz=0.0, ack_hz=0.0, busy_hz=0.0, retry_count=0, reject_count=0, inter_ack_ms=0.0, max_joint_delta=0.000, cumul_time=0.00s, hold_count=0, ik_mode=Local, ik_avg_ms=0.00, ik_fails=0
[INFO] [1781087343.689453843] [cartesian_streamer]: Bootstrap EE pose via FK: (-0.1638, 0.2630, 0.3947)
[INFO] [1781087343.690801950] [cartesian_streamer]: Đang stream qua service: /queue_traj_point
[INFO] [1781087343.692340098] [cartesian_streamer]: Đã gửi seed point (current joints, t=0), chờ ACK...
[INFO] [1781087343.697787933] [cartesian_streamer]: Seed ACK nhận được, bắt đầu prebuffer.
[INFO] [1781087343.698341868] [cartesian_streamer]: Queue accepted sample#1: svc=/queue_traj_point, t_cumul=0.0000s, code=1, msg="", hold=False
[INFO] [1781087343.757299030] [cartesian_streamer]: Queue accepted sample#2: svc=/queue_traj_point, t_cumul=0.0592s, code=1, msg="", hold=True
[INFO] [1781087343.820528835] [cartesian_streamer]: Queue accepted sample#3: svc=/queue_traj_point, t_cumul=0.1256s, code=1, msg="", hold=True
[INFO] [1781087343.888610344] [cartesian_streamer]: Pre-buffer hoàn tất (3 points), bắt đầu stream ổn định. Đang chờ target...
[INFO] [1781087343.889633538] [cartesian_streamer]: Queue accepted sample#4: svc=/queue_traj_point, t_cumul=0.1924s, code=1, msg="", hold=True
[INFO] [1781087343.958133084] [cartesian_streamer]: Queue accepted sample#5: svc=/queue_traj_point, t_cumul=0.2592s, code=1, msg="", hold=True
[INFO] [1781087344.957163221] [cartesian_streamer]: QueueTrajPoint accepted #20: t=1.259s, hold=True
[INFO] [1781087346.289027653] [cartesian_streamer]: QueueTrajPoint accepted #40: t=2.593s, hold=True
[INFO] [1781087347.621339289] [cartesian_streamer]: QueueTrajPoint accepted #60: t=3.926s, hold=True
[INFO] [1781087348.750987958] [cartesian_streamer]: Runtime rate: state=streaming, tick_hz=15.0, queue_send_hz=15.0, ack_hz=15.0, busy_hz=0.0, retry_count=0, reject_count=0, inter_ack_ms=66.5, max_joint_delta=0.000, cumul_time=4.99s, hold_count=75, ik_mode=Local, ik_avg_ms=0.00, ik_fails=0
[INFO] [1781087348.956192927] [cartesian_streamer]: QueueTrajPoint accepted #80: t=5.259s, hold=True
[INFO] [1781087350.287730863] [cartesian_streamer]: QueueTrajPoint accepted #100: t=6.593s, hold=True
[INFO] [1781087351.623774207] [cartesian_streamer]: QueueTrajPoint accepted #120: t=7.927s, hold=True
[INFO] [1781087351.688516792] [cartesian_streamer]: IK OK → Δmax=0.0099 rad, joints: [1.562, 0.071, -1.059, -0.029, -0.518, 0.006]
[INFO] [1781087352.692310318] [cartesian_streamer]: IK delta clamped → joints: [1.088, -0.154, -1.351, 0.054, -0.448, 0.425]
[INFO] [1781087352.873395876] [cartesian_streamer]: Local IK không hội tụ (fail #1)
[INFO] [1781087353.138294190] [cartesian_streamer]: QueueTrajPoint accepted #140: t=9.444s, hold=True
[INFO] [1781087353.817609731] [cartesian_streamer]: Runtime rate: state=streaming, tick_hz=15.0, queue_send_hz=13.6, ack_hz=13.6, busy_hz=0.0, retry_count=0, reject_count=0, inter_ack_ms=74.3, max_joint_delta=0.090, cumul_time=10.12s, hold_count=8, ik_mode=Local, ik_avg_ms=17.06, ik_fails=8
[INFO] [1781087353.922635968] [cartesian_streamer]: Local IK không hội tụ (fail #9)
[WARN] [1781087354.057426195] [cartesian_streamer]: Local IK failed 10x liên tiếp! Fallback sang MoveIt! IK...
[INFO] [1781087354.063305388] [cartesian_streamer]: IK OK → Δmax=0.0700 rad, joints: [0.948, -0.223, -1.374, 0.072, -0.491, 0.553]
[INFO] [1781087355.797870655] [cartesian_streamer]: QueueTrajPoint accepted #160: t=12.103s, hold=False
[WARN] [1781087356.191909864] [cartesian_streamer]: Local IK failed 27x liên tiếp! Fallback sang MoveIt! IK...
[INFO] [1781087356.193747246] [cartesian_streamer]: IK OK → Δmax=0.0000 rad, joints: [0.924, -0.223, -1.374, 0.072, -0.491, 0.553]
[WARN] [1781087356.735620036] [cartesian_streamer]: IK solution ngoài soft limit. Đã clamp vào biên để bảo vệ robot.
[INFO] [1781087356.737422454] [cartesian_streamer]: IK delta clamped → joints: [0.854, -0.293, -1.304, 0.086, -0.581, 0.643]
[INFO] [1781087357.495685972] [cartesian_streamer]: QueueTrajPoint accepted #180: t=13.632s, hold=False
[INFO] [1781087357.989279825] [cartesian_streamer]: Local IK không hội tụ (fail #1)
[INFO] [1781087358.222017212] [cartesian_streamer]: IK OK → Δmax=0.0302 rad, joints: [0.382, 0.072, -1.328, 0.291, -0.223, 0.874]
[INFO] [1781087358.885107448] [cartesian_streamer]: Runtime rate: state=streaming, tick_hz=15.0, queue_send_hz=10.7, ack_hz=10.7, busy_hz=0.0, retry_count=0, reject_count=0, inter_ack_ms=92.7, max_joint_delta=0.090, cumul_time=14.96s, hold_count=0, ik_mode=Local, ik_avg_ms=22.26, ik_fails=34
[INFO] [1781087358.892143401] [cartesian_streamer]: QueueTrajPoint accepted #200: t=15.030s, hold=False
[INFO] [1781087359.958628971] [cartesian_streamer]: IK delta clamped → joints: [0.309, 0.160, -1.324, 0.495, -0.142, 0.736]
[INFO] [1781087360.223062457] [cartesian_streamer]: QueueTrajPoint accepted #220: t=16.361s, hold=False
[INFO] [1781087360.288292587] [cartesian_streamer]: IK OK → Δmax=0.0354 rad, joints: [0.518, 0.282, -1.258, 0.619, -0.100, 0.406]
[INFO] [1781087361.565374515] [cartesian_streamer]: QueueTrajPoint accepted #240: t=17.699s, hold=False
[INFO] [1781087362.292240413] [cartesian_streamer]: IK OK → Δmax=0.0322 rad, joints: [0.657, 0.246, -1.253, 0.369, -0.140, 0.518]
[INFO] [1781087362.893661270] [cartesian_streamer]: QueueTrajPoint accepted #260: t=19.031s, hold=False
[INFO] [1781087363.537998245] [cartesian_streamer]: Local IK không hội tụ (fail #1)
[INFO] [1781087363.885722625] [cartesian_streamer]: Runtime rate: state=streaming, tick_hz=15.0, queue_send_hz=14.4, ack_hz=14.4, busy_hz=0.0, retry_count=0, reject_count=0, inter_ack_ms=69.1, max_joint_delta=0.083, cumul_time=19.93s, hold_count=3, ik_mode=Local, ik_avg_ms=13.70, ik_fails=37
[WARN] [1781087364.682378641] [cartesian_streamer]: Local IK failed 10x liên tiếp! Fallback sang MoveIt! IK...
[INFO] [1781087364.688900364] [cartesian_streamer]: Local IK không hội tụ (fail #9)
[INFO] [1781087364.714755937] [cartesian_streamer]: IK OK → Δmax=0.0000 rad, joints: [0.433, 0.168, -1.411, 1.023, -0.073, 0.085]
[INFO] [1781087365.017916515] [cartesian_streamer]: QueueTrajPoint accepted #280: t=21.059s, hold=False
[INFO] [1781087365.955719461] [cartesian_streamer]: IK delta clamped → joints: [0.503, 0.238, -1.481, 0.933, 0.017, -0.005]
[INFO] [1781087365.962884444] [cartesian_streamer]: Local IK không hội tụ (fail #1)
[INFO] [1781087366.631578083] [cartesian_streamer]: QueueTrajPoint accepted #300: t=22.375s, hold=False
[INFO] [1781087367.025053870] [cartesian_streamer]: Local IK không hội tụ (fail #1)
[INFO] [1781087367.068344527] [cartesian_streamer]: IK OK → Δmax=0.0781 rad, joints: [1.273, 0.325, -1.806, 0.110, 0.508, -0.689]
[INFO] [1781087367.774239433] [cartesian_streamer]: Disable Robot: dừng stream, tắt traj mode...
[INFO] [1781087367.775494532] [cartesian_streamer]: ✗ Robot DISABLED.
[INFO] [1781087691.826154842] [cartesian_streamer]: Graceful shutdown: tắt Point Queue Mode trước khi thoát...
[INFO] [1781087691.827690494] [cartesian_streamer]: Robot chưa enable, không cần stop_traj_mode.
[INFO] [1781087691.829169487] [cartesian_streamer]: Shutdown hoàn tất. Tủ điện sẽ KHÔNG bị alarm.
