[INFO] [1781248077.487322359] [cartesian_streamer]: CartesianStreamer khởi động (chờ Enable Robot từ UI).
  Stream rate:       15 Hz (period=66.7ms)
  Queue dt:          0.067 s
  Prebuffer points:  3
  Retry backoff:     66.0 ms
  Gửi PoseStamped lên: /cartesian_streamer/target_pose
  Gửi XYZ lên:        /cartesian_streamer/target_xyz
  Nhận EE pose tại:   /cartesian_streamer/current_pose
[INFO] [1781248077.491759009] [cartesian_streamer]: Nhận joint_states: ['1.139', '1.021', '0.686', '0.041', '-1.250', '-0.976']
[WARN] [1781248078.959301857] [cartesian_streamer]: Không thể cross-validate FK (local hoặc MoveIt! FK thất bại). Local IK vẫn hoạt động nhưng CHƯA ĐƯỢC VALIDATE.
[INFO] [1781248078.960113535] [cartesian_streamer]: Đã nhận joint_states. EE hiện tại: (0.3028, 1.0330, 0.3396). IK mode: Local DLS. Chờ Enable Robot từ UI...
[INFO] [1781248168.421846198] [cartesian_streamer]: Enable Robot: bắt đầu chuỗi khởi động...
[INFO] [1781248168.422346162] [cartesian_streamer]: Enable: reset_error...
[INFO] [1781248168.432572594] [cartesian_streamer]: reset_error: code=1, msg="success"
[INFO] [1781248168.432839852] [cartesian_streamer]: Enable: stop_traj_mode (giải phóng mode cũ)...
[INFO] [1781248168.480882951] [cartesian_streamer]: stop_traj_mode: success=True, code=N/A, msg=""
[INFO] [1781248168.481441022] [cartesian_streamer]: Enable: chờ 1.5s để hệ thống ổn định trước khi start queue...
[INFO] [1781248169.982486639] [cartesian_streamer]: Enable: StartPointQueueMode...
[INFO] [1781248171.508080001] [cartesian_streamer]: StartPointQueueMode response: code=1, msg=""
[INFO] [1781248171.508707025] [cartesian_streamer]: ✓ Robot ENABLED — Point Queue Mode active. Servo ON!
[INFO] [1781248171.524196241] [cartesian_streamer]: Runtime rate: state=seeding, tick_hz=0.0, queue_send_hz=0.0, ack_hz=0.0, busy_hz=0.0, retry_count=0, reject_count=0, inter_ack_ms=0.0, max_joint_delta=0.000, cumul_time=0.00s, hold_count=0, ik_mode=Local, ik_avg_ms=0.00, ik_fails=0
[INFO] [1781248171.525400442] [cartesian_streamer]: Bootstrap EE pose via FK: (-0.1620, 0.2801, 0.3785)
[INFO] [1781248171.526038774] [cartesian_streamer]: Đang stream qua service: /queue_traj_point
[INFO] [1781248171.526934089] [cartesian_streamer]: Đã gửi seed point (current joints, t=0), chờ ACK...
[INFO] [1781248171.591998889] [cartesian_streamer]: Bootstrap EE pose via FK: (-0.1620, 0.2801, 0.3785)
[INFO] [1781248171.658893028] [cartesian_streamer]: Bootstrap EE pose via FK: (-0.1620, 0.2801, 0.3785)
[INFO] [1781248171.725125138] [cartesian_streamer]: Bootstrap EE pose via FK: (-0.1620, 0.2801, 0.3785)
[INFO] [1781248171.748681632] [cartesian_streamer]: Seed ACK nhận được, bắt đầu prebuffer.
[INFO] [1781248171.749243126] [cartesian_streamer]: Queue accepted sample#1: svc=/queue_traj_point, t_cumul=0.0000s, code=1, msg="", hold=False
[INFO] [1781248171.908615497] [cartesian_streamer]: Queue accepted sample#2: svc=/queue_traj_point, t_cumul=0.2000s, code=1, msg="", hold=True
[INFO] [1781248171.938754295] [cartesian_streamer]: Queue accepted sample#3: svc=/queue_traj_point, t_cumul=0.3334s, code=1, msg="", hold=True
[INFO] [1781248172.113157054] [cartesian_streamer]: Pre-buffer hoàn tất (3 points), bắt đầu stream ổn định. Đang chờ target...
[INFO] [1781248172.113450410] [cartesian_streamer]: Queue accepted sample#4: svc=/queue_traj_point, t_cumul=0.4004s, code=1, msg="", hold=True
[INFO] [1781248172.137929761] [cartesian_streamer]: Queue accepted sample#5: svc=/queue_traj_point, t_cumul=0.5332s, code=1, msg="", hold=True
[INFO] [1781248174.313990849] [cartesian_streamer]: QueueTrajPoint accepted #20: t=2.467s, hold=True
[INFO] [1781248174.326058851] [cartesian_streamer]: IK OK → Δmax=0.0089 rad, joints: [1.572, 0.122, -1.058, 0.000, -0.391, -1.445]
[WARN] [1781248174.390971640] [cartesian_streamer]: QueueTrajPoint đã được accept nhưng joint_states hầu như không đổi. Kiểm tra: 1) Robot ở mode AUTO? 2) Servo ON? 3) E-stop cleared?
[INFO] [1781248176.138392271] [cartesian_streamer]: QueueTrajPoint accepted #40: t=4.403s, hold=False
[INFO] [1781248176.326850777] [cartesian_streamer]: IK OK → Δmax=0.0367 rad, joints: [1.533, 0.119, -0.949, 0.000, -0.503, -1.406]
[INFO] [1781248176.524243183] [cartesian_streamer]: Runtime rate: state=streaming, tick_hz=15.0, queue_send_hz=8.6, ack_hz=8.4, busy_hz=0.0, retry_count=0, reject_count=0, inter_ack_ms=114.6, max_joint_delta=0.057, cumul_time=4.74s, hold_count=0, ik_mode=Local, ik_avg_ms=1.34, ik_fails=0
[INFO] [1781248177.526619633] [cartesian_streamer]: IK delta clamped → joints: [1.501, 0.116, -0.691, 0.000, -0.768, -1.374]
[INFO] [1781248178.208609107] [cartesian_streamer]: QueueTrajPoint accepted #60: t=6.401s, hold=False
[INFO] [1781248178.391682359] [cartesian_streamer]: IK OK → Δmax=0.0359 rad, joints: [1.479, 0.194, -0.526, 0.000, -0.851, -1.352]
[INFO] [1781248180.194014354] [cartesian_streamer]: IK delta clamped → joints: [1.434, 0.426, -0.095, 0.000, -1.054, -1.307]
[INFO] [1781248180.392288885] [cartesian_streamer]: IK OK → Δmax=0.0700 rad, joints: [1.431, 0.456, -0.059, 0.000, -1.077, -1.303]
[INFO] [1781248180.649302555] [cartesian_streamer]: QueueTrajPoint accepted #80: t=8.537s, hold=False
[INFO] [1781248181.591515815] [cartesian_streamer]: Runtime rate: state=streaming, tick_hz=15.0, queue_send_hz=8.9, ack_hz=9.1, busy_hz=0.0, retry_count=0, reject_count=0, inter_ack_ms=110.8, max_joint_delta=0.073, cumul_time=9.47s, hold_count=0, ik_mode=Local, ik_avg_ms=1.43, ik_fails=0
[INFO] [1781248182.392309726] [cartesian_streamer]: IK OK → Δmax=0.0263 rad, joints: [1.398, 0.711, 0.432, 0.000, -1.292, -1.271]
[INFO] [1781248182.844941034] [cartesian_streamer]: QueueTrajPoint accepted #100: t=10.669s, hold=False
[INFO] [1781248184.392945298] [cartesian_streamer]: IK OK → Δmax=0.0222 rad, joints: [1.371, 0.883, 0.723, 0.000, -1.411, -1.244]
[INFO] [1781248184.477628997] [cartesian_streamer]: QueueTrajPoint accepted #120: t=12.404s, hold=False
[INFO] [1781248186.461251552] [cartesian_streamer]: IK OK → Δmax=0.0048 rad, joints: [1.351, 0.918, 0.767, 0.000, -1.421, -1.224]
[INFO] [1781248186.657950120] [cartesian_streamer]: Runtime rate: state=streaming, tick_hz=15.0, queue_send_hz=10.1, ack_hz=10.1, busy_hz=0.0, retry_count=0, reject_count=0, inter_ack_ms=99.5, max_joint_delta=0.064, cumul_time=14.34s, hold_count=0, ik_mode=Local, ik_avg_ms=1.29, ik_fails=0
[INFO] [1781248186.781080463] [cartesian_streamer]: QueueTrajPoint accepted #140: t=14.404s, hold=False
[INFO] [1781248188.524487401] [cartesian_streamer]: IK OK → Δmax=0.0000 rad, joints: [1.327, 0.886, 0.699, 0.000, -1.384, -1.200]
[INFO] [1781248189.242972012] [cartesian_streamer]: QueueTrajPoint accepted #160: t=16.670s, hold=False
[INFO] [1781248190.525495277] [cartesian_streamer]: IK OK → Δmax=0.0000 rad, joints: [1.327, 0.886, 0.699, 0.000, -1.384, -1.200]
[INFO] [1781248191.724670793] [cartesian_streamer]: Runtime rate: state=streaming, tick_hz=15.0, queue_send_hz=7.5, ack_hz=7.3, busy_hz=0.0, retry_count=0, reject_count=0, inter_ack_ms=134.8, max_joint_delta=0.048, cumul_time=18.93s, hold_count=0, ik_mode=Local, ik_avg_ms=1.09, ik_fails=0
[INFO] [1781248192.110802182] [cartesian_streamer]: QueueTrajPoint accepted #180: t=19.267s, hold=False
[INFO] [1781248192.526291712] [cartesian_streamer]: IK OK → Δmax=0.0068 rad, joints: [1.321, 0.918, 0.770, 0.000, -1.422, -1.194]
[INFO] [1781248194.313019013] [cartesian_streamer]: QueueTrajPoint accepted #200: t=21.467s, hold=False
[INFO] [1781248194.592342594] [cartesian_streamer]: IK OK → Δmax=0.0236 rad, joints: [1.318, 0.980, 0.941, 0.000, -1.533, -1.191]
[INFO] [1781248196.594525839] [cartesian_streamer]: IK OK → Δmax=0.0084 rad, joints: [1.304, 0.878, 0.706, 0.000, -1.399, -1.177]
[INFO] [1781248196.605019214] [cartesian_streamer]: QueueTrajPoint accepted #220: t=23.670s, hold=False
[INFO] [1781248196.791078278] [cartesian_streamer]: Runtime rate: state=streaming, tick_hz=15.0, queue_send_hz=8.7, ack_hz=8.9, busy_hz=0.0, retry_count=0, reject_count=0, inter_ack_ms=114.9, max_joint_delta=0.057, cumul_time=23.73s, hold_count=0, ik_mode=Local, ik_avg_ms=1.03, ik_fails=0
[INFO] [1781248198.659662170] [cartesian_streamer]: IK OK → Δmax=0.0038 rad, joints: [1.343, 0.916, 0.694, 0.000, -1.349, -1.216]
[INFO] [1781248198.981489251] [cartesian_streamer]: QueueTrajPoint accepted #240: t=25.799s, hold=False
[INFO] [1781248200.659830067] [cartesian_streamer]: IK OK → Δmax=0.0290 rad, joints: [1.369, 0.888, 0.647, 0.000, -1.331, -1.242]
[INFO] [1781248201.246668554] [cartesian_streamer]: QueueTrajPoint accepted #260: t=27.934s, hold=False
[INFO] [1781248201.857833201] [cartesian_streamer]: Runtime rate: state=streaming, tick_hz=15.0, queue_send_hz=8.9, ack_hz=8.9, busy_hz=0.0, retry_count=0, reject_count=0, inter_ack_ms=111.7, max_joint_delta=0.050, cumul_time=28.60s, hold_count=0, ik_mode=Local, ik_avg_ms=1.04, ik_fails=0
[INFO] [1781248202.725244273] [cartesian_streamer]: IK OK → Δmax=0.0353 rad, joints: [1.345, 0.858, 0.696, 0.000, -1.409, -1.218]
[INFO] [1781248203.210365962] [cartesian_streamer]: QueueTrajPoint accepted #280: t=30.002s, hold=False
[INFO] [1781248204.726471794] [cartesian_streamer]: IK OK → Δmax=0.0000 rad, joints: [1.353, 0.947, 0.819, 0.000, -1.444, -1.226]
[INFO] [1781248205.249915722] [cartesian_streamer]: QueueTrajPoint accepted #300: t=31.934s, hold=False
[INFO] [1781248206.791857005] [cartesian_streamer]: IK OK → Δmax=0.0000 rad, joints: [1.358, 0.957, 0.804, 0.000, -1.419, -1.231]
[INFO] [1781248206.924322409] [cartesian_streamer]: Runtime rate: state=streaming, tick_hz=15.0, queue_send_hz=9.7, ack_hz=9.5, busy_hz=0.0, retry_count=0, reject_count=0, inter_ack_ms=105.1, max_joint_delta=0.064, cumul_time=33.60s, hold_count=0, ik_mode=Local, ik_avg_ms=1.02, ik_fails=0
[INFO] [1781248207.797105051] [cartesian_streamer]: QueueTrajPoint accepted #320: t=34.336s, hold=False
[INFO] [1781248208.791954779] [cartesian_streamer]: IK OK → Δmax=0.0000 rad, joints: [1.358, 0.957, 0.804, 0.000, -1.419, -1.231]
[INFO] [1781248210.473588380] [cartesian_streamer]: QueueTrajPoint accepted #340: t=36.803s, hold=False
[INFO] [1781248210.858145807] [cartesian_streamer]: IK OK → Δmax=0.0000 rad, joints: [1.358, 0.957, 0.804, 0.000, -1.419, -1.231]
[WARN] [1781248211.724433957] [cartesian_streamer]: QueueTrajPoint đã được accept nhưng joint_states hầu như không đổi. Kiểm tra: 1) Robot ở mode AUTO? 2) Servo ON? 3) E-stop cleared?
[INFO] [1781248211.991110131] [cartesian_streamer]: Runtime rate: state=streaming, tick_hz=15.0, queue_send_hz=7.1, ack_hz=7.1, busy_hz=0.0, retry_count=0, reject_count=0, inter_ack_ms=140.6, max_joint_delta=0.000, cumul_time=38.14s, hold_count=0, ik_mode=Local, ik_avg_ms=0.93, ik_fails=0
[WARN] [1781248211.991718586] [cartesian_streamer]: Target stream stale: không có target mới trong 6.0s
[INFO] [1781248212.858611904] [cartesian_streamer]: IK OK → Δmax=0.0000 rad, joints: [1.358, 0.957, 0.804, 0.000, -1.419, -1.231]
[INFO] [1781248213.469705014] [cartesian_streamer]: QueueTrajPoint accepted #360: t=39.402s, hold=False
[INFO] [1781248214.926462774] [cartesian_streamer]: IK OK → Δmax=0.0178 rad, joints: [1.361, 0.946, 0.786, 0.000, -1.412, -1.234]
[WARN] [1781248216.135738122] [cartesian_streamer]: Queue BUSY, sẽ resend (backoff 66ms): msg="Busy processing the previous trajectory point. Please resend the next point shortly"
[INFO] [1781248216.380627260] [cartesian_streamer]: QueueTrajPoint accepted #380: t=41.801s, hold=False
[INFO] [1781248216.991139346] [cartesian_streamer]: Runtime rate: state=streaming, tick_hz=15.0, queue_send_hz=7.0, ack_hz=7.0, busy_hz=0.2, retry_count=1, reject_count=0, inter_ack_ms=143.5, max_joint_delta=0.029, cumul_time=42.33s, hold_count=0, ik_mode=Local, ik_avg_ms=0.87, ik_fails=0
[WARN] [1781248216.991767054] [cartesian_streamer]: Target stream stale: không có target mới trong 2.1s
[INFO] [1781248216.993013876] [cartesian_streamer]: IK OK → Δmax=0.0000 rad, joints: [1.363, 0.939, 0.776, 0.000, -1.408, -1.236]
[INFO] [1781248218.561599198] [cartesian_streamer]: Disable Robot: dừng stream, tắt traj mode...
[INFO] [1781248218.562588865] [cartesian_streamer]: ✗ Robot DISABLED.
[INFO] [1781248303.170239675] [cartesian_streamer]: Graceful shutdown: tắt Point Queue Mode trước khi thoát...
[INFO] [1781248303.171196327] [cartesian_streamer]: Robot chưa enable, không cần stop_traj_mode.
[INFO] [1781248303.172143588] [cartesian_streamer]: Shutdown hoàn tất. Tủ điện sẽ KHÔNG bị alarm.
