[INFO] [1781229494.590312279] [coord_transform]: CoordTransformNode khởi động.
  Object offset (cam frame): [0.05 0.   0.1 ]
  Translation cam→base:      [0.5 0.  1.2]
  EE orientation (xyzw):     [0.0, 1.0, 0.0, 0.0]
  Prediction step:           5
  Axis remap:                [0, 1, 2]
  Axis sign:                 [-1.0, 1.0, 1.0]
  Workspace X: (-1.0, 1.0), Y: (-0.5, 1.3), Z: (0.05, 1.5)
  Filter outlier_threshold:  0.15m
  Filter median_size_y:      3
  Filter deadband_tol:       35.0mm
  Filter stationary_thresh:  3 frames
  Filter max_rate:           5.0cm/frame
  Filter EMA moving(x,y,z):  (0.75,0.5,0.75)
  Filter EMA hold  (x,y,z):  (0.08,0.02,0.05)
[INFO] [1781229606.603374479] [coord_transform]: Trạng thái tracking: STOPPED
[WARN] [1781229622.735194659] [coord_transform]: Outlier rejected #1 (jumped 1906.2mm). Ignoring.
[WARN] [1781229622.765648278] [coord_transform]: Outlier rejected #2 (jumped 568.9mm). Ignoring.
[WARN] [1781229623.451905740] [coord_transform]: Outlier rejected #3 (jumped 1374.8mm). Ignoring.
[WARN] [1781229623.499744700] [coord_transform]: Outlier rejected #4 (jumped 1394.2mm). Ignoring.
[INFO] [1781229623.535673184] [coord_transform]: Too many outliers (5). Resetting filter to new position.
[WARN] [1781229623.727365618] [coord_transform]: Outlier rejected #1 (jumped 228.4mm). Ignoring.
[WARN] [1781229623.760795361] [coord_transform]: Outlier rejected #2 (jumped 282.7mm). Ignoring.
[WARN] [1781229623.793805126] [coord_transform]: Outlier rejected #3 (jumped 290.7mm). Ignoring.
[WARN] [1781229623.826117244] [coord_transform]: Outlier rejected #4 (jumped 323.5mm). Ignoring.
[INFO] [1781229624.054966086] [coord_transform]: Too many outliers (5). Resetting filter to new position.
[WARN] [1781229626.135825953] [coord_transform]: Outlier rejected #1 (jumped 896.0mm). Ignoring.
[WARN] [1781229626.175021599] [coord_transform]: Outlier rejected #2 (jumped 914.7mm). Ignoring.
[WARN] [1781229626.208202602] [coord_transform]: Outlier rejected #3 (jumped 920.1mm). Ignoring.
[WARN] [1781229626.241516932] [coord_transform]: Outlier rejected #4 (jumped 958.3mm). Ignoring.
[INFO] [1781229626.446339468] [coord_transform]: Too many outliers (5). Resetting filter to new position.
[WARN] [1781229626.704100712] [coord_transform]: Outlier rejected #1 (jumped 385.3mm). Ignoring.
[WARN] [1781229626.731228080] [coord_transform]: Outlier rejected #2 (jumped 432.7mm). Ignoring.
[WARN] [1781229626.764287776] [coord_transform]: Outlier rejected #3 (jumped 485.8mm). Ignoring.
[WARN] [1781229626.878205093] [coord_transform]: Outlier rejected #4 (jumped 627.8mm). Ignoring.
[INFO] [1781229626.944120817] [coord_transform]: Too many outliers (5). Resetting filter to new position.
[WARN] [1781229627.121466916] [coord_transform]: Outlier rejected #1 (jumped 1966.9mm). Ignoring.
[WARN] [1781229627.148237657] [coord_transform]: Outlier rejected #2 (jumped 1962.3mm). Ignoring.
[WARN] [1781229627.186687965] [coord_transform]: Outlier rejected #3 (jumped 1947.6mm). Ignoring.
[WARN] [1781229627.215038481] [coord_transform]: Outlier rejected #4 (jumped 1927.4mm). Ignoring.
[INFO] [1781229627.246052633] [coord_transform]: Too many outliers (5). Resetting filter to new position.
