[INFO] [1781088027.994386863] [motoros2_mock]: ╔══════════════════════════════════════════════╗
║   MotoROS2 Mock Node — Simulation Mode      ║
║   Tất cả /* services đã sẵn sàng            ║
║   (node_namespace="" — không prefix)         ║
╚══════════════════════════════════════════════╝
[INFO] [1781088059.164370493] [motoros2_mock]: ✓ StartPointQueueMode → READY (mock)
[INFO] [1781088059.170728288] [motoros2_mock]: ✓ StartPointQueueMode → READY (mock)
[INFO] [1781088059.203574837] [motoros2_mock]: QueueTrajPoint #1 → forwarded to JTC. joints=[1.571, 0.075, -1.049, -0.030, -0.523, -0.002]
[INFO] [1781088059.239386756] [motoros2_mock]: QueueTrajPoint #2 → forwarded to JTC. joints=[1.571, 0.075, -1.049, -0.030, -0.523, -0.002]
[INFO] [1781088059.260758939] [motoros2_mock]: QueueTrajPoint #3 → forwarded to JTC. joints=[1.571, 0.075, -1.049, -0.030, -0.523, -0.002]
[INFO] [1781088060.728828722] [motoros2_mock]: QueueTrajPoint #50 → forwarded to JTC. joints=[1.541, 0.063, -1.033, -0.000, -0.530, -0.002]
[INFO] [1781088062.328141742] [motoros2_mock]: QueueTrajPoint #100 → forwarded to JTC. joints=[1.540, 0.063, -1.033, -0.000, -0.530, -0.002]
[INFO] [1781088063.908679276] [motoros2_mock]: QueueTrajPoint #150 → forwarded to JTC. joints=[1.348, 0.028, -1.074, 0.004, -0.546, 0.191]
[INFO] [1781088065.462357853] [motoros2_mock]: QueueTrajPoint #200 → forwarded to JTC. joints=[1.070, -0.008, -1.076, 0.042, -0.576, 0.435]
[INFO] [1781088067.036567394] [motoros2_mock]: QueueTrajPoint #250 → forwarded to JTC. joints=[1.069, -0.009, -1.077, 0.043, -0.577, 0.436]
[INFO] [1781088068.638205512] [motoros2_mock]: QueueTrajPoint #300 → forwarded to JTC. joints=[1.069, -0.009, -1.077, 0.043, -0.577, 0.436]
[INFO] [1781088070.193763694] [motoros2_mock]: QueueTrajPoint #350 → forwarded to JTC. joints=[1.074, -0.005, -1.077, 0.038, -0.574, 0.413]
[INFO] [1781088071.768979357] [motoros2_mock]: QueueTrajPoint #400 → forwarded to JTC. joints=[1.069, -0.009, -1.077, 0.043, -0.577, 0.436]
[INFO] [1781088073.326072071] [motoros2_mock]: QueueTrajPoint #450 → forwarded to JTC. joints=[1.069, -0.008, -1.076, 0.042, -0.577, 0.436]
[INFO] [1781088074.906000255] [motoros2_mock]: QueueTrajPoint #500 → forwarded to JTC. joints=[0.905, 0.005, -0.913, 0.053, -0.723, 0.596]
[INFO] [1781088076.460192369] [motoros2_mock]: QueueTrajPoint #550 → forwarded to JTC. joints=[0.976, -0.014, -0.989, 0.000, -0.526, 0.445]
[INFO] [1781088078.038113955] [motoros2_mock]: QueueTrajPoint #600 → forwarded to JTC. joints=[1.087, 0.042, -0.935, 0.035, -0.668, 0.426]
[INFO] [1781088079.637438007] [motoros2_mock]: QueueTrajPoint #650 → forwarded to JTC. joints=[1.416, 0.130, -0.926, -0.006, -0.592, 0.131]
[INFO] [1781088081.193864957] [motoros2_mock]: QueueTrajPoint #700 → forwarded to JTC. joints=[1.411, 0.120, -0.930, -0.005, -0.598, 0.135]
[INFO] [1781088082.769781084] [motoros2_mock]: QueueTrajPoint #750 → forwarded to JTC. joints=[1.411, 0.121, -0.929, -0.005, -0.598, 0.135]
[INFO] [1781088084.325737871] [motoros2_mock]: QueueTrajPoint #800 → forwarded to JTC. joints=[1.461, 0.056, -0.811, -0.029, -0.721, 0.094]
[INFO] [1781088085.902782788] [motoros2_mock]: QueueTrajPoint #850 → forwarded to JTC. joints=[1.542, 0.081, -0.526, -0.015, -1.040, 0.008]
[INFO] [1781088087.492784037] [motoros2_mock]: QueueTrajPoint #900 → forwarded to JTC. joints=[1.768, 0.309, -0.800, -0.138, -0.446, -0.204]
[INFO] [1781088089.063738494] [motoros2_mock]: QueueTrajPoint #950 → forwarded to JTC. joints=[1.696, -0.075, -0.441, -0.030, -1.279, -0.133]
[INFO] [1781088090.635179609] [motoros2_mock]: QueueTrajPoint #1000 → forwarded to JTC. joints=[1.702, -0.070, -0.450, -0.026, -1.264, -0.151]
[INFO] [1781088092.194902060] [motoros2_mock]: QueueTrajPoint #1050 → forwarded to JTC. joints=[1.702, -0.069, -0.451, -0.026, -1.264, -0.151]
[INFO] [1781088093.769421968] [motoros2_mock]: QueueTrajPoint #1100 → forwarded to JTC. joints=[1.702, -0.070, -0.450, -0.026, -1.264, -0.151]
[INFO] [1781088095.327405011] [motoros2_mock]: QueueTrajPoint #1150 → forwarded to JTC. joints=[1.688, 0.064, -0.414, -0.008, -1.112, -0.170]
[INFO] [1781088095.586672026] [motoros2_mock]: MotoROS2 Mock Node shutdown.
