[INFO] [1781085910.826577448] [cartesian_streamer]: CartesianStreamer khởi động (chờ Enable Robot từ UI).
  Stream rate:       15 Hz (period=66.7ms)
  Queue dt:          0.067 s
  Prebuffer points:  3
  Retry backoff:     66.0 ms
  Gửi PoseStamped lên: /cartesian_streamer/target_pose
  Gửi XYZ lên:        /cartesian_streamer/target_xyz
  Nhận EE pose tại:   /cartesian_streamer/current_pose
[INFO] [1781085911.311620311] [cartesian_streamer]: Chờ /joint_states...
[INFO] [1781085913.311988011] [cartesian_streamer]: Chờ /joint_states...
[INFO] [1781085915.312116518] [cartesian_streamer]: Chờ /joint_states...
[INFO] [1781085917.317308858] [cartesian_streamer]: Chờ /joint_states...
[INFO] [1781085919.814307987] [cartesian_streamer]: Chờ /joint_states...
[INFO] [1781085922.312266772] [cartesian_streamer]: Chờ /joint_states...
[INFO] [1781085924.312729782] [cartesian_streamer]: Chờ /joint_states...
[INFO] [1781085926.812198723] [cartesian_streamer]: Chờ /joint_states...
[INFO] [1781085928.813054260] [cartesian_streamer]: Chờ /joint_states...
[INFO] [1781085931.313630499] [cartesian_streamer]: Chờ /joint_states...
[INFO] [1781085933.813477091] [cartesian_streamer]: Chờ /joint_states...
[INFO] [1781085936.313349679] [cartesian_streamer]: Chờ /joint_states...
[INFO] [1781085938.813765694] [cartesian_streamer]: Chờ /joint_states...
[INFO] [1781085941.313284326] [cartesian_streamer]: Chờ /joint_states...
[INFO] [1781085943.813351013] [cartesian_streamer]: Chờ /joint_states...
[INFO] [1781085945.813900508] [cartesian_streamer]: Chờ /joint_states...
[INFO] [1781085948.312698620] [cartesian_streamer]: Chờ /joint_states...
[INFO] [1781085950.313056489] [cartesian_streamer]: Chờ /joint_states...
[INFO] [1781085952.313094567] [cartesian_streamer]: Chờ /joint_states...
[INFO] [1781085954.812759857] [cartesian_streamer]: Chờ /joint_states...
[INFO] [1781085956.813046805] [cartesian_streamer]: Chờ /joint_states...
[INFO] [1781085958.815177766] [cartesian_streamer]: Chờ /joint_states...
[INFO] [1781085961.312186476] [cartesian_streamer]: Chờ /joint_states...
[INFO] [1781085963.313442624] [cartesian_streamer]: Chờ /joint_states...
[INFO] [1781085963.479249617] [cartesian_streamer]: Graceful shutdown: tắt Point Queue Mode trước khi thoát...
[INFO] [1781085963.480126206] [cartesian_streamer]: Robot chưa enable, không cần stop_traj_mode.
[INFO] [1781085963.480965008] [cartesian_streamer]: Shutdown hoàn tất. Tủ điện sẽ KHÔNG bị alarm.
