[INFO] [1785899176.398650536] [motoros2_mock]: ╔══════════════════════════════════════════════╗
║   MotoROS2 Mock Node — Simulation Mode      ║
║   Tất cả /* services đã sẵn sàng            ║
║   (node_namespace="" — không prefix)         ║
╚══════════════════════════════════════════════╝
[INFO] [1785899486.829673189] [motoros2_mock]: ✓ StartPointQueueMode → READY (mock)
[INFO] [1785899486.838750480] [motoros2_mock]: QueueTrajPoint #1 → forwarded to JTC. joints=[1.571, 0.124, -1.049, 0.000, -0.398, -1.444]
[INFO] [1785899486.901867503] [motoros2_mock]: QueueTrajPoint #2 → forwarded to JTC. joints=[1.571, 0.124, -1.049, 0.000, -0.398, -1.444]
[INFO] [1785899486.968614038] [motoros2_mock]: QueueTrajPoint #3 → forwarded to JTC. joints=[1.571, 0.124, -1.049, 0.000, -0.398, -1.444]
[INFO] [1785899490.104298667] [motoros2_mock]: QueueTrajPoint #50 → forwarded to JTC. joints=[1.545, 0.064, -0.930, 0.000, -0.577, -1.418]
[INFO] [1785899493.441796926] [motoros2_mock]: QueueTrajPoint #100 → forwarded to JTC. joints=[1.375, 0.288, -0.164, 0.000, -1.120, -1.248]
[INFO] [1785899496.770642307] [motoros2_mock]: QueueTrajPoint #150 → forwarded to JTC. joints=[1.468, 0.637, 0.342, 0.000, -1.276, -1.341]
[INFO] [1785899500.106777546] [motoros2_mock]: QueueTrajPoint #200 → forwarded to JTC. joints=[1.384, 0.503, 0.344, 0.000, -1.412, -1.257]
[INFO] [1785899503.441270335] [motoros2_mock]: QueueTrajPoint #250 → forwarded to JTC. joints=[1.274, 0.557, 0.310, 0.000, -1.324, -1.146]
[INFO] [1785899506.772947202] [motoros2_mock]: QueueTrajPoint #300 → forwarded to JTC. joints=[1.366, 0.107, -0.055, 0.000, -1.410, -1.238]
[INFO] [1785899510.104277481] [motoros2_mock]: QueueTrajPoint #350 → forwarded to JTC. joints=[1.342, 0.120, 0.339, 0.000, -1.790, -1.215]
[INFO] [1785899513.438140071] [motoros2_mock]: QueueTrajPoint #400 → forwarded to JTC. joints=[1.369, 0.108, -0.509, 0.000, -0.954, -1.242]
[INFO] [1785899516.770869552] [motoros2_mock]: QueueTrajPoint #450 → forwarded to JTC. joints=[1.639, 0.440, -0.046, -0.000, -1.085, -1.512]
[INFO] [1785899520.105353718] [motoros2_mock]: QueueTrajPoint #500 → forwarded to JTC. joints=[1.320, 0.282, -0.195, 0.000, -1.094, -1.193]
[INFO] [1785899523.440545480] [motoros2_mock]: QueueTrajPoint #550 → forwarded to JTC. joints=[1.321, 0.300, -0.253, 0.000, -1.018, -1.194]
[INFO] [1785899526.771971336] [motoros2_mock]: QueueTrajPoint #600 → forwarded to JTC. joints=[1.787, 0.545, 0.145, -0.000, -1.172, -1.660]
[INFO] [1785899530.103472424] [motoros2_mock]: QueueTrajPoint #650 → forwarded to JTC. joints=[1.803, 0.557, 0.154, -0.000, -1.168, -1.676]
[INFO] [1785899533.440141193] [motoros2_mock]: QueueTrajPoint #700 → forwarded to JTC. joints=[1.492, 0.284, -0.016, 0.000, -1.272, -1.365]
[INFO] [1785899536.771654365] [motoros2_mock]: QueueTrajPoint #750 → forwarded to JTC. joints=[1.209, 0.199, -0.540, 0.000, -0.833, -1.082]
[INFO] [1785899540.106184663] [motoros2_mock]: QueueTrajPoint #800 → forwarded to JTC. joints=[1.374, 0.446, 0.137, 0.000, -1.262, -1.247]
[INFO] [1785899543.440902747] [motoros2_mock]: QueueTrajPoint #850 → forwarded to JTC. joints=[1.410, 0.529, 0.289, 0.000, -1.331, -1.282]
[INFO] [1785899546.770553519] [motoros2_mock]: QueueTrajPoint #900 → forwarded to JTC. joints=[1.450, 0.124, -0.679, 0.000, -0.768, -1.323]
[INFO] [1785899550.108474637] [motoros2_mock]: QueueTrajPoint #950 → forwarded to JTC. joints=[1.360, 0.172, -0.785, 0.000, -0.614, -1.233]
[INFO] [1785899553.438775299] [motoros2_mock]: QueueTrajPoint #1000 → forwarded to JTC. joints=[1.374, 0.311, 0.020, 0.000, -1.280, -1.247]
[INFO] [1785899557.306408450] [motoros2_mock]: QueueTrajPoint #1050 → forwarded to JTC. joints=[1.521, 0.887, 0.926, 0.000, -1.611, -1.393]
[INFO] [1785899560.638604854] [motoros2_mock]: QueueTrajPoint #1100 → forwarded to JTC. joints=[1.463, 0.623, 0.491, 0.000, -1.440, -1.336]
[INFO] [1785899563.972598291] [motoros2_mock]: QueueTrajPoint #1150 → forwarded to JTC. joints=[1.298, 0.064, -0.580, 0.000, -0.927, -1.170]
[INFO] [1785899567.309650932] [motoros2_mock]: QueueTrajPoint #1200 → forwarded to JTC. joints=[1.008, -0.199, -0.843, 0.000, -0.928, -0.881]
[INFO] [1785899570.640565035] [motoros2_mock]: QueueTrajPoint #1250 → forwarded to JTC. joints=[1.487, 0.361, -0.028, 0.000, -1.183, -1.360]
[INFO] [1785899573.970784398] [motoros2_mock]: QueueTrajPoint #1300 → forwarded to JTC. joints=[1.540, 0.612, 0.236, 0.000, -1.196, -1.412]
[INFO] [1785899577.308577442] [motoros2_mock]: QueueTrajPoint #1350 → forwarded to JTC. joints=[1.435, 0.444, 0.039, 0.000, -1.166, -1.308]
[INFO] [1785899580.641593993] [motoros2_mock]: QueueTrajPoint #1400 → forwarded to JTC. joints=[1.179, 0.470, -0.165, 0.000, -0.936, -1.052]
[INFO] [1785899583.971838046] [motoros2_mock]: QueueTrajPoint #1450 → forwarded to JTC. joints=[1.365, 0.361, -0.102, 0.000, -1.109, -1.238]
[INFO] [1785899587.310538493] [motoros2_mock]: QueueTrajPoint #1500 → forwarded to JTC. joints=[1.189, 0.251, -0.206, 0.000, -1.115, -1.062]
[INFO] [1785899590.640693167] [motoros2_mock]: QueueTrajPoint #1550 → forwarded to JTC. joints=[1.062, -0.003, -0.468, 0.000, -1.107, -0.935]
[INFO] [1785899593.972987903] [motoros2_mock]: QueueTrajPoint #1600 → forwarded to JTC. joints=[1.098, -0.034, -0.494, 0.000, -1.112, -0.971]
[INFO] [1785899597.307173959] [motoros2_mock]: QueueTrajPoint #1650 → forwarded to JTC. joints=[1.047, -0.149, -0.563, 0.000, -1.157, -0.920]
[INFO] [1785899600.639197501] [motoros2_mock]: QueueTrajPoint #1700 → forwarded to JTC. joints=[0.810, -0.237, -0.667, 0.001, -1.142, -0.683]
[INFO] [1785899603.971459982] [motoros2_mock]: QueueTrajPoint #1750 → forwarded to JTC. joints=[1.296, 0.236, -0.265, 0.000, -1.071, -1.169]
[INFO] [1785899607.306018606] [motoros2_mock]: QueueTrajPoint #1800 → forwarded to JTC. joints=[1.491, 0.439, 0.031, 0.000, -1.164, -1.363]
[INFO] [1785899610.639066715] [motoros2_mock]: QueueTrajPoint #1850 → forwarded to JTC. joints=[1.509, 0.562, 0.194, 0.000, -1.203, -1.382]
[INFO] [1785899613.971906077] [motoros2_mock]: QueueTrajPoint #1900 → forwarded to JTC. joints=[1.466, 0.169, -0.616, 0.000, -0.787, -1.339]
[INFO] [1785899617.304185496] [motoros2_mock]: QueueTrajPoint #1950 → forwarded to JTC. joints=[1.268, 0.060, -0.414, 0.000, -1.098, -1.141]
[INFO] [1785899620.640485458] [motoros2_mock]: QueueTrajPoint #2000 → forwarded to JTC. joints=[1.244, 0.513, 0.193, 0.000, -1.252, -1.117]
[INFO] [1785899623.972430164] [motoros2_mock]: QueueTrajPoint #2050 → forwarded to JTC. joints=[1.290, 0.511, 0.204, 0.000, -1.265, -1.163]
[INFO] [1785899627.306524592] [motoros2_mock]: QueueTrajPoint #2100 → forwarded to JTC. joints=[1.305, -0.013, -0.612, 0.000, -0.973, -1.178]
[INFO] [1785899630.639264361] [motoros2_mock]: QueueTrajPoint #2150 → forwarded to JTC. joints=[1.164, -0.173, -0.819, 0.000, -0.925, -1.037]
[INFO] [1785899633.971547775] [motoros2_mock]: QueueTrajPoint #2200 → forwarded to JTC. joints=[1.163, -0.174, -0.820, 0.000, -0.925, -1.036]
[INFO] [1785899637.304538565] [motoros2_mock]: QueueTrajPoint #2250 → forwarded to JTC. joints=[1.163, -0.174, -0.820, 0.000, -0.925, -1.036]
[INFO] [1785899640.641517637] [motoros2_mock]: QueueTrajPoint #2300 → forwarded to JTC. joints=[1.366, 0.063, -0.414, 0.000, -1.094, -1.239]
[INFO] [1785899643.973658759] [motoros2_mock]: QueueTrajPoint #2350 → forwarded to JTC. joints=[1.504, 0.587, 0.238, 0.000, -1.223, -1.377]
[INFO] [1785899647.307058986] [motoros2_mock]: QueueTrajPoint #2400 → forwarded to JTC. joints=[1.299, 0.299, -0.533, 0.000, -0.739, -1.172]
[INFO] [1785899650.643278296] [motoros2_mock]: QueueTrajPoint #2450 → forwarded to JTC. joints=[1.585, 0.484, -0.041, -0.000, -1.046, -1.458]
[INFO] [1785899653.975917593] [motoros2_mock]: QueueTrajPoint #2500 → forwarded to JTC. joints=[1.456, 0.519, 0.069, 0.000, -1.121, -1.329]
[INFO] [1785899657.306446545] [motoros2_mock]: QueueTrajPoint #2550 → forwarded to JTC. joints=[1.380, 0.143, -0.276, 0.000, -1.153, -1.253]
[INFO] [1785899660.639472919] [motoros2_mock]: QueueTrajPoint #2600 → forwarded to JTC. joints=[1.386, 0.232, -0.188, 0.000, -1.151, -1.259]
[INFO] [1785899663.974657960] [motoros2_mock]: QueueTrajPoint #2650 → forwarded to JTC. joints=[1.412, 0.183, -0.259, 0.000, -1.129, -1.285]
[INFO] [1785899667.304844132] [motoros2_mock]: QueueTrajPoint #2700 → forwarded to JTC. joints=[1.418, 0.187, -0.256, 0.000, -1.129, -1.291]
[INFO] [1785900578.828463446] [motoros2_mock]: MotoROS2 Mock Node shutdown.
