[INFO] [1779789166.864966662] [coord_transform]: CoordTransformNode khởi động.
  Object offset (cam frame): [0.05 0.   0.1 ]
  Translation cam→base:      [0.5 0.  1.2]
  EE orientation (xyzw):     [0.0, 1.0, 0.0, 0.0]
  Prediction step:           5
  Axis remap:                [0, 1, 2]
  Axis sign:                 [-1.0, 1.0, 1.0]
  Workspace X: (-1.0, 1.0), Y: (-0.5, 1.3), Z: (0.05, 1.5)
  Filter outlier_threshold:  0.15m
  Filter median_size_y:      3
  Filter deadband_tol:       25.0mm
  Filter stationary_thresh:  3 frames
  Filter max_rate:           5.0cm/frame
  Filter EMA moving(x,y,z):  (0.75,0.5,0.75)
  Filter EMA hold  (x,y,z):  (0.08,0.02,0.05)
[WARN] [1779789177.174232940] [coord_transform]: Outlier rejected #1 (jumped 250.3mm). Ignoring.
[WARN] [1779789177.212011485] [coord_transform]: Outlier rejected #2 (jumped 247.9mm). Ignoring.
[WARN] [1779789177.245502078] [coord_transform]: Outlier rejected #3 (jumped 257.5mm). Ignoring.
[WARN] [1779789177.275328612] [coord_transform]: Outlier rejected #4 (jumped 1459.3mm). Ignoring.
[INFO] [1779789177.309464742] [coord_transform]: Too many outliers (5). Resetting filter to new position.
[WARN] [1779789177.343601904] [coord_transform]: Outlier rejected #1 (jumped 160.6mm). Ignoring.
[WARN] [1779789177.378902715] [coord_transform]: Outlier rejected #2 (jumped 329.0mm). Ignoring.
[WARN] [1779789177.441244709] [coord_transform]: Outlier rejected #3 (jumped 1200.9mm). Ignoring.
[WARN] [1779789177.476562211] [coord_transform]: Outlier rejected #4 (jumped 1221.6mm). Ignoring.
[INFO] [1779789177.508134542] [coord_transform]: Too many outliers (5). Resetting filter to new position.
[WARN] [1779789186.761365367] [coord_transform]: Outlier rejected #1 (jumped 329.7mm). Ignoring.
[WARN] [1779789186.784068362] [coord_transform]: Outlier rejected #2 (jumped 341.5mm). Ignoring.
[WARN] [1779789186.815642791] [coord_transform]: Outlier rejected #3 (jumped 320.6mm). Ignoring.
[WARN] [1779789186.882623494] [coord_transform]: Outlier rejected #4 (jumped 296.1mm). Ignoring.
[INFO] [1779789212.030278370] [coord_transform]: Too many outliers (5). Resetting filter to new position.
[WARN] [1779789221.325218407] [coord_transform]: Outlier rejected #1 (jumped 403.3mm). Ignoring.
[WARN] [1779789223.302052177] [coord_transform]: Outlier rejected #2 (jumped 303.3mm). Ignoring.
[WARN] [1779789223.332162515] [coord_transform]: Outlier rejected #3 (jumped 316.9mm). Ignoring.
[WARN] [1779789224.578881696] [coord_transform]: Outlier rejected #4 (jumped 793.9mm). Ignoring.
[INFO] [1779789224.617399422] [coord_transform]: Too many outliers (5). Resetting filter to new position.
[WARN] [1779789224.779271583] [coord_transform]: Outlier rejected #1 (jumped 189.0mm). Ignoring.
[WARN] [1779789224.820174193] [coord_transform]: Outlier rejected #2 (jumped 185.4mm). Ignoring.
[WARN] [1779789224.855832565] [coord_transform]: Outlier rejected #3 (jumped 181.2mm). Ignoring.
[WARN] [1779789224.886914618] [coord_transform]: Outlier rejected #4 (jumped 157.6mm). Ignoring.
[INFO] [1779789224.921868301] [coord_transform]: Too many outliers (5). Resetting filter to new position.
[WARN] [1779789230.285122444] [coord_transform]: Outlier rejected #1 (jumped 469.6mm). Ignoring.
[WARN] [1779789239.826980544] [coord_transform]: Outlier rejected #1 (jumped 156.1mm). Ignoring.
[WARN] [1779789239.862821261] [coord_transform]: Outlier rejected #2 (jumped 185.4mm). Ignoring.
[WARN] [1779789239.898017647] [coord_transform]: Outlier rejected #3 (jumped 178.9mm). Ignoring.
[WARN] [1779789241.060356450] [coord_transform]: Outlier rejected #1 (jumped 163.6mm). Ignoring.
[WARN] [1779789241.092388085] [coord_transform]: Outlier rejected #2 (jumped 192.3mm). Ignoring.
[WARN] [1779789241.131715787] [coord_transform]: Outlier rejected #3 (jumped 217.1mm). Ignoring.
[WARN] [1779789241.160567976] [coord_transform]: Outlier rejected #4 (jumped 246.1mm). Ignoring.
[INFO] [1779789241.193963147] [coord_transform]: Too many outliers (5). Resetting filter to new position.
[WARN] [1779789241.532366122] [coord_transform]: Outlier rejected #1 (jumped 269.6mm). Ignoring.
[WARN] [1779789241.861754233] [coord_transform]: Outlier rejected #1 (jumped 533.9mm). Ignoring.
[WARN] [1779789246.665852721] [coord_transform]: Outlier rejected #1 (jumped 886.3mm). Ignoring.
[WARN] [1779789247.192284107] [coord_transform]: Outlier rejected #2 (jumped 1093.5mm). Ignoring.
[WARN] [1779789600.197647847] [coord_transform]: Outlier rejected #3 (jumped 1117.4mm). Ignoring.
[WARN] [1779789637.192219801] [coord_transform]: Outlier rejected #4 (jumped 2343.2mm). Ignoring.
[INFO] [1779789637.219153091] [coord_transform]: Too many outliers (5). Resetting filter to new position.
[WARN] [1779789637.593290458] [coord_transform]: Outlier rejected #1 (jumped 2789.7mm). Ignoring.
[WARN] [1779789637.624761527] [coord_transform]: Outlier rejected #2 (jumped 2772.1mm). Ignoring.
[WARN] [1779789637.655784533] [coord_transform]: Outlier rejected #3 (jumped 2751.9mm). Ignoring.
[WARN] [1779789637.682691605] [coord_transform]: Outlier rejected #4 (jumped 2723.2mm). Ignoring.
[INFO] [1779789637.716033063] [coord_transform]: Too many outliers (5). Resetting filter to new position.
[WARN] [1779789638.081636277] [coord_transform]: Outlier rejected #1 (jumped 260.6mm). Ignoring.
[WARN] [1779789638.114116839] [coord_transform]: Outlier rejected #2 (jumped 247.8mm). Ignoring.
[WARN] [1779789638.156132001] [coord_transform]: Outlier rejected #3 (jumped 490.0mm). Ignoring.
[WARN] [1779789638.195561076] [coord_transform]: Outlier rejected #4 (jumped 330.5mm). Ignoring.
[INFO] [1779789638.225283906] [coord_transform]: Too many outliers (5). Resetting filter to new position.
[WARN] [1779789639.579608900] [coord_transform]: Outlier rejected #1 (jumped 573.2mm). Ignoring.
[WARN] [1779789639.618110197] [coord_transform]: Outlier rejected #2 (jumped 586.6mm). Ignoring.
[WARN] [1779789639.654138641] [coord_transform]: Outlier rejected #3 (jumped 598.9mm). Ignoring.
[WARN] [1779789639.694925054] [coord_transform]: Outlier rejected #4 (jumped 625.5mm). Ignoring.
[INFO] [1779789639.732807062] [coord_transform]: Too many outliers (5). Resetting filter to new position.
[WARN] [1779789643.097565568] [coord_transform]: Outlier rejected #1 (jumped 188.5mm). Ignoring.
[WARN] [1779789643.189201165] [coord_transform]: Outlier rejected #2 (jumped 266.8mm). Ignoring.
[WARN] [1779789643.218778154] [coord_transform]: Outlier rejected #3 (jumped 247.9mm). Ignoring.
[WARN] [1779789652.152553021] [coord_transform]: Outlier rejected #4 (jumped 736.5mm). Ignoring.
[INFO] [1779789652.191199482] [coord_transform]: Too many outliers (5). Resetting filter to new position.
[WARN] [1779789652.722465792] [coord_transform]: Outlier rejected #1 (jumped 187.9mm). Ignoring.
[WARN] [1779789652.789417414] [coord_transform]: Outlier rejected #2 (jumped 1757.3mm). Ignoring.
[WARN] [1779789652.859216158] [coord_transform]: Outlier rejected #3 (jumped 1176.4mm). Ignoring.
[WARN] [1779789652.954741603] [coord_transform]: Outlier rejected #4 (jumped 1985.1mm). Ignoring.
[INFO] [1779789652.993723043] [coord_transform]: Too many outliers (5). Resetting filter to new position.
[WARN] [1779789653.091595085] [coord_transform]: Outlier rejected #1 (jumped 1136.2mm). Ignoring.
[WARN] [1779789653.133649666] [coord_transform]: Outlier rejected #2 (jumped 1140.8mm). Ignoring.
[WARN] [1779789653.171373087] [coord_transform]: Outlier rejected #3 (jumped 1146.5mm). Ignoring.
[WARN] [1779789653.208113137] [coord_transform]: Outlier rejected #4 (jumped 1147.9mm). Ignoring.
[INFO] [1779789653.242611916] [coord_transform]: Too many outliers (5). Resetting filter to new position.
[WARN] [1779789656.193900648] [coord_transform]: Outlier rejected #1 (jumped 2315.2mm). Ignoring.
[WARN] [1779789657.993023110] [coord_transform]: Outlier rejected #1 (jumped 344.4mm). Ignoring.
[WARN] [1779789658.029219516] [coord_transform]: Outlier rejected #2 (jumped 359.8mm). Ignoring.
[WARN] [1779789658.455452535] [coord_transform]: Outlier rejected #3 (jumped 385.6mm). Ignoring.
[WARN] [1779789658.585880101] [coord_transform]: Outlier rejected #4 (jumped 359.6mm). Ignoring.
[INFO] [1779789658.624011887] [coord_transform]: Too many outliers (5). Resetting filter to new position.
[WARN] [1779789659.015923628] [coord_transform]: Outlier rejected #1 (jumped 211.1mm). Ignoring.
[WARN] [1779789659.052491697] [coord_transform]: Outlier rejected #2 (jumped 190.6mm). Ignoring.
[WARN] [1779789659.087476471] [coord_transform]: Outlier rejected #3 (jumped 207.3mm). Ignoring.
[WARN] [1779789659.129501258] [coord_transform]: Outlier rejected #4 (jumped 346.6mm). Ignoring.
[INFO] [1779789659.167270277] [coord_transform]: Too many outliers (5). Resetting filter to new position.
[WARN] [1779789659.235808542] [coord_transform]: Outlier rejected #1 (jumped 366.3mm). Ignoring.
[WARN] [1779789659.270262078] [coord_transform]: Outlier rejected #2 (jumped 419.2mm). Ignoring.
[WARN] [1779789659.305468469] [coord_transform]: Outlier rejected #3 (jumped 386.9mm). Ignoring.
[WARN] [1779789659.379029494] [coord_transform]: Outlier rejected #1 (jumped 386.6mm). Ignoring.
[WARN] [1779789659.460161513] [coord_transform]: Outlier rejected #2 (jumped 155.1mm). Ignoring.
[WARN] [1779789659.492657543] [coord_transform]: Outlier rejected #3 (jumped 165.7mm). Ignoring.
[WARN] [1779789659.524120749] [coord_transform]: Outlier rejected #4 (jumped 184.4mm). Ignoring.
[INFO] [1779789659.562265896] [coord_transform]: Too many outliers (5). Resetting filter to new position.
[WARN] [1779789660.560660330] [coord_transform]: Outlier rejected #1 (jumped 468.3mm). Ignoring.
[WARN] [1779789660.603299356] [coord_transform]: Outlier rejected #2 (jumped 479.3mm). Ignoring.
[WARN] [1779789660.633550294] [coord_transform]: Outlier rejected #3 (jumped 469.1mm). Ignoring.
[WARN] [1779789660.668727763] [coord_transform]: Outlier rejected #4 (jumped 463.3mm). Ignoring.
[INFO] [1779789660.702872596] [coord_transform]: Too many outliers (5). Resetting filter to new position.
[INFO] [1779789670.558130330] [coord_transform]: Đã chuyển mode: ground_truth -> prediction
[WARN] [1779789672.971380040] [coord_transform]: Outlier rejected #1 (jumped 2264.1mm). Ignoring.
[WARN] [1779789673.019457235] [coord_transform]: Outlier rejected #2 (jumped 2264.1mm). Ignoring.
[WARN] [1779789673.070932970] [coord_transform]: Outlier rejected #3 (jumped 2230.9mm). Ignoring.
[WARN] [1779789673.130460881] [coord_transform]: Outlier rejected #4 (jumped 2230.9mm). Ignoring.
[INFO] [1779789673.188626427] [coord_transform]: Too many outliers (5). Resetting filter to new position.
[INFO] [1779789678.735239606] [coord_transform]: Captured Init Pose! P_init=(-0.164, 0.263, 0.395), Cam_init=(0.038, 0.001, 0.003), Noise_Tol=60.0mm
Orientation=(0.717, 0.696, -0.032, 0.022)
[INFO] [1779789678.772455319] [coord_transform]: Deadband: RELEASE — motion detected
[INFO] [1779789678.929650001] [coord_transform]: Deadband: HOLD at (0.038, 0.001, 0.003)
[INFO] [1779789680.796313083] [coord_transform]: Deadband: RELEASE — motion detected
[INFO] [1779789680.940949808] [coord_transform]: Deadband: HOLD at (0.038, 0.001, 0.003)
[INFO] [1779789682.849293089] [coord_transform]: Deadband: RELEASE — motion detected
[INFO] [1779789682.981931278] [coord_transform]: Deadband: HOLD at (0.038, 0.001, 0.003)
[INFO] [1779789684.996049008] [coord_transform]: Deadband: HOLD at (0.038, 0.001, 0.003)
[INFO] [1779789685.037586668] [coord_transform]: Deadband: RELEASE — motion detected
[INFO] [1779789687.034198517] [coord_transform]: Deadband: HOLD at (0.038, 0.001, 0.003)
[INFO] [1779789687.068806160] [coord_transform]: Deadband: RELEASE — motion detected
[INFO] [1779789688.178515619] [coord_transform]: Re-sync camera init: [ 0.1   -0.008  0.007]
[INFO] [1779789688.179268100] [coord_transform]: Trạng thái tracking: RUNNING
[INFO] [1779789688.209925672] [coord_transform]: [PREDICTION] Transform: cam[0.101 0.037 0.012] → base[-0.165  0.308  0.4  ]
[INFO] [1779789688.484774495] [coord_transform]: [SNAP ON] Tay đứng yên, GRU lệch 6.6cm (< 10cm). Snap prediction về actual hand.
[INFO] [1779789689.048475039] [coord_transform]: Deadband: HOLD at (0.100, -0.008, 0.007)
[INFO] [1779789689.100133220] [coord_transform]: Deadband: RELEASE — motion detected
[INFO] [1779789689.547682207] [coord_transform]: [SNAP OFF] Tay di chuyển lại. Thả snap.
[INFO] [1779789689.629953914] [coord_transform]: [SNAP ON] Tay đứng yên, GRU lệch 0.0cm (< 10cm). Snap prediction về actual hand.
[INFO] [1779789689.705699285] [coord_transform]: [SNAP OFF] Tay di chuyển lại. Thả snap.
[INFO] [1779789690.218365479] [coord_transform]: [PREDICTION] Transform: cam[0.082 0.061 0.089] → base[-0.146  0.332  0.477]
[INFO] [1779789692.261087506] [coord_transform]: [PREDICTION] Transform: cam[0.049 0.365 0.275] → base[-0.112  0.636  0.663]
[INFO] [1779789694.323255051] [coord_transform]: [PREDICTION] Transform: cam[0.049 0.635 0.273] → base[-0.112  0.906  0.66 ]
[INFO] [1779789696.356359818] [coord_transform]: [PREDICTION] Transform: cam[0.058 0.894 0.079] → base[-0.122  1.166  0.467]
[INFO] [1779789698.360185331] [coord_transform]: [PREDICTION] Transform: cam[0.083 0.782 0.007] → base[-0.146  1.053  0.395]
[INFO] [1779789700.365048694] [coord_transform]: [PREDICTION] Transform: cam[ 0.055  0.773 -0.007] → base[-0.119  1.044  0.38 ]
[INFO] [1779789702.429428387] [coord_transform]: [PREDICTION] Transform: cam[0.021 0.793 0.116] → base[-0.085  1.064  0.503]
[INFO] [1779789704.447779957] [coord_transform]: [PREDICTION] Transform: cam[0.02  0.627 0.305] → base[-0.083  0.898  0.692]
[INFO] [1779789706.464535213] [coord_transform]: [PREDICTION] Transform: cam[-0.025  0.442  0.365] → base[-0.039  0.713  0.753]
[INFO] [1779789708.573128677] [coord_transform]: [PREDICTION] Transform: cam[-0.048  0.232  0.342] → base[-0.016  0.503  0.73 ]
[INFO] [1779789710.585804922] [coord_transform]: [PREDICTION] Transform: cam[-0.006  0.096  0.223] → base[-0.057  0.367  0.611]
[INFO] [1779789712.740983495] [coord_transform]: [PREDICTION] Transform: cam[0.043 0.036 0.142] → base[-0.106  0.307  0.53 ]
[INFO] [1779789713.103019585] [coord_transform]: Trạng thái tracking: STOPPED
[WARN] [1779789719.051928028] [coord_transform]: Outlier rejected #1 (jumped 181.9mm). Ignoring.
[WARN] [1779789719.082526795] [coord_transform]: Outlier rejected #2 (jumped 205.1mm). Ignoring.
[INFO] [1779789741.785790791] [coord_transform]: Deadband: HOLD at (0.100, -0.008, 0.007)
[INFO] [1779789741.825944397] [coord_transform]: Deadband: RELEASE — motion detected
[INFO] [1779789745.435505614] [coord_transform]: Deadband: RELEASE — motion detected
[INFO] [1779789745.477069101] [coord_transform]: Deadband: HOLD at (0.100, -0.008, 0.007)
[INFO] [1779789748.481475384] [coord_transform]: Deadband: RELEASE — motion detected
[INFO] [1779789748.524324409] [coord_transform]: Deadband: HOLD at (0.100, -0.008, 0.007)
[INFO] [1779789750.693028913] [coord_transform]: Deadband: RELEASE — motion detected
[INFO] [1779789750.749103947] [coord_transform]: Deadband: HOLD at (0.100, -0.008, 0.007)
[INFO] [1779789754.171757079] [coord_transform]: Deadband: RELEASE — motion detected
[INFO] [1779789754.209006090] [coord_transform]: Deadband: HOLD at (0.100, -0.008, 0.007)
[INFO] [1779789756.299418415] [coord_transform]: Re-sync camera init: [ 0.115 -0.033  0.021]
[INFO] [1779789756.299990967] [coord_transform]: Trạng thái tracking: RUNNING
[INFO] [1779789756.355920769] [coord_transform]: Deadband: RELEASE — motion detected
[INFO] [1779789756.363994477] [coord_transform]: [PREDICTION] Transform: cam[ 0.071 -0.004  0.099] → base[-0.12   0.292  0.473]
[INFO] [1779789756.562658717] [coord_transform]: Deadband: HOLD at (0.115, -0.033, 0.021)
[INFO] [1779789756.569889163] [coord_transform]: [SNAP ON] Tay đứng yên, GRU lệch 8.6cm (< 10cm). Snap prediction về actual hand.
[INFO] [1779789757.207866896] [coord_transform]: [SNAP OFF] Tay di chuyển lại. Thả snap.
[INFO] [1779789757.331917981] [coord_transform]: [SNAP OFF] Tay di chuyển lại. Thả snap.
[INFO] [1779789757.448520838] [coord_transform]: [SNAP OFF] Tay di chuyển lại. Thả snap.
[INFO] [1779789758.368004194] [coord_transform]: [PREDICTION] Transform: cam[0.075 0.126 0.166] → base[-0.124  0.422  0.54 ]
[INFO] [1779789760.411144308] [coord_transform]: [PREDICTION] Transform: cam[0.074 0.256 0.259] → base[-0.123  0.552  0.633]
[INFO] [1779789762.420449612] [coord_transform]: [PREDICTION] Transform: cam[-0.011  0.497  0.314] → base[-0.038  0.793  0.688]
[INFO] [1779789764.506069666] [coord_transform]: [PREDICTION] Transform: cam[-0.033  0.744  0.14 ] → base[-0.016  1.04   0.514]
[INFO] [1779789766.527053177] [coord_transform]: [PREDICTION] Transform: cam[-0.022  0.74   0.   ] → base[-0.027  1.036  0.374]
[INFO] [1779789768.549118509] [coord_transform]: [PREDICTION] Transform: cam[-0.026  0.717 -0.016] → base[-0.023  1.013  0.358]
[INFO] [1779789770.585930309] [coord_transform]: [PREDICTION] Transform: cam[-0.037  0.731  0.082] → base[-0.012  1.027  0.455]
[INFO] [1779789772.612975277] [coord_transform]: [PREDICTION] Transform: cam[-0.061  0.633  0.287] → base[0.012 0.929 0.661]
[INFO] [1779789774.676576232] [coord_transform]: [PREDICTION] Transform: cam[-0.079  0.438  0.342] → base[0.03  0.734 0.716]
[INFO] [1779789776.707558873] [coord_transform]: [PREDICTION] Transform: cam[-0.075  0.249  0.321] → base[0.026 0.545 0.695]
[INFO] [1779789778.737014057] [coord_transform]: [PREDICTION] Transform: cam[-0.019  0.117  0.214] → base[-0.03   0.413  0.587]
[INFO] [1779789780.817187175] [coord_transform]: [PREDICTION] Transform: cam[0.018 0.092 0.161] → base[-0.067  0.388  0.535]
[INFO] [1779789782.850793932] [coord_transform]: [PREDICTION] Transform: cam[-0.046  0.269  0.288] → base[-0.003  0.565  0.662]
[INFO] [1779789784.859397587] [coord_transform]: [PREDICTION] Transform: cam[-0.082  0.479  0.326] → base[0.033 0.775 0.7  ]
[INFO] [1779789786.902322239] [coord_transform]: [PREDICTION] Transform: cam[-0.076  0.743  0.244] → base[0.027 1.039 0.618]
[INFO] [1779789788.939138216] [coord_transform]: [PREDICTION] Transform: cam[0.002 0.813 0.159] → base[-0.051  1.109  0.532]
[INFO] [1779789791.003009946] [coord_transform]: [PREDICTION] Transform: cam[0.015 0.788 0.13 ] → base[-0.064  1.084  0.504]
[INFO] [1779789793.071319425] [coord_transform]: [PREDICTION] Transform: cam[-0.031  0.566  0.313] → base[-0.018  0.862  0.686]
[INFO] [1779789795.120052881] [coord_transform]: [PREDICTION] Transform: cam[-0.085  0.396  0.334] → base[0.035 0.692 0.708]
[INFO] [1779789797.152431018] [coord_transform]: [PREDICTION] Transform: cam[-0.089  0.212  0.316] → base[0.04  0.508 0.69 ]
[INFO] [1779789799.209575266] [coord_transform]: [PREDICTION] Transform: cam[0.001 0.077 0.212] → base[-0.05   0.373  0.586]
[INFO] [1779789801.260984814] [coord_transform]: [PREDICTION] Transform: cam[-0.015  0.182  0.258] → base[-0.034  0.478  0.632]
[INFO] [1779789803.264138827] [coord_transform]: [PREDICTION] Transform: cam[-0.134  0.368  0.332] → base[0.085 0.664 0.705]
[INFO] [1779789805.329223002] [coord_transform]: [PREDICTION] Transform: cam[-0.228  0.598  0.341] → base[0.179 0.894 0.715]
[INFO] [1779789807.361139655] [coord_transform]: [PREDICTION] Transform: cam[-0.25   0.662  0.217] → base[0.201 0.958 0.591]
[INFO] [1779789809.371418415] [coord_transform]: [PREDICTION] Transform: cam[-0.135  0.593  0.016] → base[0.086 0.889 0.389]
[INFO] [1779789811.473511064] [coord_transform]: [PREDICTION] Transform: cam[-0.081  0.431 -0.029] → base[0.032 0.727 0.345]
[INFO] [1779789813.518408183] [coord_transform]: [PREDICTION] Transform: cam[-0.046  0.432  0.18 ] → base[-0.003  0.728  0.554]
[INFO] [1779789815.557376430] [coord_transform]: [PREDICTION] Transform: cam[-0.058  0.378  0.322] → base[0.009 0.675 0.696]
[INFO] [1779789817.586539283] [coord_transform]: [PREDICTION] Transform: cam[-0.052  0.15   0.325] → base[0.003 0.446 0.699]
[INFO] [1779789819.605525481] [coord_transform]: [PREDICTION] Transform: cam[-0.019  0.089  0.268] → base[-0.03   0.385  0.642]
[INFO] [1779789821.658762146] [coord_transform]: [PREDICTION] Transform: cam[-0.042  0.285  0.331] → base[-0.007  0.581  0.705]
[INFO] [1779789823.722610549] [coord_transform]: [PREDICTION] Transform: cam[-0.033  0.478  0.365] → base[-0.017  0.774  0.738]
[INFO] [1779789825.767285352] [coord_transform]: [PREDICTION] Transform: cam[-0.027  0.638  0.298] → base[-0.022  0.934  0.672]
[INFO] [1779789827.822798905] [coord_transform]: [PREDICTION] Transform: cam[-0.062  0.755  0.153] → base[0.013 1.051 0.527]
[INFO] [1779789829.859156146] [coord_transform]: [PREDICTION] Transform: cam[-0.072  0.728  0.012] → base[0.023 1.024 0.386]
[INFO] [1779789831.904703966] [coord_transform]: [PREDICTION] Transform: cam[-0.042  0.623  0.002] → base[-0.007  0.919  0.375]
[INFO] [1779789833.949969674] [coord_transform]: [PREDICTION] Transform: cam[-0.072  0.582  0.176] → base[0.023 0.878 0.55 ]
[INFO] [1779789835.987237396] [coord_transform]: [PREDICTION] Transform: cam[-0.053  0.342  0.305] → base[0.004 0.638 0.679]
[INFO] [1779789837.990957997] [coord_transform]: [PREDICTION] Transform: cam[-0.039  0.179  0.275] → base[-0.01   0.475  0.648]
[INFO] [1779789839.392794936] [coord_transform]: Trạng thái tracking: STOPPED
[WARN] [1779789846.471765624] [coord_transform]: Outlier rejected #1 (jumped 212.7mm). Ignoring.
[WARN] [1779789846.701507878] [coord_transform]: Outlier rejected #1 (jumped 322.8mm). Ignoring.
[WARN] [1779789846.729575344] [coord_transform]: Outlier rejected #2 (jumped 211.1mm). Ignoring.
[WARN] [1779789847.171404919] [coord_transform]: Outlier rejected #1 (jumped 253.3mm). Ignoring.
[WARN] [1779789847.199028262] [coord_transform]: Outlier rejected #2 (jumped 331.8mm). Ignoring.
[WARN] [1779789847.230829925] [coord_transform]: Outlier rejected #3 (jumped 222.0mm). Ignoring.
[WARN] [1779789847.266126432] [coord_transform]: Outlier rejected #4 (jumped 155.8mm). Ignoring.
[INFO] [1779789847.298462539] [coord_transform]: Too many outliers (5). Resetting filter to new position.
[WARN] [1779789848.264346621] [coord_transform]: Outlier rejected #1 (jumped 932.5mm). Ignoring.
[WARN] [1779789848.683074036] [coord_transform]: Outlier rejected #1 (jumped 427.6mm). Ignoring.
[WARN] [1779789848.712563052] [coord_transform]: Outlier rejected #2 (jumped 291.4mm). Ignoring.
[WARN] [1779789849.123063251] [coord_transform]: Outlier rejected #3 (jumped 407.6mm). Ignoring.
