[INFO] [1780018643.806937266] [coord_transform]: CoordTransformNode khởi động.
  Object offset (cam frame): [0.05 0.   0.1 ]
  Translation cam→base:      [0.5 0.  1.2]
  EE orientation (xyzw):     [0.0, 1.0, 0.0, 0.0]
  Prediction step:           5
  Axis remap:                [0, 1, 2]
  Axis sign:                 [-1.0, 1.0, 1.0]
  Workspace X: (-1.0, 1.0), Y: (-0.5, 1.3), Z: (0.05, 1.5)
  Filter outlier_threshold:  0.15m
  Filter median_size_y:      5
  Filter deadband_tol:       35.0mm
  Filter stationary_thresh:  3 frames
  Filter max_rate:           5.0cm/frame
  Filter EMA moving(x,y,z):  (0.75,0.5,0.75)
  Filter EMA hold  (x,y,z):  (0.08,0.02,0.05)
[WARN] [1780018668.535499352] [coord_transform]: Outlier rejected #1 (jumped 177.3mm). Ignoring.
[WARN] [1780018669.171401032] [coord_transform]: Outlier rejected #1 (jumped 312.2mm). Ignoring.
[WARN] [1780018669.566929785] [coord_transform]: Outlier rejected #1 (jumped 408.3mm). Ignoring.
[WARN] [1780018670.104406583] [coord_transform]: Outlier rejected #2 (jumped 357.6mm). Ignoring.
[WARN] [1780018670.138827763] [coord_transform]: Outlier rejected #3 (jumped 381.4mm). Ignoring.
[WARN] [1780018670.204181505] [coord_transform]: Outlier rejected #4 (jumped 422.0mm). Ignoring.
[INFO] [1780018670.246315385] [coord_transform]: Too many outliers (5). Resetting filter to new position.
[WARN] [1780018673.445410489] [coord_transform]: Outlier rejected #1 (jumped 490.3mm). Ignoring.
[WARN] [1780018673.479572161] [coord_transform]: Outlier rejected #2 (jumped 528.3mm). Ignoring.
[WARN] [1780018673.522763328] [coord_transform]: Outlier rejected #3 (jumped 499.9mm). Ignoring.
[WARN] [1780018673.561681085] [coord_transform]: Outlier rejected #4 (jumped 430.2mm). Ignoring.
[INFO] [1780018673.606909163] [coord_transform]: Too many outliers (5). Resetting filter to new position.
[WARN] [1780018674.731298032] [coord_transform]: Outlier rejected #1 (jumped 195.2mm). Ignoring.
[WARN] [1780018674.760240276] [coord_transform]: Outlier rejected #2 (jumped 180.2mm). Ignoring.
[WARN] [1780018674.830848813] [coord_transform]: Outlier rejected #3 (jumped 387.0mm). Ignoring.
[WARN] [1780018674.865523469] [coord_transform]: Outlier rejected #4 (jumped 306.7mm). Ignoring.
[INFO] [1780018674.908620869] [coord_transform]: Too many outliers (5). Resetting filter to new position.
[WARN] [1780018676.909836695] [coord_transform]: Outlier rejected #1 (jumped 633.5mm). Ignoring.
[WARN] [1780018676.952351782] [coord_transform]: Outlier rejected #2 (jumped 667.4mm). Ignoring.
[WARN] [1780018676.988608300] [coord_transform]: Outlier rejected #3 (jumped 681.8mm). Ignoring.
[WARN] [1780018677.024099554] [coord_transform]: Outlier rejected #4 (jumped 724.1mm). Ignoring.
[INFO] [1780018679.880694704] [coord_transform]: Too many outliers (5). Resetting filter to new position.
[WARN] [1780018684.549083670] [coord_transform]: Outlier rejected #1 (jumped 1491.0mm). Ignoring.
[WARN] [1780018684.620878460] [coord_transform]: Outlier rejected #2 (jumped 1449.9mm). Ignoring.
[WARN] [1780018684.698346257] [coord_transform]: Outlier rejected #3 (jumped 1232.3mm). Ignoring.
[WARN] [1780018684.765927368] [coord_transform]: Outlier rejected #4 (jumped 868.7mm). Ignoring.
[INFO] [1780018684.802294270] [coord_transform]: Too many outliers (5). Resetting filter to new position.
[WARN] [1780018691.740443850] [coord_transform]: Outlier rejected #1 (jumped 252.6mm). Ignoring.
[WARN] [1780018691.774178226] [coord_transform]: Outlier rejected #2 (jumped 590.6mm). Ignoring.
[WARN] [1780018691.810167512] [coord_transform]: Outlier rejected #3 (jumped 679.3mm). Ignoring.
[WARN] [1780018691.844917860] [coord_transform]: Outlier rejected #4 (jumped 633.6mm). Ignoring.
[INFO] [1780018691.880395336] [coord_transform]: Too many outliers (5). Resetting filter to new position.
[WARN] [1780018691.960162009] [coord_transform]: Outlier rejected #1 (jumped 159.6mm). Ignoring.
[WARN] [1780018691.993439102] [coord_transform]: Outlier rejected #2 (jumped 236.3mm). Ignoring.
[WARN] [1780018692.027995857] [coord_transform]: Outlier rejected #3 (jumped 273.8mm). Ignoring.
[WARN] [1780018692.068131221] [coord_transform]: Outlier rejected #4 (jumped 285.4mm). Ignoring.
[INFO] [1780018692.102001935] [coord_transform]: Too many outliers (5). Resetting filter to new position.
[WARN] [1780018701.102871444] [coord_transform]: Outlier rejected #1 (jumped 158.2mm). Ignoring.
[WARN] [1780018701.137978799] [coord_transform]: Outlier rejected #2 (jumped 216.2mm). Ignoring.
[WARN] [1780018701.176929397] [coord_transform]: Outlier rejected #3 (jumped 364.4mm). Ignoring.
[WARN] [1780018701.213016747] [coord_transform]: Outlier rejected #4 (jumped 251.4mm). Ignoring.
[INFO] [1780018701.248713221] [coord_transform]: Too many outliers (5). Resetting filter to new position.
[WARN] [1780018708.118949437] [coord_transform]: Outlier rejected #1 (jumped 169.8mm). Ignoring.
[WARN] [1780018708.157402036] [coord_transform]: Outlier rejected #2 (jumped 409.8mm). Ignoring.
[WARN] [1780018708.189981048] [coord_transform]: Outlier rejected #3 (jumped 411.8mm). Ignoring.
[WARN] [1780018708.224463339] [coord_transform]: Outlier rejected #4 (jumped 320.9mm). Ignoring.
[INFO] [1780018708.258420734] [coord_transform]: Too many outliers (5). Resetting filter to new position.
[WARN] [1780018709.545568240] [coord_transform]: Outlier rejected #1 (jumped 168.6mm). Ignoring.
[WARN] [1780018710.920194458] [coord_transform]: Outlier rejected #1 (jumped 171.3mm). Ignoring.
[WARN] [1780018710.955950651] [coord_transform]: Outlier rejected #2 (jumped 167.7mm). Ignoring.
[WARN] [1780018711.102818096] [coord_transform]: Outlier rejected #1 (jumped 160.8mm). Ignoring.
[WARN] [1780018711.144897634] [coord_transform]: Outlier rejected #2 (jumped 186.9mm). Ignoring.
[WARN] [1780018711.182071644] [coord_transform]: Outlier rejected #3 (jumped 316.8mm). Ignoring.
[WARN] [1780018711.213628632] [coord_transform]: Outlier rejected #4 (jumped 383.1mm). Ignoring.
[INFO] [1780018711.249311484] [coord_transform]: Too many outliers (5). Resetting filter to new position.
[WARN] [1780018715.101544088] [coord_transform]: Outlier rejected #1 (jumped 410.5mm). Ignoring.
[WARN] [1780018715.138455398] [coord_transform]: Outlier rejected #2 (jumped 389.6mm). Ignoring.
[WARN] [1780018715.455511787] [coord_transform]: Outlier rejected #3 (jumped 364.2mm). Ignoring.
[WARN] [1780018715.485278168] [coord_transform]: Outlier rejected #4 (jumped 359.1mm). Ignoring.
[INFO] [1780018715.971064377] [coord_transform]: Too many outliers (5). Resetting filter to new position.
[WARN] [1780018716.080937135] [coord_transform]: Outlier rejected #1 (jumped 166.3mm). Ignoring.
[WARN] [1780018716.249061323] [coord_transform]: Outlier rejected #2 (jumped 192.4mm). Ignoring.
[WARN] [1780018726.351275491] [coord_transform]: Outlier rejected #3 (jumped 290.9mm). Ignoring.
[WARN] [1780018726.383077497] [coord_transform]: Outlier rejected #4 (jumped 291.7mm). Ignoring.
[INFO] [1780018726.423506732] [coord_transform]: Too many outliers (5). Resetting filter to new position.
[WARN] [1780018729.442509319] [coord_transform]: Outlier rejected #1 (jumped 203.8mm). Ignoring.
[WARN] [1780018729.521712937] [coord_transform]: Outlier rejected #2 (jumped 203.1mm). Ignoring.
[WARN] [1780018735.973462926] [coord_transform]: Outlier rejected #1 (jumped 973.9mm). Ignoring.
[WARN] [1780018736.004101329] [coord_transform]: Outlier rejected #2 (jumped 994.9mm). Ignoring.
[WARN] [1780018736.047472257] [coord_transform]: Outlier rejected #3 (jumped 990.0mm). Ignoring.
[WARN] [1780018736.080002681] [coord_transform]: Outlier rejected #4 (jumped 984.7mm). Ignoring.
[INFO] [1780018736.112728490] [coord_transform]: Too many outliers (5). Resetting filter to new position.
[WARN] [1780018736.768862235] [coord_transform]: Outlier rejected #1 (jumped 321.8mm). Ignoring.
[WARN] [1780018738.263880718] [coord_transform]: Outlier rejected #2 (jumped 824.4mm). Ignoring.
[WARN] [1780018738.297078589] [coord_transform]: Outlier rejected #3 (jumped 808.6mm). Ignoring.
[WARN] [1780018738.333312048] [coord_transform]: Outlier rejected #4 (jumped 793.5mm). Ignoring.
[INFO] [1780018738.371036939] [coord_transform]: Too many outliers (5). Resetting filter to new position.
[WARN] [1780018742.710646463] [coord_transform]: Outlier rejected #1 (jumped 180.3mm). Ignoring.
[WARN] [1780018758.821420367] [coord_transform]: Outlier rejected #1 (jumped 2418.7mm). Ignoring.
[WARN] [1780018758.878754330] [coord_transform]: Outlier rejected #2 (jumped 2418.7mm). Ignoring.
[WARN] [1780018758.944372102] [coord_transform]: Outlier rejected #3 (jumped 2428.8mm). Ignoring.
[WARN] [1780018758.983931886] [coord_transform]: Outlier rejected #4 (jumped 2437.8mm). Ignoring.
[INFO] [1780018759.034675528] [coord_transform]: Too many outliers (5). Resetting filter to new position.
[INFO] [1780018768.196467033] [coord_transform]: Captured Init Pose! P_init=(-0.164, 0.263, 0.395), Cam_init=(0.088, -0.022, -0.000), Noise_Tol=60.0mm
Orientation=(0.717, 0.696, -0.032, 0.022)
[INFO] [1780018768.219625028] [coord_transform]: Deadband: RELEASE — motion detected
[INFO] [1780018768.476705223] [coord_transform]: Captured Init Pose! P_init=(-0.164, 0.263, 0.395), Cam_init=(0.086, -0.021, -0.000), Noise_Tol=60.0mm
Orientation=(0.717, 0.696, -0.032, 0.022)
[INFO] [1780018768.727909633] [coord_transform]: Deadband: HOLD at (0.086, -0.021, -0.000)
[INFO] [1780018770.391735359] [coord_transform]: Deadband: RELEASE — motion detected
[INFO] [1780018770.728638476] [coord_transform]: Deadband: HOLD at (0.086, -0.021, -0.000)
[INFO] [1780018772.421495974] [coord_transform]: Deadband: RELEASE — motion detected
[INFO] [1780018776.348037183] [coord_transform]: Deadband: RELEASE — motion detected
[INFO] [1780018776.399391515] [coord_transform]: Deadband: HOLD at (0.086, -0.021, -0.000)
[INFO] [1780018778.519139283] [coord_transform]: Deadband: RELEASE — motion detected
[INFO] [1780018778.583288852] [coord_transform]: Deadband: HOLD at (0.086, -0.021, -0.000)
[INFO] [1780018780.521660437] [coord_transform]: Deadband: RELEASE — motion detected
[INFO] [1780018780.656222864] [coord_transform]: Deadband: HOLD at (0.086, -0.021, -0.000)
[INFO] [1780018782.583423682] [coord_transform]: Deadband: RELEASE — motion detected
[INFO] [1780018782.703601559] [coord_transform]: Deadband: HOLD at (0.086, -0.021, -0.000)
[INFO] [1780018784.626031241] [coord_transform]: Deadband: RELEASE — motion detected
[INFO] [1780018784.768613210] [coord_transform]: Deadband: HOLD at (0.086, -0.021, -0.000)
[INFO] [1780018786.720287263] [coord_transform]: Deadband: RELEASE — motion detected
[INFO] [1780018786.846596303] [coord_transform]: Deadband: HOLD at (0.086, -0.021, -0.000)
[INFO] [1780018788.791729803] [coord_transform]: Deadband: RELEASE — motion detected
[INFO] [1780018788.876342692] [coord_transform]: Re-sync camera init: [0.08  0.019 0.009]
[INFO] [1780018788.877112465] [coord_transform]: Trạng thái tracking: RUNNING
[INFO] [1780018788.889628373] [coord_transform]: [GROUND_TRUTH] Transform: cam[0.081 0.015 0.008] → base[-0.164  0.259  0.394]
[INFO] [1780018789.104550050] [coord_transform]: Deadband: HOLD at (0.080, 0.019, 0.009)
[INFO] [1780018790.826922515] [coord_transform]: Deadband: RELEASE — motion detected
[INFO] [1780018790.914463453] [coord_transform]: [GROUND_TRUTH] Transform: cam[0.069 0.014 0.076] → base[-0.152  0.258  0.462]
[INFO] [1780018792.920671161] [coord_transform]: [GROUND_TRUTH] Transform: cam[0.034 0.202 0.203] → base[-0.117  0.446  0.589]
[INFO] [1780018794.929995389] [coord_transform]: [GROUND_TRUTH] Transform: cam[-0.025  0.455  0.261] → base[-0.059  0.699  0.647]
[INFO] [1780018796.934182193] [coord_transform]: [GROUND_TRUTH] Transform: cam[-0.065  0.744  0.195] → base[-0.018  0.988  0.581]
[INFO] [1780018798.948632531] [coord_transform]: [GROUND_TRUTH] Transform: cam[-0.083  0.9    0.026] → base[-0.     1.144  0.412]
[INFO] [1780018800.989901812] [coord_transform]: [GROUND_TRUTH] Transform: cam[-0.068  0.839 -0.001] → base[-0.016  1.083  0.385]
[INFO] [1780018803.001828944] [coord_transform]: [GROUND_TRUTH] Transform: cam[-0.071  0.822  0.192] → base[-0.013  1.066  0.578]
[INFO] [1780018805.026410405] [coord_transform]: [GROUND_TRUTH] Transform: cam[-0.046  0.611  0.297] → base[-0.037  0.855  0.683]
[INFO] [1780018807.039698864] [coord_transform]: [GROUND_TRUTH] Transform: cam[-0.067  0.416  0.316] → base[-0.016  0.66   0.702]
[INFO] [1780018809.074339849] [coord_transform]: [GROUND_TRUTH] Transform: cam[-0.082  0.211  0.302] → base[-0.002  0.455  0.688]
[INFO] [1780018811.105117210] [coord_transform]: [GROUND_TRUTH] Transform: cam[-0.082  0.188  0.291] → base[-0.002  0.432  0.677]
[INFO] [1780018813.127405384] [coord_transform]: [GROUND_TRUTH] Transform: cam[-0.102  0.378  0.319] → base[0.018 0.622 0.706]
[INFO] [1780018815.162940376] [coord_transform]: [GROUND_TRUTH] Transform: cam[-0.185  0.55   0.335] → base[0.101 0.794 0.721]
[INFO] [1780018817.198313077] [coord_transform]: [GROUND_TRUTH] Transform: cam[-0.294  0.687  0.325] → base[0.21  0.931 0.711]
[INFO] [1780018819.233762806] [coord_transform]: [GROUND_TRUTH] Transform: cam[-0.244  0.689  0.334] → base[0.16  0.933 0.72 ]
[INFO] [1780018821.263862253] [coord_transform]: [GROUND_TRUTH] Transform: cam[-0.133  0.501  0.326] → base[0.049 0.745 0.712]
[INFO] [1780018823.266137920] [coord_transform]: [GROUND_TRUTH] Transform: cam[-0.109  0.387  0.302] → base[0.026 0.631 0.688]
[INFO] [1780018825.539433349] [coord_transform]: [GROUND_TRUTH] Transform: cam[-0.109  0.383  0.289] → base[0.025 0.627 0.675]
[INFO] [1780018827.575290076] [coord_transform]: [GROUND_TRUTH] Transform: cam[-0.108  0.392  0.292] → base[0.024 0.636 0.679]
[INFO] [1780018829.660282396] [coord_transform]: [GROUND_TRUTH] Transform: cam[-0.104  0.396  0.294] → base[0.021 0.64  0.68 ]
[INFO] [1780018831.667870443] [coord_transform]: [GROUND_TRUTH] Transform: cam[-0.051  0.547  0.237] → base[-0.032  0.791  0.623]
[INFO] [1780018833.703570157] [coord_transform]: [GROUND_TRUTH] Transform: cam[-0.053  0.721  0.13 ] → base[-0.03   0.965  0.517]
[INFO] [1780018835.736032512] [coord_transform]: [GROUND_TRUTH] Transform: cam[-0.07   0.828  0.039] → base[-0.013  1.072  0.425]
[INFO] [1780018837.744105710] [coord_transform]: [GROUND_TRUTH] Transform: cam[-0.072  0.794 -0.04 ] → base[-0.011  1.038  0.346]
[INFO] [1780018839.761368093] [coord_transform]: [GROUND_TRUTH] Transform: cam[-0.071  0.736 -0.07 ] → base[-0.013  0.98   0.316]
[INFO] [1780018841.763618556] [coord_transform]: [GROUND_TRUTH] Transform: cam[-0.087  0.732  0.058] → base[0.003 0.976 0.444]
[INFO] [1780018843.788824357] [coord_transform]: [GROUND_TRUTH] Transform: cam[-0.091  0.556  0.219] → base[0.008 0.8   0.605]
[INFO] [1780018845.813687198] [coord_transform]: [GROUND_TRUTH] Transform: cam[-0.104  0.361  0.279] → base[0.02  0.605 0.665]
[INFO] [1780018847.828845948] [coord_transform]: [GROUND_TRUTH] Transform: cam[-0.126  0.167  0.288] → base[0.043 0.411 0.674]
[INFO] [1780018849.856497840] [coord_transform]: [GROUND_TRUTH] Transform: cam[-0.111  0.153  0.239] → base[0.028 0.397 0.625]
[INFO] [1780018851.873715319] [coord_transform]: [GROUND_TRUTH] Transform: cam[-0.126  0.194  0.268] → base[0.042 0.438 0.654]
[INFO] [1780018853.917323261] [coord_transform]: [GROUND_TRUTH] Transform: cam[-0.063  0.421  0.304] → base[-0.021  0.665  0.69 ]
[INFO] [1780018855.952310694] [coord_transform]: [GROUND_TRUTH] Transform: cam[0.029 0.613 0.273] → base[-0.113  0.857  0.659]
[INFO] [1780018857.998613422] [coord_transform]: [GROUND_TRUTH] Transform: cam[0.101 0.804 0.159] → base[-0.184  1.048  0.545]
[INFO] [1780018860.007992253] [coord_transform]: [GROUND_TRUTH] Transform: cam[0.07  0.769 0.055] → base[-0.153  1.013  0.441]
[INFO] [1780018862.049641290] [coord_transform]: [GROUND_TRUTH] Transform: cam[ 0.045  0.656 -0.032] → base[-0.129  0.9    0.354]
[INFO] [1780018864.087929033] [coord_transform]: [GROUND_TRUTH] Transform: cam[0.044 0.657 0.019] → base[-0.128  0.901  0.406]
[INFO] [1780018866.120310443] [coord_transform]: [GROUND_TRUTH] Transform: cam[0.046 0.562 0.181] → base[-0.129  0.806  0.567]
[INFO] [1780018868.312429982] [coord_transform]: [GROUND_TRUTH] Transform: cam[0.008 0.477 0.192] → base[-0.091  0.721  0.579]
[INFO] [1780018870.596365428] [coord_transform]: [GROUND_TRUTH] Transform: cam[0.016 0.461 0.187] → base[-0.099  0.705  0.573]
[INFO] [1780018871.337396742] [coord_transform]: Trạng thái tracking: STOPPED
[WARN] [1780018873.783267963] [coord_transform]: Outlier rejected #1 (jumped 159.5mm). Ignoring.
[WARN] [1780018873.824127008] [coord_transform]: Outlier rejected #2 (jumped 218.4mm). Ignoring.
[WARN] [1780018873.866954078] [coord_transform]: Outlier rejected #3 (jumped 254.1mm). Ignoring.
[WARN] [1780018873.920204257] [coord_transform]: Outlier rejected #4 (jumped 287.7mm). Ignoring.
[INFO] [1780018873.966112629] [coord_transform]: Too many outliers (5). Resetting filter to new position.
[WARN] [1780018876.395763569] [coord_transform]: Outlier rejected #1 (jumped 266.0mm). Ignoring.
[WARN] [1780018879.407000577] [coord_transform]: Outlier rejected #1 (jumped 158.1mm). Ignoring.
[WARN] [1780018879.462345373] [coord_transform]: Outlier rejected #2 (jumped 1592.5mm). Ignoring.
[WARN] [1780018882.865449881] [coord_transform]: Outlier rejected #1 (jumped 282.6mm). Ignoring.
[WARN] [1780018882.923996761] [coord_transform]: Outlier rejected #2 (jumped 506.6mm). Ignoring.
[WARN] [1780018883.011815570] [coord_transform]: Outlier rejected #3 (jumped 386.9mm). Ignoring.
[WARN] [1780018883.076040615] [coord_transform]: Outlier rejected #4 (jumped 432.0mm). Ignoring.
[INFO] [1780018883.125558287] [coord_transform]: Too many outliers (5). Resetting filter to new position.
[WARN] [1780018888.743952732] [coord_transform]: Outlier rejected #1 (jumped 376.2mm). Ignoring.
[WARN] [1780018888.819953324] [coord_transform]: Outlier rejected #2 (jumped 361.9mm). Ignoring.
[WARN] [1780018888.891592732] [coord_transform]: Outlier rejected #3 (jumped 346.9mm). Ignoring.
[WARN] [1780018888.935321574] [coord_transform]: Outlier rejected #4 (jumped 362.4mm). Ignoring.
[INFO] [1780018888.978420160] [coord_transform]: Too many outliers (5). Resetting filter to new position.
[WARN] [1780018896.724925083] [coord_transform]: Outlier rejected #1 (jumped 1421.8mm). Ignoring.
[WARN] [1780018896.922354954] [coord_transform]: Outlier rejected #1 (jumped 1533.2mm). Ignoring.
[WARN] [1780018897.110627273] [coord_transform]: Outlier rejected #1 (jumped 1471.0mm). Ignoring.
[WARN] [1780018904.002548231] [coord_transform]: Outlier rejected #1 (jumped 359.2mm). Ignoring.
[WARN] [1780018904.058187801] [coord_transform]: Outlier rejected #2 (jumped 384.1mm). Ignoring.
[WARN] [1780018904.109671836] [coord_transform]: Outlier rejected #3 (jumped 483.1mm). Ignoring.
[WARN] [1780018904.156089638] [coord_transform]: Outlier rejected #4 (jumped 507.7mm). Ignoring.
[INFO] [1780018904.235903491] [coord_transform]: Too many outliers (5). Resetting filter to new position.
[WARN] [1780018904.281581221] [coord_transform]: Outlier rejected #1 (jumped 470.6mm). Ignoring.
[WARN] [1780018904.510024265] [coord_transform]: Outlier rejected #2 (jumped 523.8mm). Ignoring.
[WARN] [1780018904.571323400] [coord_transform]: Outlier rejected #3 (jumped 490.1mm). Ignoring.
[WARN] [1780018904.621982952] [coord_transform]: Outlier rejected #4 (jumped 525.6mm). Ignoring.
[INFO] [1780018904.671215599] [coord_transform]: Too many outliers (5). Resetting filter to new position.
[WARN] [1780019045.888142824] [coord_transform]: Outlier rejected #1 (jumped 1453.6mm). Ignoring.
[WARN] [1780019045.926640871] [coord_transform]: Outlier rejected #2 (jumped 1465.5mm). Ignoring.
[WARN] [1780019045.962043901] [coord_transform]: Outlier rejected #3 (jumped 1468.1mm). Ignoring.
[WARN] [1780019045.994860164] [coord_transform]: Outlier rejected #4 (jumped 1479.9mm). Ignoring.
[INFO] [1780019046.024622754] [coord_transform]: Too many outliers (5). Resetting filter to new position.
[INFO] [1780019048.524602789] [coord_transform]: Deadband: HOLD at (0.080, 0.019, 0.009)
[INFO] [1780019048.563593964] [coord_transform]: Deadband: RELEASE — motion detected
[INFO] [1780019048.697792314] [coord_transform]: Đã chuyển mode: ground_truth -> prediction
[INFO] [1780019050.576112151] [coord_transform]: Deadband: HOLD at (0.080, 0.019, 0.009)
[INFO] [1780019050.583363566] [coord_transform]: [SNAP ON] Tay đứng yên, GRU lệch 9.9cm (< 10cm). Snap prediction về actual hand.
[INFO] [1780019050.618559473] [coord_transform]: Deadband: RELEASE — motion detected
[INFO] [1780019050.626999101] [coord_transform]: [SNAP OFF] Tay di chuyển lại. Thả snap.
[INFO] [1780019050.698371583] [coord_transform]: [SNAP OFF] Tay di chuyển lại. Thả snap.
[INFO] [1780019050.768632470] [coord_transform]: [SNAP OFF] Tay di chuyển lại. Thả snap.
[INFO] [1780019050.840716702] [coord_transform]: [SNAP OFF] Tay di chuyển lại. Thả snap.
[INFO] [1780019050.916882437] [coord_transform]: [SNAP OFF] Tay di chuyển lại. Thả snap.
[INFO] [1780019050.993166104] [coord_transform]: [SNAP OFF] Tay di chuyển lại. Thả snap.
[INFO] [1780019051.064331595] [coord_transform]: [SNAP OFF] Tay di chuyển lại. Thả snap.
[INFO] [1780019051.136321322] [coord_transform]: [SNAP OFF] Tay di chuyển lại. Thả snap.
[INFO] [1780019051.209902774] [coord_transform]: [SNAP OFF] Tay di chuyển lại. Thả snap.
[INFO] [1780019051.279629227] [coord_transform]: [SNAP OFF] Tay di chuyển lại. Thả snap.
[INFO] [1780019051.350392905] [coord_transform]: [SNAP OFF] Tay di chuyển lại. Thả snap.
[INFO] [1780019051.427769153] [coord_transform]: [SNAP OFF] Tay di chuyển lại. Thả snap.
[INFO] [1780019051.499489493] [coord_transform]: [SNAP OFF] Tay di chuyển lại. Thả snap.
[INFO] [1780019051.572673181] [coord_transform]: [SNAP OFF] Tay di chuyển lại. Thả snap.
[INFO] [1780019051.616464046] [coord_transform]: [SNAP ON] Tay đứng yên, GRU lệch 7.4cm (< 10cm). Snap prediction về actual hand.
[INFO] [1780019051.651715223] [coord_transform]: [SNAP OFF] Tay di chuyển lại. Thả snap.
[INFO] [1780019051.724580411] [coord_transform]: [SNAP OFF] Tay di chuyển lại. Thả snap.
[INFO] [1780019051.795718147] [coord_transform]: [SNAP OFF] Tay di chuyển lại. Thả snap.
[INFO] [1780019051.875713017] [coord_transform]: [SNAP OFF] Tay di chuyển lại. Thả snap.
[INFO] [1780019051.953251136] [coord_transform]: [SNAP OFF] Tay di chuyển lại. Thả snap.
[INFO] [1780019052.589469684] [coord_transform]: Deadband: HOLD at (0.080, 0.019, 0.009)
[INFO] [1780019052.628985037] [coord_transform]: Deadband: RELEASE — motion detected
[INFO] [1780019059.408833648] [coord_transform]: Deadband: HOLD at (0.080, 0.019, 0.009)
[INFO] [1780019059.455814719] [coord_transform]: Deadband: RELEASE — motion detected
[INFO] [1780019061.702557851] [coord_transform]: Deadband: HOLD at (0.080, 0.019, 0.009)
[INFO] [1780019061.733152476] [coord_transform]: Deadband: RELEASE — motion detected
[INFO] [1780019063.730041782] [coord_transform]: Deadband: HOLD at (0.080, 0.019, 0.009)
[INFO] [1780019063.774663801] [coord_transform]: Deadband: RELEASE — motion detected
[INFO] [1780019064.907213089] [coord_transform]: [SNAP ON] Tay đứng yên, GRU lệch 0.0cm (< 10cm). Snap prediction về actual hand.
[INFO] [1780019064.938760577] [coord_transform]: [SNAP OFF] Tay di chuyển lại. Thả snap.
[INFO] [1780019065.017383173] [coord_transform]: [SNAP OFF] Tay di chuyển lại. Thả snap.
[INFO] [1780019065.085530610] [coord_transform]: [SNAP OFF] Tay di chuyển lại. Thả snap.
[INFO] [1780019065.156143221] [coord_transform]: [SNAP OFF] Tay di chuyển lại. Thả snap.
[INFO] [1780019065.234869684] [coord_transform]: [SNAP OFF] Tay di chuyển lại. Thả snap.
[INFO] [1780019065.312031730] [coord_transform]: [SNAP OFF] Tay di chuyển lại. Thả snap.
[WARN] [1780019065.373310476] [coord_transform]: Outlier rejected #1 (jumped 183.7mm). Ignoring.
[WARN] [1780019065.409276522] [coord_transform]: Outlier rejected #2 (jumped 560.8mm). Ignoring.
[WARN] [1780019065.454540700] [coord_transform]: Outlier rejected #3 (jumped 599.1mm). Ignoring.
[WARN] [1780019065.488452733] [coord_transform]: Outlier rejected #4 (jumped 608.5mm). Ignoring.
[INFO] [1780019065.527128777] [coord_transform]: Too many outliers (5). Resetting filter to new position.
[INFO] [1780019065.536793731] [coord_transform]: [SNAP OFF] Tay di chuyển lại. Thả snap.
[INFO] [1780019065.619000675] [coord_transform]: [SNAP OFF] Tay di chuyển lại. Thả snap.
[WARN] [1780019070.303897255] [coord_transform]: Outlier rejected #1 (jumped 778.1mm). Ignoring.
[WARN] [1780019070.343242772] [coord_transform]: Outlier rejected #2 (jumped 806.5mm). Ignoring.
[WARN] [1780019070.382209293] [coord_transform]: Outlier rejected #3 (jumped 790.5mm). Ignoring.
[WARN] [1780019070.418146111] [coord_transform]: Outlier rejected #4 (jumped 790.2mm). Ignoring.
[INFO] [1780019070.453177810] [coord_transform]: Too many outliers (5). Resetting filter to new position.
[INFO] [1780019070.952842902] [coord_transform]: Deadband: HOLD at (0.080, 0.019, 0.009)
[INFO] [1780019070.990603873] [coord_transform]: Deadband: RELEASE — motion detected
[INFO] [1780019072.103566972] [coord_transform]: [SNAP ON] Tay đứng yên, GRU lệch 2.1cm (< 10cm). Snap prediction về actual hand.
[INFO] [1780019072.145958163] [coord_transform]: [SNAP OFF] Tay di chuyển lại. Thả snap.
[INFO] [1780019072.215339528] [coord_transform]: [SNAP OFF] Tay di chuyển lại. Thả snap.
[INFO] [1780019072.294525941] [coord_transform]: [SNAP OFF] Tay di chuyển lại. Thả snap.
[INFO] [1780019072.373926037] [coord_transform]: [SNAP OFF] Tay di chuyển lại. Thả snap.
[INFO] [1780019072.450369901] [coord_transform]: [SNAP OFF] Tay di chuyển lại. Thả snap.
[INFO] [1780019072.533527697] [coord_transform]: [SNAP OFF] Tay di chuyển lại. Thả snap.
[INFO] [1780019072.633579575] [coord_transform]: [SNAP OFF] Tay di chuyển lại. Thả snap.
[INFO] [1780019072.723413460] [coord_transform]: [SNAP OFF] Tay di chuyển lại. Thả snap.
[INFO] [1780019072.855607578] [coord_transform]: [SNAP OFF] Tay di chuyển lại. Thả snap.
[INFO] [1780019072.956343168] [coord_transform]: Deadband: HOLD at (0.080, 0.019, 0.009)
[INFO] [1780019072.957060391] [coord_transform]: [SNAP OFF] Tay di chuyển lại. Thả snap.
[INFO] [1780019073.018141455] [coord_transform]: Deadband: RELEASE — motion detected
[INFO] [1780019073.094931332] [coord_transform]: [SNAP OFF] Tay di chuyển lại. Thả snap.
[INFO] [1780019073.142011092] [coord_transform]: [SNAP ON] Tay đứng yên, GRU lệch 3.6cm (< 10cm). Snap prediction về actual hand.
[INFO] [1780019073.204191730] [coord_transform]: [SNAP OFF] Tay di chuyển lại. Thả snap.
[INFO] [1780019073.319739841] [coord_transform]: [SNAP OFF] Tay di chuyển lại. Thả snap.
[INFO] [1780019073.438305326] [coord_transform]: [SNAP OFF] Tay di chuyển lại. Thả snap.
[INFO] [1780019073.599250749] [coord_transform]: [SNAP OFF] Tay di chuyển lại. Thả snap.
[INFO] [1780019073.696795678] [coord_transform]: [SNAP OFF] Tay di chuyển lại. Thả snap.
[INFO] [1780019073.809861341] [coord_transform]: [SNAP OFF] Tay di chuyển lại. Thả snap.
[INFO] [1780019073.914894339] [coord_transform]: [SNAP OFF] Tay di chuyển lại. Thả snap.
[INFO] [1780019074.046954402] [coord_transform]: [SNAP OFF] Tay di chuyển lại. Thả snap.
[INFO] [1780019074.144661174] [coord_transform]: [SNAP OFF] Tay di chuyển lại. Thả snap.
[INFO] [1780019075.637005063] [coord_transform]: Deadband: RELEASE — motion detected
[INFO] [1780019075.684171840] [coord_transform]: Deadband: HOLD at (0.080, 0.019, 0.009)
[INFO] [1780019076.805499501] [coord_transform]: Captured Init Pose! P_init=(-0.164, 0.263, 0.395), Cam_init=(0.080, -0.058, 0.004), Noise_Tol=60.0mm
Orientation=(0.717, 0.696, -0.032, 0.022)
[INFO] [1780019077.798612491] [coord_transform]: Deadband: RELEASE — motion detected
[INFO] [1780019077.844162370] [coord_transform]: Deadband: HOLD at (0.080, -0.058, 0.004)
[INFO] [1780019079.544155955] [coord_transform]: [SNAP ON] Tay đứng yên, GRU lệch 7.9cm (< 10cm). Snap prediction về actual hand.
[INFO] [1780019079.593039375] [coord_transform]: [SNAP OFF] Tay di chuyển lại. Thả snap.
[INFO] [1780019079.836165685] [coord_transform]: Deadband: RELEASE — motion detected
[INFO] [1780019079.879907705] [coord_transform]: Deadband: HOLD at (0.080, -0.058, 0.004)
[INFO] [1780019081.909225558] [coord_transform]: Deadband: RELEASE — motion detected
[INFO] [1780019081.945845875] [coord_transform]: Deadband: HOLD at (0.080, -0.058, 0.004)
[INFO] [1780019084.403935660] [coord_transform]: Deadband: HOLD at (0.080, -0.058, 0.004)
[INFO] [1780019084.461839802] [coord_transform]: Deadband: RELEASE — motion detected
[INFO] [1780019085.855387057] [coord_transform]: Re-sync camera init: [0.056 0.028 0.013]
[INFO] [1780019085.855993796] [coord_transform]: Trạng thái tracking: RUNNING
[INFO] [1780019085.883214819] [coord_transform]: [PREDICTION] Transform: cam[0.055 0.056 0.033] → base[-0.163  0.291  0.415]
[INFO] [1780019086.080019362] [coord_transform]: [SNAP ON] Tay đứng yên, GRU lệch 6.1cm (< 10cm). Snap prediction về actual hand.
[INFO] [1780019086.236274160] [coord_transform]: [SNAP OFF] Tay di chuyển lại. Thả snap.
[INFO] [1780019086.322798879] [coord_transform]: [SNAP OFF] Tay di chuyển lại. Thả snap.
[INFO] [1780019086.415950329] [coord_transform]: [SNAP OFF] Tay di chuyển lại. Thả snap.
[INFO] [1780019086.457867396] [coord_transform]: Deadband: HOLD at (0.056, 0.028, 0.013)
[INFO] [1780019086.522155888] [coord_transform]: Deadband: RELEASE — motion detected
[INFO] [1780019086.531589250] [coord_transform]: [SNAP OFF] Tay di chuyển lại. Thả snap.
[INFO] [1780019086.633695492] [coord_transform]: [SNAP OFF] Tay di chuyển lại. Thả snap.
[INFO] [1780019086.737759469] [coord_transform]: [SNAP OFF] Tay di chuyển lại. Thả snap.
[INFO] [1780019086.850512907] [coord_transform]: [SNAP OFF] Tay di chuyển lại. Thả snap.
[INFO] [1780019086.935807622] [coord_transform]: [SNAP OFF] Tay di chuyển lại. Thả snap.
[INFO] [1780019087.040985557] [coord_transform]: [SNAP OFF] Tay di chuyển lại. Thả snap.
[INFO] [1780019087.102501834] [coord_transform]: [SNAP ON] Tay đứng yên, GRU lệch 0.0cm (< 10cm). Snap prediction về actual hand.
[INFO] [1780019087.155157629] [coord_transform]: [SNAP OFF] Tay di chuyển lại. Thả snap.
[INFO] [1780019087.289530910] [coord_transform]: [SNAP OFF] Tay di chuyển lại. Thả snap.
[INFO] [1780019087.370900394] [coord_transform]: [SNAP OFF] Tay di chuyển lại. Thả snap.
[INFO] [1780019087.466661839] [coord_transform]: [SNAP OFF] Tay di chuyển lại. Thả snap.
[INFO] [1780019087.556416627] [coord_transform]: [SNAP OFF] Tay di chuyển lại. Thả snap.
[INFO] [1780019087.642114834] [coord_transform]: [SNAP OFF] Tay di chuyển lại. Thả snap.
[INFO] [1780019087.911593163] [coord_transform]: [PREDICTION] Transform: cam[0.022 0.107 0.116] → base[-0.13   0.342  0.498]
[INFO] [1780019089.912341642] [coord_transform]: [PREDICTION] Transform: cam[-0.032  0.259  0.249] → base[-0.075  0.494  0.631]
[INFO] [1780019091.951730052] [coord_transform]: [PREDICTION] Transform: cam[-0.074  0.545  0.296] → base[-0.034  0.78   0.678]
[INFO] [1780019093.960925432] [coord_transform]: [PREDICTION] Transform: cam[-0.066  0.829  0.096] → base[-0.042  1.064  0.478]
[INFO] [1780019095.975296982] [coord_transform]: [PREDICTION] Transform: cam[-0.005  0.755 -0.058] → base[-0.103  0.99   0.323]
[INFO] [1780019098.527484993] [coord_transform]: [PREDICTION] Transform: cam[-0.014  0.76  -0.085] → base[-0.093  0.995  0.297]
[INFO] [1780019100.562366377] [coord_transform]: [PREDICTION] Transform: cam[-0.035  0.676  0.19 ] → base[-0.073  0.911  0.572]
[INFO] [1780019102.584924288] [coord_transform]: [PREDICTION] Transform: cam[-0.05   0.377  0.333] → base[-0.057  0.612  0.715]
[INFO] [1780019104.585956483] [coord_transform]: [PREDICTION] Transform: cam[-0.05   0.139  0.278] → base[-0.058  0.374  0.659]
[INFO] [1780019106.615905721] [coord_transform]: [PREDICTION] Transform: cam[-0.016  0.129  0.2  ] → base[-0.092  0.364  0.582]
[INFO] [1780019108.666659335] [coord_transform]: [PREDICTION] Transform: cam[-0.037  0.227  0.265] → base[-0.071  0.462  0.647]
[INFO] [1780019110.679828893] [coord_transform]: [PREDICTION] Transform: cam[-0.193  0.536  0.332] → base[0.085 0.771 0.713]
[INFO] [1780019112.718193505] [coord_transform]: [PREDICTION] Transform: cam[-0.235  0.819  0.247] → base[0.128 1.054 0.629]
[INFO] [1780019114.759668468] [coord_transform]: [PREDICTION] Transform: cam[-0.244  0.828  0.246] → base[0.137 1.063 0.628]
[INFO] [1780019116.826718634] [coord_transform]: [PREDICTION] Transform: cam[-0.126  0.631  0.359] → base[0.019 0.866 0.741]
[INFO] [1780019118.876846815] [coord_transform]: [PREDICTION] Transform: cam[-0.088  0.419  0.366] → base[-0.02   0.654  0.748]
[INFO] [1780019120.907835580] [coord_transform]: [PREDICTION] Transform: cam[-0.057  0.237  0.269] → base[-0.05   0.472  0.65 ]
[INFO] [1780019122.910932339] [coord_transform]: [PREDICTION] Transform: cam[-0.012  0.106  0.177] → base[-0.096  0.341  0.559]
[INFO] [1780019124.921259853] [coord_transform]: [PREDICTION] Transform: cam[-0.047  0.209  0.228] → base[-0.06   0.444  0.61 ]
[INFO] [1780019126.948191957] [coord_transform]: [PREDICTION] Transform: cam[-0.067  0.446  0.286] → base[-0.041  0.681  0.668]
[INFO] [1780019128.995599011] [coord_transform]: [PREDICTION] Transform: cam[-0.016  0.616  0.273] → base[-0.092  0.851  0.654]
[INFO] [1780019131.012371660] [coord_transform]: [PREDICTION] Transform: cam[0.06  0.845 0.216] → base[-0.167  1.08   0.598]
[INFO] [1780019133.660253793] [coord_transform]: [PREDICTION] Transform: cam[0.079 0.82  0.228] → base[-0.187  1.055  0.61 ]
[INFO] [1780019135.701270196] [coord_transform]: [PREDICTION] Transform: cam[0.066 0.803 0.235] → base[-0.173  1.038  0.617]
[INFO] [1780019137.710506010] [coord_transform]: [PREDICTION] Transform: cam[-0.035  0.571  0.331] → base[-0.072  0.806  0.713]
[INFO] [1780019139.767693614] [coord_transform]: [PREDICTION] Transform: cam[-0.073  0.263  0.35 ] → base[-0.035  0.498  0.732]
[INFO] [1780019141.797930521] [coord_transform]: [PREDICTION] Transform: cam[-0.039  0.155  0.288] → base[-0.068  0.39   0.67 ]
[INFO] [1780019143.837800828] [coord_transform]: [PREDICTION] Transform: cam[-0.085  0.228  0.3  ] → base[-0.023  0.463  0.682]
[INFO] [1780019145.862378689] [coord_transform]: [PREDICTION] Transform: cam[-0.195  0.447  0.326] → base[0.088 0.682 0.708]
[INFO] [1780019147.867034300] [coord_transform]: [PREDICTION] Transform: cam[-0.225  0.659  0.231] → base[0.117 0.894 0.612]
[INFO] [1780019149.874268446] [coord_transform]: [PREDICTION] Transform: cam[-0.17   0.714  0.044] → base[0.062 0.949 0.426]
[INFO] [1780019151.910783988] [coord_transform]: [PREDICTION] Transform: cam[-0.145  0.687  0.04 ] → base[0.037 0.922 0.422]
[INFO] [1780019153.938939248] [coord_transform]: [PREDICTION] Transform: cam[-0.123  0.683  0.174] → base[0.015 0.918 0.556]
[INFO] [1780019155.958206175] [coord_transform]: [PREDICTION] Transform: cam[-0.091  0.518  0.3  ] → base[-0.016  0.753  0.682]
[INFO] [1780019158.001809604] [coord_transform]: [PREDICTION] Transform: cam[-0.065  0.299  0.332] → base[-0.043  0.534  0.714]
[INFO] [1780019160.019915523] [coord_transform]: [PREDICTION] Transform: cam[-0.022  0.204  0.197] → base[-0.085  0.439  0.578]
[INFO] [1780019162.026557910] [coord_transform]: [PREDICTION] Transform: cam[0.025 0.188 0.156] → base[-0.132  0.423  0.537]
[INFO] [1780019164.088740045] [coord_transform]: [PREDICTION] Transform: cam[0.037 0.251 0.194] → base[-0.145  0.486  0.576]
[INFO] [1780019166.100505351] [coord_transform]: [PREDICTION] Transform: cam[0.024 0.403 0.245] → base[-0.132  0.638  0.627]
[INFO] [1780019168.152941016] [coord_transform]: [PREDICTION] Transform: cam[0.075 0.556 0.252] → base[-0.182  0.791  0.634]
[INFO] [1780019170.219416889] [coord_transform]: [PREDICTION] Transform: cam[0.12  0.669 0.197] → base[-0.228  0.904  0.579]
[INFO] [1780019172.229822191] [coord_transform]: [PREDICTION] Transform: cam[0.126 0.706 0.123] → base[-0.234  0.941  0.505]
[INFO] [1780019174.254722406] [coord_transform]: [PREDICTION] Transform: cam[0.129 0.53  0.198] → base[-0.237  0.765  0.58 ]
[INFO] [1780019176.296836817] [coord_transform]: [PREDICTION] Transform: cam[0.044 0.389 0.255] → base[-0.152  0.624  0.637]
[INFO] [1780019178.317459175] [coord_transform]: [PREDICTION] Transform: cam[0.05  0.256 0.222] → base[-0.157  0.491  0.604]
[INFO] [1780019180.353650199] [coord_transform]: [PREDICTION] Transform: cam[0.077 0.278 0.197] → base[-0.185  0.513  0.579]
[INFO] [1780019182.388688146] [coord_transform]: [PREDICTION] Transform: cam[-0.083  0.447  0.286] → base[-0.025  0.682  0.668]
[INFO] [1780019184.423398722] [coord_transform]: [PREDICTION] Transform: cam[-0.166  0.613  0.185] → base[0.058 0.848 0.567]
[INFO] [1780019186.428355051] [coord_transform]: [PREDICTION] Transform: cam[-0.128  0.643  0.017] → base[0.021 0.878 0.399]
[INFO] [1780019188.462880125] [coord_transform]: [PREDICTION] Transform: cam[-0.139  0.645  0.022] → base[0.031 0.88  0.404]
[INFO] [1780019190.481287955] [coord_transform]: [PREDICTION] Transform: cam[-0.121  0.59   0.077] → base[0.014 0.825 0.459]
[INFO] [1780019192.486719417] [coord_transform]: [PREDICTION] Transform: cam[-0.103  0.538  0.197] → base[-0.005  0.773  0.579]
[INFO] [1780019194.490815103] [coord_transform]: [PREDICTION] Transform: cam[-0.036  0.367  0.273] → base[-0.071  0.602  0.655]
[INFO] [1780019196.530243935] [coord_transform]: [PREDICTION] Transform: cam[0.009 0.172 0.241] → base[-0.117  0.407  0.623]
[INFO] [1780019198.604325472] [coord_transform]: [PREDICTION] Transform: cam[0.013 0.141 0.208] → base[-0.121  0.376  0.59 ]
[INFO] [1780019200.618794974] [coord_transform]: [PREDICTION] Transform: cam[0.031 0.156 0.202] → base[-0.138  0.391  0.584]
[INFO] [1780019201.563887639] [coord_transform]: Trạng thái tracking: STOPPED
[WARN] [1780019207.201835331] [coord_transform]: Outlier rejected #1 (jumped 278.8mm). Ignoring.
[WARN] [1780019207.256167315] [coord_transform]: Outlier rejected #2 (jumped 185.5mm). Ignoring.
[WARN] [1780019207.727030225] [coord_transform]: Outlier rejected #1 (jumped 446.3mm). Ignoring.
[WARN] [1780019207.780560391] [coord_transform]: Outlier rejected #2 (jumped 479.0mm). Ignoring.
[WARN] [1780019207.821481987] [coord_transform]: Outlier rejected #3 (jumped 494.3mm). Ignoring.
[WARN] [1780019207.860314179] [coord_transform]: Outlier rejected #4 (jumped 496.1mm). Ignoring.
[INFO] [1780019207.903808313] [coord_transform]: Too many outliers (5). Resetting filter to new position.
[WARN] [1780019208.448572332] [coord_transform]: Outlier rejected #1 (jumped 422.0mm). Ignoring.
[WARN] [1780019208.498245240] [coord_transform]: Outlier rejected #2 (jumped 487.4mm). Ignoring.
[WARN] [1780019208.542228683] [coord_transform]: Outlier rejected #3 (jumped 597.6mm). Ignoring.
[WARN] [1780019208.590575541] [coord_transform]: Outlier rejected #4 (jumped 644.2mm). Ignoring.
[INFO] [1780019208.636234543] [coord_transform]: Too many outliers (5). Resetting filter to new position.
[INFO] [1780019253.432815158] [coord_transform]: Đã chuyển mode: prediction -> ground_truth
[WARN] [1780019271.272091638] [coord_transform]: Outlier rejected #1 (jumped 485.3mm). Ignoring.
[WARN] [1780019271.308160670] [coord_transform]: Outlier rejected #2 (jumped 488.3mm). Ignoring.
[WARN] [1780019271.342681920] [coord_transform]: Outlier rejected #3 (jumped 496.5mm). Ignoring.
[WARN] [1780019271.376428668] [coord_transform]: Outlier rejected #4 (jumped 524.6mm). Ignoring.
[INFO] [1780019271.407960379] [coord_transform]: Too many outliers (5). Resetting filter to new position.
[WARN] [1780019273.236561886] [coord_transform]: Outlier rejected #1 (jumped 1039.8mm). Ignoring.
[WARN] [1780019273.269702369] [coord_transform]: Outlier rejected #2 (jumped 1034.3mm). Ignoring.
[WARN] [1780019273.299715675] [coord_transform]: Outlier rejected #3 (jumped 1027.5mm). Ignoring.
[WARN] [1780019273.335723572] [coord_transform]: Outlier rejected #4 (jumped 1019.8mm). Ignoring.
[INFO] [1780019273.371264570] [coord_transform]: Too many outliers (5). Resetting filter to new position.
[WARN] [1780019293.448164906] [coord_transform]: Outlier rejected #1 (jumped 216.8mm). Ignoring.
[WARN] [1780019293.784554747] [coord_transform]: Outlier rejected #1 (jumped 576.2mm). Ignoring.
[WARN] [1780019294.062404894] [coord_transform]: Outlier rejected #1 (jumped 161.3mm). Ignoring.
[WARN] [1780019294.381890563] [coord_transform]: Outlier rejected #1 (jumped 232.0mm). Ignoring.
[WARN] [1780019296.299198979] [coord_transform]: Outlier rejected #1 (jumped 157.2mm). Ignoring.
[WARN] [1780019296.363011792] [coord_transform]: Outlier rejected #2 (jumped 182.5mm). Ignoring.
[WARN] [1780019296.504294651] [coord_transform]: Outlier rejected #1 (jumped 225.8mm). Ignoring.
[WARN] [1780019296.548454307] [coord_transform]: Outlier rejected #2 (jumped 237.5mm). Ignoring.
[WARN] [1780019296.650036533] [coord_transform]: Outlier rejected #1 (jumped 252.3mm). Ignoring.
[WARN] [1780019296.687332737] [coord_transform]: Outlier rejected #2 (jumped 215.7mm). Ignoring.
[WARN] [1780019296.716035387] [coord_transform]: Outlier rejected #3 (jumped 207.5mm). Ignoring.
[WARN] [1780019296.756753418] [coord_transform]: Outlier rejected #4 (jumped 200.4mm). Ignoring.
[INFO] [1780019296.819702282] [coord_transform]: Too many outliers (5). Resetting filter to new position.
[WARN] [1780019296.919579989] [coord_transform]: Outlier rejected #1 (jumped 155.7mm). Ignoring.
[WARN] [1780019300.785716789] [coord_transform]: Outlier rejected #1 (jumped 289.7mm). Ignoring.
[WARN] [1780019300.823143054] [coord_transform]: Outlier rejected #2 (jumped 197.7mm). Ignoring.
[WARN] [1780019301.877166115] [coord_transform]: Outlier rejected #1 (jumped 313.5mm). Ignoring.
[WARN] [1780019301.909381350] [coord_transform]: Outlier rejected #2 (jumped 365.1mm). Ignoring.
[WARN] [1780019302.035266212] [coord_transform]: Outlier rejected #3 (jumped 465.8mm). Ignoring.
[WARN] [1780019302.073556470] [coord_transform]: Outlier rejected #4 (jumped 542.0mm). Ignoring.
[INFO] [1780019302.160682418] [coord_transform]: Too many outliers (5). Resetting filter to new position.
[WARN] [1780019302.401400950] [coord_transform]: Outlier rejected #1 (jumped 1817.4mm). Ignoring.
[WARN] [1780019310.010610022] [coord_transform]: Outlier rejected #2 (jumped 253.1mm). Ignoring.
[WARN] [1780019310.062346183] [coord_transform]: Outlier rejected #3 (jumped 239.4mm). Ignoring.
[WARN] [1780019310.107173276] [coord_transform]: Outlier rejected #4 (jumped 225.9mm). Ignoring.
[INFO] [1780019310.148216481] [coord_transform]: Too many outliers (5). Resetting filter to new position.
[WARN] [1780019310.221233516] [coord_transform]: Outlier rejected #1 (jumped 291.2mm). Ignoring.
[WARN] [1780019310.256726095] [coord_transform]: Outlier rejected #2 (jumped 200.9mm). Ignoring.
[WARN] [1780019310.292527022] [coord_transform]: Outlier rejected #3 (jumped 235.0mm). Ignoring.
[WARN] [1780019310.327764577] [coord_transform]: Outlier rejected #4 (jumped 299.8mm). Ignoring.
[INFO] [1780019310.358944468] [coord_transform]: Too many outliers (5). Resetting filter to new position.
[WARN] [1780019310.924138808] [coord_transform]: Outlier rejected #1 (jumped 266.8mm). Ignoring.
[WARN] [1780019310.956819713] [coord_transform]: Outlier rejected #2 (jumped 286.1mm). Ignoring.
[WARN] [1780019310.986588964] [coord_transform]: Outlier rejected #3 (jumped 322.0mm). Ignoring.
[WARN] [1780019311.017684474] [coord_transform]: Outlier rejected #4 (jumped 309.1mm). Ignoring.
[INFO] [1780019311.049843745] [coord_transform]: Too many outliers (5). Resetting filter to new position.
[WARN] [1780019324.618029355] [coord_transform]: Outlier rejected #1 (jumped 1786.8mm). Ignoring.
[WARN] [1780019324.666751593] [coord_transform]: Outlier rejected #2 (jumped 1765.7mm). Ignoring.
[WARN] [1780019324.696047361] [coord_transform]: Outlier rejected #3 (jumped 1772.7mm). Ignoring.
[WARN] [1780019324.735049943] [coord_transform]: Outlier rejected #4 (jumped 1840.6mm). Ignoring.
[INFO] [1780019324.774121630] [coord_transform]: Too many outliers (5). Resetting filter to new position.
[WARN] [1780019325.179863273] [coord_transform]: Outlier rejected #1 (jumped 185.0mm). Ignoring.
[WARN] [1780019325.216832349] [coord_transform]: Outlier rejected #2 (jumped 396.1mm). Ignoring.
[WARN] [1780019325.255442188] [coord_transform]: Outlier rejected #3 (jumped 335.7mm). Ignoring.
[WARN] [1780019325.296171197] [coord_transform]: Outlier rejected #4 (jumped 378.3mm). Ignoring.
[INFO] [1780019325.330557232] [coord_transform]: Too many outliers (5). Resetting filter to new position.
[WARN] [1780019325.893058393] [coord_transform]: Outlier rejected #1 (jumped 220.1mm). Ignoring.
[WARN] [1780019327.355708939] [coord_transform]: Outlier rejected #1 (jumped 180.1mm). Ignoring.
[WARN] [1780019327.703595929] [coord_transform]: Outlier rejected #1 (jumped 156.4mm). Ignoring.
[WARN] [1780019327.945114081] [coord_transform]: Outlier rejected #1 (jumped 193.5mm). Ignoring.
[WARN] [1780019327.981161682] [coord_transform]: Outlier rejected #2 (jumped 221.5mm). Ignoring.
[WARN] [1780019328.019434827] [coord_transform]: Outlier rejected #3 (jumped 194.9mm). Ignoring.
[WARN] [1780019328.062119307] [coord_transform]: Outlier rejected #4 (jumped 192.0mm). Ignoring.
[INFO] [1780019328.093014581] [coord_transform]: Too many outliers (5). Resetting filter to new position.
[WARN] [1780019328.520842311] [coord_transform]: Outlier rejected #1 (jumped 368.9mm). Ignoring.
[WARN] [1780019328.554356173] [coord_transform]: Outlier rejected #2 (jumped 389.7mm). Ignoring.
[WARN] [1780019328.595697771] [coord_transform]: Outlier rejected #3 (jumped 371.6mm). Ignoring.
[WARN] [1780019328.637249708] [coord_transform]: Outlier rejected #4 (jumped 351.1mm). Ignoring.
[INFO] [1780019328.667959576] [coord_transform]: Too many outliers (5). Resetting filter to new position.
[WARN] [1780019329.212034077] [coord_transform]: Outlier rejected #1 (jumped 153.3mm). Ignoring.
[WARN] [1780019331.576458625] [coord_transform]: Outlier rejected #1 (jumped 201.7mm). Ignoring.
[WARN] [1780019331.619080343] [coord_transform]: Outlier rejected #2 (jumped 175.4mm). Ignoring.
[WARN] [1780019333.398898715] [coord_transform]: Outlier rejected #1 (jumped 176.9mm). Ignoring.
[WARN] [1780019333.470417246] [coord_transform]: Outlier rejected #2 (jumped 267.8mm). Ignoring.
[WARN] [1780019333.578676053] [coord_transform]: Outlier rejected #1 (jumped 266.8mm). Ignoring.
[WARN] [1780019333.608325759] [coord_transform]: Outlier rejected #2 (jumped 288.8mm). Ignoring.
[WARN] [1780019333.718895879] [coord_transform]: Outlier rejected #1 (jumped 562.9mm). Ignoring.
[WARN] [1780019333.752108438] [coord_transform]: Outlier rejected #2 (jumped 194.5mm). Ignoring.
[WARN] [1780019333.800063129] [coord_transform]: Outlier rejected #3 (jumped 156.0mm). Ignoring.
[WARN] [1780019333.837111926] [coord_transform]: Outlier rejected #4 (jumped 275.1mm). Ignoring.
[INFO] [1780019333.865987052] [coord_transform]: Too many outliers (5). Resetting filter to new position.
[WARN] [1780019334.258448093] [coord_transform]: Outlier rejected #1 (jumped 176.5mm). Ignoring.
[WARN] [1780019334.292475839] [coord_transform]: Outlier rejected #2 (jumped 360.5mm). Ignoring.
[WARN] [1780019334.325595624] [coord_transform]: Outlier rejected #3 (jumped 272.9mm). Ignoring.
[WARN] [1780019334.359570734] [coord_transform]: Outlier rejected #4 (jumped 277.5mm). Ignoring.
[INFO] [1780019334.401756566] [coord_transform]: Too many outliers (5). Resetting filter to new position.
[WARN] [1780019334.447957547] [coord_transform]: Outlier rejected #1 (jumped 165.6mm). Ignoring.
[WARN] [1780019334.635285348] [coord_transform]: Outlier rejected #1 (jumped 482.3mm). Ignoring.
[WARN] [1780019334.672337901] [coord_transform]: Outlier rejected #2 (jumped 272.8mm). Ignoring.
[INFO] [1780019334.810275099] [coord_transform]: Deadband: HOLD at (0.056, 0.028, 0.013)
[INFO] [1780019334.849111791] [coord_transform]: Deadband: RELEASE — motion detected
[WARN] [1780019352.092384308] [coord_transform]: Outlier rejected #1 (jumped 156.7mm). Ignoring.
[WARN] [1780019353.153572470] [coord_transform]: Outlier rejected #1 (jumped 162.4mm). Ignoring.
[WARN] [1780019366.441601905] [coord_transform]: Outlier rejected #1 (jumped 232.0mm). Ignoring.
[WARN] [1780019369.045958497] [coord_transform]: Outlier rejected #1 (jumped 152.7mm). Ignoring.
[WARN] [1780019369.082032062] [coord_transform]: Outlier rejected #2 (jumped 152.7mm). Ignoring.
[WARN] [1780019369.113044157] [coord_transform]: Outlier rejected #3 (jumped 203.0mm). Ignoring.
[WARN] [1780019369.150596354] [coord_transform]: Outlier rejected #4 (jumped 152.7mm). Ignoring.
[INFO] [1780019369.182377211] [coord_transform]: Too many outliers (5). Resetting filter to new position.
[WARN] [1780019371.860362447] [coord_transform]: Outlier rejected #1 (jumped 227.0mm). Ignoring.
[WARN] [1780019372.048541587] [coord_transform]: Outlier rejected #1 (jumped 150.1mm). Ignoring.
[WARN] [1780019373.963267299] [coord_transform]: Outlier rejected #1 (jumped 201.0mm). Ignoring.
[WARN] [1780019375.238270926] [coord_transform]: Outlier rejected #1 (jumped 196.0mm). Ignoring.
[WARN] [1780019375.656085610] [coord_transform]: Outlier rejected #1 (jumped 151.6mm). Ignoring.
[WARN] [1780019375.874428168] [coord_transform]: Outlier rejected #1 (jumped 242.0mm). Ignoring.
[WARN] [1780019376.182876216] [coord_transform]: Outlier rejected #1 (jumped 209.3mm). Ignoring.
[WARN] [1780019376.218763484] [coord_transform]: Outlier rejected #2 (jumped 197.1mm). Ignoring.
[WARN] [1780019376.759738548] [coord_transform]: Outlier rejected #1 (jumped 175.5mm). Ignoring.
[WARN] [1780019376.793278356] [coord_transform]: Outlier rejected #2 (jumped 175.5mm). Ignoring.
[WARN] [1780019376.830905970] [coord_transform]: Outlier rejected #3 (jumped 175.3mm). Ignoring.
[WARN] [1780019376.964125936] [coord_transform]: Outlier rejected #1 (jumped 261.4mm). Ignoring.
[WARN] [1780019377.001687658] [coord_transform]: Outlier rejected #2 (jumped 214.6mm). Ignoring.
[WARN] [1780019377.172886476] [coord_transform]: Outlier rejected #1 (jumped 206.3mm). Ignoring.
[WARN] [1780019377.666817482] [coord_transform]: Outlier rejected #1 (jumped 196.4mm). Ignoring.
[WARN] [1780019378.198568115] [coord_transform]: Outlier rejected #1 (jumped 214.2mm). Ignoring.
[WARN] [1780019378.863715299] [coord_transform]: Outlier rejected #1 (jumped 169.5mm). Ignoring.
[WARN] [1780019379.604116827] [coord_transform]: Outlier rejected #1 (jumped 236.5mm). Ignoring.
[WARN] [1780019379.734635317] [coord_transform]: Outlier rejected #1 (jumped 234.4mm). Ignoring.
[WARN] [1780019379.768624043] [coord_transform]: Outlier rejected #2 (jumped 187.1mm). Ignoring.
[WARN] [1780019379.814931317] [coord_transform]: Outlier rejected #3 (jumped 172.0mm). Ignoring.
[WARN] [1780019379.849100378] [coord_transform]: Outlier rejected #4 (jumped 259.6mm). Ignoring.
[INFO] [1780019379.886148417] [coord_transform]: Too many outliers (5). Resetting filter to new position.
[WARN] [1780019381.298899703] [coord_transform]: Outlier rejected #1 (jumped 158.9mm). Ignoring.
[WARN] [1780019384.417339566] [coord_transform]: Outlier rejected #1 (jumped 173.4mm). Ignoring.
[WARN] [1780019384.489117119] [coord_transform]: Outlier rejected #1 (jumped 226.4mm). Ignoring.
[WARN] [1780019384.532253575] [coord_transform]: Outlier rejected #2 (jumped 337.1mm). Ignoring.
[WARN] [1780019384.568955889] [coord_transform]: Outlier rejected #3 (jumped 293.8mm). Ignoring.
[WARN] [1780019384.606272537] [coord_transform]: Outlier rejected #4 (jumped 282.6mm). Ignoring.
[INFO] [1780019384.641131118] [coord_transform]: Too many outliers (5). Resetting filter to new position.
[WARN] [1780019385.276447966] [coord_transform]: Outlier rejected #1 (jumped 210.3mm). Ignoring.
[WARN] [1780019385.306751784] [coord_transform]: Outlier rejected #2 (jumped 184.1mm). Ignoring.
[WARN] [1780019385.341602716] [coord_transform]: Outlier rejected #3 (jumped 265.6mm). Ignoring.
[WARN] [1780019385.759216572] [coord_transform]: Outlier rejected #1 (jumped 220.3mm). Ignoring.
[WARN] [1780019385.870474487] [coord_transform]: Outlier rejected #1 (jumped 201.2mm). Ignoring.
[WARN] [1780019385.903007603] [coord_transform]: Outlier rejected #2 (jumped 153.9mm). Ignoring.
[WARN] [1780019385.936199324] [coord_transform]: Outlier rejected #3 (jumped 153.9mm). Ignoring.
[WARN] [1780019386.453753660] [coord_transform]: Outlier rejected #1 (jumped 219.3mm). Ignoring.
[WARN] [1780019386.934399865] [coord_transform]: Outlier rejected #1 (jumped 192.1mm). Ignoring.
[WARN] [1780019387.625366842] [coord_transform]: Outlier rejected #1 (jumped 161.9mm). Ignoring.
[WARN] [1780019387.700179286] [coord_transform]: Outlier rejected #1 (jumped 195.1mm). Ignoring.
[WARN] [1780019388.274377619] [coord_transform]: Outlier rejected #1 (jumped 257.5mm). Ignoring.
[WARN] [1780019388.310567682] [coord_transform]: Outlier rejected #2 (jumped 198.1mm). Ignoring.
[WARN] [1780019388.350343736] [coord_transform]: Outlier rejected #3 (jumped 185.1mm). Ignoring.
[WARN] [1780019388.488401424] [coord_transform]: Outlier rejected #1 (jumped 189.1mm). Ignoring.
[WARN] [1780019389.364444891] [coord_transform]: Outlier rejected #1 (jumped 205.0mm). Ignoring.
[WARN] [1780019389.738120409] [coord_transform]: Outlier rejected #1 (jumped 184.0mm). Ignoring.
[WARN] [1780019390.076176384] [coord_transform]: Outlier rejected #1 (jumped 157.9mm). Ignoring.
[WARN] [1780019390.177850842] [coord_transform]: Outlier rejected #1 (jumped 168.8mm). Ignoring.
[WARN] [1780019391.398994412] [coord_transform]: Outlier rejected #1 (jumped 168.3mm). Ignoring.
[WARN] [1780019391.604420425] [coord_transform]: Outlier rejected #1 (jumped 183.5mm). Ignoring.
[WARN] [1780019391.679074554] [coord_transform]: Outlier rejected #1 (jumped 157.9mm). Ignoring.
[WARN] [1780019391.711298893] [coord_transform]: Outlier rejected #2 (jumped 224.2mm). Ignoring.
[WARN] [1780019391.813675316] [coord_transform]: Outlier rejected #1 (jumped 222.2mm). Ignoring.
[WARN] [1780019391.916598556] [coord_transform]: Outlier rejected #1 (jumped 157.0mm). Ignoring.
[WARN] [1780019391.946424305] [coord_transform]: Outlier rejected #2 (jumped 186.6mm). Ignoring.
[WARN] [1780019392.013706765] [coord_transform]: Outlier rejected #1 (jumped 206.7mm). Ignoring.
[WARN] [1780019392.116547398] [coord_transform]: Outlier rejected #1 (jumped 269.5mm). Ignoring.
[WARN] [1780019392.148110329] [coord_transform]: Outlier rejected #2 (jumped 201.1mm). Ignoring.
[WARN] [1780019392.216632508] [coord_transform]: Outlier rejected #1 (jumped 189.6mm). Ignoring.
[WARN] [1780019392.252203823] [coord_transform]: Outlier rejected #2 (jumped 172.0mm). Ignoring.
[WARN] [1780019392.319790120] [coord_transform]: Outlier rejected #1 (jumped 207.2mm). Ignoring.
[WARN] [1780019392.353957727] [coord_transform]: Outlier rejected #2 (jumped 271.0mm). Ignoring.
[WARN] [1780019392.419430004] [coord_transform]: Outlier rejected #1 (jumped 286.6mm). Ignoring.
[WARN] [1780019393.699867457] [coord_transform]: Outlier rejected #1 (jumped 168.4mm). Ignoring.
[WARN] [1780019399.711262671] [coord_transform]: Outlier rejected #1 (jumped 153.9mm). Ignoring.
[WARN] [1780019400.281966093] [coord_transform]: Outlier rejected #1 (jumped 162.9mm). Ignoring.
[WARN] [1780019401.529922650] [coord_transform]: Outlier rejected #1 (jumped 165.0mm). Ignoring.
[WARN] [1780019403.017846470] [coord_transform]: Outlier rejected #1 (jumped 157.9mm). Ignoring.
[WARN] [1780019403.052535960] [coord_transform]: Outlier rejected #2 (jumped 178.0mm). Ignoring.
[WARN] [1780019403.195785936] [coord_transform]: Outlier rejected #1 (jumped 172.0mm). Ignoring.
[WARN] [1780019403.233446624] [coord_transform]: Outlier rejected #2 (jumped 172.0mm). Ignoring.
[WARN] [1780019403.275511041] [coord_transform]: Outlier rejected #3 (jumped 162.9mm). Ignoring.
[WARN] [1780019403.309632356] [coord_transform]: Outlier rejected #4 (jumped 152.9mm). Ignoring.
[WARN] [1780019403.667765763] [coord_transform]: Outlier rejected #1 (jumped 155.9mm). Ignoring.
[INFO] [1780019406.149869629] [coord_transform]: Deadband: HOLD at (0.056, 0.028, 0.013)
[INFO] [1780019406.187352350] [coord_transform]: Deadband: RELEASE — motion detected
[INFO] [1780019414.426895699] [coord_transform]: Deadband: HOLD at (0.056, 0.028, 0.013)
[INFO] [1780019414.463413642] [coord_transform]: Deadband: RELEASE — motion detected
[WARN] [1780019420.646573894] [coord_transform]: Outlier rejected #1 (jumped 165.4mm). Ignoring.
[WARN] [1780019420.889553965] [coord_transform]: Outlier rejected #1 (jumped 157.6mm). Ignoring.
[WARN] [1780019421.126730210] [coord_transform]: Outlier rejected #1 (jumped 150.6mm). Ignoring.
[WARN] [1780019421.235831491] [coord_transform]: Outlier rejected #1 (jumped 245.1mm). Ignoring.
[WARN] [1780019423.827460087] [coord_transform]: Outlier rejected #1 (jumped 156.8mm). Ignoring.
[WARN] [1780019423.860218788] [coord_transform]: Outlier rejected #2 (jumped 175.8mm). Ignoring.
[WARN] [1780019423.892883845] [coord_transform]: Outlier rejected #3 (jumped 156.8mm). Ignoring.
[WARN] [1780019423.924712920] [coord_transform]: Outlier rejected #4 (jumped 233.1mm). Ignoring.
[INFO] [1780019423.958645933] [coord_transform]: Too many outliers (5). Resetting filter to new position.
[WARN] [1780019440.134924197] [coord_transform]: Outlier rejected #1 (jumped 166.0mm). Ignoring.
[INFO] [1780019440.656749547] [coord_transform]: Re-sync camera init: [ 0.124 -0.056  0.106]
[INFO] [1780019440.657061370] [coord_transform]: Trạng thái tracking: RUNNING
[INFO] [1780019440.660227298] [coord_transform]: Deadband: RELEASE — motion detected
[INFO] [1780019440.661471954] [coord_transform]: [GROUND_TRUTH] Transform: cam[ 0.115 -0.005  0.106] → base[-0.155  0.314  0.394]
[INFO] [1780019441.163846272] [coord_transform]: Deadband: HOLD at (0.124, -0.056, 0.106)
[INFO] [1780019442.663886861] [coord_transform]: [GROUND_TRUTH] Transform: cam[0.103 0.087 0.12 ] → base[-0.143  0.406  0.409]
[WARN] [1780019444.478807427] [coord_transform]: Outlier rejected #1 (jumped 153.9mm). Ignoring.
[INFO] [1780019444.666835571] [coord_transform]: [GROUND_TRUTH] Transform: cam[0.107 0.05  0.12 ] → base[-0.148  0.369  0.408]
[INFO] [1780019446.722050346] [coord_transform]: [GROUND_TRUTH] Transform: cam[0.108 0.029 0.117] → base[-0.148  0.348  0.406]
[INFO] [1780019448.734100991] [coord_transform]: [GROUND_TRUTH] Transform: cam[0.082 0.199 0.169] → base[-0.122  0.518  0.458]
[INFO] [1780019450.749653402] [coord_transform]: [GROUND_TRUTH] Transform: cam[0.037 0.18  0.391] → base[-0.078  0.499  0.679]
[INFO] [1780019452.780896626] [coord_transform]: [GROUND_TRUTH] Transform: cam[ 0.072 -0.133  0.514] → base[-0.112  0.186  0.802]
[INFO] [1780019454.809476068] [coord_transform]: [GROUND_TRUTH] Transform: cam[ 0.098 -0.154  0.434] → base[-0.138  0.165  0.723]
[INFO] [1780019456.839657756] [coord_transform]: [GROUND_TRUTH] Transform: cam[0.043 0.046 0.623] → base[-0.083  0.365  0.912]
[INFO] [1780019458.844186046] [coord_transform]: [GROUND_TRUTH] Transform: cam[-0.056  0.261  0.506] → base[0.016 0.58  0.795]
[INFO] [1780019460.873800798] [coord_transform]: [GROUND_TRUTH] Transform: cam[0.092 0.173 0.516] → base[-0.132  0.492  0.804]
[INFO] [1780019462.893468362] [coord_transform]: [GROUND_TRUTH] Transform: cam[ 0.21  -0.09   0.422] → base[-0.25   0.229  0.711]
[INFO] [1780019464.904424056] [coord_transform]: [GROUND_TRUTH] Transform: cam[0.044 0.224 0.49 ] → base[-0.085  0.543  0.778]
[INFO] [1780019466.913544845] [coord_transform]: [GROUND_TRUTH] Transform: cam[0.031 0.267 0.428] → base[-0.071  0.586  0.717]
[INFO] [1780019468.927521979] [coord_transform]: [GROUND_TRUTH] Transform: cam[0.004 0.2   0.402] → base[-0.044  0.519  0.69 ]
[INFO] [1780019470.953626947] [coord_transform]: [GROUND_TRUTH] Transform: cam[-0.012  0.241  0.391] → base[-0.028  0.56   0.68 ]
[INFO] [1780019472.973414842] [coord_transform]: [GROUND_TRUTH] Transform: cam[0.039 0.187 0.599] → base[-0.079  0.506  0.888]
[INFO] [1780019474.979492182] [coord_transform]: [GROUND_TRUTH] Transform: cam[0.036 0.199 0.589] → base[-0.076  0.518  0.877]
[INFO] [1780019476.987587474] [coord_transform]: [GROUND_TRUTH] Transform: cam[0.004 0.256 0.409] → base[-0.044  0.575  0.697]
[INFO] [1780019479.003929731] [coord_transform]: [GROUND_TRUTH] Transform: cam[0.116 0.534 0.395] → base[-0.157  0.853  0.684]
[INFO] [1780019481.005703289] [coord_transform]: [GROUND_TRUTH] Transform: cam[0.265 0.341 0.412] → base[-0.305  0.66   0.701]
[INFO] [1780019483.037877086] [coord_transform]: [GROUND_TRUTH] Transform: cam[0.303 0.162 0.398] → base[-0.343  0.481  0.687]
[INFO] [1780019485.040445559] [coord_transform]: [GROUND_TRUTH] Transform: cam[0.173 0.336 0.396] → base[-0.214  0.655  0.684]
[INFO] [1780019487.062246374] [coord_transform]: [GROUND_TRUTH] Transform: cam[-0.034  0.322  0.306] → base[-0.007  0.641  0.595]
[INFO] [1780019489.076927399] [coord_transform]: [GROUND_TRUTH] Transform: cam[0.022 0.259 0.286] → base[-0.063  0.578  0.574]
[INFO] [1780019491.100230522] [coord_transform]: [GROUND_TRUTH] Transform: cam[0.028 0.257 0.42 ] → base[-0.068  0.576  0.709]
[INFO] [1780019493.110235774] [coord_transform]: [GROUND_TRUTH] Transform: cam[0.022 0.249 0.349] → base[-0.062  0.568  0.637]
[INFO] [1780019495.137177060] [coord_transform]: [GROUND_TRUTH] Transform: cam[0.045 0.262 0.177] → base[-0.085  0.581  0.466]
[INFO] [1780019497.147631257] [coord_transform]: [GROUND_TRUTH] Transform: cam[0.066 0.497 0.305] → base[-0.106  0.816  0.594]
[INFO] [1780019499.160427242] [coord_transform]: [GROUND_TRUTH] Transform: cam[0.117 0.424 0.427] → base[-0.158  0.743  0.716]
[INFO] [1780019501.171102016] [coord_transform]: [GROUND_TRUTH] Transform: cam[0.056 0.246 0.695] → base[-0.096  0.565  0.983]
[INFO] [1780019503.173588001] [coord_transform]: [GROUND_TRUTH] Transform: cam[0.057 0.405 0.457] → base[-0.097  0.724  0.746]
[INFO] [1780019505.176226531] [coord_transform]: [GROUND_TRUTH] Transform: cam[0.11  0.511 0.527] → base[-0.151  0.83   0.815]
[INFO] [1780019507.190902333] [coord_transform]: [GROUND_TRUTH] Transform: cam[0.023 0.171 0.465] → base[-0.064  0.49   0.754]
[INFO] [1780019509.226954142] [coord_transform]: [GROUND_TRUTH] Transform: cam[0.092 0.366 0.266] → base[-0.133  0.685  0.554]
[INFO] [1780019511.240243383] [coord_transform]: [GROUND_TRUTH] Transform: cam[0.069 0.496 0.551] → base[-0.109  0.815  0.84 ]
[INFO] [1780019513.254382808] [coord_transform]: [GROUND_TRUTH] Transform: cam[0.024 0.171 0.424] → base[-0.064  0.49   0.713]
[INFO] [1780019515.277537248] [coord_transform]: [GROUND_TRUTH] Transform: cam[0.106 0.428 0.267] → base[-0.146  0.747  0.555]
[INFO] [1780019517.306179485] [coord_transform]: [GROUND_TRUTH] Transform: cam[0.045 0.245 0.603] → base[-0.085  0.564  0.892]
[INFO] [1780019519.331396235] [coord_transform]: [GROUND_TRUTH] Transform: cam[0.036 0.179 0.183] → base[-0.076  0.498  0.472]
[INFO] [1780019521.343866447] [coord_transform]: [GROUND_TRUTH] Transform: cam[0.123 0.446 0.247] → base[-0.163  0.765  0.536]
[INFO] [1780019523.370208126] [coord_transform]: [GROUND_TRUTH] Transform: cam[0.16  0.351 0.254] → base[-0.201  0.67   0.543]
[INFO] [1780019525.386142912] [coord_transform]: [GROUND_TRUTH] Transform: cam[0.155 0.279 0.203] → base[-0.196  0.598  0.492]
[INFO] [1780019527.419389731] [coord_transform]: [GROUND_TRUTH] Transform: cam[-0.025  0.294  0.262] → base[-0.015  0.613  0.551]
[INFO] [1780019529.257491130] [coord_transform]: Trạng thái tracking: STOPPED
[WARN] [1780019566.397061988] [coord_transform]: Outlier rejected #1 (jumped 181.8mm). Ignoring.
[WARN] [1780019578.627054458] [coord_transform]: Outlier rejected #1 (jumped 320.2mm). Ignoring.
[WARN] [1780019578.661590224] [coord_transform]: Outlier rejected #2 (jumped 168.9mm). Ignoring.
[WARN] [1780019578.695392760] [coord_transform]: Outlier rejected #3 (jumped 262.8mm). Ignoring.
[WARN] [1780019578.728667078] [coord_transform]: Outlier rejected #4 (jumped 186.1mm). Ignoring.
[INFO] [1780019578.766487899] [coord_transform]: Too many outliers (5). Resetting filter to new position.
[INFO] [1780019582.419908666] [coord_transform]: Đã chuyển mode: ground_truth -> prediction
[WARN] [1780019587.618560645] [coord_transform]: Outlier rejected #1 (jumped 160.0mm). Ignoring.
[WARN] [1780019587.656244712] [coord_transform]: Outlier rejected #2 (jumped 216.3mm). Ignoring.
[INFO] [1780019587.998116339] [coord_transform]: Deadband: HOLD at (0.124, -0.056, 0.106)
[INFO] [1780019588.031322473] [coord_transform]: Deadband: RELEASE — motion detected
[WARN] [1780019588.741464034] [coord_transform]: Outlier rejected #1 (jumped 156.0mm). Ignoring.
[WARN] [1780019588.904255514] [coord_transform]: Outlier rejected #1 (jumped 196.7mm). Ignoring.
[WARN] [1780019588.947031696] [coord_transform]: Outlier rejected #2 (jumped 152.6mm). Ignoring.
[WARN] [1780019590.691109647] [coord_transform]: Outlier rejected #1 (jumped 161.7mm). Ignoring.
[WARN] [1780019591.278779314] [coord_transform]: Outlier rejected #1 (jumped 150.6mm). Ignoring.
[WARN] [1780019595.339297684] [coord_transform]: Outlier rejected #1 (jumped 171.8mm). Ignoring.
[WARN] [1780019595.887186264] [coord_transform]: Outlier rejected #1 (jumped 171.3mm). Ignoring.
[WARN] [1780019596.361804352] [coord_transform]: Outlier rejected #1 (jumped 211.0mm). Ignoring.
[WARN] [1780019596.395234177] [coord_transform]: Outlier rejected #2 (jumped 199.9mm). Ignoring.
[WARN] [1780019598.267354950] [coord_transform]: Outlier rejected #1 (jumped 204.4mm). Ignoring.
[WARN] [1780019599.041226085] [coord_transform]: Outlier rejected #1 (jumped 206.4mm). Ignoring.
[WARN] [1780019600.719208299] [coord_transform]: Outlier rejected #1 (jumped 201.9mm). Ignoring.
[WARN] [1780019600.852310983] [coord_transform]: Outlier rejected #1 (jumped 216.9mm). Ignoring.
[WARN] [1780019602.423628123] [coord_transform]: Outlier rejected #1 (jumped 170.8mm). Ignoring.
[WARN] [1780019602.563744761] [coord_transform]: Outlier rejected #1 (jumped 189.9mm). Ignoring.
[WARN] [1780019602.803775317] [coord_transform]: Outlier rejected #1 (jumped 157.7mm). Ignoring.
[WARN] [1780019602.935796618] [coord_transform]: Outlier rejected #1 (jumped 173.3mm). Ignoring.
[WARN] [1780019603.109852351] [coord_transform]: Outlier rejected #1 (jumped 178.9mm). Ignoring.
[WARN] [1780019603.187278310] [coord_transform]: Outlier rejected #1 (jumped 236.9mm). Ignoring.
[WARN] [1780019603.232813381] [coord_transform]: Outlier rejected #2 (jumped 388.7mm). Ignoring.
[WARN] [1780019603.586447014] [coord_transform]: Outlier rejected #1 (jumped 188.8mm). Ignoring.
[WARN] [1780019603.621899004] [coord_transform]: Outlier rejected #2 (jumped 199.5mm). Ignoring.
[WARN] [1780019603.657926189] [coord_transform]: Outlier rejected #3 (jumped 191.0mm). Ignoring.
[WARN] [1780019603.692318167] [coord_transform]: Outlier rejected #4 (jumped 221.7mm). Ignoring.
[INFO] [1780019603.725869430] [coord_transform]: Too many outliers (5). Resetting filter to new position.
[WARN] [1780019604.688298360] [coord_transform]: Outlier rejected #1 (jumped 156.6mm). Ignoring.
[WARN] [1780019604.939086284] [coord_transform]: Outlier rejected #1 (jumped 189.7mm). Ignoring.
[WARN] [1780019604.978273155] [coord_transform]: Outlier rejected #2 (jumped 172.1mm). Ignoring.
[WARN] [1780019605.084796978] [coord_transform]: Outlier rejected #1 (jumped 212.3mm). Ignoring.
[WARN] [1780019605.952863476] [coord_transform]: Outlier rejected #1 (jumped 166.7mm). Ignoring.
[WARN] [1780019607.816148868] [coord_transform]: Outlier rejected #1 (jumped 256.1mm). Ignoring.
[WARN] [1780019607.861133284] [coord_transform]: Outlier rejected #2 (jumped 217.4mm). Ignoring.
[WARN] [1780019607.933044659] [coord_transform]: Outlier rejected #1 (jumped 156.7mm). Ignoring.
[WARN] [1780019607.970292328] [coord_transform]: Outlier rejected #2 (jumped 177.8mm). Ignoring.
[WARN] [1780019611.973381150] [coord_transform]: Outlier rejected #1 (jumped 168.8mm). Ignoring.
[WARN] [1780019612.332493537] [coord_transform]: Outlier rejected #1 (jumped 152.7mm). Ignoring.
[WARN] [1780019614.785161660] [coord_transform]: Outlier rejected #1 (jumped 283.3mm). Ignoring.
[WARN] [1780019616.760322803] [coord_transform]: Outlier rejected #1 (jumped 193.9mm). Ignoring.
[WARN] [1780019616.796874610] [coord_transform]: Outlier rejected #2 (jumped 204.9mm). Ignoring.
[WARN] [1780019616.831532653] [coord_transform]: Outlier rejected #3 (jumped 204.9mm). Ignoring.
[WARN] [1780019616.865693387] [coord_transform]: Outlier rejected #4 (jumped 183.8mm). Ignoring.
[INFO] [1780019616.899283372] [coord_transform]: Too many outliers (5). Resetting filter to new position.
[WARN] [1780019619.289555939] [coord_transform]: Outlier rejected #1 (jumped 193.9mm). Ignoring.
[WARN] [1780019625.590410123] [coord_transform]: Outlier rejected #1 (jumped 270.8mm). Ignoring.
[WARN] [1780019625.931335366] [coord_transform]: Outlier rejected #1 (jumped 237.2mm). Ignoring.
[WARN] [1780019626.009335628] [coord_transform]: Outlier rejected #1 (jumped 225.1mm). Ignoring.
[INFO] [1780019632.676073845] [coord_transform]: Captured Init Pose! P_init=(-0.164, 0.263, 0.395), Cam_init=(0.105, 0.039, 0.030), Noise_Tol=60.0mm
Orientation=(0.717, 0.696, -0.032, 0.022)
[INFO] [1780019632.684409028] [coord_transform]: Deadband: RELEASE — motion detected
[INFO] [1780019632.684757939] [coord_transform]: [SNAP ON] Tay đứng yên, GRU lệch 4.1cm (< 10cm). Snap prediction về actual hand.
[INFO] [1780019632.865760354] [coord_transform]: Deadband: HOLD at (0.105, 0.039, 0.030)
[INFO] [1780019634.685356302] [coord_transform]: Deadband: RELEASE — motion detected
[INFO] [1780019634.935566256] [coord_transform]: Deadband: HOLD at (0.105, 0.039, 0.030)
[INFO] [1780019638.000755693] [coord_transform]: Deadband: RELEASE — motion detected
[INFO] [1780019638.033530727] [coord_transform]: Deadband: HOLD at (0.105, 0.039, 0.030)
[INFO] [1780019640.035016866] [coord_transform]: Deadband: RELEASE — motion detected
[INFO] [1780019640.065684331] [coord_transform]: Deadband: HOLD at (0.105, 0.039, 0.030)
[INFO] [1780019642.068192329] [coord_transform]: Deadband: HOLD at (0.105, 0.039, 0.030)
[INFO] [1780019642.103762529] [coord_transform]: Deadband: RELEASE — motion detected
[INFO] [1780019642.213323374] [coord_transform]: Re-sync camera init: [ 0.1   -0.022  0.025]
[INFO] [1780019642.213741703] [coord_transform]: Trạng thái tracking: RUNNING
[INFO] [1780019642.261166400] [coord_transform]: [SNAP OFF] Tay di chuyển lại. Thả snap.
[INFO] [1780019642.262214108] [coord_transform]: [PREDICTION] Transform: cam[0.089 0.041 0.048] → base[-0.153  0.326  0.417]
[INFO] [1780019644.083882139] [coord_transform]: Deadband: HOLD at (0.100, -0.022, 0.025)
[INFO] [1780019644.125468595] [coord_transform]: Deadband: RELEASE — motion detected
[INFO] [1780019644.286400648] [coord_transform]: [PREDICTION] Transform: cam[0.056 0.108 0.088] → base[-0.119  0.393  0.458]
[INFO] [1780019646.317338848] [coord_transform]: [PREDICTION] Transform: cam[-0.021  0.328  0.22 ] → base[-0.043  0.613  0.589]
[INFO] [1780019648.320761937] [coord_transform]: [PREDICTION] Transform: cam[0.013 0.424 0.3  ] → base[-0.077  0.709  0.67 ]
[INFO] [1780019650.354958294] [coord_transform]: [PREDICTION] Transform: cam[-0.005  0.184  0.327] → base[-0.058  0.469  0.697]
[INFO] [1780019652.358857016] [coord_transform]: [PREDICTION] Transform: cam[-0.042  0.244  0.223] → base[-0.022  0.529  0.593]
[INFO] [1780019654.389190622] [coord_transform]: [PREDICTION] Transform: cam[-0.027  0.586  0.276] → base[-0.037  0.871  0.646]
[INFO] [1780019656.410638608] [coord_transform]: [PREDICTION] Transform: cam[-0.056  0.313  0.431] → base[-0.008  0.598  0.801]
[INFO] [1780019658.435857449] [coord_transform]: [PREDICTION] Transform: cam[-0.024  0.205  0.178] → base[-0.039  0.49   0.548]
[INFO] [1780019660.463767734] [coord_transform]: [PREDICTION] Transform: cam[-0.026  0.595  0.223] → base[-0.038  0.88   0.592]
[INFO] [1780019662.463999499] [coord_transform]: [PREDICTION] Transform: cam[-0.08   0.294  0.419] → base[0.016 0.579 0.788]
[INFO] [1780019664.482207183] [coord_transform]: [PREDICTION] Transform: cam[0.049 0.323 0.188] → base[-0.112  0.608  0.557]
[INFO] [1780019666.489598138] [coord_transform]: [PREDICTION] Transform: cam[0.101 0.478 0.212] → base[-0.165  0.763  0.582]
[INFO] [1780019668.499847255] [coord_transform]: [PREDICTION] Transform: cam[-0.14   0.5    0.276] → base[0.076 0.785 0.645]
[INFO] [1780019670.505986050] [coord_transform]: [PREDICTION] Transform: cam[0.031 0.2   0.167] → base[-0.095  0.485  0.536]
[INFO] [1780019672.512307073] [coord_transform]: [PREDICTION] Transform: cam[0.059 0.483 0.184] → base[-0.123  0.768  0.554]
[INFO] [1780019674.516427637] [coord_transform]: [PREDICTION] Transform: cam[-0.152  0.493  0.246] → base[0.089 0.778 0.615]
[INFO] [1780019676.550266175] [coord_transform]: [PREDICTION] Transform: cam[-0.007  0.198  0.178] → base[-0.057  0.483  0.548]
[INFO] [1780019678.555167573] [coord_transform]: [PREDICTION] Transform: cam[0.096 0.498 0.136] → base[-0.16   0.783  0.505]
[INFO] [1780019680.571427233] [coord_transform]: [PREDICTION] Transform: cam[-0.133  0.531  0.198] → base[0.069 0.816 0.567]
[INFO] [1780019682.584233432] [coord_transform]: [PREDICTION] Transform: cam[-0.01   0.371  0.145] → base[-0.054  0.656  0.514]
[INFO] [1780019684.595921951] [coord_transform]: [PREDICTION] Transform: cam[0.058 0.548 0.125] → base[-0.122  0.833  0.494]
[INFO] [1780019686.628116487] [coord_transform]: [PREDICTION] Transform: cam[-0.101  0.433  0.494] → base[0.037 0.718 0.863]
[INFO] [1780019688.628524733] [coord_transform]: [PREDICTION] Transform: cam[-0.053  0.26   0.359] → base[-0.011  0.545  0.728]
[INFO] [1780019690.655694873] [coord_transform]: [PREDICTION] Transform: cam[-0.018  0.311  0.167] → base[-0.046  0.596  0.537]
[INFO] [1780019692.689121389] [coord_transform]: [PREDICTION] Transform: cam[0.111 0.474 0.152] → base[-0.175  0.759  0.521]
[INFO] [1780019694.695593035] [coord_transform]: [PREDICTION] Transform: cam[-0.031  0.268  0.141] → base[-0.033  0.553  0.511]
[INFO] [1780019696.701917221] [coord_transform]: [PREDICTION] Transform: cam[-0.1    0.51   0.193] → base[0.037 0.795 0.562]
[WARN] [1780019698.455714994] [coord_transform]: Outlier rejected #1 (jumped 808.4mm). Ignoring.
[WARN] [1780019698.493182572] [coord_transform]: Outlier rejected #2 (jumped 590.9mm). Ignoring.
[INFO] [1780019698.733047514] [coord_transform]: [PREDICTION] Transform: cam[0.1   0.453 0.108] → base[-0.163  0.738  0.477]
[INFO] [1780019700.751910545] [coord_transform]: [PREDICTION] Transform: cam[-0.026  0.225  0.131] → base[-0.038  0.51   0.5  ]
[INFO] [1780019702.753579766] [coord_transform]: [PREDICTION] Transform: cam[-0.018  0.528  0.147] → base[-0.046  0.813  0.516]
[WARN] [1780019703.326687147] [coord_transform]: Outlier rejected #1 (jumped 426.7mm). Ignoring.
[WARN] [1780019703.373122070] [coord_transform]: Outlier rejected #2 (jumped 235.6mm). Ignoring.
[INFO] [1780019704.783835462] [coord_transform]: [PREDICTION] Transform: cam[0.043 0.393 0.113] → base[-0.107  0.678  0.482]
[INFO] [1780019706.791762177] [coord_transform]: [PREDICTION] Transform: cam[-0.106  0.352  0.174] → base[0.042 0.637 0.544]
[INFO] [1780019708.824600940] [coord_transform]: [PREDICTION] Transform: cam[-0.046  0.612  0.178] → base[-0.017  0.897  0.548]
[INFO] [1780019710.855005124] [coord_transform]: [PREDICTION] Transform: cam[0.019 0.571 0.145] → base[-0.083  0.856  0.515]
[INFO] [1780019712.879912124] [coord_transform]: [PREDICTION] Transform: cam[0.024 0.358 0.128] → base[-0.088  0.643  0.497]
[INFO] [1780019714.913196918] [coord_transform]: [PREDICTION] Transform: cam[-0.062  0.252  0.149] → base[-0.001  0.537  0.518]
[INFO] [1780019716.940303518] [coord_transform]: [PREDICTION] Transform: cam[-0.125  0.355  0.195] → base[0.061 0.64  0.564]
[INFO] [1780019718.990457583] [coord_transform]: [PREDICTION] Transform: cam[-0.136  0.544  0.288] → base[0.072 0.829 0.657]
[INFO] [1780019721.004330540] [coord_transform]: [PREDICTION] Transform: cam[-0.037  0.455  0.382] → base[-0.027  0.74   0.751]
[INFO] [1780019723.021653750] [coord_transform]: [PREDICTION] Transform: cam[-0.007  0.384  0.304] → base[-0.057  0.669  0.673]
[INFO] [1780019725.023392969] [coord_transform]: [PREDICTION] Transform: cam[-0.091  0.451  0.167] → base[0.027 0.736 0.537]
[INFO] [1780019727.047273084] [coord_transform]: [PREDICTION] Transform: cam[-0.096  0.498  0.308] → base[0.032 0.783 0.677]
[INFO] [1780019729.061356632] [coord_transform]: [PREDICTION] Transform: cam[-0.002  0.38   0.29 ] → base[-0.061  0.665  0.66 ]
[INFO] [1780019731.087914132] [coord_transform]: [PREDICTION] Transform: cam[-0.13   0.536  0.142] → base[0.066 0.821 0.511]
[INFO] [1780019733.102609283] [coord_transform]: [PREDICTION] Transform: cam[-0.081  0.298  0.27 ] → base[0.017 0.583 0.639]
[INFO] [1780019735.102788324] [coord_transform]: [PREDICTION] Transform: cam[-0.038  0.296  0.139] → base[-0.025  0.581  0.508]
[INFO] [1780019737.105748770] [coord_transform]: [PREDICTION] Transform: cam[-0.103  0.712  0.233] → base[0.039 0.997 0.603]
[INFO] [1780019739.138483819] [coord_transform]: [PREDICTION] Transform: cam[-0.048  0.591  0.52 ] → base[-0.016  0.876  0.89 ]
[INFO] [1780019741.149609480] [coord_transform]: [PREDICTION] Transform: cam[-0.026  0.376  0.523] → base[-0.038  0.661  0.893]
[INFO] [1780019743.172983128] [coord_transform]: [PREDICTION] Transform: cam[-0.06   0.322  0.167] → base[-0.004  0.607  0.537]
[INFO] [1780019745.183683313] [coord_transform]: [PREDICTION] Transform: cam[-0.061  0.581  0.222] → base[-0.003  0.866  0.591]
[INFO] [1780019747.194851962] [coord_transform]: [PREDICTION] Transform: cam[0.098 0.402 0.126] → base[-0.162  0.687  0.495]
[INFO] [1780019749.212462074] [coord_transform]: [PREDICTION] Transform: cam[-0.1    0.253  0.168] → base[0.036 0.538 0.537]
[INFO] [1780019751.236146223] [coord_transform]: [PREDICTION] Transform: cam[-0.067  0.546  0.175] → base[0.003 0.831 0.544]
[INFO] [1780019753.237696817] [coord_transform]: [PREDICTION] Transform: cam[0.132 0.618 0.138] → base[-0.196  0.903  0.508]
[INFO] [1780019755.254581546] [coord_transform]: [PREDICTION] Transform: cam[0.063 0.333 0.144] → base[-0.127  0.618  0.513]
[INFO] [1780019757.285281834] [coord_transform]: [PREDICTION] Transform: cam[-0.099  0.259  0.115] → base[0.035 0.544 0.484]
[INFO] [1780019759.285831770] [coord_transform]: [PREDICTION] Transform: cam[-0.019  0.562  0.112] → base[-0.045  0.847  0.481]
[INFO] [1780019761.311260709] [coord_transform]: [PREDICTION] Transform: cam[0.057 0.616 0.278] → base[-0.121  0.901  0.648]
[INFO] [1780019763.322805160] [coord_transform]: [PREDICTION] Transform: cam[-0.082  0.428  0.546] → base[0.018 0.713 0.915]
[INFO] [1780019765.333649840] [coord_transform]: [PREDICTION] Transform: cam[-0.049  0.271  0.435] → base[-0.015  0.556  0.805]
[INFO] [1780019767.356174540] [coord_transform]: [PREDICTION] Transform: cam[-0.044  0.353  0.151] → base[-0.02   0.638  0.521]
[INFO] [1780019769.377449508] [coord_transform]: [PREDICTION] Transform: cam[-0.049  0.52   0.03 ] → base[-0.015  0.805  0.399]
[INFO] [1780019771.450803949] [coord_transform]: [PREDICTION] Transform: cam[-0.006  0.587 -0.021] → base[-0.058  0.872  0.348]
[INFO] [1780019773.503267350] [coord_transform]: [PREDICTION] Transform: cam[ 0.009  0.629 -0.019] → base[-0.073  0.914  0.35 ]
[INFO] [1780019775.531771780] [coord_transform]: [PREDICTION] Transform: cam[ 0.064  0.614 -0.064] → base[-0.128  0.899  0.306]
[INFO] [1780019777.547582736] [coord_transform]: [PREDICTION] Transform: cam[0.029 0.58  0.001] → base[-0.092  0.865  0.37 ]
[INFO] [1780019779.565180536] [coord_transform]: [PREDICTION] Transform: cam[-0.05   0.54   0.293] → base[-0.014  0.825  0.663]
[INFO] [1780019781.590444006] [coord_transform]: [PREDICTION] Transform: cam[-0.086  0.351  0.506] → base[0.023 0.636 0.876]
[INFO] [1780019783.663052543] [coord_transform]: [PREDICTION] Transform: cam[-0.057  0.207  0.491] → base[-0.007  0.492  0.86 ]
[INFO] [1780019785.696222817] [coord_transform]: [PREDICTION] Transform: cam[-0.078  0.268  0.209] → base[0.014 0.553 0.579]
[INFO] [1780019787.728881424] [coord_transform]: [PREDICTION] Transform: cam[-0.046  0.349  0.147] → base[-0.018  0.634  0.517]
[INFO] [1780019789.732689913] [coord_transform]: [PREDICTION] Transform: cam[-0.031  0.127  0.197] → base[-0.033  0.412  0.566]
[INFO] [1780019791.772689955] [coord_transform]: [PREDICTION] Transform: cam[-0.076  0.4    0.125] → base[0.012 0.685 0.495]
[INFO] [1780019793.800278539] [coord_transform]: [PREDICTION] Transform: cam[0.01  0.639 0.39 ] → base[-0.074  0.924  0.76 ]
[INFO] [1780019795.826670121] [coord_transform]: [PREDICTION] Transform: cam[0.171 0.468 0.444] → base[-0.235  0.753  0.813]
[INFO] [1780019797.858497522] [coord_transform]: [PREDICTION] Transform: cam[0.239 0.329 0.337] → base[-0.303  0.614  0.707]
[INFO] [1780019799.865583807] [coord_transform]: [PREDICTION] Transform: cam[0.123 0.076 0.299] → base[-0.186  0.361  0.669]
[INFO] [1780019801.887848612] [coord_transform]: [PREDICTION] Transform: cam[0.002 0.295 0.236] → base[-0.065  0.58   0.606]
[INFO] [1780019803.894528964] [coord_transform]: [PREDICTION] Transform: cam[-0.04   0.584  0.247] → base[-0.024  0.87   0.616]
[INFO] [1780019805.909384329] [coord_transform]: [PREDICTION] Transform: cam[0.105 0.507 0.271] → base[-0.168  0.792  0.641]
[INFO] [1780019807.915657700] [coord_transform]: [PREDICTION] Transform: cam[-0.019  0.227  0.3  ] → base[-0.045  0.512  0.67 ]
[INFO] [1780019809.948609240] [coord_transform]: [PREDICTION] Transform: cam[-0.07   0.288  0.091] → base[0.006 0.573 0.46 ]
[INFO] [1780019812.004456471] [coord_transform]: [PREDICTION] Transform: cam[-0.075  0.506 -0.031] → base[0.012 0.791 0.339]
[INFO] [1780019814.017361731] [coord_transform]: [PREDICTION] Transform: cam[-0.084  0.543 -0.147] → base[0.02  0.828 0.223]
[INFO] [1780019816.024220412] [coord_transform]: [PREDICTION] Transform: cam[-0.006  0.472 -0.065] → base[-0.058  0.757  0.304]
[INFO] [1780019818.046121481] [coord_transform]: [PREDICTION] Transform: cam[-0.057  0.489  0.097] → base[-0.007  0.774  0.467]
[INFO] [1780019820.098986107] [coord_transform]: [PREDICTION] Transform: cam[-0.045  0.399  0.401] → base[-0.019  0.684  0.771]
[INFO] [1780019822.141882548] [coord_transform]: [PREDICTION] Transform: cam[-0.023  0.262  0.651] → base[-0.041  0.547  1.02 ]
[INFO] [1780019824.160107740] [coord_transform]: [PREDICTION] Transform: cam[-0.079  0.297  0.4  ] → base[0.015 0.582 0.769]
[INFO] [1780019825.539612583] [coord_transform]: Trạng thái tracking: STOPPED
[WARN] [1780019827.499426075] [coord_transform]: Outlier rejected #1 (jumped 194.5mm). Ignoring.
[WARN] [1780019827.581981963] [coord_transform]: Outlier rejected #2 (jumped 185.2mm). Ignoring.
[WARN] [1780019827.631139459] [coord_transform]: Outlier rejected #3 (jumped 332.2mm). Ignoring.
[WARN] [1780019827.691832387] [coord_transform]: Outlier rejected #4 (jumped 355.3mm). Ignoring.
[INFO] [1780019827.747982987] [coord_transform]: Too many outliers (5). Resetting filter to new position.
[WARN] [1780019827.796751280] [coord_transform]: Outlier rejected #1 (jumped 163.7mm). Ignoring.
[WARN] [1780019836.802314362] [coord_transform]: Outlier rejected #1 (jumped 450.0mm). Ignoring.
[WARN] [1780019836.849208582] [coord_transform]: Outlier rejected #2 (jumped 381.1mm). Ignoring.
[WARN] [1780019836.900474901] [coord_transform]: Outlier rejected #3 (jumped 172.7mm). Ignoring.
[WARN] [1780019836.943837411] [coord_transform]: Outlier rejected #4 (jumped 189.8mm). Ignoring.
[INFO] [1780019836.979473812] [coord_transform]: Too many outliers (5). Resetting filter to new position.
[WARN] [1780019840.114680625] [coord_transform]: Outlier rejected #1 (jumped 277.3mm). Ignoring.
[WARN] [1780019840.172767759] [coord_transform]: Outlier rejected #2 (jumped 253.9mm). Ignoring.
[WARN] [1780019840.211730009] [coord_transform]: Outlier rejected #3 (jumped 395.7mm). Ignoring.
[WARN] [1780019840.250009264] [coord_transform]: Outlier rejected #4 (jumped 467.1mm). Ignoring.
[INFO] [1780019840.290761449] [coord_transform]: Too many outliers (5). Resetting filter to new position.
[WARN] [1780019845.365758506] [coord_transform]: Outlier rejected #1 (jumped 1126.9mm). Ignoring.
[WARN] [1780019845.395580915] [coord_transform]: Outlier rejected #2 (jumped 1169.0mm). Ignoring.
[WARN] [1780019845.425782628] [coord_transform]: Outlier rejected #3 (jumped 1197.9mm). Ignoring.
[WARN] [1780019845.458499967] [coord_transform]: Outlier rejected #4 (jumped 1183.9mm). Ignoring.
[INFO] [1780019845.490618052] [coord_transform]: Too many outliers (5). Resetting filter to new position.
[WARN] [1780019845.892423546] [coord_transform]: Outlier rejected #1 (jumped 2205.3mm). Ignoring.
[WARN] [1780019845.922241510] [coord_transform]: Outlier rejected #2 (jumped 2352.5mm). Ignoring.
[WARN] [1780019845.953781875] [coord_transform]: Outlier rejected #3 (jumped 2057.4mm). Ignoring.
[WARN] [1780019845.990746616] [coord_transform]: Outlier rejected #4 (jumped 2058.2mm). Ignoring.
[INFO] [1780019934.685304169] [coord_transform]: Too many outliers (5). Resetting filter to new position.
[WARN] [1780019936.432734601] [coord_transform]: Outlier rejected #1 (jumped 150.7mm). Ignoring.
[WARN] [1780019939.124532860] [coord_transform]: Outlier rejected #2 (jumped 459.4mm). Ignoring.
[WARN] [1780019939.159526928] [coord_transform]: Outlier rejected #3 (jumped 502.3mm). Ignoring.
[WARN] [1780019939.192717065] [coord_transform]: Outlier rejected #4 (jumped 515.1mm). Ignoring.
[INFO] [1780019939.227633225] [coord_transform]: Too many outliers (5). Resetting filter to new position.
[WARN] [1780019943.450959878] [coord_transform]: Outlier rejected #1 (jumped 391.5mm). Ignoring.
[WARN] [1780019943.485075028] [coord_transform]: Outlier rejected #2 (jumped 340.9mm). Ignoring.
[WARN] [1780019943.515951884] [coord_transform]: Outlier rejected #3 (jumped 283.6mm). Ignoring.
[WARN] [1780019943.551433248] [coord_transform]: Outlier rejected #4 (jumped 239.1mm). Ignoring.
[INFO] [1780019943.584515655] [coord_transform]: Too many outliers (5). Resetting filter to new position.
[WARN] [1780019944.049393704] [coord_transform]: Outlier rejected #1 (jumped 328.1mm). Ignoring.
[WARN] [1780019944.179071909] [coord_transform]: Outlier rejected #2 (jumped 326.1mm). Ignoring.
[WARN] [1780019944.213476776] [coord_transform]: Outlier rejected #3 (jumped 295.8mm). Ignoring.
[WARN] [1780019944.246207452] [coord_transform]: Outlier rejected #4 (jumped 310.6mm). Ignoring.
[INFO] [1780019944.278225618] [coord_transform]: Too many outliers (5). Resetting filter to new position.
[WARN] [1780019944.387668709] [coord_transform]: Outlier rejected #1 (jumped 563.1mm). Ignoring.
[WARN] [1780019944.422103561] [coord_transform]: Outlier rejected #2 (jumped 563.6mm). Ignoring.
[WARN] [1780019944.459958129] [coord_transform]: Outlier rejected #3 (jumped 571.3mm). Ignoring.
