[INFO] [1786332847.105535870] [experiment_logger]: Logger ready.
[INFO] [1786332970.372952152] [experiment_logger]: Trajectory mode: ergonomics
[INFO] [1786332977.927806159] [experiment_logger]: Service called: /logger/toggle with data=True
[INFO] [1786332977.928325816] [experiment_logger]: ✓ STARTED in-memory logging. Target file: /home/duy/cocarry_ws/cocarry_logs/experiment_ERGONOMICS_20260810_103617.csv
[INFO] [1786333077.501378608] [experiment_logger]: Service called: /logger/toggle with data=False
[INFO] [1786333077.501707981] [experiment_logger]: Writing 2528 rows from memory to /home/duy/cocarry_ws/cocarry_logs/experiment_ERGONOMICS_20260810_103617.csv...
[INFO] [1786333077.531522846] [experiment_logger]: ✓ Successfully wrote logs to disk.
[INFO] [1786333077.534338023] [experiment_logger]: Stopped logging. Saved 2528 rows to /home/duy/cocarry_ws/cocarry_logs/experiment_ERGONOMICS_20260810_103617.csv
[INFO] [1786333077.571878696] [experiment_logger]: 
============================================================
EXPERIMENT METRICS
  File: experiment_ERGONOMICS_20260810_103617.csv
  Total samples: 2528
  Task completion time: 99.57 s
  --- Prediction Accuracy (over 2528 samples) ---
  Avg Inference Time: 2.80 ms
  Mean Squared Error (MSE): 0.003204 m²
  Mean Absolute Error (MAE - 3D): 0.0383 m
      MAE X: 0.0223 m
      MAE Y: 0.0221 m
      MAE Z: 0.0111 m
  --- Trajectory Smoothness (Robot EE) ---
  Mean Jerk (3D): 16.6702 m/s³
      Jerk X: 10.2806 m/s³
      Jerk Y: 9.4897 m/s³
      Jerk Z: 5.3438 m/s³
  Max Jerk (3D): 126.3178 m/s³
  RMS Jerk (3D): 28.4775 m/s³
============================================================
