[INFO] [1779674862.495863579] [cartesian_streamer]: CartesianStreamer khởi động (chờ Enable Robot từ UI).
  Stream rate:       15 Hz (period=66.7ms)
  Queue dt:          0.067 s
  Prebuffer points:  3
  Retry backoff:     66.0 ms
  Gửi PoseStamped lên: /cartesian_streamer/target_pose
  Gửi XYZ lên:        /cartesian_streamer/target_xyz
  Nhận EE pose tại:   /cartesian_streamer/current_pose
[INFO] [1779674862.502400974] [cartesian_streamer]: Nhận joint_states: ['1.571', '0.075', '-1.049', '-0.030', '-0.523', '-0.002']
[INFO] [1779674862.955094467] [cartesian_streamer]: Đã nhận joint_states. EE hiện tại: (-0.1638, 0.2630, 0.3947). Chờ Enable Robot từ UI...
[INFO] [1779674933.140422424] [cartesian_streamer]: Enable Robot: bắt đầu chuỗi khởi động...
[INFO] [1779674933.140753004] [cartesian_streamer]: Enable: reset_error...
[WARN] [1779674936.148329015] [cartesian_streamer]: Service reset_error không khả dụng, bỏ qua.
[INFO] [1779674936.149110462] [cartesian_streamer]: Enable: stop_traj_mode (giải phóng mode cũ)...
[INFO] [1779674936.151761672] [cartesian_streamer]: stop_traj_mode: success=True, code=N/A, msg="Mock: OK (simulation)"
[INFO] [1779674936.152356417] [cartesian_streamer]: Enable: chờ 1.5s để hệ thống ổn định trước khi start queue...
[INFO] [1779674937.655158979] [cartesian_streamer]: Enable: StartPointQueueMode...
[INFO] [1779674937.660244412] [cartesian_streamer]: StartPointQueueMode response: code=1, msg="Mock: Point Queue Mode activated (simulation)"
[INFO] [1779674937.660541745] [cartesian_streamer]: ✓ Robot ENABLED — Point Queue Mode active. Servo ON!
[INFO] [1779674937.715536135] [cartesian_streamer]: Runtime rate: state=seeding, tick_hz=0.0, queue_send_hz=0.0, ack_hz=0.0, busy_hz=0.0, retry_count=0, reject_count=0, inter_ack_ms=0.0, max_joint_delta=0.000, cumul_time=0.00s, hold_count=0
[INFO] [1779674937.722049322] [cartesian_streamer]: Bootstrap EE pose via FK: (-0.1638, 0.2630, 0.3947)
[INFO] [1779674937.723083786] [cartesian_streamer]: Đang stream qua service: /queue_traj_point
[INFO] [1779674937.724377649] [cartesian_streamer]: Đã gửi seed point (current joints, t=0), chờ ACK...
[INFO] [1779674937.728608797] [cartesian_streamer]: Seed ACK nhận được, bắt đầu prebuffer.
[INFO] [1779674937.729264386] [cartesian_streamer]: Queue accepted sample#1: svc=/queue_traj_point, t_cumul=0.0000s, code=1, msg="", hold=False
[INFO] [1779674937.785881649] [cartesian_streamer]: Queue accepted sample#2: svc=/queue_traj_point, t_cumul=0.0576s, code=1, msg="", hold=True
[INFO] [1779674937.851141545] [cartesian_streamer]: Queue accepted sample#3: svc=/queue_traj_point, t_cumul=0.1242s, code=1, msg="", hold=True
[INFO] [1779674937.918679032] [cartesian_streamer]: Pre-buffer hoàn tất (3 points), bắt đầu stream ổn định. Đang chờ target...
[INFO] [1779674937.919778780] [cartesian_streamer]: Queue accepted sample#4: svc=/queue_traj_point, t_cumul=0.1910s, code=1, msg="", hold=True
[INFO] [1779674937.984179854] [cartesian_streamer]: Queue accepted sample#5: svc=/queue_traj_point, t_cumul=0.2576s, code=1, msg="", hold=True
[INFO] [1779674938.984118436] [cartesian_streamer]: QueueTrajPoint accepted #20: t=1.258s, hold=True
[INFO] [1779674940.321409464] [cartesian_streamer]: QueueTrajPoint accepted #40: t=2.591s, hold=True
[INFO] [1779674941.651868653] [cartesian_streamer]: QueueTrajPoint accepted #60: t=3.925s, hold=True
[INFO] [1779674942.782279303] [cartesian_streamer]: Runtime rate: state=streaming, tick_hz=15.0, queue_send_hz=15.0, ack_hz=15.0, busy_hz=0.0, retry_count=0, reject_count=0, inter_ack_ms=66.5, max_joint_delta=0.000, cumul_time=4.99s, hold_count=75
[INFO] [1779674942.984334593] [cartesian_streamer]: QueueTrajPoint accepted #80: t=5.257s, hold=True
[INFO] [1779674944.319850458] [cartesian_streamer]: QueueTrajPoint accepted #100: t=6.591s, hold=True
[INFO] [1779674945.650252229] [cartesian_streamer]: QueueTrajPoint accepted #120: t=7.924s, hold=True
[INFO] [1779674946.984195515] [cartesian_streamer]: QueueTrajPoint accepted #140: t=9.258s, hold=True
[INFO] [1779674947.848087869] [cartesian_streamer]: Runtime rate: state=streaming, tick_hz=15.0, queue_send_hz=15.0, ack_hz=15.0, busy_hz=0.0, retry_count=0, reject_count=0, inter_ack_ms=66.6, max_joint_delta=0.000, cumul_time=10.06s, hold_count=151
[INFO] [1779674948.320014974] [cartesian_streamer]: QueueTrajPoint accepted #160: t=10.591s, hold=True
[INFO] [1779674949.651146289] [cartesian_streamer]: QueueTrajPoint accepted #180: t=11.924s, hold=True
[INFO] [1779674950.984925033] [cartesian_streamer]: QueueTrajPoint accepted #200: t=13.257s, hold=True
[INFO] [1779674952.318483256] [cartesian_streamer]: QueueTrajPoint accepted #220: t=14.591s, hold=True
[INFO] [1779674952.848234646] [cartesian_streamer]: Runtime rate: state=streaming, tick_hz=15.0, queue_send_hz=15.0, ack_hz=15.0, busy_hz=0.0, retry_count=0, reject_count=0, inter_ack_ms=66.7, max_joint_delta=0.000, cumul_time=15.06s, hold_count=226
[INFO] [1779674953.651233504] [cartesian_streamer]: QueueTrajPoint accepted #240: t=15.925s, hold=True
[INFO] [1779674954.983538456] [cartesian_streamer]: QueueTrajPoint accepted #260: t=17.258s, hold=True
[INFO] [1779674956.318307684] [cartesian_streamer]: QueueTrajPoint accepted #280: t=18.591s, hold=True
[INFO] [1779674957.651958066] [cartesian_streamer]: QueueTrajPoint accepted #300: t=19.924s, hold=True
[INFO] [1779674957.915519155] [cartesian_streamer]: Runtime rate: state=streaming, tick_hz=15.0, queue_send_hz=15.0, ack_hz=15.0, busy_hz=0.0, retry_count=0, reject_count=0, inter_ack_ms=66.7, max_joint_delta=0.000, cumul_time=20.12s, hold_count=302
[INFO] [1779674958.984353250] [cartesian_streamer]: QueueTrajPoint accepted #320: t=21.258s, hold=True
[INFO] [1779674960.318375608] [cartesian_streamer]: QueueTrajPoint accepted #340: t=22.591s, hold=True
[INFO] [1779674961.651013385] [cartesian_streamer]: QueueTrajPoint accepted #360: t=23.924s, hold=True
[INFO] [1779674962.915443104] [cartesian_streamer]: Runtime rate: state=streaming, tick_hz=15.0, queue_send_hz=15.0, ack_hz=15.0, busy_hz=0.0, retry_count=0, reject_count=0, inter_ack_ms=66.7, max_joint_delta=0.000, cumul_time=25.12s, hold_count=377
[INFO] [1779674962.983976990] [cartesian_streamer]: QueueTrajPoint accepted #380: t=25.258s, hold=True
[INFO] [1779674964.319028353] [cartesian_streamer]: QueueTrajPoint accepted #400: t=26.591s, hold=True
[INFO] [1779674965.651474791] [cartesian_streamer]: QueueTrajPoint accepted #420: t=27.926s, hold=True
[INFO] [1779674966.982868311] [cartesian_streamer]: QueueTrajPoint accepted #440: t=29.257s, hold=True
[INFO] [1779674967.982056556] [cartesian_streamer]: Runtime rate: state=streaming, tick_hz=15.0, queue_send_hz=15.0, ack_hz=15.0, busy_hz=0.0, retry_count=0, reject_count=0, inter_ack_ms=66.7, max_joint_delta=0.000, cumul_time=30.19s, hold_count=453
[INFO] [1779674968.319245369] [cartesian_streamer]: QueueTrajPoint accepted #460: t=30.591s, hold=True
[INFO] [1779674969.651077904] [cartesian_streamer]: QueueTrajPoint accepted #480: t=31.925s, hold=True
[INFO] [1779674970.984936646] [cartesian_streamer]: QueueTrajPoint accepted #500: t=33.258s, hold=True
[INFO] [1779674972.318030005] [cartesian_streamer]: QueueTrajPoint accepted #520: t=34.591s, hold=True
[INFO] [1779674973.048306099] [cartesian_streamer]: Runtime rate: state=streaming, tick_hz=15.0, queue_send_hz=15.0, ack_hz=15.0, busy_hz=0.0, retry_count=0, reject_count=0, inter_ack_ms=66.6, max_joint_delta=0.000, cumul_time=35.26s, hold_count=529
[INFO] [1779674973.650134405] [cartesian_streamer]: QueueTrajPoint accepted #540: t=35.924s, hold=True
[INFO] [1779674974.984103838] [cartesian_streamer]: QueueTrajPoint accepted #560: t=37.258s, hold=True
[INFO] [1779674976.318748207] [cartesian_streamer]: QueueTrajPoint accepted #580: t=38.591s, hold=True
[INFO] [1779674977.653300065] [cartesian_streamer]: QueueTrajPoint accepted #600: t=39.925s, hold=True
[INFO] [1779674978.048912201] [cartesian_streamer]: Runtime rate: state=streaming, tick_hz=15.0, queue_send_hz=15.0, ack_hz=15.0, busy_hz=0.0, retry_count=0, reject_count=0, inter_ack_ms=66.7, max_joint_delta=0.000, cumul_time=40.26s, hold_count=604
[INFO] [1779674978.983223261] [cartesian_streamer]: QueueTrajPoint accepted #620: t=41.258s, hold=True
[INFO] [1779674980.317986991] [cartesian_streamer]: QueueTrajPoint accepted #640: t=42.591s, hold=True
[INFO] [1779674981.651419063] [cartesian_streamer]: QueueTrajPoint accepted #660: t=43.925s, hold=True
[INFO] [1779674982.983946749] [cartesian_streamer]: QueueTrajPoint accepted #680: t=45.258s, hold=True
[INFO] [1779674983.116025487] [cartesian_streamer]: Runtime rate: state=streaming, tick_hz=15.0, queue_send_hz=15.0, ack_hz=15.0, busy_hz=0.0, retry_count=0, reject_count=0, inter_ack_ms=66.7, max_joint_delta=0.000, cumul_time=45.32s, hold_count=680
[INFO] [1779674984.319804034] [cartesian_streamer]: QueueTrajPoint accepted #700: t=46.591s, hold=True
[INFO] [1779674985.649972457] [cartesian_streamer]: QueueTrajPoint accepted #720: t=47.924s, hold=True
[INFO] [1779674986.983117232] [cartesian_streamer]: QueueTrajPoint accepted #740: t=49.258s, hold=True
[INFO] [1779674988.181447718] [cartesian_streamer]: Runtime rate: state=streaming, tick_hz=15.0, queue_send_hz=15.0, ack_hz=15.0, busy_hz=0.0, retry_count=0, reject_count=0, inter_ack_ms=66.7, max_joint_delta=0.000, cumul_time=50.39s, hold_count=756
[INFO] [1779674988.318408994] [cartesian_streamer]: QueueTrajPoint accepted #760: t=50.591s, hold=True
[INFO] [1779674989.650725678] [cartesian_streamer]: QueueTrajPoint accepted #780: t=51.925s, hold=True
[INFO] [1779674990.582135694] [cartesian_streamer]: IK OK → Δmax=0.0164 rad, joints: [1.581, 0.068, -1.040, -0.031, -0.540, -0.011]
[INFO] [1779674990.988374477] [cartesian_streamer]: QueueTrajPoint accepted #800: t=53.259s, hold=False
[INFO] [1779674992.322226614] [cartesian_streamer]: QueueTrajPoint accepted #820: t=54.595s, hold=False
[INFO] [1779674992.582745013] [cartesian_streamer]: IK OK → Δmax=0.0119 rad, joints: [1.671, 0.074, -0.879, -0.036, -0.692, -0.100]
[INFO] [1779674993.249278951] [cartesian_streamer]: Runtime rate: state=streaming, tick_hz=15.0, queue_send_hz=15.0, ack_hz=15.0, busy_hz=0.0, retry_count=0, reject_count=0, inter_ack_ms=66.7, max_joint_delta=0.025, cumul_time=55.46s, hold_count=0
[INFO] [1779674993.653624742] [cartesian_streamer]: QueueTrajPoint accepted #840: t=55.927s, hold=False
[INFO] [1779674994.650331661] [cartesian_streamer]: IK OK → Δmax=0.0071 rad, joints: [1.738, 0.078, -0.693, -0.036, -0.873, -0.172]
[INFO] [1779674994.990912335] [cartesian_streamer]: QueueTrajPoint accepted #860: t=57.260s, hold=False
[INFO] [1779674996.323253130] [cartesian_streamer]: QueueTrajPoint accepted #880: t=58.596s, hold=False
[INFO] [1779674996.719562724] [cartesian_streamer]: IK OK → Δmax=0.0142 rad, joints: [1.736, 0.147, -0.508, -0.033, -0.989, -0.175]
[INFO] [1779674997.654383103] [cartesian_streamer]: QueueTrajPoint accepted #900: t=59.927s, hold=False
[INFO] [1779674998.314530877] [cartesian_streamer]: Runtime rate: state=streaming, tick_hz=15.0, queue_send_hz=15.0, ack_hz=15.0, busy_hz=0.0, retry_count=0, reject_count=0, inter_ack_ms=66.7, max_joint_delta=0.017, cumul_time=60.53s, hold_count=0
[INFO] [1779674998.782317106] [cartesian_streamer]: IK OK → Δmax=0.0225 rad, joints: [1.810, 0.326, -0.099, -0.035, -1.216, -0.255]
[INFO] [1779674998.987551852] [cartesian_streamer]: QueueTrajPoint accepted #920: t=61.260s, hold=False
[INFO] [1779675000.323969640] [cartesian_streamer]: QueueTrajPoint accepted #940: t=62.596s, hold=False
[INFO] [1779675000.782937105] [cartesian_streamer]: IK OK → Δmax=0.0099 rad, joints: [1.775, 0.612, 0.287, -0.031, -1.318, -0.224]
[INFO] [1779675001.652300316] [cartesian_streamer]: QueueTrajPoint accepted #960: t=63.926s, hold=False
[INFO] [1779675002.783377295] [cartesian_streamer]: IK OK → Δmax=0.0288 rad, joints: [1.680, 0.710, 0.299, -0.025, -1.234, -0.129]
[INFO] [1779675002.989176803] [cartesian_streamer]: QueueTrajPoint accepted #980: t=65.261s, hold=False
[INFO] [1779675003.315536566] [cartesian_streamer]: Runtime rate: state=streaming, tick_hz=15.0, queue_send_hz=15.0, ack_hz=15.0, busy_hz=0.0, retry_count=0, reject_count=0, inter_ack_ms=66.7, max_joint_delta=0.033, cumul_time=65.53s, hold_count=0
[INFO] [1779675004.320023576] [cartesian_streamer]: QueueTrajPoint accepted #1000: t=66.593s, hold=False
[INFO] [1779675004.848967438] [cartesian_streamer]: IK OK → Δmax=0.0198 rad, joints: [1.726, 0.552, -0.385, -0.041, -0.707, -0.152]
[INFO] [1779675005.656160339] [cartesian_streamer]: QueueTrajPoint accepted #1020: t=67.927s, hold=False
[INFO] [1779675006.850701909] [cartesian_streamer]: IK OK → Δmax=0.0817 rad, joints: [1.859, 0.523, -1.005, -0.315, -0.117, -0.003]
[WARN] [1779675006.918563543] [cartesian_streamer]: IK solution ngoài soft limit. Đã clamp vào biên để bảo vệ robot.
[INFO] [1779675006.919436881] [cartesian_streamer]: IK delta clamped → joints: [1.929, 0.493, -1.075, -0.405, -0.075, 0.087]
[INFO] [1779675006.993088163] [cartesian_streamer]: QueueTrajPoint accepted #1040: t=69.266s, hold=False
[INFO] [1779675008.315375943] [cartesian_streamer]: Runtime rate: state=streaming, tick_hz=15.0, queue_send_hz=15.0, ack_hz=15.0, busy_hz=0.0, retry_count=0, reject_count=0, inter_ack_ms=66.6, max_joint_delta=0.090, cumul_time=70.53s, hold_count=0
[INFO] [1779675008.324114440] [cartesian_streamer]: QueueTrajPoint accepted #1060: t=70.597s, hold=False
[INFO] [1779675008.918545814] [cartesian_streamer]: IK OK → Δmax=0.0225 rad, joints: [1.889, 0.122, -0.869, -0.063, -0.648, -0.295]
[INFO] [1779675009.652624844] [cartesian_streamer]: QueueTrajPoint accepted #1080: t=71.926s, hold=False
[INFO] [1779675010.919739736] [cartesian_streamer]: IK OK → Δmax=0.0115 rad, joints: [1.599, 0.041, -0.399, -0.019, -1.206, -0.050]
[INFO] [1779675010.988254659] [cartesian_streamer]: QueueTrajPoint accepted #1100: t=73.259s, hold=False
[INFO] [1779675012.321877272] [cartesian_streamer]: QueueTrajPoint accepted #1120: t=74.595s, hold=False
[INFO] [1779675012.982351156] [cartesian_streamer]: IK OK → Δmax=0.0029 rad, joints: [1.684, -0.044, -0.627, -0.027, -1.062, -0.128]
[INFO] [1779675013.319008341] [cartesian_streamer]: Runtime rate: state=streaming, tick_hz=15.0, queue_send_hz=15.0, ack_hz=15.0, busy_hz=0.0, retry_count=0, reject_count=0, inter_ack_ms=66.7, max_joint_delta=0.090, cumul_time=75.53s, hold_count=0
[INFO] [1779675013.653818317] [cartesian_streamer]: QueueTrajPoint accepted #1140: t=75.927s, hold=False
[INFO] [1779675013.761715212] [cartesian_streamer]: Disable Robot: dừng stream, tắt traj mode...
[INFO] [1779675013.762630571] [cartesian_streamer]: ✗ Robot DISABLED.
[INFO] [1779675083.298598790] [cartesian_streamer]: Graceful shutdown: tắt Point Queue Mode trước khi thoát...
[INFO] [1779675083.299141269] [cartesian_streamer]: Robot chưa enable, không cần stop_traj_mode.
[INFO] [1779675083.299672225] [cartesian_streamer]: Shutdown hoàn tất. Tủ điện sẽ KHÔNG bị alarm.
