[INFO] [1786589351.886606942] [go_home_node]: Đang chờ /joint_states...
[INFO] [1786589351.992629075] [go_home_node]: Joints hiện tại: ['1.5582', '0.2023', '-0.8981', '0.0001', '-0.4709', '-1.4310']
[INFO] [1786589351.993304988] [go_home_node]: Gọi stop_traj_mode...
[INFO] [1786589353.620375455] [go_home_node]: Gọi reset_error...
[INFO] [1786589354.242515436] [go_home_node]: Gọi start_point_queue_mode...
[INFO] [1786589354.257364584] [go_home_node]: ✓ Point Queue Mode ACTIVE — Servo ON!
[INFO] [1786589355.758665211] [go_home_node]: Gửi seed point...
[INFO] [1786589356.827812671] [go_home_node]: ✓ Seed point accepted.
[INFO] [1786589357.128635871] [go_home_node]: Di chuyển về Home trong 2.5s (50 points @ 20Hz)...
[WARN] [1786589368.303804401] [go_home_node]: Point 35 rejected: code=2
[WARN] [1786589368.338333994] [go_home_node]: Point 36 rejected: code=2
[WARN] [1786589368.373708783] [go_home_node]: Point 37 rejected: code=2
[WARN] [1786589368.625628931] [go_home_node]: Point 38 rejected: code=2
[WARN] [1786589368.911639027] [go_home_node]: Point 39 rejected: code=2
[WARN] [1786589369.294008299] [go_home_node]: Point 40 rejected: code=2
[WARN] [1786589369.327161671] [go_home_node]: Point 41 rejected: code=2
[WARN] [1786589369.363172862] [go_home_node]: Point 42 rejected: code=2
[WARN] [1786589369.403469232] [go_home_node]: Point 43 rejected: code=2
[WARN] [1786589369.438490578] [go_home_node]: Point 44 rejected: code=2
[WARN] [1786589369.488287382] [go_home_node]: Point 45 rejected: code=2
[WARN] [1786589369.525850887] [go_home_node]: Point 46 rejected: code=2
[WARN] [1786589369.563049246] [go_home_node]: Point 47 rejected: code=2
[WARN] [1786589369.597819390] [go_home_node]: Point 48 rejected: code=2
[WARN] [1786589369.635606245] [go_home_node]: Point 49 rejected: code=2
[WARN] [1786589369.670270936] [go_home_node]: Point 50 rejected: code=2
[INFO] [1786589369.716040808] [go_home_node]: ✓ Đã gửi 7/50 points. Robot đang di chuyển về Home...
[INFO] [1786589373.219467434] [go_home_node]: Thoát Point Queue Mode (stop_traj_mode)...
[INFO] [1786589373.248112744] [go_home_node]: ✓ stop_traj_mode thành công. Tủ điện sạch sẽ.
[INFO] [1786589373.248574922] [go_home_node]: ✓ Đã về Home an toàn! Controller đã thoát queue mode.
