[INFO] [1781252618.463018845] [coord_transform]: CoordTransformNode khởi động.
  Object offset (cam frame): [0.05 0.   0.1 ]
  Translation cam→base:      [0.5 0.  1.2]
  EE orientation (xyzw):     [0.0, 1.0, 0.0, 0.0]
  Prediction step:           5
  Axis remap:                [0, 1, 2]
  Axis sign:                 [-1.0, 1.0, 1.0]
  Workspace X: (-1.0, 1.0), Y: (-0.5, 1.3), Z: (0.05, 1.5)
  Filter outlier_threshold:  0.15m
  Filter median_size_y:      3
  Filter deadband_tol:       15.0mm
  Filter stationary_thresh:  3 frames
  Filter max_rate:           5.0cm/frame
  Filter EMA moving(x,y,z):  (1.0,1.0,1.0)
  Filter EMA hold  (x,y,z):  (0.08,0.02,0.05)
[WARN] [1781252631.426933314] [coord_transform]: Outlier rejected #1 (jumped 158.5mm). Ignoring.
[WARN] [1781252631.455759214] [coord_transform]: Outlier rejected #2 (jumped 214.7mm). Ignoring.
[WARN] [1781252631.498568627] [coord_transform]: Outlier rejected #3 (jumped 234.2mm). Ignoring.
[WARN] [1781252631.532912870] [coord_transform]: Outlier rejected #4 (jumped 286.9mm). Ignoring.
[INFO] [1781252631.563533410] [coord_transform]: Too many outliers (5). Resetting filter to new position.
[WARN] [1781252631.739524037] [coord_transform]: Outlier rejected #1 (jumped 769.5mm). Ignoring.
[WARN] [1781252631.768864493] [coord_transform]: Outlier rejected #2 (jumped 769.2mm). Ignoring.
[WARN] [1781252631.794454605] [coord_transform]: Outlier rejected #3 (jumped 771.0mm). Ignoring.
[WARN] [1781252631.826396012] [coord_transform]: Outlier rejected #4 (jumped 773.9mm). Ignoring.
[WARN] [1781252631.925064840] [coord_transform]: Outlier rejected #1 (jumped 237.9mm). Ignoring.
[WARN] [1781252631.955387592] [coord_transform]: Outlier rejected #2 (jumped 267.0mm). Ignoring.
[WARN] [1781252633.795401290] [coord_transform]: Outlier rejected #3 (jumped 281.7mm). Ignoring.
[WARN] [1781252633.827295516] [coord_transform]: Outlier rejected #4 (jumped 301.9mm). Ignoring.
[INFO] [1781252633.867871506] [coord_transform]: Too many outliers (5). Resetting filter to new position.
[WARN] [1781252635.897310151] [coord_transform]: Outlier rejected #1 (jumped 253.2mm). Ignoring.
[WARN] [1781252635.929396107] [coord_transform]: Outlier rejected #2 (jumped 387.3mm). Ignoring.
[WARN] [1781252635.964226990] [coord_transform]: Outlier rejected #3 (jumped 648.5mm). Ignoring.
[WARN] [1781252635.995799956] [coord_transform]: Outlier rejected #4 (jumped 220.4mm). Ignoring.
[INFO] [1781252636.030666412] [coord_transform]: Too many outliers (5). Resetting filter to new position.
[WARN] [1781252643.204753403] [coord_transform]: Outlier rejected #1 (jumped 455.6mm). Ignoring.
[WARN] [1781252643.271151681] [coord_transform]: Outlier rejected #1 (jumped 199.9mm). Ignoring.
[WARN] [1781252643.314408334] [coord_transform]: Outlier rejected #2 (jumped 222.2mm). Ignoring.
[WARN] [1781252643.358946474] [coord_transform]: Outlier rejected #3 (jumped 250.6mm). Ignoring.
[WARN] [1781252643.389615313] [coord_transform]: Outlier rejected #4 (jumped 235.0mm). Ignoring.
[INFO] [1781252643.429342178] [coord_transform]: Too many outliers (5). Resetting filter to new position.
[WARN] [1781252645.010620217] [coord_transform]: Outlier rejected #1 (jumped 2140.2mm). Ignoring.
[WARN] [1781252645.041388089] [coord_transform]: Outlier rejected #2 (jumped 2140.2mm). Ignoring.
[WARN] [1781252645.073400872] [coord_transform]: Outlier rejected #3 (jumped 2125.2mm). Ignoring.
[WARN] [1781252645.109437905] [coord_transform]: Outlier rejected #4 (jumped 2147.2mm). Ignoring.
[INFO] [1781252645.140771544] [coord_transform]: Too many outliers (5). Resetting filter to new position.
[INFO] [1781252648.843520872] [coord_transform]: Captured Init Pose! P_init=(-0.162, 0.280, 0.379), Cam_init=(0.002, -0.012, -0.003), Noise_Tol=37.0mm
Orientation=(0.998, 0.064, -0.000, 0.000)
[INFO] [1781252648.877593261] [coord_transform]: Deadband: RELEASE — motion detected
[INFO] [1781252649.018165881] [coord_transform]: Deadband: HOLD at (0.002, -0.012, -0.003)
[WARN] [1781252650.957818164] [coord_transform]: Outlier rejected #1 (jumped 198.5mm). Ignoring.
[WARN] [1781252650.996326931] [coord_transform]: Outlier rejected #2 (jumped 164.7mm). Ignoring.
[INFO] [1781252651.029768335] [coord_transform]: Deadband: RELEASE — motion detected
[INFO] [1781252659.607487805] [coord_transform]: Re-sync camera init: [ 0.168 -0.16   0.056]
[INFO] [1781252659.607870259] [coord_transform]: Trạng thái tracking: RUNNING
[INFO] [1781252659.613439384] [coord_transform]: Deadband: RELEASE — motion detected
[INFO] [1781252659.614691430] [coord_transform]: [GROUND_TRUTH] Transform: cam[ 0.168 -0.16   0.056] → base[-0.162  0.28   0.379]
[INFO] [1781252659.747559944] [coord_transform]: Deadband: HOLD at (0.168, -0.160, 0.056)
[INFO] [1781252671.066553163] [coord_transform]: Deadband: RELEASE — motion detected
[INFO] [1781252671.067573963] [coord_transform]: [GROUND_TRUTH] Transform: cam[ 0.173 -0.179  0.08 ] → base[-0.167  0.261  0.403]
[INFO] [1781252671.095680714] [coord_transform]: Deadband: HOLD at (0.168, -0.160, 0.056)
[INFO] [1781252673.323610139] [coord_transform]: [GROUND_TRUTH] Transform: cam[ 0.17  -0.179  0.123] → base[-0.164  0.261  0.445]
[INFO] [1781252675.490522037] [coord_transform]: [GROUND_TRUTH] Transform: cam[ 0.159 -0.14   0.112] → base[-0.153  0.3    0.434]
[WARN] [1781252675.856973879] [coord_transform]: Outlier rejected #1 (jumped 158.8mm). Ignoring.
[INFO] [1781252677.035342631] [coord_transform]: Deadband: HOLD at (0.168, -0.160, 0.056)
[INFO] [1781252677.067645805] [coord_transform]: Deadband: RELEASE — motion detected
[INFO] [1781252677.511556996] [coord_transform]: [GROUND_TRUTH] Transform: cam[ 0.168 -0.16   0.056] → base[-0.162  0.28   0.379]
[INFO] [1781252679.591350826] [coord_transform]: [GROUND_TRUTH] Transform: cam[ 0.16  -0.102  0.061] → base[-0.153  0.338  0.383]
[INFO] [1781252680.705357823] [coord_transform]: Deadband: HOLD at (0.168, -0.160, 0.056)
[INFO] [1781252680.742029976] [coord_transform]: Deadband: RELEASE — motion detected
[INFO] [1781252681.737280244] [coord_transform]: [GROUND_TRUTH] Transform: cam[ 0.168 -0.16   0.056] → base[-0.162  0.28   0.379]
[INFO] [1781252682.892120140] [coord_transform]: Deadband: HOLD at (0.168, -0.160, 0.056)
[INFO] [1781252682.922577236] [coord_transform]: Deadband: RELEASE — motion detected
[INFO] [1781252684.563973399] [coord_transform]: [GROUND_TRUTH] Transform: cam[ 0.152 -0.115  0.043] → base[-0.146  0.325  0.365]
[INFO] [1781252686.820226105] [coord_transform]: [GROUND_TRUTH] Transform: cam[ 0.162 -0.095  0.046] → base[-0.155  0.345  0.368]
[INFO] [1781252687.219733486] [coord_transform]: Deadband: HOLD at (0.168, -0.160, 0.056)
