[INFO] [1781253727.730754711] [coord_transform]: CoordTransformNode khởi động.
  Object offset (cam frame): [0.05 0.   0.1 ]
  Translation cam→base:      [0.5 0.  1.2]
  EE orientation (xyzw):     [0.0, 1.0, 0.0, 0.0]
  Prediction step:           5
  Axis remap:                [0, 1, 2]
  Axis sign:                 [-1.0, 1.0, 1.0]
  Workspace X: (-1.0, 1.0), Y: (-0.5, 1.3), Z: (0.05, 1.5)
  Filter outlier_threshold:  0.15m
  Filter median_size_y:      3
  Filter deadband_tol:       15.0mm
  Filter stationary_thresh:  3 frames
  Filter max_rate:           5.0cm/frame
  Filter EMA moving(x,y,z):  (1.0,1.0,1.0)
  Filter EMA hold  (x,y,z):  (0.08,0.02,0.05)
[WARN] [1781253751.974933448] [coord_transform]: Outlier rejected #1 (jumped 151.7mm). Ignoring.
[WARN] [1781253752.851830301] [coord_transform]: Outlier rejected #1 (jumped 203.4mm). Ignoring.
[WARN] [1781253753.489241676] [coord_transform]: Outlier rejected #1 (jumped 168.4mm). Ignoring.
[WARN] [1781253754.840360538] [coord_transform]: Outlier rejected #1 (jumped 152.1mm). Ignoring.
[WARN] [1781253754.891704252] [coord_transform]: Outlier rejected #2 (jumped 231.3mm). Ignoring.
[WARN] [1781253754.969198166] [coord_transform]: Outlier rejected #3 (jumped 385.9mm). Ignoring.
[WARN] [1781253755.015187852] [coord_transform]: Outlier rejected #4 (jumped 411.2mm). Ignoring.
[INFO] [1781253755.056483728] [coord_transform]: Too many outliers (5). Resetting filter to new position.
[WARN] [1781253758.781089041] [coord_transform]: Outlier rejected #1 (jumped 276.2mm). Ignoring.
[WARN] [1781253758.817018695] [coord_transform]: Outlier rejected #2 (jumped 316.3mm). Ignoring.
[WARN] [1781253759.021986069] [coord_transform]: Outlier rejected #1 (jumped 256.2mm). Ignoring.
[WARN] [1781253759.054932230] [coord_transform]: Outlier rejected #2 (jumped 275.5mm). Ignoring.
[WARN] [1781253759.087115475] [coord_transform]: Outlier rejected #3 (jumped 275.7mm). Ignoring.
[WARN] [1781253759.117636914] [coord_transform]: Outlier rejected #4 (jumped 287.5mm). Ignoring.
[INFO] [1781253759.148915640] [coord_transform]: Too many outliers (5). Resetting filter to new position.
[WARN] [1781253761.384082646] [coord_transform]: Outlier rejected #1 (jumped 308.1mm). Ignoring.
[WARN] [1781253761.418978644] [coord_transform]: Outlier rejected #2 (jumped 272.5mm). Ignoring.
[WARN] [1781253761.453935275] [coord_transform]: Outlier rejected #3 (jumped 184.1mm). Ignoring.
[WARN] [1781253761.490765270] [coord_transform]: Outlier rejected #4 (jumped 260.9mm). Ignoring.
[INFO] [1781253761.520955866] [coord_transform]: Too many outliers (5). Resetting filter to new position.
[WARN] [1781253762.016247204] [coord_transform]: Outlier rejected #1 (jumped 344.8mm). Ignoring.
[WARN] [1781253762.349814065] [coord_transform]: Outlier rejected #1 (jumped 176.7mm). Ignoring.
[WARN] [1781253762.385205217] [coord_transform]: Outlier rejected #2 (jumped 170.1mm). Ignoring.
[WARN] [1781253762.418923451] [coord_transform]: Outlier rejected #3 (jumped 329.7mm). Ignoring.
[WARN] [1781253762.452475094] [coord_transform]: Outlier rejected #4 (jumped 304.6mm). Ignoring.
[INFO] [1781253762.486590140] [coord_transform]: Too many outliers (5). Resetting filter to new position.
[WARN] [1781253772.698974521] [coord_transform]: Outlier rejected #1 (jumped 518.6mm). Ignoring.
[WARN] [1781253772.726956136] [coord_transform]: Outlier rejected #2 (jumped 477.0mm). Ignoring.
[WARN] [1781253772.765010463] [coord_transform]: Outlier rejected #3 (jumped 518.4mm). Ignoring.
[WARN] [1781253772.790590621] [coord_transform]: Outlier rejected #4 (jumped 486.3mm). Ignoring.
[INFO] [1781253772.823751604] [coord_transform]: Too many outliers (5). Resetting filter to new position.
[WARN] [1781253776.827259996] [coord_transform]: Outlier rejected #1 (jumped 354.0mm). Ignoring.
[WARN] [1781253776.863711479] [coord_transform]: Outlier rejected #2 (jumped 406.1mm). Ignoring.
[WARN] [1781253776.896339338] [coord_transform]: Outlier rejected #3 (jumped 439.3mm). Ignoring.
[WARN] [1781253776.929743409] [coord_transform]: Outlier rejected #4 (jumped 465.4mm). Ignoring.
[INFO] [1781253776.962863199] [coord_transform]: Too many outliers (5). Resetting filter to new position.
[WARN] [1781253778.565352725] [coord_transform]: Outlier rejected #1 (jumped 2139.4mm). Ignoring.
[WARN] [1781253778.608006466] [coord_transform]: Outlier rejected #2 (jumped 2124.5mm). Ignoring.
[WARN] [1781253778.643586874] [coord_transform]: Outlier rejected #3 (jumped 2131.5mm). Ignoring.
[WARN] [1781253778.674439635] [coord_transform]: Outlier rejected #4 (jumped 2139.6mm). Ignoring.
[INFO] [1781253778.706571362] [coord_transform]: Too many outliers (5). Resetting filter to new position.
[WARN] [1781253782.369444153] [coord_transform]: Outlier rejected #1 (jumped 201.5mm). Ignoring.
[INFO] [1781253782.409969332] [coord_transform]: Captured Init Pose! P_init=(-0.161, 0.293, 0.380), Cam_init=(0.026, -0.042, 0.030), Noise_Tol=60.0mm
Orientation=(0.998, 0.064, -0.000, 0.000)
[INFO] [1781253782.502692525] [coord_transform]: Deadband: RELEASE — motion detected
[WARN] [1781253782.531530701] [coord_transform]: Outlier rejected #1 (jumped 513.4mm). Ignoring.
[INFO] [1781253794.716200546] [coord_transform]: Re-sync camera init: [ 0.165 -0.143  0.038]
[INFO] [1781253794.716758756] [coord_transform]: Trạng thái tracking: RUNNING
[INFO] [1781253794.750177548] [coord_transform]: Deadband: RELEASE — motion detected
[INFO] [1781253794.751236117] [coord_transform]: [GROUND_TRUTH] Transform: cam[ 0.16  -0.093  0.039] → base[-0.156  0.343  0.382]
[INFO] [1781253794.884255355] [coord_transform]: Deadband: HOLD at (0.165, -0.143, 0.038)
[INFO] [1781253796.776463892] [coord_transform]: [GROUND_TRUTH] Transform: cam[0.157 0.023 0.079] → base[-0.153  0.459  0.421]
[INFO] [1781253798.777706486] [coord_transform]: [GROUND_TRUTH] Transform: cam[0.112 0.322 0.144] → base[-0.108  0.758  0.487]
[INFO] [1781253800.783798927] [coord_transform]: [GROUND_TRUTH] Transform: cam[0.044 0.63  0.169] → base[-0.04   1.066  0.512]
[INFO] [1781253802.818711700] [coord_transform]: [GROUND_TRUTH] Transform: cam[-0.018  0.613  0.159] → base[0.022 1.049 0.502]
[INFO] [1781253804.819276909] [coord_transform]: [GROUND_TRUTH] Transform: cam[-0.11   0.646  0.151] → base[0.114 1.082 0.493]
[INFO] [1781253806.823695022] [coord_transform]: [GROUND_TRUTH] Transform: cam[-0.153  0.642  0.145] → base[0.157 1.078 0.487]
[INFO] [1781253808.824004143] [coord_transform]: [GROUND_TRUTH] Transform: cam[-0.165  0.634  0.138] → base[0.169 1.07  0.481]
[INFO] [1781253810.850809988] [coord_transform]: [GROUND_TRUTH] Transform: cam[-0.166  0.641  0.118] → base[0.17  1.077 0.46 ]
[WARN] [1781253813.172563028] [coord_transform]: Outlier rejected #1 (jumped 198.3mm). Ignoring.
[WARN] [1781253813.211931827] [coord_transform]: Outlier rejected #2 (jumped 194.1mm). Ignoring.
[WARN] [1781253813.244715874] [coord_transform]: Outlier rejected #3 (jumped 199.1mm). Ignoring.
[WARN] [1781253813.281196235] [coord_transform]: Outlier rejected #4 (jumped 202.9mm). Ignoring.
[INFO] [1781253813.313428328] [coord_transform]: Too many outliers (5). Resetting filter to new position.
[INFO] [1781253813.315233370] [coord_transform]: [GROUND_TRUTH] Transform: cam[-0.155  0.784  0.14 ] → base[0.159 1.22  0.482]
[INFO] [1781253815.323603830] [coord_transform]: [GROUND_TRUTH] Transform: cam[-0.142  0.643  0.145] → base[0.146 1.079 0.488]
[INFO] [1781253817.325063981] [coord_transform]: [GROUND_TRUTH] Transform: cam[-0.127  0.657  0.139] → base[0.131 1.093 0.482]
[INFO] [1781253819.326743484] [coord_transform]: [GROUND_TRUTH] Transform: cam[-0.11   0.656  0.146] → base[0.114 1.092 0.489]
[INFO] [1781253821.339180427] [coord_transform]: [GROUND_TRUTH] Transform: cam[-0.04   0.63   0.159] → base[0.044 1.066 0.501]
[INFO] [1781253823.371497967] [coord_transform]: [GROUND_TRUTH] Transform: cam[0.028 0.635 0.147] → base[-0.024  1.071  0.489]
[INFO] [1781253825.395728603] [coord_transform]: [GROUND_TRUTH] Transform: cam[0.026 0.601 0.119] → base[-0.021  1.037  0.462]
[WARN] [1781253826.840210505] [coord_transform]: Outlier rejected #1 (jumped 215.4mm). Ignoring.
[WARN] [1781253826.867139137] [coord_transform]: Outlier rejected #2 (jumped 230.5mm). Ignoring.
[WARN] [1781253826.898711911] [coord_transform]: Outlier rejected #3 (jumped 233.1mm). Ignoring.
[WARN] [1781253826.933060809] [coord_transform]: Outlier rejected #4 (jumped 237.3mm). Ignoring.
[INFO] [1781253826.966655606] [coord_transform]: Too many outliers (5). Resetting filter to new position.
[INFO] [1781253827.402972174] [coord_transform]: [GROUND_TRUTH] Transform: cam[0.04  0.668 0.118] → base[-0.036  1.104  0.461]
[WARN] [1781253829.199476624] [coord_transform]: Outlier rejected #1 (jumped 211.7mm). Ignoring.
[WARN] [1781253832.199128642] [coord_transform]: Outlier rejected #2 (jumped 493.8mm). Ignoring.
[WARN] [1781253832.242440216] [coord_transform]: Outlier rejected #3 (jumped 501.7mm). Ignoring.
[WARN] [1781253832.273436147] [coord_transform]: Outlier rejected #4 (jumped 481.0mm). Ignoring.
[INFO] [1781253832.302144656] [coord_transform]: Too many outliers (5). Resetting filter to new position.
[INFO] [1781253832.303311777] [coord_transform]: [GROUND_TRUTH] Transform: cam[-0.009  0.682  0.12 ] → base[0.013 1.118 0.462]
[WARN] [1781253833.802498920] [coord_transform]: Outlier rejected #1 (jumped 403.2mm). Ignoring.
[WARN] [1781253833.836077160] [coord_transform]: Outlier rejected #2 (jumped 388.1mm). Ignoring.
[WARN] [1781253833.871259255] [coord_transform]: Outlier rejected #3 (jumped 383.0mm). Ignoring.
[WARN] [1781253833.905061683] [coord_transform]: Outlier rejected #4 (jumped 335.1mm). Ignoring.
[INFO] [1781253833.938163767] [coord_transform]: Too many outliers (5). Resetting filter to new position.
[INFO] [1781253834.303626446] [coord_transform]: [GROUND_TRUTH] Transform: cam[-0.002  0.547  0.087] → base[0.006 0.983 0.429]
[INFO] [1781253836.307155621] [coord_transform]: [GROUND_TRUTH] Transform: cam[-0.026  0.421  0.117] → base[0.03  0.857 0.459]
[INFO] [1781253838.341740817] [coord_transform]: [GROUND_TRUTH] Transform: cam[-0.027  0.392  0.107] → base[0.031 0.828 0.449]
[INFO] [1781253840.343783953] [coord_transform]: [GROUND_TRUTH] Transform: cam[-0.029  0.411  0.104] → base[0.033 0.847 0.447]
[INFO] [1781253842.345708065] [coord_transform]: [GROUND_TRUTH] Transform: cam[-0.013  0.436  0.089] → base[0.017 0.872 0.431]
[INFO] [1781253844.354891860] [coord_transform]: [GROUND_TRUTH] Transform: cam[-0.014  0.428  0.117] → base[0.018 0.864 0.46 ]
[INFO] [1781253846.380697671] [coord_transform]: [GROUND_TRUTH] Transform: cam[-0.018  0.409  0.115] → base[0.022 0.845 0.457]
[INFO] [1781253848.431238244] [coord_transform]: [GROUND_TRUTH] Transform: cam[-0.014  0.424  0.109] → base[0.018 0.86  0.452]
[INFO] [1781253850.458617599] [coord_transform]: [GROUND_TRUTH] Transform: cam[-0.011  0.422  0.11 ] → base[0.015 0.858 0.452]
[INFO] [1781253852.461235221] [coord_transform]: [GROUND_TRUTH] Transform: cam[-0.013  0.438  0.123] → base[0.017 0.874 0.465]
[INFO] [1781253854.489703152] [coord_transform]: [GROUND_TRUTH] Transform: cam[0.007 0.448 0.14 ] → base[-0.003  0.884  0.482]
[INFO] [1781253856.493143510] [coord_transform]: [GROUND_TRUTH] Transform: cam[-0.005  0.44   0.121] → base[0.009 0.876 0.463]
[INFO] [1781253858.539389081] [coord_transform]: [GROUND_TRUTH] Transform: cam[-0.002  0.427  0.121] → base[0.006 0.863 0.463]
[INFO] [1781253860.558812834] [coord_transform]: [GROUND_TRUTH] Transform: cam[0.05  0.34  0.104] → base[-0.046  0.776  0.446]
[INFO] [1781253862.565263863] [coord_transform]: [GROUND_TRUTH] Transform: cam[ 0.138 -0.058  0.065] → base[-0.134  0.378  0.408]
[INFO] [1781253862.694188592] [coord_transform]: Deadband: HOLD at (0.165, -0.143, 0.038)
[INFO] [1781253862.737191170] [coord_transform]: Deadband: RELEASE — motion detected
[INFO] [1781253864.594443775] [coord_transform]: [GROUND_TRUTH] Transform: cam[ 0.165 -0.143  0.038] → base[-0.161  0.293  0.38 ]
[INFO] [1781253864.726535408] [coord_transform]: Deadband: HOLD at (0.165, -0.143, 0.038)
[INFO] [1781253864.760978963] [coord_transform]: Deadband: RELEASE — motion detected
[WARN] [1781253866.079414156] [coord_transform]: Outlier rejected #1 (jumped 173.5mm). Ignoring.
[WARN] [1781253866.112065607] [coord_transform]: Outlier rejected #2 (jumped 257.8mm). Ignoring.
[WARN] [1781253866.146274730] [coord_transform]: Outlier rejected #3 (jumped 275.8mm). Ignoring.
[WARN] [1781253866.181721319] [coord_transform]: Outlier rejected #4 (jumped 292.6mm). Ignoring.
[INFO] [1781253866.249712464] [coord_transform]: Too many outliers (5). Resetting filter to new position.
[WARN] [1781253866.596630871] [coord_transform]: Outlier rejected #1 (jumped 195.6mm). Ignoring.
[WARN] [1781253866.634969707] [coord_transform]: Outlier rejected #2 (jumped 253.6mm). Ignoring.
[WARN] [1781253866.664109436] [coord_transform]: Outlier rejected #3 (jumped 305.1mm). Ignoring.
[WARN] [1781253866.698035649] [coord_transform]: Outlier rejected #4 (jumped 316.4mm). Ignoring.
[INFO] [1781253866.740119623] [coord_transform]: Too many outliers (5). Resetting filter to new position.
[INFO] [1781253866.741179495] [coord_transform]: [GROUND_TRUTH] Transform: cam[0.227 0.02  0.104] → base[-0.223  0.456  0.447]
[WARN] [1781253867.005935575] [coord_transform]: Outlier rejected #1 (jumped 158.8mm). Ignoring.
[WARN] [1781253867.393896059] [coord_transform]: Outlier rejected #1 (jumped 257.2mm). Ignoring.
[WARN] [1781253867.437665311] [coord_transform]: Outlier rejected #2 (jumped 197.0mm). Ignoring.
[WARN] [1781253867.463901275] [coord_transform]: Outlier rejected #3 (jumped 248.3mm). Ignoring.
[WARN] [1781253867.497199788] [coord_transform]: Outlier rejected #4 (jumped 259.5mm). Ignoring.
[INFO] [1781253867.540293555] [coord_transform]: Too many outliers (5). Resetting filter to new position.
[WARN] [1781253867.571475401] [coord_transform]: Outlier rejected #1 (jumped 175.8mm). Ignoring.
[WARN] [1781253867.599284604] [coord_transform]: Outlier rejected #2 (jumped 186.5mm). Ignoring.
[WARN] [1781253867.635116170] [coord_transform]: Outlier rejected #3 (jumped 225.9mm). Ignoring.
[WARN] [1781253867.663033084] [coord_transform]: Outlier rejected #4 (jumped 232.3mm). Ignoring.
[INFO] [1781253867.696927668] [coord_transform]: Too many outliers (5). Resetting filter to new position.
[INFO] [1781253868.768716151] [coord_transform]: [GROUND_TRUTH] Transform: cam[ 0.001  0.645 -0.025] → base[0.003 1.081 0.317]
[WARN] [1781253870.573579863] [coord_transform]: Outlier rejected #1 (jumped 363.2mm). Ignoring.
[WARN] [1781253870.637252828] [coord_transform]: Outlier rejected #1 (jumped 188.4mm). Ignoring.
[WARN] [1781253870.769489705] [coord_transform]: Outlier rejected #1 (jumped 426.2mm). Ignoring.
[WARN] [1781253870.800918577] [coord_transform]: Outlier rejected #2 (jumped 359.2mm). Ignoring.
[INFO] [1781253870.835531462] [coord_transform]: [GROUND_TRUTH] Transform: cam[-0.035  0.574  0.054] → base[0.039 1.01  0.397]
[WARN] [1781253871.474118061] [coord_transform]: Outlier rejected #1 (jumped 433.1mm). Ignoring.
[WARN] [1781253871.533455892] [coord_transform]: Outlier rejected #2 (jumped 382.8mm). Ignoring.
[WARN] [1781253871.570956579] [coord_transform]: Outlier rejected #3 (jumped 391.0mm). Ignoring.
[WARN] [1781253871.607225180] [coord_transform]: Outlier rejected #4 (jumped 369.2mm). Ignoring.
[INFO] [1781253871.659239759] [coord_transform]: Too many outliers (5). Resetting filter to new position.
[WARN] [1781253871.850995924] [coord_transform]: Outlier rejected #1 (jumped 1203.5mm). Ignoring.
[WARN] [1781253871.931478426] [coord_transform]: Outlier rejected #2 (jumped 1161.8mm). Ignoring.
[WARN] [1781253871.963148629] [coord_transform]: Outlier rejected #3 (jumped 1287.2mm). Ignoring.
[WARN] [1781253871.998012726] [coord_transform]: Outlier rejected #4 (jumped 1285.3mm). Ignoring.
[INFO] [1781253872.195960575] [coord_transform]: Too many outliers (5). Resetting filter to new position.
[WARN] [1781253872.308151915] [coord_transform]: Outlier rejected #1 (jumped 191.7mm). Ignoring.
[WARN] [1781253872.368681072] [coord_transform]: Outlier rejected #1 (jumped 163.6mm). Ignoring.
[WARN] [1781253872.413008297] [coord_transform]: Outlier rejected #2 (jumped 163.8mm). Ignoring.
[WARN] [1781253872.442862640] [coord_transform]: Outlier rejected #3 (jumped 301.0mm). Ignoring.
[WARN] [1781253872.473271455] [coord_transform]: Outlier rejected #4 (jumped 390.6mm). Ignoring.
[INFO] [1781253872.508141910] [coord_transform]: Too many outliers (5). Resetting filter to new position.
