[INFO] [1781252921.508042887] [experiment_logger]: ✓ STARTED in-memory logging. Target file: /home/duy/cocarry_ws/cocarry_logs/experiment_GROUND_TRUTH_20260612_152841.csv
[INFO] [1781252921.523054282] [experiment_logger]: Logger ready.
[INFO] [1781252996.679139479] [experiment_logger]: Service called: /logger/toggle with data=False
[INFO] [1781252996.679401161] [experiment_logger]: Writing 1668 rows from memory to /home/duy/cocarry_ws/cocarry_logs/experiment_GROUND_TRUTH_20260612_152841.csv...
[INFO] [1781252996.685955756] [experiment_logger]: ✓ Successfully wrote logs to disk.
[INFO] [1781252996.688752814] [experiment_logger]: Stopped logging. Saved 1668 rows to /home/duy/cocarry_ws/cocarry_logs/experiment_GROUND_TRUTH_20260612_152841.csv
[INFO] [1781252996.698498665] [experiment_logger]: 
============================================================
EXPERIMENT METRICS
  File: experiment_GROUND_TRUTH_20260612_152841.csv
  Total samples: 1668
  Task completion time: 75.20 s
  Mode: GROUND TRUTH (no prediction metrics)
  --- Trajectory Smoothness (Robot EE) ---
  Mean Jerk (3D): 0.0000 m/s³
      Jerk X: 0.0000 m/s³
      Jerk Y: 0.0000 m/s³
      Jerk Z: 0.0000 m/s³
  Max Jerk (3D): 0.0000 m/s³
  RMS Jerk (3D): 0.0000 m/s³
============================================================
[INFO] [1781253018.654788120] [experiment_logger]: Service called: /logger/toggle with data=True
[INFO] [1781253018.655603524] [experiment_logger]: ✓ STARTED in-memory logging. Target file: /home/duy/cocarry_ws/cocarry_logs/experiment_GROUND_TRUTH_20260612_153018.csv
[INFO] [1781253080.888570913] [experiment_logger]: Service called: /logger/toggle with data=False
[INFO] [1781253080.889039871] [experiment_logger]: Writing 1837 rows from memory to /home/duy/cocarry_ws/cocarry_logs/experiment_GROUND_TRUTH_20260612_153018.csv...
[INFO] [1781253080.897273677] [experiment_logger]: ✓ Successfully wrote logs to disk.
[INFO] [1781253080.898145344] [experiment_logger]: Stopped logging. Saved 1837 rows to /home/duy/cocarry_ws/cocarry_logs/experiment_GROUND_TRUTH_20260612_153018.csv
[INFO] [1781253080.909755320] [experiment_logger]: 
============================================================
EXPERIMENT METRICS
  File: experiment_GROUND_TRUTH_20260612_153018.csv
  Total samples: 1837
  Task completion time: 62.23 s
  Mode: GROUND TRUTH (no prediction metrics)
  --- Trajectory Smoothness (Robot EE) ---
  Mean Jerk (3D): 13.7050 m/s³
      Jerk X: 4.5788 m/s³
      Jerk Y: 9.7916 m/s³
      Jerk Z: 4.8632 m/s³
  Max Jerk (3D): 115.6355 m/s³
  RMS Jerk (3D): 19.7318 m/s³
============================================================
[INFO] [1781253238.750438381] [experiment_logger]: Service called: /logger/toggle with data=True
[INFO] [1781253238.751045761] [experiment_logger]: ✓ STARTED in-memory logging. Target file: /home/duy/cocarry_ws/cocarry_logs/experiment_GROUND_TRUTH_20260612_153358.csv
[INFO] [1781253261.475363021] [experiment_logger]: Service called: /logger/toggle with data=False
[INFO] [1781253261.475643125] [experiment_logger]: Writing 604 rows from memory to /home/duy/cocarry_ws/cocarry_logs/experiment_GROUND_TRUTH_20260612_153358.csv...
[INFO] [1781253261.478637917] [experiment_logger]: ✓ Successfully wrote logs to disk.
[INFO] [1781253261.479007389] [experiment_logger]: Stopped logging. Saved 604 rows to /home/duy/cocarry_ws/cocarry_logs/experiment_GROUND_TRUTH_20260612_153358.csv
[INFO] [1781253261.482743517] [experiment_logger]: 
============================================================
EXPERIMENT METRICS
  File: experiment_GROUND_TRUTH_20260612_153358.csv
  Total samples: 604
  Task completion time: 22.72 s
  Mode: GROUND TRUTH (no prediction metrics)
  --- Trajectory Smoothness (Robot EE) ---
  Mean Jerk (3D): 11.7235 m/s³
      Jerk X: 4.1804 m/s³
      Jerk Y: 8.7043 m/s³
      Jerk Z: 3.7150 m/s³
  Max Jerk (3D): 101.2955 m/s³
  RMS Jerk (3D): 17.8257 m/s³
============================================================
