[INFO] [1781256365.396679276] [predictor_ui]: [UI] Node started
[INFO] [1781256407.616833979] [predictor_ui]: [UI] Capture Init Pose thành công: Captured Init Pose! P_init=(-0.162, 0.280, 0.379), Cam_init=(-0.041, 0.010, 0.009), Noise_Tol=35.8mm
Orientation=(0.998, 0.064, -0.000, 0.000)
[INFO] [1781256481.381113176] [predictor_ui]: [UI] Auto-disabled robot on Stop Run
[INFO] [1781256484.716407807] [predictor_ui]: [UI] Using standalone go_home.py script for real robot
[INFO] [1781256492.644483137] [predictor_ui]: [UI] Using standalone go_home.py script for real robot
[INFO] [1781256502.131401258] [predictor_ui]: [UI] Using standalone go_home.py script for real robot
[INFO] [1781256621.690094144] [predictor_ui]: [UI] Using standalone go_home.py script for real robot
[INFO] [1781256671.129485059] [predictor_ui]: [UI] Using standalone go_home.py script for real robot
[INFO] [1781256677.595272993] [predictor_ui]: [UI] Using standalone go_home.py script for real robot
[INFO] [1781256726.205855154] [predictor_ui]: [UI] Auto-disabled robot on Stop Run
[INFO] [1781256736.971392306] [predictor_ui]: [UI] Using standalone go_home.py script for real robot
[INFO] [1781256859.083897210] [predictor_ui]: [UI] Auto-disabled robot on Stop Run
[INFO] [1781256883.209544083] [predictor_ui]: [UI] Using standalone go_home.py script for real robot
[INFO] [1781256964.976978756] [predictor_ui]: [UI] Auto-disabled robot on Stop Run
[INFO] [1781256975.476581536] [predictor_ui]: [UI] Using standalone go_home.py script for real robot
[INFO] [1781257040.714030583] [predictor_ui]: [UI] Auto-disabled robot on Stop Run
[INFO] [1781257101.243057803] [predictor_ui]: [UI] Auto-disabled robot on Stop Run
[INFO] [1781257126.647539201] [predictor_ui]: [UI] Using standalone go_home.py script for real robot
[INFO] [1781257132.872405061] [predictor_ui]: [UI] Using standalone go_home.py script for real robot
[INFO] [1781257150.575617026] [predictor_ui]: [UI] Using standalone go_home.py script for real robot
[INFO] [1781257177.358543646] [predictor_ui]: [UI] Using standalone go_home.py script for real robot
[INFO] [1781257203.095832766] [predictor_ui]: [UI] Using standalone go_home.py script for real robot
[INFO] [1781257257.524578996] [predictor_ui]: [UI] Using standalone go_home.py script for real robot
[INFO] [1781257332.209793615] [predictor_ui]: [UI] Auto-disabled robot on Stop Run
[INFO] [1781257338.364734317] [predictor_ui]: [UI] Using standalone go_home.py script for real robot
[INFO] [1781257344.506743817] [predictor_ui]: [UI] Using standalone go_home.py script for real robot
[INFO] [1781257794.352780850] [predictor_ui]: [UI] Auto-disabled robot on Stop Run
[INFO] [1781257862.733358511] [predictor_ui]: [UI] Using standalone go_home.py script for real robot
[INFO] [1781257955.704446871] [predictor_ui]: [UI] Auto-disabled robot on Stop Run
[INFO] [1781257996.416065628] [predictor_ui]: [UI] Using standalone go_home.py script for real robot
[INFO] [1781258010.315575722] [predictor_ui]: [UI] Using standalone go_home.py script for real robot
[INFO] [1781258037.979628631] [predictor_ui]: [UI] Using standalone go_home.py script for real robot
[INFO] [1781258066.432234030] [predictor_ui]: [UI] Trajectory mode set to: prediction
[INFO] [1781258088.201104395] [predictor_ui]: [UI] Auto-disabled robot on Stop Run
[INFO] [1781258098.798830034] [predictor_ui]: [UI] Using standalone go_home.py script for real robot
[INFO] [1781258166.083308964] [predictor_ui]: [UI] Auto-disabled robot on Stop Run
[INFO] [1781258181.370331464] [predictor_ui]: [UI] Using standalone go_home.py script for real robot
[INFO] [1781258243.486785593] [predictor_ui]: [UI] Auto-disabled robot on Stop Run
[INFO] [1781258247.340152672] [predictor_ui]: [UI] Using standalone go_home.py script for real robot
[INFO] [1781258300.819339792] [predictor_ui]: [UI] Auto-disabled robot on Stop Run
[INFO] [1781258306.481315676] [predictor_ui]: [UI] Using standalone go_home.py script for real robot
[INFO] [1781258354.908596097] [predictor_ui]: [UI] Auto-disabled robot on Stop Run
[INFO] [1781258372.394556568] [predictor_ui]: [UI] Using standalone go_home.py script for real robot
[INFO] [1781258407.036445995] [predictor_ui]: [UI] Using standalone go_home.py script for real robot
[INFO] [1781258453.242358995] [predictor_ui]: [UI] Auto-disabled robot on Stop Run
[INFO] [1781258505.735847834] [predictor_ui]: [UI] Using standalone go_home.py script for real robot
[INFO] [1781258526.673985334] [predictor_ui]: [UI] Trajectory mode set to: ground_truth
[INFO] [1781258589.046598189] [predictor_ui]: [UI] Auto-disabled robot on Stop Run
[INFO] [1781258649.269144903] [predictor_ui]: [UI] Using standalone go_home.py script for real robot
[INFO] [1781258663.641546374] [predictor_ui]: [UI] Using standalone go_home.py script for real robot
[INFO] [1781258722.428017793] [predictor_ui]: [UI] Auto-disabled robot on Stop Run
[INFO] [1781258729.458002537] [predictor_ui]: [UI] Using standalone go_home.py script for real robot
[INFO] [1781258739.359498031] [predictor_ui]: [UI] Using standalone go_home.py script for real robot
[INFO] [1781258761.589351998] [predictor_ui]: [UI] Using standalone go_home.py script for real robot
[INFO] [1781258901.788707427] [predictor_ui]: [UI] Auto-disabled robot on Stop Run
[INFO] [1781258916.249374505] [predictor_ui]: [UI] Using standalone go_home.py script for real robot
[INFO] [1781258945.130971128] [predictor_ui]: [UI] Trajectory mode set to: prediction
[INFO] [1781259085.031105513] [predictor_ui]: [UI] Auto-disabled robot on Stop Run
[INFO] [1781259095.448190716] [predictor_ui]: [UI] Using standalone go_home.py script for real robot
[INFO] [1781259133.785809957] [predictor_ui]: [UI] Trajectory mode set to: ground_truth
[INFO] [1781259134.296088443] [predictor_ui]: [UI] Trajectory mode set to: ground_truth
[INFO] [1781259134.553273312] [predictor_ui]: [UI] Trajectory mode set to: ground_truth
[INFO] [1781259136.859225769] [predictor_ui]: [UI] Trajectory mode set to: ground_truth
[INFO] [1781259162.133270341] [predictor_ui]: [UI] Auto-disabled robot on Stop Run
