[INFO] [1781237819.497101637] [cartesian_streamer]: CartesianStreamer khởi động (chờ Enable Robot từ UI).
  Stream rate:       15 Hz (period=66.7ms)
  Queue dt:          0.067 s
  Prebuffer points:  3
  Retry backoff:     66.0 ms
  Gửi PoseStamped lên: /cartesian_streamer/target_pose
  Gửi XYZ lên:        /cartesian_streamer/target_xyz
  Nhận EE pose tại:   /cartesian_streamer/current_pose
[INFO] [1781237819.500455729] [cartesian_streamer]: Nhận joint_states: ['1.451', '0.966', '0.616', '-0.003', '-1.195', '0.121']
[WARN] [1781237820.975851305] [cartesian_streamer]: Không thể cross-validate FK (local hoặc MoveIt! FK thất bại). Local IK vẫn hoạt động nhưng CHƯA ĐƯỢC VALIDATE.
[INFO] [1781237820.976627197] [cartesian_streamer]: Đã nhận joint_states. EE hiện tại: (-0.0355, 1.0609, 0.3722). IK mode: Local DLS. Chờ Enable Robot từ UI...
[INFO] [1781237866.907875059] [cartesian_streamer]: Enable Robot: bắt đầu chuỗi khởi động...
[INFO] [1781237866.908453483] [cartesian_streamer]: Enable: reset_error...
[INFO] [1781237866.923681742] [cartesian_streamer]: reset_error: code=1, msg="success"
[INFO] [1781237866.924318547] [cartesian_streamer]: Enable: stop_traj_mode (giải phóng mode cũ)...
[INFO] [1781237866.975940327] [cartesian_streamer]: stop_traj_mode: success=True, code=N/A, msg=""
[INFO] [1781237866.976504998] [cartesian_streamer]: Enable: chờ 1.5s để hệ thống ổn định trước khi start queue...
[INFO] [1781237868.477498215] [cartesian_streamer]: Enable: StartPointQueueMode...
[INFO] [1781237870.008161544] [cartesian_streamer]: StartPointQueueMode response: code=1, msg=""
[INFO] [1781237870.008459426] [cartesian_streamer]: ✓ Robot ENABLED — Point Queue Mode active. Servo ON!
[INFO] [1781237870.074166235] [cartesian_streamer]: Runtime rate: state=seeding, tick_hz=0.0, queue_send_hz=0.0, ack_hz=0.0, busy_hz=0.0, retry_count=0, reject_count=0, inter_ack_ms=0.0, max_joint_delta=0.000, cumul_time=0.00s, hold_count=0, ik_mode=Local, ik_avg_ms=0.00, ik_fails=0
[INFO] [1781237870.074789905] [cartesian_streamer]: Bootstrap EE pose via FK: (-0.1620, 0.2959, 0.3839)
[INFO] [1781237870.075072593] [cartesian_streamer]: Đang stream qua service: /queue_traj_point
[INFO] [1781237870.075510212] [cartesian_streamer]: Đã gửi seed point (current joints, t=0), chờ ACK...
[INFO] [1781237870.141568845] [cartesian_streamer]: Bootstrap EE pose via FK: (-0.1620, 0.2959, 0.3839)
[INFO] [1781237870.207970724] [cartesian_streamer]: Bootstrap EE pose via FK: (-0.1620, 0.2959, 0.3839)
[INFO] [1781237870.274538133] [cartesian_streamer]: Bootstrap EE pose via FK: (-0.1620, 0.2959, 0.3839)
[INFO] [1781237870.341025736] [cartesian_streamer]: Bootstrap EE pose via FK: (-0.1620, 0.2959, 0.3839)
[INFO] [1781237870.407695172] [cartesian_streamer]: Bootstrap EE pose via FK: (-0.1620, 0.2959, 0.3839)
[INFO] [1781237870.415491774] [cartesian_streamer]: Seed ACK nhận được, bắt đầu prebuffer.
[INFO] [1781237870.415879568] [cartesian_streamer]: Queue accepted sample#1: svc=/queue_traj_point, t_cumul=0.0000s, code=1, msg="", hold=False
[INFO] [1781237870.591505989] [cartesian_streamer]: Queue accepted sample#2: svc=/queue_traj_point, t_cumul=0.2000s, code=1, msg="", hold=True
[INFO] [1781237870.832206185] [cartesian_streamer]: Queue accepted sample#3: svc=/queue_traj_point, t_cumul=0.3333s, code=1, msg="", hold=True
[INFO] [1781237870.887014515] [cartesian_streamer]: Pre-buffer hoàn tất (3 points), bắt đầu stream ổn định. Đang chờ target...
[INFO] [1781237870.887610228] [cartesian_streamer]: Queue accepted sample#4: svc=/queue_traj_point, t_cumul=0.5333s, code=1, msg="", hold=True
[INFO] [1781237871.108521956] [cartesian_streamer]: Queue accepted sample#5: svc=/queue_traj_point, t_cumul=0.5999s, code=1, msg="", hold=True
[INFO] [1781237872.074906458] [cartesian_streamer]: IK OK → Δmax=0.0000 rad, joints: [1.571, 0.124, -1.022, 0.000, -0.398, 0.000]
[WARN] [1781237872.207917175] [cartesian_streamer]: QueueTrajPoint đã được accept nhưng joint_states hầu như không đổi. Kiểm tra: 1) Robot ở mode AUTO? 2) Servo ON? 3) E-stop cleared?
[INFO] [1781237873.591015850] [cartesian_streamer]: QueueTrajPoint accepted #20: t=2.801s, hold=False
[INFO] [1781237874.076172305] [cartesian_streamer]: IK OK → Δmax=0.0058 rad, joints: [1.571, 0.124, -1.022, 0.000, -0.398, 0.000]
[INFO] [1781237875.142367259] [cartesian_streamer]: Runtime rate: state=streaming, tick_hz=15.0, queue_send_hz=7.1, ack_hz=7.1, busy_hz=0.0, retry_count=0, reject_count=0, inter_ack_ms=133.3, max_joint_delta=0.050, cumul_time=4.34s, hold_count=0, ik_mode=Local, ik_avg_ms=1.02, ik_fails=0
[INFO] [1781237875.481098210] [cartesian_streamer]: QueueTrajPoint accepted #40: t=4.736s, hold=False
[INFO] [1781237876.144593566] [cartesian_streamer]: IK OK → Δmax=0.0116 rad, joints: [1.475, 0.101, -0.615, -0.003, -0.828, 0.098]
[INFO] [1781237877.462180861] [cartesian_streamer]: QueueTrajPoint accepted #60: t=6.604s, hold=False
[INFO] [1781237877.876140050] [cartesian_streamer]: IK delta clamped → joints: [1.457, 0.350, -0.277, -0.004, -0.924, 0.116]
[INFO] [1781237878.209291921] [cartesian_streamer]: IK OK → Δmax=0.0349 rad, joints: [1.444, 0.411, -0.186, -0.004, -0.947, 0.129]
[INFO] [1781237879.495080101] [cartesian_streamer]: QueueTrajPoint accepted #80: t=8.537s, hold=False
[INFO] [1781237880.140903297] [cartesian_streamer]: Runtime rate: state=streaming, tick_hz=15.0, queue_send_hz=10.0, ack_hz=10.0, busy_hz=0.0, retry_count=0, reject_count=0, inter_ack_ms=100.9, max_joint_delta=0.070, cumul_time=9.07s, hold_count=0, ik_mode=Local, ik_avg_ms=1.31, ik_fails=0
[INFO] [1781237880.209854620] [cartesian_streamer]: IK OK → Δmax=0.0268 rad, joints: [1.403, 0.771, 0.418, -0.005, -1.191, 0.169]
[INFO] [1781237880.342675486] [cartesian_streamer]: IK delta clamped → joints: [1.402, 0.802, 0.461, -0.005, -1.218, 0.170]
[INFO] [1781237881.493109541] [cartesian_streamer]: QueueTrajPoint accepted #100: t=10.406s, hold=False
[INFO] [1781237882.275425878] [cartesian_streamer]: IK OK → Δmax=0.0198 rad, joints: [1.416, 0.972, 0.657, -0.004, -1.230, 0.156]
[INFO] [1781237883.360015584] [cartesian_streamer]: QueueTrajPoint accepted #120: t=12.139s, hold=False
[INFO] [1781237884.276868522] [cartesian_streamer]: IK OK → Δmax=0.0133 rad, joints: [1.324, 1.050, 0.743, -0.007, -1.239, 0.249]
[INFO] [1781237885.207358213] [cartesian_streamer]: Runtime rate: state=streaming, tick_hz=15.0, queue_send_hz=10.3, ack_hz=10.1, busy_hz=0.0, retry_count=0, reject_count=0, inter_ack_ms=97.4, max_joint_delta=0.070, cumul_time=13.80s, hold_count=0, ik_mode=Local, ik_avg_ms=1.36, ik_fails=0
[INFO] [1781237885.436733338] [cartesian_streamer]: QueueTrajPoint accepted #140: t=14.072s, hold=False
[INFO] [1781237886.277789786] [cartesian_streamer]: IK OK → Δmax=0.0049 rad, joints: [1.221, 1.069, 0.796, -0.009, -1.273, 0.352]
[INFO] [1781237887.396317139] [cartesian_streamer]: QueueTrajPoint accepted #160: t=15.873s, hold=False
[INFO] [1781237888.341672074] [cartesian_streamer]: IK OK → Δmax=0.0362 rad, joints: [1.157, 1.018, 0.646, -0.011, -1.175, 0.418]
[INFO] [1781237889.562026052] [cartesian_streamer]: QueueTrajPoint accepted #180: t=18.007s, hold=False
[INFO] [1781237890.207921222] [cartesian_streamer]: Runtime rate: state=streaming, tick_hz=15.0, queue_send_hz=9.8, ack_hz=9.8, busy_hz=0.0, retry_count=0, reject_count=0, inter_ack_ms=100.5, max_joint_delta=0.047, cumul_time=18.54s, hold_count=0, ik_mode=Local, ik_avg_ms=1.40, ik_fails=0
[INFO] [1781237890.342752007] [cartesian_streamer]: IK OK → Δmax=0.0256 rad, joints: [1.096, 0.920, 0.364, -0.014, -0.992, 0.483]
[INFO] [1781237890.796757940] [cartesian_streamer]: Disable Robot: dừng stream, tắt traj mode...
[INFO] [1781237890.797750499] [cartesian_streamer]: ✗ Robot DISABLED.
[INFO] [1781237955.809319875] [cartesian_streamer]: Enable Robot: bắt đầu chuỗi khởi động...
[INFO] [1781237955.809893809] [cartesian_streamer]: Enable: reset_error...
[INFO] [1781237955.818709303] [cartesian_streamer]: reset_error: code=1, msg="success"
[INFO] [1781237955.819241241] [cartesian_streamer]: Enable: stop_traj_mode (giải phóng mode cũ)...
[INFO] [1781237955.866760917] [cartesian_streamer]: stop_traj_mode: success=True, code=N/A, msg=""
[INFO] [1781237955.867306640] [cartesian_streamer]: Enable: chờ 1.5s để hệ thống ổn định trước khi start queue...
[INFO] [1781237957.368260138] [cartesian_streamer]: Enable: StartPointQueueMode...
[INFO] [1781237958.845929028] [cartesian_streamer]: StartPointQueueMode response: code=1, msg=""
[INFO] [1781237958.846446520] [cartesian_streamer]: ✓ Robot ENABLED — Point Queue Mode active. Servo ON!
[INFO] [1781237958.874197411] [cartesian_streamer]: Runtime rate: state=seeding, tick_hz=0.1, queue_send_hz=0.0, ack_hz=0.1, busy_hz=0.0, retry_count=0, reject_count=0, inter_ack_ms=187.7, max_joint_delta=0.069, cumul_time=0.00s, hold_count=0, ik_mode=Local, ik_avg_ms=1.40, ik_fails=0
[WARN] [1781237958.874522213] [cartesian_streamer]: Target stream stale: không có target mới trong 68.1s
[WARN] [1781237958.874842785] [cartesian_streamer]: QueueTrajPoint đã được accept nhưng joint_states hầu như không đổi. Kiểm tra: 1) Robot ở mode AUTO? 2) Servo ON? 3) E-stop cleared?
[INFO] [1781237958.875443831] [cartesian_streamer]: Bootstrap EE pose via FK: (-0.1620, 0.2959, 0.3839)
[INFO] [1781237958.876021615] [cartesian_streamer]: Đã gửi seed point (current joints, t=0), chờ ACK...
[INFO] [1781237958.941345984] [cartesian_streamer]: Bootstrap EE pose via FK: (-0.1620, 0.2959, 0.3839)
[INFO] [1781237959.008221221] [cartesian_streamer]: Bootstrap EE pose via FK: (-0.1620, 0.2959, 0.3839)
[INFO] [1781237959.075395540] [cartesian_streamer]: Bootstrap EE pose via FK: (-0.1620, 0.2959, 0.3839)
[INFO] [1781237959.100029519] [cartesian_streamer]: Seed ACK nhận được, bắt đầu prebuffer.
[INFO] [1781237959.617054453] [cartesian_streamer]: Pre-buffer hoàn tất (3 points), bắt đầu stream ổn định. Đang chờ target...
[INFO] [1781237960.146287417] [cartesian_streamer]: QueueTrajPoint accepted #200: t=1.000s, hold=True
[INFO] [1781237961.751600611] [cartesian_streamer]: IK OK → Δmax=0.0126 rad, joints: [1.561, 0.128, -1.025, 0.002, -0.385, 0.010]
[WARN] [1781237961.895036066] [cartesian_streamer]: Queue BUSY, sẽ resend (backoff 66ms): msg="Busy processing the previous trajectory point. Please resend the next point shortly"
[INFO] [1781237962.463521068] [cartesian_streamer]: QueueTrajPoint accepted #220: t=2.926s, hold=False
[INFO] [1781237963.811003151] [cartesian_streamer]: IK OK → Δmax=0.0161 rad, joints: [1.457, 0.105, -0.760, -0.005, -0.680, 0.117]
[INFO] [1781237963.940666929] [cartesian_streamer]: Runtime rate: state=streaming, tick_hz=15.0, queue_send_hz=9.5, ack_hz=9.1, busy_hz=0.2, retry_count=1, reject_count=0, inter_ack_ms=1588.0, max_joint_delta=0.055, cumul_time=4.46s, hold_count=0, ik_mode=Local, ik_avg_ms=1.46, ik_fails=0
[INFO] [1781237964.162220797] [cartesian_streamer]: QueueTrajPoint accepted #240: t=4.727s, hold=False
[INFO] [1781237965.876220227] [cartesian_streamer]: IK OK → Δmax=0.0342 rad, joints: [1.494, 0.337, -0.297, -0.003, -0.911, 0.079]
[INFO] [1781237966.094123025] [cartesian_streamer]: QueueTrajPoint accepted #260: t=6.658s, hold=False
[INFO] [1781237967.798777019] [cartesian_streamer]: QueueTrajPoint accepted #280: t=8.256s, hold=False
[INFO] [1781237967.942515732] [cartesian_streamer]: IK OK → Δmax=0.0054 rad, joints: [1.409, 0.650, 0.172, -0.005, -1.067, 0.164]
[INFO] [1781237968.941947367] [cartesian_streamer]: Runtime rate: state=streaming, tick_hz=15.0, queue_send_hz=11.4, ack_hz=11.6, busy_hz=0.0, retry_count=0, reject_count=0, inter_ack_ms=88.1, max_joint_delta=0.067, cumul_time=9.39s, hold_count=0, ik_mode=Local, ik_avg_ms=1.48, ik_fails=0
[INFO] [1781237969.542863591] [cartesian_streamer]: IK delta clamped → joints: [1.319, 0.861, 0.378, -0.007, -1.068, 0.256]
[WARN] [1781237969.743845973] [cartesian_streamer]: Service call timeout (500ms). Resetting inflight flag.
[INFO] [1781237970.009947993] [cartesian_streamer]: IK OK → Δmax=0.0700 rad, joints: [1.301, 0.947, 0.448, -0.008, -1.155, 0.273]
[INFO] [1781237970.046526978] [cartesian_streamer]: QueueTrajPoint accepted #300: t=10.057s, hold=False
[WARN] [1781237970.217807121] [cartesian_streamer]: Queue BUSY, sẽ resend (backoff 66ms): msg="Busy processing the previous trajectory point. Please resend the next point shortly"
[INFO] [1781237972.076202896] [cartesian_streamer]: IK OK → Δmax=0.0295 rad, joints: [1.192, 1.131, 0.897, -0.010, -1.312, 0.381]
[INFO] [1781237972.401858196] [cartesian_streamer]: QueueTrajPoint accepted #320: t=12.126s, hold=False
[INFO] [1781237973.028962036] [cartesian_streamer]: Local IK không hội tụ (fail #1)
[WARN] [1781237973.644729603] [cartesian_streamer]: Local IK failed 10x liên tiếp! Fallback sang MoveIt! IK...
[INFO] [1781237974.007690031] [cartesian_streamer]: Runtime rate: state=streaming, tick_hz=15.0, queue_send_hz=8.5, ack_hz=8.1, busy_hz=0.2, retry_count=1, reject_count=0, inter_ack_ms=119.9, max_joint_delta=0.070, cumul_time=13.67s, hold_count=0, ik_mode=Local, ik_avg_ms=2.22, ik_fails=14
[INFO] [1781237974.093036302] [cartesian_streamer]: IK OK → Δmax=0.0000 rad, joints: [1.154, 1.185, 1.039, -0.011, -1.402, 0.419]
[INFO] [1781237974.380314044] [cartesian_streamer]: QueueTrajPoint accepted #340: t=14.133s, hold=False
[WARN] [1781237975.696692333] [cartesian_streamer]: Local IK failed 36x liên tiếp! Fallback sang MoveIt! IK...
[INFO] [1781237976.117663992] [cartesian_streamer]: IK OK → Δmax=0.0000 rad, joints: [1.154, 1.185, 1.039, -0.011, -1.402, 0.419]
[WARN] [1781237977.027221251] [cartesian_streamer]: Service call timeout (500ms). Resetting inflight flag.
[WARN] [1781237977.768086315] [cartesian_streamer]: Local IK failed 64x liên tiếp! Fallback sang MoveIt! IK...
[INFO] [1781237977.846662069] [cartesian_streamer]: QueueTrajPoint accepted #360: t=16.882s, hold=False
[INFO] [1781237978.190026081] [cartesian_streamer]: IK OK → Δmax=0.0000 rad, joints: [1.154, 1.185, 1.039, -0.011, -1.402, 0.419]
[WARN] [1781237978.874199639] [cartesian_streamer]: QueueTrajPoint đã được accept nhưng joint_states hầu như không đổi. Kiểm tra: 1) Robot ở mode AUTO? 2) Servo ON? 3) E-stop cleared?
[INFO] [1781237979.007964562] [cartesian_streamer]: Runtime rate: state=streaming, tick_hz=15.0, queue_send_hz=6.6, ack_hz=6.6, busy_hz=0.0, retry_count=0, reject_count=0, inter_ack_ms=153.1, max_joint_delta=0.000, cumul_time=17.95s, hold_count=0, ik_mode=Local, ik_avg_ms=5.21, ik_fails=80
[WARN] [1781237979.768364938] [cartesian_streamer]: Local IK failed 91x liên tiếp! Fallback sang MoveIt! IK...
[WARN] [1781237980.001765696] [cartesian_streamer]: ⚠ Queue mode bị drop! Auto-recovery lần 1/3...
[INFO] [1781237980.504623122] [cartesian_streamer]: Auto-recovery: bắt đầu re-enable queue mode...
[INFO] [1781237980.506440981] [cartesian_streamer]: Enable: reset_error...
[INFO] [1781237980.509073883] [cartesian_streamer]: reset_error: code=105, msg="Pendant is not in REMOTE mode"
[INFO] [1781237980.509572307] [cartesian_streamer]: Enable: stop_traj_mode (giải phóng mode cũ)...
[INFO] [1781237980.933697050] [cartesian_streamer]: stop_traj_mode: success=True, code=N/A, msg=""
[INFO] [1781237980.934217826] [cartesian_streamer]: Enable: chờ 1.5s để hệ thống ổn định trước khi start queue...
[INFO] [1781237982.435191282] [cartesian_streamer]: Enable: StartPointQueueMode...
[INFO] [1781237984.080925466] [cartesian_streamer]: StartPointQueueMode response: code=1, msg=""
[INFO] [1781237984.081435926] [cartesian_streamer]: ✓ Robot ENABLED — Point Queue Mode active. Servo ON!
[INFO] [1781237984.141438452] [cartesian_streamer]: Runtime rate: state=seeding, tick_hz=2.9, queue_send_hz=1.4, ack_hz=1.4, busy_hz=0.0, retry_count=0, reject_count=1, inter_ack_ms=117.2, max_joint_delta=0.000, cumul_time=0.00s, hold_count=0, ik_mode=Local, ik_avg_ms=5.74, ik_fails=94
[WARN] [1781237984.142026036] [cartesian_streamer]: Target stream stale: không có target mới trong 4.2s
[WARN] [1781237984.142606185] [cartesian_streamer]: QueueTrajPoint đã được accept nhưng joint_states hầu như không đổi. Kiểm tra: 1) Robot ở mode AUTO? 2) Servo ON? 3) E-stop cleared?
[INFO] [1781237984.143491688] [cartesian_streamer]: Bootstrap EE pose via FK: (0.3151, 1.1145, 0.3381)
[INFO] [1781237984.144273578] [cartesian_streamer]: Đã gửi seed point (current joints, t=0), chờ ACK...
[INFO] [1781237984.208699885] [cartesian_streamer]: Bootstrap EE pose via FK: (0.3151, 1.1145, 0.3381)
[INFO] [1781237984.262888350] [cartesian_streamer]: Seed ACK nhận được, bắt đầu prebuffer.
[INFO] [1781237984.629234775] [cartesian_streamer]: Pre-buffer hoàn tất (3 points), bắt đầu stream ổn định. Đang chờ target...
[WARN] [1781237984.697372825] [cartesian_streamer]: Local IK failed 95x liên tiếp! Fallback sang MoveIt! IK...
[INFO] [1781237984.697674258] [cartesian_streamer]: IK OK → Δmax=0.0000 rad, joints: [1.154, 1.185, 1.039, -0.011, -1.402, 0.419]
[INFO] [1781237985.035803225] [cartesian_streamer]: QueueTrajPoint accepted #380: t=0.487s, hold=False
[WARN] [1781237986.700879599] [cartesian_streamer]: Local IK failed 124x liên tiếp! Fallback sang MoveIt! IK...
[INFO] [1781237986.701223789] [cartesian_streamer]: IK OK → Δmax=0.0000 rad, joints: [1.154, 1.185, 1.039, -0.011, -1.402, 0.419]
[WARN] [1781237987.838108508] [cartesian_streamer]: Queue BUSY, sẽ resend (backoff 66ms): msg="Busy processing the previous trajectory point. Please resend the next point shortly"
[INFO] [1781237988.302383282] [cartesian_streamer]: QueueTrajPoint accepted #400: t=3.275s, hold=False
[WARN] [1781237988.764641327] [cartesian_streamer]: Local IK failed 151x liên tiếp! Fallback sang MoveIt! IK...
[INFO] [1781237988.765011951] [cartesian_streamer]: IK OK → Δmax=0.0000 rad, joints: [1.154, 1.185, 1.039, -0.011, -1.402, 0.419]
[INFO] [1781237989.141772418] [cartesian_streamer]: Runtime rate: state=streaming, tick_hz=15.0, queue_send_hz=6.0, ack_hz=5.6, busy_hz=0.2, retry_count=1, reject_count=0, inter_ack_ms=317.1, max_joint_delta=0.000, cumul_time=3.61s, hold_count=0, ik_mode=Local, ik_avg_ms=7.72, ik_fails=156
[WARN] [1781237989.163120045] [cartesian_streamer]: Service call timeout (500ms). Resetting inflight flag.
[WARN] [1781237989.208056906] [cartesian_streamer]: QueueTrajPoint đã được accept nhưng joint_states hầu như không đổi. Kiểm tra: 1) Robot ở mode AUTO? 2) Servo ON? 3) E-stop cleared?
[WARN] [1781237990.774665192] [cartesian_streamer]: Local IK failed 179x liên tiếp! Fallback sang MoveIt! IK...
[INFO] [1781237990.775468405] [cartesian_streamer]: IK OK → Δmax=0.0000 rad, joints: [1.154, 1.185, 1.039, -0.011, -1.402, 0.419]
[INFO] [1781237992.263470721] [cartesian_streamer]: QueueTrajPoint accepted #420: t=5.821s, hold=False
[WARN] [1781237992.831815082] [cartesian_streamer]: Local IK failed 204x liên tiếp! Fallback sang MoveIt! IK...
[INFO] [1781237992.832198848] [cartesian_streamer]: IK OK → Δmax=0.0000 rad, joints: [1.154, 1.185, 1.039, -0.011, -1.402, 0.419]
[INFO] [1781237993.203738537] [cartesian_streamer]: Disable Robot: dừng stream, tắt traj mode...
[INFO] [1781237993.204759923] [cartesian_streamer]: ✗ Robot DISABLED.
[INFO] [1781238025.801042760] [cartesian_streamer]: Enable Robot: bắt đầu chuỗi khởi động...
[INFO] [1781238025.801320394] [cartesian_streamer]: Enable: reset_error...
[INFO] [1781238025.818289357] [cartesian_streamer]: reset_error: code=1, msg="success"
[INFO] [1781238025.818567136] [cartesian_streamer]: Enable: stop_traj_mode (giải phóng mode cũ)...
[INFO] [1781238025.867373563] [cartesian_streamer]: stop_traj_mode: success=True, code=N/A, msg=""
[INFO] [1781238025.867706878] [cartesian_streamer]: Enable: chờ 1.5s để hệ thống ổn định trước khi start queue...
[INFO] [1781238027.368681681] [cartesian_streamer]: Enable: StartPointQueueMode...
[INFO] [1781238028.842511489] [cartesian_streamer]: StartPointQueueMode response: code=1, msg=""
[INFO] [1781238028.842822512] [cartesian_streamer]: ✓ Robot ENABLED — Point Queue Mode active. Servo ON!
[INFO] [1781238028.874219739] [cartesian_streamer]: Runtime rate: state=seeding, tick_hz=1.5, queue_send_hz=0.6, ack_hz=0.6, busy_hz=0.0, retry_count=0, reject_count=0, inter_ack_ms=192.5, max_joint_delta=0.000, cumul_time=0.00s, hold_count=0, ik_mode=Local, ik_avg_ms=9.93, ik_fails=208
[WARN] [1781238028.874588361] [cartesian_streamer]: Target stream stale: không có target mới trong 35.7s
[WARN] [1781238028.874935990] [cartesian_streamer]: QueueTrajPoint đã được accept nhưng joint_states hầu như không đổi. Kiểm tra: 1) Robot ở mode AUTO? 2) Servo ON? 3) E-stop cleared?
[INFO] [1781238028.875622562] [cartesian_streamer]: Bootstrap EE pose via FK: (-0.1620, 0.2959, 0.3840)
[INFO] [1781238028.876265526] [cartesian_streamer]: Đã gửi seed point (current joints, t=0), chờ ACK...
[INFO] [1781238028.897098531] [cartesian_streamer]: Seed ACK nhận được, bắt đầu prebuffer.
[INFO] [1781238029.475112380] [cartesian_streamer]: Pre-buffer hoàn tất (3 points), bắt đầu stream ổn định. Đang chờ target...
[INFO] [1781238030.358424200] [cartesian_streamer]: IK OK → Δmax=0.0127 rad, joints: [1.567, 0.125, -1.011, 0.013, -0.403, -0.008]
[INFO] [1781238030.532441131] [cartesian_streamer]: QueueTrajPoint accepted #440: t=1.335s, hold=False
[INFO] [1781238032.408998168] [cartesian_streamer]: IK OK → Δmax=0.0665 rad, joints: [1.459, 0.219, -0.658, -0.005, -0.668, 0.116]
[INFO] [1781238032.501681098] [cartesian_streamer]: QueueTrajPoint accepted #460: t=3.403s, hold=False
[INFO] [1781238033.874531873] [cartesian_streamer]: Runtime rate: state=streaming, tick_hz=15.0, queue_send_hz=10.2, ack_hz=10.0, busy_hz=0.0, retry_count=0, reject_count=0, inter_ack_ms=810.6, max_joint_delta=0.067, cumul_time=4.73s, hold_count=0, ik_mode=Local, ik_avg_ms=9.33, ik_fails=208
[INFO] [1781238034.010505185] [cartesian_streamer]: IK delta clamped → joints: [1.412, 0.417, -0.263, -0.005, -0.867, 0.163]
[INFO] [1781238034.279264035] [cartesian_streamer]: QueueTrajPoint accepted #480: t=5.002s, hold=False
[INFO] [1781238034.410111007] [cartesian_streamer]: IK OK → Δmax=0.0449 rad, joints: [1.414, 0.484, -0.133, -0.005, -0.928, 0.160]
[INFO] [1781238036.269079694] [cartesian_streamer]: QueueTrajPoint accepted #500: t=6.999s, hold=False
[INFO] [1781238036.477073025] [cartesian_streamer]: IK OK → Δmax=0.0104 rad, joints: [1.319, 0.670, 0.155, -0.008, -1.030, 0.256]
[INFO] [1781238037.475944640] [cartesian_streamer]: IK delta clamped → joints: [1.291, 0.753, 0.288, -0.008, -1.083, 0.283]
[INFO] [1781238038.300845901] [cartesian_streamer]: QueueTrajPoint accepted #520: t=9.067s, hold=False
[INFO] [1781238038.542099597] [cartesian_streamer]: IK OK → Δmax=0.0191 rad, joints: [1.272, 0.755, 0.303, -0.009, -1.094, 0.303]
[INFO] [1781238038.874600732] [cartesian_streamer]: Runtime rate: state=streaming, tick_hz=15.0, queue_send_hz=9.8, ack_hz=9.8, busy_hz=0.0, retry_count=0, reject_count=0, inter_ack_ms=102.3, max_joint_delta=0.070, cumul_time=9.60s, hold_count=0, ik_mode=Local, ik_avg_ms=8.59, ik_fails=208
[INFO] [1781238040.432893565] [cartesian_streamer]: QueueTrajPoint accepted #540: t=11.069s, hold=False
[INFO] [1781238040.543091392] [cartesian_streamer]: IK OK → Δmax=0.0083 rad, joints: [1.276, 0.784, 0.359, -0.008, -1.121, 0.298]
[INFO] [1781238042.370900886] [cartesian_streamer]: QueueTrajPoint accepted #560: t=13.002s, hold=False
[INFO] [1781238042.608729103] [cartesian_streamer]: IK OK → Δmax=0.0176 rad, joints: [1.295, 0.856, 0.478, -0.008, -1.167, 0.279]
[INFO] [1781238043.076694544] [cartesian_streamer]: IK delta clamped → joints: [1.302, 0.762, 0.300, -0.008, -1.069, 0.273]
[INFO] [1781238043.874218730] [cartesian_streamer]: Runtime rate: state=streaming, tick_hz=15.0, queue_send_hz=10.0, ack_hz=10.0, busy_hz=0.0, retry_count=0, reject_count=0, inter_ack_ms=99.9, max_joint_delta=0.070, cumul_time=14.40s, hold_count=0, ik_mode=Local, ik_avg_ms=7.97, ik_fails=208
[INFO] [1781238044.338035962] [cartesian_streamer]: QueueTrajPoint accepted #580: t=14.803s, hold=False
[INFO] [1781238044.609631210] [cartesian_streamer]: IK OK → Δmax=0.0153 rad, joints: [1.316, 0.778, 0.235, -0.008, -1.003, 0.259]
[INFO] [1781238045.876388052] [cartesian_streamer]: IK delta clamped → joints: [1.306, 0.818, 0.369, -0.008, -1.107, 0.268]
[INFO] [1781238046.497331281] [cartesian_streamer]: QueueTrajPoint accepted #600: t=16.803s, hold=False
[INFO] [1781238046.609898580] [cartesian_streamer]: IK OK → Δmax=0.0595 rad, joints: [1.305, 0.987, 0.725, -0.007, -1.283, 0.268]
[INFO] [1781238047.164013863] [cartesian_streamer]: Local IK không hội tụ (fail #1)
[WARN] [1781238047.769210209] [cartesian_streamer]: Local IK failed 10x liên tiếp! Fallback sang MoveIt! IK...
[INFO] [1781238048.626656885] [cartesian_streamer]: IK OK → Δmax=0.0000 rad, joints: [1.301, 1.112, 1.005, -0.007, -1.438, 0.271]
[INFO] [1781238048.703454782] [cartesian_streamer]: QueueTrajPoint accepted #620: t=18.887s, hold=False
[INFO] [1781238048.874715922] [cartesian_streamer]: Runtime rate: state=streaming, tick_hz=15.0, queue_send_hz=9.0, ack_hz=9.0, busy_hz=0.0, retry_count=0, reject_count=0, inter_ack_ms=110.4, max_joint_delta=0.070, cumul_time=19.09s, hold_count=0, ik_mode=Local, ik_avg_ms=8.11, ik_fails=231
[WARN] [1781238049.847037895] [cartesian_streamer]: Local IK failed 36x liên tiếp! Fallback sang MoveIt! IK...
[INFO] [1781238050.628428458] [cartesian_streamer]: IK OK → Δmax=0.0000 rad, joints: [1.301, 1.112, 1.005, -0.007, -1.438, 0.271]
[INFO] [1781238051.526975316] [cartesian_streamer]: QueueTrajPoint accepted #640: t=21.625s, hold=False
[WARN] [1781238051.905310593] [cartesian_streamer]: Local IK failed 63x liên tiếp! Fallback sang MoveIt! IK...
[INFO] [1781238052.475877231] [cartesian_streamer]: IK delta clamped → joints: [1.371, 1.105, 1.001, -0.004, -1.441, 0.181]
[INFO] [1781238052.679101187] [cartesian_streamer]: IK OK → Δmax=0.0900 rad, joints: [1.371, 1.055, 0.935, -0.003, -1.375, 0.181]
[WARN] [1781238052.757062297] [cartesian_streamer]: Queue BUSY, sẽ resend (backoff 66ms): msg="Busy processing the previous trajectory point. Please resend the next point shortly"
[WARN] [1781238052.874291550] [cartesian_streamer]: QueueTrajPoint đã được accept nhưng joint_states hầu như không đổi. Kiểm tra: 1) Robot ở mode AUTO? 2) Servo ON? 3) E-stop cleared?
[INFO] [1781238053.940864887] [cartesian_streamer]: Runtime rate: state=streaming, tick_hz=15.0, queue_send_hz=7.1, ack_hz=6.9, busy_hz=0.2, retry_count=1, reject_count=0, inter_ack_ms=146.5, max_joint_delta=0.090, cumul_time=23.56s, hold_count=0, ik_mode=Local, ik_avg_ms=8.85, ik_fails=277
[WARN] [1781238054.025542439] [cartesian_streamer]: Queue BUSY, sẽ resend (backoff 66ms): msg="Busy processing the previous trajectory point. Please resend the next point shortly"
[INFO] [1781238054.471382918] [cartesian_streamer]: QueueTrajPoint accepted #660: t=23.833s, hold=False
[INFO] [1781238054.476443553] [cartesian_streamer]: IK delta clamped → joints: [1.441, 1.026, 0.907, -0.003, -1.438, 0.130]
[INFO] [1781238054.692529302] [cartesian_streamer]: Local IK không hội tụ (fail #1)
[WARN] [1781238055.363966239] [cartesian_streamer]: Local IK failed 10x liên tiếp! Fallback sang MoveIt! IK...
[INFO] [1781238055.364321315] [cartesian_streamer]: IK OK → Δmax=0.0000 rad, joints: [1.438, 1.073, 1.034, -0.003, -1.506, 0.133]
[INFO] [1781238056.897633134] [cartesian_streamer]: QueueTrajPoint accepted #680: t=26.185s, hold=False
[INFO] [1781238057.009228852] [cartesian_streamer]: IK delta clamped → joints: [1.391, 1.057, 0.964, -0.005, -1.440, 0.181]
[INFO] [1781238057.411523122] [cartesian_streamer]: IK OK → Δmax=0.0700 rad, joints: [1.370, 0.978, 0.754, -0.005, -1.303, 0.202]
[INFO] [1781238058.257090825] [cartesian_streamer]: Local IK không hội tụ (fail #1)
[INFO] [1781238058.941905433] [cartesian_streamer]: Runtime rate: state=streaming, tick_hz=15.0, queue_send_hz=8.0, ack_hz=7.8, busy_hz=0.2, retry_count=1, reject_count=0, inter_ack_ms=127.3, max_joint_delta=0.090, cumul_time=28.19s, hold_count=0, ik_mode=Local, ik_avg_ms=9.23, ik_fails=312
[INFO] [1781238059.011592983] [cartesian_streamer]: IK delta clamped → joints: [1.317, 1.031, 0.845, -0.007, -1.334, 0.255]
[INFO] [1781238059.477913830] [cartesian_streamer]: IK OK → Δmax=0.0700 rad, joints: [1.302, 0.931, 0.635, -0.007, -1.216, 0.272]
[INFO] [1781238059.598920578] [cartesian_streamer]: QueueTrajPoint accepted #700: t=28.656s, hold=False
[WARN] [1781238059.892439435] [cartesian_streamer]: Queue BUSY, sẽ resend (backoff 66ms): msg="Busy processing the previous trajectory point. Please resend the next point shortly"
[INFO] [1781238061.076944279] [cartesian_streamer]: IK delta clamped → joints: [1.294, 0.944, 0.679, -0.008, -1.258, 0.279]
[WARN] [1781238061.488215612] [cartesian_streamer]: Queue BUSY, sẽ resend (backoff 66ms): msg="Busy processing the previous trajectory point. Please resend the next point shortly"
[INFO] [1781238061.609579793] [cartesian_streamer]: IK OK → Δmax=0.0216 rad, joints: [1.270, 0.876, 0.503, -0.008, -1.173, 0.304]
[INFO] [1781238062.014489810] [cartesian_streamer]: QueueTrajPoint accepted #720: t=30.313s, hold=False
[INFO] [1781238063.142514093] [cartesian_streamer]: IK delta clamped → joints: [1.284, 0.964, 0.783, -0.008, -1.275, 0.289]
[WARN] [1781238063.500596667] [cartesian_streamer]: Queue BUSY, sẽ resend (backoff 66ms): msg="Busy processing the previous trajectory point. Please resend the next point shortly"
[INFO] [1781238063.613386855] [cartesian_streamer]: IK OK → Δmax=0.0700 rad, joints: [1.294, 0.851, 0.504, -0.008, -1.138, 0.280]
[INFO] [1781238063.941638453] [cartesian_streamer]: Runtime rate: state=streaming, tick_hz=15.0, queue_send_hz=8.8, ack_hz=7.6, busy_hz=1.4, retry_count=7, reject_count=0, inter_ack_ms=134.7, max_joint_delta=0.090, cumul_time=31.38s, hold_count=0, ik_mode=Local, ik_avg_ms=8.78, ik_fails=312
[INFO] [1781238064.704476339] [cartesian_streamer]: QueueTrajPoint accepted #740: t=32.043s, hold=False
[WARN] [1781238064.832755522] [cartesian_streamer]: Queue BUSY, sẽ resend (backoff 66ms): msg="Busy processing the previous trajectory point. Please resend the next point shortly"
[INFO] [1781238065.542967273] [cartesian_streamer]: IK delta clamped → joints: [1.274, 0.948, 0.727, -0.008, -1.307, 0.299]
[INFO] [1781238065.678184516] [cartesian_streamer]: IK OK → Δmax=0.0705 rad, joints: [1.276, 0.926, 0.727, -0.008, -1.262, 0.297]
[WARN] [1781238066.158005742] [cartesian_streamer]: Queue BUSY, sẽ resend (backoff 66ms): msg="Busy processing the previous trajectory point. Please resend the next point shortly"
[WARN] [1781238067.226573945] [cartesian_streamer]: Queue BUSY, sẽ resend (backoff 66ms): msg="Busy processing the previous trajectory point. Please resend the next point shortly"
[INFO] [1781238067.463133161] [cartesian_streamer]: QueueTrajPoint accepted #760: t=33.375s, hold=False
[INFO] [1781238067.742398950] [cartesian_streamer]: IK OK → Δmax=0.0148 rad, joints: [1.262, 0.994, 0.767, -0.008, -1.318, 0.311]
[INFO] [1781238068.074978203] [cartesian_streamer]: IK delta clamped → joints: [1.268, 0.945, 0.691, -0.008, -1.273, 0.306]
[WARN] [1781238068.687140192] [cartesian_streamer]: Queue BUSY, sẽ resend (backoff 66ms): msg="Busy processing the previous trajectory point. Please resend the next point shortly"
[INFO] [1781238069.008574445] [cartesian_streamer]: Runtime rate: state=streaming, tick_hz=15.0, queue_send_hz=9.9, ack_hz=7.9, busy_hz=2.0, retry_count=10, reject_count=0, inter_ack_ms=125.6, max_joint_delta=0.078, cumul_time=34.51s, hold_count=0, ik_mode=Local, ik_avg_ms=8.39, ik_fails=312
[INFO] [1781238069.805771889] [cartesian_streamer]: QueueTrajPoint accepted #780: t=34.973s, hold=False
[INFO] [1781238069.809977715] [cartesian_streamer]: IK OK → Δmax=0.0479 rad, joints: [1.255, 1.012, 0.806, -0.008, -1.339, 0.317]
[WARN] [1781238070.619706239] [cartesian_streamer]: Queue BUSY, sẽ resend (backoff 66ms): msg="Busy processing the previous trajectory point. Please resend the next point shortly"
[INFO] [1781238071.810371743] [cartesian_streamer]: IK OK → Δmax=0.0098 rad, joints: [1.252, 1.052, 0.895, -0.008, -1.389, 0.320]
[INFO] [1781238071.891456859] [cartesian_streamer]: QueueTrajPoint accepted #800: t=36.972s, hold=False
[INFO] [1781238073.630746789] [cartesian_streamer]: QueueTrajPoint accepted #820: t=38.706s, hold=False
[INFO] [1781238073.810386558] [cartesian_streamer]: IK OK → Δmax=0.0163 rad, joints: [1.263, 1.051, 0.906, -0.008, -1.401, 0.310]
[INFO] [1781238074.074109796] [cartesian_streamer]: Runtime rate: state=streaming, tick_hz=15.0, queue_send_hz=10.7, ack_hz=10.3, busy_hz=0.4, retry_count=2, reject_count=0, inter_ack_ms=97.4, max_joint_delta=0.069, cumul_time=39.10s, hold_count=0, ik_mode=Local, ik_avg_ms=7.99, ik_fails=312
[INFO] [1781238074.743398105] [cartesian_streamer]: IK delta clamped → joints: [1.221, 1.072, 0.946, -0.009, -1.440, 0.351]
[INFO] [1781238075.678566205] [cartesian_streamer]: QueueTrajPoint accepted #840: t=40.636s, hold=False
[INFO] [1781238075.875896225] [cartesian_streamer]: IK OK → Δmax=0.0348 rad, joints: [1.214, 1.026, 0.862, -0.009, -1.383, 0.358]
[INFO] [1781238077.876143429] [cartesian_streamer]: IK OK → Δmax=0.0068 rad, joints: [1.175, 1.051, 0.922, -0.010, -1.417, 0.397]
[INFO] [1781238078.015785824] [cartesian_streamer]: QueueTrajPoint accepted #860: t=42.772s, hold=False
[INFO] [1781238079.074609037] [cartesian_streamer]: Runtime rate: state=streaming, tick_hz=15.0, queue_send_hz=8.8, ack_hz=8.8, busy_hz=0.0, retry_count=0, reject_count=0, inter_ack_ms=114.6, max_joint_delta=0.070, cumul_time=43.70s, hold_count=0, ik_mode=Local, ik_avg_ms=7.60, ik_fails=312
[INFO] [1781238079.877246454] [cartesian_streamer]: IK OK → Δmax=0.0106 rad, joints: [1.141, 1.073, 0.965, -0.011, -1.439, 0.431]
[WARN] [1781238080.225168195] [cartesian_streamer]: Queue BUSY, sẽ resend (backoff 66ms): msg="Busy processing the previous trajectory point. Please resend the next point shortly"
[INFO] [1781238080.358930969] [cartesian_streamer]: QueueTrajPoint accepted #880: t=44.969s, hold=False
[INFO] [1781238081.343591008] [cartesian_streamer]: IK delta clamped → joints: [1.216, 1.111, 1.015, -0.009, -1.472, 0.356]
[INFO] [1781238081.426772526] [cartesian_streamer]: Local IK không hội tụ (fail #1)
[INFO] [1781238081.942176302] [cartesian_streamer]: IK OK → Δmax=0.0337 rad, joints: [1.262, 1.072, 1.004, -0.008, -1.479, 0.309]
[INFO] [1781238082.833464200] [cartesian_streamer]: Local IK không hội tụ (fail #1)
[INFO] [1781238083.240468216] [cartesian_streamer]: QueueTrajPoint accepted #900: t=47.300s, hold=True
[INFO] [1781238083.943197602] [cartesian_streamer]: IK OK → Δmax=0.0567 rad, joints: [1.299, 1.091, 1.004, -0.007, -1.458, 0.273]
[INFO] [1781238084.009926360] [cartesian_streamer]: IK delta clamped → joints: [1.299, 1.106, 1.017, -0.007, -1.475, 0.273]
[INFO] [1781238084.106052243] [cartesian_streamer]: Local IK không hội tụ (fail #1)
[INFO] [1781238084.140784896] [cartesian_streamer]: Runtime rate: state=streaming, tick_hz=15.0, queue_send_hz=7.7, ack_hz=7.5, busy_hz=0.2, retry_count=1, reject_count=0, inter_ack_ms=132.9, max_joint_delta=0.070, cumul_time=48.24s, hold_count=1, ik_mode=Local, ik_avg_ms=7.55, ik_fails=327
[INFO] [1781238085.169837880] [cartesian_streamer]: Local IK không hội tụ (fail #3)
[INFO] [1781238085.527750111] [cartesian_streamer]: QueueTrajPoint accepted #920: t=49.550s, hold=True
[WARN] [1781238085.699276962] [cartesian_streamer]: Local IK failed 10x liên tiếp! Fallback sang MoveIt! IK...
[INFO] [1781238086.039014742] [cartesian_streamer]: IK OK → Δmax=0.0000 rad, joints: [1.292, 1.099, 1.039, -0.007, -1.485, 0.279]
[WARN] [1781238087.767547817] [cartesian_streamer]: Local IK failed 38x liên tiếp! Fallback sang MoveIt! IK...
[INFO] [1781238088.094889029] [cartesian_streamer]: IK OK → Δmax=0.0000 rad, joints: [1.292, 1.099, 1.039, -0.007, -1.485, 0.279]
[INFO] [1781238088.500716749] [cartesian_streamer]: QueueTrajPoint accepted #940: t=52.152s, hold=False
[WARN] [1781238089.053874418] [cartesian_streamer]: Queue BUSY, sẽ resend (backoff 66ms): msg="Busy processing the previous trajectory point. Please resend the next point shortly"
[INFO] [1781238089.141068470] [cartesian_streamer]: Runtime rate: state=streaming, tick_hz=15.0, queue_send_hz=7.6, ack_hz=7.4, busy_hz=0.2, retry_count=1, reject_count=0, inter_ack_ms=132.9, max_joint_delta=0.056, cumul_time=52.74s, hold_count=0, ik_mode=Local, ik_avg_ms=8.18, ik_fails=380
[WARN] [1781238089.141559053] [cartesian_streamer]: Target stream stale: không có target mới trong 3.1s
[INFO] [1781238089.875504105] [cartesian_streamer]: IK delta clamped → joints: [1.322, 1.093, 0.969, -0.007, -1.415, 0.250]
[INFO] [1781238090.143918463] [cartesian_streamer]: IK OK → Δmax=0.0700 rad, joints: [1.320, 1.065, 0.899, -0.007, -1.373, 0.252]
[INFO] [1781238091.361180514] [cartesian_streamer]: QueueTrajPoint accepted #960: t=54.475s, hold=False
[INFO] [1781238092.208535053] [cartesian_streamer]: IK OK → Δmax=0.0000 rad, joints: [1.329, 1.117, 0.994, -0.006, -1.422, 0.242]
[INFO] [1781238093.505538524] [cartesian_streamer]: QueueTrajPoint accepted #980: t=56.479s, hold=False
[INFO] [1781238094.207949702] [cartesian_streamer]: Runtime rate: state=streaming, tick_hz=15.0, queue_send_hz=8.9, ack_hz=8.7, busy_hz=0.2, retry_count=1, reject_count=0, inter_ack_ms=116.8, max_joint_delta=0.084, cumul_time=57.14s, hold_count=0, ik_mode=Local, ik_avg_ms=7.96, ik_fails=388
[INFO] [1781238094.211690626] [cartesian_streamer]: IK OK → Δmax=0.0069 rad, joints: [1.376, 1.129, 0.978, -0.005, -1.394, 0.196]
[INFO] [1781238094.901890311] [cartesian_streamer]: Local IK không hội tụ (fail #1)
[INFO] [1781238095.549197425] [cartesian_streamer]: QueueTrajPoint accepted #1000: t=58.387s, hold=False
[INFO] [1781238096.275039796] [cartesian_streamer]: IK OK → Δmax=0.0000 rad, joints: [1.387, 1.132, 0.968, -0.005, -1.381, 0.185]
[INFO] [1781238097.732308000] [cartesian_streamer]: QueueTrajPoint accepted #1020: t=60.386s, hold=False
[INFO] [1781238098.276292875] [cartesian_streamer]: IK OK → Δmax=0.0193 rad, joints: [1.395, 1.154, 1.016, -0.005, -1.407, 0.177]
[INFO] [1781238099.207694961] [cartesian_streamer]: Runtime rate: state=streaming, tick_hz=15.0, queue_send_hz=9.2, ack_hz=9.2, busy_hz=0.0, retry_count=0, reject_count=0, inter_ack_ms=108.7, max_joint_delta=0.067, cumul_time=61.72s, hold_count=0, ik_mode=Local, ik_avg_ms=7.74, ik_fails=394
[INFO] [1781238099.541593314] [cartesian_streamer]: IK delta clamped → joints: [1.370, 1.116, 0.972, -0.005, -1.395, 0.201]
[INFO] [1781238099.928092882] [cartesian_streamer]: Disable Robot: dừng stream, tắt traj mode...
[INFO] [1781238099.928612320] [cartesian_streamer]: ✗ Robot DISABLED.
[WARN] [1781238100.196462916] [cartesian_streamer]: ⚠ Queue mode bị drop! Auto-recovery lần 1/3...
[INFO] [1781238100.697346560] [cartesian_streamer]: Auto-recovery: bắt đầu re-enable queue mode...
[INFO] [1781238100.697876334] [cartesian_streamer]: Enable: reset_error...
[INFO] [1781238100.820561857] [cartesian_streamer]: reset_error: code=1, msg="success"
[INFO] [1781238100.821026342] [cartesian_streamer]: Enable: stop_traj_mode (giải phóng mode cũ)...
[INFO] [1781238100.953982868] [cartesian_streamer]: stop_traj_mode: success=True, code=N/A, msg=""
[INFO] [1781238100.954522407] [cartesian_streamer]: Enable: chờ 1.5s để hệ thống ổn định trước khi start queue...
[INFO] [1781238102.455332079] [cartesian_streamer]: Enable: StartPointQueueMode...
[INFO] [1781238103.223030038] [cartesian_streamer]: StartPointQueueMode response: code=1, msg=""
[INFO] [1781238103.223620757] [cartesian_streamer]: ✓ Robot ENABLED — Point Queue Mode active. Servo ON!
[INFO] [1781238103.275345349] [cartesian_streamer]: Bootstrap EE pose via FK: (0.0806, 1.1273, 0.3886)
[INFO] [1781238103.276145846] [cartesian_streamer]: Đã gửi seed point (current joints, t=0), chờ ACK...
[INFO] [1781238103.341328241] [cartesian_streamer]: Bootstrap EE pose via FK: (0.0806, 1.1273, 0.3886)
[INFO] [1781238103.404492266] [cartesian_streamer]: Seed ACK nhận được, bắt đầu prebuffer.
[INFO] [1781238103.916015926] [cartesian_streamer]: QueueTrajPoint accepted #1040: t=0.198s, hold=True
[INFO] [1781238103.950251649] [cartesian_streamer]: Pre-buffer hoàn tất (3 points), bắt đầu stream ổn định. Đang chờ target...
[INFO] [1781238104.274562366] [cartesian_streamer]: Runtime rate: state=streaming, tick_hz=5.1, queue_send_hz=2.2, ack_hz=2.0, busy_hz=0.0, retry_count=0, reject_count=1, inter_ack_ms=505.0, max_joint_delta=0.070, cumul_time=0.66s, hold_count=6, ik_mode=Local, ik_avg_ms=7.70, ik_fails=394
[WARN] [1781238104.275291586] [cartesian_streamer]: Target stream stale: không có target mới trong 4.4s
[INFO] [1781238106.667845038] [cartesian_streamer]: QueueTrajPoint accepted #1060: t=2.598s, hold=True
[INFO] [1781238109.274856047] [cartesian_streamer]: Runtime rate: state=streaming, tick_hz=15.0, queue_send_hz=6.8, ack_hz=6.8, busy_hz=0.0, retry_count=0, reject_count=0, inter_ack_ms=146.8, max_joint_delta=0.000, cumul_time=4.86s, hold_count=40, ik_mode=Local, ik_avg_ms=7.70, ik_fails=394
[WARN] [1781238109.275594857] [cartesian_streamer]: Target stream stale: không có target mới trong 9.4s
[INFO] [1781238109.661427682] [cartesian_streamer]: QueueTrajPoint accepted #1080: t=5.134s, hold=True
[WARN] [1781238109.681868902] [cartesian_streamer]: Queue BUSY, sẽ resend (backoff 66ms): msg="Busy processing the previous trajectory point. Please resend the next point shortly"
[WARN] [1781238110.945695379] [cartesian_streamer]: Queue BUSY, sẽ resend (backoff 66ms): msg="Busy processing the previous trajectory point. Please resend the next point shortly"
[WARN] [1781238112.157933020] [cartesian_streamer]: Queue BUSY, sẽ resend (backoff 66ms): msg="Busy processing the previous trajectory point. Please resend the next point shortly"
[WARN] [1781238113.349760749] [cartesian_streamer]: Queue BUSY, sẽ resend (backoff 66ms): msg="Busy processing the previous trajectory point. Please resend the next point shortly"
[INFO] [1781238114.341096306] [cartesian_streamer]: Runtime rate: state=streaming, tick_hz=15.0, queue_send_hz=3.9, ack_hz=1.8, busy_hz=2.2, retry_count=11, reject_count=0, inter_ack_ms=185.2, max_joint_delta=0.000, cumul_time=5.60s, hold_count=50, ik_mode=Local, ik_avg_ms=7.70, ik_fails=394
[WARN] [1781238114.341820098] [cartesian_streamer]: Target stream stale: không có target mới trong 14.4s
[WARN] [1781238114.490053969] [cartesian_streamer]: Queue BUSY, sẽ resend (backoff 66ms): msg="Busy processing the previous trajectory point. Please resend the next point shortly"
[WARN] [1781238115.585523762] [cartesian_streamer]: Queue BUSY, sẽ resend (backoff 66ms): msg="Busy processing the previous trajectory point. Please resend the next point shortly"
[INFO] [1781238115.844197714] [cartesian_streamer]: Disable Robot: dừng stream, tắt traj mode...
[INFO] [1781238115.844643333] [cartesian_streamer]: ✗ Robot DISABLED.
[INFO] [1781238133.351211108] [cartesian_streamer]: Enable Robot: bắt đầu chuỗi khởi động...
[INFO] [1781238133.351462915] [cartesian_streamer]: Enable: reset_error...
[INFO] [1781238133.359711122] [cartesian_streamer]: reset_error: code=1, msg="success"
[INFO] [1781238133.360215907] [cartesian_streamer]: Enable: stop_traj_mode (giải phóng mode cũ)...
[INFO] [1781238133.409745525] [cartesian_streamer]: stop_traj_mode: success=True, code=N/A, msg=""
[INFO] [1781238133.410152766] [cartesian_streamer]: Enable: chờ 1.5s để hệ thống ổn định trước khi start queue...
[INFO] [1781238134.911106768] [cartesian_streamer]: Enable: StartPointQueueMode...
[INFO] [1781238136.582346383] [cartesian_streamer]: StartPointQueueMode response: code=1, msg=""
[INFO] [1781238136.582626635] [cartesian_streamer]: ✓ Robot ENABLED — Point Queue Mode active. Servo ON!
[INFO] [1781238136.607350764] [cartesian_streamer]: Runtime rate: state=seeding, tick_hz=1.0, queue_send_hz=0.3, ack_hz=0.0, busy_hz=0.3, retry_count=7, reject_count=0, inter_ack_ms=0.0, max_joint_delta=0.000, cumul_time=0.00s, hold_count=0, ik_mode=Local, ik_avg_ms=7.70, ik_fails=394
[WARN] [1781238136.608021714] [cartesian_streamer]: Target stream stale: không có target mới trong 36.7s
[WARN] [1781238136.608311926] [cartesian_streamer]: QueueTrajPoint đã được accept nhưng joint_states hầu như không đổi. Kiểm tra: 1) Robot ở mode AUTO? 2) Servo ON? 3) E-stop cleared?
[INFO] [1781238136.608819573] [cartesian_streamer]: Bootstrap EE pose via FK: (-0.1620, 0.2959, 0.3839)
[INFO] [1781238136.609403988] [cartesian_streamer]: Đã gửi seed point (current joints, t=0), chờ ACK...
[INFO] [1781238136.675041106] [cartesian_streamer]: Bootstrap EE pose via FK: (-0.1620, 0.2959, 0.3839)
[INFO] [1781238136.726537275] [cartesian_streamer]: Seed ACK nhận được, bắt đầu prebuffer.
[INFO] [1781238137.152363435] [cartesian_streamer]: Pre-buffer hoàn tất (3 points), bắt đầu stream ổn định. Đang chờ target...
[INFO] [1781238137.545291969] [cartesian_streamer]: IK OK → Δmax=0.0075 rad, joints: [1.569, 0.128, -1.015, 0.005, -0.392, -0.005]
[INFO] [1781238138.076609474] [cartesian_streamer]: QueueTrajPoint accepted #1100: t=1.267s, hold=False
[INFO] [1781238139.609906181] [cartesian_streamer]: IK OK → Δmax=0.0185 rad, joints: [1.540, 0.140, -0.773, -0.001, -0.632, 0.032]
[INFO] [1781238139.822935517] [cartesian_streamer]: QueueTrajPoint accepted #1120: t=3.135s, hold=False
[INFO] [1781238141.208902778] [cartesian_streamer]: IK delta clamped → joints: [1.485, 0.312, -0.326, -0.003, -0.917, 0.088]
[INFO] [1781238141.607958529] [cartesian_streamer]: Runtime rate: state=streaming, tick_hz=15.0, queue_send_hz=9.8, ack_hz=9.8, busy_hz=0.0, retry_count=0, reject_count=0, inter_ack_ms=626.0, max_joint_delta=0.070, cumul_time=4.80s, hold_count=0, ik_mode=Local, ik_avg_ms=7.47, ik_fails=394
[INFO] [1781238141.610334007] [cartesian_streamer]: IK OK → Δmax=0.0200 rad, joints: [1.474, 0.376, -0.197, -0.003, -0.971, 0.099]
[INFO] [1781238141.953863662] [cartesian_streamer]: QueueTrajPoint accepted #1140: t=5.200s, hold=False
[INFO] [1781238143.676166241] [cartesian_streamer]: IK OK → Δmax=0.0312 rad, joints: [1.445, 0.778, 0.565, -0.003, -1.332, 0.127]
[INFO] [1781238143.886860810] [cartesian_streamer]: QueueTrajPoint accepted #1160: t=6.998s, hold=False
[INFO] [1781238144.076259116] [cartesian_streamer]: IK delta clamped → joints: [1.434, 0.881, 0.765, -0.004, -1.429, 0.138]
[INFO] [1781238144.963409351] [cartesian_streamer]: Local IK không hội tụ (fail #1)
[WARN] [1781238145.571380375] [cartesian_streamer]: Local IK failed 10x liên tiếp! Fallback sang MoveIt! IK...
[INFO] [1781238145.705284828] [cartesian_streamer]: IK OK → Δmax=0.0234 rad, joints: [1.381, 1.037, 1.023, -0.005, -1.531, 0.190]
[INFO] [1781238145.973972104] [cartesian_streamer]: QueueTrajPoint accepted #1180: t=8.895s, hold=False
[INFO] [1781238146.608062403] [cartesian_streamer]: Runtime rate: state=streaming, tick_hz=15.0, queue_send_hz=10.0, ack_hz=10.0, busy_hz=0.0, retry_count=0, reject_count=0, inter_ack_ms=100.7, max_joint_delta=0.070, cumul_time=9.62s, hold_count=0, ik_mode=Local, ik_avg_ms=7.56, ik_fails=415
[WARN] [1781238147.636617033] [cartesian_streamer]: Local IK failed 35x liên tiếp! Fallback sang MoveIt! IK...
[INFO] [1781238147.765588352] [cartesian_streamer]: IK OK → Δmax=0.0000 rad, joints: [1.381, 1.037, 1.023, -0.005, -1.531, 0.190]
[INFO] [1781238148.638950806] [cartesian_streamer]: QueueTrajPoint accepted #1200: t=11.412s, hold=False
[WARN] [1781238149.696037662] [cartesian_streamer]: Local IK failed 65x liên tiếp! Fallback sang MoveIt! IK...
[INFO] [1781238149.770379345] [cartesian_streamer]: IK OK → Δmax=0.0000 rad, joints: [1.381, 1.037, 1.023, -0.005, -1.531, 0.190]
[WARN] [1781238151.441407422] [cartesian_streamer]: Queue BUSY, sẽ resend (backoff 66ms): msg="Busy processing the previous trajectory point. Please resend the next point shortly"
[WARN] [1781238151.475001622] [cartesian_streamer]: QueueTrajPoint đã được accept nhưng joint_states hầu như không đổi. Kiểm tra: 1) Robot ở mode AUTO? 2) Servo ON? 3) E-stop cleared?
[INFO] [1781238151.674503184] [cartesian_streamer]: Runtime rate: state=streaming, tick_hz=15.0, queue_send_hz=5.9, ack_hz=5.5, busy_hz=0.2, retry_count=1, reject_count=0, inter_ack_ms=173.2, max_joint_delta=0.000, cumul_time=13.47s, hold_count=0, ik_mode=Local, ik_avg_ms=8.26, ik_fails=486
[WARN] [1781238151.760322357] [cartesian_streamer]: Local IK failed 94x liên tiếp! Fallback sang MoveIt! IK...
[INFO] [1781238151.832070702] [cartesian_streamer]: IK OK → Δmax=0.0000 rad, joints: [1.381, 1.037, 1.023, -0.005, -1.531, 0.190]
[INFO] [1781238152.435892435] [cartesian_streamer]: QueueTrajPoint accepted #1220: t=14.146s, hold=False
[WARN] [1781238153.835486413] [cartesian_streamer]: Local IK failed 124x liên tiếp! Fallback sang MoveIt! IK...
[INFO] [1781238153.835846993] [cartesian_streamer]: IK OK → Δmax=0.0000 rad, joints: [1.381, 1.037, 1.023, -0.005, -1.531, 0.190]
[INFO] [1781238155.530918217] [cartesian_streamer]: QueueTrajPoint accepted #1240: t=16.782s, hold=False
[WARN] [1781238155.839714260] [cartesian_streamer]: Local IK failed 150x liên tiếp! Fallback sang MoveIt! IK...
[INFO] [1781238155.840060827] [cartesian_streamer]: IK OK → Δmax=0.0000 rad, joints: [1.381, 1.037, 1.023, -0.005, -1.531, 0.190]
[WARN] [1781238156.541212448] [cartesian_streamer]: QueueTrajPoint đã được accept nhưng joint_states hầu như không đổi. Kiểm tra: 1) Robot ở mode AUTO? 2) Servo ON? 3) E-stop cleared?
[INFO] [1781238156.674645463] [cartesian_streamer]: Runtime rate: state=streaming, tick_hz=15.0, queue_send_hz=6.6, ack_hz=6.8, busy_hz=0.0, retry_count=0, reject_count=0, inter_ack_ms=153.3, max_joint_delta=0.000, cumul_time=17.96s, hold_count=0, ik_mode=Local, ik_avg_ms=8.92, ik_fails=555
[WARN] [1781238157.450536966] [cartesian_streamer]: Queue BUSY, sẽ resend (backoff 66ms): msg="Busy processing the previous trajectory point. Please resend the next point shortly"
[WARN] [1781238157.897485613] [cartesian_streamer]: Local IK failed 179x liên tiếp! Fallback sang MoveIt! IK...
[INFO] [1781238157.897837910] [cartesian_streamer]: IK OK → Δmax=0.0000 rad, joints: [1.381, 1.037, 1.023, -0.005, -1.531, 0.190]
[INFO] [1781238158.306513340] [cartesian_streamer]: QueueTrajPoint accepted #1260: t=19.285s, hold=False
[WARN] [1781238159.961766574] [cartesian_streamer]: Local IK failed 204x liên tiếp! Fallback sang MoveIt! IK...
[INFO] [1781238159.962125278] [cartesian_streamer]: IK OK → Δmax=0.0000 rad, joints: [1.381, 1.037, 1.023, -0.005, -1.531, 0.190]
[INFO] [1781238161.258332464] [cartesian_streamer]: QueueTrajPoint accepted #1280: t=21.828s, hold=False
[WARN] [1781238161.607710180] [cartesian_streamer]: QueueTrajPoint đã được accept nhưng joint_states hầu như không đổi. Kiểm tra: 1) Robot ở mode AUTO? 2) Servo ON? 3) E-stop cleared?
[INFO] [1781238161.740593961] [cartesian_streamer]: Runtime rate: state=streaming, tick_hz=15.0, queue_send_hz=7.5, ack_hz=7.3, busy_hz=0.2, retry_count=1, reject_count=0, inter_ack_ms=137.0, max_joint_delta=0.000, cumul_time=22.30s, hold_count=0, ik_mode=Local, ik_avg_ms=9.46, ik_fails=623
[WARN] [1781238162.029851981] [cartesian_streamer]: Local IK failed 233x liên tiếp! Fallback sang MoveIt! IK...
[INFO] [1781238162.030183543] [cartesian_streamer]: IK OK → Δmax=0.0000 rad, joints: [1.381, 1.037, 1.023, -0.005, -1.531, 0.190]
[WARN] [1781238163.503328540] [cartesian_streamer]: Queue BUSY, sẽ resend (backoff 66ms): msg="Busy processing the previous trajectory point. Please resend the next point shortly"
[INFO] [1781238163.996831538] [cartesian_streamer]: Disable Robot: dừng stream, tắt traj mode...
[INFO] [1781238163.997664865] [cartesian_streamer]: ✗ Robot DISABLED.
[WARN] [1781238164.350542507] [cartesian_streamer]: ⚠ Queue mode bị drop! Auto-recovery lần 1/3...
[INFO] [1781238164.851440321] [cartesian_streamer]: Auto-recovery: bắt đầu re-enable queue mode...
[INFO] [1781238164.852044732] [cartesian_streamer]: Enable: reset_error...
[INFO] [1781238164.858691567] [cartesian_streamer]: reset_error: code=1, msg="success"
[INFO] [1781238164.859212507] [cartesian_streamer]: Enable: stop_traj_mode (giải phóng mode cũ)...
[INFO] [1781238164.925937646] [cartesian_streamer]: stop_traj_mode: success=True, code=N/A, msg=""
[INFO] [1781238164.926487837] [cartesian_streamer]: Enable: chờ 1.5s để hệ thống ổn định trước khi start queue...
[INFO] [1781238166.427483357] [cartesian_streamer]: Enable: StartPointQueueMode...
[INFO] [1781238167.243744446] [cartesian_streamer]: StartPointQueueMode response: code=1, msg=""
[INFO] [1781238167.244263673] [cartesian_streamer]: ✓ Robot ENABLED — Point Queue Mode active. Servo ON!
[INFO] [1781238167.274313753] [cartesian_streamer]: Runtime rate: state=seeding, tick_hz=6.1, queue_send_hz=2.7, ack_hz=2.3, busy_hz=0.2, retry_count=1, reject_count=1, inter_ack_ms=171.6, max_joint_delta=0.000, cumul_time=0.00s, hold_count=0, ik_mode=Local, ik_avg_ms=9.68, ik_fails=653
[WARN] [1781238167.275007936] [cartesian_streamer]: Target stream stale: không có target mới trong 3.3s
[WARN] [1781238167.275676155] [cartesian_streamer]: QueueTrajPoint đã được accept nhưng joint_states hầu như không đổi. Kiểm tra: 1) Robot ở mode AUTO? 2) Servo ON? 3) E-stop cleared?
[INFO] [1781238167.276658208] [cartesian_streamer]: Bootstrap EE pose via FK: (0.0489, 1.1169, 0.4946)
[INFO] [1781238167.277505849] [cartesian_streamer]: Đã gửi seed point (current joints, t=0), chờ ACK...
[INFO] [1781238167.289945159] [cartesian_streamer]: Seed ACK nhận được, bắt đầu prebuffer.
[INFO] [1781238167.457117329] [cartesian_streamer]: QueueTrajPoint accepted #1300: t=0.064s, hold=True
[INFO] [1781238167.655089348] [cartesian_streamer]: Pre-buffer hoàn tất (3 points), bắt đầu stream ổn định. Đang chờ target...
[WARN] [1781238169.750276410] [cartesian_streamer]: Queue BUSY, sẽ resend (backoff 66ms): msg="Busy processing the previous trajectory point. Please resend the next point shortly"
[INFO] [1781238170.074817808] [cartesian_streamer]: QueueTrajPoint accepted #1320: t=2.330s, hold=True
[INFO] [1781238172.273917259] [cartesian_streamer]: Runtime rate: state=streaming, tick_hz=15.0, queue_send_hz=8.2, ack_hz=7.8, busy_hz=0.2, retry_count=1, reject_count=0, inter_ack_ms=209.6, max_joint_delta=0.000, cumul_time=4.26s, hold_count=39, ik_mode=Local, ik_avg_ms=9.68, ik_fails=653
[WARN] [1781238172.274183275] [cartesian_streamer]: Target stream stale: không có target mới trong 8.3s
[WARN] [1781238172.682570282] [cartesian_streamer]: Queue BUSY, sẽ resend (backoff 66ms): msg="Busy processing the previous trajectory point. Please resend the next point shortly"
[INFO] [1781238172.936467694] [cartesian_streamer]: QueueTrajPoint accepted #1340: t=4.596s, hold=True
[INFO] [1781238175.022520356] [cartesian_streamer]: QueueTrajPoint accepted #1360: t=6.663s, hold=True
[WARN] [1781238176.015197240] [cartesian_streamer]: Queue BUSY, sẽ resend (backoff 66ms): msg="Busy processing the previous trajectory point. Please resend the next point shortly"
[WARN] [1781238177.020886743] [cartesian_streamer]: Queue BUSY, sẽ resend (backoff 66ms): msg="Busy processing the previous trajectory point. Please resend the next point shortly"
[INFO] [1781238177.340931914] [cartesian_streamer]: Runtime rate: state=streaming, tick_hz=15.0, queue_send_hz=7.3, ack_hz=6.9, busy_hz=0.6, retry_count=3, reject_count=0, inter_ack_ms=147.9, max_joint_delta=0.000, cumul_time=8.13s, hold_count=73, ik_mode=Local, ik_avg_ms=9.68, ik_fails=653
[WARN] [1781238177.341520938] [cartesian_streamer]: Target stream stale: không có target mới trong 13.4s
[INFO] [1781238178.069301138] [cartesian_streamer]: QueueTrajPoint accepted #1380: t=8.796s, hold=True
[INFO] [1781238180.530161724] [cartesian_streamer]: QueueTrajPoint accepted #1400: t=11.063s, hold=True
[WARN] [1781238180.954165296] [cartesian_streamer]: Queue BUSY, sẽ resend (backoff 66ms): msg="Busy processing the previous trajectory point. Please resend the next point shortly"
[INFO] [1781238182.341168955] [cartesian_streamer]: Runtime rate: state=streaming, tick_hz=15.0, queue_send_hz=8.0, ack_hz=7.8, busy_hz=0.2, retry_count=1, reject_count=0, inter_ack_ms=128.8, max_joint_delta=0.000, cumul_time=12.46s, hold_count=112, ik_mode=Local, ik_avg_ms=9.68, ik_fails=653
[WARN] [1781238182.341819720] [cartesian_streamer]: Target stream stale: không có target mới trong 18.4s
[INFO] [1781238183.465317935] [cartesian_streamer]: QueueTrajPoint accepted #1420: t=13.530s, hold=True
[WARN] [1781238184.152140973] [cartesian_streamer]: Queue BUSY, sẽ resend (backoff 66ms): msg="Busy processing the previous trajectory point. Please resend the next point shortly"
[WARN] [1781238186.022682572] [cartesian_streamer]: Queue BUSY, sẽ resend (backoff 66ms): msg="Busy processing the previous trajectory point. Please resend the next point shortly"
[INFO] [1781238186.751654062] [cartesian_streamer]: QueueTrajPoint accepted #1440: t=16.196s, hold=True
[INFO] [1781238187.407681273] [cartesian_streamer]: Runtime rate: state=streaming, tick_hz=15.0, queue_send_hz=7.1, ack_hz=6.5, busy_hz=0.4, retry_count=2, reject_count=0, inter_ack_ms=150.6, max_joint_delta=0.000, cumul_time=16.73s, hold_count=146, ik_mode=Local, ik_avg_ms=9.68, ik_fails=653
[WARN] [1781238187.408231809] [cartesian_streamer]: Target stream stale: không có target mới trong 23.5s
[INFO] [1781238189.536975869] [cartesian_streamer]: QueueTrajPoint accepted #1460: t=18.530s, hold=True
[INFO] [1781238191.681086742] [cartesian_streamer]: QueueTrajPoint accepted #1480: t=20.530s, hold=True
[INFO] [1781238192.474737833] [cartesian_streamer]: Runtime rate: state=streaming, tick_hz=15.0, queue_send_hz=8.1, ack_hz=8.1, busy_hz=0.0, retry_count=0, reject_count=0, inter_ack_ms=120.0, max_joint_delta=0.000, cumul_time=21.13s, hold_count=187, ik_mode=Local, ik_avg_ms=9.68, ik_fails=653
[WARN] [1781238192.475282747] [cartesian_streamer]: Target stream stale: không có target mới trong 28.5s
[INFO] [1781238194.766964708] [cartesian_streamer]: QueueTrajPoint accepted #1500: t=22.996s, hold=True
[WARN] [1781238197.501692860] [cartesian_streamer]: Queue BUSY, sẽ resend (backoff 66ms): msg="Busy processing the previous trajectory point. Please resend the next point shortly"
[INFO] [1781238197.541116537] [cartesian_streamer]: Runtime rate: state=streaming, tick_hz=15.0, queue_send_hz=6.5, ack_hz=6.5, busy_hz=0.2, retry_count=1, reject_count=0, inter_ack_ms=159.3, max_joint_delta=0.000, cumul_time=25.20s, hold_count=220, ik_mode=Local, ik_avg_ms=9.68, ik_fails=653
[WARN] [1781238197.541858669] [cartesian_streamer]: Target stream stale: không có target mới trong 33.6s
[INFO] [1781238198.092854230] [cartesian_streamer]: QueueTrajPoint accepted #1520: t=25.397s, hold=True
[WARN] [1781238200.080287277] [cartesian_streamer]: Queue BUSY, sẽ resend (backoff 66ms): msg="Busy processing the previous trajectory point. Please resend the next point shortly"
[INFO] [1781238200.553160258] [cartesian_streamer]: QueueTrajPoint accepted #1540: t=27.796s, hold=True
[INFO] [1781238202.541911874] [cartesian_streamer]: Runtime rate: state=streaming, tick_hz=15.0, queue_send_hz=7.8, ack_hz=7.6, busy_hz=0.2, retry_count=1, reject_count=0, inter_ack_ms=132.2, max_joint_delta=0.000, cumul_time=29.73s, hold_count=257, ik_mode=Local, ik_avg_ms=9.68, ik_fails=653
[WARN] [1781238202.542570078] [cartesian_streamer]: Target stream stale: không có target mới trong 38.6s
[INFO] [1781238203.000827579] [cartesian_streamer]: QueueTrajPoint accepted #1560: t=30.129s, hold=True
[INFO] [1781238205.681439426] [cartesian_streamer]: QueueTrajPoint accepted #1580: t=32.397s, hold=True
[WARN] [1781238206.148170587] [cartesian_streamer]: Queue BUSY, sẽ resend (backoff 66ms): msg="Busy processing the previous trajectory point. Please resend the next point shortly"
[INFO] [1781238207.607791635] [cartesian_streamer]: Runtime rate: state=streaming, tick_hz=15.0, queue_send_hz=7.7, ack_hz=7.3, busy_hz=0.2, retry_count=1, reject_count=0, inter_ack_ms=136.3, max_joint_delta=0.000, cumul_time=34.13s, hold_count=295, ik_mode=Local, ik_avg_ms=9.68, ik_fails=653
[WARN] [1781238207.608310159] [cartesian_streamer]: Target stream stale: không có target mới trong 43.7s
[WARN] [1781238208.355983928] [cartesian_streamer]: Queue BUSY, sẽ resend (backoff 66ms): msg="Busy processing the previous trajectory point. Please resend the next point shortly"
[INFO] [1781238208.795537346] [cartesian_streamer]: QueueTrajPoint accepted #1600: t=34.931s, hold=True
[INFO] [1781238210.931706957] [cartesian_streamer]: QueueTrajPoint accepted #1620: t=37.064s, hold=True
[INFO] [1781238212.674277810] [cartesian_streamer]: Runtime rate: state=streaming, tick_hz=15.0, queue_send_hz=8.1, ack_hz=7.9, busy_hz=0.2, retry_count=1, reject_count=0, inter_ack_ms=123.3, max_joint_delta=0.000, cumul_time=38.66s, hold_count=335, ik_mode=Local, ik_avg_ms=9.68, ik_fails=653
[WARN] [1781238212.674992223] [cartesian_streamer]: Target stream stale: không có target mới trong 48.7s
[INFO] [1781238213.760821695] [cartesian_streamer]: QueueTrajPoint accepted #1640: t=39.464s, hold=True
[INFO] [1781238216.288992615] [cartesian_streamer]: QueueTrajPoint accepted #1660: t=41.864s, hold=True
[INFO] [1781238217.077910363] [cartesian_streamer]: Disable Robot: dừng stream, tắt traj mode...
[INFO] [1781238217.078350684] [cartesian_streamer]: ✗ Robot DISABLED.
[INFO] [1781238260.617767804] [cartesian_streamer]: Enable Robot: bắt đầu chuỗi khởi động...
[INFO] [1781238260.618297908] [cartesian_streamer]: Enable: reset_error...
[INFO] [1781238260.629411480] [cartesian_streamer]: reset_error: code=1, msg="success"
[INFO] [1781238260.629940472] [cartesian_streamer]: Enable: stop_traj_mode (giải phóng mode cũ)...
[INFO] [1781238260.681300185] [cartesian_streamer]: stop_traj_mode: success=True, code=N/A, msg=""
[INFO] [1781238260.681699824] [cartesian_streamer]: Enable: chờ 1.5s để hệ thống ổn định trước khi start queue...
[INFO] [1781238262.182699071] [cartesian_streamer]: Enable: StartPointQueueMode...
[INFO] [1781238263.605197162] [cartesian_streamer]: StartPointQueueMode response: code=1, msg=""
[INFO] [1781238263.605709912] [cartesian_streamer]: ✓ Robot ENABLED — Point Queue Mode active. Servo ON!
[INFO] [1781238263.607319859] [cartesian_streamer]: Runtime rate: state=seeding, tick_hz=1.3, queue_send_hz=0.6, ack_hz=0.7, busy_hz=0.0, retry_count=0, reject_count=0, inter_ack_ms=135.5, max_joint_delta=0.000, cumul_time=0.00s, hold_count=0, ik_mode=Local, ik_avg_ms=9.68, ik_fails=653
[WARN] [1781238263.607881190] [cartesian_streamer]: Target stream stale: không có target mới trong 99.7s
[WARN] [1781238263.608451457] [cartesian_streamer]: QueueTrajPoint đã được accept nhưng joint_states hầu như không đổi. Kiểm tra: 1) Robot ở mode AUTO? 2) Servo ON? 3) E-stop cleared?
[INFO] [1781238263.609306352] [cartesian_streamer]: Bootstrap EE pose via FK: (-0.1620, 0.2959, 0.3839)
[INFO] [1781238263.610026929] [cartesian_streamer]: Đã gửi seed point (current joints, t=0), chờ ACK...
[INFO] [1781238263.674620901] [cartesian_streamer]: Bootstrap EE pose via FK: (-0.1620, 0.2959, 0.3839)
[INFO] [1781238263.730699506] [cartesian_streamer]: Seed ACK nhận được, bắt đầu prebuffer.
[INFO] [1781238263.943231844] [cartesian_streamer]: Pre-buffer hoàn tất (3 points), bắt đầu stream ổn định. Đang chờ target...
[INFO] [1781238265.086362329] [cartesian_streamer]: IK OK → Δmax=0.0074 rad, joints: [1.565, 0.127, -1.018, 0.001, -0.390, 0.004]
[INFO] [1781238265.460898521] [cartesian_streamer]: QueueTrajPoint accepted #1680: t=1.267s, hold=False
[INFO] [1781238267.143568476] [cartesian_streamer]: IK OK → Δmax=0.0536 rad, joints: [1.463, 0.233, -0.681, -0.005, -0.631, 0.112]
[INFO] [1781238267.209817189] [cartesian_streamer]: IK delta clamped → joints: [1.460, 0.240, -0.665, -0.005, -0.642, 0.114]
[INFO] [1781238267.623051236] [cartesian_streamer]: QueueTrajPoint accepted #1700: t=3.470s, hold=False
[INFO] [1781238268.674124214] [cartesian_streamer]: Runtime rate: state=streaming, tick_hz=15.0, queue_send_hz=9.1, ack_hz=8.9, busy_hz=0.0, retry_count=0, reject_count=0, inter_ack_ms=1144.2, max_joint_delta=0.070, cumul_time=4.47s, hold_count=0, ik_mode=Local, ik_avg_ms=9.47, ik_fails=653
[INFO] [1781238269.210492857] [cartesian_streamer]: IK OK → Δmax=0.0224 rad, joints: [1.430, 0.533, -0.069, -0.005, -0.943, 0.143]
[INFO] [1781238269.350154995] [cartesian_streamer]: QueueTrajPoint accepted #1720: t=5.201s, hold=False
[INFO] [1781238270.075684536] [cartesian_streamer]: IK delta clamped → joints: [1.420, 0.697, 0.226, -0.004, -1.075, 0.153]
[INFO] [1781238271.217502192] [cartesian_streamer]: QueueTrajPoint accepted #1740: t=7.069s, hold=False
[INFO] [1781238271.276405154] [cartesian_streamer]: IK OK → Δmax=0.0400 rad, joints: [1.417, 0.984, 0.781, -0.004, -1.342, 0.155]
[INFO] [1781238271.700244706] [cartesian_streamer]: Local IK không hội tụ (fail #1)
[WARN] [1781238272.564641822] [cartesian_streamer]: Local IK failed 10x liên tiếp! Fallback sang MoveIt! IK...
[INFO] [1781238273.299337166] [cartesian_streamer]: IK OK → Δmax=0.0000 rad, joints: [1.413, 1.097, 1.020, -0.004, -1.468, 0.158]
[INFO] [1781238273.674427609] [cartesian_streamer]: Runtime rate: state=streaming, tick_hz=15.0, queue_send_hz=8.6, ack_hz=8.6, busy_hz=0.0, retry_count=0, reject_count=0, inter_ack_ms=117.8, max_joint_delta=0.070, cumul_time=9.24s, hold_count=0, ik_mode=Local, ik_avg_ms=9.53, ik_fails=678
[WARN] [1781238274.174560855] [cartesian_streamer]: Service call timeout (500ms). Resetting inflight flag.
[WARN] [1781238274.633715789] [cartesian_streamer]: Local IK failed 39x liên tiếp! Fallback sang MoveIt! IK...
[WARN] [1781238274.706416493] [cartesian_streamer]: Service call timeout (500ms). Resetting inflight flag.
[INFO] [1781238275.174063857] [cartesian_streamer]: QueueTrajPoint accepted #1760: t=9.962s, hold=False
[INFO] [1781238275.309082231] [cartesian_streamer]: IK OK → Δmax=0.0000 rad, joints: [1.413, 1.097, 1.020, -0.004, -1.468, 0.158]
[WARN] [1781238276.634534899] [cartesian_streamer]: Local IK failed 64x liên tiếp! Fallback sang MoveIt! IK...
[INFO] [1781238277.363801696] [cartesian_streamer]: IK OK → Δmax=0.0000 rad, joints: [1.413, 1.097, 1.020, -0.004, -1.468, 0.158]
[WARN] [1781238278.208396616] [cartesian_streamer]: QueueTrajPoint đã được accept nhưng joint_states hầu như không đổi. Kiểm tra: 1) Robot ở mode AUTO? 2) Servo ON? 3) E-stop cleared?
[INFO] [1781238278.525474679] [cartesian_streamer]: QueueTrajPoint accepted #1780: t=12.937s, hold=False
[WARN] [1781238278.705412509] [cartesian_streamer]: Local IK failed 91x liên tiếp! Fallback sang MoveIt! IK...
[INFO] [1781238278.741813567] [cartesian_streamer]: Runtime rate: state=streaming, tick_hz=15.0, queue_send_hz=5.1, ack_hz=5.1, busy_hz=0.0, retry_count=0, reject_count=0, inter_ack_ms=195.1, max_joint_delta=0.000, cumul_time=13.15s, hold_count=0, ik_mode=Local, ik_avg_ms=10.06, ik_fails=744
[INFO] [1781238279.369199865] [cartesian_streamer]: IK OK → Δmax=0.0000 rad, joints: [1.413, 1.097, 1.020, -0.004, -1.468, 0.158]
[WARN] [1781238280.710188575] [cartesian_streamer]: Local IK failed 112x liên tiếp! Fallback sang MoveIt! IK...
[INFO] [1781238281.373125821] [cartesian_streamer]: IK OK → Δmax=0.0000 rad, joints: [1.413, 1.097, 1.020, -0.004, -1.468, 0.158]
[INFO] [1781238281.641736006] [cartesian_streamer]: QueueTrajPoint accepted #1800: t=15.757s, hold=False
[INFO] [1781238281.876088935] [cartesian_streamer]: IK delta clamped → joints: [1.383, 1.167, 0.950, -0.005, -1.378, 0.189]
[INFO] [1781238281.972985140] [cartesian_streamer]: Local IK không hội tụ (fail #1)
[WARN] [1781238282.766263703] [cartesian_streamer]: Local IK failed 10x liên tiếp! Fallback sang MoveIt! IK...
[WARN] [1781238283.275858105] [cartesian_streamer]: QueueTrajPoint đã được accept nhưng joint_states hầu như không đổi. Kiểm tra: 1) Robot ở mode AUTO? 2) Servo ON? 3) E-stop cleared?
[INFO] [1781238283.434326772] [cartesian_streamer]: IK OK → Δmax=0.0021 rad, joints: [1.383, 1.199, 0.940, -0.005, -1.286, 0.189]
[INFO] [1781238283.740851976] [cartesian_streamer]: Runtime rate: state=streaming, tick_hz=15.0, queue_send_hz=6.0, ack_hz=5.8, busy_hz=0.0, retry_count=0, reject_count=0, inter_ack_ms=165.4, max_joint_delta=0.090, cumul_time=17.60s, hold_count=0, ik_mode=Local, ik_avg_ms=10.60, ik_fails=800
[WARN] [1781238284.033258802] [cartesian_streamer]: ⚠ Queue mode bị drop! Auto-recovery lần 1/3...
[INFO] [1781238284.533925203] [cartesian_streamer]: Auto-recovery: bắt đầu re-enable queue mode...
[INFO] [1781238284.534209913] [cartesian_streamer]: Enable: reset_error...
[INFO] [1781238284.652896257] [cartesian_streamer]: reset_error: code=1, msg="success"
[INFO] [1781238284.653136444] [cartesian_streamer]: Enable: stop_traj_mode (giải phóng mode cũ)...
[INFO] [1781238284.700490772] [cartesian_streamer]: stop_traj_mode: success=True, code=N/A, msg=""
[INFO] [1781238284.700745184] [cartesian_streamer]: Enable: chờ 1.5s để hệ thống ổn định trước khi start queue...
[INFO] [1781238286.201537124] [cartesian_streamer]: Enable: StartPointQueueMode...
[INFO] [1781238286.434770204] [cartesian_streamer]: StartPointQueueMode response: code=111, msg="A PFL event has occurred. Please return the robot to a safe state"
[ERROR] [1781238286.435259805] [cartesian_streamer]: StartPointQueueMode FAILED: A PFL event has occurred. Please return the robot to a safe state
[INFO] [1781238299.380668708] [cartesian_streamer]: Disable Robot: dừng stream, tắt traj mode...
[INFO] [1781238299.381366299] [cartesian_streamer]: ✗ Robot DISABLED.
[INFO] [1781238400.500781653] [cartesian_streamer]: Graceful shutdown: tắt Point Queue Mode trước khi thoát...
[INFO] [1781238400.501185760] [cartesian_streamer]: Robot chưa enable, không cần stop_traj_mode.
[INFO] [1781238400.501463248] [cartesian_streamer]: Shutdown hoàn tất. Tủ điện sẽ KHÔNG bị alarm.
