[INFO] [1779685780.633039810] [experiment_logger]: Logger ready.
[INFO] [1779685816.612951968] [experiment_logger]: Service called: /logger/toggle with data=True
[INFO] [1779685816.613463340] [experiment_logger]: ✓ STARTED in-memory logging. Target file: /home/duy/cocarry_ws/cocarry_logs/experiment_GROUND_TRUTH_20260525_121016.csv
[INFO] [1779685826.201858636] [experiment_logger]: Service called: /logger/toggle with data=False
[INFO] [1779685826.202261523] [experiment_logger]: Writing 175 rows from memory to /home/duy/cocarry_ws/cocarry_logs/experiment_GROUND_TRUTH_20260525_121016.csv...
[INFO] [1779685826.204325659] [experiment_logger]: ✓ Successfully wrote logs to disk.
[INFO] [1779685826.204970403] [experiment_logger]: Stopped logging. Saved 175 rows to /home/duy/cocarry_ws/cocarry_logs/experiment_GROUND_TRUTH_20260525_121016.csv
[INFO] [1779685826.207938345] [experiment_logger]: 
============================================================
EXPERIMENT METRICS
  File: experiment_GROUND_TRUTH_20260525_121016.csv
  Total samples: 175
  Task completion time: 9.59 s
  Mode: GROUND TRUTH (no prediction metrics)
  --- Trajectory Smoothness (Robot EE) ---
  Mean Jerk (3D): 18.0275 m/s³
      Jerk X: 5.6443 m/s³
      Jerk Y: 13.1444 m/s³
      Jerk Z: 8.8861 m/s³
  Max Jerk (3D): 69.8556 m/s³
  RMS Jerk (3D): 23.0564 m/s³
============================================================
