[INFO] [1781249149.614361823] [cartesian_streamer]: CartesianStreamer khởi động (chờ Enable Robot từ UI).
  Stream rate:       15 Hz (period=66.7ms)
  Queue dt:          0.067 s
  Prebuffer points:  3
  Retry backoff:     66.0 ms
  Gửi PoseStamped lên: /cartesian_streamer/target_pose
  Gửi XYZ lên:        /cartesian_streamer/target_xyz
  Nhận EE pose tại:   /cartesian_streamer/current_pose
[INFO] [1781249149.618440878] [cartesian_streamer]: Nhận joint_states: ['1.383', '1.059', '1.037', '0.000', '-1.550', '-1.256']
[WARN] [1781249151.098154448] [cartesian_streamer]: Không thể cross-validate FK (local hoặc MoveIt! FK thất bại). Local IK vẫn hoạt động nhưng CHƯA ĐƯỢC VALIDATE.
[INFO] [1781249151.099231210] [cartesian_streamer]: Đã nhận joint_states. EE hiện tại: (0.0478, 1.1208, 0.4770). IK mode: Local DLS. Chờ Enable Robot từ UI...
[INFO] [1781249182.343149438] [cartesian_streamer]: Disable Robot: dừng stream, tắt traj mode...
[INFO] [1781249182.343743590] [cartesian_streamer]: ✗ Robot DISABLED.
[INFO] [1781249200.046008198] [cartesian_streamer]: Enable Robot: bắt đầu chuỗi khởi động...
[INFO] [1781249200.046252003] [cartesian_streamer]: Enable: reset_error...
[INFO] [1781249200.166094197] [cartesian_streamer]: reset_error: code=1, msg="success"
[INFO] [1781249200.166602773] [cartesian_streamer]: Enable: stop_traj_mode (giải phóng mode cũ)...
[INFO] [1781249200.314676775] [cartesian_streamer]: stop_traj_mode: success=True, code=N/A, msg=""
[INFO] [1781249200.315136617] [cartesian_streamer]: Enable: chờ 1.5s để hệ thống ổn định trước khi start queue...
[INFO] [1781249201.816082270] [cartesian_streamer]: Enable: StartPointQueueMode...
[INFO] [1781249202.466162535] [cartesian_streamer]: StartPointQueueMode response: code=1, msg=""
[INFO] [1781249202.466780126] [cartesian_streamer]: ✓ Robot ENABLED — Point Queue Mode active. Servo ON!
[INFO] [1781249202.530368267] [cartesian_streamer]: Runtime rate: state=seeding, tick_hz=0.0, queue_send_hz=0.0, ack_hz=0.0, busy_hz=0.0, retry_count=0, reject_count=0, inter_ack_ms=0.0, max_joint_delta=0.000, cumul_time=0.00s, hold_count=0, ik_mode=Local, ik_avg_ms=0.00, ik_fails=0
[INFO] [1781249202.531034215] [cartesian_streamer]: Bootstrap EE pose via FK: (-0.1620, 0.2801, 0.3785)
[INFO] [1781249202.531343084] [cartesian_streamer]: Đang stream qua service: /queue_traj_point
[INFO] [1781249202.531906194] [cartesian_streamer]: Đã gửi seed point (current joints, t=0), chờ ACK...
[INFO] [1781249202.598346442] [cartesian_streamer]: Bootstrap EE pose via FK: (-0.1620, 0.2801, 0.3785)
[INFO] [1781249202.664428272] [cartesian_streamer]: Bootstrap EE pose via FK: (-0.1620, 0.2801, 0.3785)
[INFO] [1781249202.730382185] [cartesian_streamer]: Bootstrap EE pose via FK: (-0.1620, 0.2801, 0.3785)
[INFO] [1781249202.756962509] [cartesian_streamer]: Seed ACK nhận được, bắt đầu prebuffer.
[INFO] [1781249202.757311644] [cartesian_streamer]: Queue accepted sample#1: svc=/queue_traj_point, t_cumul=0.0000s, code=1, msg="", hold=False
[INFO] [1781249202.919473636] [cartesian_streamer]: Queue accepted sample#2: svc=/queue_traj_point, t_cumul=0.2000s, code=1, msg="", hold=True
[INFO] [1781249202.949016099] [cartesian_streamer]: Queue accepted sample#3: svc=/queue_traj_point, t_cumul=0.3333s, code=1, msg="", hold=True
[INFO] [1781249203.004176316] [cartesian_streamer]: Pre-buffer hoàn tất (3 points), bắt đầu stream ổn định. Đang chờ target...
[INFO] [1781249203.004765047] [cartesian_streamer]: Queue accepted sample#4: svc=/queue_traj_point, t_cumul=0.4000s, code=1, msg="", hold=True
[INFO] [1781249203.068100570] [cartesian_streamer]: Queue accepted sample#5: svc=/queue_traj_point, t_cumul=0.4662s, code=1, msg="", hold=True
[INFO] [1781249204.919672305] [cartesian_streamer]: QueueTrajPoint accepted #20: t=2.067s, hold=True
[INFO] [1781249207.597021724] [cartesian_streamer]: Runtime rate: state=streaming, tick_hz=15.0, queue_send_hz=7.7, ack_hz=7.7, busy_hz=0.0, retry_count=0, reject_count=0, inter_ack_ms=127.0, max_joint_delta=0.000, cumul_time=4.40s, hold_count=38, ik_mode=Local, ik_avg_ms=0.00, ik_fails=0
[INFO] [1781249207.608410200] [cartesian_streamer]: QueueTrajPoint accepted #40: t=4.535s, hold=True
[INFO] [1781249209.783749431] [cartesian_streamer]: QueueTrajPoint accepted #60: t=6.400s, hold=True
[WARN] [1781249209.806728359] [cartesian_streamer]: Queue BUSY, sẽ resend (backoff 66ms): msg="Busy processing the previous trajectory point. Please resend the next point shortly"
[INFO] [1781249212.597705977] [cartesian_streamer]: Runtime rate: state=streaming, tick_hz=15.0, queue_send_hz=8.4, ack_hz=8.0, busy_hz=0.2, retry_count=1, reject_count=0, inter_ack_ms=122.7, max_joint_delta=0.000, cumul_time=8.80s, hold_count=79, ik_mode=Local, ik_avg_ms=0.00, ik_fails=0
[INFO] [1781249212.648288710] [cartesian_streamer]: QueueTrajPoint accepted #80: t=8.800s, hold=True
[INFO] [1781249214.658895277] [cartesian_streamer]: QueueTrajPoint accepted #100: t=10.800s, hold=True
[INFO] [1781249217.218764928] [cartesian_streamer]: QueueTrajPoint accepted #120: t=13.133s, hold=True
[INFO] [1781249217.597658318] [cartesian_streamer]: Runtime rate: state=streaming, tick_hz=15.0, queue_send_hz=8.6, ack_hz=8.6, busy_hz=0.0, retry_count=0, reject_count=0, inter_ack_ms=116.8, max_joint_delta=0.000, cumul_time=13.47s, hold_count=122, ik_mode=Local, ik_avg_ms=0.00, ik_fails=0
[INFO] [1781249219.792200407] [cartesian_streamer]: QueueTrajPoint accepted #140: t=15.467s, hold=True
[INFO] [1781249219.797571199] [cartesian_streamer]: IK OK → Δmax=0.0078 rad, joints: [1.569, 0.129, -1.042, 0.000, -0.401, -1.442]
[WARN] [1781249219.863740706] [cartesian_streamer]: QueueTrajPoint đã được accept nhưng joint_states hầu như không đổi. Kiểm tra: 1) Robot ở mode AUTO? 2) Servo ON? 3) E-stop cleared?
[WARN] [1781249220.269251053] [cartesian_streamer]: Queue BUSY, sẽ resend (backoff 66ms): msg="Busy processing the previous trajectory point. Please resend the next point shortly"
[INFO] [1781249221.865127127] [cartesian_streamer]: IK OK → Δmax=0.0509 rad, joints: [1.555, 0.087, -0.967, 0.000, -0.517, -1.428]
[INFO] [1781249222.053806743] [cartesian_streamer]: QueueTrajPoint accepted #160: t=17.471s, hold=False
[INFO] [1781249222.665427369] [cartesian_streamer]: Runtime rate: state=streaming, tick_hz=15.0, queue_send_hz=8.9, ack_hz=8.9, busy_hz=0.2, retry_count=1, reject_count=0, inter_ack_ms=113.4, max_joint_delta=0.073, cumul_time=18.14s, hold_count=0, ik_mode=Local, ik_avg_ms=1.01, ik_fails=0
[INFO] [1781249223.865323784] [cartesian_streamer]: IK OK → Δmax=0.0139 rad, joints: [1.475, 0.168, -0.650, 0.000, -0.754, -1.348]
[INFO] [1781249223.886900025] [cartesian_streamer]: QueueTrajPoint accepted #180: t=19.405s, hold=False
[INFO] [1781249225.850587110] [cartesian_streamer]: QueueTrajPoint accepted #200: t=21.269s, hold=False
[INFO] [1781249225.865588224] [cartesian_streamer]: IK OK → Δmax=0.0366 rad, joints: [1.393, 0.405, -0.170, 0.000, -0.996, -1.266]
[INFO] [1781249227.480150032] [cartesian_streamer]: QueueTrajPoint accepted #220: t=23.003s, hold=False
[INFO] [1781249227.730772540] [cartesian_streamer]: Runtime rate: state=streaming, tick_hz=15.0, queue_send_hz=10.9, ack_hz=10.9, busy_hz=0.0, retry_count=0, reject_count=0, inter_ack_ms=92.0, max_joint_delta=0.063, cumul_time=23.20s, hold_count=0, ik_mode=Local, ik_avg_ms=1.32, ik_fails=0
[INFO] [1781249227.932601572] [cartesian_streamer]: IK OK → Δmax=0.0101 rad, joints: [1.360, 0.651, 0.328, 0.000, -1.248, -1.233]
[INFO] [1781249229.556002109] [cartesian_streamer]: QueueTrajPoint accepted #240: t=24.803s, hold=False
[INFO] [1781249229.998290923] [cartesian_streamer]: IK OK → Δmax=0.0267 rad, joints: [1.362, 0.832, 0.628, 0.000, -1.367, -1.235]
[INFO] [1781249231.338189329] [cartesian_streamer]: QueueTrajPoint accepted #260: t=26.735s, hold=False
[INFO] [1781249232.064429841] [cartesian_streamer]: IK OK → Δmax=0.0000 rad, joints: [1.361, 0.869, 0.673, 0.000, -1.376, -1.234]
[INFO] [1781249232.730846441] [cartesian_streamer]: Runtime rate: state=streaming, tick_hz=15.0, queue_send_hz=9.8, ack_hz=9.6, busy_hz=0.0, retry_count=0, reject_count=0, inter_ack_ms=102.7, max_joint_delta=0.042, cumul_time=27.94s, hold_count=0, ik_mode=Local, ik_avg_ms=1.23, ik_fails=0
[INFO] [1781249233.667619191] [cartesian_streamer]: QueueTrajPoint accepted #280: t=28.935s, hold=False
[INFO] [1781249234.130707682] [cartesian_streamer]: IK OK → Δmax=0.0000 rad, joints: [1.361, 0.882, 0.681, 0.000, -1.371, -1.233]
[INFO] [1781249235.985284396] [cartesian_streamer]: QueueTrajPoint accepted #300: t=31.135s, hold=False
[INFO] [1781249236.130962159] [cartesian_streamer]: IK OK → Δmax=0.0000 rad, joints: [1.361, 0.882, 0.681, 0.000, -1.371, -1.233]
[INFO] [1781249237.796518622] [cartesian_streamer]: Runtime rate: state=streaming, tick_hz=15.0, queue_send_hz=8.9, ack_hz=9.1, busy_hz=0.0, retry_count=0, reject_count=0, inter_ack_ms=112.6, max_joint_delta=0.010, cumul_time=32.80s, hold_count=0, ik_mode=Local, ik_avg_ms=1.00, ik_fails=0
[INFO] [1781249238.131205421] [cartesian_streamer]: IK OK → Δmax=0.0075 rad, joints: [1.357, 0.872, 0.658, 0.000, -1.358, -1.229]
[INFO] [1781249238.419511605] [cartesian_streamer]: QueueTrajPoint accepted #320: t=33.270s, hold=False
[INFO] [1781249240.118881166] [cartesian_streamer]: QueueTrajPoint accepted #340: t=35.003s, hold=False
[INFO] [1781249240.197236735] [cartesian_streamer]: IK OK → Δmax=0.0000 rad, joints: [1.357, 0.872, 0.658, 0.000, -1.358, -1.229]
[WARN] [1781249240.740671298] [cartesian_streamer]: Queue BUSY, sẽ resend (backoff 66ms): msg="Busy processing the previous trajectory point. Please resend the next point shortly"
[INFO] [1781249242.197618958] [cartesian_streamer]: IK OK → Δmax=0.0000 rad, joints: [1.355, 0.889, 0.681, 0.000, -1.363, -1.228]
[INFO] [1781249242.796643568] [cartesian_streamer]: Runtime rate: state=streaming, tick_hz=15.0, queue_send_hz=9.0, ack_hz=8.6, busy_hz=0.2, retry_count=1, reject_count=0, inter_ack_ms=110.4, max_joint_delta=0.023, cumul_time=37.20s, hold_count=0, ik_mode=Local, ik_avg_ms=0.87, ik_fails=0
[INFO] [1781249242.881768944] [cartesian_streamer]: QueueTrajPoint accepted #360: t=37.204s, hold=False
[INFO] [1781249244.264069470] [cartesian_streamer]: IK OK → Δmax=0.0000 rad, joints: [1.355, 0.889, 0.681, 0.000, -1.363, -1.228]
[WARN] [1781249245.212011251] [cartesian_streamer]: Queue BUSY, sẽ resend (backoff 66ms): msg="Busy processing the previous trajectory point. Please resend the next point shortly"
[INFO] [1781249245.858892727] [cartesian_streamer]: QueueTrajPoint accepted #380: t=39.672s, hold=False
[INFO] [1781249246.264328535] [cartesian_streamer]: IK OK → Δmax=0.0000 rad, joints: [1.355, 0.889, 0.681, 0.000, -1.363, -1.228]
[WARN] [1781249247.463565436] [cartesian_streamer]: QueueTrajPoint đã được accept nhưng joint_states hầu như không đổi. Kiểm tra: 1) Robot ở mode AUTO? 2) Servo ON? 3) E-stop cleared?
[INFO] [1781249247.796774286] [cartesian_streamer]: Runtime rate: state=streaming, tick_hz=15.0, queue_send_hz=7.2, ack_hz=6.8, busy_hz=0.4, retry_count=2, reject_count=0, inter_ack_ms=147.4, max_joint_delta=0.000, cumul_time=41.20s, hold_count=0, ik_mode=Local, ik_avg_ms=0.77, ik_fails=0
[WARN] [1781249247.797109442] [cartesian_streamer]: Target stream stale: không có target mới trong 6.2s
[INFO] [1781249248.265991329] [cartesian_streamer]: IK OK → Δmax=0.0182 rad, joints: [1.356, 0.877, 0.663, 0.000, -1.357, -1.228]
[INFO] [1781249248.616892951] [cartesian_streamer]: QueueTrajPoint accepted #400: t=41.937s, hold=False
[INFO] [1781249250.330734963] [cartesian_streamer]: IK OK → Δmax=0.0000 rad, joints: [1.356, 0.870, 0.653, 0.000, -1.354, -1.229]
[INFO] [1781249250.917849914] [cartesian_streamer]: QueueTrajPoint accepted #420: t=44.270s, hold=False
[INFO] [1781249252.397685125] [cartesian_streamer]: IK OK → Δmax=0.0000 rad, joints: [1.362, 0.859, 0.638, 0.000, -1.351, -1.235]
[INFO] [1781249252.863441501] [cartesian_streamer]: Runtime rate: state=streaming, tick_hz=15.0, queue_send_hz=8.5, ack_hz=8.7, busy_hz=0.0, retry_count=0, reject_count=0, inter_ack_ms=119.9, max_joint_delta=0.018, cumul_time=46.20s, hold_count=0, ik_mode=Local, ik_avg_ms=0.72, ik_fails=0
[WARN] [1781249252.864105714] [cartesian_streamer]: Target stream stale: không có target mới trong 2.3s
[INFO] [1781249253.319359940] [cartesian_streamer]: QueueTrajPoint accepted #440: t=46.604s, hold=False
[WARN] [1781249253.339306651] [cartesian_streamer]: Queue BUSY, sẽ resend (backoff 66ms): msg="Busy processing the previous trajectory point. Please resend the next point shortly"
[INFO] [1781249254.397701342] [cartesian_streamer]: IK OK → Δmax=0.0000 rad, joints: [1.362, 0.859, 0.638, 0.000, -1.351, -1.235]
[INFO] [1781249255.585910304] [cartesian_streamer]: QueueTrajPoint accepted #460: t=48.605s, hold=False
[INFO] [1781249256.464492326] [cartesian_streamer]: IK OK → Δmax=0.0000 rad, joints: [1.356, 0.870, 0.647, 0.000, -1.348, -1.229]
[INFO] [1781249257.658599706] [cartesian_streamer]: QueueTrajPoint accepted #480: t=50.602s, hold=False
[INFO] [1781249257.863355688] [cartesian_streamer]: Runtime rate: state=streaming, tick_hz=15.0, queue_send_hz=9.2, ack_hz=9.0, busy_hz=0.2, retry_count=1, reject_count=0, inter_ack_ms=110.8, max_joint_delta=0.012, cumul_time=50.87s, hold_count=0, ik_mode=Local, ik_avg_ms=0.68, ik_fails=0
[WARN] [1781249257.863684613] [cartesian_streamer]: Target stream stale: không có target mới trong 2.4s
[INFO] [1781249258.464568739] [cartesian_streamer]: IK OK → Δmax=0.0000 rad, joints: [1.356, 0.870, 0.647, 0.000, -1.348, -1.229]
[INFO] [1781249259.614916405] [cartesian_streamer]: Disable Robot: dừng stream, tắt traj mode...
[INFO] [1781249259.615723837] [cartesian_streamer]: ✗ Robot DISABLED.
[WARN] [1781249259.883238082] [cartesian_streamer]: ⚠ Queue mode bị drop! Auto-recovery lần 1/3...
[INFO] [1781249260.384200137] [cartesian_streamer]: Auto-recovery: bắt đầu re-enable queue mode...
[INFO] [1781249260.384673236] [cartesian_streamer]: Enable: reset_error...
[INFO] [1781249260.500890092] [cartesian_streamer]: reset_error: code=1, msg="success"
[INFO] [1781249260.501167616] [cartesian_streamer]: Enable: stop_traj_mode (giải phóng mode cũ)...
[INFO] [1781249260.642897369] [cartesian_streamer]: stop_traj_mode: success=True, code=N/A, msg=""
[INFO] [1781249260.643424089] [cartesian_streamer]: Enable: chờ 1.5s để hệ thống ổn định trước khi start queue...
[INFO] [1781249262.144395889] [cartesian_streamer]: Enable: StartPointQueueMode...
[INFO] [1781249262.714024668] [cartesian_streamer]: StartPointQueueMode response: code=1, msg=""
[INFO] [1781249262.714622983] [cartesian_streamer]: ✓ Robot ENABLED — Point Queue Mode active. Servo ON!
[WARN] [1781249262.730275456] [cartesian_streamer]: QueueTrajPoint đã được accept nhưng joint_states hầu như không đổi. Kiểm tra: 1) Robot ở mode AUTO? 2) Servo ON? 3) E-stop cleared?
[INFO] [1781249262.731253655] [cartesian_streamer]: Bootstrap EE pose via FK: (0.0595, 1.0338, 0.4854)
[INFO] [1781249262.732039186] [cartesian_streamer]: Đã gửi seed point (current joints, t=0), chờ ACK...
[INFO] [1781249262.752406380] [cartesian_streamer]: Seed ACK nhận được, bắt đầu prebuffer.
[INFO] [1781249262.863626867] [cartesian_streamer]: Runtime rate: state=prebuffering, tick_hz=5.8, queue_send_hz=3.6, ack_hz=3.4, busy_hz=0.0, retry_count=0, reject_count=1, inter_ack_ms=294.2, max_joint_delta=0.000, cumul_time=0.06s, hold_count=1, ik_mode=Local, ik_avg_ms=0.67, ik_fails=0
[WARN] [1781249262.863955763] [cartesian_streamer]: Target stream stale: không có target mới trong 7.4s
[INFO] [1781249262.985580227] [cartesian_streamer]: QueueTrajPoint accepted #500: t=0.133s, hold=True
[INFO] [1781249263.013464409] [cartesian_streamer]: Pre-buffer hoàn tất (3 points), bắt đầu stream ổn định. Đang chờ target...
[INFO] [1781249265.204634339] [cartesian_streamer]: QueueTrajPoint accepted #520: t=2.265s, hold=True
[WARN] [1781249265.818403128] [cartesian_streamer]: ⚠ Queue mode bị drop! Auto-recovery lần 1/3...
[INFO] [1781249266.319334262] [cartesian_streamer]: Auto-recovery: bắt đầu re-enable queue mode...
[INFO] [1781249266.321156253] [cartesian_streamer]: Enable: reset_error...
[INFO] [1781249266.335903943] [cartesian_streamer]: reset_error: code=105, msg="Pendant is not in REMOTE mode"
[INFO] [1781249266.336159153] [cartesian_streamer]: Enable: stop_traj_mode (giải phóng mode cũ)...
[INFO] [1781249266.876803205] [cartesian_streamer]: stop_traj_mode: success=True, code=N/A, msg=""
[INFO] [1781249266.877289492] [cartesian_streamer]: Enable: chờ 1.5s để hệ thống ổn định trước khi start queue...
[INFO] [1781249268.378206568] [cartesian_streamer]: Enable: StartPointQueueMode...
[INFO] [1781249268.409661075] [cartesian_streamer]: StartPointQueueMode response: code=104, msg="The teach pendant must not be in TEACH mode"
[ERROR] [1781249268.410240927] [cartesian_streamer]: StartPointQueueMode FAILED: The teach pendant must not be in TEACH mode
[INFO] [1781249676.626206415] [cartesian_streamer]: Graceful shutdown: tắt Point Queue Mode trước khi thoát...
[INFO] [1781249676.626785436] [cartesian_streamer]: Robot chưa enable, không cần stop_traj_mode.
[INFO] [1781249676.627314924] [cartesian_streamer]: Shutdown hoàn tất. Tủ điện sẽ KHÔNG bị alarm.
