[INFO] [1781252921.480137425] [coord_transform]: CoordTransformNode khởi động.
  Object offset (cam frame): [0.05 0.   0.1 ]
  Translation cam→base:      [0.5 0.  1.2]
  EE orientation (xyzw):     [0.0, 1.0, 0.0, 0.0]
  Prediction step:           5
  Axis remap:                [0, 1, 2]
  Axis sign:                 [-1.0, 1.0, 1.0]
  Workspace X: (-1.0, 1.0), Y: (-0.5, 1.3), Z: (0.05, 1.5)
  Filter outlier_threshold:  0.15m
  Filter median_size_y:      3
  Filter deadband_tol:       15.0mm
  Filter stationary_thresh:  3 frames
  Filter max_rate:           5.0cm/frame
  Filter EMA moving(x,y,z):  (1.0,1.0,1.0)
  Filter EMA hold  (x,y,z):  (0.08,0.02,0.05)
[WARN] [1781252940.615571987] [coord_transform]: Outlier rejected #1 (jumped 224.9mm). Ignoring.
[WARN] [1781252940.645752450] [coord_transform]: Outlier rejected #2 (jumped 256.4mm). Ignoring.
[WARN] [1781252940.677764792] [coord_transform]: Outlier rejected #3 (jumped 287.0mm). Ignoring.
[WARN] [1781252940.711108191] [coord_transform]: Outlier rejected #4 (jumped 310.8mm). Ignoring.
[INFO] [1781252940.743684930] [coord_transform]: Too many outliers (5). Resetting filter to new position.
[WARN] [1781252941.755083362] [coord_transform]: Outlier rejected #1 (jumped 151.4mm). Ignoring.
[WARN] [1781252941.777861414] [coord_transform]: Outlier rejected #2 (jumped 310.0mm). Ignoring.
[WARN] [1781252941.813667988] [coord_transform]: Outlier rejected #3 (jumped 305.8mm). Ignoring.
[WARN] [1781252941.844969705] [coord_transform]: Outlier rejected #4 (jumped 272.8mm). Ignoring.
[INFO] [1781252941.883081455] [coord_transform]: Too many outliers (5). Resetting filter to new position.
[WARN] [1781252948.151563001] [coord_transform]: Outlier rejected #1 (jumped 162.0mm). Ignoring.
[WARN] [1781252948.196408409] [coord_transform]: Outlier rejected #2 (jumped 179.9mm). Ignoring.
[WARN] [1781252948.220027186] [coord_transform]: Outlier rejected #3 (jumped 210.2mm). Ignoring.
[WARN] [1781252959.236188735] [coord_transform]: Outlier rejected #1 (jumped 2139.5mm). Ignoring.
[WARN] [1781252959.268250206] [coord_transform]: Outlier rejected #2 (jumped 2153.5mm). Ignoring.
[WARN] [1781252959.299539143] [coord_transform]: Outlier rejected #3 (jumped 2124.5mm). Ignoring.
[WARN] [1781252959.334744468] [coord_transform]: Outlier rejected #4 (jumped 2085.4mm). Ignoring.
[INFO] [1781252959.366207068] [coord_transform]: Too many outliers (5). Resetting filter to new position.
[WARN] [1781252964.536636601] [coord_transform]: Outlier rejected #1 (jumped 234.3mm). Ignoring.
[WARN] [1781252964.566786804] [coord_transform]: Outlier rejected #2 (jumped 664.1mm). Ignoring.
[WARN] [1781252964.608117290] [coord_transform]: Outlier rejected #3 (jumped 346.2mm). Ignoring.
[WARN] [1781252964.642213334] [coord_transform]: Outlier rejected #4 (jumped 211.7mm). Ignoring.
[INFO] [1781252964.674449936] [coord_transform]: Too many outliers (5). Resetting filter to new position.
[INFO] [1781252969.458789494] [coord_transform]: Captured Init Pose! P_init=(-0.162, 0.280, 0.379), Cam_init=(0.226, -0.199, 0.067), Noise_Tol=60.0mm
Orientation=(0.998, 0.064, -0.000, 0.000)
[INFO] [1781252969.491803969] [coord_transform]: Deadband: RELEASE — motion detected
[INFO] [1781252969.623098693] [coord_transform]: Deadband: HOLD at (0.226, -0.199, 0.067)
[INFO] [1781252986.647420808] [coord_transform]: Deadband: RELEASE — motion detected
[INFO] [1781252986.684797774] [coord_transform]: Deadband: HOLD at (0.226, -0.199, 0.067)
[INFO] [1781252988.654993703] [coord_transform]: Deadband: RELEASE — motion detected
[INFO] [1781252988.684777074] [coord_transform]: Deadband: HOLD at (0.226, -0.199, 0.067)
[INFO] [1781252990.717221750] [coord_transform]: Deadband: RELEASE — motion detected
[INFO] [1781252990.750141622] [coord_transform]: Deadband: HOLD at (0.226, -0.199, 0.067)
[INFO] [1781252992.953458288] [coord_transform]: Deadband: RELEASE — motion detected
[INFO] [1781252992.986189671] [coord_transform]: Deadband: HOLD at (0.226, -0.199, 0.067)
[INFO] [1781252996.679036415] [coord_transform]: Trạng thái tracking: STOPPED
[INFO] [1781252998.555540368] [coord_transform]: Deadband: RELEASE — motion detected
[INFO] [1781252998.595049684] [coord_transform]: Deadband: HOLD at (0.226, -0.199, 0.067)
[INFO] [1781253000.793457910] [coord_transform]: Deadband: RELEASE — motion detected
[INFO] [1781253000.824076566] [coord_transform]: Deadband: HOLD at (0.226, -0.199, 0.067)
[INFO] [1781253005.030323895] [coord_transform]: Deadband: HOLD at (0.226, -0.199, 0.067)
[INFO] [1781253005.063782788] [coord_transform]: Deadband: RELEASE — motion detected
[INFO] [1781253007.067943072] [coord_transform]: Deadband: HOLD at (0.226, -0.199, 0.067)
[INFO] [1781253007.094904137] [coord_transform]: Deadband: RELEASE — motion detected
[INFO] [1781253009.070005606] [coord_transform]: Deadband: HOLD at (0.226, -0.199, 0.067)
[INFO] [1781253009.167935854] [coord_transform]: Deadband: RELEASE — motion detected
[INFO] [1781253011.532128567] [coord_transform]: Deadband: RELEASE — motion detected
[INFO] [1781253011.567490656] [coord_transform]: Deadband: HOLD at (0.226, -0.199, 0.067)
[INFO] [1781253014.032922011] [coord_transform]: Deadband: RELEASE — motion detected
[INFO] [1781253014.066779193] [coord_transform]: Deadband: HOLD at (0.226, -0.199, 0.067)
[INFO] [1781253016.638996989] [coord_transform]: Deadband: RELEASE — motion detected
[INFO] [1781253016.668727585] [coord_transform]: Deadband: HOLD at (0.226, -0.199, 0.067)
[INFO] [1781253018.655574450] [coord_transform]: Re-sync camera init: [ 0.235 -0.194  0.064]
[INFO] [1781253018.656226910] [coord_transform]: Trạng thái tracking: RUNNING
[INFO] [1781253018.680750156] [coord_transform]: Deadband: RELEASE — motion detected
[INFO] [1781253018.682312611] [coord_transform]: [GROUND_TRUTH] Transform: cam[ 0.232 -0.168  0.065] → base[-0.159  0.306  0.379]
[INFO] [1781253018.802677636] [coord_transform]: Deadband: HOLD at (0.235, -0.194, 0.064)
[INFO] [1781253020.708066529] [coord_transform]: [GROUND_TRUTH] Transform: cam[ 0.185 -0.072  0.128] → base[-0.112  0.402  0.443]
[INFO] [1781253022.741461998] [coord_transform]: [GROUND_TRUTH] Transform: cam[0.118 0.128 0.217] → base[-0.045  0.603  0.531]
[INFO] [1781253024.747947311] [coord_transform]: [GROUND_TRUTH] Transform: cam[0.056 0.386 0.25 ] → base[0.017 0.86  0.564]
[INFO] [1781253026.781862630] [coord_transform]: [GROUND_TRUTH] Transform: cam[0.054 0.472 0.208] → base[0.018 0.946 0.523]
[INFO] [1781253028.782473723] [coord_transform]: [GROUND_TRUTH] Transform: cam[0.074 0.553 0.207] → base[-1.000e-03  1.027e+00  5.220e-01]
[INFO] [1781253030.790207676] [coord_transform]: [GROUND_TRUTH] Transform: cam[0.035 0.583 0.183] → base[0.037 1.057 0.498]
[INFO] [1781253032.818428668] [coord_transform]: [GROUND_TRUTH] Transform: cam[0.008 0.57  0.182] → base[0.064 1.044 0.497]
[INFO] [1781253034.834840219] [coord_transform]: [GROUND_TRUTH] Transform: cam[0.008 0.574 0.183] → base[0.065 1.048 0.497]
[INFO] [1781253036.851727256] [coord_transform]: [GROUND_TRUTH] Transform: cam[0.01  0.578 0.181] → base[0.063 1.052 0.495]
[INFO] [1781253038.856313541] [coord_transform]: [GROUND_TRUTH] Transform: cam[0.011 0.579 0.181] → base[0.062 1.053 0.495]
[INFO] [1781253040.887929893] [coord_transform]: [GROUND_TRUTH] Transform: cam[0.011 0.582 0.18 ] → base[0.062 1.056 0.495]
[INFO] [1781253042.919824708] [coord_transform]: [GROUND_TRUTH] Transform: cam[0.009 0.587 0.178] → base[0.063 1.061 0.493]
[INFO] [1781253044.923253121] [coord_transform]: [GROUND_TRUTH] Transform: cam[0.008 0.585 0.18 ] → base[0.065 1.059 0.494]
[INFO] [1781253046.927036615] [coord_transform]: [GROUND_TRUTH] Transform: cam[0.008 0.586 0.18 ] → base[0.065 1.06  0.495]
[INFO] [1781253048.959456656] [coord_transform]: [GROUND_TRUTH] Transform: cam[0.008 0.586 0.18 ] → base[0.065 1.06  0.495]
[INFO] [1781253050.961110611] [coord_transform]: [GROUND_TRUTH] Transform: cam[0.008 0.587 0.18 ] → base[0.065 1.061 0.494]
[INFO] [1781253052.962313000] [coord_transform]: [GROUND_TRUTH] Transform: cam[0.006 0.583 0.18 ] → base[0.066 1.057 0.494]
[INFO] [1781253054.962747237] [coord_transform]: [GROUND_TRUTH] Transform: cam[0.005 0.587 0.18 ] → base[0.067 1.061 0.495]
[INFO] [1781253056.986122617] [coord_transform]: [GROUND_TRUTH] Transform: cam[0.007 0.585 0.178] → base[0.066 1.059 0.492]
[INFO] [1781253059.004609358] [coord_transform]: [GROUND_TRUTH] Transform: cam[0.008 0.585 0.178] → base[0.065 1.059 0.492]
[INFO] [1781253061.009857372] [coord_transform]: [GROUND_TRUTH] Transform: cam[0.005 0.585 0.178] → base[0.067 1.059 0.492]
[INFO] [1781253063.035258175] [coord_transform]: [GROUND_TRUTH] Transform: cam[-0.021  0.61   0.23 ] → base[0.094 1.084 0.544]
[INFO] [1781253065.037610146] [coord_transform]: [GROUND_TRUTH] Transform: cam[-0.026  0.561  0.219] → base[0.099 1.035 0.533]
[INFO] [1781253067.061292038] [coord_transform]: [GROUND_TRUTH] Transform: cam[-0.02   0.564  0.214] → base[0.092 1.038 0.529]
[INFO] [1781253069.076116585] [coord_transform]: [GROUND_TRUTH] Transform: cam[-0.021  0.558  0.194] → base[0.094 1.032 0.508]
[INFO] [1781253071.106250295] [coord_transform]: [GROUND_TRUTH] Transform: cam[-0.029  0.576  0.213] → base[0.102 1.05  0.528]
[INFO] [1781253073.137330754] [coord_transform]: [GROUND_TRUTH] Transform: cam[-0.066  0.597  0.291] → base[0.139 1.071 0.605]
[INFO] [1781253075.144801950] [coord_transform]: [GROUND_TRUTH] Transform: cam[-0.002  0.561  0.203] → base[0.075 1.035 0.517]
[INFO] [1781253077.155850766] [coord_transform]: [GROUND_TRUTH] Transform: cam[-0.01   0.56   0.202] → base[0.083 1.034 0.516]
[INFO] [1781253079.171541132] [coord_transform]: [GROUND_TRUTH] Transform: cam[-0.01   0.56   0.202] → base[0.082 1.034 0.516]
[INFO] [1781253080.888320377] [coord_transform]: Trạng thái tracking: STOPPED
[WARN] [1781253083.450596148] [coord_transform]: Outlier rejected #1 (jumped 228.4mm). Ignoring.
[WARN] [1781253083.480832091] [coord_transform]: Outlier rejected #2 (jumped 237.9mm). Ignoring.
[WARN] [1781253083.516584370] [coord_transform]: Outlier rejected #3 (jumped 235.6mm). Ignoring.
[WARN] [1781253083.552095053] [coord_transform]: Outlier rejected #4 (jumped 222.1mm). Ignoring.
[INFO] [1781253083.581851937] [coord_transform]: Too many outliers (5). Resetting filter to new position.
[WARN] [1781253084.367886267] [coord_transform]: Outlier rejected #1 (jumped 755.6mm). Ignoring.
[WARN] [1781253084.397486108] [coord_transform]: Outlier rejected #2 (jumped 767.7mm). Ignoring.
[WARN] [1781253084.429327795] [coord_transform]: Outlier rejected #3 (jumped 785.3mm). Ignoring.
[WARN] [1781253084.458257336] [coord_transform]: Outlier rejected #4 (jumped 812.0mm). Ignoring.
[INFO] [1781253084.490902054] [coord_transform]: Too many outliers (5). Resetting filter to new position.
[WARN] [1781253168.705007715] [coord_transform]: Outlier rejected #1 (jumped 1106.7mm). Ignoring.
[WARN] [1781253168.742135918] [coord_transform]: Outlier rejected #2 (jumped 1100.8mm). Ignoring.
[WARN] [1781253168.778756980] [coord_transform]: Outlier rejected #3 (jumped 1093.6mm). Ignoring.
[WARN] [1781253168.816857772] [coord_transform]: Outlier rejected #4 (jumped 1077.2mm). Ignoring.
[INFO] [1781253168.842322874] [coord_transform]: Too many outliers (5). Resetting filter to new position.
[WARN] [1781253214.778353103] [coord_transform]: Outlier rejected #1 (jumped 195.2mm). Ignoring.
[WARN] [1781253214.806099018] [coord_transform]: Outlier rejected #2 (jumped 158.0mm). Ignoring.
[WARN] [1781253214.848496787] [coord_transform]: Outlier rejected #3 (jumped 186.7mm). Ignoring.
[WARN] [1781253215.112507119] [coord_transform]: Outlier rejected #1 (jumped 150.0mm). Ignoring.
[INFO] [1781253215.170890816] [coord_transform]: Deadband: HOLD at (0.235, -0.194, 0.064)
[INFO] [1781253215.199067289] [coord_transform]: Deadband: RELEASE — motion detected
[WARN] [1781253215.573959336] [coord_transform]: Outlier rejected #1 (jumped 290.0mm). Ignoring.
[WARN] [1781253216.178395127] [coord_transform]: Outlier rejected #1 (jumped 170.9mm). Ignoring.
[INFO] [1781253217.209935450] [coord_transform]: Deadband: HOLD at (0.235, -0.194, 0.064)
[INFO] [1781253217.250513541] [coord_transform]: Deadband: RELEASE — motion detected
[INFO] [1781253219.229048814] [coord_transform]: Deadband: HOLD at (0.235, -0.194, 0.064)
[INFO] [1781253219.497667065] [coord_transform]: Deadband: RELEASE — motion detected
[WARN] [1781253224.501457779] [coord_transform]: Outlier rejected #1 (jumped 252.5mm). Ignoring.
[WARN] [1781253224.528757785] [coord_transform]: Outlier rejected #2 (jumped 260.9mm). Ignoring.
[WARN] [1781253224.557548359] [coord_transform]: Outlier rejected #3 (jumped 249.5mm). Ignoring.
[WARN] [1781253224.585219822] [coord_transform]: Outlier rejected #4 (jumped 254.1mm). Ignoring.
[INFO] [1781253224.616671674] [coord_transform]: Too many outliers (5). Resetting filter to new position.
[WARN] [1781253226.446223024] [coord_transform]: Outlier rejected #1 (jumped 186.7mm). Ignoring.
[WARN] [1781253226.483565206] [coord_transform]: Outlier rejected #2 (jumped 247.2mm). Ignoring.
[WARN] [1781253226.516919118] [coord_transform]: Outlier rejected #3 (jumped 258.3mm). Ignoring.
[WARN] [1781253226.548877064] [coord_transform]: Outlier rejected #4 (jumped 277.0mm). Ignoring.
[INFO] [1781253226.583507901] [coord_transform]: Too many outliers (5). Resetting filter to new position.
[INFO] [1781253226.982099166] [coord_transform]: Deadband: HOLD at (0.235, -0.194, 0.064)
[INFO] [1781253227.016883573] [coord_transform]: Deadband: RELEASE — motion detected
[INFO] [1781253229.951120312] [coord_transform]: Deadband: RELEASE — motion detected
[INFO] [1781253229.984524356] [coord_transform]: Deadband: HOLD at (0.235, -0.194, 0.064)
[INFO] [1781253231.985459848] [coord_transform]: Deadband: RELEASE — motion detected
[INFO] [1781253232.019947140] [coord_transform]: Deadband: HOLD at (0.235, -0.194, 0.064)
[INFO] [1781253234.316163260] [coord_transform]: Deadband: RELEASE — motion detected
[INFO] [1781253234.354096850] [coord_transform]: Deadband: HOLD at (0.235, -0.194, 0.064)
[INFO] [1781253238.750711709] [coord_transform]: Re-sync camera init: [ 0.231 -0.16   0.058]
[INFO] [1781253238.751243038] [coord_transform]: Trạng thái tracking: RUNNING
[INFO] [1781253238.758240373] [coord_transform]: Deadband: RELEASE — motion detected
[INFO] [1781253238.759510597] [coord_transform]: [GROUND_TRUTH] Transform: cam[ 0.232 -0.168  0.057] → base[-0.163  0.272  0.378]
[INFO] [1781253238.895614809] [coord_transform]: Deadband: HOLD at (0.231, -0.160, 0.058)
[INFO] [1781253240.791617239] [coord_transform]: [GROUND_TRUTH] Transform: cam[ 0.231 -0.16   0.058] → base[-0.162  0.28   0.379]
[INFO] [1781253240.826862217] [coord_transform]: Deadband: RELEASE — motion detected
[INFO] [1781253242.800684468] [coord_transform]: [GROUND_TRUTH] Transform: cam[0.224 0.145 0.144] → base[-0.155  0.585  0.465]
[INFO] [1781253244.805381320] [coord_transform]: [GROUND_TRUTH] Transform: cam[0.209 0.409 0.224] → base[-0.14   0.849  0.545]
[INFO] [1781253246.830211393] [coord_transform]: [GROUND_TRUTH] Transform: cam[0.155 0.519 0.216] → base[-0.086  0.959  0.537]
[INFO] [1781253248.840492055] [coord_transform]: [GROUND_TRUTH] Transform: cam[0.043 0.552 0.187] → base[0.026 0.992 0.508]
[INFO] [1781253250.866192224] [coord_transform]: [GROUND_TRUTH] Transform: cam[-0.021  0.566  0.188] → base[0.09  1.006 0.509]
[INFO] [1781253252.871349056] [coord_transform]: [GROUND_TRUTH] Transform: cam[-0.075  0.574  0.174] → base[0.144 1.014 0.495]
[INFO] [1781253254.878660120] [coord_transform]: [GROUND_TRUTH] Transform: cam[-0.102  0.556  0.22 ] → base[0.171 0.996 0.541]
[INFO] [1781253256.905621834] [coord_transform]: [GROUND_TRUTH] Transform: cam[-0.103  0.527  0.223] → base[0.172 0.967 0.544]
[WARN] [1781253258.671639847] [coord_transform]: Outlier rejected #1 (jumped 326.5mm). Ignoring.
[INFO] [1781253258.910196339] [coord_transform]: [GROUND_TRUTH] Transform: cam[-0.097  0.539  0.203] → base[0.166 0.979 0.524]
[INFO] [1781253261.475364007] [coord_transform]: Trạng thái tracking: STOPPED
[WARN] [1781253262.047793545] [coord_transform]: Outlier rejected #1 (jumped 255.0mm). Ignoring.
[WARN] [1781253262.082307702] [coord_transform]: Outlier rejected #2 (jumped 251.0mm). Ignoring.
[WARN] [1781253262.110619691] [coord_transform]: Outlier rejected #3 (jumped 259.0mm). Ignoring.
[WARN] [1781253262.144779994] [coord_transform]: Outlier rejected #4 (jumped 250.7mm). Ignoring.
[INFO] [1781253262.180988912] [coord_transform]: Too many outliers (5). Resetting filter to new position.
[WARN] [1781253272.255457211] [coord_transform]: Outlier rejected #1 (jumped 571.0mm). Ignoring.
[WARN] [1781253272.331672572] [coord_transform]: Outlier rejected #2 (jumped 526.8mm). Ignoring.
[WARN] [1781253272.366198223] [coord_transform]: Outlier rejected #3 (jumped 535.7mm). Ignoring.
[WARN] [1781253272.397840996] [coord_transform]: Outlier rejected #4 (jumped 545.6mm). Ignoring.
[INFO] [1781253319.235867944] [coord_transform]: Too many outliers (5). Resetting filter to new position.
[WARN] [1781253319.350552095] [coord_transform]: Outlier rejected #1 (jumped 197.4mm). Ignoring.
[WARN] [1781253319.432292497] [coord_transform]: Outlier rejected #2 (jumped 411.0mm). Ignoring.
[WARN] [1781253319.553156266] [coord_transform]: Outlier rejected #3 (jumped 428.2mm). Ignoring.
[WARN] [1781253320.214734339] [coord_transform]: Outlier rejected #1 (jumped 300.8mm). Ignoring.
[WARN] [1781253320.283037587] [coord_transform]: Outlier rejected #2 (jumped 1509.4mm). Ignoring.
[WARN] [1781253320.318545972] [coord_transform]: Outlier rejected #3 (jumped 1521.4mm). Ignoring.
[WARN] [1781253320.352091195] [coord_transform]: Outlier rejected #4 (jumped 1549.7mm). Ignoring.
[INFO] [1781253320.386109506] [coord_transform]: Too many outliers (5). Resetting filter to new position.
[WARN] [1781253320.456078272] [coord_transform]: Outlier rejected #1 (jumped 1344.0mm). Ignoring.
[WARN] [1781253320.481815436] [coord_transform]: Outlier rejected #2 (jumped 1327.0mm). Ignoring.
[WARN] [1781253320.557005510] [coord_transform]: Outlier rejected #3 (jumped 1370.9mm). Ignoring.
[WARN] [1781253320.591968290] [coord_transform]: Outlier rejected #4 (jumped 419.0mm). Ignoring.
[INFO] [1781253320.625454881] [coord_transform]: Too many outliers (5). Resetting filter to new position.
[WARN] [1781253321.313447362] [coord_transform]: Outlier rejected #1 (jumped 244.3mm). Ignoring.
[WARN] [1781253321.582167071] [coord_transform]: Outlier rejected #1 (jumped 162.3mm). Ignoring.
[WARN] [1781253326.117743887] [coord_transform]: Outlier rejected #2 (jumped 187.6mm). Ignoring.
[WARN] [1781253326.220063129] [coord_transform]: Outlier rejected #1 (jumped 358.7mm). Ignoring.
[WARN] [1781253326.265548287] [coord_transform]: Outlier rejected #2 (jumped 310.3mm). Ignoring.
[WARN] [1781253326.298568316] [coord_transform]: Outlier rejected #3 (jumped 269.3mm). Ignoring.
[WARN] [1781253326.325519297] [coord_transform]: Outlier rejected #4 (jumped 384.6mm). Ignoring.
[INFO] [1781253326.366987738] [coord_transform]: Too many outliers (5). Resetting filter to new position.
[WARN] [1781253326.488717190] [coord_transform]: Outlier rejected #1 (jumped 315.3mm). Ignoring.
[WARN] [1781253326.518285363] [coord_transform]: Outlier rejected #2 (jumped 183.2mm). Ignoring.
[WARN] [1781253326.557569066] [coord_transform]: Outlier rejected #3 (jumped 172.5mm). Ignoring.
[WARN] [1781253334.691594600] [coord_transform]: Outlier rejected #1 (jumped 249.7mm). Ignoring.
[WARN] [1781253334.723522436] [coord_transform]: Outlier rejected #2 (jumped 229.5mm). Ignoring.
[WARN] [1781253345.895842572] [coord_transform]: Outlier rejected #1 (jumped 408.8mm). Ignoring.
[WARN] [1781253345.937570263] [coord_transform]: Outlier rejected #2 (jumped 408.0mm). Ignoring.
[WARN] [1781253345.966104124] [coord_transform]: Outlier rejected #3 (jumped 405.7mm). Ignoring.
[WARN] [1781253346.007642140] [coord_transform]: Outlier rejected #4 (jumped 408.3mm). Ignoring.
[INFO] [1781253346.047828326] [coord_transform]: Too many outliers (5). Resetting filter to new position.
[WARN] [1781253347.974280657] [coord_transform]: Outlier rejected #1 (jumped 344.5mm). Ignoring.
[WARN] [1781253713.704976764] [coord_transform]: Outlier rejected #2 (jumped 466.5mm). Ignoring.
[WARN] [1781253713.739919080] [coord_transform]: Outlier rejected #3 (jumped 471.2mm). Ignoring.
[WARN] [1781253713.774301578] [coord_transform]: Outlier rejected #4 (jumped 467.0mm). Ignoring.
[INFO] [1781253713.810733071] [coord_transform]: Too many outliers (5). Resetting filter to new position.
[WARN] [1781253714.574373834] [coord_transform]: Outlier rejected #1 (jumped 182.0mm). Ignoring.
[WARN] [1781253714.618023886] [coord_transform]: Outlier rejected #2 (jumped 215.3mm). Ignoring.
[WARN] [1781253714.644518947] [coord_transform]: Outlier rejected #3 (jumped 255.0mm). Ignoring.
[WARN] [1781253714.686112360] [coord_transform]: Outlier rejected #4 (jumped 287.8mm). Ignoring.
[INFO] [1781253714.715898310] [coord_transform]: Too many outliers (5). Resetting filter to new position.
