[INFO] [1781232857.901726794] [coord_transform]: CoordTransformNode khởi động.
  Object offset (cam frame): [0.05 0.   0.1 ]
  Translation cam→base:      [0.5 0.  1.2]
  EE orientation (xyzw):     [0.0, 1.0, 0.0, 0.0]
  Prediction step:           5
  Axis remap:                [0, 1, 2]
  Axis sign:                 [-1.0, 1.0, 1.0]
  Workspace X: (-1.0, 1.0), Y: (-0.5, 1.3), Z: (0.05, 1.5)
  Filter outlier_threshold:  0.15m
  Filter median_size_y:      3
  Filter deadband_tol:       35.0mm
  Filter stationary_thresh:  3 frames
  Filter max_rate:           5.0cm/frame
  Filter EMA moving(x,y,z):  (0.75,0.5,0.75)
  Filter EMA hold  (x,y,z):  (0.08,0.02,0.05)
[WARN] [1781232872.906357140] [coord_transform]: Outlier rejected #1 (jumped 2234.7mm). Ignoring.
[WARN] [1781232872.934944756] [coord_transform]: Outlier rejected #2 (jumped 2258.9mm). Ignoring.
[WARN] [1781232872.962694609] [coord_transform]: Outlier rejected #3 (jumped 2265.9mm). Ignoring.
[WARN] [1781232872.996082074] [coord_transform]: Outlier rejected #4 (jumped 2234.7mm). Ignoring.
[INFO] [1781232873.028731328] [coord_transform]: Too many outliers (5). Resetting filter to new position.
[INFO] [1781232880.592924666] [coord_transform]: Captured Init Pose! P_init=(-0.162, 0.296, 0.384), Cam_init=(0.231, -0.154, 0.029), Noise_Tol=60.0mm
Orientation=(0.707, 0.707, 0.009, -0.009)
[INFO] [1781232880.607502544] [coord_transform]: Deadband: RELEASE — motion detected
[INFO] [1781232880.734103126] [coord_transform]: Deadband: HOLD at (0.231, -0.154, 0.029)
[INFO] [1781232890.041105753] [coord_transform]: Re-sync camera init: [ 0.24  -0.164  0.031]
[INFO] [1781232890.041317751] [coord_transform]: Trạng thái tracking: RUNNING
[INFO] [1781232890.077778008] [coord_transform]: Deadband: RELEASE — motion detected
[INFO] [1781232890.078834405] [coord_transform]: [GROUND_TRUTH] Transform: cam[ 0.236 -0.15   0.032] → base[-0.158  0.31   0.385]
[INFO] [1781232890.215827015] [coord_transform]: Deadband: HOLD at (0.240, -0.164, 0.031)
[INFO] [1781232892.681279696] [coord_transform]: Deadband: RELEASE — motion detected
[INFO] [1781232892.682168231] [coord_transform]: [GROUND_TRUTH] Transform: cam[ 0.239 -0.15   0.034] → base[-0.161  0.309  0.387]
[INFO] [1781232892.716171052] [coord_transform]: Deadband: HOLD at (0.240, -0.164, 0.031)
[INFO] [1781232894.684994271] [coord_transform]: Deadband: RELEASE — motion detected
[INFO] [1781232894.686337582] [coord_transform]: [GROUND_TRUTH] Transform: cam[ 0.222 -0.142  0.055] → base[-0.144  0.318  0.408]
[INFO] [1781232895.624228786] [coord_transform]: Deadband: HOLD at (0.240, -0.164, 0.031)
[INFO] [1781232896.686976345] [coord_transform]: [GROUND_TRUTH] Transform: cam[ 0.221 -0.103  0.042] → base[-0.143  0.357  0.395]
[INFO] [1781232897.692125978] [coord_transform]: Deadband: HOLD at (0.240, -0.164, 0.031)
[INFO] [1781232897.720358654] [coord_transform]: Deadband: RELEASE — motion detected
[INFO] [1781232898.687618511] [coord_transform]: [GROUND_TRUTH] Transform: cam[ 0.218 -0.087  0.039] → base[-0.14   0.373  0.392]
[INFO] [1781232900.690784921] [coord_transform]: [GROUND_TRUTH] Transform: cam[ 0.219 -0.094  0.038] → base[-0.141  0.366  0.39 ]
[INFO] [1781232902.721776270] [coord_transform]: [GROUND_TRUTH] Transform: cam[0.13  0.029 0.092] → base[-0.052  0.489  0.445]
[INFO] [1781232904.723670131] [coord_transform]: [GROUND_TRUTH] Transform: cam[0.033 0.115 0.125] → base[0.045 0.575 0.478]
[INFO] [1781232906.727758179] [coord_transform]: [GROUND_TRUTH] Transform: cam[-0.044  0.124  0.132] → base[0.122 0.584 0.485]
[INFO] [1781232908.759818726] [coord_transform]: [GROUND_TRUTH] Transform: cam[-0.114  0.174  0.163] → base[0.192 0.634 0.516]
[INFO] [1781232910.769455203] [coord_transform]: [GROUND_TRUTH] Transform: cam[-0.195  0.224  0.141] → base[0.273 0.684 0.494]
[INFO] [1781232912.794712834] [coord_transform]: [GROUND_TRUTH] Transform: cam[-0.283  0.264  0.11 ] → base[0.361 0.724 0.463]
[INFO] [1781232914.796223688] [coord_transform]: [GROUND_TRUTH] Transform: cam[-0.348  0.216  0.086] → base[0.426 0.676 0.439]
[INFO] [1781232916.868859497] [coord_transform]: [GROUND_TRUTH] Transform: cam[-0.338  0.225  0.076] → base[0.416 0.685 0.428]
[INFO] [1781232918.898215132] [coord_transform]: [GROUND_TRUTH] Transform: cam[-0.314  0.257  0.075] → base[0.392 0.717 0.428]
[INFO] [1781232920.143877071] [coord_transform]: Trạng thái tracking: STOPPED
[INFO] [1781232936.978459396] [coord_transform]: Deadband: HOLD at (0.240, -0.164, 0.031)
[INFO] [1781232937.011766611] [coord_transform]: Deadband: RELEASE — motion detected
[INFO] [1781232939.022310149] [coord_transform]: Deadband: HOLD at (0.240, -0.164, 0.031)
[INFO] [1781232939.060840288] [coord_transform]: Deadband: RELEASE — motion detected
[WARN] [1781232944.678899482] [coord_transform]: Outlier rejected #1 (jumped 155.0mm). Ignoring.
[WARN] [1781232944.714416568] [coord_transform]: Outlier rejected #2 (jumped 198.4mm). Ignoring.
[WARN] [1781232944.755808784] [coord_transform]: Outlier rejected #3 (jumped 213.3mm). Ignoring.
[WARN] [1781232944.788543460] [coord_transform]: Outlier rejected #4 (jumped 221.7mm). Ignoring.
[INFO] [1781232944.853463569] [coord_transform]: Too many outliers (5). Resetting filter to new position.
[WARN] [1781232944.919316546] [coord_transform]: Outlier rejected #1 (jumped 151.4mm). Ignoring.
[WARN] [1781232944.952392685] [coord_transform]: Outlier rejected #2 (jumped 190.1mm). Ignoring.
[WARN] [1781232944.984824749] [coord_transform]: Outlier rejected #3 (jumped 243.7mm). Ignoring.
[WARN] [1781232945.015613795] [coord_transform]: Outlier rejected #4 (jumped 190.9mm). Ignoring.
[INFO] [1781232945.061877619] [coord_transform]: Too many outliers (5). Resetting filter to new position.
