[INFO] [1785917595.197035740] [experiment_logger]: Logger ready.
[INFO] [1785917646.788401842] [experiment_logger]: Trajectory mode: ergonomics
[INFO] [1785917681.632718923] [experiment_logger]: Trajectory mode: ergonomics
[INFO] [1785917704.066388826] [experiment_logger]: Service called: /logger/toggle with data=True
[INFO] [1785917704.067047265] [experiment_logger]: ✓ STARTED in-memory logging. Target file: /home/duy/cocarry_ws/cocarry_logs/experiment_ERGONOMICS_20260805_151504.csv
[INFO] [1785917768.493475086] [experiment_logger]: Service called: /logger/toggle with data=False
[INFO] [1785917768.494130038] [experiment_logger]: Writing 1750 rows from memory to /home/duy/cocarry_ws/cocarry_logs/experiment_ERGONOMICS_20260805_151504.csv...
[INFO] [1785917768.506134341] [experiment_logger]: ✓ Successfully wrote logs to disk.
[INFO] [1785917768.508100021] [experiment_logger]: Stopped logging. Saved 1750 rows to /home/duy/cocarry_ws/cocarry_logs/experiment_ERGONOMICS_20260805_151504.csv
[INFO] [1785917768.529388269] [experiment_logger]: 
============================================================
EXPERIMENT METRICS
  File: experiment_ERGONOMICS_20260805_151504.csv
  Total samples: 1750
  Task completion time: 64.43 s
  --- Prediction Accuracy (over 1750 samples) ---
  Avg Inference Time: 2.80 ms
  Mean Squared Error (MSE): 0.004427 m²
  Mean Absolute Error (MAE - 3D): 0.0427 m
      MAE X: 0.0206 m
      MAE Y: 0.0305 m
      MAE Z: 0.0099 m
  --- Trajectory Smoothness (Robot EE) ---
  Mean Jerk (3D): 16.8658 m/s³
      Jerk X: 6.2328 m/s³
      Jerk Y: 12.4211 m/s³
      Jerk Z: 6.0269 m/s³
  Max Jerk (3D): 120.4265 m/s³
  RMS Jerk (3D): 28.9290 m/s³
============================================================
