[INFO] [1780547525.793934345] [cartesian_streamer]: CartesianStreamer khởi động (chờ Enable Robot từ UI).
  Stream rate:       15 Hz (period=66.7ms)
  Queue dt:          0.067 s
  Prebuffer points:  3
  Retry backoff:     66.0 ms
  Gửi PoseStamped lên: /cartesian_streamer/target_pose
  Gửi XYZ lên:        /cartesian_streamer/target_xyz
  Nhận EE pose tại:   /cartesian_streamer/current_pose
[INFO] [1780547525.796005832] [cartesian_streamer]: Nhận joint_states: ['1.571', '0.075', '-1.049', '-0.030', '-0.523', '-0.002']
[WARN] [1780547527.271241659] [cartesian_streamer]: Không thể cross-validate FK (local hoặc MoveIt! FK thất bại). Local IK vẫn hoạt động nhưng CHƯA ĐƯỢC VALIDATE.
[INFO] [1780547527.272392299] [cartesian_streamer]: Đã nhận joint_states. EE hiện tại: (-0.1638, 0.2630, 0.3947). IK mode: Local DLS. Chờ Enable Robot từ UI...
[INFO] [1780547621.299008912] [cartesian_streamer]: Enable Robot: bắt đầu chuỗi khởi động...
[INFO] [1780547621.299321246] [cartesian_streamer]: Enable: reset_error...
[INFO] [1780547621.314169091] [cartesian_streamer]: reset_error: code=1, msg="success"
[INFO] [1780547621.315390019] [cartesian_streamer]: Enable: stop_traj_mode (giải phóng mode cũ)...
[INFO] [1780547621.367634911] [cartesian_streamer]: stop_traj_mode: success=True, code=N/A, msg=""
[INFO] [1780547621.368542723] [cartesian_streamer]: Enable: chờ 1.5s để hệ thống ổn định trước khi start queue...
[INFO] [1780547622.870466894] [cartesian_streamer]: Enable: StartPointQueueMode...
[INFO] [1780547624.939186568] [cartesian_streamer]: StartPointQueueMode response: code=1, msg=""
[INFO] [1780547624.939862763] [cartesian_streamer]: ✓ Robot ENABLED — Point Queue Mode active. Servo ON!
[INFO] [1780547624.970831313] [cartesian_streamer]: Runtime rate: state=seeding, tick_hz=0.0, queue_send_hz=0.0, ack_hz=0.0, busy_hz=0.0, retry_count=0, reject_count=0, inter_ack_ms=0.0, max_joint_delta=0.000, cumul_time=0.00s, hold_count=0, ik_mode=Local, ik_avg_ms=0.00, ik_fails=0
[INFO] [1780547624.972023754] [cartesian_streamer]: Bootstrap EE pose via FK: (-0.1638, 0.2630, 0.3947)
[INFO] [1780547624.972678878] [cartesian_streamer]: Đang stream qua service: /queue_traj_point
[INFO] [1780547624.973614273] [cartesian_streamer]: Đã gửi seed point (current joints, t=0), chờ ACK...
[INFO] [1780547625.037586409] [cartesian_streamer]: Bootstrap EE pose via FK: (-0.1638, 0.2630, 0.3947)
[INFO] [1780547625.097718894] [cartesian_streamer]: Seed ACK nhận được, bắt đầu prebuffer.
[INFO] [1780547625.098570535] [cartesian_streamer]: Queue accepted sample#1: svc=/queue_traj_point, t_cumul=0.0000s, code=1, msg="", hold=False
[INFO] [1780547625.230152108] [cartesian_streamer]: Queue accepted sample#2: svc=/queue_traj_point, t_cumul=0.1298s, code=1, msg="", hold=True
[INFO] [1780547625.258438225] [cartesian_streamer]: Queue accepted sample#3: svc=/queue_traj_point, t_cumul=0.2631s, code=1, msg="", hold=True
[INFO] [1780547625.322466270] [cartesian_streamer]: Pre-buffer hoàn tất (3 points), bắt đầu stream ổn định. Đang chờ target...
[INFO] [1780547625.322823765] [cartesian_streamer]: Queue accepted sample#4: svc=/queue_traj_point, t_cumul=0.3295s, code=1, msg="", hold=True
[INFO] [1780547625.488900031] [cartesian_streamer]: Queue accepted sample#5: svc=/queue_traj_point, t_cumul=0.3962s, code=1, msg="", hold=True
[INFO] [1780547627.422341082] [cartesian_streamer]: QueueTrajPoint accepted #20: t=2.197s, hold=True
[INFO] [1780547629.931182086] [cartesian_streamer]: QueueTrajPoint accepted #40: t=4.662s, hold=True
[INFO] [1780547630.036776245] [cartesian_streamer]: Runtime rate: state=streaming, tick_hz=15.0, queue_send_hz=8.1, ack_hz=8.1, busy_hz=0.0, retry_count=0, reject_count=0, inter_ack_ms=122.2, max_joint_delta=0.000, cumul_time=4.73s, hold_count=40, ik_mode=Local, ik_avg_ms=0.00, ik_fails=0
[INFO] [1780547630.704464412] [cartesian_streamer]: IK OK → Δmax=0.0065 rad, joints: [1.575, 0.069, -1.056, -0.031, -0.522, -0.005]
[WARN] [1780547630.770937420] [cartesian_streamer]: QueueTrajPoint đã được accept nhưng joint_states hầu như không đổi. Kiểm tra: 1) Robot ở mode AUTO? 2) Servo ON? 3) E-stop cleared?
[INFO] [1780547631.173931984] [cartesian_streamer]: IK delta clamped → joints: [1.607, -0.007, -1.134, -0.037, -0.511, -0.032]
[WARN] [1780547631.200134461] [cartesian_streamer]: Queue BUSY, sẽ resend (backoff 66ms): msg="Busy processing the previous trajectory point. Please resend the next point shortly"
[INFO] [1780547631.851770043] [cartesian_streamer]: QueueTrajPoint accepted #60: t=6.333s, hold=False
[INFO] [1780547632.706112223] [cartesian_streamer]: IK OK → Δmax=0.0213 rad, joints: [1.611, -0.092, -1.234, -0.038, -0.505, -0.036]
[INFO] [1780547634.157726029] [cartesian_streamer]: QueueTrajPoint accepted #80: t=8.267s, hold=False
[INFO] [1780547634.773196435] [cartesian_streamer]: IK OK → Δmax=0.0204 rad, joints: [1.501, -0.252, -0.661, -0.010, -1.239, 0.045]
[INFO] [1780547635.103379046] [cartesian_streamer]: Runtime rate: state=streaming, tick_hz=15.0, queue_send_hz=10.3, ack_hz=9.9, busy_hz=0.2, retry_count=1, reject_count=0, inter_ack_ms=100.3, max_joint_delta=0.070, cumul_time=9.27s, hold_count=0, ik_mode=Local, ik_avg_ms=2.07, ik_fails=0
[INFO] [1780547635.965453965] [cartesian_streamer]: QueueTrajPoint accepted #100: t=10.067s, hold=False
[INFO] [1780547636.840081682] [cartesian_streamer]: IK OK → Δmax=0.0095 rad, joints: [1.472, -0.222, -0.561, -0.008, -1.309, 0.072]
[INFO] [1780547637.918821532] [cartesian_streamer]: QueueTrajPoint accepted #120: t=12.134s, hold=False
[INFO] [1780547638.905731711] [cartesian_streamer]: IK OK → Δmax=0.0695 rad, joints: [1.418, 0.064, -0.353, -0.004, -1.231, 0.125]
[INFO] [1780547639.871504667] [cartesian_streamer]: QueueTrajPoint accepted #140: t=14.000s, hold=False
[INFO] [1780547640.103459004] [cartesian_streamer]: Runtime rate: state=streaming, tick_hz=15.0, queue_send_hz=9.8, ack_hz=10.0, busy_hz=0.0, retry_count=0, reject_count=0, inter_ack_ms=100.9, max_joint_delta=0.069, cumul_time=14.07s, hold_count=0, ik_mode=Local, ik_avg_ms=2.04, ik_fails=0
[INFO] [1780547640.907301306] [cartesian_streamer]: IK OK → Δmax=0.0042 rad, joints: [1.476, 0.299, -0.026, -0.008, -1.323, 0.069]
[WARN] [1780547642.438946229] [cartesian_streamer]: Service call timeout (500ms). Resetting inflight flag.
[INFO] [1780547642.709578166] [cartesian_streamer]: IK delta clamped → joints: [1.591, 0.162, -0.225, -0.018, -1.259, -0.043]
[INFO] [1780547642.914511885] [cartesian_streamer]: IK OK → Δmax=0.0700 rad, joints: [1.594, 0.154, -0.225, -0.018, -1.256, -0.046]
[WARN] [1780547642.973665677] [cartesian_streamer]: Service call timeout (500ms). Resetting inflight flag.
[INFO] [1780547643.203764926] [cartesian_streamer]: QueueTrajPoint accepted #160: t=16.004s, hold=False
[INFO] [1780547644.718438459] [cartesian_streamer]: QueueTrajPoint accepted #180: t=18.069s, hold=False
[INFO] [1780547644.975441135] [cartesian_streamer]: IK OK → Δmax=0.0180 rad, joints: [1.583, 0.128, -0.378, -0.018, -1.140, -0.033]
[INFO] [1780547645.170313519] [cartesian_streamer]: Runtime rate: state=streaming, tick_hz=15.0, queue_send_hz=8.9, ack_hz=8.9, busy_hz=0.0, retry_count=0, reject_count=0, inter_ack_ms=112.8, max_joint_delta=0.076, cumul_time=18.47s, hold_count=0, ik_mode=Local, ik_avg_ms=2.10, ik_fails=0
[INFO] [1780547646.627908896] [cartesian_streamer]: QueueTrajPoint accepted #200: t=19.870s, hold=False
[INFO] [1780547646.907162603] [cartesian_streamer]: IK delta clamped → joints: [1.169, -0.041, -0.499, 0.018, -1.189, 0.373]
[INFO] [1780547647.039644653] [cartesian_streamer]: IK OK → Δmax=0.0148 rad, joints: [1.135, -0.069, -0.515, 0.020, -1.200, 0.399]
[INFO] [1780547648.712790975] [cartesian_streamer]: QueueTrajPoint accepted #220: t=21.799s, hold=False
[INFO] [1780547649.106272960] [cartesian_streamer]: IK OK → Δmax=0.0029 rad, joints: [0.986, -0.340, -0.728, 0.031, -1.255, 0.545]
[INFO] [1780547650.237320165] [cartesian_streamer]: Runtime rate: state=streaming, tick_hz=15.0, queue_send_hz=9.1, ack_hz=9.1, busy_hz=0.0, retry_count=0, reject_count=0, inter_ack_ms=111.2, max_joint_delta=0.075, cumul_time=23.20s, hold_count=0, ik_mode=Local, ik_avg_ms=2.08, ik_fails=0
[INFO] [1780547650.926984482] [cartesian_streamer]: QueueTrajPoint accepted #240: t=23.998s, hold=False
[INFO] [1780547651.106719764] [cartesian_streamer]: IK OK → Δmax=0.0194 rad, joints: [1.082, -0.333, -0.527, 0.022, -1.451, 0.457]
[INFO] [1780547652.722030646] [cartesian_streamer]: QueueTrajPoint accepted #260: t=25.795s, hold=False
[INFO] [1780547653.173833248] [cartesian_streamer]: IK OK → Δmax=0.0120 rad, joints: [1.111, -0.361, -0.450, 0.020, -1.556, 0.430]
[INFO] [1780547653.637839814] [cartesian_streamer]: IK delta clamped → joints: [0.981, -0.481, -0.498, 0.030, -1.625, 0.566]
[WARN] [1780547653.995385076] [cartesian_streamer]: Queue BUSY, sẽ resend (backoff 66ms): msg="Busy processing the previous trajectory point. Please resend the next point shortly"
[INFO] [1780547654.270104513] [cartesian_streamer]: Local IK không hội tụ (fail #1)
[WARN] [1780547655.061977901] [cartesian_streamer]: Local IK failed 10x liên tiếp! Fallback sang MoveIt! IK...
[INFO] [1780547655.209012284] [cartesian_streamer]: IK OK → Δmax=0.0900 rad, joints: [0.725, -0.692, -0.552, 0.059, -1.763, 0.897]
[INFO] [1780547655.238213251] [cartesian_streamer]: Runtime rate: state=streaming, tick_hz=15.0, queue_send_hz=9.8, ack_hz=9.4, busy_hz=0.2, retry_count=1, reject_count=0, inter_ack_ms=105.7, max_joint_delta=0.090, cumul_time=27.97s, hold_count=0, ik_mode=Local, ik_avg_ms=3.09, ik_fails=12
[INFO] [1780547655.337129797] [cartesian_streamer]: QueueTrajPoint accepted #280: t=27.969s, hold=False
[INFO] [1780547657.038173596] [cartesian_streamer]: IK delta clamped → joints: [0.532, -0.667, -0.622, 0.057, -1.673, 1.006]
[INFO] [1780547657.239151425] [cartesian_streamer]: IK OK → Δmax=0.0900 rad, joints: [0.634, -0.611, -0.692, 0.052, -1.583, 0.894]
[INFO] [1780547657.522033311] [cartesian_streamer]: QueueTrajPoint accepted #300: t=30.265s, hold=False
[INFO] [1780547659.241613944] [cartesian_streamer]: IK OK → Δmax=0.0379 rad, joints: [1.198, -0.096, -0.447, 0.014, -1.297, 0.340]
[INFO] [1780547659.262722688] [cartesian_streamer]: QueueTrajPoint accepted #320: t=32.002s, hold=False
[INFO] [1780547660.303252140] [cartesian_streamer]: Runtime rate: state=streaming, tick_hz=15.0, queue_send_hz=10.3, ack_hz=10.5, busy_hz=0.0, retry_count=0, reject_count=0, inter_ack_ms=95.4, max_joint_delta=0.090, cumul_time=33.00s, hold_count=0, ik_mode=Local, ik_avg_ms=4.20, ik_fails=32
[INFO] [1780547661.231031069] [cartesian_streamer]: QueueTrajPoint accepted #340: t=33.802s, hold=False
[INFO] [1780547661.305915522] [cartesian_streamer]: IK OK → Δmax=0.0051 rad, joints: [1.352, 0.111, -0.198, 0.002, -1.339, 0.189]
[INFO] [1780547663.307101615] [cartesian_streamer]: IK OK → Δmax=0.0234 rad, joints: [1.411, 0.310, 0.040, -0.003, -1.378, 0.132]
[INFO] [1780547663.318469233] [cartesian_streamer]: QueueTrajPoint accepted #360: t=35.934s, hold=False
[INFO] [1780547665.260010298] [cartesian_streamer]: QueueTrajPoint accepted #380: t=37.665s, hold=False
[INFO] [1780547665.370195152] [cartesian_streamer]: Runtime rate: state=streaming, tick_hz=15.0, queue_send_hz=9.7, ack_hz=9.7, busy_hz=0.0, retry_count=0, reject_count=0, inter_ack_ms=103.5, max_joint_delta=0.046, cumul_time=37.86s, hold_count=0, ik_mode=Local, ik_avg_ms=3.91, ik_fails=32
[INFO] [1780547665.373047743] [cartesian_streamer]: IK OK → Δmax=0.0074 rad, joints: [1.542, 0.146, -0.194, -0.013, -1.307, 0.004]
[INFO] [1780547667.137570968] [cartesian_streamer]: QueueTrajPoint accepted #400: t=39.601s, hold=False
[INFO] [1780547667.373928907] [cartesian_streamer]: IK OK → Δmax=0.0181 rad, joints: [1.660, -0.048, -0.464, -0.023, -1.229, -0.109]
[INFO] [1780547669.179702779] [cartesian_streamer]: QueueTrajPoint accepted #420: t=41.530s, hold=False
[INFO] [1780547669.439999426] [cartesian_streamer]: IK OK → Δmax=0.0414 rad, joints: [1.617, -0.216, -0.265, -0.019, -1.597, -0.074]
[INFO] [1780547670.369580369] [cartesian_streamer]: Runtime rate: state=streaming, tick_hz=15.0, queue_send_hz=11.2, ack_hz=11.2, busy_hz=0.0, retry_count=0, reject_count=0, inter_ack_ms=89.4, max_joint_delta=0.062, cumul_time=42.80s, hold_count=0, ik_mode=Local, ik_avg_ms=3.68, ik_fails=32
[INFO] [1780547670.595828625] [cartesian_streamer]: QueueTrajPoint accepted #440: t=43.066s, hold=False
[INFO] [1780547671.505437920] [cartesian_streamer]: IK OK → Δmax=0.0385 rad, joints: [1.531, -0.148, -0.141, -0.012, -1.654, 0.010]
[WARN] [1780547672.844296085] [cartesian_streamer]: Queue BUSY, sẽ resend (backoff 66ms): msg="Busy processing the previous trajectory point. Please resend the next point shortly"
[INFO] [1780547672.982722917] [cartesian_streamer]: QueueTrajPoint accepted #460: t=45.130s, hold=False
[INFO] [1780547673.506636995] [cartesian_streamer]: IK OK → Δmax=0.0067 rad, joints: [1.502, 0.096, 0.047, -0.010, -1.599, 0.040]
[INFO] [1780547674.910350067] [cartesian_streamer]: QueueTrajPoint accepted #480: t=46.997s, hold=False
[INFO] [1780547675.370011355] [cartesian_streamer]: Runtime rate: state=streaming, tick_hz=15.0, queue_send_hz=9.6, ack_hz=9.4, busy_hz=0.2, retry_count=1, reject_count=0, inter_ack_ms=106.5, max_joint_delta=0.045, cumul_time=47.39s, hold_count=0, ik_mode=Local, ik_avg_ms=3.49, ik_fails=32
[INFO] [1780547675.571938589] [cartesian_streamer]: IK OK → Δmax=0.0536 rad, joints: [1.284, 0.037, -0.064, 0.007, -1.547, 0.258]
[INFO] [1780547675.906374617] [cartesian_streamer]: IK delta clamped → joints: [1.196, -0.014, -0.120, 0.014, -1.541, 0.346]
[WARN] [1780547676.114546095] [cartesian_streamer]: Queue BUSY, sẽ resend (backoff 66ms): msg="Busy processing the previous trajectory point. Please resend the next point shortly"
[INFO] [1780547677.118628055] [cartesian_streamer]: QueueTrajPoint accepted #500: t=48.931s, hold=False
[INFO] [1780547677.572420783] [cartesian_streamer]: IK OK → Δmax=0.0137 rad, joints: [1.095, -0.084, -0.244, 0.021, -1.485, 0.445]
[INFO] [1780547678.238767690] [cartesian_streamer]: IK delta clamped → joints: [1.081, -0.143, -0.363, 0.023, -1.424, 0.456]
[INFO] [1780547679.314751051] [cartesian_streamer]: QueueTrajPoint accepted #520: t=50.866s, hold=False
[INFO] [1780547679.637394710] [cartesian_streamer]: IK OK → Δmax=0.0140 rad, joints: [1.022, -0.237, -0.546, 0.027, -1.335, 0.513]
[INFO] [1780547680.437710120] [cartesian_streamer]: Runtime rate: state=streaming, tick_hz=15.0, queue_send_hz=8.9, ack_hz=8.5, busy_hz=0.2, retry_count=1, reject_count=0, inter_ack_ms=114.1, max_joint_delta=0.082, cumul_time=51.80s, hold_count=0, ik_mode=Local, ik_avg_ms=3.32, ik_fails=32
[INFO] [1780547681.199376440] [cartesian_streamer]: QueueTrajPoint accepted #540: t=52.668s, hold=False
[INFO] [1780547681.638548761] [cartesian_streamer]: IK OK → Δmax=0.0080 rad, joints: [1.042, -0.407, -0.373, 0.025, -1.677, 0.502]
[INFO] [1780547682.861221023] [cartesian_streamer]: QueueTrajPoint accepted #560: t=54.334s, hold=False
[INFO] [1780547683.639905995] [cartesian_streamer]: IK OK → Δmax=0.0330 rad, joints: [1.205, -0.212, -0.265, 0.013, -1.594, 0.337]
[INFO] [1780547684.395197447] [cartesian_streamer]: QueueTrajPoint accepted #580: t=55.867s, hold=False
[INFO] [1780547685.439504723] [cartesian_streamer]: Runtime rate: state=streaming, tick_hz=15.0, queue_send_hz=12.4, ack_hz=12.2, busy_hz=0.0, retry_count=0, reject_count=0, inter_ack_ms=80.1, max_joint_delta=0.048, cumul_time=56.87s, hold_count=0, ik_mode=Local, ik_avg_ms=3.18, ik_fails=32
[INFO] [1780547685.705669520] [cartesian_streamer]: IK OK → Δmax=0.0049 rad, joints: [1.376, 0.052, -0.023, -0.000, -1.573, 0.166]
[INFO] [1780547686.190461487] [cartesian_streamer]: QueueTrajPoint accepted #600: t=57.667s, hold=False
[INFO] [1780547687.772814278] [cartesian_streamer]: IK OK → Δmax=0.0120 rad, joints: [1.356, -0.004, -0.246, 0.001, -1.406, 0.186]
[INFO] [1780547688.294815330] [cartesian_streamer]: QueueTrajPoint accepted #620: t=59.600s, hold=False
[INFO] [1780547689.838871486] [cartesian_streamer]: IK OK → Δmax=0.0125 rad, joints: [1.344, 0.018, -0.475, 0.003, -1.155, 0.197]
[INFO] [1780547690.259240181] [cartesian_streamer]: QueueTrajPoint accepted #640: t=61.666s, hold=False
[INFO] [1780547690.502778853] [cartesian_streamer]: Runtime rate: state=streaming, tick_hz=15.0, queue_send_hz=10.3, ack_hz=10.5, busy_hz=0.0, retry_count=0, reject_count=0, inter_ack_ms=97.5, max_joint_delta=0.035, cumul_time=61.80s, hold_count=0, ik_mode=Local, ik_avg_ms=3.08, ik_fails=32
[INFO] [1780547691.905456413] [cartesian_streamer]: IK OK → Δmax=0.0176 rad, joints: [1.416, 0.208, -0.098, -0.003, -1.342, 0.127]
[INFO] [1780547692.041355264] [cartesian_streamer]: QueueTrajPoint accepted #660: t=63.331s, hold=False
[INFO] [1780547693.906826686] [cartesian_streamer]: IK OK → Δmax=0.0479 rad, joints: [1.430, 0.252, 0.010, -0.004, -1.406, 0.113]
[INFO] [1780547693.995664344] [cartesian_streamer]: QueueTrajPoint accepted #680: t=65.331s, hold=False
[INFO] [1780547695.503174371] [cartesian_streamer]: Runtime rate: state=streaming, tick_hz=15.0, queue_send_hz=11.2, ack_hz=11.2, busy_hz=0.0, retry_count=0, reject_count=0, inter_ack_ms=88.6, max_joint_delta=0.058, cumul_time=66.80s, hold_count=0, ik_mode=Local, ik_avg_ms=3.01, ik_fails=32
[INFO] [1780547695.587321763] [cartesian_streamer]: QueueTrajPoint accepted #700: t=66.931s, hold=False
[INFO] [1780547695.907472201] [cartesian_streamer]: IK OK → Δmax=0.0156 rad, joints: [1.280, -0.141, -0.435, 0.007, -1.354, 0.260]
[INFO] [1780547697.314256098] [cartesian_streamer]: QueueTrajPoint accepted #720: t=68.665s, hold=False
[INFO] [1780547697.971932463] [cartesian_streamer]: IK OK → Δmax=0.0029 rad, joints: [1.199, -0.248, -0.570, 0.014, -1.326, 0.339]
[INFO] [1780547699.231662895] [cartesian_streamer]: QueueTrajPoint accepted #740: t=70.462s, hold=False
[INFO] [1780547700.041220591] [cartesian_streamer]: IK OK → Δmax=0.0018 rad, joints: [1.273, -0.202, -0.943, 0.010, -0.907, 0.263]
[INFO] [1780547700.503747698] [cartesian_streamer]: Runtime rate: state=streaming, tick_hz=15.0, queue_send_hz=11.4, ack_hz=11.4, busy_hz=0.0, retry_count=0, reject_count=0, inter_ack_ms=87.7, max_joint_delta=0.060, cumul_time=71.73s, hold_count=0, ik_mode=Local, ik_avg_ms=2.93, ik_fails=32
[INFO] [1780547700.622887343] [cartesian_streamer]: Disable Robot: dừng stream, tắt traj mode...
[INFO] [1780547700.624418983] [cartesian_streamer]: ✗ Robot DISABLED.
