[INFO] [1786330198.241209761] [coord_transform]: CoordTransformNode khởi động.
  Object offset (cam frame): [0.05 0.   0.1 ]
  Translation cam→base:      [0.5 0.  1.2]
  EE orientation (xyzw):     [0.0, 1.0, 0.0, 0.0]
  Prediction step:           5
  Axis remap:                [0, 1, 2]
  Axis sign:                 [-1.0, 1.0, 1.0]
  Workspace X: (-1.0, 1.0), Y: (-0.5, 1.3), Z: (0.05, 1.5)
  Filter outlier_threshold:  0.15m
  Filter median_size_y:      3
  Filter deadband_tol:       15.0mm
  Filter stationary_thresh:  3 frames
  Filter max_rate:           5.0cm/frame
  Filter EMA moving(x,y,z):  (1.0,0.8,1.0)
  Filter EMA hold  (x,y,z):  (0.08,0.02,0.05)
[WARN] [1786330217.481382875] [coord_transform]: Outlier rejected #1 (jumped 452.6mm). Ignoring.
[WARN] [1786330218.915473925] [coord_transform]: Outlier rejected #1 (jumped 490.7mm). Ignoring.
[WARN] [1786330219.210900846] [coord_transform]: Outlier rejected #1 (jumped 444.3mm). Ignoring.
[WARN] [1786330219.443578064] [coord_transform]: Outlier rejected #2 (jumped 443.8mm). Ignoring.
[WARN] [1786330219.578950102] [coord_transform]: Outlier rejected #3 (jumped 370.0mm). Ignoring.
[WARN] [1786330219.615834102] [coord_transform]: Outlier rejected #4 (jumped 210.8mm). Ignoring.
[WARN] [1786330220.027166928] [coord_transform]: Outlier rejected #1 (jumped 210.1mm). Ignoring.
[WARN] [1786330220.055557299] [coord_transform]: Outlier rejected #2 (jumped 239.6mm). Ignoring.
[WARN] [1786330220.081886040] [coord_transform]: Outlier rejected #3 (jumped 243.4mm). Ignoring.
[WARN] [1786330220.843629236] [coord_transform]: Outlier rejected #1 (jumped 335.1mm). Ignoring.
[WARN] [1786330221.147772628] [coord_transform]: Outlier rejected #1 (jumped 290.3mm). Ignoring.
[WARN] [1786330221.182008423] [coord_transform]: Outlier rejected #2 (jumped 245.4mm). Ignoring.
[WARN] [1786330221.220232206] [coord_transform]: Outlier rejected #3 (jumped 247.7mm). Ignoring.
[WARN] [1786330221.250051440] [coord_transform]: Outlier rejected #4 (jumped 221.9mm). Ignoring.
[INFO] [1786330221.281198702] [coord_transform]: Too many outliers (5). Resetting filter to new position.
[WARN] [1786330235.455630976] [coord_transform]: Outlier rejected #1 (jumped 157.7mm). Ignoring.
[WARN] [1786330235.496140801] [coord_transform]: Outlier rejected #2 (jumped 185.4mm). Ignoring.
[WARN] [1786330235.531377540] [coord_transform]: Outlier rejected #3 (jumped 247.6mm). Ignoring.
[WARN] [1786330235.567321154] [coord_transform]: Outlier rejected #4 (jumped 287.6mm). Ignoring.
[INFO] [1786330235.600619437] [coord_transform]: Too many outliers (5). Resetting filter to new position.
[WARN] [1786330235.753849086] [coord_transform]: Outlier rejected #1 (jumped 154.4mm). Ignoring.
[WARN] [1786330235.896091822] [coord_transform]: Outlier rejected #1 (jumped 218.4mm). Ignoring.
[WARN] [1786330235.932907054] [coord_transform]: Outlier rejected #2 (jumped 216.2mm). Ignoring.
[WARN] [1786330235.979843157] [coord_transform]: Outlier rejected #3 (jumped 205.1mm). Ignoring.
[WARN] [1786330236.016558704] [coord_transform]: Outlier rejected #4 (jumped 179.4mm). Ignoring.
[INFO] [1786330236.061631014] [coord_transform]: Too many outliers (5). Resetting filter to new position.
[WARN] [1786330237.915189556] [coord_transform]: Outlier rejected #1 (jumped 179.7mm). Ignoring.
[WARN] [1786330238.332013094] [coord_transform]: Outlier rejected #1 (jumped 221.7mm). Ignoring.
[WARN] [1786330238.370296437] [coord_transform]: Outlier rejected #2 (jumped 158.1mm). Ignoring.
[WARN] [1786330238.403436499] [coord_transform]: Outlier rejected #3 (jumped 226.9mm). Ignoring.
[WARN] [1786330238.436590762] [coord_transform]: Outlier rejected #4 (jumped 172.2mm). Ignoring.
[INFO] [1786330238.474426856] [coord_transform]: Too many outliers (5). Resetting filter to new position.
[WARN] [1786330238.675792602] [coord_transform]: Outlier rejected #1 (jumped 172.0mm). Ignoring.
[WARN] [1786330239.058176239] [coord_transform]: Outlier rejected #1 (jumped 152.2mm). Ignoring.
[WARN] [1786330239.091832666] [coord_transform]: Outlier rejected #2 (jumped 152.7mm). Ignoring.
[WARN] [1786330239.196616303] [coord_transform]: Outlier rejected #1 (jumped 191.9mm). Ignoring.
[WARN] [1786330239.233719036] [coord_transform]: Outlier rejected #2 (jumped 155.1mm). Ignoring.
[WARN] [1786330239.266554253] [coord_transform]: Outlier rejected #3 (jumped 179.1mm). Ignoring.
[WARN] [1786330243.417637677] [coord_transform]: Outlier rejected #1 (jumped 320.9mm). Ignoring.
[WARN] [1786330243.464743872] [coord_transform]: Outlier rejected #2 (jumped 300.0mm). Ignoring.
[WARN] [1786330243.501169676] [coord_transform]: Outlier rejected #3 (jumped 294.6mm). Ignoring.
[WARN] [1786330243.582483894] [coord_transform]: Outlier rejected #1 (jumped 331.1mm). Ignoring.
[WARN] [1786330244.880273264] [coord_transform]: Outlier rejected #1 (jumped 242.3mm). Ignoring.
[WARN] [1786330245.091545883] [coord_transform]: Outlier rejected #2 (jumped 631.3mm). Ignoring.
[WARN] [1786330245.126087145] [coord_transform]: Outlier rejected #3 (jumped 609.1mm). Ignoring.
[WARN] [1786330245.161093226] [coord_transform]: Outlier rejected #4 (jumped 613.6mm). Ignoring.
[INFO] [1786330245.202512034] [coord_transform]: Too many outliers (5). Resetting filter to new position.
[WARN] [1786330245.286467629] [coord_transform]: Outlier rejected #1 (jumped 385.6mm). Ignoring.
[WARN] [1786330245.324504115] [coord_transform]: Outlier rejected #2 (jumped 399.2mm). Ignoring.
[WARN] [1786330245.357562831] [coord_transform]: Outlier rejected #3 (jumped 414.2mm). Ignoring.
[WARN] [1786330248.078748896] [coord_transform]: Outlier rejected #4 (jumped 339.9mm). Ignoring.
[INFO] [1786330248.112879128] [coord_transform]: Too many outliers (5). Resetting filter to new position.
[WARN] [1786330248.145329714] [coord_transform]: Outlier rejected #1 (jumped 457.9mm). Ignoring.
[WARN] [1786330248.250292240] [coord_transform]: Outlier rejected #1 (jumped 412.2mm). Ignoring.
[WARN] [1786330248.324331948] [coord_transform]: Outlier rejected #1 (jumped 356.5mm). Ignoring.
[WARN] [1786330248.360625824] [coord_transform]: Outlier rejected #2 (jumped 367.7mm). Ignoring.
[WARN] [1786330248.465183480] [coord_transform]: Outlier rejected #1 (jumped 169.8mm). Ignoring.
[WARN] [1786330248.513285458] [coord_transform]: Outlier rejected #2 (jumped 362.3mm). Ignoring.
[WARN] [1786330248.552878419] [coord_transform]: Outlier rejected #3 (jumped 240.8mm). Ignoring.
[WARN] [1786330248.693435049] [coord_transform]: Outlier rejected #1 (jumped 341.2mm). Ignoring.
[WARN] [1786330249.451437568] [coord_transform]: Outlier rejected #1 (jumped 202.7mm). Ignoring.
[WARN] [1786330249.500206829] [coord_transform]: Outlier rejected #2 (jumped 379.5mm). Ignoring.
[WARN] [1786330249.713195091] [coord_transform]: Outlier rejected #3 (jumped 169.9mm). Ignoring.
[WARN] [1786330249.849301415] [coord_transform]: Outlier rejected #4 (jumped 303.3mm). Ignoring.
[INFO] [1786330249.878270357] [coord_transform]: Too many outliers (5). Resetting filter to new position.
[WARN] [1786330251.962971977] [coord_transform]: Outlier rejected #1 (jumped 529.7mm). Ignoring.
[WARN] [1786330252.003880125] [coord_transform]: Outlier rejected #2 (jumped 523.2mm). Ignoring.
[WARN] [1786330252.043834341] [coord_transform]: Outlier rejected #3 (jumped 506.6mm). Ignoring.
[WARN] [1786330252.084531249] [coord_transform]: Outlier rejected #4 (jumped 496.5mm). Ignoring.
[INFO] [1786330252.121515280] [coord_transform]: Too many outliers (5). Resetting filter to new position.
[WARN] [1786330252.559667749] [coord_transform]: Outlier rejected #1 (jumped 321.4mm). Ignoring.
[WARN] [1786330252.589812715] [coord_transform]: Outlier rejected #2 (jumped 339.4mm). Ignoring.
[WARN] [1786330252.625224971] [coord_transform]: Outlier rejected #3 (jumped 348.8mm). Ignoring.
[WARN] [1786330252.660081883] [coord_transform]: Outlier rejected #4 (jumped 347.1mm). Ignoring.
[INFO] [1786330252.691033828] [coord_transform]: Too many outliers (5). Resetting filter to new position.
[WARN] [1786330291.581598845] [coord_transform]: Outlier rejected #1 (jumped 198.5mm). Ignoring.
[WARN] [1786330291.615734439] [coord_transform]: Outlier rejected #2 (jumped 212.4mm). Ignoring.
[WARN] [1786330291.650757920] [coord_transform]: Outlier rejected #3 (jumped 226.5mm). Ignoring.
[WARN] [1786330291.685232233] [coord_transform]: Outlier rejected #4 (jumped 234.3mm). Ignoring.
[INFO] [1786330291.723555667] [coord_transform]: Too many outliers (5). Resetting filter to new position.
[WARN] [1786330291.761782967] [coord_transform]: Outlier rejected #1 (jumped 159.3mm). Ignoring.
[WARN] [1786330292.680459104] [coord_transform]: Outlier rejected #2 (jumped 619.5mm). Ignoring.
[WARN] [1786330292.715039779] [coord_transform]: Outlier rejected #3 (jumped 618.9mm). Ignoring.
[WARN] [1786330292.754503137] [coord_transform]: Outlier rejected #4 (jumped 627.7mm). Ignoring.
[INFO] [1786330294.865033053] [coord_transform]: Too many outliers (5). Resetting filter to new position.
[WARN] [1786330294.965391794] [coord_transform]: Outlier rejected #1 (jumped 182.4mm). Ignoring.
[WARN] [1786330295.012091326] [coord_transform]: Outlier rejected #2 (jumped 427.3mm). Ignoring.
[WARN] [1786330295.276048998] [coord_transform]: Outlier rejected #1 (jumped 1620.7mm). Ignoring.
[WARN] [1786330295.310319011] [coord_transform]: Outlier rejected #2 (jumped 1505.2mm). Ignoring.
[WARN] [1786330295.341706472] [coord_transform]: Outlier rejected #3 (jumped 1501.6mm). Ignoring.
[WARN] [1786330295.376503654] [coord_transform]: Outlier rejected #4 (jumped 1470.0mm). Ignoring.
[INFO] [1786330295.414068976] [coord_transform]: Too many outliers (5). Resetting filter to new position.
[WARN] [1786330295.477048573] [coord_transform]: Outlier rejected #1 (jumped 226.4mm). Ignoring.
[WARN] [1786330295.625297358] [coord_transform]: Outlier rejected #2 (jumped 1237.5mm). Ignoring.
[WARN] [1786330295.662142589] [coord_transform]: Outlier rejected #3 (jumped 1251.5mm). Ignoring.
[WARN] [1786330295.699298427] [coord_transform]: Outlier rejected #4 (jumped 1250.7mm). Ignoring.
[INFO] [1786330295.731796929] [coord_transform]: Too many outliers (5). Resetting filter to new position.
[WARN] [1786330353.178155050] [coord_transform]: Outlier rejected #1 (jumped 1163.6mm). Ignoring.
[WARN] [1786330353.215621251] [coord_transform]: Outlier rejected #2 (jumped 1173.9mm). Ignoring.
[WARN] [1786330353.251582446] [coord_transform]: Outlier rejected #3 (jumped 1162.2mm). Ignoring.
[WARN] [1786330353.284620128] [coord_transform]: Outlier rejected #4 (jumped 1173.6mm). Ignoring.
[INFO] [1786330353.321338363] [coord_transform]: Too many outliers (5). Resetting filter to new position.
[INFO] [1786330357.038882865] [coord_transform]: Captured Init Pose! P_init=(-0.162, 0.280, 0.379), Cam_init=(0.001, -0.008, 0.001), Noise_Tol=24.7mm
Orientation=(0.998, 0.064, -0.000, 0.000)
[INFO] [1786330361.101806056] [coord_transform]: Đã chuyển mode: ground_truth -> ergonomics
[INFO] [1786330361.242505708] [coord_transform]: Deadband: HOLD at (0.001, -0.008, 0.001)
[INFO] [1786330361.244705042] [coord_transform]: [SNAP ON] Tay thực tế đứng yên. Ép dừng robot (GRU đang lệch 0.0cm).
[INFO] [1786330375.955567064] [coord_transform]: Re-sync camera init: [-0.005 -0.011  0.01 ]
[INFO] [1786330375.956101683] [coord_transform]: Trạng thái tracking: RUNNING
[INFO] [1786330375.976506234] [coord_transform]: [ERGONOMICS] Transform: cam[-0.005 -0.011  0.01 ] → base[-0.162  0.28   0.379]
[INFO] [1786330376.954105639] [coord_transform]: Deadband: RELEASE — motion detected
[INFO] [1786330376.961814351] [coord_transform]: [SNAP OFF] Tay di chuyển lại. Trả quyền cho GRU.
[INFO] [1786330377.977192473] [coord_transform]: [ERGONOMICS] Transform: cam[0.031 0.19  0.119] → base[-0.197  0.481  0.487]
[INFO] [1786330379.984154828] [coord_transform]: [ERGONOMICS] Transform: cam[-0.002  0.371  0.205] → base[-0.165  0.662  0.574]
[INFO] [1786330382.003589893] [coord_transform]: [ERGONOMICS] Transform: cam[0.146 0.431 0.202] → base[-0.313  0.722  0.57 ]
[INFO] [1786330384.036968509] [coord_transform]: [ERGONOMICS] Transform: cam[0.294 0.261 0.157] → base[-0.461  0.552  0.525]
[INFO] [1786330386.068516291] [coord_transform]: [ERGONOMICS] Transform: cam[0.004 0.382 0.269] → base[-0.171  0.673  0.638]
[INFO] [1786330388.076849807] [coord_transform]: [ERGONOMICS] Transform: cam[-0.133  0.229  0.166] → base[-0.034  0.52   0.535]
[INFO] [1786330390.098019739] [coord_transform]: [ERGONOMICS] Transform: cam[0.054 0.009 0.027] → base[-0.221  0.3    0.396]
[INFO] [1786330392.107079568] [coord_transform]: [ERGONOMICS] Transform: cam[0.061 0.271 0.224] → base[-0.228  0.562  0.593]
[INFO] [1786330394.113664508] [coord_transform]: [ERGONOMICS] Transform: cam[0.115 0.526 0.236] → base[-0.282  0.817  0.605]
[INFO] [1786330396.135454349] [coord_transform]: [ERGONOMICS] Transform: cam[0.115 0.545 0.235] → base[-0.281  0.836  0.603]
[INFO] [1786330398.141567241] [coord_transform]: [ERGONOMICS] Transform: cam[0.042 0.175 0.144] → base[-0.209  0.466  0.513]
[INFO] [1786330400.149749736] [coord_transform]: [ERGONOMICS] Transform: cam[0.009 0.083 0.066] → base[-0.176  0.374  0.435]
[INFO] [1786330400.874419532] [coord_transform]: Trạng thái tracking: STOPPED
[WARN] [1786330403.467665788] [coord_transform]: Outlier rejected #1 (jumped 352.2mm). Ignoring.
[WARN] [1786330403.552734815] [coord_transform]: Outlier rejected #2 (jumped 343.4mm). Ignoring.
[WARN] [1786330403.589581905] [coord_transform]: Outlier rejected #3 (jumped 333.3mm). Ignoring.
[WARN] [1786330404.900827848] [coord_transform]: Outlier rejected #1 (jumped 249.9mm). Ignoring.
[WARN] [1786330404.934447753] [coord_transform]: Outlier rejected #2 (jumped 258.9mm). Ignoring.
[WARN] [1786330404.964751514] [coord_transform]: Outlier rejected #3 (jumped 290.0mm). Ignoring.
[WARN] [1786330404.998100360] [coord_transform]: Outlier rejected #4 (jumped 371.3mm). Ignoring.
[INFO] [1786330405.101139677] [coord_transform]: Too many outliers (5). Resetting filter to new position.
[WARN] [1786330405.271843596] [coord_transform]: Outlier rejected #1 (jumped 154.8mm). Ignoring.
[WARN] [1786330405.302964983] [coord_transform]: Outlier rejected #2 (jumped 152.4mm). Ignoring.
[WARN] [1786330408.362205768] [coord_transform]: Outlier rejected #1 (jumped 677.2mm). Ignoring.
[WARN] [1786330408.398010963] [coord_transform]: Outlier rejected #2 (jumped 677.2mm). Ignoring.
[WARN] [1786330408.437674108] [coord_transform]: Outlier rejected #3 (jumped 677.2mm). Ignoring.
[WARN] [1786330408.472071396] [coord_transform]: Outlier rejected #4 (jumped 677.2mm). Ignoring.
[INFO] [1786330408.510887425] [coord_transform]: Too many outliers (5). Resetting filter to new position.
[WARN] [1786330443.589257445] [coord_transform]: Outlier rejected #1 (jumped 455.8mm). Ignoring.
[WARN] [1786330443.629942603] [coord_transform]: Outlier rejected #2 (jumped 441.0mm). Ignoring.
[WARN] [1786330443.660776926] [coord_transform]: Outlier rejected #3 (jumped 362.4mm). Ignoring.
[WARN] [1786330443.996295019] [coord_transform]: Outlier rejected #1 (jumped 181.3mm). Ignoring.
[WARN] [1786330444.028361245] [coord_transform]: Outlier rejected #2 (jumped 222.6mm). Ignoring.
[WARN] [1786330444.064583160] [coord_transform]: Outlier rejected #3 (jumped 243.3mm). Ignoring.
[WARN] [1786330444.098535297] [coord_transform]: Outlier rejected #4 (jumped 280.8mm). Ignoring.
[INFO] [1786330444.130177655] [coord_transform]: Too many outliers (5). Resetting filter to new position.
[WARN] [1786330444.602477741] [coord_transform]: Outlier rejected #1 (jumped 150.8mm). Ignoring.
[WARN] [1786330446.503813368] [coord_transform]: Outlier rejected #1 (jumped 547.7mm). Ignoring.
[WARN] [1786330446.534856472] [coord_transform]: Outlier rejected #2 (jumped 423.2mm). Ignoring.
[WARN] [1786330446.569062572] [coord_transform]: Outlier rejected #3 (jumped 409.0mm). Ignoring.
[WARN] [1786330446.604311261] [coord_transform]: Outlier rejected #4 (jumped 370.5mm). Ignoring.
[INFO] [1786330446.637335644] [coord_transform]: Too many outliers (5). Resetting filter to new position.
[WARN] [1786330446.671265771] [coord_transform]: Outlier rejected #1 (jumped 159.7mm). Ignoring.
[WARN] [1786330446.701426630] [coord_transform]: Outlier rejected #2 (jumped 159.6mm). Ignoring.
[WARN] [1786330447.757794668] [coord_transform]: Outlier rejected #1 (jumped 283.6mm). Ignoring.
[WARN] [1786330447.793024207] [coord_transform]: Outlier rejected #2 (jumped 283.4mm). Ignoring.
[WARN] [1786330447.826823086] [coord_transform]: Outlier rejected #3 (jumped 504.8mm). Ignoring.
[WARN] [1786330447.863788610] [coord_transform]: Outlier rejected #4 (jumped 488.3mm). Ignoring.
[INFO] [1786330447.896682681] [coord_transform]: Too many outliers (5). Resetting filter to new position.
[WARN] [1786330449.283624232] [coord_transform]: Outlier rejected #1 (jumped 348.2mm). Ignoring.
[WARN] [1786330449.314284373] [coord_transform]: Outlier rejected #2 (jumped 348.2mm). Ignoring.
[WARN] [1786330449.349260943] [coord_transform]: Outlier rejected #3 (jumped 348.2mm). Ignoring.
[WARN] [1786330449.387223889] [coord_transform]: Outlier rejected #4 (jumped 348.2mm). Ignoring.
[INFO] [1786330449.427808005] [coord_transform]: Too many outliers (5). Resetting filter to new position.
[WARN] [1786330449.799629154] [coord_transform]: Outlier rejected #1 (jumped 192.6mm). Ignoring.
[WARN] [1786330449.834294078] [coord_transform]: Outlier rejected #2 (jumped 224.0mm). Ignoring.
[WARN] [1786330449.869999244] [coord_transform]: Outlier rejected #3 (jumped 218.9mm). Ignoring.
[WARN] [1786330449.930994454] [coord_transform]: Outlier rejected #1 (jumped 172.6mm). Ignoring.
[WARN] [1786330450.011597287] [coord_transform]: Outlier rejected #1 (jumped 163.0mm). Ignoring.
[WARN] [1786330450.044435209] [coord_transform]: Outlier rejected #2 (jumped 219.0mm). Ignoring.
[WARN] [1786330450.077548559] [coord_transform]: Outlier rejected #3 (jumped 170.5mm). Ignoring.
[WARN] [1786330450.116605945] [coord_transform]: Outlier rejected #4 (jumped 169.0mm). Ignoring.
[INFO] [1786330450.148224538] [coord_transform]: Too many outliers (5). Resetting filter to new position.
[WARN] [1786330450.611473267] [coord_transform]: Outlier rejected #1 (jumped 256.4mm). Ignoring.
[WARN] [1786330450.643887193] [coord_transform]: Outlier rejected #2 (jumped 247.8mm). Ignoring.
[WARN] [1786330450.675076749] [coord_transform]: Outlier rejected #3 (jumped 411.5mm). Ignoring.
[WARN] [1786330450.710388466] [coord_transform]: Outlier rejected #4 (jumped 155.8mm). Ignoring.
[INFO] [1786330450.743761952] [coord_transform]: Too many outliers (5). Resetting filter to new position.
[WARN] [1786330450.777628372] [coord_transform]: Outlier rejected #1 (jumped 194.5mm). Ignoring.
[WARN] [1786330450.811092521] [coord_transform]: Outlier rejected #2 (jumped 207.3mm). Ignoring.
[WARN] [1786330450.846363173] [coord_transform]: Outlier rejected #3 (jumped 205.5mm). Ignoring.
[WARN] [1786330450.883672795] [coord_transform]: Outlier rejected #4 (jumped 201.4mm). Ignoring.
[INFO] [1786330450.914147767] [coord_transform]: Too many outliers (5). Resetting filter to new position.
[WARN] [1786330453.194352255] [coord_transform]: Outlier rejected #1 (jumped 358.5mm). Ignoring.
[WARN] [1786330453.232377586] [coord_transform]: Outlier rejected #2 (jumped 358.5mm). Ignoring.
[WARN] [1786330453.264661127] [coord_transform]: Outlier rejected #3 (jumped 358.5mm). Ignoring.
[WARN] [1786330453.295592308] [coord_transform]: Outlier rejected #4 (jumped 358.5mm). Ignoring.
[INFO] [1786330453.326344140] [coord_transform]: Too many outliers (5). Resetting filter to new position.
[WARN] [1786330528.798208772] [coord_transform]: Outlier rejected #1 (jumped 439.5mm). Ignoring.
[WARN] [1786330528.835956115] [coord_transform]: Outlier rejected #2 (jumped 459.2mm). Ignoring.
[WARN] [1786330530.391090307] [coord_transform]: Outlier rejected #1 (jumped 329.7mm). Ignoring.
[WARN] [1786330530.427164360] [coord_transform]: Outlier rejected #2 (jumped 329.7mm). Ignoring.
[WARN] [1786330530.456591779] [coord_transform]: Outlier rejected #3 (jumped 329.7mm). Ignoring.
[WARN] [1786330530.486724711] [coord_transform]: Outlier rejected #4 (jumped 329.7mm). Ignoring.
[INFO] [1786330530.523234271] [coord_transform]: Too many outliers (5). Resetting filter to new position.
[WARN] [1786330556.535048912] [coord_transform]: Outlier rejected #1 (jumped 324.0mm). Ignoring.
[WARN] [1786330556.568449989] [coord_transform]: Outlier rejected #2 (jumped 324.0mm). Ignoring.
[WARN] [1786330556.601759081] [coord_transform]: Outlier rejected #3 (jumped 324.0mm). Ignoring.
[WARN] [1786330556.637251185] [coord_transform]: Outlier rejected #4 (jumped 324.0mm). Ignoring.
[INFO] [1786330556.673232091] [coord_transform]: Too many outliers (5). Resetting filter to new position.
[WARN] [1786330850.292380812] [coord_transform]: Outlier rejected #1 (jumped 176.9mm). Ignoring.
[WARN] [1786330850.325177160] [coord_transform]: Outlier rejected #2 (jumped 176.9mm). Ignoring.
[WARN] [1786330850.361233804] [coord_transform]: Outlier rejected #3 (jumped 176.9mm). Ignoring.
[WARN] [1786330850.393098750] [coord_transform]: Outlier rejected #4 (jumped 176.9mm). Ignoring.
[INFO] [1786330850.422689576] [coord_transform]: Too many outliers (5). Resetting filter to new position.
[WARN] [1786330853.485128809] [coord_transform]: Outlier rejected #1 (jumped 166.7mm). Ignoring.
[WARN] [1786330853.519668416] [coord_transform]: Outlier rejected #2 (jumped 155.0mm). Ignoring.
[WARN] [1786330853.615375422] [coord_transform]: Outlier rejected #1 (jumped 162.7mm). Ignoring.
[WARN] [1786330853.651709821] [coord_transform]: Outlier rejected #2 (jumped 153.3mm). Ignoring.
[WARN] [1786330853.681995149] [coord_transform]: Outlier rejected #3 (jumped 179.5mm). Ignoring.
[WARN] [1786330853.806924826] [coord_transform]: Outlier rejected #1 (jumped 156.2mm). Ignoring.
[WARN] [1786330854.617741485] [coord_transform]: Outlier rejected #1 (jumped 254.1mm). Ignoring.
[WARN] [1786330855.883993044] [coord_transform]: Outlier rejected #1 (jumped 205.5mm). Ignoring.
[WARN] [1786330855.917964145] [coord_transform]: Outlier rejected #2 (jumped 203.3mm). Ignoring.
[WARN] [1786330855.951489359] [coord_transform]: Outlier rejected #3 (jumped 204.4mm). Ignoring.
[WARN] [1786330855.984592770] [coord_transform]: Outlier rejected #4 (jumped 210.7mm). Ignoring.
[INFO] [1786330856.018132762] [coord_transform]: Too many outliers (5). Resetting filter to new position.
[WARN] [1786330857.508363814] [coord_transform]: Outlier rejected #1 (jumped 1236.1mm). Ignoring.
[WARN] [1786330857.539006105] [coord_transform]: Outlier rejected #2 (jumped 1235.6mm). Ignoring.
[WARN] [1786330857.608830099] [coord_transform]: Outlier rejected #3 (jumped 1233.5mm). Ignoring.
[WARN] [1786330857.682892999] [coord_transform]: Outlier rejected #4 (jumped 1216.7mm). Ignoring.
[INFO] [1786330857.718727770] [coord_transform]: Too many outliers (5). Resetting filter to new position.
[WARN] [1786330857.954397268] [coord_transform]: Outlier rejected #1 (jumped 675.2mm). Ignoring.
[WARN] [1786330857.986355326] [coord_transform]: Outlier rejected #2 (jumped 697.1mm). Ignoring.
[WARN] [1786330858.021887692] [coord_transform]: Outlier rejected #3 (jumped 703.2mm). Ignoring.
[WARN] [1786330858.055337484] [coord_transform]: Outlier rejected #4 (jumped 702.2mm). Ignoring.
[INFO] [1786330858.085023109] [coord_transform]: Too many outliers (5). Resetting filter to new position.
[WARN] [1786330858.154634285] [coord_transform]: Outlier rejected #1 (jumped 751.8mm). Ignoring.
[WARN] [1786330858.263620395] [coord_transform]: Outlier rejected #1 (jumped 195.0mm). Ignoring.
[WARN] [1786330868.139608830] [coord_transform]: Outlier rejected #2 (jumped 788.8mm). Ignoring.
[WARN] [1786330868.164558890] [coord_transform]: Outlier rejected #3 (jumped 788.1mm). Ignoring.
[WARN] [1786330868.192333085] [coord_transform]: Outlier rejected #4 (jumped 790.1mm). Ignoring.
[INFO] [1786330868.226641456] [coord_transform]: Too many outliers (5). Resetting filter to new position.
[WARN] [1786330868.325283029] [coord_transform]: Outlier rejected #1 (jumped 205.5mm). Ignoring.
[WARN] [1786330868.458201944] [coord_transform]: Outlier rejected #1 (jumped 413.5mm). Ignoring.
[WARN] [1786330868.493111423] [coord_transform]: Outlier rejected #2 (jumped 429.8mm). Ignoring.
[WARN] [1786330868.524867613] [coord_transform]: Outlier rejected #3 (jumped 171.7mm). Ignoring.
[WARN] [1786330868.558162328] [coord_transform]: Outlier rejected #4 (jumped 212.0mm). Ignoring.
[INFO] [1786330868.596017988] [coord_transform]: Too many outliers (5). Resetting filter to new position.
[WARN] [1786330872.796733614] [coord_transform]: Outlier rejected #1 (jumped 405.9mm). Ignoring.
[WARN] [1786330872.830157244] [coord_transform]: Outlier rejected #2 (jumped 416.0mm). Ignoring.
[WARN] [1786330872.864701313] [coord_transform]: Outlier rejected #3 (jumped 433.1mm). Ignoring.
[WARN] [1786330872.897293231] [coord_transform]: Outlier rejected #4 (jumped 449.1mm). Ignoring.
[INFO] [1786330872.931964684] [coord_transform]: Too many outliers (5). Resetting filter to new position.
[WARN] [1786330873.066730481] [coord_transform]: Outlier rejected #1 (jumped 509.5mm). Ignoring.
[WARN] [1786330873.169454875] [coord_transform]: Outlier rejected #1 (jumped 216.0mm). Ignoring.
[WARN] [1786330873.201832069] [coord_transform]: Outlier rejected #2 (jumped 729.5mm). Ignoring.
[WARN] [1786330873.242099387] [coord_transform]: Outlier rejected #3 (jumped 723.5mm). Ignoring.
[WARN] [1786330873.274169669] [coord_transform]: Outlier rejected #4 (jumped 715.1mm). Ignoring.
[INFO] [1786330873.308449105] [coord_transform]: Too many outliers (5). Resetting filter to new position.
[WARN] [1786330874.527507000] [coord_transform]: Outlier rejected #1 (jumped 343.4mm). Ignoring.
[WARN] [1786330874.556952025] [coord_transform]: Outlier rejected #2 (jumped 343.4mm). Ignoring.
[WARN] [1786330874.586591903] [coord_transform]: Outlier rejected #3 (jumped 343.4mm). Ignoring.
[WARN] [1786330874.623809190] [coord_transform]: Outlier rejected #4 (jumped 343.4mm). Ignoring.
[INFO] [1786330874.679900508] [coord_transform]: Too many outliers (5). Resetting filter to new position.
