[INFO] [1779676865.553777302] [cartesian_streamer]: CartesianStreamer khởi động (chờ Enable Robot từ UI).
  Stream rate:       15 Hz (period=66.7ms)
  Queue dt:          0.067 s
  Prebuffer points:  3
  Retry backoff:     66.0 ms
  Gửi PoseStamped lên: /cartesian_streamer/target_pose
  Gửi XYZ lên:        /cartesian_streamer/target_xyz
  Nhận EE pose tại:   /cartesian_streamer/current_pose
[INFO] [1779676865.557974732] [cartesian_streamer]: Nhận joint_states: ['1.571', '0.075', '-1.049', '-0.030', '-0.523', '-0.002']
[INFO] [1779676866.503751196] [cartesian_streamer]: Đã nhận joint_states. EE hiện tại: (-0.1638, 0.2630, 0.3947). Chờ Enable Robot từ UI...
[INFO] [1779676952.465073991] [cartesian_streamer]: Enable Robot: bắt đầu chuỗi khởi động...
[INFO] [1779676952.465783314] [cartesian_streamer]: Enable: reset_error...
[INFO] [1779676952.474087100] [cartesian_streamer]: reset_error: code=1, msg="success"
[INFO] [1779676952.474713826] [cartesian_streamer]: Enable: stop_traj_mode (giải phóng mode cũ)...
[INFO] [1779676952.530466564] [cartesian_streamer]: stop_traj_mode: success=True, code=N/A, msg=""
[INFO] [1779676952.531535053] [cartesian_streamer]: Enable: chờ 1.5s để hệ thống ổn định trước khi start queue...
[INFO] [1779676954.032862259] [cartesian_streamer]: Enable: StartPointQueueMode...
[INFO] [1779676955.446940149] [cartesian_streamer]: StartPointQueueMode response: code=1, msg=""
[INFO] [1779676955.447672581] [cartesian_streamer]: ✓ Robot ENABLED — Point Queue Mode active. Servo ON!
[INFO] [1779676955.460495886] [cartesian_streamer]: Runtime rate: state=seeding, tick_hz=0.0, queue_send_hz=0.0, ack_hz=0.0, busy_hz=0.0, retry_count=0, reject_count=0, inter_ack_ms=0.0, max_joint_delta=0.000, cumul_time=0.00s, hold_count=0
[INFO] [1779676955.463555020] [cartesian_streamer]: Bootstrap EE pose via FK: (-0.1638, 0.2630, 0.3947)
[INFO] [1779676955.464515409] [cartesian_streamer]: Đang stream qua service: /queue_traj_point
[INFO] [1779676955.465530000] [cartesian_streamer]: Đã gửi seed point (current joints, t=0), chờ ACK...
[INFO] [1779676955.488605051] [cartesian_streamer]: Seed ACK nhận được, bắt đầu prebuffer.
[INFO] [1779676955.489099798] [cartesian_streamer]: Queue accepted sample#1: svc=/queue_traj_point, t_cumul=0.0000s, code=1, msg="", hold=False
[INFO] [1779676955.545004616] [cartesian_streamer]: Queue accepted sample#2: svc=/queue_traj_point, t_cumul=0.0617s, code=1, msg="", hold=True
[INFO] [1779676955.724691740] [cartesian_streamer]: Queue accepted sample#3: svc=/queue_traj_point, t_cumul=0.1290s, code=1, msg="", hold=True
[INFO] [1779676955.750274300] [cartesian_streamer]: Pre-buffer hoàn tất (3 points), bắt đầu stream ổn định. Đang chờ target...
[INFO] [1779676955.750897167] [cartesian_streamer]: Queue accepted sample#4: svc=/queue_traj_point, t_cumul=0.2617s, code=1, msg="", hold=True
[INFO] [1779676955.819520286] [cartesian_streamer]: Queue accepted sample#5: svc=/queue_traj_point, t_cumul=0.3287s, code=1, msg="", hold=True
[INFO] [1779676957.338230553] [cartesian_streamer]: QueueTrajPoint accepted #20: t=1.862s, hold=True
[INFO] [1779676959.684686816] [cartesian_streamer]: QueueTrajPoint accepted #40: t=3.929s, hold=True
[INFO] [1779676960.460745912] [cartesian_streamer]: Runtime rate: state=streaming, tick_hz=15.0, queue_send_hz=9.6, ack_hz=9.4, busy_hz=0.0, retry_count=0, reject_count=0, inter_ack_ms=105.5, max_joint_delta=0.000, cumul_time=4.66s, hold_count=47
[INFO] [1779676961.807444271] [cartesian_streamer]: QueueTrajPoint accepted #60: t=5.995s, hold=True
[INFO] [1779676963.128155608] [cartesian_streamer]: IK OK → Δmax=0.0106 rad, joints: [1.579, 0.077, -1.038, -0.031, -0.531, -0.009]
[WARN] [1779676963.195076749] [cartesian_streamer]: QueueTrajPoint đã được accept nhưng joint_states hầu như không đổi. Kiểm tra: 1) Robot ở mode AUTO? 2) Servo ON? 3) E-stop cleared?
[INFO] [1779676963.882717507] [cartesian_streamer]: QueueTrajPoint accepted #80: t=7.928s, hold=False
[INFO] [1779676964.728111602] [cartesian_streamer]: IK delta clamped → joints: [1.551, -0.008, -0.933, -0.021, -0.715, 0.007]
[INFO] [1779676965.129658913] [cartesian_streamer]: IK OK → Δmax=0.0297 rad, joints: [1.502, -0.048, -0.828, -0.013, -0.868, 0.049]
[INFO] [1779676965.530194958] [cartesian_streamer]: Runtime rate: state=streaming, tick_hz=15.0, queue_send_hz=9.9, ack_hz=10.1, busy_hz=0.0, retry_count=0, reject_count=0, inter_ack_ms=100.5, max_joint_delta=0.090, cumul_time=9.33s, hold_count=0
[INFO] [1779676965.621819360] [cartesian_streamer]: QueueTrajPoint accepted #100: t=9.462s, hold=False
[INFO] [1779676967.070938965] [cartesian_streamer]: QueueTrajPoint accepted #120: t=10.929s, hold=False
[INFO] [1779676967.198564091] [cartesian_streamer]: IK OK → Δmax=0.0202 rad, joints: [1.438, 0.161, -0.221, -0.005, -1.266, 0.106]
[INFO] [1779676968.548494246] [cartesian_streamer]: QueueTrajPoint accepted #140: t=12.398s, hold=False
[INFO] [1779676969.198870368] [cartesian_streamer]: IK OK → Δmax=0.0207 rad, joints: [1.394, 0.552, 0.400, -0.002, -1.497, 0.148]
[INFO] [1779676969.882403900] [cartesian_streamer]: QueueTrajPoint accepted #160: t=13.728s, hold=False
[INFO] [1779676970.593627109] [cartesian_streamer]: Runtime rate: state=streaming, tick_hz=15.0, queue_send_hz=14.2, ack_hz=14.2, busy_hz=0.0, retry_count=0, reject_count=0, inter_ack_ms=70.6, max_joint_delta=0.057, cumul_time=14.40s, hold_count=0
[INFO] [1779676971.218451346] [cartesian_streamer]: QueueTrajPoint accepted #180: t=15.064s, hold=False
[INFO] [1779676971.261490601] [cartesian_streamer]: IK OK → Δmax=0.0141 rad, joints: [1.408, 1.002, 0.910, -0.003, -1.556, 0.134]
[INFO] [1779676972.606997941] [cartesian_streamer]: QueueTrajPoint accepted #200: t=16.461s, hold=False
[INFO] [1779676972.928585961] [cartesian_streamer]: IK delta clamped → joints: [1.457, 0.952, 0.480, -0.007, -1.148, 0.088]
[INFO] [1779676973.261965898] [cartesian_streamer]: IK OK → Δmax=0.0270 rad, joints: [1.464, 0.886, 0.307, -0.008, -1.069, 0.082]
[INFO] [1779676974.016871111] [cartesian_streamer]: QueueTrajPoint accepted #220: t=17.863s, hold=False
[INFO] [1779676975.327721195] [cartesian_streamer]: IK OK → Δmax=0.0000 rad, joints: [1.456, 0.887, 0.317, -0.007, -1.078, 0.089]
[INFO] [1779676975.553923150] [cartesian_streamer]: QueueTrajPoint accepted #240: t=19.395s, hold=False
[INFO] [1779676975.594022879] [cartesian_streamer]: Runtime rate: state=streaming, tick_hz=15.0, queue_send_hz=14.0, ack_hz=14.0, busy_hz=0.0, retry_count=0, reject_count=0, inter_ack_ms=71.5, max_joint_delta=0.067, cumul_time=19.40s, hold_count=0
[INFO] [1779676976.375679168] [cartesian_streamer]: Disable Robot: dừng stream, tắt traj mode...
[INFO] [1779676976.376681704] [cartesian_streamer]: ✗ Robot DISABLED.
[INFO] [1779677053.948939702] [cartesian_streamer]: Enable Robot: bắt đầu chuỗi khởi động...
[INFO] [1779677053.949942792] [cartesian_streamer]: Enable: reset_error...
[INFO] [1779677053.957263170] [cartesian_streamer]: reset_error: code=1, msg="success"
[INFO] [1779677053.957655983] [cartesian_streamer]: Enable: stop_traj_mode (giải phóng mode cũ)...
[INFO] [1779677054.014986436] [cartesian_streamer]: stop_traj_mode: success=True, code=N/A, msg=""
[INFO] [1779677054.015299543] [cartesian_streamer]: Enable: chờ 1.5s để hệ thống ổn định trước khi start queue...
[INFO] [1779677055.516879418] [cartesian_streamer]: Enable: StartPointQueueMode...
[INFO] [1779677056.903122682] [cartesian_streamer]: StartPointQueueMode response: code=1, msg=""
[INFO] [1779677056.903791366] [cartesian_streamer]: ✓ Robot ENABLED — Point Queue Mode active. Servo ON!
[INFO] [1779677056.926468288] [cartesian_streamer]: Runtime rate: state=seeding, tick_hz=0.1, queue_send_hz=0.1, ack_hz=0.1, busy_hz=0.0, retry_count=0, reject_count=0, inter_ack_ms=87.4, max_joint_delta=0.011, cumul_time=0.00s, hold_count=0
[WARN] [1779677056.926839848] [cartesian_streamer]: Target stream stale: không có target mới trong 80.6s
[WARN] [1779677056.927175135] [cartesian_streamer]: QueueTrajPoint đã được accept nhưng joint_states hầu như không đổi. Kiểm tra: 1) Robot ở mode AUTO? 2) Servo ON? 3) E-stop cleared?
[INFO] [1779677056.931747427] [cartesian_streamer]: Bootstrap EE pose via FK: (-0.1638, 0.2630, 0.3947)
[INFO] [1779677056.932401350] [cartesian_streamer]: Đã gửi seed point (current joints, t=0), chờ ACK...
[INFO] [1779677056.955129130] [cartesian_streamer]: Seed ACK nhận được, bắt đầu prebuffer.
[INFO] [1779677057.288934730] [cartesian_streamer]: Pre-buffer hoàn tất (3 points), bắt đầu stream ổn định. Đang chờ target...
[INFO] [1779677058.010606159] [cartesian_streamer]: QueueTrajPoint accepted #260: t=0.994s, hold=True
[INFO] [1779677060.057344852] [cartesian_streamer]: QueueTrajPoint accepted #280: t=2.927s, hold=True
[INFO] [1779677061.927101751] [cartesian_streamer]: Runtime rate: state=streaming, tick_hz=15.0, queue_send_hz=8.4, ack_hz=8.2, busy_hz=0.0, retry_count=0, reject_count=0, inter_ack_ms=2085.1, max_joint_delta=0.000, cumul_time=4.46s, hold_count=41
[WARN] [1779677061.927472457] [cartesian_streamer]: Target stream stale: không có target mới trong 85.6s
[WARN] [1779677061.996814988] [cartesian_streamer]: Queue BUSY, sẽ resend (backoff 66ms): msg="Busy processing the previous trajectory point. Please resend the next point shortly"
[INFO] [1779677062.677977040] [cartesian_streamer]: QueueTrajPoint accepted #300: t=5.059s, hold=True
[INFO] [1779677064.890303866] [cartesian_streamer]: QueueTrajPoint accepted #320: t=6.992s, hold=True
[INFO] [1779677066.721552494] [cartesian_streamer]: QueueTrajPoint accepted #340: t=8.726s, hold=True
[INFO] [1779677066.928003595] [cartesian_streamer]: Runtime rate: state=streaming, tick_hz=15.0, queue_send_hz=10.4, ack_hz=10.4, busy_hz=0.2, retry_count=1, reject_count=0, inter_ack_ms=97.8, max_joint_delta=0.000, cumul_time=8.93s, hold_count=92
[WARN] [1779677066.928848455] [cartesian_streamer]: Target stream stale: không có target mới trong 90.6s
[INFO] [1779677066.994961468] [cartesian_streamer]: IK delta clamped → joints: [1.501, 0.145, -0.979, -0.007, -0.613, 0.088]
[INFO] [1779677066.995380224] [cartesian_streamer]: IK OK → Δmax=0.0900 rad, joints: [1.501, 0.145, -0.979, -0.007, -0.613, 0.088]
[WARN] [1779677067.060414737] [cartesian_streamer]: QueueTrajPoint đã được accept nhưng joint_states hầu như không đổi. Kiểm tra: 1) Robot ở mode AUTO? 2) Servo ON? 3) E-stop cleared?
[INFO] [1779677068.280782681] [cartesian_streamer]: QueueTrajPoint accepted #360: t=10.396s, hold=False
[INFO] [1779677069.062399490] [cartesian_streamer]: IK OK → Δmax=0.0373 rad, joints: [1.472, 0.009, -0.792, -0.010, -0.847, 0.077]
[INFO] [1779677069.819160779] [cartesian_streamer]: QueueTrajPoint accepted #380: t=11.928s, hold=False
[INFO] [1779677071.127642980] [cartesian_streamer]: IK OK → Δmax=0.0172 rad, joints: [1.482, 0.091, -0.439, -0.009, -1.119, 0.064]
[INFO] [1779677071.413512265] [cartesian_streamer]: QueueTrajPoint accepted #400: t=13.527s, hold=False
[INFO] [1779677071.994126538] [cartesian_streamer]: Runtime rate: state=streaming, tick_hz=15.0, queue_send_hz=13.0, ack_hz=13.0, busy_hz=0.0, retry_count=0, reject_count=0, inter_ack_ms=76.2, max_joint_delta=0.090, cumul_time=14.06s, hold_count=0
[INFO] [1779677072.813857411] [cartesian_streamer]: QueueTrajPoint accepted #420: t=14.928s, hold=False
[INFO] [1779677073.130211238] [cartesian_streamer]: IK OK → Δmax=0.0247 rad, joints: [1.421, 0.406, 0.201, -0.004, -1.443, 0.122]
[INFO] [1779677073.531734042] [cartesian_streamer]: IK delta clamped → joints: [1.420, 0.491, 0.346, -0.004, -1.510, 0.123]
[INFO] [1779677074.218544897] [cartesian_streamer]: QueueTrajPoint accepted #440: t=16.328s, hold=False
[INFO] [1779677075.195397416] [cartesian_streamer]: IK OK → Δmax=0.0138 rad, joints: [1.403, 0.893, 0.934, -0.002, -1.690, 0.139]
[INFO] [1779677075.546395874] [cartesian_streamer]: QueueTrajPoint accepted #460: t=17.664s, hold=False
[INFO] [1779677077.011853670] [cartesian_streamer]: QueueTrajPoint accepted #480: t=19.128s, hold=False
[INFO] [1779677077.059905000] [cartesian_streamer]: Runtime rate: state=streaming, tick_hz=15.0, queue_send_hz=14.2, ack_hz=14.2, busy_hz=0.0, retry_count=0, reject_count=0, inter_ack_ms=70.4, max_joint_delta=0.066, cumul_time=19.13s, hold_count=0
[INFO] [1779677077.261505140] [cartesian_streamer]: IK OK → Δmax=0.0147 rad, joints: [1.423, 0.997, 0.654, -0.004, -1.306, 0.120]
[INFO] [1779677078.480518290] [cartesian_streamer]: QueueTrajPoint accepted #500: t=20.596s, hold=False
[INFO] [1779677079.329203823] [cartesian_streamer]: IK OK → Δmax=0.0122 rad, joints: [1.503, 0.736, -0.096, -0.014, -0.816, 0.048]
[INFO] [1779677079.802481774] [cartesian_streamer]: QueueTrajPoint accepted #520: t=21.931s, hold=False
[INFO] [1779677081.205931260] [cartesian_streamer]: QueueTrajPoint accepted #540: t=23.330s, hold=False
[INFO] [1779677081.394151892] [cartesian_streamer]: IK OK → Δmax=0.0119 rad, joints: [1.517, 0.699, -0.206, -0.016, -0.743, 0.037]
[INFO] [1779677082.060548873] [cartesian_streamer]: Runtime rate: state=streaming, tick_hz=15.0, queue_send_hz=13.8, ack_hz=13.8, busy_hz=0.0, retry_count=0, reject_count=0, inter_ack_ms=72.4, max_joint_delta=0.053, cumul_time=24.13s, hold_count=0
[INFO] [1779677082.745214137] [cartesian_streamer]: QueueTrajPoint accepted #560: t=24.861s, hold=False
[INFO] [1779677083.395174149] [cartesian_streamer]: IK OK → Δmax=0.0208 rad, joints: [1.518, 0.706, 0.254, -0.012, -1.195, 0.028]
[INFO] [1779677084.154084661] [cartesian_streamer]: QueueTrajPoint accepted #580: t=26.261s, hold=False
[WARN] [1779677085.062203578] [cartesian_streamer]: IK solution ngoài soft limit. Đã clamp vào biên để bảo vệ robot.
[INFO] [1779677085.395767423] [cartesian_streamer]: IK OK → Δmax=0.0000 rad, joints: [1.474, 1.035, 1.050, -0.009, -2.019, 0.065]
[INFO] [1779677085.617227487] [cartesian_streamer]: QueueTrajPoint accepted #600: t=27.730s, hold=False
[INFO] [1779677085.928462206] [cartesian_streamer]: IK delta clamped → joints: [1.469, 0.965, 1.050, -0.009, -2.082, 0.069]
[WARN] [1779677085.943752180] [cartesian_streamer]: Queue BUSY, sẽ resend (backoff 66ms): msg="Busy processing the previous trajectory point. Please resend the next point shortly"
[WARN] [1779677086.128562408] [cartesian_streamer]: IK solution ngoài soft limit. Đã clamp vào biên để bảo vệ robot.
[INFO] [1779677087.126854699] [cartesian_streamer]: Runtime rate: state=streaming, tick_hz=15.0, queue_send_hz=13.4, ack_hz=13.0, busy_hz=0.4, retry_count=2, reject_count=0, inter_ack_ms=77.3, max_joint_delta=0.090, cumul_time=28.72s, hold_count=0
[WARN] [1779677087.209481054] [cartesian_streamer]: Queue BUSY, sẽ resend (backoff 66ms): msg="Busy processing the previous trajectory point. Please resend the next point shortly"
[INFO] [1779677087.460429526] [cartesian_streamer]: IK OK → Δmax=0.0658 rad, joints: [1.496, 0.796, 0.968, -0.010, -1.820, 0.044]
[WARN] [1779677087.471171465] [cartesian_streamer]: ⚠ Queue mode bị drop! Auto-recovery lần 1/3...
[INFO] [1779677087.972237312] [cartesian_streamer]: Auto-recovery: bắt đầu re-enable queue mode...
[INFO] [1779677087.972609869] [cartesian_streamer]: Enable: reset_error...
[INFO] [1779677088.100578231] [cartesian_streamer]: reset_error: code=105, msg="Pendant is not in REMOTE mode"
[INFO] [1779677088.100871756] [cartesian_streamer]: Enable: stop_traj_mode (giải phóng mode cũ)...
[INFO] [1779677088.663147700] [cartesian_streamer]: stop_traj_mode: success=True, code=N/A, msg=""
[INFO] [1779677088.663744494] [cartesian_streamer]: Enable: chờ 1.5s để hệ thống ổn định trước khi start queue...
[INFO] [1779677090.164884693] [cartesian_streamer]: Enable: StartPointQueueMode...
[INFO] [1779677091.205538061] [cartesian_streamer]: Disable Robot: dừng stream, tắt traj mode...
[INFO] [1779677091.206838258] [cartesian_streamer]: ✗ Robot DISABLED.
[INFO] [1779677091.699792544] [cartesian_streamer]: StartPointQueueMode response: code=1, msg=""
[INFO] [1779677091.700339702] [cartesian_streamer]: ✓ Robot ENABLED — Point Queue Mode active. Servo ON!
[INFO] [1779677091.730632783] [cartesian_streamer]: Bootstrap EE pose via FK: (-0.0588, 1.0313, 0.5990)
[INFO] [1779677091.731698669] [cartesian_streamer]: Đã gửi seed point (current joints, t=0), chờ ACK...
[WARN] [1779677091.793700040] [cartesian_streamer]: ⚠ Queue mode bị drop! Auto-recovery lần 2/3...
[INFO] [1779677092.295051100] [cartesian_streamer]: Auto-recovery: bắt đầu re-enable queue mode...
[INFO] [1779677092.295564093] [cartesian_streamer]: Enable: reset_error...
[INFO] [1779677092.311883647] [cartesian_streamer]: reset_error: code=1, msg="success"
[INFO] [1779677092.312189988] [cartesian_streamer]: Enable: stop_traj_mode (giải phóng mode cũ)...
[INFO] [1779677092.361762250] [cartesian_streamer]: stop_traj_mode: success=True, code=N/A, msg=""
[INFO] [1779677092.362139749] [cartesian_streamer]: Enable: chờ 1.5s để hệ thống ổn định trước khi start queue...
[INFO] [1779677093.863158821] [cartesian_streamer]: Enable: StartPointQueueMode...
[INFO] [1779677093.891099951] [cartesian_streamer]: StartPointQueueMode response: code=104, msg="The teach pendant must not be in TEACH mode"
[ERROR] [1779677093.891630482] [cartesian_streamer]: StartPointQueueMode FAILED: The teach pendant must not be in TEACH mode
[INFO] [1779677096.491795810] [cartesian_streamer]: Disable Robot: dừng stream, tắt traj mode...
[INFO] [1779677096.492373809] [cartesian_streamer]: ✗ Robot DISABLED.
[INFO] [1779677280.714841915] [cartesian_streamer]: Graceful shutdown: tắt Point Queue Mode trước khi thoát...
[INFO] [1779677280.716119303] [cartesian_streamer]: Robot chưa enable, không cần stop_traj_mode.
[INFO] [1779677280.717396111] [cartesian_streamer]: Shutdown hoàn tất. Tủ điện sẽ KHÔNG bị alarm.
