[INFO] [1781250017.577620238] [coord_transform]: CoordTransformNode khởi động.
  Object offset (cam frame): [0.05 0.   0.1 ]
  Translation cam→base:      [0.5 0.  1.2]
  EE orientation (xyzw):     [0.0, 1.0, 0.0, 0.0]
  Prediction step:           5
  Axis remap:                [0, 1, 2]
  Axis sign:                 [-1.0, 1.0, 1.0]
  Workspace X: (-1.0, 1.0), Y: (-0.5, 1.3), Z: (0.05, 1.5)
  Filter outlier_threshold:  0.15m
  Filter median_size_y:      3
  Filter deadband_tol:       15.0mm
  Filter stationary_thresh:  3 frames
  Filter max_rate:           5.0cm/frame
  Filter EMA moving(x,y,z):  (1.0,1.0,1.0)
  Filter EMA hold  (x,y,z):  (0.08,0.02,0.05)
[WARN] [1781250036.839384530] [coord_transform]: Outlier rejected #1 (jumped 151.5mm). Ignoring.
[WARN] [1781250042.883182263] [coord_transform]: Outlier rejected #1 (jumped 2325.8mm). Ignoring.
[WARN] [1781250042.922686187] [coord_transform]: Outlier rejected #2 (jumped 2316.8mm). Ignoring.
[WARN] [1781250042.956404056] [coord_transform]: Outlier rejected #3 (jumped 2325.8mm). Ignoring.
[WARN] [1781250042.986340169] [coord_transform]: Outlier rejected #4 (jumped 2360.0mm). Ignoring.
[INFO] [1781250043.017584844] [coord_transform]: Too many outliers (5). Resetting filter to new position.
[WARN] [1781250047.754610685] [coord_transform]: Outlier rejected #1 (jumped 302.2mm). Ignoring.
[WARN] [1781250047.786612983] [coord_transform]: Outlier rejected #2 (jumped 302.2mm). Ignoring.
[WARN] [1781250047.820818991] [coord_transform]: Outlier rejected #3 (jumped 306.6mm). Ignoring.
[WARN] [1781250047.853106909] [coord_transform]: Outlier rejected #4 (jumped 306.6mm). Ignoring.
[INFO] [1781250047.890154910] [coord_transform]: Too many outliers (5). Resetting filter to new position.
[INFO] [1781250056.497308527] [coord_transform]: Captured Init Pose! P_init=(-0.162, 0.280, 0.379), Cam_init=(0.236, -0.204, 0.069), Noise_Tol=60.0mm
Orientation=(0.998, 0.064, -0.000, 0.000)
[INFO] [1781250056.498425983] [coord_transform]: Deadband: RELEASE — motion detected
[INFO] [1781250056.621602620] [coord_transform]: Deadband: HOLD at (0.236, -0.204, 0.069)
[INFO] [1781250059.207267714] [coord_transform]: Deadband: RELEASE — motion detected
[INFO] [1781250059.232700004] [coord_transform]: Deadband: HOLD at (0.236, -0.204, 0.069)
[INFO] [1781250061.557987282] [coord_transform]: Deadband: RELEASE — motion detected
[INFO] [1781250061.593154604] [coord_transform]: Deadband: HOLD at (0.236, -0.204, 0.069)
[INFO] [1781250063.559427897] [coord_transform]: Deadband: RELEASE — motion detected
[INFO] [1781250063.595594764] [coord_transform]: Deadband: HOLD at (0.236, -0.204, 0.069)
[INFO] [1781250065.562353982] [coord_transform]: Deadband: RELEASE — motion detected
[INFO] [1781250065.739974320] [coord_transform]: Deadband: HOLD at (0.236, -0.204, 0.069)
[INFO] [1781250067.593955849] [coord_transform]: Deadband: RELEASE — motion detected
[INFO] [1781250067.761908722] [coord_transform]: Deadband: HOLD at (0.236, -0.204, 0.069)
[INFO] [1781250070.199330640] [coord_transform]: Deadband: RELEASE — motion detected
[INFO] [1781250070.232453703] [coord_transform]: Deadband: HOLD at (0.236, -0.204, 0.069)
[INFO] [1781250071.316418433] [coord_transform]: Re-sync camera init: [ 0.238 -0.2    0.09 ]
[INFO] [1781250071.316734372] [coord_transform]: Trạng thái tracking: RUNNING
