[INFO] [1779938571.950569422] [experiment_logger]: Logger ready.
[INFO] [1779938616.227936978] [experiment_logger]: Trajectory mode: prediction
[INFO] [1779938630.372500475] [experiment_logger]: Service called: /logger/toggle with data=True
[INFO] [1779938630.373034552] [experiment_logger]: ✓ STARTED in-memory logging. Target file: /home/duy/cocarry_ws/cocarry_logs/experiment_GRU_20260528_102350.csv
[INFO] [1779938757.524954218] [experiment_logger]: Service called: /logger/toggle with data=False
[INFO] [1779938757.525317951] [experiment_logger]: Writing 3647 rows from memory to /home/duy/cocarry_ws/cocarry_logs/experiment_GRU_20260528_102350.csv...
[INFO] [1779938757.542654590] [experiment_logger]: ✓ Successfully wrote logs to disk.
[INFO] [1779938757.545529134] [experiment_logger]: Stopped logging. Saved 3647 rows to /home/duy/cocarry_ws/cocarry_logs/experiment_GRU_20260528_102350.csv
[INFO] [1779938757.580091846] [experiment_logger]: 
============================================================
EXPERIMENT METRICS
  File: experiment_GRU_20260528_102350.csv
  Total samples: 3647
  Task completion time: 127.15 s
  --- Prediction Accuracy (over 3647 samples) ---
  Avg Inference Time: 4.47 ms
  Mean Squared Error (MSE): 0.007823 m²
  Mean Absolute Error (MAE - 3D): 0.0511 m
      MAE X: 0.0119 m
      MAE Y: 0.0455 m
      MAE Z: 0.0110 m
  --- Trajectory Smoothness (Robot EE) ---
  Mean Jerk (3D): 15.7570 m/s³
      Jerk X: 4.8293 m/s³
      Jerk Y: 11.3495 m/s³
      Jerk Z: 6.0865 m/s³
  Max Jerk (3D): 154.6578 m/s³
  RMS Jerk (3D): 26.7535 m/s³
============================================================
