[INFO] [1781249149.329913765] [trajectory_predictor]: [Predictor] Worker launched (pid=103933)
[INFO] [1781249149.330601221] [trajectory_predictor]: [Predictor] Started | model=gru | window=20 | auto_start=True
  Output Filter: enabled=True, ema_alpha=0.2, max_dev=0.08, max_rate=0.04
[WARN] [1781249150.716208705] [trajectory_predictor]: [Worker STDERR] /usr/lib/python3/dist-packages/scipy/__init__.py:146: UserWarning: A NumPy version >=1.17.3 and <1.25.0 is required for this version of SciPy (detected version 1.26.4
[WARN] [1781249150.717297782] [trajectory_predictor]: [Worker STDERR] warnings.warn(f"A NumPy version >={np_minversion} and <{np_maxversion}"
[WARN] [1781249151.811603378] [trajectory_predictor]: [Worker STDERR] /home/duy/.local/lib/python3.10/site-packages/sklearn/base.py:442: InconsistentVersionWarning: Trying to unpickle estimator MinMaxScaler from version 1.6.1 when using version 1.7.2. This might lead to breaking code or invalid results. Use at your own risk. For more info please refer to:
[WARN] [1781249151.812924755] [trajectory_predictor]: [Worker STDERR] https://scikit-learn.org/stable/model_persistence.html#security-maintainability-limitations
[INFO] [1781249151.813326027] [trajectory_predictor]: [Worker] TF 2.21.0 and sklearn loaded
[WARN] [1781249151.813452592] [trajectory_predictor]: [Worker STDERR] warnings.warn(
[INFO] [1781249152.578725420] [trajectory_predictor]: [Predictor] Worker READY | model=gru
[INFO] [1781249161.459590943] [trajectory_predictor]: [Filter] raw=(0.2187,0.0108,0.0662) → filt=(0.0503,-1.4200,0.0662) Δ=(0.1683,1.4308,0.0000)
[INFO] [1781249161.944191595] [trajectory_predictor]: [Pred HOLD ON] Tay đứng yên (std=2.9mm). Khóa tại (-0.0377, -1.4675, 0.0357)
[INFO] [1781249162.247083490] [trajectory_predictor]: [Pred HOLD OFF] Tay di chuyển (dev=15.9mm). Thả hold.
[INFO] [1781249163.176742398] [trajectory_predictor]: [Pred HOLD ON] Tay đứng yên (std=5.1mm). Khóa tại (-0.0481, -1.4993, 0.1057)
[INFO] [1781249164.319289278] [trajectory_predictor]: [Pred HOLD OFF] Tay di chuyển (dev=15.2mm). Thả hold.
[INFO] [1781249164.483093189] [trajectory_predictor]: [Pred HOLD ON] Tay đứng yên (std=2.5mm). Khóa tại (-0.0393, -1.4924, 0.0912)
[INFO] [1781249167.019511374] [trajectory_predictor]: [Pred HOLD OFF] Tay di chuyển (dev=16.5mm). Thả hold.
[INFO] [1781249167.324302302] [trajectory_predictor]: [Pred HOLD ON] Tay đứng yên (std=3.7mm). Khóa tại (-0.0378, -1.5194, 0.0891)
[INFO] [1781249167.553030278] [trajectory_predictor]: [Filter] raw=(-0.0378,-1.5194,0.0891) → filt=(-0.0378,-1.5194,0.0891) Δ=(0.0000,0.0000,0.0000)
[INFO] [1781249167.820208776] [trajectory_predictor]: [Pred HOLD OFF] Tay di chuyển (dev=15.3mm). Thả hold.
[INFO] [1781249167.987534612] [trajectory_predictor]: [Pred HOLD ON] Tay đứng yên (std=5.2mm). Khóa tại (-0.0405, -1.5365, 0.0818)
[INFO] [1781249169.849341074] [trajectory_predictor]: [Pred HOLD OFF] Tay di chuyển (dev=15.4mm). Thả hold.
[INFO] [1781249170.088797382] [trajectory_predictor]: [Pred HOLD ON] Tay đứng yên (std=5.1mm). Khóa tại (-0.0460, -1.5546, 0.0733)
[INFO] [1781249171.956115920] [trajectory_predictor]: [Pred HOLD OFF] Tay di chuyển (dev=16.8mm). Thả hold.
[INFO] [1781249174.225400562] [trajectory_predictor]: [Filter] raw=(0.1692,0.0239,0.0838) → filt=(0.1679,-1.8409,0.0853) Δ=(0.0013,1.8648,0.0015)
[INFO] [1781249176.309209006] [trajectory_predictor]: [Predictor] Buffer cleared (no data for 1.6s)
[INFO] [1781249179.830146054] [trajectory_predictor]: [Filter] raw=(0.2747,0.0212,0.0198) → filt=(0.2774,-2.1511,0.0226) Δ=(0.0027,2.1723,0.0027)
[INFO] [1781249182.341726570] [trajectory_predictor]: [Predictor] Predicting STOPPED
[INFO] [1781249187.368252857] [trajectory_predictor]: [Pred HOLD ON] Tay đứng yên (std=4.9mm). Khóa tại (0.0001, -0.0143, -0.0044)
[INFO] [1781249188.199771934] [trajectory_predictor]: [Filter] raw=(0.0001,-0.0143,-0.0044) → filt=(0.0001,-0.0143,-0.0044) Δ=(0.0000,0.0000,0.0000)
[INFO] [1781249194.037765405] [trajectory_predictor]: [Pred HOLD OFF] Tay di chuyển (dev=20.6mm). Thả hold.
[INFO] [1781249196.193046362] [trajectory_predictor]: [Predictor] Predicting STOPPED
[INFO] [1781249219.770919453] [trajectory_predictor]: [Predictor] Predicting STOPPED
[INFO] [1781249222.058145077] [trajectory_predictor]: [Pred HOLD ON] Tay đứng yên (std=5.3mm). Khóa tại (0.1739, -0.0457, 0.1388)
[INFO] [1781249222.378807489] [trajectory_predictor]: [Pred HOLD OFF] Tay di chuyển (dev=15.5mm). Thả hold.
[INFO] [1781249222.572688679] [trajectory_predictor]: [Pred HOLD ON] Tay đứng yên (std=5.1mm). Khóa tại (0.1746, -0.0259, 0.1547)
[INFO] [1781249222.805913414] [trajectory_predictor]: [Pred HOLD OFF] Tay di chuyển (dev=15.4mm). Thả hold.
[INFO] [1781249228.836609756] [trajectory_predictor]: [Pred HOLD ON] Tay đứng yên (std=4.3mm). Khóa tại (-0.0253, 0.5947, 0.2192)
[INFO] [1781249229.206102313] [trajectory_predictor]: [Filter] raw=(-0.0253,0.5947,0.2192) → filt=(-0.0253,0.5947,0.2192) Δ=(0.0000,0.0000,0.0000)
[INFO] [1781249229.364676010] [trajectory_predictor]: [Pred HOLD OFF] Tay di chuyển (dev=16.1mm). Thả hold.
[INFO] [1781249229.865587858] [trajectory_predictor]: [Pred HOLD ON] Tay đứng yên (std=4.7mm). Khóa tại (-0.0294, 0.6398, 0.2166)
[INFO] [1781249230.413771522] [trajectory_predictor]: [Pred HOLD OFF] Tay di chuyển (dev=15.1mm). Thả hold.
[INFO] [1781249230.566769889] [trajectory_predictor]: [Pred HOLD ON] Tay đứng yên (std=2.1mm). Khóa tại (-0.0340, 0.6582, 0.2133)
[INFO] [1781249231.434727800] [trajectory_predictor]: [Pred HOLD OFF] Tay di chuyển (dev=15.2mm). Thả hold.
[INFO] [1781249231.599855102] [trajectory_predictor]: [Pred HOLD ON] Tay đứng yên (std=3.0mm). Khóa tại (-0.0341, 0.6473, 0.1982)
[INFO] [1781249232.402718802] [trajectory_predictor]: [Pred HOLD OFF] Tay di chuyển (dev=15.5mm). Thả hold.
[INFO] [1781249232.571422485] [trajectory_predictor]: [Pred HOLD ON] Tay đứng yên (std=3.8mm). Khóa tại (-0.0382, 0.6623, 0.1912)
[INFO] [1781249236.868434789] [trajectory_predictor]: [Filter] raw=(-0.0382,0.6623,0.1912) → filt=(-0.0382,0.6623,0.1912) Δ=(0.0000,0.0000,0.0000)
[INFO] [1781249237.672163842] [trajectory_predictor]: [Pred HOLD OFF] Tay di chuyển (dev=15.3mm). Thả hold.
[INFO] [1781249237.845682352] [trajectory_predictor]: [Pred HOLD ON] Tay đứng yên (std=2.0mm). Khóa tại (-0.0382, 0.6474, 0.1917)
[INFO] [1781249241.673468862] [trajectory_predictor]: [Pred HOLD OFF] Tay di chuyển (dev=15.0mm). Thả hold.
[INFO] [1781249241.844927376] [trajectory_predictor]: [Pred HOLD ON] Tay đứng yên (std=3.7mm). Khóa tại (-0.0435, 0.6578, 0.1829)
[INFO] [1781249243.874385035] [trajectory_predictor]: [Filter] raw=(-0.0435,0.6578,0.1829) → filt=(-0.0435,0.6578,0.1829) Δ=(0.0000,0.0000,0.0000)
[INFO] [1781249248.118099252] [trajectory_predictor]: [Pred HOLD OFF] Tay di chuyển (dev=15.8mm). Thả hold.
[INFO] [1781249248.285756729] [trajectory_predictor]: [Pred HOLD ON] Tay đứng yên (std=3.6mm). Khóa tại (-0.0351, 0.6426, 0.1914)
[INFO] [1781249250.713477509] [trajectory_predictor]: [Filter] raw=(-0.0351,0.6426,0.1914) → filt=(-0.0351,0.6426,0.1914) Δ=(0.0000,0.0000,0.0000)
[INFO] [1781249255.851983307] [trajectory_predictor]: [Pred HOLD OFF] Tay di chuyển (dev=15.2mm). Thả hold.
[INFO] [1781249256.021554829] [trajectory_predictor]: [Pred HOLD ON] Tay đứng yên (std=2.7mm). Khóa tại (-0.0424, 0.6532, 0.1828)
[INFO] [1781249257.551483063] [trajectory_predictor]: [Filter] raw=(-0.0424,0.6532,0.1828) → filt=(-0.0424,0.6532,0.1828) Δ=(0.0000,0.0000,0.0000)
[INFO] [1781249259.614426117] [trajectory_predictor]: [Predictor] Predicting STOPPED
[INFO] [1781249260.189082269] [trajectory_predictor]: [Pred HOLD OFF] Tay di chuyển (dev=15.8mm). Thả hold.
[INFO] [1781249260.356328757] [trajectory_predictor]: [Pred HOLD ON] Tay đứng yên (std=4.2mm). Khóa tại (-0.0478, 0.6359, 0.1753)
[INFO] [1781249260.621499853] [trajectory_predictor]: [Pred HOLD OFF] Tay di chuyển (dev=17.2mm). Thả hold.
[INFO] [1781249264.309548817] [trajectory_predictor]: [Predictor] Buffer cleared (no data for 1.6s)
[INFO] [1781249266.309524471] [trajectory_predictor]: [Predictor] Buffer cleared (no data for 1.4s)
[INFO] [1781249570.309366457] [trajectory_predictor]: [Predictor] Buffer cleared (no data for 1.5s)
[INFO] [1781249600.309382252] [trajectory_predictor]: [Predictor] Buffer cleared (no data for 1.0s)
[INFO] [1781249603.309367215] [trajectory_predictor]: [Predictor] Buffer cleared (no data for 1.2s)
[INFO] [1781249606.309300447] [trajectory_predictor]: [Predictor] Buffer cleared (no data for 2.0s)
[INFO] [1781249610.309321182] [trajectory_predictor]: [Predictor] Buffer cleared (no data for 1.4s)
[INFO] [1781249613.309440193] [trajectory_predictor]: [Predictor] Buffer cleared (no data for 1.9s)
[INFO] [1781249618.309446025] [trajectory_predictor]: [Predictor] Buffer cleared (no data for 1.9s)
[INFO] [1781249626.309886297] [trajectory_predictor]: [Predictor] Buffer cleared (no data for 1.8s)
[INFO] [1781249629.309397894] [trajectory_predictor]: [Predictor] Buffer cleared (no data for 1.5s)
[INFO] [1781249634.309659078] [trajectory_predictor]: [Predictor] Buffer cleared (no data for 1.0s)
[INFO] [1781249639.309859861] [trajectory_predictor]: [Predictor] Buffer cleared (no data for 1.5s)
[INFO] [1781249641.309724807] [trajectory_predictor]: [Predictor] Buffer cleared (no data for 1.2s)
[INFO] [1781249644.309855377] [trajectory_predictor]: [Predictor] Buffer cleared (no data for 1.0s)
[INFO] [1781249648.309627172] [trajectory_predictor]: [Predictor] Buffer cleared (no data for 1.3s)
[INFO] [1781249651.309586541] [trajectory_predictor]: [Predictor] Buffer cleared (no data for 1.0s)
[INFO] [1781249654.309666439] [trajectory_predictor]: [Predictor] Buffer cleared (no data for 1.4s)
[INFO] [1781249657.309791469] [trajectory_predictor]: [Predictor] Buffer cleared (no data for 1.5s)
[WARN] [1781249676.626391695] [trajectory_predictor]: [Worker STDERR] Traceback (most recent call last):
[WARN] [1781249676.627020197] [trajectory_predictor]: [Worker STDERR] File "/home/duy/cocarry_ws/install/trajectory_predictor/lib/python3.10/site-packages/trajectory_predictor/inference_worker.py", line 255, in <module>
[WARN] [1781249676.627639056] [trajectory_predictor]: [Worker STDERR] main()
[WARN] [1781249676.628248915] [trajectory_predictor]: [Worker STDERR] File "/home/duy/cocarry_ws/install/trajectory_predictor/lib/python3.10/site-packages/trajectory_predictor/inference_worker.py", line 190, in main
[WARN] [1781249676.629155323] [trajectory_predictor]: [Worker STDERR] for line in sys.stdin:
[WARN] [1781249676.629798337] [trajectory_predictor]: [Worker STDERR] KeyboardInterrupt
