[INFO] [1779675902.638663594] [cartesian_streamer]: CartesianStreamer khởi động (chờ Enable Robot từ UI).
  Stream rate:       15 Hz (period=66.7ms)
  Queue dt:          0.067 s
  Prebuffer points:  3
  Retry backoff:     66.0 ms
  Gửi PoseStamped lên: /cartesian_streamer/target_pose
  Gửi XYZ lên:        /cartesian_streamer/target_xyz
  Nhận EE pose tại:   /cartesian_streamer/current_pose
[INFO] [1779675902.644237607] [cartesian_streamer]: Nhận joint_states: ['1.571', '-0.000', '-1.047', '0.000', '-0.524', '0.000']
[INFO] [1779675903.119363406] [cartesian_streamer]: Đã nhận joint_states. EE hiện tại: (-0.1620, 0.2500, 0.4120). Chờ Enable Robot từ UI...
[INFO] [1779676015.772982856] [cartesian_streamer]: Enable Robot: bắt đầu chuỗi khởi động...
[INFO] [1779676015.773317379] [cartesian_streamer]: Enable: reset_error...
[INFO] [1779676015.792536374] [cartesian_streamer]: reset_error: code=1, msg="success"
[INFO] [1779676015.793063409] [cartesian_streamer]: Enable: stop_traj_mode (giải phóng mode cũ)...
[INFO] [1779676015.837527377] [cartesian_streamer]: stop_traj_mode: success=True, code=N/A, msg=""
[INFO] [1779676015.838109225] [cartesian_streamer]: Enable: chờ 1.5s để hệ thống ổn định trước khi start queue...
[INFO] [1779676017.339218870] [cartesian_streamer]: Enable: StartPointQueueMode...
[INFO] [1779676021.781241443] [cartesian_streamer]: StartPointQueueMode response: code=1, msg=""
[INFO] [1779676021.781629349] [cartesian_streamer]: ✓ Robot ENABLED — Point Queue Mode active. Servo ON!
[INFO] [1779676021.814733593] [cartesian_streamer]: Runtime rate: state=seeding, tick_hz=0.0, queue_send_hz=0.0, ack_hz=0.0, busy_hz=0.0, retry_count=0, reject_count=0, inter_ack_ms=0.0, max_joint_delta=0.000, cumul_time=0.00s, hold_count=0
[INFO] [1779676021.819028555] [cartesian_streamer]: Bootstrap EE pose via FK: (-0.1620, 0.2500, 0.4120)
[INFO] [1779676021.819807391] [cartesian_streamer]: Đang stream qua service: /queue_traj_point
[INFO] [1779676021.820831804] [cartesian_streamer]: Đã gửi seed point (current joints, t=0), chờ ACK...
[INFO] [1779676021.883130724] [cartesian_streamer]: Bootstrap EE pose via FK: (-0.1620, 0.2500, 0.4120)
[INFO] [1779676021.950148978] [cartesian_streamer]: Bootstrap EE pose via FK: (-0.1620, 0.2500, 0.4120)
[INFO] [1779676022.017327763] [cartesian_streamer]: Bootstrap EE pose via FK: (-0.1620, 0.2500, 0.4120)
[INFO] [1779676022.083779109] [cartesian_streamer]: Bootstrap EE pose via FK: (-0.1620, 0.2500, 0.4120)
[INFO] [1779676022.150108929] [cartesian_streamer]: Bootstrap EE pose via FK: (-0.1620, 0.2500, 0.4120)
[INFO] [1779676022.224484145] [cartesian_streamer]: Bootstrap EE pose via FK: (-0.1620, 0.2500, 0.4120)
[INFO] [1779676022.283396911] [cartesian_streamer]: Bootstrap EE pose via FK: (-0.1620, 0.2500, 0.4120)
[INFO] [1779676022.349591680] [cartesian_streamer]: Bootstrap EE pose via FK: (-0.1620, 0.2500, 0.4120)
[INFO] [1779676022.416651666] [cartesian_streamer]: Bootstrap EE pose via FK: (-0.1620, 0.2500, 0.4120)
[INFO] [1779676022.483438566] [cartesian_streamer]: Bootstrap EE pose via FK: (-0.1620, 0.2500, 0.4120)
[INFO] [1779676022.550042898] [cartesian_streamer]: Bootstrap EE pose via FK: (-0.1620, 0.2500, 0.4120)
[INFO] [1779676022.616663632] [cartesian_streamer]: Bootstrap EE pose via FK: (-0.1620, 0.2500, 0.4120)
[INFO] [1779676022.683413865] [cartesian_streamer]: Bootstrap EE pose via FK: (-0.1620, 0.2500, 0.4120)
[INFO] [1779676022.749974218] [cartesian_streamer]: Bootstrap EE pose via FK: (-0.1620, 0.2500, 0.4120)
[INFO] [1779676022.816205704] [cartesian_streamer]: Bootstrap EE pose via FK: (-0.1620, 0.2500, 0.4120)
[INFO] [1779676022.883666855] [cartesian_streamer]: Bootstrap EE pose via FK: (-0.1620, 0.2500, 0.4120)
[INFO] [1779676022.950242424] [cartesian_streamer]: Bootstrap EE pose via FK: (-0.1620, 0.2500, 0.4120)
[INFO] [1779676023.016389576] [cartesian_streamer]: Bootstrap EE pose via FK: (-0.1620, 0.2500, 0.4120)
[INFO] [1779676023.082142607] [cartesian_streamer]: Bootstrap EE pose via FK: (-0.1620, 0.2500, 0.4120)
[INFO] [1779676023.151303249] [cartesian_streamer]: Bootstrap EE pose via FK: (-0.1620, 0.2500, 0.4120)
[INFO] [1779676023.225714655] [cartesian_streamer]: Bootstrap EE pose via FK: (-0.1620, 0.2500, 0.4120)
[INFO] [1779676023.282557765] [cartesian_streamer]: Bootstrap EE pose via FK: (-0.1620, 0.2500, 0.4120)
[INFO] [1779676023.349471856] [cartesian_streamer]: Bootstrap EE pose via FK: (-0.1620, 0.2500, 0.4120)
[INFO] [1779676023.416359640] [cartesian_streamer]: Bootstrap EE pose via FK: (-0.1620, 0.2500, 0.4120)
[INFO] [1779676023.482306155] [cartesian_streamer]: Bootstrap EE pose via FK: (-0.1620, 0.2500, 0.4120)
[INFO] [1779676023.549977804] [cartesian_streamer]: Bootstrap EE pose via FK: (-0.1620, 0.2500, 0.4120)
[INFO] [1779676023.616534933] [cartesian_streamer]: Bootstrap EE pose via FK: (-0.1620, 0.2500, 0.4120)
[INFO] [1779676023.682997972] [cartesian_streamer]: Bootstrap EE pose via FK: (-0.1620, 0.2500, 0.4120)
[INFO] [1779676023.749503356] [cartesian_streamer]: Bootstrap EE pose via FK: (-0.1620, 0.2500, 0.4120)
[INFO] [1779676023.816187918] [cartesian_streamer]: Bootstrap EE pose via FK: (-0.1620, 0.2500, 0.4120)
[INFO] [1779676023.882417652] [cartesian_streamer]: Bootstrap EE pose via FK: (-0.1620, 0.2500, 0.4120)
[INFO] [1779676023.949615497] [cartesian_streamer]: Bootstrap EE pose via FK: (-0.1620, 0.2500, 0.4120)
[INFO] [1779676024.016525726] [cartesian_streamer]: Bootstrap EE pose via FK: (-0.1620, 0.2500, 0.4120)
[INFO] [1779676024.083180885] [cartesian_streamer]: Bootstrap EE pose via FK: (-0.1620, 0.2500, 0.4120)
[INFO] [1779676024.149569969] [cartesian_streamer]: Bootstrap EE pose via FK: (-0.1620, 0.2500, 0.4120)
[INFO] [1779676024.225240403] [cartesian_streamer]: Bootstrap EE pose via FK: (-0.1620, 0.2500, 0.4120)
[INFO] [1779676024.283441836] [cartesian_streamer]: Bootstrap EE pose via FK: (-0.1620, 0.2500, 0.4120)
[INFO] [1779676024.350169145] [cartesian_streamer]: Bootstrap EE pose via FK: (-0.1620, 0.2500, 0.4120)
[INFO] [1779676024.417086679] [cartesian_streamer]: Bootstrap EE pose via FK: (-0.1620, 0.2500, 0.4120)
[INFO] [1779676024.483249557] [cartesian_streamer]: Bootstrap EE pose via FK: (-0.1620, 0.2500, 0.4120)
[INFO] [1779676024.550066576] [cartesian_streamer]: Bootstrap EE pose via FK: (-0.1620, 0.2500, 0.4120)
[INFO] [1779676024.616400388] [cartesian_streamer]: Bootstrap EE pose via FK: (-0.1620, 0.2500, 0.4120)
[INFO] [1779676024.683062549] [cartesian_streamer]: Bootstrap EE pose via FK: (-0.1620, 0.2500, 0.4120)
[INFO] [1779676024.749147851] [cartesian_streamer]: Bootstrap EE pose via FK: (-0.1620, 0.2500, 0.4120)
[INFO] [1779676024.816394992] [cartesian_streamer]: Bootstrap EE pose via FK: (-0.1620, 0.2500, 0.4120)
[INFO] [1779676024.883180663] [cartesian_streamer]: Bootstrap EE pose via FK: (-0.1620, 0.2500, 0.4120)
[INFO] [1779676024.949652043] [cartesian_streamer]: Bootstrap EE pose via FK: (-0.1620, 0.2500, 0.4120)
[INFO] [1779676025.016658935] [cartesian_streamer]: Bootstrap EE pose via FK: (-0.1620, 0.2500, 0.4120)
[INFO] [1779676025.082521846] [cartesian_streamer]: Bootstrap EE pose via FK: (-0.1620, 0.2500, 0.4120)
[INFO] [1779676025.149594154] [cartesian_streamer]: Bootstrap EE pose via FK: (-0.1620, 0.2500, 0.4120)
[INFO] [1779676025.227120645] [cartesian_streamer]: Bootstrap EE pose via FK: (-0.1620, 0.2500, 0.4120)
[INFO] [1779676025.283281014] [cartesian_streamer]: Bootstrap EE pose via FK: (-0.1620, 0.2500, 0.4120)
[INFO] [1779676025.348354933] [cartesian_streamer]: Bootstrap EE pose via FK: (-0.1620, 0.2500, 0.4120)
[INFO] [1779676025.416099281] [cartesian_streamer]: Bootstrap EE pose via FK: (-0.1620, 0.2500, 0.4120)
[INFO] [1779676025.483351240] [cartesian_streamer]: Bootstrap EE pose via FK: (-0.1620, 0.2500, 0.4120)
[INFO] [1779676025.549362979] [cartesian_streamer]: Bootstrap EE pose via FK: (-0.1620, 0.2500, 0.4120)
[INFO] [1779676025.615691358] [cartesian_streamer]: Bootstrap EE pose via FK: (-0.1620, 0.2500, 0.4120)
[INFO] [1779676025.682329715] [cartesian_streamer]: Bootstrap EE pose via FK: (-0.1620, 0.2500, 0.4120)
[INFO] [1779676025.749244081] [cartesian_streamer]: Bootstrap EE pose via FK: (-0.1620, 0.2500, 0.4120)
[INFO] [1779676025.816486828] [cartesian_streamer]: Bootstrap EE pose via FK: (-0.1620, 0.2500, 0.4120)
[INFO] [1779676025.883210238] [cartesian_streamer]: Bootstrap EE pose via FK: (-0.1620, 0.2500, 0.4120)
[INFO] [1779676025.949112243] [cartesian_streamer]: Bootstrap EE pose via FK: (-0.1620, 0.2500, 0.4120)
[INFO] [1779676026.016922064] [cartesian_streamer]: Bootstrap EE pose via FK: (-0.1620, 0.2500, 0.4120)
[INFO] [1779676026.082835282] [cartesian_streamer]: Bootstrap EE pose via FK: (-0.1620, 0.2500, 0.4120)
[INFO] [1779676026.149716505] [cartesian_streamer]: Bootstrap EE pose via FK: (-0.1620, 0.2500, 0.4120)
[INFO] [1779676026.220196463] [cartesian_streamer]: Bootstrap EE pose via FK: (-0.1620, 0.2500, 0.4120)
[INFO] [1779676026.282538737] [cartesian_streamer]: Bootstrap EE pose via FK: (-0.1620, 0.2500, 0.4120)
[INFO] [1779676026.350330804] [cartesian_streamer]: Bootstrap EE pose via FK: (-0.1620, 0.2500, 0.4120)
[INFO] [1779676026.416921545] [cartesian_streamer]: Bootstrap EE pose via FK: (-0.1620, 0.2500, 0.4120)
[INFO] [1779676026.484940615] [cartesian_streamer]: Bootstrap EE pose via FK: (-0.1620, 0.2500, 0.4120)
[INFO] [1779676026.549178026] [cartesian_streamer]: Bootstrap EE pose via FK: (-0.1620, 0.2500, 0.4120)
[INFO] [1779676026.615993130] [cartesian_streamer]: Bootstrap EE pose via FK: (-0.1620, 0.2500, 0.4120)
[INFO] [1779676026.682923747] [cartesian_streamer]: Bootstrap EE pose via FK: (-0.1620, 0.2500, 0.4120)
[INFO] [1779676026.750258095] [cartesian_streamer]: Bootstrap EE pose via FK: (-0.1620, 0.2500, 0.4120)
[INFO] [1779676026.816712121] [cartesian_streamer]: Bootstrap EE pose via FK: (-0.1620, 0.2500, 0.4120)
[INFO] [1779676026.881431947] [cartesian_streamer]: Runtime rate: state=seeding, tick_hz=15.0, queue_send_hz=0.2, ack_hz=0.0, busy_hz=0.0, retry_count=0, reject_count=0, inter_ack_ms=0.0, max_joint_delta=0.000, cumul_time=0.00s, hold_count=0
[INFO] [1779676026.885122087] [cartesian_streamer]: Bootstrap EE pose via FK: (-0.1620, 0.2500, 0.4120)
[INFO] [1779676026.949879715] [cartesian_streamer]: Bootstrap EE pose via FK: (-0.1620, 0.2500, 0.4120)
[INFO] [1779676027.015796649] [cartesian_streamer]: Bootstrap EE pose via FK: (-0.1620, 0.2500, 0.4120)
[INFO] [1779676027.082809676] [cartesian_streamer]: Bootstrap EE pose via FK: (-0.1620, 0.2500, 0.4120)
[INFO] [1779676027.149340041] [cartesian_streamer]: Bootstrap EE pose via FK: (-0.1620, 0.2500, 0.4120)
[INFO] [1779676027.219295712] [cartesian_streamer]: Bootstrap EE pose via FK: (-0.1620, 0.2500, 0.4120)
[INFO] [1779676027.283896084] [cartesian_streamer]: Bootstrap EE pose via FK: (-0.1620, 0.2500, 0.4120)
[INFO] [1779676027.349226033] [cartesian_streamer]: Bootstrap EE pose via FK: (-0.1620, 0.2500, 0.4120)
[INFO] [1779676027.416669893] [cartesian_streamer]: Bootstrap EE pose via FK: (-0.1620, 0.2500, 0.4120)
[INFO] [1779676027.484524720] [cartesian_streamer]: Bootstrap EE pose via FK: (-0.1620, 0.2500, 0.4120)
[INFO] [1779676027.548649575] [cartesian_streamer]: Bootstrap EE pose via FK: (-0.1620, 0.2500, 0.4120)
[INFO] [1779676027.617216026] [cartesian_streamer]: Bootstrap EE pose via FK: (-0.1620, 0.2500, 0.4120)
[INFO] [1779676027.683076143] [cartesian_streamer]: Bootstrap EE pose via FK: (-0.1620, 0.2500, 0.4120)
[INFO] [1779676027.750165707] [cartesian_streamer]: Bootstrap EE pose via FK: (-0.1620, 0.2500, 0.4120)
[INFO] [1779676027.816061476] [cartesian_streamer]: Bootstrap EE pose via FK: (-0.1620, 0.2500, 0.4120)
[INFO] [1779676027.883034022] [cartesian_streamer]: Bootstrap EE pose via FK: (-0.1620, 0.2500, 0.4120)
[INFO] [1779676027.950021997] [cartesian_streamer]: Bootstrap EE pose via FK: (-0.1620, 0.2500, 0.4120)
[INFO] [1779676028.016579045] [cartesian_streamer]: Bootstrap EE pose via FK: (-0.1620, 0.2500, 0.4120)
[INFO] [1779676028.082936002] [cartesian_streamer]: Bootstrap EE pose via FK: (-0.1620, 0.2500, 0.4120)
[INFO] [1779676028.149770363] [cartesian_streamer]: Bootstrap EE pose via FK: (-0.1620, 0.2500, 0.4120)
[INFO] [1779676028.217964995] [cartesian_streamer]: Bootstrap EE pose via FK: (-0.1620, 0.2500, 0.4120)
[INFO] [1779676028.282471942] [cartesian_streamer]: Bootstrap EE pose via FK: (-0.1620, 0.2500, 0.4120)
[INFO] [1779676028.349613292] [cartesian_streamer]: Bootstrap EE pose via FK: (-0.1620, 0.2500, 0.4120)
[INFO] [1779676028.416189944] [cartesian_streamer]: Bootstrap EE pose via FK: (-0.1620, 0.2500, 0.4120)
[INFO] [1779676028.485119502] [cartesian_streamer]: Bootstrap EE pose via FK: (-0.1620, 0.2500, 0.4120)
[INFO] [1779676028.549350096] [cartesian_streamer]: Bootstrap EE pose via FK: (-0.1620, 0.2500, 0.4120)
[INFO] [1779676028.616356082] [cartesian_streamer]: Bootstrap EE pose via FK: (-0.1620, 0.2500, 0.4120)
[INFO] [1779676028.682507382] [cartesian_streamer]: Bootstrap EE pose via FK: (-0.1620, 0.2500, 0.4120)
[INFO] [1779676028.749550010] [cartesian_streamer]: Bootstrap EE pose via FK: (-0.1620, 0.2500, 0.4120)
[INFO] [1779676028.816461418] [cartesian_streamer]: Bootstrap EE pose via FK: (-0.1620, 0.2500, 0.4120)
[INFO] [1779676028.881861772] [cartesian_streamer]: Bootstrap EE pose via FK: (-0.1620, 0.2500, 0.4120)
[INFO] [1779676028.949029865] [cartesian_streamer]: Bootstrap EE pose via FK: (-0.1620, 0.2500, 0.4120)
[INFO] [1779676029.016497563] [cartesian_streamer]: Bootstrap EE pose via FK: (-0.1620, 0.2500, 0.4120)
[INFO] [1779676029.082619980] [cartesian_streamer]: Bootstrap EE pose via FK: (-0.1620, 0.2500, 0.4120)
[INFO] [1779676029.149036027] [cartesian_streamer]: Bootstrap EE pose via FK: (-0.1620, 0.2500, 0.4120)
[INFO] [1779676029.216010589] [cartesian_streamer]: Bootstrap EE pose via FK: (-0.1620, 0.2500, 0.4120)
[INFO] [1779676029.283024123] [cartesian_streamer]: Bootstrap EE pose via FK: (-0.1620, 0.2500, 0.4120)
[INFO] [1779676029.349664122] [cartesian_streamer]: Bootstrap EE pose via FK: (-0.1620, 0.2500, 0.4120)
[INFO] [1779676029.416845751] [cartesian_streamer]: Bootstrap EE pose via FK: (-0.1620, 0.2500, 0.4120)
[INFO] [1779676029.484897749] [cartesian_streamer]: Bootstrap EE pose via FK: (-0.1620, 0.2500, 0.4120)
[INFO] [1779676029.550251649] [cartesian_streamer]: Bootstrap EE pose via FK: (-0.1620, 0.2500, 0.4120)
[INFO] [1779676029.616996761] [cartesian_streamer]: Bootstrap EE pose via FK: (-0.1620, 0.2500, 0.4120)
[INFO] [1779676029.682910549] [cartesian_streamer]: Bootstrap EE pose via FK: (-0.1620, 0.2500, 0.4120)
[INFO] [1779676029.751450046] [cartesian_streamer]: Bootstrap EE pose via FK: (-0.1620, 0.2500, 0.4120)
[INFO] [1779676029.817681154] [cartesian_streamer]: Bootstrap EE pose via FK: (-0.1620, 0.2500, 0.4120)
[INFO] [1779676029.882871002] [cartesian_streamer]: Bootstrap EE pose via FK: (-0.1620, 0.2500, 0.4120)
[INFO] [1779676029.950787866] [cartesian_streamer]: Bootstrap EE pose via FK: (-0.1620, 0.2500, 0.4120)
[INFO] [1779676030.018032979] [cartesian_streamer]: Bootstrap EE pose via FK: (-0.1620, 0.2500, 0.4120)
[INFO] [1779676030.083568277] [cartesian_streamer]: Bootstrap EE pose via FK: (-0.1620, 0.2500, 0.4120)
[INFO] [1779676030.149962095] [cartesian_streamer]: Bootstrap EE pose via FK: (-0.1620, 0.2500, 0.4120)
[INFO] [1779676030.216546968] [cartesian_streamer]: Bootstrap EE pose via FK: (-0.1620, 0.2500, 0.4120)
[INFO] [1779676030.283041048] [cartesian_streamer]: Bootstrap EE pose via FK: (-0.1620, 0.2500, 0.4120)
[INFO] [1779676030.348999758] [cartesian_streamer]: Bootstrap EE pose via FK: (-0.1620, 0.2500, 0.4120)
[INFO] [1779676030.415720910] [cartesian_streamer]: Bootstrap EE pose via FK: (-0.1620, 0.2500, 0.4120)
[INFO] [1779676030.483982244] [cartesian_streamer]: Bootstrap EE pose via FK: (-0.1620, 0.2500, 0.4120)
[INFO] [1779676030.550070086] [cartesian_streamer]: Bootstrap EE pose via FK: (-0.1620, 0.2500, 0.4120)
[INFO] [1779676030.615988291] [cartesian_streamer]: Bootstrap EE pose via FK: (-0.1620, 0.2500, 0.4120)
[INFO] [1779676030.682749278] [cartesian_streamer]: Bootstrap EE pose via FK: (-0.1620, 0.2500, 0.4120)
[INFO] [1779676030.749827441] [cartesian_streamer]: Bootstrap EE pose via FK: (-0.1620, 0.2500, 0.4120)
[INFO] [1779676030.816879272] [cartesian_streamer]: Bootstrap EE pose via FK: (-0.1620, 0.2500, 0.4120)
[INFO] [1779676030.883916061] [cartesian_streamer]: Bootstrap EE pose via FK: (-0.1620, 0.2500, 0.4120)
[INFO] [1779676030.948788670] [cartesian_streamer]: Bootstrap EE pose via FK: (-0.1620, 0.2500, 0.4120)
[INFO] [1779676031.016682886] [cartesian_streamer]: Bootstrap EE pose via FK: (-0.1620, 0.2500, 0.4120)
[INFO] [1779676031.083083729] [cartesian_streamer]: Bootstrap EE pose via FK: (-0.1620, 0.2500, 0.4120)
[INFO] [1779676031.149686226] [cartesian_streamer]: Bootstrap EE pose via FK: (-0.1620, 0.2500, 0.4120)
[INFO] [1779676031.220201316] [cartesian_streamer]: Bootstrap EE pose via FK: (-0.1620, 0.2500, 0.4120)
[INFO] [1779676031.282519982] [cartesian_streamer]: Bootstrap EE pose via FK: (-0.1620, 0.2500, 0.4120)
[INFO] [1779676031.349357483] [cartesian_streamer]: Bootstrap EE pose via FK: (-0.1620, 0.2500, 0.4120)
[INFO] [1779676031.415938476] [cartesian_streamer]: Bootstrap EE pose via FK: (-0.1620, 0.2500, 0.4120)
[INFO] [1779676031.485386486] [cartesian_streamer]: Bootstrap EE pose via FK: (-0.1620, 0.2500, 0.4120)
[INFO] [1779676031.550757827] [cartesian_streamer]: Bootstrap EE pose via FK: (-0.1620, 0.2500, 0.4120)
[INFO] [1779676031.617055645] [cartesian_streamer]: Bootstrap EE pose via FK: (-0.1620, 0.2500, 0.4120)
[INFO] [1779676031.683123187] [cartesian_streamer]: Bootstrap EE pose via FK: (-0.1620, 0.2500, 0.4120)
[INFO] [1779676031.749166865] [cartesian_streamer]: Bootstrap EE pose via FK: (-0.1620, 0.2500, 0.4120)
[INFO] [1779676031.816191306] [cartesian_streamer]: Bootstrap EE pose via FK: (-0.1620, 0.2500, 0.4120)
[INFO] [1779676031.882390881] [cartesian_streamer]: Bootstrap EE pose via FK: (-0.1620, 0.2500, 0.4120)
[INFO] [1779676031.947246373] [cartesian_streamer]: Runtime rate: state=seeding, tick_hz=15.0, queue_send_hz=0.0, ack_hz=0.0, busy_hz=0.0, retry_count=0, reject_count=0, inter_ack_ms=0.0, max_joint_delta=0.000, cumul_time=0.00s, hold_count=0
[INFO] [1779676031.950570756] [cartesian_streamer]: Bootstrap EE pose via FK: (-0.1620, 0.2500, 0.4120)
[INFO] [1779676032.015887718] [cartesian_streamer]: Bootstrap EE pose via FK: (-0.1620, 0.2500, 0.4120)
[INFO] [1779676032.083129989] [cartesian_streamer]: Bootstrap EE pose via FK: (-0.1620, 0.2500, 0.4120)
[INFO] [1779676032.149953689] [cartesian_streamer]: Bootstrap EE pose via FK: (-0.1620, 0.2500, 0.4120)
[INFO] [1779676032.216255147] [cartesian_streamer]: Bootstrap EE pose via FK: (-0.1620, 0.2500, 0.4120)
[INFO] [1779676032.283828729] [cartesian_streamer]: Bootstrap EE pose via FK: (-0.1620, 0.2500, 0.4120)
[INFO] [1779676032.349480950] [cartesian_streamer]: Bootstrap EE pose via FK: (-0.1620, 0.2500, 0.4120)
[INFO] [1779676032.417063449] [cartesian_streamer]: Bootstrap EE pose via FK: (-0.1620, 0.2500, 0.4120)
[INFO] [1779676032.484646265] [cartesian_streamer]: Bootstrap EE pose via FK: (-0.1620, 0.2500, 0.4120)
[INFO] [1779676032.549843460] [cartesian_streamer]: Bootstrap EE pose via FK: (-0.1620, 0.2500, 0.4120)
[INFO] [1779676032.615883733] [cartesian_streamer]: Bootstrap EE pose via FK: (-0.1620, 0.2500, 0.4120)
[INFO] [1779676032.684045633] [cartesian_streamer]: Bootstrap EE pose via FK: (-0.1620, 0.2500, 0.4120)
[INFO] [1779676032.750219626] [cartesian_streamer]: Bootstrap EE pose via FK: (-0.1620, 0.2500, 0.4120)
[INFO] [1779676032.816711152] [cartesian_streamer]: Bootstrap EE pose via FK: (-0.1620, 0.2500, 0.4120)
[INFO] [1779676032.884198430] [cartesian_streamer]: Bootstrap EE pose via FK: (-0.1620, 0.2500, 0.4120)
[INFO] [1779676032.949932556] [cartesian_streamer]: Bootstrap EE pose via FK: (-0.1620, 0.2500, 0.4120)
[INFO] [1779676033.015709702] [cartesian_streamer]: Bootstrap EE pose via FK: (-0.1620, 0.2500, 0.4120)
[INFO] [1779676033.083135712] [cartesian_streamer]: Bootstrap EE pose via FK: (-0.1620, 0.2500, 0.4120)
[INFO] [1779676033.152539266] [cartesian_streamer]: Bootstrap EE pose via FK: (-0.1620, 0.2500, 0.4120)
[INFO] [1779676033.216523009] [cartesian_streamer]: Bootstrap EE pose via FK: (-0.1620, 0.2500, 0.4120)
[INFO] [1779676033.282927603] [cartesian_streamer]: Bootstrap EE pose via FK: (-0.1620, 0.2500, 0.4120)
[INFO] [1779676033.349606636] [cartesian_streamer]: Bootstrap EE pose via FK: (-0.1620, 0.2500, 0.4120)
[INFO] [1779676033.416463383] [cartesian_streamer]: Bootstrap EE pose via FK: (-0.1620, 0.2500, 0.4120)
[INFO] [1779676033.487361426] [cartesian_streamer]: Bootstrap EE pose via FK: (-0.1620, 0.2500, 0.4120)
[INFO] [1779676033.549422460] [cartesian_streamer]: Bootstrap EE pose via FK: (-0.1620, 0.2500, 0.4120)
[INFO] [1779676033.615871095] [cartesian_streamer]: Bootstrap EE pose via FK: (-0.1620, 0.2500, 0.4120)
[INFO] [1779676033.681840012] [cartesian_streamer]: Bootstrap EE pose via FK: (-0.1620, 0.2500, 0.4120)
[INFO] [1779676033.749550764] [cartesian_streamer]: Bootstrap EE pose via FK: (-0.1620, 0.2500, 0.4120)
[INFO] [1779676033.816435544] [cartesian_streamer]: Bootstrap EE pose via FK: (-0.1620, 0.2500, 0.4120)
[INFO] [1779676033.882896706] [cartesian_streamer]: Bootstrap EE pose via FK: (-0.1620, 0.2500, 0.4120)
[INFO] [1779676033.950000120] [cartesian_streamer]: Bootstrap EE pose via FK: (-0.1620, 0.2500, 0.4120)
[INFO] [1779676034.016121606] [cartesian_streamer]: Bootstrap EE pose via FK: (-0.1620, 0.2500, 0.4120)
[INFO] [1779676034.082570133] [cartesian_streamer]: Bootstrap EE pose via FK: (-0.1620, 0.2500, 0.4120)
[INFO] [1779676034.149501340] [cartesian_streamer]: Bootstrap EE pose via FK: (-0.1620, 0.2500, 0.4120)
[INFO] [1779676034.216104356] [cartesian_streamer]: Bootstrap EE pose via FK: (-0.1620, 0.2500, 0.4120)
[INFO] [1779676034.282774156] [cartesian_streamer]: Bootstrap EE pose via FK: (-0.1620, 0.2500, 0.4120)
[INFO] [1779676034.350068552] [cartesian_streamer]: Bootstrap EE pose via FK: (-0.1620, 0.2500, 0.4120)
[INFO] [1779676034.415442099] [cartesian_streamer]: Bootstrap EE pose via FK: (-0.1620, 0.2500, 0.4120)
[INFO] [1779676034.485265921] [cartesian_streamer]: Bootstrap EE pose via FK: (-0.1620, 0.2500, 0.4120)
[INFO] [1779676034.549652504] [cartesian_streamer]: Bootstrap EE pose via FK: (-0.1620, 0.2500, 0.4120)
[INFO] [1779676034.617806953] [cartesian_streamer]: Bootstrap EE pose via FK: (-0.1620, 0.2500, 0.4120)
[INFO] [1779676034.684387018] [cartesian_streamer]: Bootstrap EE pose via FK: (-0.1620, 0.2500, 0.4120)
[INFO] [1779676034.750359413] [cartesian_streamer]: Bootstrap EE pose via FK: (-0.1620, 0.2500, 0.4120)
[INFO] [1779676034.816744887] [cartesian_streamer]: Bootstrap EE pose via FK: (-0.1620, 0.2500, 0.4120)
[INFO] [1779676034.876431554] [cartesian_streamer]: Graceful shutdown: tắt Point Queue Mode trước khi thoát...
[WARN] [1779676034.877513600] [cartesian_streamer]: Lỗi khi shutdown: failed to check service availability: rcl node's context is invalid, at ./src/rcl/node.c:428
[INFO] [1779676034.878079972] [cartesian_streamer]: Shutdown hoàn tất. Tủ điện sẽ KHÔNG bị alarm.
