[INFO] [1779943482.008974218] [coord_transform]: CoordTransformNode khởi động.
  Object offset (cam frame): [0.05 0.   0.1 ]
  Translation cam→base:      [0.5 0.  1.2]
  EE orientation (xyzw):     [0.0, 1.0, 0.0, 0.0]
  Prediction step:           5
  Axis remap:                [0, 1, 2]
  Axis sign:                 [-1.0, 1.0, 1.0]
  Workspace X: (-1.0, 1.0), Y: (-0.5, 1.3), Z: (0.05, 1.5)
  Filter outlier_threshold:  0.15m
  Filter median_size_y:      5
  Filter deadband_tol:       35.0mm
  Filter stationary_thresh:  3 frames
  Filter max_rate:           5.0cm/frame
  Filter EMA moving(x,y,z):  (0.75,0.5,0.75)
  Filter EMA hold  (x,y,z):  (0.08,0.02,0.05)
[WARN] [1779943509.888033042] [coord_transform]: Outlier rejected #1 (jumped 1837.0mm). Ignoring.
[WARN] [1779943509.922017332] [coord_transform]: Outlier rejected #2 (jumped 1830.9mm). Ignoring.
[WARN] [1779943509.969982113] [coord_transform]: Outlier rejected #3 (jumped 1858.3mm). Ignoring.
[WARN] [1779943510.007752031] [coord_transform]: Outlier rejected #4 (jumped 1831.4mm). Ignoring.
[INFO] [1779943510.042938826] [coord_transform]: Too many outliers (5). Resetting filter to new position.
[INFO] [1779943511.689888955] [coord_transform]: Captured Init Pose! P_init=(-0.164, 0.263, 0.395), Cam_init=(0.000, -0.008, 0.000), Noise_Tol=33.3mm
Orientation=(0.717, 0.696, -0.032, 0.022)
[INFO] [1779943511.698441297] [coord_transform]: Deadband: RELEASE — motion detected
[INFO] [1779943511.835354620] [coord_transform]: Deadband: HOLD at (0.000, -0.008, 0.000)
[INFO] [1779943514.357263256] [coord_transform]: Deadband: RELEASE — motion detected
[INFO] [1779943514.389664457] [coord_transform]: Deadband: HOLD at (0.000, -0.008, 0.000)
[INFO] [1779943520.955730040] [coord_transform]: Đã chuyển mode: ground_truth -> prediction
[INFO] [1779943529.751114262] [coord_transform]: Re-sync camera init: [0.077 0.005 0.016]
[INFO] [1779943529.752179425] [coord_transform]: Trạng thái tracking: RUNNING
[INFO] [1779943529.791691071] [coord_transform]: Deadband: RELEASE — motion detected
[INFO] [1779943529.794998926] [coord_transform]: [PREDICTION] Transform: cam[0.076 0.004 0.011] → base[-0.163  0.262  0.39 ]
[INFO] [1779943529.953852799] [coord_transform]: Deadband: HOLD at (0.077, 0.005, 0.016)
[INFO] [1779943529.957131935] [coord_transform]: [SNAP ON] Tay đứng yên, GRU lệch 0.0cm (< 10cm). Snap prediction về actual hand.
[INFO] [1779943530.076296027] [coord_transform]: [SNAP OFF] Tay di chuyển lại. Thả snap.
[INFO] [1779943530.168607259] [coord_transform]: [SNAP OFF] Tay di chuyển lại. Thả snap.
[INFO] [1779943530.266229966] [coord_transform]: [SNAP OFF] Tay di chuyển lại. Thả snap.
[INFO] [1779943530.338169749] [coord_transform]: [SNAP OFF] Tay di chuyển lại. Thả snap.
[INFO] [1779943530.416014716] [coord_transform]: [SNAP OFF] Tay di chuyển lại. Thả snap.
[INFO] [1779943531.816574313] [coord_transform]: [PREDICTION] Transform: cam[0.075 0.157 0.137] → base[-0.162  0.415  0.516]
[INFO] [1779943533.840388722] [coord_transform]: [PREDICTION] Transform: cam[0.142 0.351 0.216] → base[-0.229  0.609  0.595]
[INFO] [1779943535.893607721] [coord_transform]: [PREDICTION] Transform: cam[0.229 0.59  0.167] → base[-0.316  0.848  0.546]
[INFO] [1779943539.510384596] [coord_transform]: [PREDICTION] Transform: cam[0.184 0.568 0.063] → base[-0.271  0.826  0.442]
[INFO] [1779943542.593627601] [coord_transform]: [PREDICTION] Transform: cam[0.186 0.569 0.08 ] → base[-0.273  0.827  0.459]
[INFO] [1779943545.926642418] [coord_transform]: [PREDICTION] Transform: cam[0.195 0.569 0.093] → base[-0.282  0.827  0.472]
[WARN] [1779943547.916752602] [coord_transform]: Outlier rejected #1 (jumped 157.1mm). Ignoring.
[INFO] [1779943547.962290519] [coord_transform]: [PREDICTION] Transform: cam[0.111 0.366 0.237] → base[-0.198  0.624  0.616]
[INFO] [1779943549.973828050] [coord_transform]: [PREDICTION] Transform: cam[0.063 0.127 0.121] → base[-0.15   0.385  0.499]
[INFO] [1779943552.002578201] [coord_transform]: [PREDICTION] Transform: cam[0.066 0.126 0.049] → base[-0.153  0.384  0.428]
[INFO] [1779943554.819019969] [coord_transform]: [PREDICTION] Transform: cam[0.064 0.156 0.039] → base[-0.151  0.414  0.418]
[INFO] [1779943556.824267344] [coord_transform]: [PREDICTION] Transform: cam[0.144 0.374 0.292] → base[-0.23   0.632  0.671]
[INFO] [1779943558.852855241] [coord_transform]: [PREDICTION] Transform: cam[0.215 0.676 0.136] → base[-0.302  0.934  0.515]
[INFO] [1779943561.851036885] [coord_transform]: [PREDICTION] Transform: cam[0.191 0.638 0.12 ] → base[-0.278  0.896  0.499]
[INFO] [1779943563.868179703] [coord_transform]: [PREDICTION] Transform: cam[-0.057  0.505  0.248] → base[-0.03   0.763  0.627]
[INFO] [1779943565.878310091] [coord_transform]: [PREDICTION] Transform: cam[-0.071  0.535  0.177] → base[-0.016  0.793  0.556]
[INFO] [1779943567.901786381] [coord_transform]: [PREDICTION] Transform: cam[-0.068  0.574  0.177] → base[-0.019  0.832  0.556]
[INFO] [1779943569.916312309] [coord_transform]: [PREDICTION] Transform: cam[0.009 0.227 0.256] → base[-0.096  0.485  0.635]
[INFO] [1779943571.973849886] [coord_transform]: [PREDICTION] Transform: cam[0.038 0.181 0.102] → base[-0.125  0.439  0.481]
[INFO] [1779943574.128508596] [coord_transform]: [PREDICTION] Transform: cam[0.028 0.207 0.092] → base[-0.115  0.465  0.471]
[INFO] [1779943576.153539237] [coord_transform]: [PREDICTION] Transform: cam[0.103 0.322 0.217] → base[-0.189  0.58   0.596]
[INFO] [1779943578.182439972] [coord_transform]: [PREDICTION] Transform: cam[0.302 0.649 0.192] → base[-0.389  0.907  0.571]
[INFO] [1779943580.744285061] [coord_transform]: [PREDICTION] Transform: cam[0.3   0.632 0.136] → base[-0.387  0.89   0.515]
[INFO] [1779943582.756869392] [coord_transform]: [PREDICTION] Transform: cam[0.311 0.614 0.146] → base[-0.398  0.872  0.525]
[INFO] [1779943584.794649616] [coord_transform]: [PREDICTION] Transform: cam[0.173 0.33  0.302] → base[-0.26   0.588  0.681]
[INFO] [1779943586.826626742] [coord_transform]: [PREDICTION] Transform: cam[0.062 0.264 0.091] → base[-0.149  0.522  0.47 ]
[INFO] [1779943588.871348024] [coord_transform]: [PREDICTION] Transform: cam[0.066 0.239 0.108] → base[-0.153  0.497  0.487]
[INFO] [1779943592.588239676] [coord_transform]: [PREDICTION] Transform: cam[0.076 0.271 0.109] → base[-0.163  0.529  0.488]
[INFO] [1779943594.606144576] [coord_transform]: [PREDICTION] Transform: cam[-0.026  0.275  0.142] → base[-0.061  0.533  0.521]
[INFO] [1779943596.615204055] [coord_transform]: [PREDICTION] Transform: cam[-0.018  0.291  0.144] → base[-0.069  0.549  0.523]
[INFO] [1779943598.631234668] [coord_transform]: [PREDICTION] Transform: cam[0.202 0.462 0.262] → base[-0.289  0.72   0.641]
[INFO] [1779943600.635577002] [coord_transform]: [PREDICTION] Transform: cam[0.32  0.76  0.079] → base[-0.407  1.018  0.458]
[INFO] [1779943603.329957007] [coord_transform]: [PREDICTION] Transform: cam[0.307 0.672 0.081] → base[-0.394  0.93   0.46 ]
[INFO] [1779943605.372414985] [coord_transform]: [PREDICTION] Transform: cam[0.194 0.437 0.304] → base[-0.281  0.695  0.683]
[INFO] [1779943607.403120886] [coord_transform]: [PREDICTION] Transform: cam[0.098 0.229 0.095] → base[-0.185  0.487  0.474]
[INFO] [1779943610.013037697] [coord_transform]: [PREDICTION] Transform: cam[0.114 0.221 0.066] → base[-0.201  0.479  0.444]
[INFO] [1779943612.045337858] [coord_transform]: [PREDICTION] Transform: cam[0.109 0.497 0.344] → base[-0.196  0.755  0.723]
[WARN] [1779943612.991538570] [coord_transform]: Outlier rejected #1 (jumped 822.7mm). Ignoring.
[WARN] [1779943613.073527606] [coord_transform]: Outlier rejected #1 (jumped 767.7mm). Ignoring.
[INFO] [1779943614.082667299] [coord_transform]: [PREDICTION] Transform: cam[0.143 0.694 0.182] → base[-0.23   0.952  0.561]
[INFO] [1779943616.318547537] [coord_transform]: [PREDICTION] Transform: cam[0.073 0.756 0.136] → base[-0.159  1.014  0.515]
[WARN] [1779943616.384048739] [coord_transform]: Outlier rejected #1 (jumped 707.5mm). Ignoring.
[WARN] [1779943616.454898728] [coord_transform]: Outlier rejected #1 (jumped 740.1mm). Ignoring.
[INFO] [1779943618.350362790] [coord_transform]: [PREDICTION] Transform: cam[0.114 0.416 0.371] → base[-0.2    0.674  0.75 ]
[INFO] [1779943620.379931369] [coord_transform]: [PREDICTION] Transform: cam[0.15  0.151 0.247] → base[-0.237  0.409  0.626]
[INFO] [1779943622.405841400] [coord_transform]: [PREDICTION] Transform: cam[0.138 0.205 0.076] → base[-0.225  0.463  0.455]
[INFO] [1779943625.442322342] [coord_transform]: [PREDICTION] Transform: cam[0.142 0.202 0.068] → base[-0.229  0.46   0.447]
[INFO] [1779943627.447087747] [coord_transform]: [PREDICTION] Transform: cam[0.271 0.34  0.273] → base[-0.358  0.598  0.652]
[INFO] [1779943629.460743270] [coord_transform]: [PREDICTION] Transform: cam[0.362 0.635 0.215] → base[-0.448  0.893  0.594]
[INFO] [1779943631.479814535] [coord_transform]: [PREDICTION] Transform: cam[0.321 0.674 0.09 ] → base[-0.408  0.932  0.469]
[INFO] [1779943634.140744718] [coord_transform]: [PREDICTION] Transform: cam[0.355 0.615 0.086] → base[-0.442  0.873  0.465]
[INFO] [1779943634.459313935] [coord_transform]: Trạng thái tracking: STOPPED
