[INFO] [1785918655.570585205] [motoros2_mock]: ╔══════════════════════════════════════════════╗
║   MotoROS2 Mock Node — Simulation Mode      ║
║   Tất cả /* services đã sẵn sàng            ║
║   (node_namespace="" — không prefix)         ║
╚══════════════════════════════════════════════╝
[INFO] [1785918798.169159398] [motoros2_mock]: ✓ StartPointQueueMode → READY (mock)
[INFO] [1785918798.211217419] [motoros2_mock]: QueueTrajPoint #1 → forwarded to JTC. joints=[1.571, 0.124, -1.049, 0.000, -0.398, -1.444]
[INFO] [1785918798.270770276] [motoros2_mock]: QueueTrajPoint #2 → forwarded to JTC. joints=[1.571, 0.124, -1.049, 0.000, -0.398, -1.444]
[INFO] [1785918798.337378253] [motoros2_mock]: QueueTrajPoint #3 → forwarded to JTC. joints=[1.571, 0.124, -1.049, 0.000, -0.398, -1.444]
[INFO] [1785918801.473556381] [motoros2_mock]: QueueTrajPoint #50 → forwarded to JTC. joints=[1.518, 0.249, -0.235, 0.000, -1.087, -1.391]
[INFO] [1785918804.811731599] [motoros2_mock]: QueueTrajPoint #100 → forwarded to JTC. joints=[1.698, 0.532, 0.288, -0.000, -1.327, -1.570]
[INFO] [1785918808.141794112] [motoros2_mock]: QueueTrajPoint #150 → forwarded to JTC. joints=[1.434, 0.396, 0.069, 0.000, -1.244, -1.307]
[INFO] [1785918811.473324168] [motoros2_mock]: QueueTrajPoint #200 → forwarded to JTC. joints=[1.079, 0.017, 0.058, 0.000, -1.612, -0.952]
[INFO] [1785918814.809247315] [motoros2_mock]: QueueTrajPoint #250 → forwarded to JTC. joints=[0.998, -0.026, 0.189, 0.000, -1.786, -0.871]
[INFO] [1785918818.143900568] [motoros2_mock]: QueueTrajPoint #300 → forwarded to JTC. joints=[1.489, 0.001, -0.597, 0.000, -0.973, -1.362]
[INFO] [1785918821.478158249] [motoros2_mock]: QueueTrajPoint #350 → forwarded to JTC. joints=[1.547, 0.211, -0.445, 0.000, -0.916, -1.420]
[INFO] [1785918824.810017677] [motoros2_mock]: QueueTrajPoint #400 → forwarded to JTC. joints=[1.590, 0.532, 0.145, -0.000, -1.184, -1.463]
[INFO] [1785918828.141295490] [motoros2_mock]: QueueTrajPoint #450 → forwarded to JTC. joints=[1.449, 0.300, -0.164, 0.000, -1.107, -1.321]
[INFO] [1785918831.473396483] [motoros2_mock]: QueueTrajPoint #500 → forwarded to JTC. joints=[1.397, 0.181, -0.421, 0.000, -0.970, -1.270]
[INFO] [1785918834.805161952] [motoros2_mock]: QueueTrajPoint #550 → forwarded to JTC. joints=[1.427, 0.053, -0.746, 0.000, -0.773, -1.300]
[INFO] [1785918838.140745030] [motoros2_mock]: QueueTrajPoint #600 → forwarded to JTC. joints=[1.768, 0.299, -0.142, -0.000, -1.131, -1.641]
[INFO] [1785918841.473119128] [motoros2_mock]: QueueTrajPoint #650 → forwarded to JTC. joints=[1.241, 0.104, -0.212, 0.000, -1.256, -1.113]
[INFO] [1785918844.809689406] [motoros2_mock]: QueueTrajPoint #700 → forwarded to JTC. joints=[0.694, -0.324, -0.686, 0.001, -1.209, -0.567]
[INFO] [1785918848.141998317] [motoros2_mock]: QueueTrajPoint #750 → forwarded to JTC. joints=[1.473, -0.013, -0.082, 0.000, -1.503, -1.346]
[INFO] [1785918851.471674066] [motoros2_mock]: QueueTrajPoint #800 → forwarded to JTC. joints=[1.694, 0.124, -0.225, -0.000, -1.222, -1.567]
[INFO] [1785918854.805230502] [motoros2_mock]: QueueTrajPoint #850 → forwarded to JTC. joints=[1.414, 0.245, -0.476, 0.000, -0.851, -1.287]
[INFO] [1785918858.141241061] [motoros2_mock]: QueueTrajPoint #900 → forwarded to JTC. joints=[1.508, 0.304, -0.370, 0.000, -0.897, -1.381]
[INFO] [1785918861.473902247] [motoros2_mock]: QueueTrajPoint #950 → forwarded to JTC. joints=[1.711, 0.333, 0.097, -0.000, -1.335, -1.584]
[INFO] [1785918864.805368711] [motoros2_mock]: QueueTrajPoint #1000 → forwarded to JTC. joints=[1.831, 0.479, 0.276, -0.000, -1.368, -1.703]
[INFO] [1785918868.146635766] [motoros2_mock]: QueueTrajPoint #1050 → forwarded to JTC. joints=[1.355, 0.278, 0.032, 0.000, -1.326, -1.228]
[INFO] [1785918871.472046820] [motoros2_mock]: QueueTrajPoint #1100 → forwarded to JTC. joints=[1.090, 0.164, -0.268, 0.000, -1.140, -0.963]
[INFO] [1785918874.806081600] [motoros2_mock]: QueueTrajPoint #1150 → forwarded to JTC. joints=[1.380, 0.312, 0.162, 0.000, -1.422, -1.253]
[INFO] [1785918878.141513690] [motoros2_mock]: QueueTrajPoint #1200 → forwarded to JTC. joints=[1.630, 0.375, -0.245, -0.000, -0.952, -1.503]
[INFO] [1785918881.474077940] [motoros2_mock]: QueueTrajPoint #1250 → forwarded to JTC. joints=[1.419, 0.248, -0.220, 0.000, -1.103, -1.292]
[INFO] [1785918884.804773851] [motoros2_mock]: QueueTrajPoint #1300 → forwarded to JTC. joints=[1.162, 0.103, -0.582, 0.000, -0.886, -1.035]
[INFO] [1785918909.167847026] [motoros2_mock]: MotoROS2 Mock Node shutdown.
