[INFO] [1781259812.504781974] [coord_transform]: CoordTransformNode khởi động.
  Object offset (cam frame): [0.05 0.   0.1 ]
  Translation cam→base:      [0.5 0.  1.2]
  EE orientation (xyzw):     [0.0, 1.0, 0.0, 0.0]
  Prediction step:           5
  Axis remap:                [0, 1, 2]
  Axis sign:                 [-1.0, 1.0, 1.0]
  Workspace X: (-1.0, 1.0), Y: (-0.5, 1.3), Z: (0.05, 1.5)
  Filter outlier_threshold:  0.15m
  Filter median_size_y:      3
  Filter deadband_tol:       15.0mm
  Filter stationary_thresh:  3 frames
  Filter max_rate:           5.0cm/frame
  Filter EMA moving(x,y,z):  (1.0,0.8,1.0)
  Filter EMA hold  (x,y,z):  (0.08,0.02,0.05)
[WARN] [1781259836.402203603] [coord_transform]: Outlier rejected #1 (jumped 224.1mm). Ignoring.
[WARN] [1781259841.247348692] [coord_transform]: Outlier rejected #1 (jumped 2541.9mm). Ignoring.
[WARN] [1781259841.278458269] [coord_transform]: Outlier rejected #2 (jumped 2522.4mm). Ignoring.
[WARN] [1781259841.308165787] [coord_transform]: Outlier rejected #3 (jumped 2522.4mm). Ignoring.
[WARN] [1781259841.338146764] [coord_transform]: Outlier rejected #4 (jumped 2513.7mm). Ignoring.
[INFO] [1781259841.381367082] [coord_transform]: Too many outliers (5). Resetting filter to new position.
[WARN] [1781259844.100244975] [coord_transform]: Outlier rejected #1 (jumped 211.2mm). Ignoring.
[WARN] [1781259844.167662429] [coord_transform]: Outlier rejected #1 (jumped 385.7mm). Ignoring.
[WARN] [1781259844.243809965] [coord_transform]: Outlier rejected #1 (jumped 181.0mm). Ignoring.
[WARN] [1781259844.275104185] [coord_transform]: Outlier rejected #2 (jumped 185.1mm). Ignoring.
[WARN] [1781259844.306632267] [coord_transform]: Outlier rejected #3 (jumped 211.9mm). Ignoring.
[WARN] [1781259844.346682336] [coord_transform]: Outlier rejected #4 (jumped 200.6mm). Ignoring.
[INFO] [1781259844.381987109] [coord_transform]: Too many outliers (5). Resetting filter to new position.
[WARN] [1781259847.113297726] [coord_transform]: Outlier rejected #1 (jumped 334.0mm). Ignoring.
[WARN] [1781259847.149461781] [coord_transform]: Outlier rejected #2 (jumped 328.2mm). Ignoring.
[WARN] [1781259847.190058978] [coord_transform]: Outlier rejected #3 (jumped 334.0mm). Ignoring.
[WARN] [1781259847.221128884] [coord_transform]: Outlier rejected #4 (jumped 334.0mm). Ignoring.
[INFO] [1781259847.254422824] [coord_transform]: Too many outliers (5). Resetting filter to new position.
[WARN] [1781259852.119405457] [coord_transform]: Outlier rejected #1 (jumped 231.9mm). Ignoring.
[WARN] [1781259852.151284733] [coord_transform]: Outlier rejected #2 (jumped 206.6mm). Ignoring.
[WARN] [1781259852.221323125] [coord_transform]: Outlier rejected #1 (jumped 156.0mm). Ignoring.
[WARN] [1781259852.355841801] [coord_transform]: Outlier rejected #1 (jumped 528.5mm). Ignoring.
[WARN] [1781259852.383927884] [coord_transform]: Outlier rejected #2 (jumped 473.3mm). Ignoring.
[WARN] [1781259852.418871462] [coord_transform]: Outlier rejected #3 (jumped 460.0mm). Ignoring.
[WARN] [1781259852.518780765] [coord_transform]: Outlier rejected #1 (jumped 350.1mm). Ignoring.
[INFO] [1781259852.769848585] [coord_transform]: Captured Init Pose! P_init=(-0.162, 0.280, 0.379), Cam_init=(0.107, -0.188, 0.050), Noise_Tol=60.0mm
Orientation=(0.998, 0.064, -0.000, 0.000)
[INFO] [1781259852.784656017] [coord_transform]: Deadband: RELEASE — motion detected
[WARN] [1781259856.717602401] [coord_transform]: Outlier rejected #1 (jumped 177.1mm). Ignoring.
[WARN] [1781259870.433748540] [coord_transform]: Outlier rejected #1 (jumped 164.8mm). Ignoring.
[WARN] [1781259875.753126192] [coord_transform]: Outlier rejected #1 (jumped 164.9mm). Ignoring.
[WARN] [1781259875.790280293] [coord_transform]: Outlier rejected #2 (jumped 164.9mm). Ignoring.
[WARN] [1781259876.138004015] [coord_transform]: Outlier rejected #1 (jumped 153.5mm). Ignoring.
[WARN] [1781259876.175049982] [coord_transform]: Outlier rejected #2 (jumped 192.7mm). Ignoring.
[INFO] [1781259876.907852709] [coord_transform]: Re-sync camera init: [ 0.179 -0.183  0.034]
[INFO] [1781259876.908428934] [coord_transform]: Trạng thái tracking: RUNNING
[INFO] [1781259876.927810910] [coord_transform]: [GROUND_TRUTH] Transform: cam[ 0.179 -0.183  0.034] → base[-0.162  0.28   0.379]
[INFO] [1781259878.548468952] [coord_transform]: Deadband: RELEASE — motion detected
[INFO] [1781259878.581892553] [coord_transform]: Deadband: HOLD at (0.179, -0.183, 0.034)
[INFO] [1781259878.960060664] [coord_transform]: [GROUND_TRUTH] Transform: cam[ 0.182 -0.134  0.088] → base[-0.165  0.329  0.432]
[INFO] [1781259880.985476335] [coord_transform]: [GROUND_TRUTH] Transform: cam[0.166 0.029 0.118] → base[-0.149  0.492  0.462]
[INFO] [1781259882.998263818] [coord_transform]: [GROUND_TRUTH] Transform: cam[0.153 0.333 0.16 ] → base[-0.136  0.796  0.504]
[INFO] [1781259885.019352287] [coord_transform]: [GROUND_TRUTH] Transform: cam[0.104 0.576 0.111] → base[-0.087  1.039  0.455]
[INFO] [1781259887.023623063] [coord_transform]: [GROUND_TRUTH] Transform: cam[0.029 0.713 0.053] → base[-0.012  1.176  0.398]
[INFO] [1781259889.059409461] [coord_transform]: [GROUND_TRUTH] Transform: cam[0.017 0.743 0.023] → base[0.    1.206 0.367]
[INFO] [1781259891.077565008] [coord_transform]: [GROUND_TRUTH] Transform: cam[0.028 0.756 0.021] → base[-0.012  1.219  0.365]
[INFO] [1781259893.106282824] [coord_transform]: [GROUND_TRUTH] Transform: cam[0.018 0.748 0.044] → base[-0.002  1.211  0.388]
[INFO] [1781259895.112116045] [coord_transform]: [GROUND_TRUTH] Transform: cam[0.006 0.733 0.006] → base[0.01  1.197 0.35 ]
[INFO] [1781259897.123397444] [coord_transform]: [GROUND_TRUTH] Transform: cam[0.012 0.801 0.019] → base[0.005 1.264 0.363]
[INFO] [1781259899.123664078] [coord_transform]: [GROUND_TRUTH] Transform: cam[0.025 0.781 0.014] → base[-0.008  1.244  0.358]
[WARN] [1781259900.599907811] [coord_transform]: Outlier rejected #1 (jumped 157.2mm). Ignoring.
[WARN] [1781259900.851668096] [coord_transform]: Outlier rejected #1 (jumped 237.9mm). Ignoring.
[WARN] [1781259900.988135071] [coord_transform]: Outlier rejected #2 (jumped 296.7mm). Ignoring.
[WARN] [1781259901.060916200] [coord_transform]: Outlier rejected #3 (jumped 268.7mm). Ignoring.
[WARN] [1781259901.150924338] [coord_transform]: Outlier rejected #4 (jumped 252.2mm). Ignoring.
[INFO] [1781259901.232073272] [coord_transform]: Too many outliers (5). Resetting filter to new position.
[INFO] [1781259901.239318663] [coord_transform]: [GROUND_TRUTH] Transform: cam[0.042 0.752 0.071] → base[-0.025  1.215  0.415]
[WARN] [1781259901.927559026] [coord_transform]: Outlier rejected #1 (jumped 249.8mm). Ignoring.
[INFO] [1781259903.245620560] [coord_transform]: [GROUND_TRUTH] Transform: cam[0.025 0.705 0.064] → base[-0.008  1.168  0.408]
[INFO] [1781259904.945465751] [coord_transform]: Trạng thái tracking: STOPPED
[INFO] [1781259936.586356778] [coord_transform]: Trạng thái tracking: STOPPED
[INFO] [1781259944.817099273] [coord_transform]: Trạng thái tracking: STOPPED
[WARN] [1781259945.651126074] [coord_transform]: Outlier rejected #1 (jumped 249.3mm). Ignoring.
[WARN] [1781259945.686905545] [coord_transform]: Outlier rejected #2 (jumped 286.4mm). Ignoring.
[WARN] [1781259945.717865321] [coord_transform]: Outlier rejected #3 (jumped 292.4mm). Ignoring.
[WARN] [1781259945.753054190] [coord_transform]: Outlier rejected #4 (jumped 280.2mm). Ignoring.
[INFO] [1781259945.791503597] [coord_transform]: Too many outliers (5). Resetting filter to new position.
[INFO] [1781259948.678428133] [coord_transform]: Trạng thái tracking: STOPPED
[WARN] [1781259960.026540363] [coord_transform]: Outlier rejected #1 (jumped 272.2mm). Ignoring.
[WARN] [1781259960.063383098] [coord_transform]: Outlier rejected #2 (jumped 272.1mm). Ignoring.
[WARN] [1781259960.096194868] [coord_transform]: Outlier rejected #3 (jumped 208.0mm). Ignoring.
[WARN] [1781259960.128075830] [coord_transform]: Outlier rejected #4 (jumped 459.0mm). Ignoring.
[INFO] [1781259960.164016541] [coord_transform]: Too many outliers (5). Resetting filter to new position.
[WARN] [1781259963.228627193] [coord_transform]: Outlier rejected #1 (jumped 260.5mm). Ignoring.
[WARN] [1781259963.263524161] [coord_transform]: Outlier rejected #2 (jumped 187.6mm). Ignoring.
[WARN] [1781259963.299356142] [coord_transform]: Outlier rejected #3 (jumped 271.0mm). Ignoring.
[WARN] [1781259963.334942067] [coord_transform]: Outlier rejected #4 (jumped 235.4mm). Ignoring.
[INFO] [1781259963.372572998] [coord_transform]: Too many outliers (5). Resetting filter to new position.
[INFO] [1781259965.622010853] [coord_transform]: Trạng thái tracking: STOPPED
[INFO] [1781259978.407513430] [coord_transform]: Deadband: HOLD at (0.179, -0.183, 0.034)
[INFO] [1781259980.542549821] [coord_transform]: Deadband: RELEASE — motion detected
[WARN] [1781259981.342094939] [coord_transform]: Outlier rejected #1 (jumped 166.9mm). Ignoring.
[INFO] [1781259982.776247425] [coord_transform]: Deadband: HOLD at (0.179, -0.183, 0.034)
[INFO] [1781259982.812834597] [coord_transform]: Deadband: RELEASE — motion detected
[WARN] [1781259982.975604305] [coord_transform]: Outlier rejected #1 (jumped 170.4mm). Ignoring.
[WARN] [1781259983.009875011] [coord_transform]: Outlier rejected #2 (jumped 346.3mm). Ignoring.
[WARN] [1781259983.053876329] [coord_transform]: Outlier rejected #3 (jumped 170.1mm). Ignoring.
[WARN] [1781259983.176231570] [coord_transform]: Outlier rejected #1 (jumped 168.7mm). Ignoring.
[WARN] [1781259983.218072880] [coord_transform]: Outlier rejected #2 (jumped 342.0mm). Ignoring.
[WARN] [1781259983.253952257] [coord_transform]: Outlier rejected #3 (jumped 409.9mm). Ignoring.
[WARN] [1781259983.285393975] [coord_transform]: Outlier rejected #4 (jumped 460.0mm). Ignoring.
[INFO] [1781259983.320188738] [coord_transform]: Too many outliers (5). Resetting filter to new position.
[INFO] [1781259986.450206781] [coord_transform]: Trạng thái tracking: STOPPED
[WARN] [1781259987.189491351] [coord_transform]: Outlier rejected #1 (jumped 408.2mm). Ignoring.
[WARN] [1781259987.214841726] [coord_transform]: Outlier rejected #2 (jumped 390.5mm). Ignoring.
[WARN] [1781259987.247144755] [coord_transform]: Outlier rejected #3 (jumped 395.1mm). Ignoring.
[WARN] [1781259987.282375027] [coord_transform]: Outlier rejected #4 (jumped 404.5mm). Ignoring.
[INFO] [1781259987.320558341] [coord_transform]: Too many outliers (5). Resetting filter to new position.
[INFO] [1781259989.081533975] [coord_transform]: Deadband: RELEASE — motion detected
[INFO] [1781259989.116562059] [coord_transform]: Deadband: HOLD at (0.179, -0.183, 0.034)
[INFO] [1781259992.218836188] [coord_transform]: Deadband: HOLD at (0.179, -0.183, 0.034)
[INFO] [1781259992.252923183] [coord_transform]: Deadband: RELEASE — motion detected
[WARN] [1781259992.628333987] [coord_transform]: Outlier rejected #1 (jumped 280.1mm). Ignoring.
[WARN] [1781259992.654330934] [coord_transform]: Outlier rejected #2 (jumped 604.3mm). Ignoring.
[WARN] [1781259992.685193927] [coord_transform]: Outlier rejected #3 (jumped 733.5mm). Ignoring.
[WARN] [1781259992.720873682] [coord_transform]: Outlier rejected #4 (jumped 365.9mm). Ignoring.
[INFO] [1781259992.754985569] [coord_transform]: Too many outliers (5). Resetting filter to new position.
[WARN] [1781259995.368401102] [coord_transform]: Outlier rejected #1 (jumped 559.1mm). Ignoring.
[WARN] [1781259995.398479307] [coord_transform]: Outlier rejected #2 (jumped 559.1mm). Ignoring.
[WARN] [1781259995.434680847] [coord_transform]: Outlier rejected #3 (jumped 559.1mm). Ignoring.
[WARN] [1781259995.468012791] [coord_transform]: Outlier rejected #4 (jumped 580.3mm). Ignoring.
[INFO] [1781259995.505335766] [coord_transform]: Too many outliers (5). Resetting filter to new position.
[INFO] [1781259995.758290450] [coord_transform]: Deadband: RELEASE — motion detected
[INFO] [1781259995.791307570] [coord_transform]: Deadband: HOLD at (0.179, -0.183, 0.034)
[INFO] [1781259999.088727721] [coord_transform]: Deadband: HOLD at (0.179, -0.183, 0.034)
[WARN] [1781260000.629569640] [coord_transform]: Outlier rejected #1 (jumped 155.7mm). Ignoring.
[INFO] [1781260004.259766662] [coord_transform]: Deadband: RELEASE — motion detected
[INFO] [1781260004.917771730] [coord_transform]: Deadband: HOLD at (0.179, -0.183, 0.034)
[INFO] [1781260006.950549475] [coord_transform]: Deadband: RELEASE — motion detected
[INFO] [1781260006.981987855] [coord_transform]: Deadband: HOLD at (0.179, -0.183, 0.034)
[INFO] [1781260009.968607857] [coord_transform]: Deadband: RELEASE — motion detected
[INFO] [1781260010.817183798] [coord_transform]: Deadband: HOLD at (0.179, -0.183, 0.034)
[WARN] [1781260011.908979471] [coord_transform]: Outlier rejected #1 (jumped 150.7mm). Ignoring.
[WARN] [1781260011.949460984] [coord_transform]: Outlier rejected #2 (jumped 260.7mm). Ignoring.
[WARN] [1781260012.003917223] [coord_transform]: Outlier rejected #3 (jumped 160.8mm). Ignoring.
[INFO] [1781260013.161697160] [coord_transform]: Deadband: RELEASE — motion detected
[WARN] [1781260013.197782594] [coord_transform]: Outlier rejected #1 (jumped 360.8mm). Ignoring.
[WARN] [1781260013.234029833] [coord_transform]: Outlier rejected #2 (jumped 343.5mm). Ignoring.
[WARN] [1781260013.269209500] [coord_transform]: Outlier rejected #3 (jumped 282.8mm). Ignoring.
[WARN] [1781260013.306751066] [coord_transform]: Outlier rejected #4 (jumped 352.1mm). Ignoring.
[INFO] [1781260013.341895613] [coord_transform]: Too many outliers (5). Resetting filter to new position.
[WARN] [1781260013.430406089] [coord_transform]: Outlier rejected #1 (jumped 151.5mm). Ignoring.
[INFO] [1781260013.483361383] [coord_transform]: Deadband: HOLD at (0.179, -0.183, 0.034)
[WARN] [1781260014.876545421] [coord_transform]: Outlier rejected #1 (jumped 154.8mm). Ignoring.
[INFO] [1781260015.997620974] [coord_transform]: Re-sync camera init: [ 0.158 -0.13   0.043]
[INFO] [1781260015.998004776] [coord_transform]: Trạng thái tracking: RUNNING
[INFO] [1781260016.013770497] [coord_transform]: [GROUND_TRUTH] Transform: cam[ 0.158 -0.13   0.043] → base[-0.162  0.28   0.379]
[INFO] [1781260016.794578536] [coord_transform]: Deadband: RELEASE — motion detected
[INFO] [1781260016.833981582] [coord_transform]: Deadband: HOLD at (0.158, -0.130, 0.043)
[WARN] [1781260016.979419621] [coord_transform]: Outlier rejected #1 (jumped 187.8mm). Ignoring.
[INFO] [1781260018.020580037] [coord_transform]: [GROUND_TRUTH] Transform: cam[ 0.158 -0.13   0.043] → base[-0.162  0.28   0.379]
[INFO] [1781260020.028681525] [coord_transform]: [GROUND_TRUTH] Transform: cam[0.145 0.044 0.094] → base[-0.149  0.454  0.429]
[INFO] [1781260022.033825038] [coord_transform]: [GROUND_TRUTH] Transform: cam[0.112 0.263 0.106] → base[-0.116  0.673  0.441]
[INFO] [1781260024.061808786] [coord_transform]: [GROUND_TRUTH] Transform: cam[0.097 0.464 0.132] → base[-0.1    0.874  0.467]
[INFO] [1781260026.101595883] [coord_transform]: [GROUND_TRUTH] Transform: cam[0.039 0.683 0.074] → base[-0.043  1.093  0.409]
[INFO] [1781260028.104734854] [coord_transform]: [GROUND_TRUTH] Transform: cam[-0.02   0.745  0.036] → base[0.016 1.155 0.371]
[INFO] [1781260030.109116002] [coord_transform]: [GROUND_TRUTH] Transform: cam[-0.045  0.761  0.018] → base[0.041 1.171 0.353]
[INFO] [1781260031.886418367] [coord_transform]: Trạng thái tracking: STOPPED
[WARN] [1781260039.761399700] [coord_transform]: Outlier rejected #1 (jumped 242.9mm). Ignoring.
[WARN] [1781260039.785602779] [coord_transform]: Outlier rejected #2 (jumped 224.2mm). Ignoring.
[WARN] [1781260039.817329384] [coord_transform]: Outlier rejected #3 (jumped 221.0mm). Ignoring.
[WARN] [1781260041.340110886] [coord_transform]: Outlier rejected #4 (jumped 486.8mm). Ignoring.
[INFO] [1781260049.642279411] [coord_transform]: Trạng thái tracking: STOPPED
[WARN] [1781260050.998177079] [coord_transform]: Outlier rejected #1 (jumped 616.5mm). Ignoring.
[WARN] [1781260051.025343986] [coord_transform]: Outlier rejected #2 (jumped 504.3mm). Ignoring.
[WARN] [1781260052.132234231] [coord_transform]: Outlier rejected #3 (jumped 531.2mm). Ignoring.
[WARN] [1781260052.178777533] [coord_transform]: Outlier rejected #4 (jumped 579.0mm). Ignoring.
[INFO] [1781260052.207885429] [coord_transform]: Too many outliers (5). Resetting filter to new position.
[WARN] [1781260052.237316411] [coord_transform]: Outlier rejected #1 (jumped 160.3mm). Ignoring.
[WARN] [1781260052.267507911] [coord_transform]: Outlier rejected #2 (jumped 381.2mm). Ignoring.
[WARN] [1781260052.300112377] [coord_transform]: Outlier rejected #3 (jumped 478.0mm). Ignoring.
[WARN] [1781260052.332500004] [coord_transform]: Outlier rejected #4 (jumped 401.3mm). Ignoring.
[INFO] [1781260052.363816310] [coord_transform]: Too many outliers (5). Resetting filter to new position.
[WARN] [1781260052.398621863] [coord_transform]: Outlier rejected #1 (jumped 151.5mm). Ignoring.
[WARN] [1781260054.730105240] [coord_transform]: Outlier rejected #1 (jumped 201.6mm). Ignoring.
[WARN] [1781260054.762604874] [coord_transform]: Outlier rejected #2 (jumped 270.1mm). Ignoring.
[WARN] [1781260054.800043416] [coord_transform]: Outlier rejected #3 (jumped 420.1mm). Ignoring.
[WARN] [1781260054.834078092] [coord_transform]: Outlier rejected #4 (jumped 422.2mm). Ignoring.
[INFO] [1781260054.864976296] [coord_transform]: Too many outliers (5). Resetting filter to new position.
[WARN] [1781260055.073520128] [coord_transform]: Outlier rejected #1 (jumped 541.6mm). Ignoring.
[WARN] [1781260055.105768324] [coord_transform]: Outlier rejected #2 (jumped 535.7mm). Ignoring.
[WARN] [1781260055.134168875] [coord_transform]: Outlier rejected #3 (jumped 547.9mm). Ignoring.
[WARN] [1781260055.179361687] [coord_transform]: Outlier rejected #4 (jumped 557.1mm). Ignoring.
[INFO] [1781260055.209473747] [coord_transform]: Too many outliers (5). Resetting filter to new position.
[WARN] [1781260055.469266643] [coord_transform]: Outlier rejected #1 (jumped 408.6mm). Ignoring.
[WARN] [1781260055.498189920] [coord_transform]: Outlier rejected #2 (jumped 410.1mm). Ignoring.
[WARN] [1781260055.542837626] [coord_transform]: Outlier rejected #3 (jumped 398.7mm). Ignoring.
[WARN] [1781260055.578130168] [coord_transform]: Outlier rejected #4 (jumped 388.6mm). Ignoring.
[INFO] [1781260055.610206607] [coord_transform]: Too many outliers (5). Resetting filter to new position.
[INFO] [1781260068.344603578] [coord_transform]: Deadband: HOLD at (0.158, -0.130, 0.043)
[INFO] [1781260068.381176698] [coord_transform]: Deadband: RELEASE — motion detected
[INFO] [1781260072.775557948] [coord_transform]: Deadband: RELEASE — motion detected
[WARN] [1781260072.943313186] [coord_transform]: Outlier rejected #1 (jumped 745.7mm). Ignoring.
[WARN] [1781260072.976703950] [coord_transform]: Outlier rejected #2 (jumped 349.5mm). Ignoring.
[WARN] [1781260073.009964023] [coord_transform]: Outlier rejected #3 (jumped 302.8mm). Ignoring.
[WARN] [1781260073.044733880] [coord_transform]: Outlier rejected #4 (jumped 347.9mm). Ignoring.
[INFO] [1781260073.078521286] [coord_transform]: Too many outliers (5). Resetting filter to new position.
[INFO] [1781260075.527077541] [coord_transform]: Trạng thái tracking: STOPPED
[WARN] [1781260076.452628687] [coord_transform]: Outlier rejected #1 (jumped 150.7mm). Ignoring.
[WARN] [1781260076.477765215] [coord_transform]: Outlier rejected #2 (jumped 181.0mm). Ignoring.
[WARN] [1781260076.515160991] [coord_transform]: Outlier rejected #3 (jumped 210.2mm). Ignoring.
[WARN] [1781260076.979757035] [coord_transform]: Outlier rejected #4 (jumped 334.3mm). Ignoring.
[INFO] [1781260077.013348855] [coord_transform]: Too many outliers (5). Resetting filter to new position.
[WARN] [1781260077.127006836] [coord_transform]: Outlier rejected #1 (jumped 156.0mm). Ignoring.
[INFO] [1781260077.499414747] [coord_transform]: Deadband: HOLD at (0.158, -0.130, 0.043)
[INFO] [1781260077.537037447] [coord_transform]: Deadband: RELEASE — motion detected
[INFO] [1781260078.391496153] [coord_transform]: Đã chuyển mode: ground_truth -> prediction
[INFO] [1781260078.557505841] [coord_transform]: [SNAP ON] Tay thực tế đứng yên. Ép dừng robot (GRU đang lệch 45.4cm).
[INFO] [1781260089.035672947] [coord_transform]: Deadband: RELEASE — motion detected
[INFO] [1781260089.043939226] [coord_transform]: [SNAP OFF] Tay di chuyển lại. Trả quyền cho GRU.
[INFO] [1781260089.079415509] [coord_transform]: Deadband: HOLD at (0.158, -0.130, 0.043)
[INFO] [1781260089.088040685] [coord_transform]: [SNAP ON] Tay thực tế đứng yên. Ép dừng robot (GRU đang lệch 12.6cm).
[INFO] [1781260089.143749694] [coord_transform]: [SNAP OFF] Tay di chuyển lại. Trả quyền cho GRU.
[WARN] [1781260089.657290547] [coord_transform]: Outlier rejected #1 (jumped 151.4mm). Ignoring.
[INFO] [1781260091.161910787] [coord_transform]: Deadband: RELEASE — motion detected
[INFO] [1781260091.172604091] [coord_transform]: [SNAP OFF] Tay di chuyển lại. Trả quyền cho GRU.
[INFO] [1781260091.208824984] [coord_transform]: Deadband: HOLD at (0.158, -0.130, 0.043)
[INFO] [1781260091.213266148] [coord_transform]: [SNAP ON] Tay thực tế đứng yên. Ép dừng robot (GRU đang lệch 8.2cm).
[INFO] [1781260091.257350965] [coord_transform]: [SNAP OFF] Tay di chuyển lại. Trả quyền cho GRU.
[INFO] [1781260092.289699283] [coord_transform]: [SNAP OFF] Tay di chuyển lại. Trả quyền cho GRU.
[WARN] [1781260092.810112800] [coord_transform]: Outlier rejected #1 (jumped 152.7mm). Ignoring.
[INFO] [1781260093.477500771] [coord_transform]: Deadband: HOLD at (0.158, -0.130, 0.043)
[INFO] [1781260093.511587461] [coord_transform]: Deadband: RELEASE — motion detected
[INFO] [1781260094.258538859] [coord_transform]: [SNAP ON] Tay thực tế đứng yên. Ép dừng robot (GRU đang lệch 0.0cm).
[INFO] [1781260094.310150728] [coord_transform]: [SNAP OFF] Tay di chuyển lại. Trả quyền cho GRU.
[INFO] [1781260094.439699255] [coord_transform]: [SNAP OFF] Tay di chuyển lại. Trả quyền cho GRU.
[INFO] [1781260095.230320124] [coord_transform]: Re-sync camera init: [ 0.168 -0.148  0.07 ]
[INFO] [1781260095.230644822] [coord_transform]: Trạng thái tracking: RUNNING
[INFO] [1781260095.239983091] [coord_transform]: [PREDICTION] Transform: cam[ 0.168 -0.148  0.07 ] → base[-0.162  0.28   0.379]
[INFO] [1781260095.323139672] [coord_transform]: [SNAP OFF] Tay di chuyển lại. Trả quyền cho GRU.
[INFO] [1781260095.456156202] [coord_transform]: [SNAP ON] Tay thực tế đứng yên. Ép dừng robot (GRU đang lệch 8.1cm).
[INFO] [1781260096.109993140] [coord_transform]: Deadband: RELEASE — motion detected
[INFO] [1781260096.117356218] [coord_transform]: [SNAP OFF] Tay di chuyển lại. Trả quyền cho GRU.
[INFO] [1781260096.151589984] [coord_transform]: Deadband: HOLD at (0.168, -0.148, 0.070)
[INFO] [1781260096.197486630] [coord_transform]: [SNAP OFF] Tay di chuyển lại. Trả quyền cho GRU.
[INFO] [1781260097.242169906] [coord_transform]: [PREDICTION] Transform: cam[0.103 0.014 0.11 ] → base[-0.097  0.442  0.419]
[INFO] [1781260099.274262128] [coord_transform]: [PREDICTION] Transform: cam[0.003 0.259 0.118] → base[0.003 0.687 0.427]
[INFO] [1781260101.294423674] [coord_transform]: [PREDICTION] Transform: cam[-0.19   0.607  0.149] → base[0.196 1.035 0.457]
[WARN] [1781260101.389231351] [coord_transform]: Outlier rejected #1 (jumped 720.9mm). Ignoring.
[WARN] [1781260101.444963053] [coord_transform]: Outlier rejected #2 (jumped 724.5mm). Ignoring.
[WARN] [1781260101.548054150] [coord_transform]: Outlier rejected #3 (jumped 709.6mm). Ignoring.
[INFO] [1781260105.459770595] [coord_transform]: Trạng thái tracking: STOPPED
[WARN] [1781260125.651264951] [coord_transform]: Outlier rejected #1 (jumped 698.1mm). Ignoring.
[WARN] [1781260125.689731601] [coord_transform]: Outlier rejected #2 (jumped 679.4mm). Ignoring.
[WARN] [1781260125.718741523] [coord_transform]: Outlier rejected #3 (jumped 283.3mm). Ignoring.
[WARN] [1781260125.758453040] [coord_transform]: Outlier rejected #4 (jumped 295.0mm). Ignoring.
[INFO] [1781260125.785410850] [coord_transform]: Too many outliers (5). Resetting filter to new position.
[WARN] [1781260125.883255621] [coord_transform]: Outlier rejected #1 (jumped 700.1mm). Ignoring.
[WARN] [1781260125.914876370] [coord_transform]: Outlier rejected #2 (jumped 726.3mm). Ignoring.
[WARN] [1781260125.954790566] [coord_transform]: Outlier rejected #3 (jumped 804.8mm). Ignoring.
[WARN] [1781260125.984984211] [coord_transform]: Outlier rejected #4 (jumped 708.9mm). Ignoring.
[INFO] [1781260126.029405302] [coord_transform]: Too many outliers (5). Resetting filter to new position.
[WARN] [1781260126.381773538] [coord_transform]: Outlier rejected #1 (jumped 150.1mm). Ignoring.
[WARN] [1781260126.652293939] [coord_transform]: Outlier rejected #1 (jumped 360.9mm). Ignoring.
[WARN] [1781260126.682981219] [coord_transform]: Outlier rejected #2 (jumped 328.1mm). Ignoring.
[WARN] [1781260126.721355235] [coord_transform]: Outlier rejected #3 (jumped 484.1mm). Ignoring.
[WARN] [1781260126.751988137] [coord_transform]: Outlier rejected #4 (jumped 467.0mm). Ignoring.
[INFO] [1781260126.785594427] [coord_transform]: Too many outliers (5). Resetting filter to new position.
[WARN] [1781260126.853602722] [coord_transform]: Outlier rejected #1 (jumped 229.3mm). Ignoring.
[WARN] [1781260126.887524858] [coord_transform]: Outlier rejected #2 (jumped 229.3mm). Ignoring.
[WARN] [1781260126.951462235] [coord_transform]: Outlier rejected #1 (jumped 182.3mm). Ignoring.
[WARN] [1781260127.051015730] [coord_transform]: Outlier rejected #1 (jumped 179.9mm). Ignoring.
[WARN] [1781260127.250619008] [coord_transform]: Outlier rejected #1 (jumped 251.4mm). Ignoring.
[WARN] [1781260127.421462012] [coord_transform]: Outlier rejected #1 (jumped 165.7mm). Ignoring.
[WARN] [1781260127.553704345] [coord_transform]: Outlier rejected #1 (jumped 228.3mm). Ignoring.
[WARN] [1781260127.586268076] [coord_transform]: Outlier rejected #2 (jumped 307.7mm). Ignoring.
[WARN] [1781260127.627121421] [coord_transform]: Outlier rejected #3 (jumped 205.1mm). Ignoring.
[WARN] [1781260127.660672324] [coord_transform]: Outlier rejected #4 (jumped 229.3mm). Ignoring.
[INFO] [1781260127.690232777] [coord_transform]: Too many outliers (5). Resetting filter to new position.
[WARN] [1781260127.826930027] [coord_transform]: Outlier rejected #1 (jumped 178.5mm). Ignoring.
[INFO] [1781260128.086490906] [coord_transform]: Trạng thái tracking: STOPPED
[INFO] [1781260140.298125945] [coord_transform]: Deadband: HOLD at (0.168, -0.148, 0.070)
[INFO] [1781260140.571826983] [coord_transform]: Deadband: RELEASE — motion detected
[WARN] [1781260141.724984291] [coord_transform]: Outlier rejected #1 (jumped 251.4mm). Ignoring.
[WARN] [1781260141.765251096] [coord_transform]: Outlier rejected #2 (jumped 532.8mm). Ignoring.
[INFO] [1781260143.263373163] [coord_transform]: Deadband: HOLD at (0.168, -0.148, 0.070)
[INFO] [1781260143.295954173] [coord_transform]: Deadband: RELEASE — motion detected
[WARN] [1781260144.132332334] [coord_transform]: Outlier rejected #1 (jumped 153.8mm). Ignoring.
[WARN] [1781260145.063198834] [coord_transform]: Outlier rejected #1 (jumped 165.2mm). Ignoring.
[WARN] [1781260145.374461415] [coord_transform]: Outlier rejected #1 (jumped 204.9mm). Ignoring.
[WARN] [1781260146.206172712] [coord_transform]: Outlier rejected #1 (jumped 167.9mm). Ignoring.
[WARN] [1781260147.869693193] [coord_transform]: Outlier rejected #1 (jumped 159.4mm). Ignoring.
[WARN] [1781260149.065163624] [coord_transform]: Outlier rejected #1 (jumped 715.3mm). Ignoring.
[WARN] [1781260149.101029195] [coord_transform]: Outlier rejected #2 (jumped 765.0mm). Ignoring.
[INFO] [1781260151.913326014] [coord_transform]: Trạng thái tracking: STOPPED
[WARN] [1781260152.801773130] [coord_transform]: Outlier rejected #3 (jumped 177.0mm). Ignoring.
[WARN] [1781260152.838838665] [coord_transform]: Outlier rejected #4 (jumped 176.5mm). Ignoring.
[INFO] [1781260153.568440342] [coord_transform]: Deadband: HOLD at (0.168, -0.148, 0.070)
[INFO] [1781260153.603205959] [coord_transform]: Deadband: RELEASE — motion detected
[WARN] [1781260155.061515322] [coord_transform]: Outlier rejected #1 (jumped 798.8mm). Ignoring.
[WARN] [1781260155.095828906] [coord_transform]: Outlier rejected #2 (jumped 801.6mm). Ignoring.
[WARN] [1781260155.134937433] [coord_transform]: Outlier rejected #3 (jumped 805.0mm). Ignoring.
[WARN] [1781260155.169724156] [coord_transform]: Outlier rejected #4 (jumped 801.1mm). Ignoring.
[INFO] [1781260155.206306276] [coord_transform]: Too many outliers (5). Resetting filter to new position.
[INFO] [1781260155.347173328] [coord_transform]: [SNAP ON] Tay thực tế đứng yên. Ép dừng robot (GRU đang lệch 64.7cm).
[INFO] [1781260155.378780704] [coord_transform]: [SNAP OFF] Tay di chuyển lại. Trả quyền cho GRU.
[INFO] [1781260155.445114042] [coord_transform]: [SNAP OFF] Tay di chuyển lại. Trả quyền cho GRU.
[INFO] [1781260155.517805946] [coord_transform]: [SNAP OFF] Tay di chuyển lại. Trả quyền cho GRU.
[INFO] [1781260155.589660157] [coord_transform]: [SNAP OFF] Tay di chuyển lại. Trả quyền cho GRU.
[INFO] [1781260155.609341902] [coord_transform]: Deadband: HOLD at (0.168, -0.148, 0.070)
[INFO] [1781260155.642463263] [coord_transform]: Deadband: RELEASE — motion detected
[INFO] [1781260155.650860846] [coord_transform]: [SNAP OFF] Tay di chuyển lại. Trả quyền cho GRU.
[INFO] [1781260155.719837434] [coord_transform]: [SNAP OFF] Tay di chuyển lại. Trả quyền cho GRU.
[INFO] [1781260157.515023894] [coord_transform]: [SNAP ON] Tay thực tế đứng yên. Ép dừng robot (GRU đang lệch 0.0cm).
[INFO] [1781260157.548633657] [coord_transform]: [SNAP OFF] Tay di chuyển lại. Trả quyền cho GRU.
[INFO] [1781260157.618722569] [coord_transform]: [SNAP OFF] Tay di chuyển lại. Trả quyền cho GRU.
[INFO] [1781260157.641498295] [coord_transform]: Deadband: HOLD at (0.168, -0.148, 0.070)
[INFO] [1781260157.677613356] [coord_transform]: Deadband: RELEASE — motion detected
[INFO] [1781260157.684824626] [coord_transform]: [SNAP OFF] Tay di chuyển lại. Trả quyền cho GRU.
[INFO] [1781260159.656941573] [coord_transform]: Deadband: HOLD at (0.168, -0.148, 0.070)
[INFO] [1781260159.692911758] [coord_transform]: Deadband: RELEASE — motion detected
[INFO] [1781260161.720215356] [coord_transform]: Deadband: HOLD at (0.168, -0.148, 0.070)
[INFO] [1781260161.754253364] [coord_transform]: Deadband: RELEASE — motion detected
[INFO] [1781260162.185467355] [coord_transform]: [SNAP ON] Tay thực tế đứng yên. Ép dừng robot (GRU đang lệch 7.5cm).
[INFO] [1781260162.221472049] [coord_transform]: [SNAP OFF] Tay di chuyển lại. Trả quyền cho GRU.
[INFO] [1781260162.287942647] [coord_transform]: [SNAP OFF] Tay di chuyển lại. Trả quyền cho GRU.
[INFO] [1781260162.353892216] [coord_transform]: [SNAP OFF] Tay di chuyển lại. Trả quyền cho GRU.
[INFO] [1781260162.417883644] [coord_transform]: [SNAP OFF] Tay di chuyển lại. Trả quyền cho GRU.
[INFO] [1781260162.489075263] [coord_transform]: [SNAP OFF] Tay di chuyển lại. Trả quyền cho GRU.
[INFO] [1781260162.553936681] [coord_transform]: [SNAP OFF] Tay di chuyển lại. Trả quyền cho GRU.
[INFO] [1781260163.416451251] [coord_transform]: [SNAP OFF] Tay di chuyển lại. Trả quyền cho GRU.
[INFO] [1781260163.451305530] [coord_transform]: [SNAP ON] Tay thực tế đứng yên. Ép dừng robot (GRU đang lệch 7.3cm).
[INFO] [1781260163.493601700] [coord_transform]: [SNAP OFF] Tay di chuyển lại. Trả quyền cho GRU.
[INFO] [1781260163.561679969] [coord_transform]: [SNAP OFF] Tay di chuyển lại. Trả quyền cho GRU.
[INFO] [1781260163.625310319] [coord_transform]: [SNAP OFF] Tay di chuyển lại. Trả quyền cho GRU.
[INFO] [1781260163.690704071] [coord_transform]: [SNAP OFF] Tay di chuyển lại. Trả quyền cho GRU.
[INFO] [1781260163.755754272] [coord_transform]: [SNAP OFF] Tay di chuyển lại. Trả quyền cho GRU.
[INFO] [1781260163.781598993] [coord_transform]: Deadband: HOLD at (0.168, -0.148, 0.070)
[INFO] [1781260163.815501780] [coord_transform]: Deadband: RELEASE — motion detected
[INFO] [1781260163.822463875] [coord_transform]: [SNAP OFF] Tay di chuyển lại. Trả quyền cho GRU.
[INFO] [1781260163.890585714] [coord_transform]: [SNAP OFF] Tay di chuyển lại. Trả quyền cho GRU.
[INFO] [1781260163.958917690] [coord_transform]: [SNAP OFF] Tay di chuyển lại. Trả quyền cho GRU.
[INFO] [1781260164.023972597] [coord_transform]: [SNAP OFF] Tay di chuyển lại. Trả quyền cho GRU.
[INFO] [1781260164.090347485] [coord_transform]: [SNAP OFF] Tay di chuyển lại. Trả quyền cho GRU.
[INFO] [1781260164.157928016] [coord_transform]: [SNAP OFF] Tay di chuyển lại. Trả quyền cho GRU.
[INFO] [1781260164.236601412] [coord_transform]: [SNAP OFF] Tay di chuyển lại. Trả quyền cho GRU.
[INFO] [1781260164.312145579] [coord_transform]: [SNAP OFF] Tay di chuyển lại. Trả quyền cho GRU.
[INFO] [1781260164.379839237] [coord_transform]: [SNAP OFF] Tay di chuyển lại. Trả quyền cho GRU.
[INFO] [1781260164.440257277] [coord_transform]: [SNAP OFF] Tay di chuyển lại. Trả quyền cho GRU.
[INFO] [1781260164.476139066] [coord_transform]: [SNAP ON] Tay thực tế đứng yên. Ép dừng robot (GRU đang lệch 6.8cm).
[INFO] [1781260164.512253265] [coord_transform]: [SNAP OFF] Tay di chuyển lại. Trả quyền cho GRU.
[INFO] [1781260164.578790056] [coord_transform]: [SNAP OFF] Tay di chuyển lại. Trả quyền cho GRU.
[INFO] [1781260164.643206783] [coord_transform]: [SNAP OFF] Tay di chuyển lại. Trả quyền cho GRU.
[INFO] [1781260164.714941173] [coord_transform]: [SNAP OFF] Tay di chuyển lại. Trả quyền cho GRU.
[INFO] [1781260164.785022432] [coord_transform]: [SNAP OFF] Tay di chuyển lại. Trả quyền cho GRU.
[INFO] [1781260164.857405895] [coord_transform]: [SNAP OFF] Tay di chuyển lại. Trả quyền cho GRU.
[INFO] [1781260165.083296981] [coord_transform]: [SNAP OFF] Tay di chuyển lại. Trả quyền cho GRU.
[INFO] [1781260165.747278921] [coord_transform]: [SNAP ON] Tay thực tế đứng yên. Ép dừng robot (GRU đang lệch 4.6cm).
[INFO] [1781260165.785517878] [coord_transform]: Deadband: HOLD at (0.168, -0.148, 0.070)
[INFO] [1781260165.786064759] [coord_transform]: [SNAP OFF] Tay di chuyển lại. Trả quyền cho GRU.
[INFO] [1781260165.884926930] [coord_transform]: Deadband: RELEASE — motion detected
[INFO] [1781260165.915521551] [coord_transform]: [SNAP OFF] Tay di chuyển lại. Trả quyền cho GRU.
[INFO] [1781260165.978925795] [coord_transform]: [SNAP OFF] Tay di chuyển lại. Trả quyền cho GRU.
[INFO] [1781260166.045172805] [coord_transform]: [SNAP OFF] Tay di chuyển lại. Trả quyền cho GRU.
[INFO] [1781260166.116337888] [coord_transform]: [SNAP OFF] Tay di chuyển lại. Trả quyền cho GRU.
[INFO] [1781260166.183160271] [coord_transform]: [SNAP OFF] Tay di chuyển lại. Trả quyền cho GRU.
[INFO] [1781260166.246061142] [coord_transform]: [SNAP OFF] Tay di chuyển lại. Trả quyền cho GRU.
[INFO] [1781260166.310555607] [coord_transform]: [SNAP OFF] Tay di chuyển lại. Trả quyền cho GRU.
[INFO] [1781260166.375389624] [coord_transform]: [SNAP OFF] Tay di chuyển lại. Trả quyền cho GRU.
[INFO] [1781260166.441488841] [coord_transform]: [SNAP OFF] Tay di chuyển lại. Trả quyền cho GRU.
[INFO] [1781260166.509348324] [coord_transform]: [SNAP OFF] Tay di chuyển lại. Trả quyền cho GRU.
[INFO] [1781260166.583214566] [coord_transform]: [SNAP OFF] Tay di chuyển lại. Trả quyền cho GRU.
[INFO] [1781260167.813317247] [coord_transform]: Deadband: HOLD at (0.168, -0.148, 0.070)
[INFO] [1781260167.950230231] [coord_transform]: Deadband: RELEASE — motion detected
[INFO] [1781260168.121802738] [coord_transform]: [SNAP ON] Tay thực tế đứng yên. Ép dừng robot (GRU đang lệch 4.6cm).
[INFO] [1781260168.177484373] [coord_transform]: [SNAP OFF] Tay di chuyển lại. Trả quyền cho GRU.
[INFO] [1781260168.265958551] [coord_transform]: [SNAP OFF] Tay di chuyển lại. Trả quyền cho GRU.
[INFO] [1781260168.341692601] [coord_transform]: [SNAP OFF] Tay di chuyển lại. Trả quyền cho GRU.
[INFO] [1781260169.300997638] [coord_transform]: Re-sync camera init: [ 0.185 -0.248  0.037]
[INFO] [1781260169.301806404] [coord_transform]: Trạng thái tracking: RUNNING
[INFO] [1781260169.322484170] [coord_transform]: [PREDICTION] Transform: cam[ 0.114 -0.178  0.081] → base[-0.091  0.35   0.422]
[INFO] [1781260169.585808081] [coord_transform]: [SNAP ON] Tay thực tế đứng yên. Ép dừng robot (GRU đang lệch 11.6cm).
[INFO] [1781260170.324859159] [coord_transform]: Deadband: RELEASE — motion detected
[INFO] [1781260170.341752546] [coord_transform]: [SNAP OFF] Tay di chuyển lại. Trả quyền cho GRU.
[WARN] [1781260170.836266308] [coord_transform]: Outlier rejected #1 (jumped 174.7mm). Ignoring.
[WARN] [1781260170.901162886] [coord_transform]: Outlier rejected #2 (jumped 158.3mm). Ignoring.
[WARN] [1781260170.950422135] [coord_transform]: Outlier rejected #3 (jumped 151.3mm). Ignoring.
[INFO] [1781260171.357379175] [coord_transform]: [PREDICTION] Transform: cam[ 0.078 -0.053  0.103] → base[-0.054  0.475  0.445]
[INFO] [1781260173.362494791] [coord_transform]: [PREDICTION] Transform: cam[0.045 0.24  0.152] → base[-0.022  0.768  0.494]
[INFO] [1781260175.368289642] [coord_transform]: [PREDICTION] Transform: cam[0.015 0.443 0.16 ] → base[0.008 0.971 0.502]
[INFO] [1781260177.393304143] [coord_transform]: [PREDICTION] Transform: cam[-0.045  0.55   0.096] → base[0.069 1.078 0.438]
[INFO] [1781260179.501045743] [coord_transform]: [PREDICTION] Transform: cam[-0.094  0.629  0.039] → base[0.118 1.157 0.381]
[INFO] [1781260181.503842597] [coord_transform]: [PREDICTION] Transform: cam[-0.097  0.654  0.026] → base[0.12  1.182 0.368]
[INFO] [1781260183.518753820] [coord_transform]: [PREDICTION] Transform: cam[-0.126  0.672  0.013] → base[0.149 1.2   0.355]
[INFO] [1781260184.741466327] [coord_transform]: Trạng thái tracking: STOPPED
[WARN] [1781260198.671293744] [coord_transform]: Outlier rejected #1 (jumped 243.5mm). Ignoring.
[WARN] [1781260198.716422975] [coord_transform]: Outlier rejected #2 (jumped 276.4mm). Ignoring.
[WARN] [1781260199.043887515] [coord_transform]: Outlier rejected #1 (jumped 364.2mm). Ignoring.
[WARN] [1781260199.471938393] [coord_transform]: Outlier rejected #1 (jumped 242.8mm). Ignoring.
[WARN] [1781260199.675030730] [coord_transform]: Outlier rejected #1 (jumped 511.7mm). Ignoring.
[WARN] [1781260199.706213280] [coord_transform]: Outlier rejected #2 (jumped 385.6mm). Ignoring.
[WARN] [1781260199.736125396] [coord_transform]: Outlier rejected #3 (jumped 453.9mm). Ignoring.
[WARN] [1781260199.779998428] [coord_transform]: Outlier rejected #4 (jumped 504.2mm). Ignoring.
[INFO] [1781260199.807539639] [coord_transform]: Too many outliers (5). Resetting filter to new position.
[WARN] [1781260200.846362549] [coord_transform]: Outlier rejected #1 (jumped 425.9mm). Ignoring.
[WARN] [1781260200.896086918] [coord_transform]: Outlier rejected #2 (jumped 498.7mm). Ignoring.
[WARN] [1781260200.929904978] [coord_transform]: Outlier rejected #3 (jumped 389.7mm). Ignoring.
[WARN] [1781260200.966707610] [coord_transform]: Outlier rejected #4 (jumped 497.2mm). Ignoring.
[INFO] [1781260200.998476753] [coord_transform]: Too many outliers (5). Resetting filter to new position.
[WARN] [1781260201.066283578] [coord_transform]: Outlier rejected #1 (jumped 164.5mm). Ignoring.
[WARN] [1781260201.097164709] [coord_transform]: Outlier rejected #2 (jumped 267.9mm). Ignoring.
[WARN] [1781260201.134246537] [coord_transform]: Outlier rejected #3 (jumped 309.4mm). Ignoring.
[WARN] [1781260201.168187665] [coord_transform]: Outlier rejected #4 (jumped 359.9mm). Ignoring.
[INFO] [1781260201.206553656] [coord_transform]: Too many outliers (5). Resetting filter to new position.
[INFO] [1781260244.695397925] [coord_transform]: Trạng thái tracking: STOPPED
[WARN] [1781260245.902507503] [coord_transform]: Outlier rejected #1 (jumped 168.4mm). Ignoring.
[WARN] [1781260245.971946159] [coord_transform]: Outlier rejected #1 (jumped 250.0mm). Ignoring.
[WARN] [1781260246.072083084] [coord_transform]: Outlier rejected #1 (jumped 321.5mm). Ignoring.
[WARN] [1781260246.179563523] [coord_transform]: Outlier rejected #1 (jumped 193.2mm). Ignoring.
[WARN] [1781260248.008758024] [coord_transform]: Outlier rejected #1 (jumped 152.9mm). Ignoring.
[WARN] [1781260248.144473275] [coord_transform]: Outlier rejected #1 (jumped 253.3mm). Ignoring.
[WARN] [1781260248.177105148] [coord_transform]: Outlier rejected #2 (jumped 183.9mm). Ignoring.
[WARN] [1781260248.209420729] [coord_transform]: Outlier rejected #3 (jumped 172.6mm). Ignoring.
[WARN] [1781260248.241441462] [coord_transform]: Outlier rejected #4 (jumped 237.9mm). Ignoring.
[INFO] [1781260248.277885941] [coord_transform]: Too many outliers (5). Resetting filter to new position.
[INFO] [1781260262.581939303] [coord_transform]: Deadband: HOLD at (0.185, -0.248, 0.037)
[INFO] [1781260262.883267361] [coord_transform]: Deadband: RELEASE — motion detected
[WARN] [1781260267.623332884] [coord_transform]: Outlier rejected #1 (jumped 232.0mm). Ignoring.
[WARN] [1781260267.724626568] [coord_transform]: Outlier rejected #2 (jumped 285.6mm). Ignoring.
[WARN] [1781260267.757621305] [coord_transform]: Outlier rejected #3 (jumped 209.7mm). Ignoring.
[WARN] [1781260267.788838396] [coord_transform]: Outlier rejected #4 (jumped 217.4mm). Ignoring.
[INFO] [1781260267.819234563] [coord_transform]: Too many outliers (5). Resetting filter to new position.
[INFO] [1781260268.396645092] [coord_transform]: Deadband: HOLD at (0.185, -0.248, 0.037)
[WARN] [1781260268.660984364] [coord_transform]: Outlier rejected #1 (jumped 304.7mm). Ignoring.
[WARN] [1781260268.720392907] [coord_transform]: Outlier rejected #1 (jumped 296.4mm). Ignoring.
[INFO] [1781260268.859842517] [coord_transform]: Deadband: RELEASE — motion detected
[INFO] [1781260271.823212675] [coord_transform]: Deadband: RELEASE — motion detected
[INFO] [1781260271.858874751] [coord_transform]: Deadband: HOLD at (0.185, -0.248, 0.037)
[INFO] [1781260274.330406604] [coord_transform]: Deadband: RELEASE — motion detected
[INFO] [1781260274.357499629] [coord_transform]: Deadband: HOLD at (0.185, -0.248, 0.037)
[WARN] [1781260277.058233168] [coord_transform]: Outlier rejected #1 (jumped 179.0mm). Ignoring.
[INFO] [1781260277.225597413] [coord_transform]: Deadband: RELEASE — motion detected
[INFO] [1781260277.258997562] [coord_transform]: Deadband: HOLD at (0.185, -0.248, 0.037)
[WARN] [1781260278.000624135] [coord_transform]: Outlier rejected #1 (jumped 155.9mm). Ignoring.
[WARN] [1781260279.209997068] [coord_transform]: Outlier rejected #1 (jumped 160.0mm). Ignoring.
[WARN] [1781260280.661973135] [coord_transform]: Outlier rejected #1 (jumped 323.2mm). Ignoring.
[INFO] [1781260280.832197058] [coord_transform]: Deadband: RELEASE — motion detected
[WARN] [1781260282.837391343] [coord_transform]: Outlier rejected #1 (jumped 731.3mm). Ignoring.
[WARN] [1781260282.875851346] [coord_transform]: Outlier rejected #2 (jumped 731.3mm). Ignoring.
[WARN] [1781260282.917942243] [coord_transform]: Outlier rejected #3 (jumped 731.3mm). Ignoring.
[WARN] [1781260282.953917152] [coord_transform]: Outlier rejected #4 (jumped 731.3mm). Ignoring.
[INFO] [1781260282.987861564] [coord_transform]: Too many outliers (5). Resetting filter to new position.
[WARN] [1781260284.565533645] [coord_transform]: Outlier rejected #1 (jumped 161.7mm). Ignoring.
[WARN] [1781260284.599414837] [coord_transform]: Outlier rejected #2 (jumped 173.0mm). Ignoring.
[WARN] [1781260284.635758628] [coord_transform]: Outlier rejected #3 (jumped 232.6mm). Ignoring.
[WARN] [1781260284.673161522] [coord_transform]: Outlier rejected #4 (jumped 262.6mm). Ignoring.
[INFO] [1781260284.703077753] [coord_transform]: Too many outliers (5). Resetting filter to new position.
[INFO] [1781260285.757022677] [coord_transform]: Deadband: HOLD at (0.185, -0.248, 0.037)
[INFO] [1781260285.789820777] [coord_transform]: Deadband: RELEASE — motion detected
[INFO] [1781260287.048572266] [coord_transform]: Trạng thái tracking: STOPPED
[INFO] [1781260287.818727701] [coord_transform]: Deadband: HOLD at (0.185, -0.248, 0.037)
[INFO] [1781260287.859296715] [coord_transform]: Deadband: RELEASE — motion detected
[INFO] [1781260289.876753031] [coord_transform]: Deadband: HOLD at (0.185, -0.248, 0.037)
[INFO] [1781260289.916820157] [coord_transform]: Deadband: RELEASE — motion detected
[INFO] [1781260292.444951818] [coord_transform]: Deadband: HOLD at (0.185, -0.248, 0.037)
[INFO] [1781260292.475482238] [coord_transform]: Deadband: RELEASE — motion detected
[INFO] [1781260294.816970126] [coord_transform]: Deadband: HOLD at (0.185, -0.248, 0.037)
[INFO] [1781260294.881779813] [coord_transform]: Deadband: RELEASE — motion detected
[INFO] [1781260295.850518753] [coord_transform]: Re-sync camera init: [ 0.2   -0.201  0.085]
[INFO] [1781260295.851357596] [coord_transform]: Trạng thái tracking: RUNNING
[INFO] [1781260295.904610980] [coord_transform]: [SNAP ON] Tay thực tế đứng yên. Ép dừng robot (GRU đang lệch 7.5cm).
[INFO] [1781260295.907137468] [coord_transform]: [PREDICTION] Transform: cam[ 0.2   -0.201  0.085] → base[-0.162  0.28   0.379]
[INFO] [1781260296.848483532] [coord_transform]: [SNAP OFF] Tay di chuyển lại. Trả quyền cho GRU.
[INFO] [1781260296.890168514] [coord_transform]: Deadband: HOLD at (0.200, -0.201, 0.085)
[INFO] [1781260296.910531045] [coord_transform]: [SNAP ON] Tay thực tế đứng yên. Ép dừng robot (GRU đang lệch 12.4cm).
[INFO] [1781260296.947180092] [coord_transform]: Deadband: RELEASE — motion detected
[INFO] [1781260296.957427104] [coord_transform]: [SNAP OFF] Tay di chuyển lại. Trả quyền cho GRU.
[INFO] [1781260297.067637122] [coord_transform]: [SNAP OFF] Tay di chuyển lại. Trả quyền cho GRU.
[INFO] [1781260297.944707882] [coord_transform]: [PREDICTION] Transform: cam[ 0.136 -0.031  0.13 ] → base[-0.098  0.45   0.424]
[INFO] [1781260299.972515566] [coord_transform]: [PREDICTION] Transform: cam[0.116 0.143 0.149] → base[-0.078  0.625  0.443]
[INFO] [1781260301.979628721] [coord_transform]: [PREDICTION] Transform: cam[0.065 0.344 0.162] → base[-0.027  0.825  0.455]
[INFO] [1781260303.993928597] [coord_transform]: [PREDICTION] Transform: cam[0.043 0.37  0.14 ] → base[-0.005  0.852  0.434]
[INFO] [1781260306.015171301] [coord_transform]: [PREDICTION] Transform: cam[0.003 0.531 0.123] → base[0.035 1.013 0.416]
[INFO] [1781260308.060160788] [coord_transform]: [PREDICTION] Transform: cam[-0.022  0.627  0.037] → base[0.06  1.109 0.331]
[INFO] [1781260310.091576678] [coord_transform]: [PREDICTION] Transform: cam[-0.039  0.646  0.037] → base[0.078 1.127 0.331]
[INFO] [1781260310.834822880] [coord_transform]: Trạng thái tracking: STOPPED
[WARN] [1781260315.966038226] [coord_transform]: Outlier rejected #1 (jumped 486.9mm). Ignoring.
[WARN] [1781260315.998769224] [coord_transform]: Outlier rejected #2 (jumped 511.7mm). Ignoring.
[WARN] [1781260316.033769127] [coord_transform]: Outlier rejected #3 (jumped 517.6mm). Ignoring.
[WARN] [1781260316.081534104] [coord_transform]: Outlier rejected #4 (jumped 500.1mm). Ignoring.
[INFO] [1781260316.127104201] [coord_transform]: Too many outliers (5). Resetting filter to new position.
[WARN] [1781260330.797187839] [coord_transform]: Outlier rejected #1 (jumped 476.3mm). Ignoring.
[WARN] [1781260330.843963315] [coord_transform]: Outlier rejected #2 (jumped 477.0mm). Ignoring.
[WARN] [1781260330.870060851] [coord_transform]: Outlier rejected #3 (jumped 449.4mm). Ignoring.
[WARN] [1781260330.904113072] [coord_transform]: Outlier rejected #4 (jumped 445.3mm). Ignoring.
[INFO] [1781260330.935246821] [coord_transform]: Too many outliers (5). Resetting filter to new position.
[WARN] [1781260331.741239025] [coord_transform]: Outlier rejected #1 (jumped 924.8mm). Ignoring.
[WARN] [1781260331.767601273] [coord_transform]: Outlier rejected #2 (jumped 950.0mm). Ignoring.
[WARN] [1781260331.811271858] [coord_transform]: Outlier rejected #3 (jumped 1027.8mm). Ignoring.
[WARN] [1781260331.840193299] [coord_transform]: Outlier rejected #4 (jumped 1033.9mm). Ignoring.
[INFO] [1781260331.867847901] [coord_transform]: Too many outliers (5). Resetting filter to new position.
[WARN] [1781260331.906740644] [coord_transform]: Outlier rejected #1 (jumped 195.2mm). Ignoring.
[WARN] [1781260331.935868909] [coord_transform]: Outlier rejected #2 (jumped 195.2mm). Ignoring.
[WARN] [1781260331.968175108] [coord_transform]: Outlier rejected #3 (jumped 197.5mm). Ignoring.
[WARN] [1781260332.000498792] [coord_transform]: Outlier rejected #4 (jumped 202.5mm). Ignoring.
[INFO] [1781260332.034059077] [coord_transform]: Too many outliers (5). Resetting filter to new position.
[WARN] [1781260332.068263437] [coord_transform]: Outlier rejected #1 (jumped 1113.9mm). Ignoring.
[WARN] [1781260332.583471036] [coord_transform]: Outlier rejected #1 (jumped 646.5mm). Ignoring.
[WARN] [1781260332.609373704] [coord_transform]: Outlier rejected #2 (jumped 640.2mm). Ignoring.
[WARN] [1781260332.643422991] [coord_transform]: Outlier rejected #3 (jumped 653.7mm). Ignoring.
[WARN] [1781260332.675182734] [coord_transform]: Outlier rejected #4 (jumped 632.9mm). Ignoring.
[INFO] [1781260334.091078075] [coord_transform]: Too many outliers (5). Resetting filter to new position.
[WARN] [1781260337.038792059] [coord_transform]: Outlier rejected #1 (jumped 616.4mm). Ignoring.
[WARN] [1781260337.075305388] [coord_transform]: Outlier rejected #2 (jumped 541.7mm). Ignoring.
[WARN] [1781260337.105568462] [coord_transform]: Outlier rejected #3 (jumped 593.8mm). Ignoring.
[WARN] [1781260337.148909434] [coord_transform]: Outlier rejected #4 (jumped 617.8mm). Ignoring.
[INFO] [1781260337.177578302] [coord_transform]: Too many outliers (5). Resetting filter to new position.
[WARN] [1781260337.705781616] [coord_transform]: Outlier rejected #1 (jumped 475.4mm). Ignoring.
[WARN] [1781260337.739903518] [coord_transform]: Outlier rejected #2 (jumped 424.8mm). Ignoring.
[WARN] [1781260337.870810418] [coord_transform]: Outlier rejected #1 (jumped 176.8mm). Ignoring.
[WARN] [1781260340.478084009] [coord_transform]: Outlier rejected #1 (jumped 262.5mm). Ignoring.
[WARN] [1781260340.506606481] [coord_transform]: Outlier rejected #2 (jumped 294.8mm). Ignoring.
[WARN] [1781260340.541333222] [coord_transform]: Outlier rejected #3 (jumped 309.8mm). Ignoring.
[WARN] [1781260340.575757844] [coord_transform]: Outlier rejected #4 (jumped 311.0mm). Ignoring.
[INFO] [1781260340.607444530] [coord_transform]: Too many outliers (5). Resetting filter to new position.
[WARN] [1781260345.444602697] [coord_transform]: Outlier rejected #1 (jumped 367.8mm). Ignoring.
[WARN] [1781260345.476538101] [coord_transform]: Outlier rejected #2 (jumped 367.7mm). Ignoring.
[WARN] [1781260345.509017714] [coord_transform]: Outlier rejected #3 (jumped 376.1mm). Ignoring.
[WARN] [1781260345.544105971] [coord_transform]: Outlier rejected #4 (jumped 378.3mm). Ignoring.
[INFO] [1781260345.578025378] [coord_transform]: Too many outliers (5). Resetting filter to new position.
[WARN] [1781260347.515322197] [coord_transform]: Outlier rejected #1 (jumped 1043.9mm). Ignoring.
[WARN] [1781260347.681873373] [coord_transform]: Outlier rejected #1 (jumped 1106.9mm). Ignoring.
[WARN] [1781260347.713796156] [coord_transform]: Outlier rejected #2 (jumped 1109.9mm). Ignoring.
[WARN] [1781260348.245150479] [coord_transform]: Outlier rejected #3 (jumped 193.5mm). Ignoring.
[WARN] [1781260348.280936506] [coord_transform]: Outlier rejected #4 (jumped 670.6mm). Ignoring.
[INFO] [1781260348.345238892] [coord_transform]: Too many outliers (5). Resetting filter to new position.
[WARN] [1781260348.512523075] [coord_transform]: Outlier rejected #1 (jumped 552.4mm). Ignoring.
[WARN] [1781260348.543337636] [coord_transform]: Outlier rejected #2 (jumped 703.7mm). Ignoring.
[WARN] [1781260348.580396877] [coord_transform]: Outlier rejected #3 (jumped 716.8mm). Ignoring.
[WARN] [1781260348.612078664] [coord_transform]: Outlier rejected #4 (jumped 715.0mm). Ignoring.
[INFO] [1781260348.646335222] [coord_transform]: Too many outliers (5). Resetting filter to new position.
[WARN] [1781260348.682148287] [coord_transform]: Outlier rejected #1 (jumped 1172.2mm). Ignoring.
[WARN] [1781260372.703673938] [coord_transform]: Outlier rejected #1 (jumped 752.1mm). Ignoring.
[WARN] [1781260372.729806778] [coord_transform]: Outlier rejected #2 (jumped 742.7mm). Ignoring.
[WARN] [1781260372.774677371] [coord_transform]: Outlier rejected #3 (jumped 769.5mm). Ignoring.
[WARN] [1781260372.802964924] [coord_transform]: Outlier rejected #4 (jumped 755.3mm). Ignoring.
[INFO] [1781260372.834838909] [coord_transform]: Too many outliers (5). Resetting filter to new position.
[WARN] [1781260382.804690260] [coord_transform]: Outlier rejected #1 (jumped 715.1mm). Ignoring.
[WARN] [1781260382.837002314] [coord_transform]: Outlier rejected #2 (jumped 704.2mm). Ignoring.
[WARN] [1781260382.874795743] [coord_transform]: Outlier rejected #3 (jumped 699.2mm). Ignoring.
[WARN] [1781260382.938702506] [coord_transform]: Outlier rejected #4 (jumped 811.9mm). Ignoring.
[INFO] [1781260382.970235615] [coord_transform]: Too many outliers (5). Resetting filter to new position.
[WARN] [1781260384.477130342] [coord_transform]: Outlier rejected #1 (jumped 411.9mm). Ignoring.
[WARN] [1781260384.506639597] [coord_transform]: Outlier rejected #2 (jumped 425.5mm). Ignoring.
[WARN] [1781260384.671417280] [coord_transform]: Outlier rejected #1 (jumped 313.3mm). Ignoring.
[WARN] [1781260384.707365627] [coord_transform]: Outlier rejected #2 (jumped 523.1mm). Ignoring.
[WARN] [1781260384.741187023] [coord_transform]: Outlier rejected #3 (jumped 522.2mm). Ignoring.
[WARN] [1781260384.782036969] [coord_transform]: Outlier rejected #4 (jumped 528.0mm). Ignoring.
[INFO] [1781260384.809956336] [coord_transform]: Too many outliers (5). Resetting filter to new position.
[WARN] [1781260384.983926854] [coord_transform]: Outlier rejected #1 (jumped 1434.7mm). Ignoring.
[WARN] [1781260385.774467552] [coord_transform]: Outlier rejected #1 (jumped 457.9mm). Ignoring.
[WARN] [1781260385.805695853] [coord_transform]: Outlier rejected #2 (jumped 419.6mm). Ignoring.
[WARN] [1781260385.842107184] [coord_transform]: Outlier rejected #3 (jumped 405.1mm). Ignoring.
[WARN] [1781260385.875138371] [coord_transform]: Outlier rejected #4 (jumped 517.2mm). Ignoring.
[INFO] [1781260385.910464617] [coord_transform]: Too many outliers (5). Resetting filter to new position.
[WARN] [1781260385.984462280] [coord_transform]: Outlier rejected #1 (jumped 218.4mm). Ignoring.
[WARN] [1781260386.042456943] [coord_transform]: Outlier rejected #2 (jumped 280.9mm). Ignoring.
[WARN] [1781260386.075752945] [coord_transform]: Outlier rejected #3 (jumped 266.5mm). Ignoring.
[WARN] [1781260386.141294681] [coord_transform]: Outlier rejected #4 (jumped 1789.7mm). Ignoring.
[INFO] [1781260386.209597901] [coord_transform]: Too many outliers (5). Resetting filter to new position.
[WARN] [1781260386.439817502] [coord_transform]: Outlier rejected #1 (jumped 1554.6mm). Ignoring.
[WARN] [1781260386.475777106] [coord_transform]: Outlier rejected #2 (jumped 1610.9mm). Ignoring.
[WARN] [1781260386.509068331] [coord_transform]: Outlier rejected #3 (jumped 1548.0mm). Ignoring.
[WARN] [1781260386.552929431] [coord_transform]: Outlier rejected #4 (jumped 1505.4mm). Ignoring.
[INFO] [1781260386.591490219] [coord_transform]: Too many outliers (5). Resetting filter to new position.
[WARN] [1781260386.617510437] [coord_transform]: Outlier rejected #1 (jumped 1592.5mm). Ignoring.
[WARN] [1781260386.649238607] [coord_transform]: Outlier rejected #2 (jumped 1571.9mm). Ignoring.
[WARN] [1781260386.683014697] [coord_transform]: Outlier rejected #3 (jumped 1547.2mm). Ignoring.
[WARN] [1781260386.713213181] [coord_transform]: Outlier rejected #4 (jumped 1594.0mm). Ignoring.
[INFO] [1781260386.741598716] [coord_transform]: Too many outliers (5). Resetting filter to new position.
[WARN] [1781260387.020745863] [coord_transform]: Outlier rejected #1 (jumped 1591.4mm). Ignoring.
[WARN] [1781260387.716643445] [coord_transform]: Outlier rejected #1 (jumped 433.5mm). Ignoring.
[WARN] [1781260397.717056247] [coord_transform]: Outlier rejected #1 (jumped 1792.3mm). Ignoring.
[WARN] [1781260397.749387244] [coord_transform]: Outlier rejected #2 (jumped 1793.2mm). Ignoring.
[WARN] [1781260397.783539738] [coord_transform]: Outlier rejected #3 (jumped 1810.1mm). Ignoring.
[WARN] [1781260397.822329881] [coord_transform]: Outlier rejected #4 (jumped 1761.2mm). Ignoring.
[WARN] [1781260397.920735877] [coord_transform]: Outlier rejected #1 (jumped 1825.5mm). Ignoring.
[WARN] [1781260397.949422924] [coord_transform]: Outlier rejected #2 (jumped 1825.1mm). Ignoring.
[WARN] [1781260397.983191055] [coord_transform]: Outlier rejected #3 (jumped 1833.6mm). Ignoring.
[WARN] [1781260398.023599366] [coord_transform]: Outlier rejected #4 (jumped 1774.9mm). Ignoring.
[WARN] [1781260398.253479607] [coord_transform]: Outlier rejected #1 (jumped 1900.9mm). Ignoring.
[WARN] [1781260398.282928340] [coord_transform]: Outlier rejected #2 (jumped 172.5mm). Ignoring.
[WARN] [1781260400.192336001] [coord_transform]: Outlier rejected #3 (jumped 205.2mm). Ignoring.
[WARN] [1781260402.120142928] [coord_transform]: Outlier rejected #1 (jumped 398.3mm). Ignoring.
[WARN] [1781260402.218696110] [coord_transform]: Outlier rejected #1 (jumped 352.3mm). Ignoring.
[WARN] [1781260402.255514700] [coord_transform]: Outlier rejected #2 (jumped 240.0mm). Ignoring.
[WARN] [1781260402.287567089] [coord_transform]: Outlier rejected #3 (jumped 201.8mm). Ignoring.
[WARN] [1781260422.483276391] [coord_transform]: Outlier rejected #1 (jumped 387.6mm). Ignoring.
[WARN] [1781260422.515636703] [coord_transform]: Outlier rejected #2 (jumped 381.9mm). Ignoring.
[WARN] [1781260422.545466664] [coord_transform]: Outlier rejected #3 (jumped 377.8mm). Ignoring.
[WARN] [1781260423.447436663] [coord_transform]: Outlier rejected #4 (jumped 1132.8mm). Ignoring.
[INFO] [1781260425.438955894] [coord_transform]: Too many outliers (5). Resetting filter to new position.
[WARN] [1781260425.614951060] [coord_transform]: Outlier rejected #1 (jumped 659.1mm). Ignoring.
[WARN] [1781260428.172598427] [coord_transform]: Outlier rejected #2 (jumped 1004.0mm). Ignoring.
[WARN] [1781260428.212059901] [coord_transform]: Outlier rejected #3 (jumped 936.6mm). Ignoring.
[WARN] [1781260428.245490254] [coord_transform]: Outlier rejected #4 (jumped 969.2mm). Ignoring.
[INFO] [1781260428.273592188] [coord_transform]: Too many outliers (5). Resetting filter to new position.
[WARN] [1781260429.052007472] [coord_transform]: Outlier rejected #1 (jumped 235.2mm). Ignoring.
[WARN] [1781260429.090856854] [coord_transform]: Outlier rejected #2 (jumped 416.6mm). Ignoring.
[INFO] [1781260430.538056667] [coord_transform]: Deadband: HOLD at (0.200, -0.201, 0.085)
[INFO] [1781260430.573340568] [coord_transform]: Deadband: RELEASE — motion detected
[INFO] [1781260432.947195182] [coord_transform]: Deadband: RELEASE — motion detected
[INFO] [1781260432.979241849] [coord_transform]: Deadband: HOLD at (0.200, -0.201, 0.085)
[INFO] [1781260434.978865590] [coord_transform]: Deadband: RELEASE — motion detected
[INFO] [1781260436.124500117] [coord_transform]: Deadband: HOLD at (0.200, -0.201, 0.085)
[INFO] [1781260437.782774510] [coord_transform]: Deadband: RELEASE — motion detected
[INFO] [1781260443.452056784] [coord_transform]: Deadband: HOLD at (0.200, -0.201, 0.085)
[INFO] [1781260443.487303786] [coord_transform]: Deadband: RELEASE — motion detected
[INFO] [1781260447.451043196] [coord_transform]: Deadband: HOLD at (0.200, -0.201, 0.085)
[INFO] [1781260447.482512337] [coord_transform]: Deadband: RELEASE — motion detected
[INFO] [1781260484.221311449] [coord_transform]: Re-sync camera init: [ 0.163 -0.139  0.039]
[INFO] [1781260484.222098872] [coord_transform]: Trạng thái tracking: RUNNING
[INFO] [1781260484.230801753] [coord_transform]: Deadband: RELEASE — motion detected
[INFO] [1781260484.231830584] [coord_transform]: [SNAP ON] Tay thực tế đứng yên. Ép dừng robot (GRU đang lệch 9.0cm).
[INFO] [1781260484.234226988] [coord_transform]: [PREDICTION] Transform: cam[ 0.163 -0.139  0.039] → base[-0.162  0.28   0.379]
[INFO] [1781260485.315970851] [coord_transform]: [SNAP OFF] Tay di chuyển lại. Trả quyền cho GRU.
[INFO] [1781260485.362280241] [coord_transform]: Deadband: HOLD at (0.163, -0.139, 0.039)
[INFO] [1781260485.371778152] [coord_transform]: [SNAP ON] Tay thực tế đứng yên. Ép dừng robot (GRU đang lệch 12.7cm).
[INFO] [1781260485.420987805] [coord_transform]: [SNAP OFF] Tay di chuyển lại. Trả quyền cho GRU.
[INFO] [1781260486.244332462] [coord_transform]: [PREDICTION] Transform: cam[0.129 0.046 0.114] → base[-0.128  0.465  0.453]
[INFO] [1781260488.247847920] [coord_transform]: [PREDICTION] Transform: cam[0.07  0.268 0.171] → base[-0.069  0.687  0.511]
[INFO] [1781260490.312188695] [coord_transform]: [PREDICTION] Transform: cam[0.005 0.472 0.133] → base[-0.004  0.891  0.472]
[INFO] [1781260492.315641696] [coord_transform]: [PREDICTION] Transform: cam[-0.016  0.549  0.038] → base[0.017 0.968 0.377]
[INFO] [1781260494.345299567] [coord_transform]: [PREDICTION] Transform: cam[-0.028  0.578  0.015] → base[0.029 0.997 0.355]
[INFO] [1781260495.704343309] [coord_transform]: Trạng thái tracking: STOPPED
[WARN] [1781260502.542602140] [coord_transform]: Outlier rejected #1 (jumped 181.4mm). Ignoring.
[WARN] [1781260502.746014548] [coord_transform]: Outlier rejected #2 (jumped 629.9mm). Ignoring.
[WARN] [1781260503.041264601] [coord_transform]: Outlier rejected #3 (jumped 818.0mm). Ignoring.
[WARN] [1781260503.074955237] [coord_transform]: Outlier rejected #4 (jumped 490.5mm). Ignoring.
[INFO] [1781260503.108392634] [coord_transform]: Too many outliers (5). Resetting filter to new position.
[WARN] [1781260506.476178610] [coord_transform]: Outlier rejected #1 (jumped 1195.4mm). Ignoring.
[WARN] [1781260506.805975302] [coord_transform]: Outlier rejected #2 (jumped 2285.0mm). Ignoring.
[WARN] [1781260512.649888551] [coord_transform]: Outlier rejected #3 (jumped 896.0mm). Ignoring.
[WARN] [1781260515.361356100] [coord_transform]: Outlier rejected #4 (jumped 581.6mm). Ignoring.
[INFO] [1781260515.390497752] [coord_transform]: Too many outliers (5). Resetting filter to new position.
[WARN] [1781260516.188482425] [coord_transform]: Outlier rejected #1 (jumped 843.1mm). Ignoring.
[WARN] [1781260516.221731465] [coord_transform]: Outlier rejected #2 (jumped 850.2mm). Ignoring.
[WARN] [1781260516.252310842] [coord_transform]: Outlier rejected #3 (jumped 842.0mm). Ignoring.
[WARN] [1781260516.284413589] [coord_transform]: Outlier rejected #4 (jumped 817.2mm). Ignoring.
[INFO] [1781260516.315381375] [coord_transform]: Too many outliers (5). Resetting filter to new position.
[WARN] [1781260516.347940447] [coord_transform]: Outlier rejected #1 (jumped 305.8mm). Ignoring.
[WARN] [1781260516.382982898] [coord_transform]: Outlier rejected #2 (jumped 317.6mm). Ignoring.
[WARN] [1781260516.415048588] [coord_transform]: Outlier rejected #3 (jumped 278.3mm). Ignoring.
[WARN] [1781260516.448119392] [coord_transform]: Outlier rejected #4 (jumped 251.5mm). Ignoring.
[INFO] [1781260516.478532709] [coord_transform]: Too many outliers (5). Resetting filter to new position.
[WARN] [1781260518.520827503] [coord_transform]: Outlier rejected #1 (jumped 303.8mm). Ignoring.
[WARN] [1781260518.553990887] [coord_transform]: Outlier rejected #2 (jumped 305.6mm). Ignoring.
[WARN] [1781260518.595879172] [coord_transform]: Outlier rejected #3 (jumped 385.2mm). Ignoring.
[WARN] [1781260518.633602433] [coord_transform]: Outlier rejected #4 (jumped 434.8mm). Ignoring.
[INFO] [1781260518.674528888] [coord_transform]: Too many outliers (5). Resetting filter to new position.
[WARN] [1781260518.894567831] [coord_transform]: Outlier rejected #1 (jumped 267.7mm). Ignoring.
[WARN] [1781260518.940445886] [coord_transform]: Outlier rejected #2 (jumped 355.1mm). Ignoring.
[WARN] [1781260518.980599404] [coord_transform]: Outlier rejected #3 (jumped 365.5mm). Ignoring.
[WARN] [1781260519.025342521] [coord_transform]: Outlier rejected #4 (jumped 389.0mm). Ignoring.
[INFO] [1781260519.062863693] [coord_transform]: Too many outliers (5). Resetting filter to new position.
[WARN] [1781260532.653537788] [coord_transform]: Outlier rejected #1 (jumped 603.9mm). Ignoring.
[WARN] [1781260532.689368419] [coord_transform]: Outlier rejected #2 (jumped 556.7mm). Ignoring.
[WARN] [1781260532.716658092] [coord_transform]: Outlier rejected #3 (jumped 549.7mm). Ignoring.
[WARN] [1781260532.748562957] [coord_transform]: Outlier rejected #4 (jumped 506.9mm). Ignoring.
[INFO] [1781260532.782154503] [coord_transform]: Too many outliers (5). Resetting filter to new position.
[WARN] [1781260536.457457294] [coord_transform]: Outlier rejected #1 (jumped 288.5mm). Ignoring.
[WARN] [1781260537.653200042] [coord_transform]: Outlier rejected #2 (jumped 1934.7mm). Ignoring.
[WARN] [1781260537.689045702] [coord_transform]: Outlier rejected #3 (jumped 2320.5mm). Ignoring.
[WARN] [1781260537.817533180] [coord_transform]: Outlier rejected #4 (jumped 2252.4mm). Ignoring.
[INFO] [1781260537.845907790] [coord_transform]: Too many outliers (5). Resetting filter to new position.
