[INFO] [1781087304.164009215] [coord_transform]: CoordTransformNode khởi động.
  Object offset (cam frame): [0.05 0.   0.1 ]
  Translation cam→base:      [0.5 0.  1.2]
  EE orientation (xyzw):     [0.0, 1.0, 0.0, 0.0]
  Prediction step:           5
  Axis remap:                [0, 1, 2]
  Axis sign:                 [-1.0, 1.0, 1.0]
  Workspace X: (-1.0, 1.0), Y: (-0.5, 1.3), Z: (0.05, 1.5)
  Filter outlier_threshold:  0.15m
  Filter median_size_y:      3
  Filter deadband_tol:       35.0mm
  Filter stationary_thresh:  3 frames
  Filter max_rate:           5.0cm/frame
  Filter EMA moving(x,y,z):  (0.75,0.5,0.75)
  Filter EMA hold  (x,y,z):  (0.08,0.02,0.05)
[WARN] [1781087333.129853017] [coord_transform]: Outlier rejected #1 (jumped 873.0mm). Ignoring.
[WARN] [1781087333.180737640] [coord_transform]: Outlier rejected #2 (jumped 870.0mm). Ignoring.
[WARN] [1781087333.239221370] [coord_transform]: Outlier rejected #3 (jumped 872.0mm). Ignoring.
[WARN] [1781087333.304173848] [coord_transform]: Outlier rejected #4 (jumped 872.0mm). Ignoring.
[INFO] [1781087333.358021342] [coord_transform]: Too many outliers (5). Resetting filter to new position.
[INFO] [1781087336.498789037] [coord_transform]: Captured Init Pose! P_init=(0.023, -0.229, 0.302), Cam_init=(0.000, 0.001, -0.000), Noise_Tol=7.8mm
Orientation=(0.717, 0.696, -0.032, 0.022)
[INFO] [1781087336.562732757] [coord_transform]: Deadband: RELEASE — motion detected
[INFO] [1781087336.817736292] [coord_transform]: Deadband: HOLD at (0.000, 0.001, -0.000)
[INFO] [1781087351.614083692] [coord_transform]: Re-sync camera init: [ 0.003 -0.    -0.001]
[INFO] [1781087351.614620162] [coord_transform]: Trạng thái tracking: RUNNING
[INFO] [1781087351.661579022] [coord_transform]: Deadband: RELEASE — motion detected
[INFO] [1781087351.665236160] [coord_transform]: [GROUND_TRUTH] Transform: cam[ 0.003 -0.    -0.003] → base[ 0.023 -0.229  0.3  ]
[INFO] [1781087351.981202644] [coord_transform]: Deadband: HOLD at (0.003, -0.000, -0.001)
[INFO] [1781087353.684714741] [coord_transform]: [GROUND_TRUTH] Transform: cam[0.02  0.119 0.07 ] → base[ 0.005 -0.11   0.373]
[INFO] [1781087355.716429074] [coord_transform]: [GROUND_TRUTH] Transform: cam[0.028 0.333 0.145] → base[-0.002  0.104  0.448]
[INFO] [1781087357.756090719] [coord_transform]: [GROUND_TRUTH] Transform: cam[0.009 0.405 0.056] → base[0.016 0.177 0.359]
[INFO] [1781087359.859417969] [coord_transform]: [GROUND_TRUTH] Transform: cam[-0.009  0.36   0.009] → base[0.035 0.132 0.312]
[INFO] [1781087362.080506733] [coord_transform]: [GROUND_TRUTH] Transform: cam[0.002 0.375 0.014] → base[0.024 0.146 0.317]
[INFO] [1781087364.090020666] [coord_transform]: [GROUND_TRUTH] Transform: cam[ 0.144 -0.011  0.085] → base[-0.118 -0.24   0.388]
[INFO] [1781087366.395835826] [coord_transform]: [GROUND_TRUTH] Transform: cam[ 0.128 -0.008  0.08 ] → base[-0.102 -0.237  0.383]
[INFO] [1781087367.773482004] [coord_transform]: Trạng thái tracking: STOPPED
[WARN] [1781087623.787148369] [coord_transform]: Outlier rejected #1 (jumped 199.0mm). Ignoring.
[WARN] [1781087623.830469547] [coord_transform]: Outlier rejected #2 (jumped 240.0mm). Ignoring.
[WARN] [1781087623.870475813] [coord_transform]: Outlier rejected #3 (jumped 236.8mm). Ignoring.
[WARN] [1781087623.915778028] [coord_transform]: Outlier rejected #4 (jumped 598.1mm). Ignoring.
[INFO] [1781087623.962420964] [coord_transform]: Too many outliers (5). Resetting filter to new position.
