[INFO] [1779685172.386553646] [cartesian_streamer]: CartesianStreamer khởi động (chờ Enable Robot từ UI).
  Stream rate:       15 Hz (period=66.7ms)
  Queue dt:          0.067 s
  Prebuffer points:  3
  Retry backoff:     66.0 ms
  Gửi PoseStamped lên: /cartesian_streamer/target_pose
  Gửi XYZ lên:        /cartesian_streamer/target_xyz
  Nhận EE pose tại:   /cartesian_streamer/current_pose
[INFO] [1779685172.869039617] [cartesian_streamer]: Chờ /joint_states...
[INFO] [1779685173.276071038] [cartesian_streamer]: Nhận joint_states: ['1.571', '0.075', '-1.049', '-0.030', '-0.523', '-0.002']
[INFO] [1779685173.376038831] [cartesian_streamer]: Đã nhận joint_states. EE hiện tại: (-0.1638, 0.2630, 0.3947). Chờ Enable Robot từ UI...
[INFO] [1779685248.224879881] [cartesian_streamer]: Enable Robot: bắt đầu chuỗi khởi động...
[INFO] [1779685248.225467499] [cartesian_streamer]: Enable: reset_error...
[INFO] [1779685248.243438074] [cartesian_streamer]: reset_error: code=1, msg="success"
[INFO] [1779685248.244009161] [cartesian_streamer]: Enable: stop_traj_mode (giải phóng mode cũ)...
[INFO] [1779685248.295532135] [cartesian_streamer]: stop_traj_mode: success=True, code=N/A, msg=""
[INFO] [1779685248.296093949] [cartesian_streamer]: Enable: chờ 1.5s để hệ thống ổn định trước khi start queue...
[INFO] [1779685249.798700589] [cartesian_streamer]: Enable: StartPointQueueMode...
[INFO] [1779685251.410487185] [cartesian_streamer]: StartPointQueueMode response: code=1, msg=""
[INFO] [1779685251.410783978] [cartesian_streamer]: ✓ Robot ENABLED — Point Queue Mode active. Servo ON!
[INFO] [1779685251.436241993] [cartesian_streamer]: Runtime rate: state=seeding, tick_hz=0.0, queue_send_hz=0.0, ack_hz=0.0, busy_hz=0.0, retry_count=0, reject_count=0, inter_ack_ms=0.0, max_joint_delta=0.000, cumul_time=0.00s, hold_count=0
[INFO] [1779685251.438571705] [cartesian_streamer]: Bootstrap EE pose via FK: (-0.1638, 0.2630, 0.3947)
[INFO] [1779685251.439230572] [cartesian_streamer]: Đang stream qua service: /queue_traj_point
[INFO] [1779685251.440103305] [cartesian_streamer]: Đã gửi seed point (current joints, t=0), chờ ACK...
[INFO] [1779685251.442068590] [cartesian_streamer]: Seed ACK nhận được, bắt đầu prebuffer.
[INFO] [1779685251.442328647] [cartesian_streamer]: Queue accepted sample#1: svc=/queue_traj_point, t_cumul=0.0000s, code=1, msg="", hold=False
[INFO] [1779685251.623819380] [cartesian_streamer]: Queue accepted sample#2: svc=/queue_traj_point, t_cumul=0.0617s, code=1, msg="", hold=True
[INFO] [1779685251.651238931] [cartesian_streamer]: Queue accepted sample#3: svc=/queue_traj_point, t_cumul=0.1954s, code=1, msg="", hold=True
[INFO] [1779685251.817585766] [cartesian_streamer]: Pre-buffer hoàn tất (3 points), bắt đầu stream ổn định. Đang chờ target...
[INFO] [1779685251.818162785] [cartesian_streamer]: Queue accepted sample#4: svc=/queue_traj_point, t_cumul=0.2619s, code=1, msg="", hold=True
[INFO] [1779685251.855983779] [cartesian_streamer]: Queue accepted sample#5: svc=/queue_traj_point, t_cumul=0.3953s, code=1, msg="", hold=True
[INFO] [1779685253.711945856] [cartesian_streamer]: QueueTrajPoint accepted #20: t=2.063s, hold=True
[INFO] [1779685255.791639433] [cartesian_streamer]: QueueTrajPoint accepted #40: t=3.863s, hold=True
[INFO] [1779685256.501280212] [cartesian_streamer]: Runtime rate: state=streaming, tick_hz=15.0, queue_send_hz=9.3, ack_hz=9.3, busy_hz=0.0, retry_count=0, reject_count=0, inter_ack_ms=109.6, max_joint_delta=0.000, cumul_time=4.60s, hold_count=46
[INFO] [1779685257.956903932] [cartesian_streamer]: QueueTrajPoint accepted #60: t=6.062s, hold=True
[WARN] [1779685257.983831555] [cartesian_streamer]: Queue BUSY, sẽ resend (backoff 66ms): msg="Busy processing the previous trajectory point. Please resend the next point shortly"
[INFO] [1779685258.837586832] [cartesian_streamer]: IK OK → Δmax=0.0075 rad, joints: [1.570, 0.068, -1.057, -0.030, -0.522, -0.001]
[WARN] [1779685258.904775241] [cartesian_streamer]: QueueTrajPoint đã được accept nhưng joint_states hầu như không đổi. Kiểm tra: 1) Robot ở mode AUTO? 2) Servo ON? 3) E-stop cleared?
[INFO] [1779685259.724647314] [cartesian_streamer]: QueueTrajPoint accepted #80: t=7.731s, hold=False
[INFO] [1779685260.703509970] [cartesian_streamer]: IK delta clamped → joints: [1.560, 0.016, -0.992, -0.024, -0.622, 0.002]
[INFO] [1779685260.907142664] [cartesian_streamer]: IK OK → Δmax=0.0301 rad, joints: [1.558, -0.019, -0.933, -0.021, -0.732, 0.000]
[INFO] [1779685261.442856441] [cartesian_streamer]: QueueTrajPoint accepted #100: t=9.397s, hold=False
[INFO] [1779685261.501834933] [cartesian_streamer]: Runtime rate: state=streaming, tick_hz=15.0, queue_send_hz=10.8, ack_hz=10.6, busy_hz=0.2, retry_count=1, reject_count=0, inter_ack_ms=93.6, max_joint_delta=0.090, cumul_time=9.40s, hold_count=0
[INFO] [1779685262.847196571] [cartesian_streamer]: QueueTrajPoint accepted #120: t=10.796s, hold=False
[INFO] [1779685262.907484848] [cartesian_streamer]: IK OK → Δmax=0.0181 rad, joints: [1.554, -0.001, -0.443, -0.015, -1.206, -0.006]
[INFO] [1779685264.312118777] [cartesian_streamer]: QueueTrajPoint accepted #140: t=12.263s, hold=False
[INFO] [1779685264.908449838] [cartesian_streamer]: IK OK → Δmax=0.0206 rad, joints: [1.410, 0.316, 0.061, -0.003, -1.393, 0.132]
[INFO] [1779685265.718933705] [cartesian_streamer]: QueueTrajPoint accepted #160: t=13.663s, hold=False
[INFO] [1779685266.502709646] [cartesian_streamer]: Runtime rate: state=streaming, tick_hz=15.0, queue_send_hz=13.6, ack_hz=13.6, busy_hz=0.0, retry_count=0, reject_count=0, inter_ack_ms=73.7, max_joint_delta=0.048, cumul_time=14.40s, hold_count=0
[INFO] [1779685266.910169907] [cartesian_streamer]: IK OK → Δmax=0.0310 rad, joints: [1.447, 0.643, 0.314, -0.006, -1.319, 0.096]
[INFO] [1779685267.392316523] [cartesian_streamer]: QueueTrajPoint accepted #180: t=15.329s, hold=False
[INFO] [1779685268.969998814] [cartesian_streamer]: IK OK → Δmax=0.0200 rad, joints: [1.468, 0.801, 0.184, -0.009, -1.031, 0.079]
[INFO] [1779685269.128737238] [cartesian_streamer]: QueueTrajPoint accepted #200: t=16.996s, hold=False
[INFO] [1779685270.773940441] [cartesian_streamer]: QueueTrajPoint accepted #220: t=18.532s, hold=False
[INFO] [1779685270.972049615] [cartesian_streamer]: IK OK → Δmax=0.0072 rad, joints: [1.465, 0.790, 0.148, -0.008, -1.006, 0.082]
[INFO] [1779685271.568262105] [cartesian_streamer]: Runtime rate: state=streaming, tick_hz=15.0, queue_send_hz=12.0, ack_hz=12.0, busy_hz=0.0, retry_count=0, reject_count=0, inter_ack_ms=82.9, max_joint_delta=0.046, cumul_time=19.40s, hold_count=0
[INFO] [1779685272.252679336] [cartesian_streamer]: QueueTrajPoint accepted #240: t=20.128s, hold=False
[INFO] [1779685272.973527032] [cartesian_streamer]: IK OK → Δmax=0.0106 rad, joints: [1.473, 0.610, 0.292, -0.008, -1.330, 0.071]
[INFO] [1779685273.711048273] [cartesian_streamer]: QueueTrajPoint accepted #260: t=21.599s, hold=False
[INFO] [1779685275.037034197] [cartesian_streamer]: IK OK → Δmax=0.0565 rad, joints: [1.460, 0.313, 0.049, -0.007, -1.384, 0.084]
[INFO] [1779685275.384559745] [cartesian_streamer]: QueueTrajPoint accepted #280: t=23.196s, hold=False
[INFO] [1779685276.569023805] [cartesian_streamer]: Runtime rate: state=streaming, tick_hz=15.0, queue_send_hz=13.0, ack_hz=12.8, busy_hz=0.0, retry_count=0, reject_count=0, inter_ack_ms=77.9, max_joint_delta=0.059, cumul_time=24.33s, hold_count=0
[INFO] [1779685277.038317321] [cartesian_streamer]: IK OK → Δmax=0.0221 rad, joints: [1.418, 0.057, -0.340, -0.004, -1.252, 0.125]
[INFO] [1779685277.139320028] [cartesian_streamer]: QueueTrajPoint accepted #300: t=24.929s, hold=False
[INFO] [1779685278.639273000] [cartesian_streamer]: QueueTrajPoint accepted #320: t=26.329s, hold=False
[INFO] [1779685279.103402046] [cartesian_streamer]: IK OK → Δmax=0.0017 rad, joints: [1.436, 0.020, -0.443, -0.005, -1.185, 0.108]
[INFO] [1779685279.974624583] [cartesian_streamer]: Disable Robot: dừng stream, tắt traj mode...
[INFO] [1779685279.975150550] [cartesian_streamer]: ✗ Robot DISABLED.
[INFO] [1779685413.828247580] [cartesian_streamer]: Graceful shutdown: tắt Point Queue Mode trước khi thoát...
[INFO] [1779685413.828739941] [cartesian_streamer]: Robot chưa enable, không cần stop_traj_mode.
[INFO] [1779685413.830044973] [cartesian_streamer]: Shutdown hoàn tất. Tủ điện sẽ KHÔNG bị alarm.
