[INFO] [1779686176.573074213] [coord_transform]: CoordTransformNode khởi động.
  Object offset (cam frame): [0.05 0.   0.1 ]
  Translation cam→base:      [0.5 0.  1.2]
  EE orientation (xyzw):     [0.0, 1.0, 0.0, 0.0]
  Prediction step:           5
  Axis remap:                [0, 1, 2]
  Axis sign:                 [-1.0, 1.0, 1.0]
  Workspace X: (-1.0, 1.0), Y: (-0.5, 1.3), Z: (0.05, 1.5)
  Filter outlier_threshold:  0.15m
  Filter median_size_y:      3
  Filter deadband_tol:       25.0mm
  Filter stationary_thresh:  3 frames
  Filter max_rate:           5.0cm/frame
  Filter EMA moving(x,y,z):  (0.75,0.5,0.75)
  Filter EMA hold  (x,y,z):  (0.08,0.02,0.05)
[WARN] [1779686196.204736411] [coord_transform]: Outlier rejected #1 (jumped 406.4mm). Ignoring.
[WARN] [1779686197.022016673] [coord_transform]: Outlier rejected #2 (jumped 330.8mm). Ignoring.
[WARN] [1779686197.091736225] [coord_transform]: Outlier rejected #3 (jumped 389.1mm). Ignoring.
[WARN] [1779686197.119019140] [coord_transform]: Outlier rejected #4 (jumped 366.7mm). Ignoring.
[INFO] [1779686197.153718419] [coord_transform]: Too many outliers (5). Resetting filter to new position.
[WARN] [1779686197.474831177] [coord_transform]: Outlier rejected #1 (jumped 540.8mm). Ignoring.
[WARN] [1779686197.502753054] [coord_transform]: Outlier rejected #2 (jumped 531.9mm). Ignoring.
[WARN] [1779686197.532611248] [coord_transform]: Outlier rejected #3 (jumped 541.5mm). Ignoring.
[WARN] [1779686197.567703647] [coord_transform]: Outlier rejected #4 (jumped 575.9mm). Ignoring.
[INFO] [1779686197.568965046] [coord_transform]: Đã chuyển mode: ground_truth -> prediction
[WARN] [1779686199.481259065] [coord_transform]: Outlier rejected #1 (jumped 275.0mm). Ignoring.
[WARN] [1779686199.515747320] [coord_transform]: Outlier rejected #2 (jumped 257.1mm). Ignoring.
[WARN] [1779686199.550600736] [coord_transform]: Outlier rejected #3 (jumped 224.9mm). Ignoring.
[WARN] [1779686199.592027840] [coord_transform]: Outlier rejected #4 (jumped 247.1mm). Ignoring.
[INFO] [1779686199.624799336] [coord_transform]: Too many outliers (5). Resetting filter to new position.
[WARN] [1779686203.715240068] [coord_transform]: Outlier rejected #1 (jumped 2157.8mm). Ignoring.
[WARN] [1779686203.751374444] [coord_transform]: Outlier rejected #2 (jumped 2173.4mm). Ignoring.
[WARN] [1779686203.786953174] [coord_transform]: Outlier rejected #3 (jumped 2187.4mm). Ignoring.
[WARN] [1779686203.820472586] [coord_transform]: Outlier rejected #4 (jumped 2187.4mm). Ignoring.
[INFO] [1779686203.855091722] [coord_transform]: Too many outliers (5). Resetting filter to new position.
[INFO] [1779686210.105688486] [coord_transform]: Captured Init Pose! P_init=(-0.164, 0.263, 0.395), Cam_init=(0.095, -0.016, -0.000), Noise_Tol=50.3mm
Orientation=(0.717, 0.696, -0.032, 0.022)
[INFO] [1779686210.127608504] [coord_transform]: Deadband: RELEASE — motion detected
[INFO] [1779686210.260673003] [coord_transform]: Deadband: HOLD at (0.095, -0.016, -0.000)
[INFO] [1779686224.494556945] [coord_transform]: Deadband: RELEASE — motion detected
[INFO] [1779686224.542308468] [coord_transform]: Deadband: HOLD at (0.095, -0.016, -0.000)
[INFO] [1779686224.675118002] [coord_transform]: Re-sync camera init: [ 0.113 -0.008  0.005]
[INFO] [1779686224.675805357] [coord_transform]: Trạng thái tracking: RUNNING
[INFO] [1779686224.717486558] [coord_transform]: [PREDICTION] Transform: cam[ 0.136 -0.022  0.004] → base[-0.187  0.249  0.393]
[INFO] [1779686226.729964435] [coord_transform]: [PREDICTION] Transform: cam[0.065 0.132 0.144] → base[-0.116  0.403  0.534]
[INFO] [1779686228.740363082] [coord_transform]: [PREDICTION] Transform: cam[-0.061  0.297  0.31 ] → base[0.01  0.568 0.7  ]
[INFO] [1779686230.764434562] [coord_transform]: [PREDICTION] Transform: cam[-0.113  0.588  0.31 ] → base[0.062 0.859 0.7  ]
[INFO] [1779686232.766460972] [coord_transform]: [PREDICTION] Transform: cam[-0.137  0.74   0.108] → base[0.086 1.011 0.497]
[INFO] [1779686234.790896369] [coord_transform]: [PREDICTION] Transform: cam[ 0.008  0.49  -0.032] → base[-0.059  0.761  0.358]
[INFO] [1779686236.800943548] [coord_transform]: [PREDICTION] Transform: cam[ 0.031  0.427 -0.044] → base[-0.082  0.698  0.345]
[INFO] [1779686238.548169693] [coord_transform]: Trạng thái tracking: STOPPED
