[INFO] [1781245588.058608671] [experiment_logger]: ✓ STARTED in-memory logging. Target file: /home/duy/cocarry_ws/cocarry_logs/experiment_GROUND_TRUTH_20260612_132628.csv
[INFO] [1781245588.069700689] [experiment_logger]: Logger ready.
[INFO] [1781245607.265212902] [experiment_logger]: Service called: /logger/toggle with data=False
[INFO] [1781245607.265736275] [experiment_logger]: Writing 314 rows from memory to /home/duy/cocarry_ws/cocarry_logs/experiment_GROUND_TRUTH_20260612_132628.csv...
[INFO] [1781245607.269233712] [experiment_logger]: ✓ Successfully wrote logs to disk.
[INFO] [1781245607.269805221] [experiment_logger]: Stopped logging. Saved 314 rows to /home/duy/cocarry_ws/cocarry_logs/experiment_GROUND_TRUTH_20260612_132628.csv
[INFO] [1781245607.272844962] [experiment_logger]: 
============================================================
EXPERIMENT METRICS
  File: experiment_GROUND_TRUTH_20260612_132628.csv
  Total samples: 314
  Task completion time: 19.24 s
  Mode: GROUND TRUTH (no prediction metrics)
  Jerk: insufficient EE data for calculation
============================================================
[INFO] [1781245666.606034150] [experiment_logger]: Service called: /logger/toggle with data=True
[INFO] [1781245666.606333911] [experiment_logger]: ✓ STARTED in-memory logging. Target file: /home/duy/cocarry_ws/cocarry_logs/experiment_GROUND_TRUTH_20260612_132746.csv
[INFO] [1781245675.805663745] [experiment_logger]: Service called: /logger/toggle with data=False
[INFO] [1781245675.806178759] [experiment_logger]: Writing 274 rows from memory to /home/duy/cocarry_ws/cocarry_logs/experiment_GROUND_TRUTH_20260612_132746.csv...
[INFO] [1781245675.808454380] [experiment_logger]: ✓ Successfully wrote logs to disk.
[INFO] [1781245675.809041191] [experiment_logger]: Stopped logging. Saved 274 rows to /home/duy/cocarry_ws/cocarry_logs/experiment_GROUND_TRUTH_20260612_132746.csv
[INFO] [1781245675.812480198] [experiment_logger]: 
============================================================
EXPERIMENT METRICS
  File: experiment_GROUND_TRUTH_20260612_132746.csv
  Total samples: 274
  Task completion time: 9.20 s
  Mode: GROUND TRUTH (no prediction metrics)
  --- Trajectory Smoothness (Robot EE) ---
  Mean Jerk (3D): 9.6792 m/s³
      Jerk X: 2.1619 m/s³
      Jerk Y: 8.0513 m/s³
      Jerk Z: 2.9964 m/s³
  Max Jerk (3D): 52.0701 m/s³
  RMS Jerk (3D): 13.7794 m/s³
============================================================
[INFO] [1781245707.227685277] [experiment_logger]: Service called: /logger/toggle with data=True
[INFO] [1781245707.228291611] [experiment_logger]: ✓ STARTED in-memory logging. Target file: /home/duy/cocarry_ws/cocarry_logs/experiment_GROUND_TRUTH_20260612_132827.csv
[INFO] [1781245720.539136114] [experiment_logger]: Service called: /logger/toggle with data=False
[INFO] [1781245720.539469301] [experiment_logger]: Writing 397 rows from memory to /home/duy/cocarry_ws/cocarry_logs/experiment_GROUND_TRUTH_20260612_132827.csv...
[INFO] [1781245720.541579921] [experiment_logger]: ✓ Successfully wrote logs to disk.
[INFO] [1781245720.541935189] [experiment_logger]: Stopped logging. Saved 397 rows to /home/duy/cocarry_ws/cocarry_logs/experiment_GROUND_TRUTH_20260612_132827.csv
[INFO] [1781245720.544908953] [experiment_logger]: 
============================================================
EXPERIMENT METRICS
  File: experiment_GROUND_TRUTH_20260612_132827.csv
  Total samples: 397
  Task completion time: 13.31 s
  Mode: GROUND TRUTH (no prediction metrics)
  --- Trajectory Smoothness (Robot EE) ---
  Mean Jerk (3D): 6.9930 m/s³
      Jerk X: 1.1062 m/s³
      Jerk Y: 5.6676 m/s³
      Jerk Z: 2.5321 m/s³
  Max Jerk (3D): 22.8665 m/s³
  RMS Jerk (3D): 9.1605 m/s³
============================================================
