[INFO] [1781242440.876392012] [cartesian_streamer]: CartesianStreamer khởi động (chờ Enable Robot từ UI).
  Stream rate:       15 Hz (period=66.7ms)
  Queue dt:          0.067 s
  Prebuffer points:  3
  Retry backoff:     66.0 ms
  Gửi PoseStamped lên: /cartesian_streamer/target_pose
  Gửi XYZ lên:        /cartesian_streamer/target_xyz
  Nhận EE pose tại:   /cartesian_streamer/current_pose
[INFO] [1781242441.359459574] [cartesian_streamer]: Chờ /joint_states...
[INFO] [1781242443.862895598] [cartesian_streamer]: Chờ /joint_states...
[INFO] [1781242446.360913982] [cartesian_streamer]: Chờ /joint_states...
[INFO] [1781242446.963641679] [cartesian_streamer]: Nhận joint_states: ['1.571', '0.124', '-1.022', '0.000', '-0.398', '0.000']
[WARN] [1781242448.365449220] [cartesian_streamer]: Không thể cross-validate FK (local hoặc MoveIt! FK thất bại). Local IK vẫn hoạt động nhưng CHƯA ĐƯỢC VALIDATE.
[INFO] [1781242448.367333325] [cartesian_streamer]: Đã nhận joint_states. EE hiện tại: (-0.1620, 0.2959, 0.3840). IK mode: Local DLS. Chờ Enable Robot từ UI...
[INFO] [1781242550.107619097] [cartesian_streamer]: Enable Robot: bắt đầu chuỗi khởi động...
[INFO] [1781242550.107864788] [cartesian_streamer]: Enable: reset_error...
[INFO] [1781242550.123766845] [cartesian_streamer]: reset_error: code=1, msg="success"
[INFO] [1781242550.125344264] [cartesian_streamer]: Enable: stop_traj_mode (giải phóng mode cũ)...
[INFO] [1781242550.171263544] [cartesian_streamer]: stop_traj_mode: success=True, code=N/A, msg=""
[INFO] [1781242550.171787079] [cartesian_streamer]: Enable: chờ 1.5s để hệ thống ổn định trước khi start queue...
[INFO] [1781242551.672885600] [cartesian_streamer]: Enable: StartPointQueueMode...
[INFO] [1781242553.764759114] [cartesian_streamer]: StartPointQueueMode response: code=1, msg=""
[INFO] [1781242553.765120170] [cartesian_streamer]: ✓ Robot ENABLED — Point Queue Mode active. Servo ON!
[INFO] [1781242553.793251802] [cartesian_streamer]: Runtime rate: state=seeding, tick_hz=0.0, queue_send_hz=0.0, ack_hz=0.0, busy_hz=0.0, retry_count=0, reject_count=0, inter_ack_ms=0.0, max_joint_delta=0.000, cumul_time=0.00s, hold_count=0, ik_mode=Local, ik_avg_ms=0.00, ik_fails=0
[INFO] [1781242553.794275195] [cartesian_streamer]: Bootstrap EE pose via FK: (-0.1620, 0.2959, 0.3840)
[INFO] [1781242553.794852710] [cartesian_streamer]: Đang stream qua service: /queue_traj_point
[INFO] [1781242553.795661219] [cartesian_streamer]: Đã gửi seed point (current joints, t=0), chờ ACK...
[INFO] [1781242553.859900064] [cartesian_streamer]: Bootstrap EE pose via FK: (-0.1620, 0.2959, 0.3840)
[INFO] [1781242553.925811103] [cartesian_streamer]: Bootstrap EE pose via FK: (-0.1620, 0.2959, 0.3840)
[INFO] [1781242553.934731888] [cartesian_streamer]: Seed ACK nhận được, bắt đầu prebuffer.
[INFO] [1781242553.935240175] [cartesian_streamer]: Queue accepted sample#1: svc=/queue_traj_point, t_cumul=0.0000s, code=1, msg="", hold=False
[INFO] [1781242554.219019816] [cartesian_streamer]: Queue accepted sample#2: svc=/queue_traj_point, t_cumul=0.1964s, code=1, msg="", hold=True
[INFO] [1781242554.486010980] [cartesian_streamer]: Queue accepted sample#3: svc=/queue_traj_point, t_cumul=0.3964s, code=1, msg="", hold=True
[INFO] [1781242554.647102411] [cartesian_streamer]: Pre-buffer hoàn tất (3 points), bắt đầu stream ổn định. Đang chờ target...
[INFO] [1781242554.647363582] [cartesian_streamer]: Queue accepted sample#4: svc=/queue_traj_point, t_cumul=0.5964s, code=1, msg="", hold=True
[INFO] [1781242555.060666158] [cartesian_streamer]: IK OK → Δmax=0.0100 rad, joints: [1.574, 0.125, -1.032, 0.000, -0.388, -0.003]
[WARN] [1781242555.194058987] [cartesian_streamer]: Service call timeout (500ms). Resetting inflight flag.
[WARN] [1781242555.726539123] [cartesian_streamer]: Service call timeout (500ms). Resetting inflight flag.
[WARN] [1781242556.260978893] [cartesian_streamer]: Service call timeout (500ms). Resetting inflight flag.
[WARN] [1781242556.793852336] [cartesian_streamer]: Service call timeout (500ms). Resetting inflight flag.
[INFO] [1781242557.059267841] [cartesian_streamer]: IK delta clamped → joints: [1.589, 0.102, -0.952, 0.001, -0.488, -0.019]
[INFO] [1781242557.128061113] [cartesian_streamer]: IK OK → Δmax=0.0900 rad, joints: [1.585, 0.101, -0.952, 0.001, -0.488, -0.015]
[WARN] [1781242557.326481461] [cartesian_streamer]: Service call timeout (500ms). Resetting inflight flag.
[WARN] [1781242557.863036001] [cartesian_streamer]: Service call timeout (500ms). Resetting inflight flag.
[INFO] [1781242557.880117684] [cartesian_streamer]: Queue accepted sample#5: svc=/queue_traj_point, t_cumul=0.7295s, code=1, msg="", hold=True
[WARN] [1781242558.020159437] [cartesian_streamer]: Queue BUSY, sẽ resend (backoff 66ms): msg="Busy processing the previous trajectory point. Please resend the next point shortly"
[WARN] [1781242558.059226633] [cartesian_streamer]: QueueTrajPoint đã được accept nhưng joint_states hầu như không đổi. Kiểm tra: 1) Robot ở mode AUTO? 2) Servo ON? 3) E-stop cleared?
[WARN] [1781242558.343197695] [cartesian_streamer]: ⚠ Queue mode bị drop! Auto-recovery lần 1/3...
[INFO] [1781242558.844212997] [cartesian_streamer]: Auto-recovery: bắt đầu re-enable queue mode...
[INFO] [1781242558.844822645] [cartesian_streamer]: Enable: reset_error...
[INFO] [1781242558.964033573] [cartesian_streamer]: reset_error: code=1, msg="success"
[INFO] [1781242558.964584130] [cartesian_streamer]: Enable: stop_traj_mode (giải phóng mode cũ)...
[INFO] [1781242559.010933804] [cartesian_streamer]: stop_traj_mode: success=True, code=N/A, msg=""
[INFO] [1781242559.011503094] [cartesian_streamer]: Enable: chờ 1.5s để hệ thống ổn định trước khi start queue...
[INFO] [1781242560.512491454] [cartesian_streamer]: Enable: StartPointQueueMode...
[INFO] [1781242560.537905750] [cartesian_streamer]: StartPointQueueMode response: code=111, msg="A PFL event has occurred. Please return the robot to a safe state"
[ERROR] [1781242560.538165804] [cartesian_streamer]: StartPointQueueMode FAILED: A PFL event has occurred. Please return the robot to a safe state
[INFO] [1781242565.681587574] [cartesian_streamer]: Disable Robot: dừng stream, tắt traj mode...
[INFO] [1781242565.682321907] [cartesian_streamer]: ✗ Robot DISABLED.
[INFO] [1781242577.393267040] [cartesian_streamer]: Enable Robot: bắt đầu chuỗi khởi động...
[INFO] [1781242577.393813668] [cartesian_streamer]: Enable: reset_error...
[INFO] [1781242577.666889704] [cartesian_streamer]: reset_error: code=1, msg="success"
[INFO] [1781242577.667432521] [cartesian_streamer]: Enable: stop_traj_mode (giải phóng mode cũ)...
[INFO] [1781242577.714385033] [cartesian_streamer]: stop_traj_mode: success=True, code=N/A, msg=""
[INFO] [1781242577.714929640] [cartesian_streamer]: Enable: chờ 1.5s để hệ thống ổn định trước khi start queue...
[INFO] [1781242579.215793708] [cartesian_streamer]: Enable: StartPointQueueMode...
[INFO] [1781242580.804738859] [cartesian_streamer]: StartPointQueueMode response: code=1, msg=""
[INFO] [1781242580.805178866] [cartesian_streamer]: ✓ Robot ENABLED — Point Queue Mode active. Servo ON!
[INFO] [1781242580.859050427] [cartesian_streamer]: Runtime rate: state=seeding, tick_hz=2.5, queue_send_hz=0.6, ack_hz=0.4, busy_hz=0.1, retry_count=2, reject_count=1, inter_ack_ms=434.5, max_joint_delta=0.090, cumul_time=0.00s, hold_count=0, ik_mode=Local, ik_avg_ms=1.07, ik_fails=0
[WARN] [1781242580.859356936] [cartesian_streamer]: Target stream stale: không có target mới trong 22.5s
[WARN] [1781242580.859631337] [cartesian_streamer]: QueueTrajPoint đã được accept nhưng joint_states hầu như không đổi. Kiểm tra: 1) Robot ở mode AUTO? 2) Servo ON? 3) E-stop cleared?
[INFO] [1781242580.860227062] [cartesian_streamer]: Bootstrap EE pose via FK: (-0.1624, 0.2937, 0.3832)
[INFO] [1781242580.860815130] [cartesian_streamer]: Đã gửi seed point (current joints, t=0), chờ ACK...
[INFO] [1781242580.925552444] [cartesian_streamer]: Bootstrap EE pose via FK: (-0.1624, 0.2937, 0.3832)
[INFO] [1781242580.987785997] [cartesian_streamer]: Seed ACK nhận được, bắt đầu prebuffer.
[INFO] [1781242581.483591881] [cartesian_streamer]: Pre-buffer hoàn tất (3 points), bắt đầu stream ổn định. Đang chờ target...
[INFO] [1781242581.950665408] [cartesian_streamer]: QueueTrajPoint accepted #20: t=0.998s, hold=True
[WARN] [1781242582.859306953] [cartesian_streamer]: Service call timeout (500ms). Resetting inflight flag.
[WARN] [1781242583.006049379] [cartesian_streamer]: Queue BUSY, sẽ resend (backoff 66ms): msg="Busy processing the previous trajectory point. Please resend the next point shortly"
[INFO] [1781242584.728332830] [cartesian_streamer]: IK OK → Δmax=0.0072 rad, joints: [1.576, 0.119, -1.034, 0.000, -0.392, -0.005]
[INFO] [1781242585.046587019] [cartesian_streamer]: QueueTrajPoint accepted #40: t=3.398s, hold=False
[INFO] [1781242585.858826747] [cartesian_streamer]: Runtime rate: state=streaming, tick_hz=15.0, queue_send_hz=7.6, ack_hz=7.0, busy_hz=0.2, retry_count=1, reject_count=0, inter_ack_ms=784.4, max_joint_delta=0.023, cumul_time=4.20s, hold_count=0, ik_mode=Local, ik_avg_ms=1.02, ik_fails=0
[INFO] [1781242586.793808943] [cartesian_streamer]: IK OK → Δmax=0.0147 rad, joints: [1.595, 0.033, -0.891, 0.001, -0.621, -0.025]
[INFO] [1781242587.380061193] [cartesian_streamer]: QueueTrajPoint accepted #60: t=5.529s, hold=False
[INFO] [1781242588.793820641] [cartesian_streamer]: IK OK → Δmax=0.0107 rad, joints: [1.651, 0.023, -0.636, 0.003, -0.886, -0.082]
[INFO] [1781242589.787192709] [cartesian_streamer]: QueueTrajPoint accepted #80: t=7.658s, hold=False
[INFO] [1781242590.860984140] [cartesian_streamer]: IK OK → Δmax=0.0349 rad, joints: [1.561, 0.223, -0.355, -0.000, -0.966, 0.010]
[INFO] [1781242590.925554815] [cartesian_streamer]: Runtime rate: state=streaming, tick_hz=15.0, queue_send_hz=8.7, ack_hz=8.9, busy_hz=0.0, retry_count=0, reject_count=0, inter_ack_ms=115.2, max_joint_delta=0.085, cumul_time=8.79s, hold_count=0, ik_mode=Local, ik_avg_ms=1.26, ik_fails=0
[INFO] [1781242591.611749596] [cartesian_streamer]: QueueTrajPoint accepted #100: t=9.592s, hold=False
[INFO] [1781242592.861541744] [cartesian_streamer]: IK OK → Δmax=0.0043 rad, joints: [1.545, 0.355, -0.196, -0.001, -0.993, 0.027]
[INFO] [1781242593.811242534] [cartesian_streamer]: QueueTrajPoint accepted #120: t=11.660s, hold=False
[INFO] [1781242594.927700855] [cartesian_streamer]: IK OK → Δmax=0.0078 rad, joints: [1.458, 0.482, -0.121, -0.004, -0.941, 0.115]
[INFO] [1781242595.925411526] [cartesian_streamer]: Runtime rate: state=streaming, tick_hz=15.0, queue_send_hz=9.8, ack_hz=9.6, busy_hz=0.0, retry_count=0, reject_count=0, inter_ack_ms=100.5, max_joint_delta=0.053, cumul_time=13.59s, hold_count=0, ik_mode=Local, ik_avg_ms=1.33, ik_fails=0
[INFO] [1781242596.021243924] [cartesian_streamer]: QueueTrajPoint accepted #140: t=13.592s, hold=False
[INFO] [1781242596.993839248] [cartesian_streamer]: IK OK → Δmax=0.0064 rad, joints: [1.391, 0.639, 0.134, -0.005, -1.040, 0.183]
[INFO] [1781242598.247132676] [cartesian_streamer]: QueueTrajPoint accepted #160: t=15.725s, hold=False
[INFO] [1781242598.993844600] [cartesian_streamer]: IK OK → Δmax=0.0093 rad, joints: [1.348, 0.828, 0.433, -0.006, -1.150, 0.225]
[INFO] [1781242600.253465856] [cartesian_streamer]: QueueTrajPoint accepted #180: t=17.725s, hold=False
[INFO] [1781242600.925443336] [cartesian_streamer]: Runtime rate: state=streaming, tick_hz=15.0, queue_send_hz=8.8, ack_hz=8.8, busy_hz=0.0, retry_count=0, reject_count=0, inter_ack_ms=112.1, max_joint_delta=0.064, cumul_time=18.19s, hold_count=0, ik_mode=Local, ik_avg_ms=1.36, ik_fails=0
[INFO] [1781242600.994002024] [cartesian_streamer]: IK OK → Δmax=0.0201 rad, joints: [1.296, 0.835, 0.393, -0.008, -1.104, 0.278]
[INFO] [1781242602.751809234] [cartesian_streamer]: QueueTrajPoint accepted #200: t=20.058s, hold=False
[INFO] [1781242603.060732101] [cartesian_streamer]: IK OK → Δmax=0.0034 rad, joints: [1.280, 0.835, 0.390, -0.008, -1.100, 0.294]
[WARN] [1781242604.420583049] [cartesian_streamer]: Queue BUSY, sẽ resend (backoff 66ms): msg="Busy processing the previous trajectory point. Please resend the next point shortly"
[INFO] [1781242605.126759011] [cartesian_streamer]: IK OK → Δmax=0.0071 rad, joints: [1.216, 0.756, 0.320, -0.010, -1.110, 0.359]
[INFO] [1781242605.837975261] [cartesian_streamer]: QueueTrajPoint accepted #220: t=22.458s, hold=False
[INFO] [1781242605.992007781] [cartesian_streamer]: Runtime rate: state=streaming, tick_hz=15.0, queue_send_hz=7.7, ack_hz=7.5, busy_hz=0.2, retry_count=1, reject_count=0, inter_ack_ms=136.7, max_joint_delta=0.050, cumul_time=22.66s, hold_count=0, ik_mode=Local, ik_avg_ms=1.39, ik_fails=0
[WARN] [1781242606.666236676] [cartesian_streamer]: Queue BUSY, sẽ resend (backoff 66ms): msg="Busy processing the previous trajectory point. Please resend the next point shortly"
[INFO] [1781242607.127261081] [cartesian_streamer]: IK OK → Δmax=0.0048 rad, joints: [1.135, 0.680, 0.106, -0.013, -0.973, 0.444]
[INFO] [1781242608.221050862] [cartesian_streamer]: QueueTrajPoint accepted #240: t=24.395s, hold=False
[WARN] [1781242608.399340319] [cartesian_streamer]: Queue BUSY, sẽ resend (backoff 66ms): msg="Busy processing the previous trajectory point. Please resend the next point shortly"
[INFO] [1781242609.193513879] [cartesian_streamer]: IK OK → Δmax=0.0530 rad, joints: [1.128, 0.550, 0.003, -0.013, -1.000, 0.450]
[INFO] [1781242609.861350635] [cartesian_streamer]: IK delta clamped → joints: [1.159, 0.596, 0.155, -0.012, -1.113, 0.417]
[WARN] [1781242610.067551104] [cartesian_streamer]: Queue BUSY, sẽ resend (backoff 66ms): msg="Busy processing the previous trajectory point. Please resend the next point shortly"
[INFO] [1781242611.011006099] [cartesian_streamer]: QueueTrajPoint accepted #260: t=26.666s, hold=False
[INFO] [1781242611.058814953] [cartesian_streamer]: Runtime rate: state=streaming, tick_hz=15.0, queue_send_hz=8.1, ack_hz=7.7, busy_hz=0.6, retry_count=3, reject_count=0, inter_ack_ms=131.7, max_joint_delta=0.080, cumul_time=26.67s, hold_count=0, ik_mode=Local, ik_avg_ms=1.39, ik_fails=0
[INFO] [1781242611.193953349] [cartesian_streamer]: IK OK → Δmax=0.0179 rad, joints: [1.243, 0.838, 0.582, -0.009, -1.289, 0.330]
[INFO] [1781242613.046292686] [cartesian_streamer]: QueueTrajPoint accepted #280: t=28.535s, hold=False
[INFO] [1781242613.194386090] [cartesian_streamer]: IK OK → Δmax=0.0077 rad, joints: [1.332, 0.999, 0.866, -0.006, -1.413, 0.240]
[INFO] [1781242615.261604211] [cartesian_streamer]: IK OK → Δmax=0.0160 rad, joints: [1.369, 1.030, 0.890, -0.005, -1.405, 0.203]
[INFO] [1781242615.381177248] [cartesian_streamer]: QueueTrajPoint accepted #300: t=30.669s, hold=False
[INFO] [1781242616.060227672] [cartesian_streamer]: Runtime rate: state=streaming, tick_hz=15.0, queue_send_hz=9.6, ack_hz=9.4, busy_hz=0.0, retry_count=0, reject_count=0, inter_ack_ms=104.8, max_joint_delta=0.069, cumul_time=31.40s, hold_count=0, ik_mode=Local, ik_avg_ms=1.40, ik_fails=0
[INFO] [1781242617.142175963] [cartesian_streamer]: QueueTrajPoint accepted #320: t=32.535s, hold=False
[INFO] [1781242617.328667016] [cartesian_streamer]: IK OK → Δmax=0.0032 rad, joints: [1.367, 1.007, 0.797, -0.005, -1.335, 0.205]
[INFO] [1781242619.393383085] [cartesian_streamer]: IK OK → Δmax=0.0095 rad, joints: [1.382, 1.013, 0.682, -0.005, -1.214, 0.191]
[INFO] [1781242619.735440451] [cartesian_streamer]: QueueTrajPoint accepted #340: t=34.737s, hold=False
[INFO] [1781242621.125775280] [cartesian_streamer]: Runtime rate: state=streaming, tick_hz=15.0, queue_send_hz=9.1, ack_hz=9.3, busy_hz=0.0, retry_count=0, reject_count=0, inter_ack_ms=109.1, max_joint_delta=0.042, cumul_time=36.07s, hold_count=0, ik_mode=Local, ik_avg_ms=1.42, ik_fails=0
[INFO] [1781242621.393877090] [cartesian_streamer]: IK OK → Δmax=0.0201 rad, joints: [1.384, 1.006, 0.688, -0.005, -1.227, 0.189]
[INFO] [1781242621.538072350] [cartesian_streamer]: QueueTrajPoint accepted #360: t=36.538s, hold=False
[WARN] [1781242621.998368863] [cartesian_streamer]: Queue BUSY, sẽ resend (backoff 66ms): msg="Busy processing the previous trajectory point. Please resend the next point shortly"
[INFO] [1781242623.462028402] [cartesian_streamer]: IK OK → Δmax=0.0283 rad, joints: [1.390, 1.065, 0.836, -0.005, -1.316, 0.182]
[INFO] [1781242623.682568715] [cartesian_streamer]: QueueTrajPoint accepted #380: t=38.402s, hold=False
[INFO] [1781242625.525795859] [cartesian_streamer]: IK OK → Δmax=0.0040 rad, joints: [1.390, 1.088, 0.890, -0.005, -1.347, 0.182]
[INFO] [1781242625.538104100] [cartesian_streamer]: QueueTrajPoint accepted #400: t=40.269s, hold=False
[INFO] [1781242626.192128610] [cartesian_streamer]: Runtime rate: state=streaming, tick_hz=15.0, queue_send_hz=10.1, ack_hz=9.9, busy_hz=0.2, retry_count=1, reject_count=0, inter_ack_ms=102.3, max_joint_delta=0.028, cumul_time=40.74s, hold_count=0, ik_mode=Local, ik_avg_ms=1.41, ik_fails=0
[INFO] [1781242627.526508712] [cartesian_streamer]: IK OK → Δmax=0.0000 rad, joints: [1.391, 1.087, 0.883, -0.005, -1.341, 0.181]
[WARN] [1781242627.926100606] [cartesian_streamer]: Service call timeout (500ms). Resetting inflight flag.
[INFO] [1781242628.987694512] [cartesian_streamer]: QueueTrajPoint accepted #420: t=42.804s, hold=False
[INFO] [1781242629.594431741] [cartesian_streamer]: IK OK → Δmax=0.0092 rad, joints: [1.391, 1.101, 0.920, -0.005, -1.363, 0.180]
[INFO] [1781242631.192399257] [cartesian_streamer]: Runtime rate: state=streaming, tick_hz=15.0, queue_send_hz=6.8, ack_hz=6.6, busy_hz=0.0, retry_count=0, reject_count=0, inter_ack_ms=144.5, max_joint_delta=0.016, cumul_time=44.74s, hold_count=0, ik_mode=Local, ik_avg_ms=1.36, ik_fails=0
[INFO] [1781242631.334554468] [cartesian_streamer]: QueueTrajPoint accepted #440: t=45.002s, hold=False
[INFO] [1781242631.659769949] [cartesian_streamer]: IK OK → Δmax=0.0064 rad, joints: [1.393, 1.097, 0.910, -0.005, -1.358, 0.179]
[INFO] [1781242633.726271671] [cartesian_streamer]: IK OK → Δmax=0.0051 rad, joints: [1.391, 1.108, 0.936, -0.005, -1.373, 0.180]
[INFO] [1781242634.333300123] [cartesian_streamer]: QueueTrajPoint accepted #460: t=47.404s, hold=False
[INFO] [1781242635.726811579] [cartesian_streamer]: IK OK → Δmax=0.0047 rad, joints: [1.393, 1.106, 0.936, -0.005, -1.375, 0.178]
[INFO] [1781242636.069876735] [cartesian_streamer]: QueueTrajPoint accepted #480: t=49.138s, hold=False
[INFO] [1781242636.258579111] [cartesian_streamer]: Runtime rate: state=streaming, tick_hz=15.0, queue_send_hz=8.5, ack_hz=8.5, busy_hz=0.0, retry_count=0, reject_count=0, inter_ack_ms=119.1, max_joint_delta=0.028, cumul_time=49.20s, hold_count=0, ik_mode=Local, ik_avg_ms=1.33, ik_fails=0
[INFO] [1781242637.126151781] [cartesian_streamer]: IK delta clamped → joints: [1.384, 1.066, 0.849, -0.005, -1.314, 0.188]
[INFO] [1781242637.793807392] [cartesian_streamer]: IK OK → Δmax=0.0089 rad, joints: [1.350, 1.048, 0.750, -0.006, -1.247, 0.223]
[INFO] [1781242638.623637994] [cartesian_streamer]: QueueTrajPoint accepted #500: t=51.206s, hold=False
[INFO] [1781242639.860364773] [cartesian_streamer]: IK OK → Δmax=0.0136 rad, joints: [1.283, 1.015, 0.638, -0.008, -1.169, 0.291]
[INFO] [1781242640.807925543] [cartesian_streamer]: QueueTrajPoint accepted #520: t=53.473s, hold=False
[INFO] [1781242641.259380828] [cartesian_streamer]: Runtime rate: state=streaming, tick_hz=15.0, queue_send_hz=8.4, ack_hz=8.4, busy_hz=0.0, retry_count=0, reject_count=0, inter_ack_ms=117.9, max_joint_delta=0.073, cumul_time=53.74s, hold_count=0, ik_mode=Local, ik_avg_ms=1.35, ik_fails=0
[INFO] [1781242641.861643114] [cartesian_streamer]: IK OK → Δmax=0.0270 rad, joints: [1.193, 0.917, 0.385, -0.011, -1.015, 0.384]
[INFO] [1781242642.593947170] [cartesian_streamer]: IK delta clamped → joints: [1.171, 0.867, 0.256, -0.013, -0.930, 0.407]
[INFO] [1781242643.317859114] [cartesian_streamer]: QueueTrajPoint accepted #540: t=55.605s, hold=False
[INFO] [1781242643.926561465] [cartesian_streamer]: IK OK → Δmax=0.0093 rad, joints: [1.177, 0.795, 0.259, -0.012, -1.011, 0.400]
[INFO] [1781242645.182611049] [cartesian_streamer]: QueueTrajPoint accepted #560: t=57.406s, hold=False
[INFO] [1781242645.993094775] [cartesian_streamer]: IK OK → Δmax=0.0309 rad, joints: [1.224, 0.639, 0.279, -0.010, -1.186, 0.350]
[INFO] [1781242646.325121269] [cartesian_streamer]: Runtime rate: state=streaming, tick_hz=15.0, queue_send_hz=9.3, ack_hz=9.3, busy_hz=0.0, retry_count=0, reject_count=0, inter_ack_ms=110.3, max_joint_delta=0.070, cumul_time=58.54s, hold_count=0, ik_mode=Local, ik_avg_ms=1.35, ik_fails=0
[INFO] [1781242647.885751531] [cartesian_streamer]: QueueTrajPoint accepted #580: t=59.872s, hold=False
[INFO] [1781242647.993552284] [cartesian_streamer]: IK OK → Δmax=0.0185 rad, joints: [1.257, 0.601, 0.336, -0.008, -1.281, 0.316]
[INFO] [1781242648.393329071] [cartesian_streamer]: IK delta clamped → joints: [1.276, 0.694, 0.446, -0.008, -1.320, 0.297]
[INFO] [1781242649.809060376] [cartesian_streamer]: QueueTrajPoint accepted #600: t=61.741s, hold=False
[INFO] [1781242649.994000748] [cartesian_streamer]: IK OK → Δmax=0.0339 rad, joints: [1.342, 0.953, 0.882, -0.006, -1.474, 0.229]
[INFO] [1781242651.327847590] [cartesian_streamer]: Runtime rate: state=streaming, tick_hz=15.0, queue_send_hz=8.8, ack_hz=8.8, busy_hz=0.0, retry_count=0, reject_count=0, inter_ack_ms=113.3, max_joint_delta=0.070, cumul_time=63.08s, hold_count=0, ik_mode=Local, ik_avg_ms=1.36, ik_fails=0
[INFO] [1781242651.811198748] [cartesian_streamer]: QueueTrajPoint accepted #620: t=63.674s, hold=False
[INFO] [1781242652.060877965] [cartesian_streamer]: IK OK → Δmax=0.0098 rad, joints: [1.374, 0.947, 0.708, -0.005, -1.306, 0.198]
[INFO] [1781242654.074661036] [cartesian_streamer]: QueueTrajPoint accepted #640: t=65.875s, hold=False
[INFO] [1781242654.126365929] [cartesian_streamer]: IK OK → Δmax=0.0053 rad, joints: [1.388, 1.002, 0.760, -0.005, -1.303, 0.184]
[INFO] [1781242656.193461601] [cartesian_streamer]: IK OK → Δmax=0.0273 rad, joints: [1.401, 1.114, 0.955, -0.005, -1.386, 0.170]
[INFO] [1781242656.198070145] [cartesian_streamer]: QueueTrajPoint accepted #660: t=67.940s, hold=False
[INFO] [1781242656.392430202] [cartesian_streamer]: Runtime rate: state=streaming, tick_hz=15.0, queue_send_hz=9.3, ack_hz=9.3, busy_hz=0.0, retry_count=0, reject_count=0, inter_ack_ms=107.5, max_joint_delta=0.046, cumul_time=68.01s, hold_count=0, ik_mode=Local, ik_avg_ms=1.36, ik_fails=0
[INFO] [1781242658.193967243] [cartesian_streamer]: IK OK → Δmax=0.0214 rad, joints: [1.402, 1.144, 1.029, -0.004, -1.429, 0.169]
[INFO] [1781242658.464742906] [cartesian_streamer]: QueueTrajPoint accepted #680: t=70.140s, hold=False
[INFO] [1781242659.083215755] [cartesian_streamer]: Local IK không hội tụ (fail #1)
[INFO] [1781242660.194046408] [cartesian_streamer]: IK OK → Δmax=0.0000 rad, joints: [1.403, 1.144, 1.037, -0.004, -1.438, 0.168]
[INFO] [1781242660.610466834] [cartesian_streamer]: Local IK không hội tụ (fail #1)
[INFO] [1781242660.770455199] [cartesian_streamer]: QueueTrajPoint accepted #700: t=72.297s, hold=True
[WARN] [1781242661.360612252] [cartesian_streamer]: Local IK failed 10x liên tiếp! Fallback sang MoveIt! IK...
[INFO] [1781242661.392492975] [cartesian_streamer]: Runtime rate: state=streaming, tick_hz=15.0, queue_send_hz=8.8, ack_hz=8.6, busy_hz=0.0, retry_count=0, reject_count=0, inter_ack_ms=115.8, max_joint_delta=0.028, cumul_time=72.91s, hold_count=0, ik_mode=Local, ik_avg_ms=1.73, ik_fails=18
[INFO] [1781242662.018367410] [cartesian_streamer]: Local IK không hội tụ (fail #1)
[INFO] [1781242662.817016850] [cartesian_streamer]: IK OK → Δmax=0.0019 rad, joints: [1.404, 1.152, 1.050, -0.004, -1.443, 0.168]
[WARN] [1781242663.412261089] [cartesian_streamer]: Local IK failed 18x liên tiếp! Fallback sang MoveIt! IK...
[INFO] [1781242664.288737896] [cartesian_streamer]: Local IK không hội tụ (fail #1)
[INFO] [1781242664.399736435] [cartesian_streamer]: QueueTrajPoint accepted #720: t=75.381s, hold=False
[INFO] [1781242664.862025239] [cartesian_streamer]: IK OK → Δmax=0.0242 rad, joints: [1.402, 1.152, 1.021, -0.004, -1.413, 0.169]
[WARN] [1781242666.073022873] [cartesian_streamer]: Queue BUSY, sẽ resend (backoff 66ms): msg="Busy processing the previous trajectory point. Please resend the next point shortly"
[INFO] [1781242666.392956684] [cartesian_streamer]: Runtime rate: state=streaming, tick_hz=15.0, queue_send_hz=6.0, ack_hz=5.8, busy_hz=0.2, retry_count=1, reject_count=0, inter_ack_ms=171.0, max_joint_delta=0.036, cumul_time=76.91s, hold_count=0, ik_mode=Local, ik_avg_ms=2.24, ik_fails=46
[INFO] [1781242666.928712421] [cartesian_streamer]: IK OK → Δmax=0.0037 rad, joints: [1.400, 1.138, 0.995, -0.005, -1.403, 0.172]
[INFO] [1781242666.941234557] [cartesian_streamer]: QueueTrajPoint accepted #740: t=77.515s, hold=False
[INFO] [1781242667.975219359] [cartesian_streamer]: Disable Robot: dừng stream, tắt traj mode...
[INFO] [1781242667.976507743] [cartesian_streamer]: ✗ Robot DISABLED.
[WARN] [1781242668.231909101] [cartesian_streamer]: ⚠ Queue mode bị drop! Auto-recovery lần 1/3...
[INFO] [1781242668.733010608] [cartesian_streamer]: Auto-recovery: bắt đầu re-enable queue mode...
[INFO] [1781242668.733554975] [cartesian_streamer]: Enable: reset_error...
[INFO] [1781242668.742473008] [cartesian_streamer]: reset_error: code=1, msg="success"
[INFO] [1781242668.742731820] [cartesian_streamer]: Enable: stop_traj_mode (giải phóng mode cũ)...
[INFO] [1781242668.884819483] [cartesian_streamer]: stop_traj_mode: success=True, code=N/A, msg=""
[INFO] [1781242668.885108894] [cartesian_streamer]: Enable: chờ 1.5s để hệ thống ổn định trước khi start queue...
[INFO] [1781242670.386102096] [cartesian_streamer]: Enable: StartPointQueueMode...
[INFO] [1781242671.028413440] [cartesian_streamer]: StartPointQueueMode response: code=1, msg=""
[INFO] [1781242671.029080782] [cartesian_streamer]: ✓ Robot ENABLED — Point Queue Mode active. Servo ON!
[INFO] [1781242671.058937129] [cartesian_streamer]: Bootstrap EE pose via FK: (0.0349, 1.1431, 0.3679)
[INFO] [1781242671.059788568] [cartesian_streamer]: Đã gửi seed point (current joints, t=0), chờ ACK...
[INFO] [1781242671.125657340] [cartesian_streamer]: Bootstrap EE pose via FK: (0.0349, 1.1431, 0.3679)
[INFO] [1781242671.173438260] [cartesian_streamer]: Seed ACK nhận được, bắt đầu prebuffer.
[INFO] [1781242671.458526472] [cartesian_streamer]: Runtime rate: state=prebuffering, tick_hz=5.9, queue_send_hz=3.4, ack_hz=3.2, busy_hz=0.0, retry_count=0, reject_count=1, inter_ack_ms=313.7, max_joint_delta=0.019, cumul_time=0.33s, hold_count=3, ik_mode=Local, ik_avg_ms=2.22, ik_fails=46
[WARN] [1781242671.458818978] [cartesian_streamer]: Target stream stale: không có target mới trong 3.6s
[INFO] [1781242671.509139564] [cartesian_streamer]: Pre-buffer hoàn tất (3 points), bắt đầu stream ổn định. Đang chờ target...
[WARN] [1781242672.743021160] [cartesian_streamer]: Queue BUSY, sẽ resend (backoff 66ms): msg="Busy processing the previous trajectory point. Please resend the next point shortly"
[INFO] [1781242673.947832954] [cartesian_streamer]: QueueTrajPoint accepted #760: t=1.933s, hold=True
[WARN] [1781242675.530098151] [cartesian_streamer]: Queue BUSY, sẽ resend (backoff 66ms): msg="Busy processing the previous trajectory point. Please resend the next point shortly"
[INFO] [1781242676.458656979] [cartesian_streamer]: Runtime rate: state=streaming, tick_hz=15.0, queue_send_hz=5.8, ack_hz=5.6, busy_hz=0.4, retry_count=2, reject_count=0, inter_ack_ms=181.4, max_joint_delta=0.000, cumul_time=3.93s, hold_count=30, ik_mode=Local, ik_avg_ms=2.22, ik_fails=46
[WARN] [1781242676.458929224] [cartesian_streamer]: Target stream stale: không có target mới trong 8.6s
[INFO] [1781242677.433968287] [cartesian_streamer]: QueueTrajPoint accepted #780: t=4.400s, hold=True
[WARN] [1781242679.669197602] [cartesian_streamer]: Queue BUSY, sẽ resend (backoff 66ms): msg="Busy processing the previous trajectory point. Please resend the next point shortly"
[INFO] [1781242680.209930002] [cartesian_streamer]: QueueTrajPoint accepted #800: t=6.800s, hold=True
[INFO] [1781242681.525336367] [cartesian_streamer]: Runtime rate: state=streaming, tick_hz=15.0, queue_send_hz=6.9, ack_hz=6.5, busy_hz=0.2, retry_count=1, reject_count=0, inter_ack_ms=151.5, max_joint_delta=0.000, cumul_time=8.00s, hold_count=64, ik_mode=Local, ik_avg_ms=2.22, ik_fails=46
[WARN] [1781242681.525610220] [cartesian_streamer]: Target stream stale: không có target mới trong 13.7s
[INFO] [1781242683.855303666] [cartesian_streamer]: QueueTrajPoint accepted #820: t=9.466s, hold=True
[WARN] [1781242685.873119025] [cartesian_streamer]: Queue BUSY, sẽ resend (backoff 66ms): msg="Busy processing the previous trajectory point. Please resend the next point shortly"
[INFO] [1781242686.421113146] [cartesian_streamer]: QueueTrajPoint accepted #840: t=11.666s, hold=True
[INFO] [1781242686.525408365] [cartesian_streamer]: Runtime rate: state=streaming, tick_hz=15.0, queue_send_hz=6.2, ack_hz=6.0, busy_hz=0.2, retry_count=1, reject_count=0, inter_ack_ms=166.9, max_joint_delta=0.000, cumul_time=11.87s, hold_count=94, ik_mode=Local, ik_avg_ms=2.22, ik_fails=46
[WARN] [1781242686.525989348] [cartesian_streamer]: Target stream stale: không có target mới trong 18.7s
[INFO] [1781242688.530450839] [cartesian_streamer]: QueueTrajPoint accepted #860: t=13.866s, hold=True
[INFO] [1781242691.591993805] [cartesian_streamer]: Runtime rate: state=streaming, tick_hz=15.0, queue_send_hz=7.1, ack_hz=7.1, busy_hz=0.0, retry_count=0, reject_count=0, inter_ack_ms=139.9, max_joint_delta=0.000, cumul_time=16.20s, hold_count=130, ik_mode=Local, ik_avg_ms=2.22, ik_fails=46
[WARN] [1781242691.592292753] [cartesian_streamer]: Target stream stale: không có target mới trong 23.7s
[WARN] [1781242692.140792686] [cartesian_streamer]: Queue BUSY, sẽ resend (backoff 66ms): msg="Busy processing the previous trajectory point. Please resend the next point shortly"
[INFO] [1781242692.505952452] [cartesian_streamer]: QueueTrajPoint accepted #880: t=16.733s, hold=True
[WARN] [1781242694.065530416] [cartesian_streamer]: Queue BUSY, sẽ resend (backoff 66ms): msg="Busy processing the previous trajectory point. Please resend the next point shortly"
[INFO] [1781242695.160292380] [cartesian_streamer]: QueueTrajPoint accepted #900: t=18.867s, hold=True
[INFO] [1781242696.658833577] [cartesian_streamer]: Runtime rate: state=streaming, tick_hz=15.0, queue_send_hz=7.1, ack_hz=6.9, busy_hz=0.4, retry_count=2, reject_count=0, inter_ack_ms=147.4, max_joint_delta=0.000, cumul_time=20.40s, hold_count=164, ik_mode=Local, ik_avg_ms=2.22, ik_fails=46
[WARN] [1781242696.659486531] [cartesian_streamer]: Target stream stale: không có target mới trong 28.8s
[INFO] [1781242698.061159205] [cartesian_streamer]: QueueTrajPoint accepted #920: t=21.533s, hold=True
[WARN] [1781242699.205839959] [cartesian_streamer]: Queue BUSY, sẽ resend (backoff 66ms): msg="Busy processing the previous trajectory point. Please resend the next point shortly"
[INFO] [1781242701.118154508] [cartesian_streamer]: QueueTrajPoint accepted #940: t=23.933s, hold=True
[INFO] [1781242701.659477764] [cartesian_streamer]: Runtime rate: state=streaming, tick_hz=15.0, queue_send_hz=7.2, ack_hz=7.0, busy_hz=0.2, retry_count=1, reject_count=0, inter_ack_ms=143.8, max_joint_delta=0.000, cumul_time=24.47s, hold_count=199, ik_mode=Local, ik_avg_ms=2.22, ik_fails=46
[WARN] [1781242701.660217983] [cartesian_streamer]: Target stream stale: không có target mới trong 33.8s
[WARN] [1781242703.571036955] [cartesian_streamer]: Queue BUSY, sẽ resend (backoff 66ms): msg="Busy processing the previous trajectory point. Please resend the next point shortly"
[INFO] [1781242703.774369982] [cartesian_streamer]: QueueTrajPoint accepted #960: t=26.133s, hold=True
[INFO] [1781242706.360477143] [cartesian_streamer]: QueueTrajPoint accepted #980: t=28.333s, hold=True
[INFO] [1781242706.725196972] [cartesian_streamer]: Runtime rate: state=streaming, tick_hz=15.0, queue_send_hz=7.3, ack_hz=6.9, busy_hz=0.2, retry_count=1, reject_count=0, inter_ack_ms=136.0, max_joint_delta=0.000, cumul_time=28.60s, hold_count=235, ik_mode=Local, ik_avg_ms=2.22, ik_fails=46
[WARN] [1781242706.725476181] [cartesian_streamer]: Target stream stale: không có target mới trong 38.9s
[WARN] [1781242707.844509938] [cartesian_streamer]: Queue BUSY, sẽ resend (backoff 66ms): msg="Busy processing the previous trajectory point. Please resend the next point shortly"
[INFO] [1781242710.520107772] [cartesian_streamer]: QueueTrajPoint accepted #1000: t=31.333s, hold=True
[INFO] [1781242711.725662193] [cartesian_streamer]: Runtime rate: state=streaming, tick_hz=15.0, queue_send_hz=5.2, ack_hz=5.0, busy_hz=0.2, retry_count=1, reject_count=0, inter_ack_ms=210.0, max_joint_delta=0.000, cumul_time=32.40s, hold_count=260, ik_mode=Local, ik_avg_ms=2.22, ik_fails=46
[WARN] [1781242711.725966444] [cartesian_streamer]: Target stream stale: không có target mới trong 43.9s
[INFO] [1781242713.325987791] [cartesian_streamer]: QueueTrajPoint accepted #1020: t=33.799s, hold=True
[INFO] [1781242716.732114781] [cartesian_streamer]: QueueTrajPoint accepted #1040: t=36.533s, hold=True
[INFO] [1781242716.792157749] [cartesian_streamer]: Runtime rate: state=streaming, tick_hz=15.0, queue_send_hz=6.5, ack_hz=6.7, busy_hz=0.0, retry_count=0, reject_count=0, inter_ack_ms=149.3, max_joint_delta=0.000, cumul_time=36.53s, hold_count=293, ik_mode=Local, ik_avg_ms=2.22, ik_fails=46
[WARN] [1781242716.792760972] [cartesian_streamer]: Target stream stale: không có target mới trong 48.9s
[INFO] [1781242719.925412638] [cartesian_streamer]: QueueTrajPoint accepted #1060: t=39.068s, hold=True
[INFO] [1781242721.858903629] [cartesian_streamer]: Runtime rate: state=streaming, tick_hz=15.0, queue_send_hz=6.9, ack_hz=6.9, busy_hz=0.0, retry_count=0, reject_count=0, inter_ack_ms=146.4, max_joint_delta=0.000, cumul_time=40.67s, hold_count=328, ik_mode=Local, ik_avg_ms=2.22, ik_fails=46
[WARN] [1781242721.859488303] [cartesian_streamer]: Target stream stale: không có target mới trong 54.0s
[INFO] [1781242722.592616622] [cartesian_streamer]: QueueTrajPoint accepted #1080: t=41.399s, hold=True
[INFO] [1781242725.318325728] [cartesian_streamer]: QueueTrajPoint accepted #1100: t=43.733s, hold=True
[WARN] [1781242726.150422775] [cartesian_streamer]: Queue BUSY, sẽ resend (backoff 66ms): msg="Busy processing the previous trajectory point. Please resend the next point shortly"
[INFO] [1781242726.200549538] [cartesian_streamer]: Disable Robot: dừng stream, tắt traj mode...
[INFO] [1781242726.201185003] [cartesian_streamer]: ✗ Robot DISABLED.
[INFO] [1781242728.516984471] [cartesian_streamer]: Disable Robot: dừng stream, tắt traj mode...
[INFO] [1781242728.518379463] [cartesian_streamer]: ✗ Robot DISABLED.
[INFO] [1781242878.241313227] [cartesian_streamer]: Graceful shutdown: tắt Point Queue Mode trước khi thoát...
[INFO] [1781242878.241575301] [cartesian_streamer]: Robot chưa enable, không cần stop_traj_mode.
[INFO] [1781242878.241841388] [cartesian_streamer]: Shutdown hoàn tất. Tủ điện sẽ KHÔNG bị alarm.
