[INFO] [1786330198.064931426] [experiment_logger]: Logger ready.
[INFO] [1786330361.101881645] [experiment_logger]: Trajectory mode: ergonomics
[INFO] [1786330375.955058578] [experiment_logger]: Service called: /logger/toggle with data=True
[INFO] [1786330375.955589117] [experiment_logger]: ✓ STARTED in-memory logging. Target file: /home/duy/cocarry_ws/cocarry_logs/experiment_ERGONOMICS_20260810_095255.csv
[INFO] [1786330400.874042074] [experiment_logger]: Service called: /logger/toggle with data=False
[INFO] [1786330400.874366262] [experiment_logger]: Writing 666 rows from memory to /home/duy/cocarry_ws/cocarry_logs/experiment_ERGONOMICS_20260810_095255.csv...
[INFO] [1786330400.881212891] [experiment_logger]: ✓ Successfully wrote logs to disk.
[INFO] [1786330400.882190189] [experiment_logger]: Stopped logging. Saved 666 rows to /home/duy/cocarry_ws/cocarry_logs/experiment_ERGONOMICS_20260810_095255.csv
[INFO] [1786330400.892469750] [experiment_logger]: 
============================================================
EXPERIMENT METRICS
  File: experiment_ERGONOMICS_20260810_095255.csv
  Total samples: 666
  Task completion time: 24.92 s
  --- Prediction Accuracy (over 666 samples) ---
  Avg Inference Time: 3.79 ms
  Mean Squared Error (MSE): 0.004235 m²
  Mean Absolute Error (MAE - 3D): 0.0488 m
      MAE X: 0.0232 m
      MAE Y: 0.0327 m
      MAE Z: 0.0143 m
  --- Trajectory Smoothness (Robot EE) ---
  Mean Jerk (3D): 26.3618 m/s³
      Jerk X: 10.8045 m/s³
      Jerk Y: 19.0899 m/s³
      Jerk Z: 9.2664 m/s³
  Max Jerk (3D): 114.9643 m/s³
  RMS Jerk (3D): 37.5944 m/s³
============================================================
