[INFO] [1779675169.520495110] [cartesian_streamer]: CartesianStreamer khởi động (chờ Enable Robot từ UI).
  Stream rate:       15 Hz (period=66.7ms)
  Queue dt:          0.067 s
  Prebuffer points:  3
  Retry backoff:     66.0 ms
  Gửi PoseStamped lên: /cartesian_streamer/target_pose
  Gửi XYZ lên:        /cartesian_streamer/target_xyz
  Nhận EE pose tại:   /cartesian_streamer/current_pose
[INFO] [1779675169.525909897] [cartesian_streamer]: Nhận joint_states: ['1.571', '0.075', '-1.049', '-0.030', '-0.523', '-0.002']
[INFO] [1779675170.434763079] [cartesian_streamer]: Đã nhận joint_states. EE hiện tại: (-0.1638, 0.2630, 0.3947). Chờ Enable Robot từ UI...
[INFO] [1779675269.838380191] [cartesian_streamer]: Enable Robot: bắt đầu chuỗi khởi động...
[INFO] [1779675269.838707177] [cartesian_streamer]: Enable: reset_error...
[WARN] [1779675272.845095124] [cartesian_streamer]: Service reset_error không khả dụng, bỏ qua.
[INFO] [1779675272.845555223] [cartesian_streamer]: Enable: stop_traj_mode (giải phóng mode cũ)...
[INFO] [1779675272.848925011] [cartesian_streamer]: stop_traj_mode: success=True, code=N/A, msg="Mock: OK (simulation)"
[INFO] [1779675272.849521821] [cartesian_streamer]: Enable: chờ 1.5s để hệ thống ổn định trước khi start queue...
[INFO] [1779675274.350539205] [cartesian_streamer]: Enable: StartPointQueueMode...
[INFO] [1779675274.354017377] [cartesian_streamer]: StartPointQueueMode response: code=1, msg="Mock: Point Queue Mode activated (simulation)"
[INFO] [1779675274.354615351] [cartesian_streamer]: ✓ Robot ENABLED — Point Queue Mode active. Servo ON!
[INFO] [1779675274.419108077] [cartesian_streamer]: Runtime rate: state=seeding, tick_hz=0.0, queue_send_hz=0.0, ack_hz=0.0, busy_hz=0.0, retry_count=0, reject_count=0, inter_ack_ms=0.0, max_joint_delta=0.000, cumul_time=0.00s, hold_count=0
[INFO] [1779675274.421672162] [cartesian_streamer]: Bootstrap EE pose via FK: (-0.1638, 0.2630, 0.3947)
[INFO] [1779675274.422066446] [cartesian_streamer]: Đang stream qua service: /queue_traj_point
[INFO] [1779675274.424426008] [cartesian_streamer]: Đã gửi seed point (current joints, t=0), chờ ACK...
[INFO] [1779675274.426579548] [cartesian_streamer]: Seed ACK nhận được, bắt đầu prebuffer.
[INFO] [1779675274.427202156] [cartesian_streamer]: Queue accepted sample#1: svc=/queue_traj_point, t_cumul=0.0000s, code=1, msg="", hold=False
[INFO] [1779675274.489399085] [cartesian_streamer]: Queue accepted sample#2: svc=/queue_traj_point, t_cumul=0.0630s, code=1, msg="", hold=True
[INFO] [1779675274.555622574] [cartesian_streamer]: Queue accepted sample#3: svc=/queue_traj_point, t_cumul=0.1297s, code=1, msg="", hold=True
[INFO] [1779675274.621121759] [cartesian_streamer]: Pre-buffer hoàn tất (3 points), bắt đầu stream ổn định. Đang chờ target...
[INFO] [1779675274.621760804] [cartesian_streamer]: Queue accepted sample#4: svc=/queue_traj_point, t_cumul=0.1962s, code=1, msg="", hold=True
[INFO] [1779675274.688734716] [cartesian_streamer]: Queue accepted sample#5: svc=/queue_traj_point, t_cumul=0.2630s, code=1, msg="", hold=True
[INFO] [1779675275.688351967] [cartesian_streamer]: QueueTrajPoint accepted #20: t=1.263s, hold=True
[INFO] [1779675276.955691052] [cartesian_streamer]: IK OK → Δmax=0.0109 rad, joints: [1.575, 0.075, -1.038, -0.030, -0.534, -0.006]
[INFO] [1779675277.025915798] [cartesian_streamer]: QueueTrajPoint accepted #40: t=2.600s, hold=False
[INFO] [1779675277.861989011] [cartesian_streamer]: Disable Robot: dừng stream, tắt traj mode...
[INFO] [1779675277.867561429] [cartesian_streamer]: ✗ Robot DISABLED.
[INFO] [1779675347.065215326] [cartesian_streamer]: Disable Robot: dừng stream, tắt traj mode...
[INFO] [1779675347.066146955] [cartesian_streamer]: ✗ Robot DISABLED.
[INFO] [1779675390.426092642] [cartesian_streamer]: Graceful shutdown: tắt Point Queue Mode trước khi thoát...
[INFO] [1779675390.426794712] [cartesian_streamer]: Robot chưa enable, không cần stop_traj_mode.
[INFO] [1779675390.427354256] [cartesian_streamer]: Shutdown hoàn tất. Tủ điện sẽ KHÔNG bị alarm.
