[INFO] [1781247229.433323534] [coord_transform]: CoordTransformNode khởi động.
  Object offset (cam frame): [0.05 0.   0.1 ]
  Translation cam→base:      [0.5 0.  1.2]
  EE orientation (xyzw):     [0.0, 1.0, 0.0, 0.0]
  Prediction step:           5
  Axis remap:                [0, 1, 2]
  Axis sign:                 [-1.0, 1.0, 1.0]
  Workspace X: (-1.0, 1.0), Y: (-0.5, 1.3), Z: (0.05, 1.5)
  Filter outlier_threshold:  0.15m
  Filter median_size_y:      3
  Filter deadband_tol:       15.0mm
  Filter stationary_thresh:  3 frames
  Filter max_rate:           5.0cm/frame
  Filter EMA moving(x,y,z):  (1.0,1.0,1.0)
  Filter EMA hold  (x,y,z):  (0.08,0.02,0.05)
[WARN] [1781247245.019263432] [coord_transform]: Outlier rejected #1 (jumped 2175.8mm). Ignoring.
[WARN] [1781247245.051392222] [coord_transform]: Outlier rejected #2 (jumped 2175.7mm). Ignoring.
[WARN] [1781247245.079975966] [coord_transform]: Outlier rejected #3 (jumped 2160.7mm). Ignoring.
[WARN] [1781247245.110720302] [coord_transform]: Outlier rejected #4 (jumped 2190.9mm). Ignoring.
[INFO] [1781247245.138206873] [coord_transform]: Too many outliers (5). Resetting filter to new position.
[INFO] [1781247250.932189528] [coord_transform]: Captured Init Pose! P_init=(-0.162, 0.280, 0.379), Cam_init=(0.001, 0.016, -0.003), Noise_Tol=35.1mm
Orientation=(0.998, 0.064, -0.000, 0.000)
[INFO] [1781247250.954740226] [coord_transform]: Deadband: RELEASE — motion detected
[INFO] [1781247251.090868797] [coord_transform]: Deadband: HOLD at (0.001, 0.016, -0.003)
[INFO] [1781247275.469023922] [coord_transform]: Trạng thái tracking: STOPPED
[WARN] [1781247287.305586523] [coord_transform]: Outlier rejected #1 (jumped 153.1mm). Ignoring.
[INFO] [1781247297.710066036] [coord_transform]: Re-sync camera init: [ 0.189 -0.163  0.026]
[INFO] [1781247297.710511736] [coord_transform]: Trạng thái tracking: RUNNING
[INFO] [1781247297.713778720] [coord_transform]: Deadband: RELEASE — motion detected
[INFO] [1781247297.715309842] [coord_transform]: [GROUND_TRUTH] Transform: cam[ 0.191 -0.18   0.022] → base[-0.164  0.263  0.374]
[INFO] [1781247297.857790743] [coord_transform]: Deadband: HOLD at (0.189, -0.163, 0.026)
[INFO] [1781247299.718967092] [coord_transform]: Deadband: RELEASE — motion detected
[INFO] [1781247299.719897979] [coord_transform]: [GROUND_TRUTH] Transform: cam[ 0.157 -0.162  0.021] → base[-0.13   0.281  0.373]
[INFO] [1781247299.881162139] [coord_transform]: Deadband: HOLD at (0.189, -0.163, 0.026)
[INFO] [1781247301.873634241] [coord_transform]: [GROUND_TRUTH] Transform: cam[ 0.189 -0.163  0.026] → base[-0.162  0.28   0.379]
[INFO] [1781247301.907442486] [coord_transform]: Deadband: RELEASE — motion detected
[INFO] [1781247301.947908817] [coord_transform]: Deadband: HOLD at (0.189, -0.163, 0.026)
[INFO] [1781247303.920982005] [coord_transform]: [GROUND_TRUTH] Transform: cam[ 0.158 -0.106  0.105] → base[-0.131  0.337  0.457]
[INFO] [1781247305.959044656] [coord_transform]: [GROUND_TRUTH] Transform: cam[0.115 0.116 0.213] → base[-0.087  0.559  0.565]
[INFO] [1781247307.962484341] [coord_transform]: [GROUND_TRUTH] Transform: cam[0.065 0.387 0.28 ] → base[-0.038  0.83   0.632]
[INFO] [1781247310.029817405] [coord_transform]: [GROUND_TRUTH] Transform: cam[0.053 0.461 0.297] → base[-0.026  0.904  0.649]
[INFO] [1781247312.156351730] [coord_transform]: [GROUND_TRUTH] Transform: cam[-0.014  0.509  0.255] → base[0.042 0.952 0.607]
[INFO] [1781247314.227858410] [coord_transform]: [GROUND_TRUTH] Transform: cam[-0.065  0.336  0.163] → base[0.092 0.779 0.515]
[INFO] [1781247316.294274699] [coord_transform]: [GROUND_TRUTH] Transform: cam[-0.085  0.187  0.11 ] → base[0.112 0.63  0.462]
[INFO] [1781247318.430853091] [coord_transform]: [GROUND_TRUTH] Transform: cam[-0.071  0.027  0.079] → base[0.098 0.47  0.431]
[INFO] [1781247320.431355907] [coord_transform]: [GROUND_TRUTH] Transform: cam[-0.035 -0.152  0.054] → base[0.063 0.291 0.406]
[WARN] [1781247320.769270082] [coord_transform]: Outlier rejected #1 (jumped 202.2mm). Ignoring.
[INFO] [1781247321.288567664] [coord_transform]: Trạng thái tracking: STOPPED
[WARN] [1781247321.865743460] [coord_transform]: Outlier rejected #1 (jumped 150.6mm). Ignoring.
[INFO] [1781247326.416913301] [coord_transform]: Trạng thái tracking: STOPPED
[WARN] [1781247327.476189068] [coord_transform]: Outlier rejected #1 (jumped 175.1mm). Ignoring.
[WARN] [1781247328.435723013] [coord_transform]: Outlier rejected #1 (jumped 224.1mm). Ignoring.
[WARN] [1781247334.695218006] [coord_transform]: Outlier rejected #1 (jumped 164.2mm). Ignoring.
[WARN] [1781247339.878541064] [coord_transform]: Outlier rejected #1 (jumped 197.2mm). Ignoring.
[WARN] [1781247339.914762901] [coord_transform]: Outlier rejected #2 (jumped 156.1mm). Ignoring.
[WARN] [1781247340.387190892] [coord_transform]: Outlier rejected #1 (jumped 243.4mm). Ignoring.
[WARN] [1781247340.512904230] [coord_transform]: Outlier rejected #1 (jumped 220.0mm). Ignoring.
[WARN] [1781247340.548119129] [coord_transform]: Outlier rejected #2 (jumped 168.3mm). Ignoring.
[WARN] [1781247340.582744061] [coord_transform]: Outlier rejected #3 (jumped 250.0mm). Ignoring.
[WARN] [1781247340.614291917] [coord_transform]: Outlier rejected #4 (jumped 216.3mm). Ignoring.
[WARN] [1781247340.745449463] [coord_transform]: Outlier rejected #1 (jumped 157.2mm). Ignoring.
[WARN] [1781247340.818336761] [coord_transform]: Outlier rejected #1 (jumped 236.1mm). Ignoring.
[WARN] [1781247340.951388914] [coord_transform]: Outlier rejected #1 (jumped 205.5mm). Ignoring.
[WARN] [1781247340.986839536] [coord_transform]: Outlier rejected #2 (jumped 195.2mm). Ignoring.
[WARN] [1781247341.245489899] [coord_transform]: Outlier rejected #1 (jumped 474.1mm). Ignoring.
[WARN] [1781247341.345731879] [coord_transform]: Outlier rejected #1 (jumped 152.6mm). Ignoring.
[WARN] [1781247342.146101664] [coord_transform]: Outlier rejected #1 (jumped 175.8mm). Ignoring.
[WARN] [1781247342.764124068] [coord_transform]: Outlier rejected #1 (jumped 161.9mm). Ignoring.
[WARN] [1781247342.827733664] [coord_transform]: Outlier rejected #1 (jumped 154.8mm). Ignoring.
[INFO] [1781247344.126972012] [coord_transform]: Deadband: HOLD at (0.189, -0.163, 0.026)
[INFO] [1781247344.177924997] [coord_transform]: Deadband: RELEASE — motion detected
[WARN] [1781247345.349149751] [coord_transform]: Outlier rejected #1 (jumped 155.2mm). Ignoring.
[WARN] [1781247345.560003487] [coord_transform]: Outlier rejected #1 (jumped 173.3mm). Ignoring.
[WARN] [1781247345.589450605] [coord_transform]: Outlier rejected #2 (jumped 256.0mm). Ignoring.
[WARN] [1781247345.619193549] [coord_transform]: Outlier rejected #3 (jumped 270.0mm). Ignoring.
[WARN] [1781247345.651474143] [coord_transform]: Outlier rejected #4 (jumped 302.1mm). Ignoring.
[INFO] [1781247345.687971188] [coord_transform]: Too many outliers (5). Resetting filter to new position.
[WARN] [1781247348.552820156] [coord_transform]: Outlier rejected #1 (jumped 426.4mm). Ignoring.
[WARN] [1781247348.595464195] [coord_transform]: Outlier rejected #2 (jumped 445.4mm). Ignoring.
[WARN] [1781247348.625197795] [coord_transform]: Outlier rejected #3 (jumped 405.7mm). Ignoring.
[WARN] [1781247350.279362751] [coord_transform]: Outlier rejected #1 (jumped 759.2mm). Ignoring.
[WARN] [1781247350.303189026] [coord_transform]: Outlier rejected #2 (jumped 776.4mm). Ignoring.
[WARN] [1781247350.327549255] [coord_transform]: Outlier rejected #3 (jumped 790.8mm). Ignoring.
[WARN] [1781247350.432107020] [coord_transform]: Outlier rejected #4 (jumped 822.8mm). Ignoring.
[INFO] [1781247350.454983061] [coord_transform]: Too many outliers (5). Resetting filter to new position.
[WARN] [1781247352.932129477] [coord_transform]: Outlier rejected #1 (jumped 1041.8mm). Ignoring.
[WARN] [1781247352.960261210] [coord_transform]: Outlier rejected #2 (jumped 1047.9mm). Ignoring.
[WARN] [1781247352.996194477] [coord_transform]: Outlier rejected #3 (jumped 1048.9mm). Ignoring.
[WARN] [1781247353.025462843] [coord_transform]: Outlier rejected #4 (jumped 1057.9mm). Ignoring.
[INFO] [1781247353.060792391] [coord_transform]: Too many outliers (5). Resetting filter to new position.
[WARN] [1781247353.627914805] [coord_transform]: Outlier rejected #1 (jumped 248.3mm). Ignoring.
[WARN] [1781247353.658027377] [coord_transform]: Outlier rejected #2 (jumped 319.4mm). Ignoring.
[WARN] [1781247353.691364852] [coord_transform]: Outlier rejected #3 (jumped 271.8mm). Ignoring.
[WARN] [1781247353.724533589] [coord_transform]: Outlier rejected #4 (jumped 276.0mm). Ignoring.
[INFO] [1781247353.757932156] [coord_transform]: Too many outliers (5). Resetting filter to new position.
[WARN] [1781247359.562783255] [coord_transform]: Outlier rejected #1 (jumped 422.9mm). Ignoring.
[WARN] [1781247359.594340842] [coord_transform]: Outlier rejected #2 (jumped 508.5mm). Ignoring.
[WARN] [1781247359.628762404] [coord_transform]: Outlier rejected #3 (jumped 461.2mm). Ignoring.
[WARN] [1781247359.664893489] [coord_transform]: Outlier rejected #4 (jumped 650.4mm). Ignoring.
[INFO] [1781247359.700826433] [coord_transform]: Too many outliers (5). Resetting filter to new position.
[WARN] [1781247360.338721959] [coord_transform]: Outlier rejected #1 (jumped 439.1mm). Ignoring.
[WARN] [1781247360.365330266] [coord_transform]: Outlier rejected #2 (jumped 410.9mm). Ignoring.
[WARN] [1781247360.396135051] [coord_transform]: Outlier rejected #3 (jumped 457.2mm). Ignoring.
[WARN] [1781247360.428444506] [coord_transform]: Outlier rejected #4 (jumped 465.2mm). Ignoring.
[INFO] [1781247360.464438187] [coord_transform]: Too many outliers (5). Resetting filter to new position.
[INFO] [1781247361.527927035] [coord_transform]: Deadband: HOLD at (0.189, -0.163, 0.026)
[INFO] [1781247361.563576993] [coord_transform]: Deadband: RELEASE — motion detected
[INFO] [1781247363.531428692] [coord_transform]: Deadband: HOLD at (0.189, -0.163, 0.026)
[INFO] [1781247363.566319873] [coord_transform]: Deadband: RELEASE — motion detected
[INFO] [1781247365.566591408] [coord_transform]: Deadband: HOLD at (0.189, -0.163, 0.026)
[INFO] [1781247365.594620072] [coord_transform]: Deadband: RELEASE — motion detected
[INFO] [1781247368.453200607] [coord_transform]: Re-sync camera init: [ 0.195 -0.145  0.038]
[INFO] [1781247368.453734053] [coord_transform]: Trạng thái tracking: RUNNING
[INFO] [1781247368.466683133] [coord_transform]: Deadband: RELEASE — motion detected
[INFO] [1781247368.468307200] [coord_transform]: [GROUND_TRUTH] Transform: cam[ 0.193 -0.128  0.039] → base[-0.16   0.297  0.379]
[INFO] [1781247368.600579285] [coord_transform]: Deadband: HOLD at (0.195, -0.145, 0.038)
[INFO] [1781247370.536728468] [coord_transform]: [GROUND_TRUTH] Transform: cam[ 0.224 -0.126  0.083] → base[-0.191  0.299  0.423]
[INFO] [1781247372.539100742] [coord_transform]: [GROUND_TRUTH] Transform: cam[0.194 0.129 0.171] → base[-0.161  0.554  0.511]
[INFO] [1781247374.440137315] [coord_transform]: [TARGET ZONE] T3: 7.5cm (frame 1/20)
[INFO] [1781247374.540674663] [coord_transform]: [GROUND_TRUTH] Transform: cam[0.167 0.351 0.156] → base[-0.134  0.776  0.496]
[INFO] [1781247375.005816102] [coord_transform]: [TARGET ZONE] T3: 7.3cm (frame 7/20)
[INFO] [1781247376.579724317] [coord_transform]: [GROUND_TRUTH] Transform: cam[0.215 0.507 0.13 ] → base[-0.182  0.932  0.47 ]
[INFO] [1781247378.809437210] [coord_transform]: [GROUND_TRUTH] Transform: cam[0.28  0.576 0.095] → base[-0.247  1.001  0.436]
[INFO] [1781247380.951739737] [coord_transform]: [GROUND_TRUTH] Transform: cam[0.338 0.574 0.091] → base[-0.305  0.999  0.431]
[INFO] [1781247383.982975803] [coord_transform]: [GROUND_TRUTH] Transform: cam[0.411 0.573 0.103] → base[-0.377  0.998  0.443]
[INFO] [1781247387.124620703] [coord_transform]: [GROUND_TRUTH] Transform: cam[0.372 0.563 0.081] → base[-0.339  0.988  0.421]
[INFO] [1781247389.284130209] [coord_transform]: [GROUND_TRUTH] Transform: cam[0.392 0.553 0.078] → base[-0.359  0.978  0.418]
[INFO] [1781247391.614904542] [coord_transform]: [GROUND_TRUTH] Transform: cam[0.306 0.559 0.029] → base[-0.273  0.984  0.369]
[INFO] [1781247394.534095987] [coord_transform]: [GROUND_TRUTH] Transform: cam[0.287 0.549 0.04 ] → base[-0.253  0.974  0.38 ]
[INFO] [1781247396.626678278] [coord_transform]: [GROUND_TRUTH] Transform: cam[0.309 0.555 0.13 ] → base[-0.276  0.98   0.47 ]
[INFO] [1781247398.736116117] [coord_transform]: [GROUND_TRUTH] Transform: cam[0.384 0.562 0.1  ] → base[-0.351  0.987  0.441]
[INFO] [1781247400.834776653] [coord_transform]: [GROUND_TRUTH] Transform: cam[0.434 0.552 0.084] → base[-0.401  0.977  0.424]
[INFO] [1781247403.162329877] [coord_transform]: [GROUND_TRUTH] Transform: cam[0.338 0.557 0.02 ] → base[-0.305  0.982  0.36 ]
[INFO] [1781247405.302344891] [coord_transform]: [GROUND_TRUTH] Transform: cam[ 0.365  0.566 -0.015] → base[-0.332  0.991  0.325]
[INFO] [1781247407.966887261] [coord_transform]: [GROUND_TRUTH] Transform: cam[0.336 0.551 0.017] → base[-0.303  0.976  0.357]
[INFO] [1781247410.006612024] [coord_transform]: [GROUND_TRUTH] Transform: cam[0.29  0.552 0.06 ] → base[-0.257  0.977  0.4  ]
[INFO] [1781247412.108978459] [coord_transform]: [GROUND_TRUTH] Transform: cam[0.323 0.568 0.066] → base[-0.29   0.993  0.406]
[INFO] [1781247414.207282541] [coord_transform]: [GROUND_TRUTH] Transform: cam[0.046 0.55  0.222] → base[-0.013  0.975  0.562]
[INFO] [1781247416.341592148] [coord_transform]: [GROUND_TRUTH] Transform: cam[0.297 0.581 0.066] → base[-0.264  1.006  0.406]
[INFO] [1781247418.443524350] [coord_transform]: [GROUND_TRUTH] Transform: cam[0.32  0.571 0.112] → base[-0.287  0.996  0.452]
[INFO] [1781247419.607869795] [coord_transform]: Trạng thái tracking: STOPPED
[WARN] [1781247432.103706177] [coord_transform]: Outlier rejected #1 (jumped 186.5mm). Ignoring.
[WARN] [1781247432.136475557] [coord_transform]: Outlier rejected #2 (jumped 173.4mm). Ignoring.
[WARN] [1781247432.299687808] [coord_transform]: Outlier rejected #1 (jumped 156.5mm). Ignoring.
[WARN] [1781247432.334966344] [coord_transform]: Outlier rejected #2 (jumped 206.7mm). Ignoring.
[WARN] [1781247432.371326381] [coord_transform]: Outlier rejected #3 (jumped 169.2mm). Ignoring.
[WARN] [1781247432.403518027] [coord_transform]: Outlier rejected #4 (jumped 157.3mm). Ignoring.
[WARN] [1781247433.717745242] [coord_transform]: Outlier rejected #1 (jumped 177.4mm). Ignoring.
[WARN] [1781247483.790931994] [coord_transform]: Outlier rejected #1 (jumped 540.6mm). Ignoring.
[WARN] [1781247483.824452529] [coord_transform]: Outlier rejected #2 (jumped 519.5mm). Ignoring.
[WARN] [1781247483.857495822] [coord_transform]: Outlier rejected #3 (jumped 504.7mm). Ignoring.
[WARN] [1781247483.888917728] [coord_transform]: Outlier rejected #4 (jumped 496.3mm). Ignoring.
[INFO] [1781247483.925290067] [coord_transform]: Too many outliers (5). Resetting filter to new position.
[WARN] [1781247487.370635437] [coord_transform]: Outlier rejected #1 (jumped 415.3mm). Ignoring.
[WARN] [1781247487.407550238] [coord_transform]: Outlier rejected #2 (jumped 409.5mm). Ignoring.
[WARN] [1781247487.448357837] [coord_transform]: Outlier rejected #3 (jumped 416.3mm). Ignoring.
[WARN] [1781247487.473123120] [coord_transform]: Outlier rejected #4 (jumped 421.4mm). Ignoring.
[INFO] [1781247488.925430930] [coord_transform]: Too many outliers (5). Resetting filter to new position.
[WARN] [1781247505.860524054] [coord_transform]: Outlier rejected #1 (jumped 162.6mm). Ignoring.
[WARN] [1781247505.896212605] [coord_transform]: Outlier rejected #2 (jumped 340.6mm). Ignoring.
[WARN] [1781247505.945720266] [coord_transform]: Outlier rejected #3 (jumped 553.9mm). Ignoring.
[WARN] [1781247505.980591423] [coord_transform]: Outlier rejected #4 (jumped 542.5mm). Ignoring.
[INFO] [1781247506.020727927] [coord_transform]: Too many outliers (5). Resetting filter to new position.
[WARN] [1781247507.531574629] [coord_transform]: Outlier rejected #1 (jumped 179.0mm). Ignoring.
[WARN] [1781247507.562248413] [coord_transform]: Outlier rejected #2 (jumped 161.7mm). Ignoring.
[WARN] [1781247507.595358025] [coord_transform]: Outlier rejected #3 (jumped 156.6mm). Ignoring.
[WARN] [1781247507.622316749] [coord_transform]: Outlier rejected #4 (jumped 150.4mm). Ignoring.
[WARN] [1781247517.880826031] [coord_transform]: Outlier rejected #1 (jumped 911.9mm). Ignoring.
[WARN] [1781247517.908028386] [coord_transform]: Outlier rejected #2 (jumped 912.1mm). Ignoring.
[WARN] [1781247517.933110908] [coord_transform]: Outlier rejected #3 (jumped 858.5mm). Ignoring.
[WARN] [1781247518.160978487] [coord_transform]: Outlier rejected #4 (jumped 859.8mm). Ignoring.
[INFO] [1781247518.185507573] [coord_transform]: Too many outliers (5). Resetting filter to new position.
[WARN] [1781247518.220754254] [coord_transform]: Outlier rejected #1 (jumped 259.3mm). Ignoring.
[WARN] [1781247518.248657819] [coord_transform]: Outlier rejected #2 (jumped 262.0mm). Ignoring.
[WARN] [1781247518.283205984] [coord_transform]: Outlier rejected #3 (jumped 257.8mm). Ignoring.
[WARN] [1781247518.317414253] [coord_transform]: Outlier rejected #4 (jumped 282.8mm). Ignoring.
[INFO] [1781247518.356497210] [coord_transform]: Too many outliers (5). Resetting filter to new position.
[WARN] [1781247519.493785664] [coord_transform]: Outlier rejected #1 (jumped 2341.6mm). Ignoring.
[WARN] [1781247519.518183066] [coord_transform]: Outlier rejected #2 (jumped 2595.2mm). Ignoring.
[WARN] [1781247519.549977399] [coord_transform]: Outlier rejected #3 (jumped 2603.6mm). Ignoring.
[WARN] [1781247519.581995352] [coord_transform]: Outlier rejected #4 (jumped 2855.6mm). Ignoring.
[INFO] [1781247519.614593230] [coord_transform]: Too many outliers (5). Resetting filter to new position.
[WARN] [1781247529.733988112] [coord_transform]: Outlier rejected #1 (jumped 2120.3mm). Ignoring.
[WARN] [1781247529.755803998] [coord_transform]: Outlier rejected #2 (jumped 2129.6mm). Ignoring.
[WARN] [1781247529.787993960] [coord_transform]: Outlier rejected #3 (jumped 2149.0mm). Ignoring.
[WARN] [1781247627.933333876] [coord_transform]: Outlier rejected #4 (jumped 1898.1mm). Ignoring.
[INFO] [1781247627.967241049] [coord_transform]: Too many outliers (5). Resetting filter to new position.
[WARN] [1781247629.377424976] [coord_transform]: Outlier rejected #1 (jumped 197.9mm). Ignoring.
[WARN] [1781247629.405439260] [coord_transform]: Outlier rejected #2 (jumped 161.3mm). Ignoring.
[WARN] [1781247630.380728562] [coord_transform]: Outlier rejected #1 (jumped 279.1mm). Ignoring.
[WARN] [1781247630.413992359] [coord_transform]: Outlier rejected #2 (jumped 266.7mm). Ignoring.
[WARN] [1781247630.446139006] [coord_transform]: Outlier rejected #3 (jumped 265.5mm). Ignoring.
[WARN] [1781247630.489221402] [coord_transform]: Outlier rejected #4 (jumped 295.1mm). Ignoring.
[INFO] [1781247630.515517631] [coord_transform]: Too many outliers (5). Resetting filter to new position.
[WARN] [1781247631.206991939] [coord_transform]: Outlier rejected #1 (jumped 365.4mm). Ignoring.
[WARN] [1781247631.248207518] [coord_transform]: Outlier rejected #2 (jumped 393.0mm). Ignoring.
[WARN] [1781247631.281136657] [coord_transform]: Outlier rejected #3 (jumped 406.6mm). Ignoring.
[WARN] [1781247631.311092812] [coord_transform]: Outlier rejected #4 (jumped 409.3mm). Ignoring.
[INFO] [1781247631.338430540] [coord_transform]: Too many outliers (5). Resetting filter to new position.
[WARN] [1781247631.471068939] [coord_transform]: Outlier rejected #1 (jumped 432.5mm). Ignoring.
[WARN] [1781247631.512237285] [coord_transform]: Outlier rejected #2 (jumped 368.2mm). Ignoring.
[WARN] [1781247631.540220348] [coord_transform]: Outlier rejected #3 (jumped 446.1mm). Ignoring.
[WARN] [1781247631.570451774] [coord_transform]: Outlier rejected #4 (jumped 375.2mm). Ignoring.
[INFO] [1781247631.602733291] [coord_transform]: Too many outliers (5). Resetting filter to new position.
[WARN] [1781247632.002815826] [coord_transform]: Outlier rejected #1 (jumped 531.7mm). Ignoring.
[WARN] [1781247632.046356967] [coord_transform]: Outlier rejected #2 (jumped 517.1mm). Ignoring.
[WARN] [1781247632.203199790] [coord_transform]: Outlier rejected #3 (jumped 480.3mm). Ignoring.
[WARN] [1781247632.241742694] [coord_transform]: Outlier rejected #4 (jumped 472.8mm). Ignoring.
[INFO] [1781247632.267646318] [coord_transform]: Too many outliers (5). Resetting filter to new position.
[WARN] [1781247643.987600515] [coord_transform]: Outlier rejected #1 (jumped 937.5mm). Ignoring.
[WARN] [1781247644.018526490] [coord_transform]: Outlier rejected #2 (jumped 936.6mm). Ignoring.
[WARN] [1781247644.045626359] [coord_transform]: Outlier rejected #3 (jumped 930.9mm). Ignoring.
[WARN] [1781247644.078853508] [coord_transform]: Outlier rejected #4 (jumped 914.0mm). Ignoring.
[INFO] [1781247644.111498710] [coord_transform]: Too many outliers (5). Resetting filter to new position.
[WARN] [1781247646.918639810] [coord_transform]: Outlier rejected #1 (jumped 214.3mm). Ignoring.
[WARN] [1781247648.081375713] [coord_transform]: Outlier rejected #1 (jumped 250.1mm). Ignoring.
[WARN] [1781247648.120707957] [coord_transform]: Outlier rejected #2 (jumped 416.4mm). Ignoring.
[WARN] [1781247648.156039531] [coord_transform]: Outlier rejected #3 (jumped 459.1mm). Ignoring.
[WARN] [1781247648.181942091] [coord_transform]: Outlier rejected #4 (jumped 449.8mm). Ignoring.
[INFO] [1781247648.219399185] [coord_transform]: Too many outliers (5). Resetting filter to new position.
[INFO] [1781247656.807580313] [coord_transform]: Re-sync camera init: [ 0.246 -0.095  0.073]
[INFO] [1781247656.808044378] [coord_transform]: Trạng thái tracking: RUNNING
[INFO] [1781247656.826185030] [coord_transform]: Deadband: RELEASE — motion detected
[INFO] [1781247656.827138799] [coord_transform]: [GROUND_TRUTH] Transform: cam[ 0.238 -0.031  0.074] → base[-0.154  0.344  0.379]
[INFO] [1781247656.962901175] [coord_transform]: Deadband: HOLD at (0.246, -0.095, 0.073)
[INFO] [1781247658.893912320] [coord_transform]: [GROUND_TRUTH] Transform: cam[ 0.2   -0.047  0.142] → base[-0.117  0.328  0.447]
[INFO] [1781247661.032929555] [coord_transform]: [GROUND_TRUTH] Transform: cam[0.126 0.087 0.236] → base[-0.043  0.462  0.541]
[INFO] [1781247663.096253611] [coord_transform]: [GROUND_TRUTH] Transform: cam[0.064 0.272 0.247] → base[0.019 0.647 0.552]
[INFO] [1781247665.166405131] [coord_transform]: [GROUND_TRUTH] Transform: cam[0.015 0.419 0.238] → base[0.068 0.794 0.544]
[INFO] [1781247666.869906371] [coord_transform]: [TARGET ZONE] T2: 7.3cm (frame 1/20)
[INFO] [1781247667.266777755] [coord_transform]: [GROUND_TRUTH] Transform: cam[-0.072  0.427  0.205] → base[0.155 0.802 0.511]
[INFO] [1781247667.434464683] [coord_transform]: [TARGET ZONE] T2: 4.3cm (frame 6/20)
[INFO] [1781247668.131487483] [coord_transform]: [TARGET ZONE] T2: 2.5cm (frame 9/20)
[INFO] [1781247668.864022391] [coord_transform]: [TARGET ZONE] T2: 2.3cm (frame 11/20)
[INFO] [1781247669.300887777] [coord_transform]: [GROUND_TRUTH] Transform: cam[-0.107  0.415  0.209] → base[0.191 0.79  0.514]
[INFO] [1781247669.530958177] [coord_transform]: [TARGET ZONE] T2: 3.1cm (frame 14/20)
[INFO] [1781247670.131345057] [coord_transform]: [TARGET ZONE] T2: 3.7cm (frame 16/20)
[INFO] [1781247671.300932376] [coord_transform]: [TARGET ZONE] T2: 5.7cm (frame 19/20)
[INFO] [1781247671.301519596] [coord_transform]: [GROUND_TRUTH] Transform: cam[-0.071  0.391  0.19 ] → base[0.154 0.766 0.495]
[INFO] [1781247671.805987936] [coord_transform]: [TARGET ZONE] T2: 6.7cm (frame 20/20)
[INFO] [1781247671.806506563] [coord_transform]: [TARGET ZONE] ★ SNAP vào T2! Giữ pose 1.5s rồi auto-stop.
[INFO] [1781247673.301960074] [coord_transform]: [GROUND_TRUTH] Transform: cam[-0.096  0.403  0.205] → base[0.2 0.8 0.5]
[INFO] [1781247673.434478999] [coord_transform]: [TARGET ZONE] ✓ Đã đến T2. Auto Stop Run sau 1.5s hold.
[INFO] [1781247673.435546204] [coord_transform]: Trạng thái tracking: STOPPED
[INFO] [1781247678.772983194] [coord_transform]: Trạng thái tracking: STOPPED
[WARN] [1781247710.111970032] [coord_transform]: Outlier rejected #1 (jumped 335.6mm). Ignoring.
[WARN] [1781247710.135980556] [coord_transform]: Outlier rejected #2 (jumped 316.6mm). Ignoring.
[WARN] [1781247710.166838633] [coord_transform]: Outlier rejected #3 (jumped 305.2mm). Ignoring.
[WARN] [1781247710.194419457] [coord_transform]: Outlier rejected #4 (jumped 339.6mm). Ignoring.
[INFO] [1781247710.228672401] [coord_transform]: Too many outliers (5). Resetting filter to new position.
[WARN] [1781247717.669005649] [coord_transform]: Outlier rejected #1 (jumped 157.7mm). Ignoring.
[WARN] [1781247732.883519464] [coord_transform]: Outlier rejected #1 (jumped 165.9mm). Ignoring.
[WARN] [1781247732.916328969] [coord_transform]: Outlier rejected #2 (jumped 164.6mm). Ignoring.
[WARN] [1781247732.950969162] [coord_transform]: Outlier rejected #3 (jumped 166.5mm). Ignoring.
[WARN] [1781247732.983436293] [coord_transform]: Outlier rejected #4 (jumped 173.6mm). Ignoring.
[INFO] [1781247733.014641189] [coord_transform]: Too many outliers (5). Resetting filter to new position.
[WARN] [1781247757.535800450] [coord_transform]: Outlier rejected #1 (jumped 164.0mm). Ignoring.
[WARN] [1781247757.567537017] [coord_transform]: Outlier rejected #2 (jumped 195.4mm). Ignoring.
[WARN] [1781247757.600429466] [coord_transform]: Outlier rejected #3 (jumped 207.4mm). Ignoring.
[WARN] [1781247757.630807373] [coord_transform]: Outlier rejected #4 (jumped 192.2mm). Ignoring.
[INFO] [1781247757.664505750] [coord_transform]: Too many outliers (5). Resetting filter to new position.
[WARN] [1781247758.432979779] [coord_transform]: Outlier rejected #1 (jumped 161.3mm). Ignoring.
[WARN] [1781247760.703592754] [coord_transform]: Outlier rejected #1 (jumped 249.1mm). Ignoring.
[WARN] [1781247760.738571376] [coord_transform]: Outlier rejected #2 (jumped 293.2mm). Ignoring.
[WARN] [1781247760.772330306] [coord_transform]: Outlier rejected #3 (jumped 202.4mm). Ignoring.
[WARN] [1781247760.806426589] [coord_transform]: Outlier rejected #4 (jumped 232.4mm). Ignoring.
[INFO] [1781247760.841733066] [coord_transform]: Too many outliers (5). Resetting filter to new position.
[WARN] [1781247761.004192577] [coord_transform]: Outlier rejected #1 (jumped 239.3mm). Ignoring.
[WARN] [1781247761.037523107] [coord_transform]: Outlier rejected #2 (jumped 293.0mm). Ignoring.
[WARN] [1781247761.070657724] [coord_transform]: Outlier rejected #3 (jumped 274.5mm). Ignoring.
[WARN] [1781247761.103342129] [coord_transform]: Outlier rejected #4 (jumped 255.6mm). Ignoring.
[INFO] [1781247761.139480249] [coord_transform]: Too many outliers (5). Resetting filter to new position.
[WARN] [1781247765.138908664] [coord_transform]: Outlier rejected #1 (jumped 281.1mm). Ignoring.
[WARN] [1781247765.170892463] [coord_transform]: Outlier rejected #2 (jumped 213.1mm). Ignoring.
[WARN] [1781247765.207332451] [coord_transform]: Outlier rejected #3 (jumped 182.2mm). Ignoring.
[WARN] [1781247765.238039664] [coord_transform]: Outlier rejected #4 (jumped 276.7mm). Ignoring.
[INFO] [1781247768.497435039] [coord_transform]: Re-sync camera init: [ 0.201 -0.171  0.049]
[INFO] [1781247768.497872759] [coord_transform]: Trạng thái tracking: RUNNING
[INFO] [1781247768.513123865] [coord_transform]: Deadband: RELEASE — motion detected
[INFO] [1781247768.514549841] [coord_transform]: [GROUND_TRUTH] Transform: cam[ 0.201 -0.171  0.049] → base[-0.162  0.28   0.379]
[INFO] [1781247768.650029839] [coord_transform]: Deadband: HOLD at (0.201, -0.171, 0.049)
[INFO] [1781247771.083757166] [coord_transform]: Deadband: RELEASE — motion detected
[INFO] [1781247771.085211593] [coord_transform]: [GROUND_TRUTH] Transform: cam[ 0.197 -0.162  0.051] → base[-0.157  0.289  0.38 ]
[INFO] [1781247771.123453535] [coord_transform]: Deadband: HOLD at (0.201, -0.171, 0.049)
[INFO] [1781247773.112444029] [coord_transform]: [GROUND_TRUTH] Transform: cam[ 0.201 -0.171  0.049] → base[-0.162  0.28   0.379]
[INFO] [1781247773.146189742] [coord_transform]: Deadband: RELEASE — motion detected
[INFO] [1781247773.179487093] [coord_transform]: Deadband: HOLD at (0.201, -0.171, 0.049)
[INFO] [1781247775.124702744] [coord_transform]: [GROUND_TRUTH] Transform: cam[ 0.201 -0.171  0.049] → base[-0.162  0.28   0.379]
[INFO] [1781247775.154010587] [coord_transform]: Deadband: RELEASE — motion detected
[INFO] [1781247775.180370525] [coord_transform]: Deadband: HOLD at (0.201, -0.171, 0.049)
[INFO] [1781247777.149667886] [coord_transform]: [GROUND_TRUTH] Transform: cam[ 0.201 -0.171  0.049] → base[-0.162  0.28   0.379]
[INFO] [1781247777.183231525] [coord_transform]: Deadband: RELEASE — motion detected
[INFO] [1781247777.224359984] [coord_transform]: Deadband: HOLD at (0.201, -0.171, 0.049)
[INFO] [1781247779.219073707] [coord_transform]: [GROUND_TRUTH] Transform: cam[ 0.201 -0.171  0.049] → base[-0.162  0.28   0.379]
[INFO] [1781247779.250568108] [coord_transform]: Deadband: RELEASE — motion detected
[INFO] [1781247779.293426128] [coord_transform]: Deadband: HOLD at (0.201, -0.171, 0.049)
[WARN] [1781247780.085563291] [coord_transform]: Outlier rejected #1 (jumped 287.0mm). Ignoring.
[WARN] [1781247780.116134291] [coord_transform]: Outlier rejected #2 (jumped 160.5mm). Ignoring.
[WARN] [1781247780.151408990] [coord_transform]: Outlier rejected #3 (jumped 263.0mm). Ignoring.
[WARN] [1781247780.194451607] [coord_transform]: Outlier rejected #4 (jumped 306.3mm). Ignoring.
[INFO] [1781247780.227622808] [coord_transform]: Too many outliers (5). Resetting filter to new position.
[INFO] [1781247781.424741828] [coord_transform]: [GROUND_TRUTH] Transform: cam[0.159 0.548 0.137] → base[-0.119  0.999  0.466]
[INFO] [1781247781.869628665] [coord_transform]: [TARGET ZONE] T3: 7.5cm (frame 1/20)
[INFO] [1781247783.458489159] [coord_transform]: [GROUND_TRUTH] Transform: cam[0.139 0.34  0.225] → base[-0.099  0.791  0.554]
[INFO] [1781247785.590409457] [coord_transform]: [GROUND_TRUTH] Transform: cam[0.115 0.56  0.23 ] → base[-0.075  1.011  0.559]
[INFO] [1781247787.758832774] [coord_transform]: [GROUND_TRUTH] Transform: cam[0.072 0.712 0.222] → base[-0.032  1.163  0.551]
[INFO] [1781247789.760776374] [coord_transform]: [GROUND_TRUTH] Transform: cam[0.065 0.695 0.228] → base[-0.025  1.146  0.558]
[INFO] [1781247791.777538023] [coord_transform]: [GROUND_TRUTH] Transform: cam[0.063 0.676 0.162] → base[-0.023  1.127  0.492]
[INFO] [1781247793.963062594] [coord_transform]: [GROUND_TRUTH] Transform: cam[0.049 0.633 0.132] → base[-0.009  1.085  0.461]
[INFO] [1781247796.229218444] [coord_transform]: [GROUND_TRUTH] Transform: cam[0.025 0.647 0.146] → base[0.014 1.098 0.475]
[INFO] [1781247799.039521042] [coord_transform]: [GROUND_TRUTH] Transform: cam[-0.002  0.666  0.135] → base[0.042 1.117 0.464]
[INFO] [1781247801.637923242] [coord_transform]: [GROUND_TRUTH] Transform: cam[-0.019  0.677  0.154] → base[0.059 1.128 0.483]
[INFO] [1781247803.811762648] [coord_transform]: [GROUND_TRUTH] Transform: cam[-0.021  0.688  0.137] → base[0.06  1.139 0.467]
[INFO] [1781247806.494636468] [coord_transform]: [GROUND_TRUTH] Transform: cam[-0.001  0.711  0.137] → base[0.041 1.162 0.466]
[INFO] [1781247809.442049146] [coord_transform]: [GROUND_TRUTH] Transform: cam[-0.005  0.695  0.132] → base[0.044 1.146 0.461]
[INFO] [1781247811.447797649] [coord_transform]: [GROUND_TRUTH] Transform: cam[-0.007  0.68   0.157] → base[0.046 1.131 0.486]
[INFO] [1781247814.918748742] [coord_transform]: [GROUND_TRUTH] Transform: cam[-0.001  0.697  0.142] → base[0.041 1.148 0.472]
[WARN] [1781247816.484060606] [coord_transform]: Outlier rejected #1 (jumped 472.3mm). Ignoring.
[WARN] [1781247816.513026816] [coord_transform]: Outlier rejected #2 (jumped 506.8mm). Ignoring.
[WARN] [1781247816.546026310] [coord_transform]: Outlier rejected #3 (jumped 495.8mm). Ignoring.
[WARN] [1781247816.580174293] [coord_transform]: Outlier rejected #4 (jumped 486.6mm). Ignoring.
[INFO] [1781247816.614432227] [coord_transform]: Too many outliers (5). Resetting filter to new position.
[WARN] [1781247816.818594980] [coord_transform]: Tọa độ bị clamp: [0.06784249 1.32146751 0.46389248] → [0.06784249 1.3        0.46389248]
[INFO] [1781247816.921471513] [coord_transform]: [GROUND_TRUTH] Transform: cam[-0.026  0.952  0.136] → base[0.066 1.3   0.465]
[WARN] [1781247817.348430599] [coord_transform]: Outlier rejected #1 (jumped 320.0mm). Ignoring.
[WARN] [1781247817.383097540] [coord_transform]: Outlier rejected #2 (jumped 391.9mm). Ignoring.
[WARN] [1781247817.414813216] [coord_transform]: Outlier rejected #3 (jumped 397.5mm). Ignoring.
[WARN] [1781247817.454865863] [coord_transform]: Outlier rejected #4 (jumped 390.3mm). Ignoring.
[INFO] [1781247817.490404088] [coord_transform]: Too many outliers (5). Resetting filter to new position.
[WARN] [1781247817.594598714] [coord_transform]: Outlier rejected #1 (jumped 340.1mm). Ignoring.
[WARN] [1781247817.856669457] [coord_transform]: Tọa độ bị clamp: [0.05517197 1.39120086 0.46623164] → [0.05517197 1.3        0.46623164]
[WARN] [1781247818.899403579] [coord_transform]: Outlier rejected #1 (jumped 385.1mm). Ignoring.
[WARN] [1781247818.935086329] [coord_transform]: Outlier rejected #2 (jumped 427.6mm). Ignoring.
[WARN] [1781247818.968686868] [coord_transform]: Outlier rejected #3 (jumped 440.6mm). Ignoring.
[WARN] [1781247819.001563070] [coord_transform]: Outlier rejected #4 (jumped 465.5mm). Ignoring.
[INFO] [1781247819.029154855] [coord_transform]: Too many outliers (5). Resetting filter to new position.
[INFO] [1781247819.059388276] [coord_transform]: [GROUND_TRUTH] Transform: cam[-0.017  0.722  0.143] → base[0.056 1.173 0.473]
[WARN] [1781247819.227959280] [coord_transform]: Tọa độ bị clamp: [0.07118497 1.31746755 0.46207259] → [0.07118497 1.3        0.46207259]
[WARN] [1781247819.622900947] [coord_transform]: Outlier rejected #1 (jumped 519.0mm). Ignoring.
[WARN] [1781247819.665516953] [coord_transform]: Outlier rejected #2 (jumped 516.2mm). Ignoring.
[WARN] [1781247819.695906983] [coord_transform]: Outlier rejected #3 (jumped 522.3mm). Ignoring.
[WARN] [1781247819.732422505] [coord_transform]: Outlier rejected #4 (jumped 533.3mm). Ignoring.
[INFO] [1781247819.762370714] [coord_transform]: Too many outliers (5). Resetting filter to new position.
[WARN] [1781247822.583953259] [coord_transform]: Outlier rejected #1 (jumped 757.6mm). Ignoring.
[WARN] [1781247822.619500653] [coord_transform]: Outlier rejected #2 (jumped 769.8mm). Ignoring.
[WARN] [1781247822.651899817] [coord_transform]: Outlier rejected #3 (jumped 792.4mm). Ignoring.
[WARN] [1781247822.686018774] [coord_transform]: Outlier rejected #4 (jumped 805.4mm). Ignoring.
[INFO] [1781247822.720352413] [coord_transform]: Too many outliers (5). Resetting filter to new position.
[WARN] [1781247822.751086799] [coord_transform]: Outlier rejected #1 (jumped 832.2mm). Ignoring.
[WARN] [1781247822.785046909] [coord_transform]: Outlier rejected #2 (jumped 821.2mm). Ignoring.
[WARN] [1781247822.816221490] [coord_transform]: Outlier rejected #3 (jumped 832.5mm). Ignoring.
[WARN] [1781247822.850876318] [coord_transform]: Outlier rejected #4 (jumped 822.0mm). Ignoring.
[INFO] [1781247822.887039769] [coord_transform]: Too many outliers (5). Resetting filter to new position.
[INFO] [1781247823.122936057] [coord_transform]: [GROUND_TRUTH] Transform: cam[-0.01   0.666  0.15 ] → base[0.05  1.117 0.479]
[INFO] [1781247825.220871105] [coord_transform]: [GROUND_TRUTH] Transform: cam[0.063 0.69  0.029] → base[-0.024  1.141  0.358]
[INFO] [1781247827.257885621] [coord_transform]: [GROUND_TRUTH] Transform: cam[0.048 0.714 0.024] → base[-0.009  1.165  0.353]
[INFO] [1781247829.523021945] [coord_transform]: [GROUND_TRUTH] Transform: cam[0.064 0.733 0.008] → base[-0.025  1.184  0.338]
[INFO] [1781247830.074331164] [coord_transform]: Trạng thái tracking: STOPPED
[WARN] [1781247832.077645117] [coord_transform]: Outlier rejected #1 (jumped 511.3mm). Ignoring.
[WARN] [1781247832.100923402] [coord_transform]: Outlier rejected #2 (jumped 509.8mm). Ignoring.
[WARN] [1781247832.130223899] [coord_transform]: Outlier rejected #3 (jumped 498.7mm). Ignoring.
[WARN] [1781247832.154619185] [coord_transform]: Outlier rejected #4 (jumped 497.2mm). Ignoring.
[INFO] [1781247832.188930654] [coord_transform]: Too many outliers (5). Resetting filter to new position.
[WARN] [1781247857.508289978] [coord_transform]: Outlier rejected #1 (jumped 681.1mm). Ignoring.
[WARN] [1781247857.541041346] [coord_transform]: Outlier rejected #2 (jumped 687.1mm). Ignoring.
[WARN] [1781247857.574993997] [coord_transform]: Outlier rejected #3 (jumped 695.7mm). Ignoring.
[WARN] [1781247857.612186893] [coord_transform]: Outlier rejected #4 (jumped 691.2mm). Ignoring.
[INFO] [1781247857.647390548] [coord_transform]: Too many outliers (5). Resetting filter to new position.
[WARN] [1781247858.723081969] [coord_transform]: Outlier rejected #1 (jumped 509.4mm). Ignoring.
[WARN] [1781247858.749076778] [coord_transform]: Outlier rejected #2 (jumped 507.1mm). Ignoring.
[WARN] [1781247858.783430872] [coord_transform]: Outlier rejected #3 (jumped 509.6mm). Ignoring.
[WARN] [1781247858.810680482] [coord_transform]: Outlier rejected #4 (jumped 510.8mm). Ignoring.
[INFO] [1781247858.845975201] [coord_transform]: Too many outliers (5). Resetting filter to new position.
[WARN] [1781247876.965068607] [coord_transform]: Outlier rejected #1 (jumped 180.9mm). Ignoring.
[WARN] [1781247877.039764167] [coord_transform]: Outlier rejected #2 (jumped 764.4mm). Ignoring.
[WARN] [1781247877.074222457] [coord_transform]: Outlier rejected #3 (jumped 643.4mm). Ignoring.
[WARN] [1781247877.100801934] [coord_transform]: Outlier rejected #4 (jumped 648.3mm). Ignoring.
[INFO] [1781247877.129502182] [coord_transform]: Too many outliers (5). Resetting filter to new position.
[WARN] [1781247881.551298691] [coord_transform]: Outlier rejected #1 (jumped 710.6mm). Ignoring.
[WARN] [1781247881.586014384] [coord_transform]: Outlier rejected #2 (jumped 727.7mm). Ignoring.
[WARN] [1781247881.623823165] [coord_transform]: Outlier rejected #3 (jumped 365.5mm). Ignoring.
[WARN] [1781247881.700345621] [coord_transform]: Outlier rejected #4 (jumped 761.7mm). Ignoring.
[INFO] [1781247881.731391057] [coord_transform]: Too many outliers (5). Resetting filter to new position.
[WARN] [1781247882.000959471] [coord_transform]: Outlier rejected #1 (jumped 218.2mm). Ignoring.
[INFO] [1781247882.368364674] [coord_transform]: Trạng thái tracking: STOPPED
[WARN] [1781247886.666853922] [coord_transform]: Outlier rejected #1 (jumped 412.6mm). Ignoring.
[WARN] [1781247886.699764659] [coord_transform]: Outlier rejected #2 (jumped 623.0mm). Ignoring.
[WARN] [1781247886.732639975] [coord_transform]: Outlier rejected #3 (jumped 268.1mm). Ignoring.
[WARN] [1781247886.766199743] [coord_transform]: Outlier rejected #4 (jumped 175.8mm). Ignoring.
[INFO] [1781247894.186296356] [coord_transform]: Re-sync camera init: [ 0.166 -0.078  0.029]
[INFO] [1781247894.186752071] [coord_transform]: Trạng thái tracking: RUNNING
[INFO] [1781247894.202739177] [coord_transform]: Deadband: RELEASE — motion detected
[INFO] [1781247894.204178635] [coord_transform]: [GROUND_TRUTH] Transform: cam[ 0.169 -0.062  0.033] → base[-0.164  0.296  0.383]
[INFO] [1781247894.346945177] [coord_transform]: Deadband: HOLD at (0.166, -0.078, 0.029)
[INFO] [1781247896.204473499] [coord_transform]: [GROUND_TRUTH] Transform: cam[ 0.166 -0.078  0.029] → base[-0.162  0.28   0.379]
[INFO] [1781247896.238028600] [coord_transform]: Deadband: RELEASE — motion detected
[INFO] [1781247896.408070795] [coord_transform]: Deadband: HOLD at (0.166, -0.078, 0.029)
[INFO] [1781247898.278039017] [coord_transform]: [GROUND_TRUTH] Transform: cam[ 0.166 -0.002  0.079] → base[-0.162  0.356  0.429]
[INFO] [1781247900.342995151] [coord_transform]: [GROUND_TRUTH] Transform: cam[0.102 0.238 0.16 ] → base[-0.098  0.596  0.509]
[INFO] [1781247901.516804590] [coord_transform]: [TARGET ZONE] T1: 6.9cm (frame 1/20)
[INFO] [1781247902.081913676] [coord_transform]: [TARGET ZONE] T1: 3.0cm (frame 5/20)
[INFO] [1781247902.545089826] [coord_transform]: [GROUND_TRUTH] Transform: cam[0.014 0.418 0.139] → base[-0.01   0.776  0.489]
[INFO] [1781247902.712784328] [coord_transform]: [TARGET ZONE] T1: 3.2cm (frame 7/20)
[INFO] [1781247903.249698730] [coord_transform]: [TARGET ZONE] T1: 3.9cm (frame 9/20)
[INFO] [1781247903.945779019] [coord_transform]: [TARGET ZONE] T1: 3.7cm (frame 11/20)
[INFO] [1781247904.645060670] [coord_transform]: [TARGET ZONE] T1: 5.7cm (frame 14/20)
[INFO] [1781247904.646094538] [coord_transform]: [GROUND_TRUTH] Transform: cam[-0.026  0.397  0.134] → base[0.03  0.755 0.483]
[INFO] [1781247905.245389167] [coord_transform]: [TARGET ZONE] T1: 6.7cm (frame 16/20)
[INFO] [1781247905.812324700] [coord_transform]: [TARGET ZONE] T1: 7.7cm (frame 18/20)
[INFO] [1781247906.749106723] [coord_transform]: [GROUND_TRUTH] Transform: cam[-0.1    0.435  0.117] → base[0.104 0.794 0.466]
[INFO] [1781247907.747005139] [coord_transform]: [TARGET ZONE] T2: 7.9cm (frame 1/20)
[INFO] [1781247908.282450627] [coord_transform]: [TARGET ZONE] T2: 6.1cm (frame 4/20)
[INFO] [1781247908.882022663] [coord_transform]: [TARGET ZONE] T2: 4.2cm (frame 7/20)
[INFO] [1781247908.882807397] [coord_transform]: [GROUND_TRUTH] Transform: cam[-0.179  0.455  0.114] → base[0.183 0.813 0.463]
[INFO] [1781247909.481931588] [coord_transform]: [TARGET ZONE] T2: 4.1cm (frame 10/20)
[INFO] [1781247910.086539993] [coord_transform]: [TARGET ZONE] T2: 6.8cm (frame 13/20)
[INFO] [1781247911.085837846] [coord_transform]: [GROUND_TRUTH] Transform: cam[-0.265  0.496  0.103] → base[0.269 0.854 0.452]
[INFO] [1781247913.108769015] [coord_transform]: [GROUND_TRUTH] Transform: cam[-0.326  0.555  0.073] → base[0.33  0.913 0.422]
[INFO] [1781247915.261010255] [coord_transform]: [GROUND_TRUTH] Transform: cam[-0.375  0.509  0.03 ] → base[0.38  0.867 0.379]
[INFO] [1781247917.262043273] [coord_transform]: [GROUND_TRUTH] Transform: cam[-0.341  0.368  0.109] → base[0.346 0.726 0.458]
[INFO] [1781247919.324032546] [coord_transform]: [GROUND_TRUTH] Transform: cam[-0.259  0.296  0.101] → base[0.264 0.654 0.45 ]
[INFO] [1781247920.728640581] [coord_transform]: [TARGET ZONE] T2: 7.3cm (frame 1/20)
[INFO] [1781247921.258053154] [coord_transform]: [TARGET ZONE] T2: 7.6cm (frame 5/20)
[INFO] [1781247921.362357925] [coord_transform]: [GROUND_TRUTH] Transform: cam[-0.255  0.485  0.114] → base[0.259 0.843 0.463]
[INFO] [1781247923.436193903] [coord_transform]: [GROUND_TRUTH] Transform: cam[-0.266  0.599  0.065] → base[0.27  0.957 0.415]
[INFO] [1781247925.627208337] [coord_transform]: [GROUND_TRUTH] Transform: cam[-0.316  0.523  0.041] → base[0.32  0.881 0.39 ]
[INFO] [1781247927.642235194] [coord_transform]: [GROUND_TRUTH] Transform: cam[-0.33   0.548  0.071] → base[0.335 0.906 0.42 ]
[INFO] [1781247929.664863940] [coord_transform]: [GROUND_TRUTH] Transform: cam[-0.331  0.61   0.068] → base[0.336 0.968 0.417]
[INFO] [1781247931.699407692] [coord_transform]: [GROUND_TRUTH] Transform: cam[-0.323  0.623  0.022] → base[0.327 0.981 0.371]
[INFO] [1781247933.702083248] [coord_transform]: [GROUND_TRUTH] Transform: cam[-0.331  0.651  0.019] → base[0.335 1.009 0.368]
[INFO] [1781247936.507870201] [coord_transform]: [GROUND_TRUTH] Transform: cam[-0.328  0.668  0.027] → base[0.332 1.026 0.376]
[INFO] [1781247938.686224731] [coord_transform]: [GROUND_TRUTH] Transform: cam[-0.32  0.65  0.01] → base[0.324 1.008 0.36 ]
[INFO] [1781247941.342829947] [coord_transform]: [GROUND_TRUTH] Transform: cam[-0.315  0.686  0.028] → base[0.32  1.044 0.378]
[INFO] [1781247943.578597592] [coord_transform]: [GROUND_TRUTH] Transform: cam[-0.32   0.679  0.022] → base[0.325 1.037 0.371]
[INFO] [1781247946.043103603] [coord_transform]: Trạng thái tracking: STOPPED
[WARN] [1781247949.578450114] [coord_transform]: Outlier rejected #1 (jumped 224.0mm). Ignoring.
[WARN] [1781247949.755535556] [coord_transform]: Outlier rejected #1 (jumped 517.4mm). Ignoring.
[WARN] [1781247950.014297832] [coord_transform]: Outlier rejected #1 (jumped 815.0mm). Ignoring.
[WARN] [1781247950.044538439] [coord_transform]: Outlier rejected #2 (jumped 971.7mm). Ignoring.
[WARN] [1781247950.077150817] [coord_transform]: Outlier rejected #3 (jumped 1043.9mm). Ignoring.
[WARN] [1781247950.111130206] [coord_transform]: Outlier rejected #4 (jumped 1119.3mm). Ignoring.
[WARN] [1781247951.178869690] [coord_transform]: Outlier rejected #1 (jumped 623.6mm). Ignoring.
[WARN] [1781247951.212019490] [coord_transform]: Outlier rejected #2 (jumped 612.1mm). Ignoring.
[WARN] [1781247951.247471138] [coord_transform]: Outlier rejected #3 (jumped 608.0mm). Ignoring.
[WARN] [1781247951.284970602] [coord_transform]: Outlier rejected #4 (jumped 593.5mm). Ignoring.
[INFO] [1781247951.322102554] [coord_transform]: Too many outliers (5). Resetting filter to new position.
[WARN] [1781247953.652004992] [coord_transform]: Outlier rejected #1 (jumped 175.0mm). Ignoring.
[WARN] [1781247953.683338669] [coord_transform]: Outlier rejected #2 (jumped 209.7mm). Ignoring.
[WARN] [1781247953.783609730] [coord_transform]: Outlier rejected #1 (jumped 221.4mm). Ignoring.
[WARN] [1781247996.281866455] [coord_transform]: Outlier rejected #1 (jumped 322.5mm). Ignoring.
[WARN] [1781247996.319300060] [coord_transform]: Outlier rejected #2 (jumped 359.9mm). Ignoring.
[WARN] [1781247996.347915414] [coord_transform]: Outlier rejected #3 (jumped 404.0mm). Ignoring.
[WARN] [1781247996.380353501] [coord_transform]: Outlier rejected #4 (jumped 576.0mm). Ignoring.
[INFO] [1781247996.415407719] [coord_transform]: Too many outliers (5). Resetting filter to new position.
[WARN] [1781247997.827553141] [coord_transform]: Outlier rejected #1 (jumped 981.2mm). Ignoring.
[WARN] [1781247997.861984084] [coord_transform]: Outlier rejected #2 (jumped 928.6mm). Ignoring.
[WARN] [1781247997.891347505] [coord_transform]: Outlier rejected #3 (jumped 969.5mm). Ignoring.
[WARN] [1781247997.917234535] [coord_transform]: Outlier rejected #4 (jumped 927.5mm). Ignoring.
[INFO] [1781247997.951973677] [coord_transform]: Too many outliers (5). Resetting filter to new position.
