[INFO] [1779938575.025623240] [motoros2_mock]: ╔══════════════════════════════════════════════╗
║   MotoROS2 Mock Node — Simulation Mode      ║
║   Tất cả /* services đã sẵn sàng            ║
║   (node_namespace="" — không prefix)         ║
╚══════════════════════════════════════════════╝
[INFO] [1779938628.462227675] [motoros2_mock]: ✓ StartPointQueueMode → READY (mock)
[INFO] [1779938628.522806669] [motoros2_mock]: QueueTrajPoint #1 → forwarded to JTC. joints=[1.571, 0.075, -1.049, -0.030, -0.523, -0.002]
[INFO] [1779938628.585199699] [motoros2_mock]: QueueTrajPoint #2 → forwarded to JTC. joints=[1.571, 0.075, -1.049, -0.030, -0.523, -0.002]
[INFO] [1779938628.651661107] [motoros2_mock]: QueueTrajPoint #3 → forwarded to JTC. joints=[1.571, 0.075, -1.049, -0.030, -0.523, -0.002]
[INFO] [1779938631.788574464] [motoros2_mock]: QueueTrajPoint #50 → forwarded to JTC. joints=[1.617, 0.052, -0.957, -0.031, -0.637, -0.050]
[INFO] [1779938635.122072072] [motoros2_mock]: QueueTrajPoint #100 → forwarded to JTC. joints=[1.788, 0.304, -0.155, -0.034, -1.183, -0.233]
[INFO] [1779938638.455478969] [motoros2_mock]: QueueTrajPoint #150 → forwarded to JTC. joints=[1.666, 0.690, 0.166, -0.025, -1.122, -0.112]
[INFO] [1779938641.786737290] [motoros2_mock]: QueueTrajPoint #200 → forwarded to JTC. joints=[1.813, 0.243, -0.621, -0.047, -0.778, -0.236]
[INFO] [1779938645.122564316] [motoros2_mock]: QueueTrajPoint #250 → forwarded to JTC. joints=[1.683, 0.524, -0.124, -0.028, -0.997, -0.125]
[INFO] [1779938648.453141747] [motoros2_mock]: QueueTrajPoint #300 → forwarded to JTC. joints=[1.680, 0.611, 0.032, -0.027, -1.066, -0.124]
[INFO] [1779938651.787828754] [motoros2_mock]: QueueTrajPoint #350 → forwarded to JTC. joints=[1.666, 0.487, -0.184, -0.027, -0.974, -0.108]
[INFO] [1779938655.123501929] [motoros2_mock]: QueueTrajPoint #400 → forwarded to JTC. joints=[1.668, 0.505, -0.122, -0.026, -1.018, -0.111]
[INFO] [1779938658.454143534] [motoros2_mock]: QueueTrajPoint #450 → forwarded to JTC. joints=[1.675, 0.278, -0.300, -0.026, -1.067, -0.120]
[INFO] [1779938661.787854111] [motoros2_mock]: QueueTrajPoint #500 → forwarded to JTC. joints=[1.754, 0.047, -0.738, -0.038, -0.858, -0.186]
[INFO] [1779938665.121322928] [motoros2_mock]: QueueTrajPoint #550 → forwarded to JTC. joints=[1.771, 0.258, -0.268, -0.033, -1.117, -0.213]
[INFO] [1779938668.453492792] [motoros2_mock]: QueueTrajPoint #600 → forwarded to JTC. joints=[1.694, 0.576, -0.078, -0.029, -0.991, -0.135]
[INFO] [1779938671.790656778] [motoros2_mock]: QueueTrajPoint #650 → forwarded to JTC. joints=[1.691, 0.573, -0.069, -0.029, -1.003, -0.132]
[INFO] [1779938675.121977903] [motoros2_mock]: QueueTrajPoint #700 → forwarded to JTC. joints=[1.743, 0.137, -0.264, -0.030, -1.242, -0.191]
[INFO] [1779938678.453004564] [motoros2_mock]: QueueTrajPoint #750 → forwarded to JTC. joints=[1.686, 0.102, -0.730, -0.033, -0.813, -0.120]
[INFO] [1779938681.788689118] [motoros2_mock]: QueueTrajPoint #800 → forwarded to JTC. joints=[1.684, 0.092, -0.743, -0.033, -0.811, -0.119]
[INFO] [1779938685.126837478] [motoros2_mock]: QueueTrajPoint #850 → forwarded to JTC. joints=[1.689, 0.091, -0.719, -0.032, -0.834, -0.124]
[INFO] [1779938688.454471237] [motoros2_mock]: QueueTrajPoint #900 → forwarded to JTC. joints=[1.777, 0.549, 0.094, -0.033, -1.187, -0.222]
[INFO] [1779938691.787249937] [motoros2_mock]: QueueTrajPoint #950 → forwarded to JTC. joints=[1.763, 0.565, 0.099, -0.032, -1.176, -0.208]
[INFO] [1779938695.122863973] [motoros2_mock]: QueueTrajPoint #1000 → forwarded to JTC. joints=[1.754, 0.107, -0.716, -0.039, -0.821, -0.184]
[INFO] [1779938698.453715735] [motoros2_mock]: QueueTrajPoint #1050 → forwarded to JTC. joints=[1.697, 0.172, -0.793, -0.039, -0.680, -0.124]
[INFO] [1779938701.788220885] [motoros2_mock]: QueueTrajPoint #1100 → forwarded to JTC. joints=[1.708, 0.151, -0.578, -0.032, -0.915, -0.145]
[INFO] [1779938705.122650043] [motoros2_mock]: QueueTrajPoint #1150 → forwarded to JTC. joints=[1.774, 0.689, 0.356, -0.031, -1.310, -0.223]
[INFO] [1779938708.453873268] [motoros2_mock]: QueueTrajPoint #1200 → forwarded to JTC. joints=[1.754, 0.735, 0.230, -0.032, -1.138, -0.198]
[INFO] [1779938711.788192788] [motoros2_mock]: QueueTrajPoint #1250 → forwarded to JTC. joints=[1.732, 0.632, 0.173, -0.029, -1.184, -0.178]
[INFO] [1779938715.122494800] [motoros2_mock]: QueueTrajPoint #1300 → forwarded to JTC. joints=[1.806, 0.092, -0.608, -0.040, -0.942, -0.240]
[INFO] [1779938718.452414787] [motoros2_mock]: QueueTrajPoint #1350 → forwarded to JTC. joints=[1.717, 0.212, -0.832, -0.046, -0.600, -0.136]
[INFO] [1779938721.787998928] [motoros2_mock]: QueueTrajPoint #1400 → forwarded to JTC. joints=[1.709, 0.219, -0.804, -0.044, -0.621, -0.131]
[INFO] [1779938725.121398400] [motoros2_mock]: QueueTrajPoint #1450 → forwarded to JTC. joints=[1.714, 0.233, -0.383, -0.030, -1.028, -0.156]
[INFO] [1779938728.452651577] [motoros2_mock]: QueueTrajPoint #1500 → forwarded to JTC. joints=[1.782, 0.716, 0.356, -0.032, -1.282, -0.230]
[INFO] [1779938731.788635777] [motoros2_mock]: QueueTrajPoint #1550 → forwarded to JTC. joints=[1.763, 0.640, 0.334, -0.030, -1.337, -0.213]
[INFO] [1779938735.124661708] [motoros2_mock]: QueueTrajPoint #1600 → forwarded to JTC. joints=[1.516, 0.116, -0.616, -0.014, -0.916, 0.035]
[INFO] [1779938738.453191165] [motoros2_mock]: QueueTrajPoint #1650 → forwarded to JTC. joints=[1.528, 0.141, -0.746, -0.017, -0.761, 0.027]
[INFO] [1779938741.787786241] [motoros2_mock]: QueueTrajPoint #1700 → forwarded to JTC. joints=[1.745, 0.526, 0.103, -0.030, -1.221, -0.192]
[INFO] [1779938745.122604438] [motoros2_mock]: QueueTrajPoint #1750 → forwarded to JTC. joints=[1.789, 0.610, 0.175, -0.034, -1.206, -0.235]
[INFO] [1779938748.454310140] [motoros2_mock]: QueueTrajPoint #1800 → forwarded to JTC. joints=[1.812, 0.096, -0.666, -0.043, -0.879, -0.242]
[INFO] [1779938751.788149596] [motoros2_mock]: QueueTrajPoint #1850 → forwarded to JTC. joints=[1.787, 0.160, -0.848, -0.053, -0.635, -0.202]
[INFO] [1779938755.120918204] [motoros2_mock]: QueueTrajPoint #1900 → forwarded to JTC. joints=[2.035, 0.390, -0.491, -0.070, -0.753, -0.441]
[INFO] [1779938766.694037346] [motoros2_mock]: MotoROS2 Mock Node shutdown.
