[INFO] [1781245735.586271690] [experiment_logger]: ✓ STARTED in-memory logging. Target file: /home/duy/cocarry_ws/cocarry_logs/experiment_GROUND_TRUTH_20260612_132855.csv
[INFO] [1781245735.593816799] [experiment_logger]: Logger ready.
[INFO] [1781245836.510679759] [experiment_logger]: Service called: /logger/toggle with data=True
[INFO] [1781245858.131093269] [experiment_logger]: Service called: /logger/toggle with data=False
[INFO] [1781245858.131455613] [experiment_logger]: Writing 3372 rows from memory to /home/duy/cocarry_ws/cocarry_logs/experiment_GROUND_TRUTH_20260612_132855.csv...
[INFO] [1781245858.144179627] [experiment_logger]: ✓ Successfully wrote logs to disk.
[INFO] [1781245858.145627658] [experiment_logger]: Stopped logging. Saved 3372 rows to /home/duy/cocarry_ws/cocarry_logs/experiment_GROUND_TRUTH_20260612_132855.csv
[INFO] [1781245858.168225662] [experiment_logger]: 
============================================================
EXPERIMENT METRICS
  File: experiment_GROUND_TRUTH_20260612_132855.csv
  Total samples: 2874
  Task completion time: 122.58 s
  Mode: GROUND TRUTH (no prediction metrics)
  --- Trajectory Smoothness (Robot EE) ---
  Mean Jerk (3D): 27.9617 m/s³
      Jerk X: 7.9426 m/s³
      Jerk Y: 25.9770 m/s³
      Jerk Z: 2.8974 m/s³
  Max Jerk (3D): 204.9035 m/s³
  RMS Jerk (3D): 49.2403 m/s³
============================================================
[INFO] [1781245877.378777250] [experiment_logger]: Service called: /logger/toggle with data=False
[INFO] [1781245893.725581302] [experiment_logger]: Service called: /logger/toggle with data=False
[INFO] [1781245913.009281452] [experiment_logger]: Service called: /logger/toggle with data=False
[INFO] [1781245921.763016149] [experiment_logger]: Service called: /logger/toggle with data=True
[INFO] [1781245921.763582120] [experiment_logger]: ✓ STARTED in-memory logging. Target file: /home/duy/cocarry_ws/cocarry_logs/experiment_GROUND_TRUTH_20260612_133201.csv
[INFO] [1781245930.214843507] [experiment_logger]: Service called: /logger/toggle with data=False
[INFO] [1781245930.215380775] [experiment_logger]: Writing 252 rows from memory to /home/duy/cocarry_ws/cocarry_logs/experiment_GROUND_TRUTH_20260612_133201.csv...
[INFO] [1781245930.217580995] [experiment_logger]: ✓ Successfully wrote logs to disk.
[INFO] [1781245930.218173020] [experiment_logger]: Stopped logging. Saved 252 rows to /home/duy/cocarry_ws/cocarry_logs/experiment_GROUND_TRUTH_20260612_133201.csv
[INFO] [1781245930.220991569] [experiment_logger]: 
============================================================
EXPERIMENT METRICS
  File: experiment_GROUND_TRUTH_20260612_133201.csv
  Total samples: 252
  Task completion time: 8.45 s
  Mode: GROUND TRUTH (no prediction metrics)
  --- Trajectory Smoothness (Robot EE) ---
  Mean Jerk (3D): 15.5651 m/s³
      Jerk X: 3.7733 m/s³
      Jerk Y: 13.9752 m/s³
      Jerk Z: 2.9232 m/s³
  Max Jerk (3D): 79.4388 m/s³
  RMS Jerk (3D): 25.6426 m/s³
============================================================
