[INFO] [1779686016.328203415] [coord_transform]: CoordTransformNode khởi động.
  Object offset (cam frame): [0.05 0.   0.1 ]
  Translation cam→base:      [0.5 0.  1.2]
  EE orientation (xyzw):     [0.0, 1.0, 0.0, 0.0]
  Prediction step:           5
  Axis remap:                [0, 1, 2]
  Axis sign:                 [-1.0, 1.0, 1.0]
  Workspace X: (-1.0, 1.0), Y: (-0.5, 1.3), Z: (0.05, 1.5)
  Filter outlier_threshold:  0.15m
  Filter median_size_y:      3
  Filter deadband_tol:       25.0mm
  Filter stationary_thresh:  3 frames
  Filter max_rate:           5.0cm/frame
  Filter EMA moving(x,y,z):  (0.75,0.5,0.75)
  Filter EMA hold  (x,y,z):  (0.08,0.02,0.05)
[WARN] [1779686051.757338789] [coord_transform]: Outlier rejected #1 (jumped 177.5mm). Ignoring.
[WARN] [1779686051.824558792] [coord_transform]: Outlier rejected #2 (jumped 210.1mm). Ignoring.
[WARN] [1779686051.859769783] [coord_transform]: Outlier rejected #3 (jumped 237.7mm). Ignoring.
[WARN] [1779686051.893787975] [coord_transform]: Outlier rejected #4 (jumped 258.5mm). Ignoring.
[INFO] [1779686051.926026191] [coord_transform]: Too many outliers (5). Resetting filter to new position.
[WARN] [1779686059.441716959] [coord_transform]: Outlier rejected #1 (jumped 2210.7mm). Ignoring.
[WARN] [1779686059.471772572] [coord_transform]: Outlier rejected #2 (jumped 2203.4mm). Ignoring.
[WARN] [1779686059.508078291] [coord_transform]: Outlier rejected #3 (jumped 2203.4mm). Ignoring.
[WARN] [1779686059.543339439] [coord_transform]: Outlier rejected #4 (jumped 2187.1mm). Ignoring.
[INFO] [1779686059.586940807] [coord_transform]: Too many outliers (5). Resetting filter to new position.
[INFO] [1779686066.877807710] [coord_transform]: Captured Init Pose! P_init=(-0.164, 0.263, 0.395), Cam_init=(0.000, 0.006, 0.009), Noise_Tol=50.9mm
Orientation=(0.717, 0.696, -0.032, 0.022)
[INFO] [1779686066.908514667] [coord_transform]: Deadband: RELEASE — motion detected
[INFO] [1779686067.039665940] [coord_transform]: Deadband: HOLD at (0.000, 0.006, 0.009)
[INFO] [1779686068.940805457] [coord_transform]: Deadband: RELEASE — motion detected
[INFO] [1779686069.102021587] [coord_transform]: Deadband: HOLD at (0.000, 0.006, 0.009)
[INFO] [1779686071.009725240] [coord_transform]: Deadband: RELEASE — motion detected
[INFO] [1779686071.102571603] [coord_transform]: Deadband: HOLD at (0.000, 0.006, 0.009)
[INFO] [1779686073.071647998] [coord_transform]: Deadband: RELEASE — motion detected
[INFO] [1779686073.116926983] [coord_transform]: Deadband: HOLD at (0.000, 0.006, 0.009)
[INFO] [1779686075.072198569] [coord_transform]: Deadband: RELEASE — motion detected
[INFO] [1779686075.193978000] [coord_transform]: Deadband: HOLD at (0.000, 0.006, 0.009)
[INFO] [1779686077.076311248] [coord_transform]: Deadband: RELEASE — motion detected
[INFO] [1779686077.254694768] [coord_transform]: Deadband: HOLD at (0.000, 0.006, 0.009)
[INFO] [1779686079.146659489] [coord_transform]: Deadband: RELEASE — motion detected
[INFO] [1779686079.307760061] [coord_transform]: Re-sync camera init: [0.045 0.022 0.019]
[INFO] [1779686079.308013492] [coord_transform]: Trạng thái tracking: RUNNING
[INFO] [1779686079.317778158] [coord_transform]: [GROUND_TRUTH] Transform: cam[0.047 0.025 0.02 ] → base[-0.166  0.267  0.396]
[INFO] [1779686079.471778820] [coord_transform]: Deadband: HOLD at (0.045, 0.022, 0.019)
[INFO] [1779686081.333317413] [coord_transform]: [GROUND_TRUTH] Transform: cam[0.034 0.064 0.097] → base[-0.153  0.305  0.473]
[INFO] [1779686083.368912346] [coord_transform]: [GROUND_TRUTH] Transform: cam[-0.037  0.311  0.292] → base[-0.081  0.552  0.668]
[INFO] [1779686085.373282948] [coord_transform]: [GROUND_TRUTH] Transform: cam[-0.134  0.616  0.353] → base[0.016 0.858 0.728]
[INFO] [1779686087.428182652] [coord_transform]: [GROUND_TRUTH] Transform: cam[-0.148  0.722  0.118] → base[0.029 0.963 0.494]
[INFO] [1779686089.451546774] [coord_transform]: [GROUND_TRUTH] Transform: cam[-0.109  0.627 -0.054] → base[-0.01   0.868  0.321]
[INFO] [1779686091.516476123] [coord_transform]: [GROUND_TRUTH] Transform: cam[-0.146  0.647  0.057] → base[0.027 0.888 0.432]
[INFO] [1779686093.533005941] [coord_transform]: [GROUND_TRUTH] Transform: cam[-0.139  0.544  0.326] → base[0.021 0.785 0.701]
[INFO] [1779686095.578798609] [coord_transform]: [GROUND_TRUTH] Transform: cam[-0.117  0.262  0.374] → base[-0.002  0.503  0.749]
[INFO] [1779686097.651388709] [coord_transform]: [GROUND_TRUTH] Transform: cam[-0.087  0.143  0.289] → base[-0.031  0.384  0.664]
[INFO] [1779686099.042568766] [coord_transform]: Trạng thái tracking: STOPPED
[WARN] [1779686105.532634787] [coord_transform]: Outlier rejected #1 (jumped 153.2mm). Ignoring.
[WARN] [1779686105.562441082] [coord_transform]: Outlier rejected #2 (jumped 163.7mm). Ignoring.
[WARN] [1779686105.596321816] [coord_transform]: Outlier rejected #3 (jumped 175.5mm). Ignoring.
[WARN] [1779686105.630083799] [coord_transform]: Outlier rejected #4 (jumped 175.5mm). Ignoring.
[INFO] [1779686105.663933459] [coord_transform]: Too many outliers (5). Resetting filter to new position.
[WARN] [1779686110.912131202] [coord_transform]: Outlier rejected #1 (jumped 1645.5mm). Ignoring.
[WARN] [1779686110.985123502] [coord_transform]: Outlier rejected #2 (jumped 1628.1mm). Ignoring.
[WARN] [1779686111.138736920] [coord_transform]: Outlier rejected #3 (jumped 1627.2mm). Ignoring.
[WARN] [1779686111.379475148] [coord_transform]: Outlier rejected #4 (jumped 1623.8mm). Ignoring.
[INFO] [1779686111.454361528] [coord_transform]: Too many outliers (5). Resetting filter to new position.
[INFO] [1779686137.840232932] [coord_transform]: Trạng thái tracking: STOPPED
[WARN] [1779686140.635348973] [coord_transform]: Outlier rejected #1 (jumped 2257.6mm). Ignoring.
[WARN] [1779686140.663467613] [coord_transform]: Outlier rejected #2 (jumped 2232.4mm). Ignoring.
[WARN] [1779686140.698218066] [coord_transform]: Outlier rejected #3 (jumped 2207.4mm). Ignoring.
[WARN] [1779686141.519316068] [coord_transform]: Outlier rejected #4 (jumped 1682.6mm). Ignoring.
[INFO] [1779686141.557358968] [coord_transform]: Too many outliers (5). Resetting filter to new position.
[WARN] [1779686144.588723769] [coord_transform]: Outlier rejected #1 (jumped 213.6mm). Ignoring.
[WARN] [1779686144.657297335] [coord_transform]: Outlier rejected #2 (jumped 202.5mm). Ignoring.
[WARN] [1779686144.689404612] [coord_transform]: Outlier rejected #3 (jumped 206.9mm). Ignoring.
[WARN] [1779686144.724601391] [coord_transform]: Outlier rejected #4 (jumped 194.9mm). Ignoring.
[INFO] [1779686151.511079176] [coord_transform]: Too many outliers (5). Resetting filter to new position.
[WARN] [1779686159.122231640] [coord_transform]: Outlier rejected #1 (jumped 170.5mm). Ignoring.
[WARN] [1779686161.050268687] [coord_transform]: Outlier rejected #1 (jumped 372.4mm). Ignoring.
[WARN] [1779686161.182801002] [coord_transform]: Outlier rejected #2 (jumped 419.4mm). Ignoring.
[WARN] [1779686161.208805675] [coord_transform]: Outlier rejected #3 (jumped 426.7mm). Ignoring.
[WARN] [1779686161.237741636] [coord_transform]: Outlier rejected #4 (jumped 438.5mm). Ignoring.
[INFO] [1779686161.277585977] [coord_transform]: Too many outliers (5). Resetting filter to new position.
[WARN] [1779686161.369132021] [coord_transform]: Outlier rejected #1 (jumped 610.9mm). Ignoring.
[WARN] [1779686161.436624810] [coord_transform]: Outlier rejected #1 (jumped 618.4mm). Ignoring.
[WARN] [1779686161.468270720] [coord_transform]: Outlier rejected #2 (jumped 615.4mm). Ignoring.
[WARN] [1779686162.377729501] [coord_transform]: Outlier rejected #1 (jumped 575.4mm). Ignoring.
[WARN] [1779686162.409226927] [coord_transform]: Outlier rejected #2 (jumped 617.1mm). Ignoring.
[WARN] [1779686162.439893554] [coord_transform]: Outlier rejected #3 (jumped 670.6mm). Ignoring.
