[INFO] [1780543073.793110759] [experiment_logger]: ✓ STARTED in-memory logging. Target file: /home/duy/cocarry_ws/cocarry_logs/experiment_GROUND_TRUTH_20260604_101753.csv
[INFO] [1780543073.799944894] [experiment_logger]: Logger ready.
[INFO] [1780543138.943366770] [experiment_logger]: Service called: /logger/toggle with data=True
[INFO] [1780543299.523680035] [experiment_logger]: Service called: /logger/toggle with data=False
[INFO] [1780543299.524005506] [experiment_logger]: Writing 6238 rows from memory to /home/duy/cocarry_ws/cocarry_logs/experiment_GROUND_TRUTH_20260604_101753.csv...
[INFO] [1780543299.549427882] [experiment_logger]: ✓ Successfully wrote logs to disk.
[INFO] [1780543299.556201669] [experiment_logger]: Stopped logging. Saved 6238 rows to /home/duy/cocarry_ws/cocarry_logs/experiment_GROUND_TRUTH_20260604_101753.csv
[INFO] [1780543299.608264980] [experiment_logger]: 
============================================================
EXPERIMENT METRICS
  File: experiment_GROUND_TRUTH_20260604_101753.csv
  Total samples: 6238
  Task completion time: 225.75 s
  Mode: GROUND TRUTH (no prediction metrics)
  --- Trajectory Smoothness (Robot EE) ---
  Mean Jerk (3D): 11.4928 m/s³
      Jerk X: 2.4778 m/s³
      Jerk Y: 8.2243 m/s³
      Jerk Z: 4.6990 m/s³
  Max Jerk (3D): 206.4278 m/s³
  RMS Jerk (3D): 20.3780 m/s³
============================================================
