[INFO] [1781249865.739701619] [cartesian_streamer]: CartesianStreamer khởi động (chờ Enable Robot từ UI).
  Stream rate:       15 Hz (period=66.7ms)
  Queue dt:          0.067 s
  Prebuffer points:  3
  Retry backoff:     66.0 ms
  Gửi PoseStamped lên: /cartesian_streamer/target_pose
  Gửi XYZ lên:        /cartesian_streamer/target_xyz
  Nhận EE pose tại:   /cartesian_streamer/current_pose
[INFO] [1781249865.743962558] [cartesian_streamer]: Nhận joint_states: ['1.571', '0.124', '-1.049', '0.000', '-0.398', '-1.444']
[WARN] [1781249867.221458095] [cartesian_streamer]: Không thể cross-validate FK (local hoặc MoveIt! FK thất bại). Local IK vẫn hoạt động nhưng CHƯA ĐƯỢC VALIDATE.
[INFO] [1781249867.222567293] [cartesian_streamer]: Đã nhận joint_states. EE hiện tại: (-0.1620, 0.2800, 0.3785). IK mode: Local DLS. Chờ Enable Robot từ UI...
[INFO] [1781249919.648800164] [cartesian_streamer]: Enable Robot: bắt đầu chuỗi khởi động...
[INFO] [1781249919.649317486] [cartesian_streamer]: Enable: reset_error...
[INFO] [1781249919.667099441] [cartesian_streamer]: reset_error: code=1, msg="success"
[INFO] [1781249919.667357664] [cartesian_streamer]: Enable: stop_traj_mode (giải phóng mode cũ)...
[INFO] [1781249919.724244926] [cartesian_streamer]: stop_traj_mode: success=True, code=N/A, msg=""
[INFO] [1781249919.724762076] [cartesian_streamer]: Enable: chờ 1.5s để hệ thống ổn định trước khi start queue...
[INFO] [1781249921.225992381] [cartesian_streamer]: Enable: StartPointQueueMode...
[INFO] [1781249925.474813660] [cartesian_streamer]: StartPointQueueMode response: code=1, msg=""
[INFO] [1781249925.475102958] [cartesian_streamer]: ✓ Robot ENABLED — Point Queue Mode active. Servo ON!
[INFO] [1781249925.519772608] [cartesian_streamer]: Runtime rate: state=seeding, tick_hz=0.0, queue_send_hz=0.0, ack_hz=0.0, busy_hz=0.0, retry_count=0, reject_count=0, inter_ack_ms=0.0, max_joint_delta=0.000, cumul_time=0.00s, hold_count=0, ik_mode=Local, ik_avg_ms=0.00, ik_fails=0
[INFO] [1781249925.520800561] [cartesian_streamer]: Bootstrap EE pose via FK: (-0.1620, 0.2800, 0.3785)
[INFO] [1781249925.521361396] [cartesian_streamer]: Đang stream qua service: /queue_traj_point
[INFO] [1781249925.522139519] [cartesian_streamer]: Đã gửi seed point (current joints, t=0), chờ ACK...
[INFO] [1781249925.540611234] [cartesian_streamer]: Seed ACK nhận được, bắt đầu prebuffer.
[INFO] [1781249925.540908647] [cartesian_streamer]: Queue accepted sample#1: svc=/queue_traj_point, t_cumul=0.0000s, code=1, msg="", hold=False
[INFO] [1781249925.599728538] [cartesian_streamer]: Queue accepted sample#2: svc=/queue_traj_point, t_cumul=0.0646s, code=1, msg="", hold=True
[INFO] [1781249925.671261851] [cartesian_streamer]: Queue accepted sample#3: svc=/queue_traj_point, t_cumul=0.1310s, code=1, msg="", hold=True
[INFO] [1781249925.727275871] [cartesian_streamer]: Pre-buffer hoàn tất (3 points), bắt đầu stream ổn định. Đang chờ target...
[INFO] [1781249925.727960076] [cartesian_streamer]: Queue accepted sample#4: svc=/queue_traj_point, t_cumul=0.1983s, code=1, msg="", hold=True
[INFO] [1781249925.791383314] [cartesian_streamer]: Queue accepted sample#5: svc=/queue_traj_point, t_cumul=0.2643s, code=1, msg="", hold=True
[INFO] [1781249927.970887679] [cartesian_streamer]: QueueTrajPoint accepted #20: t=2.197s, hold=True
[WARN] [1781249929.261367509] [cartesian_streamer]: Queue BUSY, sẽ resend (backoff 66ms): msg="Busy processing the previous trajectory point. Please resend the next point shortly"
[INFO] [1781249930.520520436] [cartesian_streamer]: Runtime rate: state=streaming, tick_hz=15.0, queue_send_hz=7.2, ack_hz=7.0, busy_hz=0.2, retry_count=1, reject_count=0, inter_ack_ms=144.9, max_joint_delta=0.000, cumul_time=4.26s, hold_count=34, ik_mode=Local, ik_avg_ms=0.00, ik_fails=0
[INFO] [1781249931.237770416] [cartesian_streamer]: QueueTrajPoint accepted #40: t=4.931s, hold=True
[WARN] [1781249933.520118222] [cartesian_streamer]: Service call timeout (500ms). Resetting inflight flag.
[WARN] [1781249934.053569699] [cartesian_streamer]: Service call timeout (500ms). Resetting inflight flag.
[WARN] [1781249934.586851168] [cartesian_streamer]: Service call timeout (500ms). Resetting inflight flag.
[WARN] [1781249935.120329851] [cartesian_streamer]: Service call timeout (500ms). Resetting inflight flag.
[WARN] [1781249935.184043843] [cartesian_streamer]: Queue BUSY, sẽ resend (backoff 66ms): msg="Busy processing the previous trajectory point. Please resend the next point shortly"
[INFO] [1781249935.538001739] [cartesian_streamer]: QueueTrajPoint accepted #60: t=7.596s, hold=True
[INFO] [1781249935.586263234] [cartesian_streamer]: Runtime rate: state=streaming, tick_hz=15.0, queue_send_hz=5.1, ack_hz=4.9, busy_hz=0.2, retry_count=1, reject_count=0, inter_ack_ms=202.8, max_joint_delta=0.000, cumul_time=7.60s, hold_count=60, ik_mode=Local, ik_avg_ms=0.00, ik_fails=0
[INFO] [1781249937.466775079] [cartesian_streamer]: QueueTrajPoint accepted #80: t=9.463s, hold=True
[WARN] [1781249939.586822615] [cartesian_streamer]: Service call timeout (500ms). Resetting inflight flag.
[WARN] [1781249940.119713756] [cartesian_streamer]: Service call timeout (500ms). Resetting inflight flag.
[INFO] [1781249940.586285553] [cartesian_streamer]: Runtime rate: state=streaming, tick_hz=15.0, queue_send_hz=7.6, ack_hz=7.0, busy_hz=0.0, retry_count=0, reject_count=0, inter_ack_ms=99.3, max_joint_delta=0.000, cumul_time=11.46s, hold_count=98, ik_mode=Local, ik_avg_ms=0.00, ik_fails=0
[WARN] [1781249940.653787404] [cartesian_streamer]: Service call timeout (500ms). Resetting inflight flag.
[WARN] [1781249941.186625954] [cartesian_streamer]: Service call timeout (500ms). Resetting inflight flag.
[WARN] [1781249941.719787845] [cartesian_streamer]: Service call timeout (500ms). Resetting inflight flag.
[WARN] [1781249942.189848088] [cartesian_streamer]: Queue BUSY, sẽ resend (backoff 66ms): msg="Busy processing the previous trajectory point. Please resend the next point shortly"
[INFO] [1781249942.399947448] [cartesian_streamer]: QueueTrajPoint accepted #100: t=12.263s, hold=True
[WARN] [1781249944.724826419] [cartesian_streamer]: Queue BUSY, sẽ resend (backoff 66ms): msg="Busy processing the previous trajectory point. Please resend the next point shortly"
[INFO] [1781249945.307672776] [cartesian_streamer]: QueueTrajPoint accepted #120: t=14.396s, hold=True
[INFO] [1781249945.653051195] [cartesian_streamer]: Runtime rate: state=streaming, tick_hz=15.0, queue_send_hz=6.1, ack_hz=5.7, busy_hz=0.8, retry_count=4, reject_count=0, inter_ack_ms=227.3, max_joint_delta=0.000, cumul_time=14.80s, hold_count=126, ik_mode=Local, ik_avg_ms=0.00, ik_fails=0
[INFO] [1781249947.392632932] [cartesian_streamer]: QueueTrajPoint accepted #140: t=16.396s, hold=True
[INFO] [1781249950.437044240] [cartesian_streamer]: QueueTrajPoint accepted #160: t=18.997s, hold=True
[INFO] [1781249950.720257515] [cartesian_streamer]: Runtime rate: state=streaming, tick_hz=15.0, queue_send_hz=7.7, ack_hz=7.5, busy_hz=0.0, retry_count=0, reject_count=0, inter_ack_ms=131.7, max_joint_delta=0.000, cumul_time=19.33s, hold_count=165, ik_mode=Local, ik_avg_ms=0.00, ik_fails=0
[INFO] [1781249952.996017807] [cartesian_streamer]: QueueTrajPoint accepted #180: t=21.463s, hold=True
[INFO] [1781249955.453181666] [cartesian_streamer]: QueueTrajPoint accepted #200: t=23.530s, hold=True
[INFO] [1781249955.786519452] [cartesian_streamer]: Runtime rate: state=streaming, tick_hz=15.0, queue_send_hz=8.1, ack_hz=8.1, busy_hz=0.0, retry_count=0, reject_count=0, inter_ack_ms=123.4, max_joint_delta=0.000, cumul_time=23.93s, hold_count=206, ik_mode=Local, ik_avg_ms=0.00, ik_fails=0
[WARN] [1781249957.987125255] [cartesian_streamer]: Service call timeout (500ms). Resetting inflight flag.
[WARN] [1781249958.520143363] [cartesian_streamer]: Service call timeout (500ms). Resetting inflight flag.
[WARN] [1781249959.053309136] [cartesian_streamer]: Service call timeout (500ms). Resetting inflight flag.
[WARN] [1781249959.586697595] [cartesian_streamer]: Service call timeout (500ms). Resetting inflight flag.
[WARN] [1781249960.120339364] [cartesian_streamer]: Service call timeout (500ms). Resetting inflight flag.
[WARN] [1781249960.513559008] [cartesian_streamer]: ⚠ Queue mode bị drop! Auto-recovery lần 1/3...
[INFO] [1781249960.924247117] [cartesian_streamer]: Disable Robot: dừng stream, tắt traj mode...
[INFO] [1781249960.925415729] [cartesian_streamer]: ✗ Robot DISABLED.
[INFO] [1781249961.014497184] [cartesian_streamer]: Auto-recovery: bắt đầu re-enable queue mode...
[INFO] [1781249961.015040057] [cartesian_streamer]: Enable: reset_error...
[INFO] [1781249961.547808016] [cartesian_streamer]: reset_error: code=105, msg="Pendant is not in REMOTE mode"
[INFO] [1781249961.548329891] [cartesian_streamer]: Enable: stop_traj_mode (giải phóng mode cũ)...
[INFO] [1781249961.603559186] [cartesian_streamer]: stop_traj_mode: success=True, code=N/A, msg=""
[INFO] [1781249961.604089963] [cartesian_streamer]: Enable: chờ 1.5s để hệ thống ổn định trước khi start queue...
[INFO] [1781249963.105007783] [cartesian_streamer]: Enable: StartPointQueueMode...
[INFO] [1781249963.131473528] [cartesian_streamer]: StartPointQueueMode response: code=104, msg="The teach pendant must not be in TEACH mode"
[ERROR] [1781249963.132038822] [cartesian_streamer]: StartPointQueueMode FAILED: The teach pendant must not be in TEACH mode
[INFO] [1781249980.518726394] [cartesian_streamer]: Graceful shutdown: tắt Point Queue Mode trước khi thoát...
[INFO] [1781249980.519452845] [cartesian_streamer]: Robot chưa enable, không cần stop_traj_mode.
[INFO] [1781249980.520202127] [cartesian_streamer]: Shutdown hoàn tất. Tủ điện sẽ KHÔNG bị alarm.
