[INFO] [1781085856.608799657] [experiment_logger]: ✓ STARTED in-memory logging. Target file: /home/duy/cocarry_ws/cocarry_logs/experiment_GROUND_TRUTH_20260610_170416.csv
[INFO] [1781085856.645567860] [experiment_logger]: Logger ready.
[INFO] [1781085896.917415094] [experiment_logger]: Writing 415 rows from memory to /home/duy/cocarry_ws/cocarry_logs/experiment_GROUND_TRUTH_20260610_170416.csv...
[INFO] [1781085896.923410606] [experiment_logger]: ✓ Successfully wrote logs to disk.
[INFO] [1781085896.924401101] [experiment_logger]: Stopped logging. Saved 415 rows to /home/duy/cocarry_ws/cocarry_logs/experiment_GROUND_TRUTH_20260610_170416.csv
[INFO] [1781085896.933108675] [experiment_logger]: 
============================================================
EXPERIMENT METRICS
  File: experiment_GROUND_TRUTH_20260610_170416.csv
  Total samples: 415
  Task completion time: 40.34 s
  Mode: GROUND TRUTH (no prediction metrics)
  --- Trajectory Smoothness (Robot EE) ---
  Mean Jerk (3D): 403.2507 m/s³
      Jerk X: 134.6766 m/s³
      Jerk Y: 368.2796 m/s³
      Jerk Z: 50.0529 m/s³
  Max Jerk (3D): 5249.3416 m/s³
  RMS Jerk (3D): 951.1670 m/s³
============================================================
