[INFO] [1781249865.529379184] [experiment_logger]: ✓ STARTED in-memory logging. Target file: /home/duy/cocarry_ws/cocarry_logs/experiment_GROUND_TRUTH_20260612_143745.csv
[INFO] [1781249865.540277051] [experiment_logger]: Logger ready.
[INFO] [1781249933.019161182] [experiment_logger]: Service called: /logger/toggle with data=True
[INFO] [1781249960.922753103] [experiment_logger]: Service called: /logger/toggle with data=False
[INFO] [1781249960.923024473] [experiment_logger]: Writing 1748 rows from memory to /home/duy/cocarry_ws/cocarry_logs/experiment_GROUND_TRUTH_20260612_143745.csv...
[INFO] [1781249960.930722555] [experiment_logger]: ✓ Successfully wrote logs to disk.
[INFO] [1781249960.931544758] [experiment_logger]: Stopped logging. Saved 1748 rows to /home/duy/cocarry_ws/cocarry_logs/experiment_GROUND_TRUTH_20260612_143745.csv
[INFO] [1781249960.941621533] [experiment_logger]: 
============================================================
EXPERIMENT METRICS
  File: experiment_GROUND_TRUTH_20260612_143745.csv
  Total samples: 1748
  Task completion time: 95.42 s
  Mode: GROUND TRUTH (no prediction metrics)
  --- Trajectory Smoothness (Robot EE) ---
  Mean Jerk (3D): 0.0000 m/s³
      Jerk X: 0.0000 m/s³
      Jerk Y: 0.0000 m/s³
      Jerk Z: 0.0000 m/s³
  Max Jerk (3D): 0.0000 m/s³
  RMS Jerk (3D): 0.0000 m/s³
============================================================
