[INFO] [1779936339.445414556] [coord_transform]: CoordTransformNode khởi động.
  Object offset (cam frame): [0.05 0.   0.1 ]
  Translation cam→base:      [0.5 0.  1.2]
  EE orientation (xyzw):     [0.0, 1.0, 0.0, 0.0]
  Prediction step:           5
  Axis remap:                [0, 1, 2]
  Axis sign:                 [-1.0, 1.0, 1.0]
  Workspace X: (-1.0, 1.0), Y: (-0.5, 1.3), Z: (0.05, 1.5)
  Filter outlier_threshold:  0.15m
  Filter median_size_y:      5
  Filter deadband_tol:       35.0mm
  Filter stationary_thresh:  3 frames
  Filter max_rate:           5.0cm/frame
  Filter EMA moving(x,y,z):  (0.75,0.5,0.75)
  Filter EMA hold  (x,y,z):  (0.08,0.02,0.05)
[WARN] [1779936362.038058827] [coord_transform]: Outlier rejected #1 (jumped 1945.9mm). Ignoring.
[WARN] [1779936362.081266969] [coord_transform]: Outlier rejected #2 (jumped 1945.8mm). Ignoring.
[WARN] [1779936362.114241334] [coord_transform]: Outlier rejected #3 (jumped 1939.7mm). Ignoring.
[WARN] [1779936362.144794970] [coord_transform]: Outlier rejected #4 (jumped 1939.7mm). Ignoring.
[INFO] [1779936362.176368448] [coord_transform]: Too many outliers (5). Resetting filter to new position.
[INFO] [1779936365.366875859] [coord_transform]: Captured Init Pose! P_init=(-0.164, 0.263, 0.395), Cam_init=(-0.003, -0.006, -0.000), Noise_Tol=16.1mm
Orientation=(0.717, 0.696, -0.032, 0.022)
[INFO] [1779936365.371889746] [coord_transform]: Deadband: RELEASE — motion detected
[INFO] [1779936365.516393164] [coord_transform]: Deadband: HOLD at (-0.003, -0.006, -0.000)
[INFO] [1779936368.198233592] [coord_transform]: Đã chuyển mode: ground_truth -> prediction
[INFO] [1779936368.356501889] [coord_transform]: Deadband: HOLD at (-0.003, -0.006, -0.000)
[INFO] [1779936374.226553256] [coord_transform]: Deadband: RELEASE — motion detected
[INFO] [1779936404.990548141] [coord_transform]: Re-sync camera init: [ 0.108 -0.    -0.003]
[INFO] [1779936404.990817495] [coord_transform]: Trạng thái tracking: RUNNING
[INFO] [1779936404.995208336] [coord_transform]: Deadband: RELEASE — motion detected
[INFO] [1779936405.002617418] [coord_transform]: [PREDICTION] Transform: cam[0.114 0.012 0.004] → base[-0.17   0.275  0.402]
[INFO] [1779936405.125297161] [coord_transform]: Deadband: HOLD at (0.108, -0.000, -0.003)
[INFO] [1779936405.131926164] [coord_transform]: [SNAP ON] Tay đứng yên, GRU lệch 2.3cm (< 10cm). Snap prediction về actual hand.
[INFO] [1779936405.709433549] [coord_transform]: [SNAP OFF] Tay di chuyển lại. Thả snap.
[INFO] [1779936407.021997500] [coord_transform]: [PREDICTION] Transform: cam[0.121 0.069 0.048] → base[-0.177  0.332  0.446]
[INFO] [1779936409.038779949] [coord_transform]: [PREDICTION] Transform: cam[0.167 0.239 0.134] → base[-0.223  0.502  0.532]
[WARN] [1779936409.068892943] [coord_transform]: Outlier rejected #1 (jumped 291.0mm). Ignoring.
[INFO] [1779936411.044257010] [coord_transform]: [PREDICTION] Transform: cam[0.205 0.455 0.185] → base[-0.261  0.718  0.583]
[INFO] [1779936413.049843017] [coord_transform]: [PREDICTION] Transform: cam[0.207 0.618 0.052] → base[-0.263  0.881  0.45 ]
[INFO] [1779936415.063799317] [coord_transform]: [PREDICTION] Transform: cam[0.207 0.58  0.069] → base[-0.263  0.843  0.467]
[INFO] [1779936417.074684522] [coord_transform]: [PREDICTION] Transform: cam[0.212 0.587 0.069] → base[-0.268  0.85   0.467]
[INFO] [1779936419.101382378] [coord_transform]: [PREDICTION] Transform: cam[0.217 0.591 0.072] → base[-0.273  0.854  0.47 ]
[INFO] [1779936421.112494615] [coord_transform]: [PREDICTION] Transform: cam[0.207 0.545 0.073] → base[-0.263  0.808  0.471]
[INFO] [1779936423.172873400] [coord_transform]: [PREDICTION] Transform: cam[0.227 0.575 0.077] → base[-0.283  0.838  0.475]
[INFO] [1779936425.336614271] [coord_transform]: [PREDICTION] Transform: cam[0.219 0.582 0.079] → base[-0.275  0.845  0.477]
[INFO] [1779936427.345640190] [coord_transform]: [PREDICTION] Transform: cam[0.196 0.419 0.085] → base[-0.252  0.682  0.483]
[INFO] [1779936429.352127019] [coord_transform]: [PREDICTION] Transform: cam[0.202 0.406 0.083] → base[-0.258  0.669  0.481]
[INFO] [1779936431.434453066] [coord_transform]: [PREDICTION] Transform: cam[0.21  0.387 0.091] → base[-0.266  0.65   0.489]
[INFO] [1779936433.457447851] [coord_transform]: [PREDICTION] Transform: cam[0.213 0.389 0.091] → base[-0.269  0.652  0.489]
[INFO] [1779936435.479741295] [coord_transform]: [PREDICTION] Transform: cam[0.21  0.396 0.11 ] → base[-0.266  0.659  0.508]
[INFO] [1779936437.486493675] [coord_transform]: [PREDICTION] Transform: cam[0.146 0.161 0.19 ] → base[-0.202  0.424  0.588]
[INFO] [1779936439.496270576] [coord_transform]: [PREDICTION] Transform: cam[0.103 0.06  0.008] → base[-0.159  0.323  0.406]
[INFO] [1779936441.555149296] [coord_transform]: [PREDICTION] Transform: cam[0.094 0.056 0.027] → base[-0.15   0.319  0.425]
[INFO] [1779936443.582711140] [coord_transform]: [PREDICTION] Transform: cam[0.126 0.316 0.195] → base[-0.182  0.579  0.593]
[INFO] [1779936445.587890517] [coord_transform]: [PREDICTION] Transform: cam[0.268 0.567 0.087] → base[-0.324  0.83   0.485]
[INFO] [1779936447.608678012] [coord_transform]: [PREDICTION] Transform: cam[0.283 0.482 0.051] → base[-0.339  0.745  0.448]
[INFO] [1779936449.638558014] [coord_transform]: [PREDICTION] Transform: cam[0.273 0.487 0.05 ] → base[-0.329  0.75   0.448]
[INFO] [1779936451.661538397] [coord_transform]: [PREDICTION] Transform: cam[0.212 0.251 0.19 ] → base[-0.268  0.514  0.588]
[INFO] [1779936453.681681611] [coord_transform]: [PREDICTION] Transform: cam[0.142 0.099 0.045] → base[-0.198  0.362  0.443]
[INFO] [1779936455.704064133] [coord_transform]: [PREDICTION] Transform: cam[0.127 0.097 0.011] → base[-0.183  0.36   0.409]
[INFO] [1779936457.713591385] [coord_transform]: [PREDICTION] Transform: cam[0.118 0.105 0.011] → base[-0.174  0.368  0.409]
[INFO] [1779936459.840480870] [coord_transform]: [PREDICTION] Transform: cam[0.122 0.107 0.015] → base[-0.178  0.37   0.412]
[INFO] [1779936461.850478217] [coord_transform]: [PREDICTION] Transform: cam[0.15  0.187 0.131] → base[-0.206  0.45   0.529]
[INFO] [1779936463.878647429] [coord_transform]: [PREDICTION] Transform: cam[0.289 0.537 0.174] → base[-0.345  0.8    0.572]
[INFO] [1779936466.172048030] [coord_transform]: [PREDICTION] Transform: cam[0.25  0.52  0.064] → base[-0.306  0.783  0.462]
[WARN] [1779936468.176806866] [coord_transform]: Outlier rejected #1 (jumped 495.5mm). Ignoring.
[INFO] [1779936468.183430075] [coord_transform]: [PREDICTION] Transform: cam[0.253 0.52  0.076] → base[-0.309  0.783  0.474]
[INFO] [1779936470.212195808] [coord_transform]: [PREDICTION] Transform: cam[0.232 0.198 0.228] → base[-0.288  0.461  0.626]
[INFO] [1779936472.217357270] [coord_transform]: [PREDICTION] Transform: cam[0.152 0.07  0.031] → base[-0.208  0.333  0.429]
[INFO] [1779936474.229514105] [coord_transform]: [PREDICTION] Transform: cam[0.132 0.114 0.036] → base[-0.188  0.377  0.434]
[INFO] [1779936476.251073422] [coord_transform]: [PREDICTION] Transform: cam[0.047 0.606 0.229] → base[-0.103  0.869  0.627]
[INFO] [1779936478.251513494] [coord_transform]: [PREDICTION] Transform: cam[0.025 0.572 0.148] → base[-0.081  0.835  0.546]
[INFO] [1779936480.252039857] [coord_transform]: [PREDICTION] Transform: cam[0.022 0.584 0.135] → base[-0.078  0.847  0.533]
[INFO] [1779936482.271569125] [coord_transform]: [PREDICTION] Transform: cam[0.13  0.237 0.261] → base[-0.186  0.5    0.659]
[INFO] [1779936484.283023178] [coord_transform]: [PREDICTION] Transform: cam[0.113 0.116 0.065] → base[-0.169  0.379  0.463]
[INFO] [1779936486.296965882] [coord_transform]: [PREDICTION] Transform: cam[ 0.115  0.132 -0.018] → base[-0.171  0.395  0.38 ]
[INFO] [1779936488.321217736] [coord_transform]: [PREDICTION] Transform: cam[0.11  0.088 0.137] → base[-0.166  0.351  0.535]
[INFO] [1779936490.333281246] [coord_transform]: [PREDICTION] Transform: cam[0.321 0.415 0.343] → base[-0.376  0.678  0.741]
[INFO] [1779936492.357101770] [coord_transform]: [PREDICTION] Transform: cam[0.383 0.499 0.094] → base[-0.439  0.762  0.491]
[INFO] [1779936494.359582018] [coord_transform]: [PREDICTION] Transform: cam[0.38  0.491 0.122] → base[-0.435  0.754  0.52 ]
[INFO] [1779936496.364387057] [coord_transform]: [PREDICTION] Transform: cam[0.377 0.484 0.121] → base[-0.433  0.747  0.519]
[INFO] [1779936498.379472945] [coord_transform]: [PREDICTION] Transform: cam[0.302 0.421 0.313] → base[-0.358  0.684  0.711]
[INFO] [1779936500.397948475] [coord_transform]: [PREDICTION] Transform: cam[0.156 0.105 0.182] → base[-0.212  0.368  0.58 ]
[INFO] [1779936502.450213306] [coord_transform]: [PREDICTION] Transform: cam[0.128 0.122 0.068] → base[-0.184  0.385  0.466]
[INFO] [1779936504.473921201] [coord_transform]: [PREDICTION] Transform: cam[0.122 0.123 0.13 ] → base[-0.178  0.386  0.527]
[INFO] [1779936506.477554806] [coord_transform]: [PREDICTION] Transform: cam[0.096 0.564 0.237] → base[-0.152  0.827  0.635]
[INFO] [1779936508.506302181] [coord_transform]: [PREDICTION] Transform: cam[0.043 0.342 0.156] → base[-0.099  0.605  0.554]
[INFO] [1779936510.509286965] [coord_transform]: [PREDICTION] Transform: cam[0.131 0.589 0.256] → base[-0.187  0.852  0.654]
[INFO] [1779936512.538712929] [coord_transform]: [PREDICTION] Transform: cam[0.113 0.139 0.213] → base[-0.168  0.402  0.611]
[INFO] [1779936514.542419816] [coord_transform]: [PREDICTION] Transform: cam[0.109 0.162 0.042] → base[-0.165  0.425  0.44 ]
[INFO] [1779936516.605285073] [coord_transform]: [PREDICTION] Transform: cam[0.109 0.148 0.047] → base[-0.165  0.411  0.445]
[INFO] [1779936518.609789165] [coord_transform]: [PREDICTION] Transform: cam[0.318 0.331 0.24 ] → base[-0.374  0.594  0.638]
[INFO] [1779936520.663283867] [coord_transform]: [PREDICTION] Transform: cam[0.374 0.462 0.159] → base[-0.43   0.725  0.557]
[INFO] [1779936522.691569847] [coord_transform]: [PREDICTION] Transform: cam[0.288 0.097 0.086] → base[-0.344  0.36   0.484]
[INFO] [1779936524.757261259] [coord_transform]: [PREDICTION] Transform: cam[ 0.366  0.019 -0.028] → base[-0.422  0.282  0.37 ]
[INFO] [1779936526.883731157] [coord_transform]: [PREDICTION] Transform: cam[ 0.363  0.045 -0.028] → base[-0.419  0.308  0.369]
[INFO] [1779936526.978016016] [coord_transform]: Trạng thái tracking: STOPPED
[WARN] [1779936633.539049255] [coord_transform]: Outlier rejected #1 (jumped 376.1mm). Ignoring.
[WARN] [1779936633.567676399] [coord_transform]: Outlier rejected #2 (jumped 377.6mm). Ignoring.
[WARN] [1779936633.596363219] [coord_transform]: Outlier rejected #3 (jumped 363.2mm). Ignoring.
[WARN] [1779936633.628003966] [coord_transform]: Outlier rejected #4 (jumped 377.6mm). Ignoring.
[INFO] [1779936656.790348177] [coord_transform]: Too many outliers (5). Resetting filter to new position.
[WARN] [1779936664.578920223] [coord_transform]: Outlier rejected #1 (jumped 407.3mm). Ignoring.
[WARN] [1779936664.637202074] [coord_transform]: Outlier rejected #2 (jumped 406.5mm). Ignoring.
[WARN] [1779936664.668052296] [coord_transform]: Outlier rejected #3 (jumped 338.8mm). Ignoring.
[WARN] [1779936664.702879711] [coord_transform]: Outlier rejected #4 (jumped 354.1mm). Ignoring.
[INFO] [1779936664.736773924] [coord_transform]: Too many outliers (5). Resetting filter to new position.
[WARN] [1779936665.094428230] [coord_transform]: Outlier rejected #1 (jumped 185.4mm). Ignoring.
[WARN] [1779936672.882438717] [coord_transform]: Outlier rejected #2 (jumped 1173.1mm). Ignoring.
[WARN] [1779936672.917687910] [coord_transform]: Outlier rejected #3 (jumped 1196.7mm). Ignoring.
[WARN] [1779936672.953219555] [coord_transform]: Outlier rejected #4 (jumped 1266.2mm). Ignoring.
[INFO] [1779936672.980020605] [coord_transform]: Too many outliers (5). Resetting filter to new position.
[WARN] [1779936691.556704777] [coord_transform]: Outlier rejected #1 (jumped 164.0mm). Ignoring.
[WARN] [1779936691.594150265] [coord_transform]: Outlier rejected #2 (jumped 188.2mm). Ignoring.
