[INFO] [1781259812.693967926] [predictor_ui]: [UI] Node started
[INFO] [1781259852.776963016] [predictor_ui]: [UI] Capture Init Pose thành công: Captured Init Pose! P_init=(-0.162, 0.280, 0.379), Cam_init=(0.107, -0.188, 0.050), Noise_Tol=60.0mm
Orientation=(0.998, 0.064, -0.000, 0.000)
[INFO] [1781259904.948002084] [predictor_ui]: [UI] Auto-disabled robot on Stop Run
[INFO] [1781259919.393013950] [predictor_ui]: [UI] Using standalone go_home.py script for real robot
[INFO] [1781259932.194341300] [predictor_ui]: [UI] Using standalone go_home.py script for real robot
[INFO] [1781259967.438953589] [predictor_ui]: [UI] Using standalone go_home.py script for real robot
[INFO] [1781260031.884169550] [predictor_ui]: [UI] Auto-disabled robot on Stop Run
[INFO] [1781260057.327386735] [predictor_ui]: [UI] Using standalone go_home.py script for real robot
[INFO] [1781260078.391208905] [predictor_ui]: [UI] Trajectory mode set to: prediction
[INFO] [1781260105.460907765] [predictor_ui]: [UI] Auto-disabled robot on Stop Run
[INFO] [1781260130.425934605] [predictor_ui]: [UI] Using standalone go_home.py script for real robot
[INFO] [1781260155.010803091] [predictor_ui]: [UI] Trajectory mode set to: prediction
[INFO] [1781260184.734360914] [predictor_ui]: [UI] Auto-disabled robot on Stop Run
[INFO] [1781260213.241368239] [predictor_ui]: [UI] Using standalone go_home.py script for real robot
[INFO] [1781260251.631754859] [predictor_ui]: [UI] Using standalone go_home.py script for real robot
[INFO] [1781260310.832119084] [predictor_ui]: [UI] Auto-disabled robot on Stop Run
[INFO] [1781260458.103828060] [predictor_ui]: [UI] Trajectory mode set to: prediction
[INFO] [1781260495.705897213] [predictor_ui]: [UI] Auto-disabled robot on Stop Run
[INFO] [1781260521.460853890] [predictor_ui]: [UI] Using standalone go_home.py script for real robot
