[INFO] [1781246440.275553224] [cartesian_streamer]: CartesianStreamer khởi động (chờ Enable Robot từ UI).
  Stream rate:       15 Hz (period=66.7ms)
  Queue dt:          0.067 s
  Prebuffer points:  3
  Retry backoff:     66.0 ms
  Gửi PoseStamped lên: /cartesian_streamer/target_pose
  Gửi XYZ lên:        /cartesian_streamer/target_xyz
  Nhận EE pose tại:   /cartesian_streamer/current_pose
[INFO] [1781246440.462878740] [cartesian_streamer]: Nhận joint_states: ['1.571', '0.124', '-1.049', '0.000', '-0.398', '-1.444']
[WARN] [1781246441.761179349] [cartesian_streamer]: Không thể cross-validate FK (local hoặc MoveIt! FK thất bại). Local IK vẫn hoạt động nhưng CHƯA ĐƯỢC VALIDATE.
[INFO] [1781246441.762022572] [cartesian_streamer]: Đã nhận joint_states. EE hiện tại: (-0.1620, 0.2801, 0.3785). IK mode: Local DLS. Chờ Enable Robot từ UI...
[INFO] [1781246486.912541487] [cartesian_streamer]: Enable Robot: bắt đầu chuỗi khởi động...
[INFO] [1781246486.913063939] [cartesian_streamer]: Enable: reset_error...
[INFO] [1781246487.149507985] [cartesian_streamer]: reset_error: code=1, msg="success"
[INFO] [1781246487.150014054] [cartesian_streamer]: Enable: stop_traj_mode (giải phóng mode cũ)...
[INFO] [1781246487.207438163] [cartesian_streamer]: stop_traj_mode: success=True, code=N/A, msg=""
[INFO] [1781246487.207969936] [cartesian_streamer]: Enable: chờ 1.5s để hệ thống ổn định trước khi start queue...
[INFO] [1781246488.709121902] [cartesian_streamer]: Enable: StartPointQueueMode...
[INFO] [1781246489.339221746] [cartesian_streamer]: StartPointQueueMode response: code=1, msg=""
[INFO] [1781246489.339742175] [cartesian_streamer]: ✓ Robot ENABLED — Point Queue Mode active. Servo ON!
[INFO] [1781246489.392251916] [cartesian_streamer]: Runtime rate: state=seeding, tick_hz=0.0, queue_send_hz=0.0, ack_hz=0.0, busy_hz=0.0, retry_count=0, reject_count=0, inter_ack_ms=0.0, max_joint_delta=0.000, cumul_time=0.00s, hold_count=0, ik_mode=Local, ik_avg_ms=0.00, ik_fails=0
[INFO] [1781246489.393254247] [cartesian_streamer]: Bootstrap EE pose via FK: (-0.1620, 0.2801, 0.3785)
[INFO] [1781246489.393830269] [cartesian_streamer]: Đang stream qua service: /queue_traj_point
[INFO] [1781246489.394821391] [cartesian_streamer]: Đã gửi seed point (current joints, t=0), chờ ACK...
[INFO] [1781246489.459002314] [cartesian_streamer]: Bootstrap EE pose via FK: (-0.1620, 0.2801, 0.3785)
[INFO] [1781246489.525589387] [cartesian_streamer]: Bootstrap EE pose via FK: (-0.1620, 0.2801, 0.3785)
[INFO] [1781246489.592784692] [cartesian_streamer]: Bootstrap EE pose via FK: (-0.1620, 0.2801, 0.3785)
[INFO] [1781246489.639458857] [cartesian_streamer]: Seed ACK nhận được, bắt đầu prebuffer.
[INFO] [1781246489.639729675] [cartesian_streamer]: Queue accepted sample#1: svc=/queue_traj_point, t_cumul=0.0000s, code=1, msg="", hold=False
[INFO] [1781246489.889315943] [cartesian_streamer]: Queue accepted sample#2: svc=/queue_traj_point, t_cumul=0.2000s, code=1, msg="", hold=True
[WARN] [1781246490.458284476] [cartesian_streamer]: Service call timeout (500ms). Resetting inflight flag.
[WARN] [1781246490.992151355] [cartesian_streamer]: Service call timeout (500ms). Resetting inflight flag.
[WARN] [1781246491.525146110] [cartesian_streamer]: Service call timeout (500ms). Resetting inflight flag.
[WARN] [1781246492.058998572] [cartesian_streamer]: Service call timeout (500ms). Resetting inflight flag.
[WARN] [1781246492.591485185] [cartesian_streamer]: Service call timeout (500ms). Resetting inflight flag.
[INFO] [1781246493.047416074] [cartesian_streamer]: Queue accepted sample#3: svc=/queue_traj_point, t_cumul=0.4000s, code=1, msg="", hold=True
[WARN] [1781246493.592242143] [cartesian_streamer]: Service call timeout (500ms). Resetting inflight flag.
[WARN] [1781246494.125070246] [cartesian_streamer]: Service call timeout (500ms). Resetting inflight flag.
[INFO] [1781246494.458842677] [cartesian_streamer]: Runtime rate: state=prebuffering, tick_hz=15.0, queue_send_hz=2.2, ack_hz=0.6, busy_hz=0.0, retry_count=0, reject_count=0, inter_ack_ms=1704.0, max_joint_delta=0.000, cumul_time=2.00s, hold_count=10, ik_mode=Local, ik_avg_ms=0.00, ik_fails=0
[WARN] [1781246494.659138528] [cartesian_streamer]: Service call timeout (500ms). Resetting inflight flag.
[WARN] [1781246495.191817685] [cartesian_streamer]: Service call timeout (500ms). Resetting inflight flag.
[WARN] [1781246495.192450412] [cartesian_streamer]: Service queue_point/queue_traj_point chưa sẵn sàng.
[WARN] [1781246496.259050841] [cartesian_streamer]: Service queue_point/queue_traj_point chưa sẵn sàng.
[WARN] [1781246497.259070422] [cartesian_streamer]: Service queue_point/queue_traj_point chưa sẵn sàng.
[WARN] [1781246498.259513156] [cartesian_streamer]: Service queue_point/queue_traj_point chưa sẵn sàng.
[WARN] [1781246499.325386602] [cartesian_streamer]: Service queue_point/queue_traj_point chưa sẵn sàng.
[INFO] [1781246499.525101889] [cartesian_streamer]: Runtime rate: state=prebuffering, tick_hz=15.0, queue_send_hz=0.2, ack_hz=0.0, busy_hz=0.0, retry_count=0, reject_count=0, inter_ack_ms=0.0, max_joint_delta=0.000, cumul_time=2.20s, hold_count=11, ik_mode=Local, ik_avg_ms=0.00, ik_fails=0
[WARN] [1781246500.392351308] [cartesian_streamer]: Service queue_point/queue_traj_point chưa sẵn sàng.
[INFO] [1781246501.173190074] [cartesian_streamer]: Pre-buffer hoàn tất (3 points), bắt đầu stream ổn định. Đang chờ target...
[INFO] [1781246501.173758853] [cartesian_streamer]: Queue accepted sample#4: svc=/queue_traj_point, t_cumul=2.4000s, code=1, msg="", hold=True
[INFO] [1781246501.216945465] [cartesian_streamer]: Local IK không hội tụ (fail #1)
[INFO] [1781246501.350421791] [cartesian_streamer]: Queue accepted sample#5: svc=/queue_traj_point, t_cumul=2.6000s, code=1, msg="", hold=True
[WARN] [1781246501.813343505] [cartesian_streamer]: Local IK failed 10x liên tiếp! Fallback sang MoveIt! IK...
[WARN] [1781246503.882622265] [cartesian_streamer]: Local IK failed 38x liên tiếp! Fallback sang MoveIt! IK...
[INFO] [1781246503.893147863] [cartesian_streamer]: QueueTrajPoint accepted #20: t=4.853s, hold=True
[INFO] [1781246504.591724630] [cartesian_streamer]: Runtime rate: state=streaming, tick_hz=15.0, queue_send_hz=4.1, ack_hz=4.1, busy_hz=0.0, retry_count=0, reject_count=0, inter_ack_ms=548.1, max_joint_delta=0.000, cumul_time=5.33s, hold_count=32, ik_mode=Local, ik_avg_ms=24.87, ik_fails=47
[WARN] [1781246505.960386353] [cartesian_streamer]: Local IK failed 67x liên tiếp! Fallback sang MoveIt! IK...
[WARN] [1781246506.620623052] [cartesian_streamer]: Service call timeout (500ms). Resetting inflight flag.
[INFO] [1781246507.456276023] [cartesian_streamer]: QueueTrajPoint accepted #40: t=7.661s, hold=True
[WARN] [1781246508.023009702] [cartesian_streamer]: Local IK failed 95x liên tiếp! Fallback sang MoveIt! IK...
[INFO] [1781246509.591662978] [cartesian_streamer]: Runtime rate: state=streaming, tick_hz=15.0, queue_send_hz=6.0, ack_hz=5.6, busy_hz=0.0, retry_count=0, reject_count=0, inter_ack_ms=176.3, max_joint_delta=0.000, cumul_time=9.47s, hold_count=62, ik_mode=Local, ik_avg_ms=24.58, ik_fails=117
[WARN] [1781246510.031361133] [cartesian_streamer]: Local IK failed 124x liên tiếp! Fallback sang MoveIt! IK...
[INFO] [1781246511.153219170] [cartesian_streamer]: QueueTrajPoint accepted #60: t=10.517s, hold=True
[WARN] [1781246511.175864633] [cartesian_streamer]: ⚠ Queue mode bị drop! Auto-recovery lần 1/3...
[INFO] [1781246511.677110609] [cartesian_streamer]: Auto-recovery: bắt đầu re-enable queue mode...
[INFO] [1781246511.677418103] [cartesian_streamer]: Enable: reset_error...
[INFO] [1781246511.693523154] [cartesian_streamer]: reset_error: code=105, msg="Pendant is not in REMOTE mode"
[INFO] [1781246511.693801447] [cartesian_streamer]: Enable: stop_traj_mode (giải phóng mode cũ)...
[INFO] [1781246512.138187085] [cartesian_streamer]: stop_traj_mode: success=True, code=N/A, msg=""
[INFO] [1781246512.138524056] [cartesian_streamer]: Enable: chờ 1.5s để hệ thống ổn định trước khi start queue...
[INFO] [1781246513.639450057] [cartesian_streamer]: Enable: StartPointQueueMode...
[INFO] [1781246515.141766485] [cartesian_streamer]: StartPointQueueMode response: code=1, msg=""
[INFO] [1781246515.142411182] [cartesian_streamer]: ✓ Robot ENABLED — Point Queue Mode active. Servo ON!
[INFO] [1781246515.191780737] [cartesian_streamer]: Runtime rate: state=seeding, tick_hz=4.3, queue_send_hz=1.4, ack_hz=1.4, busy_hz=0.0, retry_count=0, reject_count=1, inter_ack_ms=207.0, max_joint_delta=0.000, cumul_time=0.00s, hold_count=0, ik_mode=Local, ik_avg_ms=25.09, ik_fails=139
[WARN] [1781246515.192423916] [cartesian_streamer]: QueueTrajPoint đã được accept nhưng joint_states hầu như không đổi. Kiểm tra: 1) Robot ở mode AUTO? 2) Servo ON? 3) E-stop cleared?
[INFO] [1781246515.193383095] [cartesian_streamer]: Bootstrap EE pose via FK: (-0.1620, 0.2801, 0.3785)
[INFO] [1781246515.194173084] [cartesian_streamer]: Đã gửi seed point (current joints, t=0), chờ ACK...
[INFO] [1781246515.211518926] [cartesian_streamer]: Seed ACK nhận được, bắt đầu prebuffer.
[INFO] [1781246515.473177148] [cartesian_streamer]: Pre-buffer hoàn tất (3 points), bắt đầu stream ổn định. Đang chờ target...
[WARN] [1781246515.542408689] [cartesian_streamer]: Local IK failed 140x liên tiếp! Fallback sang MoveIt! IK...
[INFO] [1781246516.756987152] [cartesian_streamer]: Disable Robot: dừng stream, tắt traj mode...
[INFO] [1781246516.758934297] [cartesian_streamer]: ✗ Robot DISABLED.
[WARN] [1781246516.908827745] [cartesian_streamer]: ⚠ Queue mode bị drop! Auto-recovery lần 1/3...
[INFO] [1781246517.409965513] [cartesian_streamer]: Auto-recovery: bắt đầu re-enable queue mode...
[INFO] [1781246517.410277116] [cartesian_streamer]: Enable: reset_error...
[INFO] [1781246517.529616467] [cartesian_streamer]: reset_error: code=1, msg="success"
[INFO] [1781246517.530126554] [cartesian_streamer]: Enable: stop_traj_mode (giải phóng mode cũ)...
[INFO] [1781246518.093432032] [cartesian_streamer]: stop_traj_mode: success=True, code=N/A, msg=""
[INFO] [1781246518.093946741] [cartesian_streamer]: Enable: chờ 1.5s để hệ thống ổn định trước khi start queue...
[INFO] [1781246519.594794299] [cartesian_streamer]: Enable: StartPointQueueMode...
[INFO] [1781246519.724959849] [cartesian_streamer]: StartPointQueueMode response: code=104, msg="The teach pendant must not be in TEACH mode"
[ERROR] [1781246519.725458529] [cartesian_streamer]: StartPointQueueMode FAILED: The teach pendant must not be in TEACH mode
[INFO] [1781246522.665999133] [cartesian_streamer]: Disable Robot: dừng stream, tắt traj mode...
[INFO] [1781246522.667166372] [cartesian_streamer]: ✗ Robot DISABLED.
[INFO] [1781246529.841135581] [cartesian_streamer]: Enable Robot: bắt đầu chuỗi khởi động...
[INFO] [1781246529.841639079] [cartesian_streamer]: Enable: reset_error...
[INFO] [1781246529.855545746] [cartesian_streamer]: reset_error: code=1, msg="success"
[INFO] [1781246529.856046756] [cartesian_streamer]: Enable: stop_traj_mode (giải phóng mode cũ)...
[INFO] [1781246529.909583871] [cartesian_streamer]: stop_traj_mode: success=True, code=N/A, msg=""
[INFO] [1781246529.910082700] [cartesian_streamer]: Enable: chờ 1.5s để hệ thống ổn định trước khi start queue...
[INFO] [1781246531.410999005] [cartesian_streamer]: Enable: StartPointQueueMode...
[INFO] [1781246532.865456661] [cartesian_streamer]: StartPointQueueMode response: code=1, msg=""
[INFO] [1781246532.865734590] [cartesian_streamer]: ✓ Robot ENABLED — Point Queue Mode active. Servo ON!
[INFO] [1781246532.925102393] [cartesian_streamer]: Runtime rate: state=seeding, tick_hz=1.4, queue_send_hz=0.6, ack_hz=0.6, busy_hz=0.0, retry_count=0, reject_count=1, inter_ack_ms=547.4, max_joint_delta=0.000, cumul_time=0.00s, hold_count=0, ik_mode=Local, ik_avg_ms=24.92, ik_fails=156
[WARN] [1781246532.925398490] [cartesian_streamer]: Target stream stale: không có target mới trong 16.2s
[WARN] [1781246532.925690618] [cartesian_streamer]: QueueTrajPoint đã được accept nhưng joint_states hầu như không đổi. Kiểm tra: 1) Robot ở mode AUTO? 2) Servo ON? 3) E-stop cleared?
[INFO] [1781246532.926177770] [cartesian_streamer]: Bootstrap EE pose via FK: (-0.1620, 0.2801, 0.3785)
[INFO] [1781246532.926588410] [cartesian_streamer]: Đã gửi seed point (current joints, t=0), chờ ACK...
[INFO] [1781246532.992423195] [cartesian_streamer]: Bootstrap EE pose via FK: (-0.1620, 0.2801, 0.3785)
[INFO] [1781246533.044050568] [cartesian_streamer]: Seed ACK nhận được, bắt đầu prebuffer.
[INFO] [1781246533.725917763] [cartesian_streamer]: Pre-buffer hoàn tất (3 points), bắt đầu stream ổn định. Đang chờ target...
[INFO] [1781246534.659612642] [cartesian_streamer]: QueueTrajPoint accepted #80: t=1.266s, hold=True
[INFO] [1781246536.997613808] [cartesian_streamer]: QueueTrajPoint accepted #100: t=3.599s, hold=True
[INFO] [1781246537.925282241] [cartesian_streamer]: Runtime rate: state=streaming, tick_hz=15.0, queue_send_hz=7.2, ack_hz=7.2, busy_hz=0.0, retry_count=0, reject_count=0, inter_ack_ms=590.1, max_joint_delta=0.000, cumul_time=4.40s, hold_count=35, ik_mode=Local, ik_avg_ms=24.92, ik_fails=156
[WARN] [1781246537.925872111] [cartesian_streamer]: Target stream stale: không có target mới trong 21.2s
[WARN] [1781246538.264844268] [cartesian_streamer]: Queue BUSY, sẽ resend (backoff 66ms): msg="Busy processing the previous trajectory point. Please resend the next point shortly"
[WARN] [1781246539.884788676] [cartesian_streamer]: Local IK failed 157x liên tiếp! Fallback sang MoveIt! IK...
[INFO] [1781246540.698432990] [cartesian_streamer]: QueueTrajPoint accepted #120: t=6.199s, hold=True
[WARN] [1781246541.889222180] [cartesian_streamer]: Local IK failed 185x liên tiếp! Fallback sang MoveIt! IK...
[WARN] [1781246542.298711715] [cartesian_streamer]: Queue BUSY, sẽ resend (backoff 66ms): msg="Busy processing the previous trajectory point. Please resend the next point shortly"
[INFO] [1781246542.991981059] [cartesian_streamer]: Runtime rate: state=streaming, tick_hz=15.0, queue_send_hz=5.5, ack_hz=4.9, busy_hz=0.4, retry_count=2, reject_count=0, inter_ack_ms=195.3, max_joint_delta=0.000, cumul_time=7.88s, hold_count=61, ik_mode=Local, ik_avg_ms=25.26, ik_fails=200
[WARN] [1781246543.897869992] [cartesian_streamer]: Local IK failed 212x liên tiếp! Fallback sang MoveIt! IK...
[INFO] [1781246544.024542980] [cartesian_streamer]: QueueTrajPoint accepted #140: t=8.847s, hold=True
[WARN] [1781246545.165015913] [cartesian_streamer]: Queue BUSY, sẽ resend (backoff 66ms): msg="Busy processing the previous trajectory point. Please resend the next point shortly"
[WARN] [1781246545.951876170] [cartesian_streamer]: Local IK failed 239x liên tiếp! Fallback sang MoveIt! IK...
[INFO] [1781246546.618593314] [cartesian_streamer]: QueueTrajPoint accepted #160: t=11.094s, hold=True
[WARN] [1781246547.558789826] [cartesian_streamer]: Queue BUSY, sẽ resend (backoff 66ms): msg="Busy processing the previous trajectory point. Please resend the next point shortly"
[WARN] [1781246548.013340193] [cartesian_streamer]: Local IK failed 268x liên tiếp! Fallback sang MoveIt! IK...
[INFO] [1781246548.059884250] [cartesian_streamer]: Runtime rate: state=streaming, tick_hz=15.0, queue_send_hz=7.3, ack_hz=7.1, busy_hz=0.4, retry_count=2, reject_count=0, inter_ack_ms=146.7, max_joint_delta=0.000, cumul_time=12.04s, hold_count=96, ik_mode=Local, ik_avg_ms=25.35, ik_fails=268
[INFO] [1781246549.305854776] [cartesian_streamer]: QueueTrajPoint accepted #180: t=13.310s, hold=True
[WARN] [1781246550.076337932] [cartesian_streamer]: Local IK failed 298x liên tiếp! Fallback sang MoveIt! IK...
[WARN] [1781246550.209968952] [cartesian_streamer]: Service call timeout (500ms). Resetting inflight flag.
[WARN] [1781246550.743892218] [cartesian_streamer]: Service call timeout (500ms). Resetting inflight flag.
[WARN] [1781246551.278866838] [cartesian_streamer]: Service call timeout (500ms). Resetting inflight flag.
[WARN] [1781246551.810677412] [cartesian_streamer]: Service call timeout (500ms). Resetting inflight flag.
[WARN] [1781246552.077170873] [cartesian_streamer]: Local IK failed 328x liên tiếp! Fallback sang MoveIt! IK...
[WARN] [1781246552.352246064] [cartesian_streamer]: Service call timeout (500ms). Resetting inflight flag.
[WARN] [1781246552.833869666] [cartesian_streamer]: Queue BUSY, sẽ resend (backoff 66ms): msg="Busy processing the previous trajectory point. Please resend the next point shortly"
[INFO] [1781246553.125254426] [cartesian_streamer]: Runtime rate: state=streaming, tick_hz=15.0, queue_send_hz=4.9, ack_hz=3.9, busy_hz=0.6, retry_count=3, reject_count=0, inter_ack_ms=249.4, max_joint_delta=0.000, cumul_time=14.77s, hold_count=120, ik_mode=Local, ik_avg_ms=24.80, ik_fails=341
[WARN] [1781246554.089256580] [cartesian_streamer]: Local IK failed 354x liên tiếp! Fallback sang MoveIt! IK...
[INFO] [1781246554.429795393] [cartesian_streamer]: QueueTrajPoint accepted #200: t=15.709s, hold=True
[INFO] [1781246555.830690457] [cartesian_streamer]: QueueTrajPoint accepted #220: t=17.107s, hold=True
[WARN] [1781246556.155061948] [cartesian_streamer]: Local IK failed 383x liên tiếp! Fallback sang MoveIt! IK...
[INFO] [1781246557.487751497] [cartesian_streamer]: QueueTrajPoint accepted #240: t=18.771s, hold=True
[INFO] [1781246558.191956851] [cartesian_streamer]: Runtime rate: state=streaming, tick_hz=15.0, queue_send_hz=12.6, ack_hz=12.4, busy_hz=0.2, retry_count=1, reject_count=0, inter_ack_ms=81.4, max_joint_delta=0.000, cumul_time=19.44s, hold_count=182, ik_mode=Local, ik_avg_ms=24.26, ik_fails=411
[WARN] [1781246558.221354040] [cartesian_streamer]: Local IK failed 412x liên tiếp! Fallback sang MoveIt! IK...
[INFO] [1781246558.882906807] [cartesian_streamer]: QueueTrajPoint accepted #260: t=20.171s, hold=True
[WARN] [1781246560.280253520] [cartesian_streamer]: Local IK failed 442x liên tiếp! Fallback sang MoveIt! IK...
[INFO] [1781246560.419969431] [cartesian_streamer]: QueueTrajPoint accepted #280: t=21.707s, hold=True
[INFO] [1781246561.817520372] [cartesian_streamer]: QueueTrajPoint accepted #300: t=23.105s, hold=True
[INFO] [1781246561.961351823] [cartesian_streamer]: Disable Robot: dừng stream, tắt traj mode...
[INFO] [1781246561.961845216] [cartesian_streamer]: ✗ Robot DISABLED.
[INFO] [1781246574.011822164] [cartesian_streamer]: Enable Robot: bắt đầu chuỗi khởi động...
[INFO] [1781246574.012103614] [cartesian_streamer]: Enable: reset_error...
[INFO] [1781246574.015088147] [cartesian_streamer]: reset_error: code=1, msg="success"
[INFO] [1781246574.015830321] [cartesian_streamer]: Enable: stop_traj_mode (giải phóng mode cũ)...
[INFO] [1781246574.057263426] [cartesian_streamer]: stop_traj_mode: success=True, code=N/A, msg=""
[INFO] [1781246574.057925128] [cartesian_streamer]: Enable: chờ 1.5s để hệ thống ổn định trước khi start queue...
[INFO] [1781246575.558970932] [cartesian_streamer]: Enable: StartPointQueueMode...
[INFO] [1781246576.861093363] [cartesian_streamer]: StartPointQueueMode response: code=1, msg=""
[INFO] [1781246576.861427519] [cartesian_streamer]: ✓ Robot ENABLED — Point Queue Mode active. Servo ON!
[INFO] [1781246576.925159935] [cartesian_streamer]: Runtime rate: state=seeding, tick_hz=3.0, queue_send_hz=2.7, ack_hz=2.7, busy_hz=0.0, retry_count=0, reject_count=0, inter_ack_ms=76.9, max_joint_delta=0.000, cumul_time=0.00s, hold_count=0, ik_mode=Local, ik_avg_ms=23.96, ik_fails=466
[WARN] [1781246576.925546685] [cartesian_streamer]: QueueTrajPoint đã được accept nhưng joint_states hầu như không đổi. Kiểm tra: 1) Robot ở mode AUTO? 2) Servo ON? 3) E-stop cleared?
[INFO] [1781246576.926214518] [cartesian_streamer]: Bootstrap EE pose via FK: (-0.1620, 0.2801, 0.3785)
[INFO] [1781246576.927053948] [cartesian_streamer]: Đã gửi seed point (current joints, t=0), chờ ACK...
[INFO] [1781246576.993241549] [cartesian_streamer]: Bootstrap EE pose via FK: (-0.1620, 0.2801, 0.3785)
[INFO] [1781246577.059757084] [cartesian_streamer]: Bootstrap EE pose via FK: (-0.1620, 0.2801, 0.3785)
[INFO] [1781246577.125516712] [cartesian_streamer]: Bootstrap EE pose via FK: (-0.1620, 0.2801, 0.3785)
[INFO] [1781246577.193127105] [cartesian_streamer]: Bootstrap EE pose via FK: (-0.1620, 0.2801, 0.3785)
[INFO] [1781246577.259838537] [cartesian_streamer]: Bootstrap EE pose via FK: (-0.1620, 0.2801, 0.3785)
[INFO] [1781246577.325881755] [cartesian_streamer]: Bootstrap EE pose via FK: (-0.1620, 0.2801, 0.3785)
[INFO] [1781246577.392193075] [cartesian_streamer]: Bootstrap EE pose via FK: (-0.1620, 0.2801, 0.3785)
[INFO] [1781246577.459384139] [cartesian_streamer]: Bootstrap EE pose via FK: (-0.1620, 0.2801, 0.3785)
[INFO] [1781246577.525501498] [cartesian_streamer]: Bootstrap EE pose via FK: (-0.1620, 0.2801, 0.3785)
[INFO] [1781246577.592282664] [cartesian_streamer]: Bootstrap EE pose via FK: (-0.1620, 0.2801, 0.3785)
[INFO] [1781246577.659052594] [cartesian_streamer]: Bootstrap EE pose via FK: (-0.1620, 0.2801, 0.3785)
[INFO] [1781246577.725691792] [cartesian_streamer]: Bootstrap EE pose via FK: (-0.1620, 0.2801, 0.3785)
[INFO] [1781246577.792524013] [cartesian_streamer]: Bootstrap EE pose via FK: (-0.1620, 0.2801, 0.3785)
[INFO] [1781246577.859254174] [cartesian_streamer]: Bootstrap EE pose via FK: (-0.1620, 0.2801, 0.3785)
[INFO] [1781246577.900089827] [cartesian_streamer]: Seed ACK nhận được, bắt đầu prebuffer.
[INFO] [1781246578.133473884] [cartesian_streamer]: Pre-buffer hoàn tất (3 points), bắt đầu stream ổn định. Đang chờ target...
[WARN] [1781246578.217293864] [cartesian_streamer]: Local IK failed 467x liên tiếp! Fallback sang MoveIt! IK...
[INFO] [1781246579.295974667] [cartesian_streamer]: QueueTrajPoint accepted #320: t=1.556s, hold=True
[WARN] [1781246580.234587922] [cartesian_streamer]: Local IK failed 495x liên tiếp! Fallback sang MoveIt! IK...
[INFO] [1781246580.895090261] [cartesian_streamer]: QueueTrajPoint accepted #340: t=3.161s, hold=True
[INFO] [1781246581.992455164] [cartesian_streamer]: Runtime rate: state=streaming, tick_hz=15.0, queue_send_hz=8.9, ack_hz=8.7, busy_hz=0.0, retry_count=0, reject_count=0, inter_ack_ms=439.8, max_joint_delta=0.000, cumul_time=3.75s, hold_count=44, ik_mode=Local, ik_avg_ms=24.26, ik_fails=516
[WARN] [1781246582.019388096] [cartesian_streamer]: Service call timeout (500ms). Resetting inflight flag.
[WARN] [1781246582.279456420] [cartesian_streamer]: Local IK failed 521x liên tiếp! Fallback sang MoveIt! IK...
[WARN] [1781246582.546121752] [cartesian_streamer]: Service call timeout (500ms). Resetting inflight flag.
[WARN] [1781246583.078441500] [cartesian_streamer]: Service call timeout (500ms). Resetting inflight flag.
[WARN] [1781246583.611978069] [cartesian_streamer]: Service call timeout (500ms). Resetting inflight flag.
[WARN] [1781246584.144075434] [cartesian_streamer]: Service call timeout (500ms). Resetting inflight flag.
[WARN] [1781246584.345781040] [cartesian_streamer]: Local IK failed 552x liên tiếp! Fallback sang MoveIt! IK...
[WARN] [1781246584.631198055] [cartesian_streamer]: Queue BUSY, sẽ resend (backoff 66ms): msg="Busy processing the previous trajectory point. Please resend the next point shortly"
[INFO] [1781246585.620613367] [cartesian_streamer]: QueueTrajPoint accepted #360: t=5.467s, hold=True
[WARN] [1781246586.350181924] [cartesian_streamer]: Local IK failed 578x liên tiếp! Fallback sang MoveIt! IK...
[WARN] [1781246586.822411947] [cartesian_streamer]: Service call timeout (500ms). Resetting inflight flag.
[INFO] [1781246587.059235967] [cartesian_streamer]: Runtime rate: state=streaming, tick_hz=15.0, queue_send_hz=5.3, ack_hz=4.5, busy_hz=0.6, retry_count=3, reject_count=0, inter_ack_ms=210.8, max_joint_delta=0.000, cumul_time=6.27s, hold_count=69, ik_mode=Local, ik_avg_ms=24.19, ik_fails=588
[INFO] [1781246588.020974631] [cartesian_streamer]: QueueTrajPoint accepted #380: t=7.139s, hold=True
[WARN] [1781246588.410689183] [cartesian_streamer]: Local IK failed 608x liên tiếp! Fallback sang MoveIt! IK...
[INFO] [1781246588.615391746] [cartesian_streamer]: Disable Robot: dừng stream, tắt traj mode...
[INFO] [1781246588.616149805] [cartesian_streamer]: ✗ Robot DISABLED.
[INFO] [1781246882.397688725] [cartesian_streamer]: Graceful shutdown: tắt Point Queue Mode trước khi thoát...
[INFO] [1781246882.398751510] [cartesian_streamer]: Robot chưa enable, không cần stop_traj_mode.
[INFO] [1781246882.399624585] [cartesian_streamer]: Shutdown hoàn tất. Tủ điện sẽ KHÔNG bị alarm.
