[INFO] [1779676053.697440752] [experiment_logger]: Logger ready.
[INFO] [1779676108.897857213] [experiment_logger]: Service called: /logger/toggle with data=True
[INFO] [1779676108.898852250] [experiment_logger]: ✓ STARTED in-memory logging. Target file: /home/duy/cocarry_ws/cocarry_logs/experiment_GROUND_TRUTH_20260525_092828.csv
[INFO] [1779676176.565435067] [experiment_logger]: Service called: /logger/toggle with data=False
[INFO] [1779676176.566242016] [experiment_logger]: Writing 1506 rows from memory to /home/duy/cocarry_ws/cocarry_logs/experiment_GROUND_TRUTH_20260525_092828.csv...
[INFO] [1779676176.578097675] [experiment_logger]: ✓ Successfully wrote logs to disk.
[INFO] [1779676176.582753979] [experiment_logger]: Stopped logging. Saved 1506 rows to /home/duy/cocarry_ws/cocarry_logs/experiment_GROUND_TRUTH_20260525_092828.csv
[INFO] [1779676176.610725815] [experiment_logger]: 
============================================================
EXPERIMENT METRICS
  File: experiment_GROUND_TRUTH_20260525_092828.csv
  Total samples: 1506
  Task completion time: 67.67 s
  Mode: GROUND TRUTH (no prediction metrics)
  --- Trajectory Smoothness (Robot EE) ---
  Mean Jerk (3D): 20.4534 m/s³
      Jerk X: 4.8958 m/s³
      Jerk Y: 14.1552 m/s³
      Jerk Z: 9.5038 m/s³
  Max Jerk (3D): 93.7125 m/s³
  RMS Jerk (3D): 25.8970 m/s³
============================================================
[INFO] [1779676181.997923419] [experiment_logger]: Service called: /logger/toggle with data=False
[INFO] [1779676261.462722768] [experiment_logger]: Trajectory mode: ground_truth
[INFO] [1779676263.283671863] [experiment_logger]: Trajectory mode: ground_truth
[INFO] [1779676264.066362022] [experiment_logger]: Trajectory mode: ground_truth
[INFO] [1779676264.586922810] [experiment_logger]: Trajectory mode: ground_truth
[INFO] [1779676265.109160866] [experiment_logger]: Trajectory mode: ground_truth
[INFO] [1779676265.369958419] [experiment_logger]: Trajectory mode: ground_truth
[INFO] [1779676265.633747432] [experiment_logger]: Trajectory mode: ground_truth
[INFO] [1779676292.099996745] [experiment_logger]: Service called: /logger/toggle with data=True
[INFO] [1779676292.100804986] [experiment_logger]: ✓ STARTED in-memory logging. Target file: /home/duy/cocarry_ws/cocarry_logs/experiment_GROUND_TRUTH_20260525_093132.csv
[INFO] [1779676339.001255128] [experiment_logger]: Service called: /logger/toggle with data=False
[INFO] [1779676339.002008552] [experiment_logger]: Writing 1049 rows from memory to /home/duy/cocarry_ws/cocarry_logs/experiment_GROUND_TRUTH_20260525_093132.csv...
[INFO] [1779676339.010577024] [experiment_logger]: ✓ Successfully wrote logs to disk.
[INFO] [1779676339.011612209] [experiment_logger]: Stopped logging. Saved 1049 rows to /home/duy/cocarry_ws/cocarry_logs/experiment_GROUND_TRUTH_20260525_093132.csv
[INFO] [1779676339.028951180] [experiment_logger]: 
============================================================
EXPERIMENT METRICS
  File: experiment_GROUND_TRUTH_20260525_093132.csv
  Total samples: 1049
  Task completion time: 46.90 s
  Mode: GROUND TRUTH (no prediction metrics)
  --- Trajectory Smoothness (Robot EE) ---
  Mean Jerk (3D): 24.8727 m/s³
      Jerk X: 4.9171 m/s³
      Jerk Y: 16.7506 m/s³
      Jerk Z: 12.9184 m/s³
  Max Jerk (3D): 125.4677 m/s³
  RMS Jerk (3D): 30.2393 m/s³
============================================================
[INFO] [1779676347.856263369] [experiment_logger]: Service called: /logger/toggle with data=True
[INFO] [1779676347.857283610] [experiment_logger]: ✓ STARTED in-memory logging. Target file: /home/duy/cocarry_ws/cocarry_logs/experiment_GROUND_TRUTH_20260525_093227.csv
[INFO] [1779676348.914802088] [experiment_logger]: Service called: /logger/toggle with data=False
[INFO] [1779676348.915371591] [experiment_logger]: Writing 29 rows from memory to /home/duy/cocarry_ws/cocarry_logs/experiment_GROUND_TRUTH_20260525_093227.csv...
[INFO] [1779676348.916442774] [experiment_logger]: ✓ Successfully wrote logs to disk.
[INFO] [1779676348.917159440] [experiment_logger]: Stopped logging. Saved 29 rows to /home/duy/cocarry_ws/cocarry_logs/experiment_GROUND_TRUTH_20260525_093227.csv
[INFO] [1779676348.918201195] [experiment_logger]: 
============================================================
EXPERIMENT METRICS
  File: experiment_GROUND_TRUTH_20260525_093227.csv
  Total samples: 29
  Task completion time: 1.06 s
  Mode: GROUND TRUTH (no prediction metrics)
  Jerk: insufficient EE data for calculation
============================================================
[INFO] [1779676350.796471996] [experiment_logger]: Service called: /logger/toggle with data=False
[INFO] [1779676351.054472905] [experiment_logger]: Service called: /logger/toggle with data=False
[INFO] [1779676351.319229679] [experiment_logger]: Service called: /logger/toggle with data=False
[INFO] [1779676505.531168182] [experiment_logger]: Trajectory mode: ground_truth
[INFO] [1779676521.889101978] [experiment_logger]: Service called: /logger/toggle with data=True
[INFO] [1779676521.889877865] [experiment_logger]: ✓ STARTED in-memory logging. Target file: /home/duy/cocarry_ws/cocarry_logs/experiment_GROUND_TRUTH_20260525_093521.csv
[INFO] [1779676534.186220324] [experiment_logger]: Service called: /logger/toggle with data=False
[INFO] [1779676534.187177581] [experiment_logger]: Writing 269 rows from memory to /home/duy/cocarry_ws/cocarry_logs/experiment_GROUND_TRUTH_20260525_093521.csv...
[INFO] [1779676534.191310093] [experiment_logger]: ✓ Successfully wrote logs to disk.
[INFO] [1779676534.192296685] [experiment_logger]: Stopped logging. Saved 269 rows to /home/duy/cocarry_ws/cocarry_logs/experiment_GROUND_TRUTH_20260525_093521.csv
[INFO] [1779676534.196791694] [experiment_logger]: 
============================================================
EXPERIMENT METRICS
  File: experiment_GROUND_TRUTH_20260525_093521.csv
  Total samples: 269
  Task completion time: 12.30 s
  Mode: GROUND TRUTH (no prediction metrics)
  --- Trajectory Smoothness (Robot EE) ---
  Mean Jerk (3D): 29.0070 m/s³
      Jerk X: 5.9606 m/s³
      Jerk Y: 20.3620 m/s³
      Jerk Z: 14.7999 m/s³
  Max Jerk (3D): 81.8638 m/s³
  RMS Jerk (3D): 34.2628 m/s³
============================================================
[INFO] [1779676637.473687979] [experiment_logger]: Service called: /logger/toggle with data=True
[INFO] [1779676637.474299256] [experiment_logger]: ✓ STARTED in-memory logging. Target file: /home/duy/cocarry_ws/cocarry_logs/experiment_GROUND_TRUTH_20260525_093717.csv
[INFO] [1779676653.864437522] [experiment_logger]: Service called: /logger/toggle with data=False
[INFO] [1779676653.865164361] [experiment_logger]: Writing 293 rows from memory to /home/duy/cocarry_ws/cocarry_logs/experiment_GROUND_TRUTH_20260525_093717.csv...
[INFO] [1779676653.868480951] [experiment_logger]: ✓ Successfully wrote logs to disk.
[INFO] [1779676653.869316011] [experiment_logger]: Stopped logging. Saved 293 rows to /home/duy/cocarry_ws/cocarry_logs/experiment_GROUND_TRUTH_20260525_093717.csv
[INFO] [1779676653.876269084] [experiment_logger]: 
============================================================
EXPERIMENT METRICS
  File: experiment_GROUND_TRUTH_20260525_093717.csv
  Total samples: 293
  Task completion time: 16.39 s
  Mode: GROUND TRUTH (no prediction metrics)
  --- Trajectory Smoothness (Robot EE) ---
  Mean Jerk (3D): 26.7309 m/s³
      Jerk X: 4.1437 m/s³
      Jerk Y: 19.1416 m/s³
      Jerk Z: 13.3874 m/s³
  Max Jerk (3D): 79.7540 m/s³
  RMS Jerk (3D): 32.7048 m/s³
============================================================
[INFO] [1779676748.794672654] [experiment_logger]: Service called: /logger/toggle with data=True
[INFO] [1779676748.795394222] [experiment_logger]: ✓ STARTED in-memory logging. Target file: /home/duy/cocarry_ws/cocarry_logs/experiment_GROUND_TRUTH_20260525_093908.csv
[INFO] [1779676761.691185023] [experiment_logger]: Service called: /logger/toggle with data=False
[INFO] [1779676761.691884675] [experiment_logger]: Writing 287 rows from memory to /home/duy/cocarry_ws/cocarry_logs/experiment_GROUND_TRUTH_20260525_093908.csv...
[INFO] [1779676761.694871434] [experiment_logger]: ✓ Successfully wrote logs to disk.
[INFO] [1779676761.695741030] [experiment_logger]: Stopped logging. Saved 287 rows to /home/duy/cocarry_ws/cocarry_logs/experiment_GROUND_TRUTH_20260525_093908.csv
[INFO] [1779676761.699577916] [experiment_logger]: 
============================================================
EXPERIMENT METRICS
  File: experiment_GROUND_TRUTH_20260525_093908.csv
  Total samples: 287
  Task completion time: 12.90 s
  Mode: GROUND TRUTH (no prediction metrics)
  --- Trajectory Smoothness (Robot EE) ---
  Mean Jerk (3D): 31.1963 m/s³
      Jerk X: 6.2027 m/s³
      Jerk Y: 22.9724 m/s³
      Jerk Z: 14.6617 m/s³
  Max Jerk (3D): 82.9314 m/s³
  RMS Jerk (3D): 38.5253 m/s³
============================================================
