[INFO] [1779676053.787594158] [coord_transform]: CoordTransformNode khởi động.
  Object offset (cam frame): [0.05 0.   0.1 ]
  Translation cam→base:      [0.5 0.  1.2]
  EE orientation (xyzw):     [0.0, 1.0, 0.0, 0.0]
  Prediction step:           5
  Axis remap:                [0, 1, 2]
  Axis sign:                 [-1.0, 1.0, 1.0]
  Workspace X: (-1.0, 1.0), Y: (-0.5, 1.3), Z: (0.05, 1.5)
  Filter outlier_threshold:  0.15m
  Filter median_size_y:      3
  Filter deadband_tol:       25.0mm
  Filter stationary_thresh:  3 frames
  Filter max_rate:           5.0cm/frame
  Filter EMA moving(x,y,z):  (0.65,0.4,0.65)
  Filter EMA hold  (x,y,z):  (0.08,0.02,0.05)
[WARN] [1779676066.451412730] [coord_transform]: Outlier rejected #1 (jumped 2496.9mm). Ignoring.
[WARN] [1779676066.488058624] [coord_transform]: Outlier rejected #2 (jumped 2507.1mm). Ignoring.
[WARN] [1779676066.534348210] [coord_transform]: Outlier rejected #3 (jumped 2496.9mm). Ignoring.
[WARN] [1779676066.567137260] [coord_transform]: Outlier rejected #4 (jumped 2527.6mm). Ignoring.
[INFO] [1779676066.611699795] [coord_transform]: Too many outliers (5). Resetting filter to new position.
[INFO] [1779676086.653337696] [coord_transform]: Captured Init Pose! P_init=(-0.162, 0.250, 0.412), Cam_init=(0.088, -0.022, -0.000), Noise_Tol=60.0mm
Orientation=(0.707, 0.707, 0.000, -0.000)
[INFO] [1779676086.660973084] [coord_transform]: Deadband: RELEASE — motion detected
[INFO] [1779676086.807026924] [coord_transform]: Deadband: HOLD at (0.088, -0.022, -0.000)
[INFO] [1779676086.915414957] [coord_transform]: Captured Init Pose! P_init=(-0.162, 0.250, 0.412), Cam_init=(0.090, -0.020, -0.000), Noise_Tol=60.0mm
Orientation=(0.707, 0.707, 0.000, -0.000)
[INFO] [1779676087.174445047] [coord_transform]: Captured Init Pose! P_init=(-0.162, 0.250, 0.412), Cam_init=(0.090, -0.018, 0.000), Noise_Tol=60.0mm
Orientation=(0.707, 0.707, 0.000, -0.000)
[INFO] [1779676087.182800443] [coord_transform]: Captured Init Pose! P_init=(-0.162, 0.250, 0.412), Cam_init=(0.090, -0.018, 0.000), Noise_Tol=60.0mm
Orientation=(0.707, 0.707, 0.000, -0.000)
[INFO] [1779676108.898244520] [coord_transform]: Re-sync camera init: [ 0.085 -0.01   0.006]
[INFO] [1779676108.899088256] [coord_transform]: Trạng thái tracking: RUNNING
[INFO] [1779676108.927352402] [coord_transform]: Deadband: RELEASE — motion detected
[INFO] [1779676108.929488002] [coord_transform]: [GROUND_TRUTH] Transform: cam[0.084 0.002 0.01 ] → base[-0.16   0.262  0.416]
[INFO] [1779676109.093754036] [coord_transform]: Deadband: HOLD at (0.085, -0.010, 0.006)
[INFO] [1779676110.966383043] [coord_transform]: [GROUND_TRUTH] Transform: cam[ 0.073 -0.026  0.098] → base[-0.15   0.234  0.504]
[INFO] [1779676112.983789457] [coord_transform]: [GROUND_TRUTH] Transform: cam[0.06  0.106 0.183] → base[-0.137  0.366  0.589]
[INFO] [1779676114.996088395] [coord_transform]: [GROUND_TRUTH] Transform: cam[0.022 0.274 0.207] → base[-0.099  0.534  0.613]
[INFO] [1779676117.030586917] [coord_transform]: [GROUND_TRUTH] Transform: cam[0.007 0.446 0.215] → base[-0.084  0.706  0.621]
[INFO] [1779676119.048435268] [coord_transform]: [GROUND_TRUTH] Transform: cam[-0.051  0.677  0.191] → base[-0.025  0.937  0.597]
[INFO] [1779676121.089661874] [coord_transform]: [GROUND_TRUTH] Transform: cam[-0.057  0.786  0.069] → base[-0.019  1.046  0.475]
[INFO] [1779676123.094308852] [coord_transform]: [GROUND_TRUTH] Transform: cam[-0.052  0.759 -0.024] → base[-0.025  1.019  0.382]
[INFO] [1779676125.108209919] [coord_transform]: [GROUND_TRUTH] Transform: cam[-0.058  0.743 -0.103] → base[-0.018  1.003  0.303]
[INFO] [1779676127.126579636] [coord_transform]: [GROUND_TRUTH] Transform: cam[-0.037  0.71   0.009] → base[-0.04   0.97   0.415]
[INFO] [1779676129.149791108] [coord_transform]: [GROUND_TRUTH] Transform: cam[-0.035  0.619  0.203] → base[-0.042  0.879  0.609]
[INFO] [1779676131.162738677] [coord_transform]: [GROUND_TRUTH] Transform: cam[0.035 0.461 0.272] → base[-0.112  0.721  0.678]
[INFO] [1779676133.182380640] [coord_transform]: [GROUND_TRUTH] Transform: cam[0.092 0.274 0.257] → base[-0.169  0.534  0.663]
[INFO] [1779676135.200652520] [coord_transform]: [GROUND_TRUTH] Transform: cam[0.121 0.144 0.188] → base[-0.197  0.404  0.594]
[INFO] [1779676137.223890204] [coord_transform]: [GROUND_TRUTH] Transform: cam[0.111 0.205 0.228] → base[-0.188  0.465  0.634]
[INFO] [1779676139.272625756] [coord_transform]: [GROUND_TRUTH] Transform: cam[0.039 0.378 0.27 ] → base[-0.116  0.638  0.676]
[INFO] [1779676141.295687472] [coord_transform]: [GROUND_TRUTH] Transform: cam[-0.056  0.489  0.265] → base[-0.021  0.749  0.671]
[INFO] [1779676143.330117027] [coord_transform]: [GROUND_TRUTH] Transform: cam[-0.134  0.56   0.245] → base[0.057 0.82  0.651]
[INFO] [1779676145.343510931] [coord_transform]: [GROUND_TRUTH] Transform: cam[-0.205  0.611  0.206] → base[0.128 0.871 0.612]
[INFO] [1779676147.356643519] [coord_transform]: [GROUND_TRUTH] Transform: cam[-0.242  0.649  0.109] → base[0.166 0.909 0.515]
[INFO] [1779676149.391430442] [coord_transform]: [GROUND_TRUTH] Transform: cam[-0.21   0.73  -0.056] → base[0.134 0.99  0.35 ]
[INFO] [1779676151.476147551] [coord_transform]: [GROUND_TRUTH] Transform: cam[-0.165  0.78  -0.106] → base[0.088 1.04  0.3  ]
[INFO] [1779676153.497979239] [coord_transform]: [GROUND_TRUTH] Transform: cam[-0.111  0.624  0.206] → base[0.034 0.884 0.612]
[INFO] [1779676155.524357413] [coord_transform]: [GROUND_TRUTH] Transform: cam[-0.058  0.436  0.285] → base[-0.019  0.696  0.691]
[INFO] [1779676157.545089343] [coord_transform]: [GROUND_TRUTH] Transform: cam[-0.032  0.249  0.282] → base[-0.045  0.509  0.688]
[INFO] [1779676159.554884915] [coord_transform]: [GROUND_TRUTH] Transform: cam[0.009 0.204 0.273] → base[-0.086  0.464  0.679]
[INFO] [1779676161.595273841] [coord_transform]: [GROUND_TRUTH] Transform: cam[-0.013  0.376  0.328] → base[-0.064  0.636  0.734]
[INFO] [1779676163.607671618] [coord_transform]: [GROUND_TRUTH] Transform: cam[-0.045  0.551  0.32 ] → base[-0.031  0.811  0.726]
[INFO] [1779676165.623214692] [coord_transform]: [GROUND_TRUTH] Transform: cam[-0.075  0.801  0.276] → base[-0.002  1.061  0.682]
[INFO] [1779676167.639261477] [coord_transform]: [GROUND_TRUTH] Transform: cam[-0.077  0.789  0.13 ] → base[-0.     1.049  0.536]
[INFO] [1779676169.668336740] [coord_transform]: [GROUND_TRUTH] Transform: cam[-0.074  0.775  0.084] → base[-0.003  1.035  0.49 ]
[INFO] [1779676171.705631296] [coord_transform]: [GROUND_TRUTH] Transform: cam[-0.088  0.755  0.03 ] → base[0.011 1.015 0.436]
[INFO] [1779676173.746523247] [coord_transform]: [GROUND_TRUTH] Transform: cam[-0.072  0.736  0.095] → base[-0.005  0.996  0.501]
[INFO] [1779676175.760227658] [coord_transform]: [GROUND_TRUTH] Transform: cam[-0.049  0.699  0.226] → base[-0.028  0.959  0.632]
[INFO] [1779676176.564996478] [coord_transform]: Trạng thái tracking: STOPPED
[INFO] [1779676181.997790730] [coord_transform]: Trạng thái tracking: STOPPED
[WARN] [1779676193.154697151] [coord_transform]: Outlier rejected #1 (jumped 938.4mm). Ignoring.
[WARN] [1779676193.187396922] [coord_transform]: Outlier rejected #2 (jumped 928.8mm). Ignoring.
[WARN] [1779676193.222048855] [coord_transform]: Outlier rejected #3 (jumped 911.9mm). Ignoring.
[WARN] [1779676193.257321571] [coord_transform]: Outlier rejected #4 (jumped 915.8mm). Ignoring.
[INFO] [1779676193.293503925] [coord_transform]: Too many outliers (5). Resetting filter to new position.
[WARN] [1779676238.825065421] [coord_transform]: Outlier rejected #1 (jumped 1355.0mm). Ignoring.
[WARN] [1779676238.861713063] [coord_transform]: Outlier rejected #2 (jumped 1317.8mm). Ignoring.
[WARN] [1779676238.912622009] [coord_transform]: Outlier rejected #3 (jumped 1313.4mm). Ignoring.
[WARN] [1779676238.947767499] [coord_transform]: Outlier rejected #4 (jumped 1302.6mm). Ignoring.
[INFO] [1779676239.156263506] [coord_transform]: Too many outliers (5). Resetting filter to new position.
[WARN] [1779676245.741032409] [coord_transform]: Outlier rejected #1 (jumped 170.2mm). Ignoring.
[WARN] [1779676245.789715901] [coord_transform]: Outlier rejected #2 (jumped 273.4mm). Ignoring.
[WARN] [1779676245.824246709] [coord_transform]: Outlier rejected #3 (jumped 183.3mm). Ignoring.
[WARN] [1779676245.861234725] [coord_transform]: Outlier rejected #4 (jumped 173.2mm). Ignoring.
[INFO] [1779676245.912426890] [coord_transform]: Too many outliers (5). Resetting filter to new position.
[WARN] [1779676253.052502339] [coord_transform]: Outlier rejected #1 (jumped 229.5mm). Ignoring.
[WARN] [1779676253.086952244] [coord_transform]: Outlier rejected #2 (jumped 232.6mm). Ignoring.
[WARN] [1779676253.118543751] [coord_transform]: Outlier rejected #3 (jumped 237.9mm). Ignoring.
[WARN] [1779676253.174079683] [coord_transform]: Outlier rejected #4 (jumped 232.6mm). Ignoring.
[INFO] [1779676253.215311440] [coord_transform]: Too many outliers (5). Resetting filter to new position.
[WARN] [1779676263.020044045] [coord_transform]: Outlier rejected #1 (jumped 674.6mm). Ignoring.
[WARN] [1779676263.057563909] [coord_transform]: Outlier rejected #2 (jumped 678.2mm). Ignoring.
[WARN] [1779676263.095819451] [coord_transform]: Outlier rejected #3 (jumped 688.8mm). Ignoring.
[WARN] [1779676263.136310079] [coord_transform]: Outlier rejected #4 (jumped 688.3mm). Ignoring.
[INFO] [1779676263.181723736] [coord_transform]: Too many outliers (5). Resetting filter to new position.
[WARN] [1779676268.915613256] [coord_transform]: Outlier rejected #1 (jumped 1004.2mm). Ignoring.
[WARN] [1779676268.948879791] [coord_transform]: Outlier rejected #2 (jumped 967.7mm). Ignoring.
[WARN] [1779676268.982190342] [coord_transform]: Outlier rejected #3 (jumped 961.8mm). Ignoring.
[WARN] [1779676269.014797561] [coord_transform]: Outlier rejected #4 (jumped 965.7mm). Ignoring.
[INFO] [1779676269.045056867] [coord_transform]: Too many outliers (5). Resetting filter to new position.
[INFO] [1779676272.758047932] [coord_transform]: Deadband: HOLD at (0.085, -0.010, 0.006)
[INFO] [1779676272.790513742] [coord_transform]: Deadband: RELEASE — motion detected
[INFO] [1779676274.808863864] [coord_transform]: Deadband: HOLD at (0.085, -0.010, 0.006)
[INFO] [1779676274.843291495] [coord_transform]: Deadband: RELEASE — motion detected
[INFO] [1779676292.100081357] [coord_transform]: Re-sync camera init: [0.078 0.029 0.01 ]
[INFO] [1779676292.100385523] [coord_transform]: Trạng thái tracking: RUNNING
[INFO] [1779676292.134460629] [coord_transform]: Deadband: RELEASE — motion detected
[INFO] [1779676292.136320961] [coord_transform]: [GROUND_TRUTH] Transform: cam[0.08  0.013 0.005] → base[-0.164  0.234  0.407]
[INFO] [1779676292.321597261] [coord_transform]: Deadband: HOLD at (0.078, 0.029, 0.010)
[INFO] [1779676294.155253481] [coord_transform]: [GROUND_TRUTH] Transform: cam[0.065 0.111 0.166] → base[-0.149  0.332  0.568]
[INFO] [1779676296.186395011] [coord_transform]: [GROUND_TRUTH] Transform: cam[0.055 0.253 0.249] → base[-0.139  0.474  0.651]
[INFO] [1779676298.207781075] [coord_transform]: [GROUND_TRUTH] Transform: cam[0.009 0.462 0.302] → base[-0.093  0.683  0.704]
[INFO] [1779676300.230264276] [coord_transform]: [GROUND_TRUTH] Transform: cam[-0.014  0.692  0.265] → base[-0.07   0.913  0.667]
[INFO] [1779676302.250447199] [coord_transform]: [GROUND_TRUTH] Transform: cam[-0.018  0.792  0.132] → base[-0.066  1.013  0.534]
[INFO] [1779676304.267790279] [coord_transform]: [GROUND_TRUTH] Transform: cam[-0.01   0.794 -0.035] → base[-0.074  1.015  0.367]
[INFO] [1779676306.294328163] [coord_transform]: [GROUND_TRUTH] Transform: cam[ 0.01   0.753 -0.099] → base[-0.094  0.974  0.303]
[INFO] [1779676308.318365767] [coord_transform]: [GROUND_TRUTH] Transform: cam[0.017 0.69  0.148] → base[-0.101  0.911  0.55 ]
[INFO] [1779676310.344620950] [coord_transform]: [GROUND_TRUTH] Transform: cam[0.049 0.501 0.318] → base[-0.133  0.722  0.72 ]
[INFO] [1779676312.379188476] [coord_transform]: [GROUND_TRUTH] Transform: cam[0.048 0.248 0.337] → base[-0.132  0.469  0.739]
[WARN] [1779676312.863249982] [coord_transform]: Outlier rejected #1 (jumped 152.4mm). Ignoring.
[INFO] [1779676314.391127147] [coord_transform]: [GROUND_TRUTH] Transform: cam[0.093 0.122 0.243] → base[-0.177  0.343  0.645]
[WARN] [1779676314.578787428] [coord_transform]: Outlier rejected #1 (jumped 194.3mm). Ignoring.
[INFO] [1779676316.440672927] [coord_transform]: [GROUND_TRUTH] Transform: cam[0.112 0.124 0.19 ] → base[-0.196  0.345  0.592]
[INFO] [1779676318.488326133] [coord_transform]: [GROUND_TRUTH] Transform: cam[0.033 0.316 0.283] → base[-0.117  0.537  0.685]
[INFO] [1779676320.503737747] [coord_transform]: [GROUND_TRUTH] Transform: cam[-0.043  0.54   0.311] → base[-0.041  0.761  0.713]
[INFO] [1779676322.511763464] [coord_transform]: [GROUND_TRUTH] Transform: cam[-0.122  0.714  0.262] → base[0.038 0.935 0.664]
[INFO] [1779676324.535344581] [coord_transform]: [GROUND_TRUTH] Transform: cam[-0.168  0.802  0.17 ] → base[0.084 1.023 0.572]
[INFO] [1779676326.544615854] [coord_transform]: [GROUND_TRUTH] Transform: cam[-0.159  0.799  0.031] → base[0.075 1.02  0.433]
[INFO] [1779676328.554326835] [coord_transform]: [GROUND_TRUTH] Transform: cam[-0.138  0.767 -0.092] → base[0.054 0.988 0.31 ]
[INFO] [1779676330.561785240] [coord_transform]: [GROUND_TRUTH] Transform: cam[-0.121  0.725 -0.037] → base[0.037 0.946 0.365]
[INFO] [1779676332.591711568] [coord_transform]: [GROUND_TRUTH] Transform: cam[-0.092  0.694  0.204] → base[0.008 0.915 0.606]
[INFO] [1779676334.611862061] [coord_transform]: [GROUND_TRUTH] Transform: cam[-0.039  0.526  0.303] → base[-0.045  0.747  0.705]
[INFO] [1779676336.625659097] [coord_transform]: [GROUND_TRUTH] Transform: cam[0.025 0.307 0.29 ] → base[-0.109  0.528  0.692]
[INFO] [1779676338.651522444] [coord_transform]: [GROUND_TRUTH] Transform: cam[0.073 0.236 0.188] → base[-0.157  0.457  0.59 ]
[INFO] [1779676339.001100025] [coord_transform]: Trạng thái tracking: STOPPED
[INFO] [1779676347.856369903] [coord_transform]: Re-sync camera init: [0.235 0.756 0.244]
[INFO] [1779676347.856814681] [coord_transform]: Trạng thái tracking: RUNNING
[INFO] [1779676347.865010251] [coord_transform]: Deadband: RELEASE — motion detected
[INFO] [1779676347.866227010] [coord_transform]: [GROUND_TRUTH] Transform: cam[0.238 0.754 0.242] → base[-0.164  0.248  0.41 ]
[INFO] [1779676348.016851715] [coord_transform]: Deadband: HOLD at (0.235, 0.756, 0.244)
[INFO] [1779676348.914375468] [coord_transform]: Trạng thái tracking: STOPPED
[INFO] [1779676349.885561926] [coord_transform]: Deadband: RELEASE — motion detected
[INFO] [1779676350.050679606] [coord_transform]: Deadband: HOLD at (0.235, 0.756, 0.244)
[INFO] [1779676350.796646732] [coord_transform]: Trạng thái tracking: STOPPED
[INFO] [1779676351.054695877] [coord_transform]: Trạng thái tracking: STOPPED
[INFO] [1779676351.319294410] [coord_transform]: Trạng thái tracking: STOPPED
[WARN] [1779676356.364204860] [coord_transform]: Outlier rejected #1 (jumped 214.3mm). Ignoring.
[WARN] [1779676356.415415208] [coord_transform]: Outlier rejected #2 (jumped 198.2mm). Ignoring.
[WARN] [1779676356.464626412] [coord_transform]: Outlier rejected #3 (jumped 238.3mm). Ignoring.
[WARN] [1779676356.510863221] [coord_transform]: Outlier rejected #4 (jumped 234.2mm). Ignoring.
[INFO] [1779676356.554657884] [coord_transform]: Too many outliers (5). Resetting filter to new position.
[WARN] [1779676465.384267630] [coord_transform]: Outlier rejected #1 (jumped 661.8mm). Ignoring.
[WARN] [1779676465.423992286] [coord_transform]: Outlier rejected #2 (jumped 651.4mm). Ignoring.
[WARN] [1779676465.458258175] [coord_transform]: Outlier rejected #3 (jumped 566.7mm). Ignoring.
[WARN] [1779676465.494892688] [coord_transform]: Outlier rejected #4 (jumped 559.5mm). Ignoring.
[INFO] [1779676465.525794662] [coord_transform]: Too many outliers (5). Resetting filter to new position.
[WARN] [1779676499.428302238] [coord_transform]: Outlier rejected #1 (jumped 214.2mm). Ignoring.
[INFO] [1779676521.890082648] [coord_transform]: Re-sync camera init: [ 0.084  0.01  -0.002]
[INFO] [1779676521.890731099] [coord_transform]: Trạng thái tracking: RUNNING
[INFO] [1779676521.898735341] [coord_transform]: Deadband: RELEASE — motion detected
[INFO] [1779676521.901000658] [coord_transform]: [GROUND_TRUTH] Transform: cam[ 0.085  0.002 -0.005] → base[-0.163  0.242  0.409]
[INFO] [1779676522.057585839] [coord_transform]: Deadband: HOLD at (0.084, 0.010, -0.002)
[INFO] [1779676523.909330315] [coord_transform]: [GROUND_TRUTH] Transform: cam[0.055 0.116 0.113] → base[-0.133  0.356  0.527]
[INFO] [1779676525.940594706] [coord_transform]: [GROUND_TRUTH] Transform: cam[0.064 0.272 0.224] → base[-0.142  0.512  0.638]
[INFO] [1779676527.944476266] [coord_transform]: [GROUND_TRUTH] Transform: cam[-0.015  0.569  0.263] → base[-0.064  0.809  0.677]
[INFO] [1779676529.963892609] [coord_transform]: [GROUND_TRUTH] Transform: cam[-0.077  0.809  0.141] → base[-1.000e-03  1.049e+00  5.550e-01]
[INFO] [1779676531.980145233] [coord_transform]: [GROUND_TRUTH] Transform: cam[-0.047  0.831 -0.061] → base[-0.031  1.071  0.353]
[INFO] [1779676534.013609959] [coord_transform]: [GROUND_TRUTH] Transform: cam[-0.03   0.761 -0.126] → base[-0.048  1.001  0.288]
[INFO] [1779676534.186261921] [coord_transform]: Trạng thái tracking: STOPPED
[WARN] [1779676587.272342609] [coord_transform]: Outlier rejected #1 (jumped 737.7mm). Ignoring.
[WARN] [1779676587.304998182] [coord_transform]: Outlier rejected #2 (jumped 656.3mm). Ignoring.
[WARN] [1779676587.345153464] [coord_transform]: Outlier rejected #3 (jumped 684.2mm). Ignoring.
[WARN] [1779676587.378368125] [coord_transform]: Outlier rejected #4 (jumped 768.0mm). Ignoring.
[INFO] [1779676587.424722437] [coord_transform]: Too many outliers (5). Resetting filter to new position.
[WARN] [1779676590.936404808] [coord_transform]: Outlier rejected #1 (jumped 197.8mm). Ignoring.
[WARN] [1779676590.982554055] [coord_transform]: Outlier rejected #2 (jumped 203.6mm). Ignoring.
[WARN] [1779676591.014937726] [coord_transform]: Outlier rejected #3 (jumped 242.6mm). Ignoring.
[WARN] [1779676591.047165554] [coord_transform]: Outlier rejected #4 (jumped 229.5mm). Ignoring.
[INFO] [1779676591.079993377] [coord_transform]: Too many outliers (5). Resetting filter to new position.
[WARN] [1779676592.410569014] [coord_transform]: Outlier rejected #1 (jumped 169.0mm). Ignoring.
[WARN] [1779676592.442295665] [coord_transform]: Outlier rejected #2 (jumped 261.9mm). Ignoring.
[WARN] [1779676592.475826442] [coord_transform]: Outlier rejected #3 (jumped 257.2mm). Ignoring.
[WARN] [1779676592.515964352] [coord_transform]: Outlier rejected #4 (jumped 267.5mm). Ignoring.
[INFO] [1779676592.549913786] [coord_transform]: Too many outliers (5). Resetting filter to new position.
[WARN] [1779676594.497206195] [coord_transform]: Outlier rejected #1 (jumped 175.0mm). Ignoring.
[WARN] [1779676594.530211875] [coord_transform]: Outlier rejected #2 (jumped 201.7mm). Ignoring.
[WARN] [1779676594.564651913] [coord_transform]: Outlier rejected #3 (jumped 201.1mm). Ignoring.
[WARN] [1779676594.599451156] [coord_transform]: Outlier rejected #4 (jumped 200.8mm). Ignoring.
[INFO] [1779676594.634351868] [coord_transform]: Too many outliers (5). Resetting filter to new position.
[WARN] [1779676617.507811079] [coord_transform]: Outlier rejected #1 (jumped 264.2mm). Ignoring.
[WARN] [1779676619.613738592] [coord_transform]: Outlier rejected #1 (jumped 560.2mm). Ignoring.
[WARN] [1779676619.646543296] [coord_transform]: Outlier rejected #2 (jumped 616.0mm). Ignoring.
[WARN] [1779676619.699737744] [coord_transform]: Outlier rejected #3 (jumped 627.8mm). Ignoring.
[WARN] [1779676619.732670013] [coord_transform]: Outlier rejected #4 (jumped 731.5mm). Ignoring.
[INFO] [1779676619.765685637] [coord_transform]: Too many outliers (5). Resetting filter to new position.
[WARN] [1779676619.899956166] [coord_transform]: Outlier rejected #1 (jumped 225.5mm). Ignoring.
[WARN] [1779676619.954045888] [coord_transform]: Outlier rejected #2 (jumped 365.0mm). Ignoring.
[WARN] [1779676619.991999635] [coord_transform]: Outlier rejected #3 (jumped 423.5mm). Ignoring.
[WARN] [1779676620.031509522] [coord_transform]: Outlier rejected #4 (jumped 406.9mm). Ignoring.
[INFO] [1779676620.072899217] [coord_transform]: Too many outliers (5). Resetting filter to new position.
[INFO] [1779676620.508106194] [coord_transform]: Deadband: HOLD at (0.084, 0.010, -0.002)
[INFO] [1779676620.540747077] [coord_transform]: Deadband: RELEASE — motion detected
[INFO] [1779676623.600293778] [coord_transform]: Deadband: RELEASE — motion detected
[INFO] [1779676623.634372727] [coord_transform]: Deadband: HOLD at (0.084, 0.010, -0.002)
[INFO] [1779676625.619320692] [coord_transform]: Deadband: RELEASE — motion detected
[INFO] [1779676625.655116750] [coord_transform]: Deadband: HOLD at (0.084, 0.010, -0.002)
[INFO] [1779676627.647177979] [coord_transform]: Deadband: RELEASE — motion detected
[INFO] [1779676627.694512427] [coord_transform]: Deadband: HOLD at (0.084, 0.010, -0.002)
[INFO] [1779676630.954925188] [coord_transform]: Deadband: RELEASE — motion detected
[INFO] [1779676630.994965837] [coord_transform]: Deadband: HOLD at (0.084, 0.010, -0.002)
[INFO] [1779676634.915682268] [coord_transform]: Deadband: RELEASE — motion detected
[INFO] [1779676634.962784954] [coord_transform]: Deadband: HOLD at (0.084, 0.010, -0.002)
[INFO] [1779676637.473979773] [coord_transform]: Re-sync camera init: [ 0.08   0.01  -0.014]
[INFO] [1779676637.474453557] [coord_transform]: Trạng thái tracking: RUNNING
[INFO] [1779676637.498317236] [coord_transform]: Deadband: RELEASE — motion detected
[INFO] [1779676637.499476887] [coord_transform]: [GROUND_TRUTH] Transform: cam[ 0.08   0.01  -0.014] → base[-0.162  0.25   0.412]
[INFO] [1779676637.646960594] [coord_transform]: Deadband: HOLD at (0.080, 0.010, -0.014)
[INFO] [1779676639.517547620] [coord_transform]: [GROUND_TRUTH] Transform: cam[0.036 0.184 0.183] → base[-0.119  0.424  0.609]
[INFO] [1779676641.575298831] [coord_transform]: [GROUND_TRUTH] Transform: cam[0.026 0.296 0.254] → base[-0.108  0.536  0.68 ]
[INFO] [1779676643.615418984] [coord_transform]: [GROUND_TRUTH] Transform: cam[-0.013  0.614  0.298] → base[-0.07   0.854  0.724]
[INFO] [1779676645.632235281] [coord_transform]: [GROUND_TRUTH] Transform: cam[-0.032  0.833  0.185] → base[-0.05   1.073  0.611]
[INFO] [1779676647.642871288] [coord_transform]: [GROUND_TRUTH] Transform: cam[-0.019  0.821 -0.012] → base[-0.063  1.061  0.414]
[INFO] [1779676650.468803098] [coord_transform]: [GROUND_TRUTH] Transform: cam[-0.002  0.804 -0.112] → base[-0.08   1.044  0.314]
[INFO] [1779676652.496662136] [coord_transform]: [GROUND_TRUTH] Transform: cam[-0.001  0.756 -0.131] → base[-0.082  0.996  0.294]
[INFO] [1779676653.864439182] [coord_transform]: Trạng thái tracking: STOPPED
[INFO] [1779676659.976658773] [coord_transform]: Deadband: HOLD at (0.080, 0.010, -0.014)
[INFO] [1779676660.010230937] [coord_transform]: Deadband: RELEASE — motion detected
[WARN] [1779676660.053122466] [coord_transform]: Outlier rejected #1 (jumped 263.0mm). Ignoring.
[WARN] [1779676660.123490173] [coord_transform]: Outlier rejected #1 (jumped 171.4mm). Ignoring.
[WARN] [1779676660.166455273] [coord_transform]: Outlier rejected #2 (jumped 229.4mm). Ignoring.
[WARN] [1779676660.221038528] [coord_transform]: Outlier rejected #3 (jumped 247.1mm). Ignoring.
[WARN] [1779676660.256943373] [coord_transform]: Outlier rejected #4 (jumped 322.5mm). Ignoring.
[INFO] [1779676660.299655416] [coord_transform]: Too many outliers (5). Resetting filter to new position.
[WARN] [1779676661.013878573] [coord_transform]: Outlier rejected #1 (jumped 810.0mm). Ignoring.
[WARN] [1779676661.047987993] [coord_transform]: Outlier rejected #2 (jumped 937.6mm). Ignoring.
[WARN] [1779676661.082783202] [coord_transform]: Outlier rejected #3 (jumped 944.9mm). Ignoring.
[WARN] [1779676661.123985708] [coord_transform]: Outlier rejected #4 (jumped 990.1mm). Ignoring.
[INFO] [1779676661.160541838] [coord_transform]: Too many outliers (5). Resetting filter to new position.
[WARN] [1779676661.712945060] [coord_transform]: Outlier rejected #1 (jumped 700.8mm). Ignoring.
[WARN] [1779676661.747281630] [coord_transform]: Outlier rejected #2 (jumped 972.3mm). Ignoring.
[WARN] [1779676661.789761575] [coord_transform]: Outlier rejected #3 (jumped 1093.3mm). Ignoring.
[WARN] [1779676661.828145708] [coord_transform]: Outlier rejected #4 (jumped 1117.0mm). Ignoring.
[INFO] [1779676661.865683253] [coord_transform]: Too many outliers (5). Resetting filter to new position.
[WARN] [1779676677.264534163] [coord_transform]: Outlier rejected #1 (jumped 593.3mm). Ignoring.
[WARN] [1779676677.297598933] [coord_transform]: Outlier rejected #2 (jumped 589.5mm). Ignoring.
[WARN] [1779676677.333454230] [coord_transform]: Outlier rejected #3 (jumped 585.3mm). Ignoring.
[WARN] [1779676677.370057957] [coord_transform]: Outlier rejected #4 (jumped 584.6mm). Ignoring.
[INFO] [1779676677.403377754] [coord_transform]: Too many outliers (5). Resetting filter to new position.
[WARN] [1779676708.329012099] [coord_transform]: Outlier rejected #1 (jumped 607.2mm). Ignoring.
[WARN] [1779676708.404693714] [coord_transform]: Outlier rejected #2 (jumped 517.0mm). Ignoring.
[WARN] [1779676708.438881967] [coord_transform]: Outlier rejected #3 (jumped 538.4mm). Ignoring.
[WARN] [1779676708.486981262] [coord_transform]: Outlier rejected #4 (jumped 518.2mm). Ignoring.
[INFO] [1779676708.520083351] [coord_transform]: Too many outliers (5). Resetting filter to new position.
[WARN] [1779676709.301419766] [coord_transform]: Outlier rejected #1 (jumped 158.1mm). Ignoring.
[WARN] [1779676709.337421511] [coord_transform]: Outlier rejected #2 (jumped 159.7mm). Ignoring.
[WARN] [1779676709.371498962] [coord_transform]: Outlier rejected #3 (jumped 164.7mm). Ignoring.
[WARN] [1779676709.403592415] [coord_transform]: Outlier rejected #4 (jumped 171.6mm). Ignoring.
[WARN] [1779676711.532090074] [coord_transform]: Outlier rejected #1 (jumped 153.3mm). Ignoring.
[WARN] [1779676711.564195790] [coord_transform]: Outlier rejected #2 (jumped 283.9mm). Ignoring.
[WARN] [1779676711.599497620] [coord_transform]: Outlier rejected #3 (jumped 365.6mm). Ignoring.
[WARN] [1779676711.635131995] [coord_transform]: Outlier rejected #4 (jumped 358.3mm). Ignoring.
[INFO] [1779676711.671066167] [coord_transform]: Too many outliers (5). Resetting filter to new position.
[INFO] [1779676733.123156044] [coord_transform]: Deadband: HOLD at (0.080, 0.010, -0.014)
[INFO] [1779676733.160672604] [coord_transform]: Deadband: RELEASE — motion detected
[INFO] [1779676735.141000683] [coord_transform]: Deadband: HOLD at (0.080, 0.010, -0.014)
[INFO] [1779676735.177828757] [coord_transform]: Deadband: RELEASE — motion detected
[INFO] [1779676737.198365544] [coord_transform]: Deadband: HOLD at (0.080, 0.010, -0.014)
[INFO] [1779676737.233519737] [coord_transform]: Deadband: RELEASE — motion detected
[INFO] [1779676739.198543355] [coord_transform]: Deadband: HOLD at (0.080, 0.010, -0.014)
[INFO] [1779676739.315543990] [coord_transform]: Deadband: RELEASE — motion detected
[INFO] [1779676741.346178392] [coord_transform]: Deadband: RELEASE — motion detected
[INFO] [1779676741.384937220] [coord_transform]: Deadband: HOLD at (0.080, 0.010, -0.014)
[INFO] [1779676743.388986378] [coord_transform]: Deadband: RELEASE — motion detected
[INFO] [1779676743.422075988] [coord_transform]: Deadband: HOLD at (0.080, 0.010, -0.014)
[INFO] [1779676745.427762772] [coord_transform]: Deadband: RELEASE — motion detected
[INFO] [1779676745.464807070] [coord_transform]: Deadband: HOLD at (0.080, 0.010, -0.014)
[INFO] [1779676747.438364304] [coord_transform]: Deadband: RELEASE — motion detected
[INFO] [1779676747.474538534] [coord_transform]: Deadband: HOLD at (0.080, 0.010, -0.014)
[INFO] [1779676748.794968595] [coord_transform]: Re-sync camera init: [ 0.088 -0.04  -0.   ]
[INFO] [1779676748.795373130] [coord_transform]: Trạng thái tracking: RUNNING
[INFO] [1779676748.811784374] [coord_transform]: [GROUND_TRUTH] Transform: cam[ 0.087 -0.036  0.004] → base[-0.161  0.254  0.416]
[INFO] [1779676749.748221935] [coord_transform]: Deadband: RELEASE — motion detected
[INFO] [1779676749.801007143] [coord_transform]: Deadband: HOLD at (0.088, -0.040, -0.000)
[INFO] [1779676750.822480208] [coord_transform]: [GROUND_TRUTH] Transform: cam[0.038 0.149 0.179] → base[-0.112  0.439  0.591]
[INFO] [1779676752.855418678] [coord_transform]: [GROUND_TRUTH] Transform: cam[0.024 0.311 0.262] → base[-0.098  0.601  0.674]
[INFO] [1779676754.884050781] [coord_transform]: [GROUND_TRUTH] Transform: cam[-0.042  0.619  0.274] → base[-0.033  0.909  0.686]
[INFO] [1779676756.921363669] [coord_transform]: [GROUND_TRUTH] Transform: cam[-0.078  0.789  0.126] → base[0.003 1.079 0.538]
[INFO] [1779676758.930732213] [coord_transform]: [GROUND_TRUTH] Transform: cam[-0.045  0.767 -0.07 ] → base[-0.029  1.057  0.342]
[INFO] [1779676760.955514821] [coord_transform]: [GROUND_TRUTH] Transform: cam[-0.029  0.729 -0.139] → base[-0.045  1.019  0.273]
[INFO] [1779676761.691177301] [coord_transform]: Trạng thái tracking: STOPPED
[WARN] [1779676809.482883860] [coord_transform]: Outlier rejected #1 (jumped 579.7mm). Ignoring.
[WARN] [1779676809.517879403] [coord_transform]: Outlier rejected #2 (jumped 578.2mm). Ignoring.
[WARN] [1779676809.572230664] [coord_transform]: Outlier rejected #3 (jumped 588.6mm). Ignoring.
[WARN] [1779676809.604647914] [coord_transform]: Outlier rejected #4 (jumped 588.6mm). Ignoring.
[INFO] [1779676809.639789221] [coord_transform]: Too many outliers (5). Resetting filter to new position.
[WARN] [1779676810.634944880] [coord_transform]: Outlier rejected #1 (jumped 155.3mm). Ignoring.
[WARN] [1779676810.706051012] [coord_transform]: Outlier rejected #2 (jumped 169.8mm). Ignoring.
[WARN] [1779676810.758607256] [coord_transform]: Outlier rejected #3 (jumped 249.8mm). Ignoring.
[WARN] [1779676810.807512120] [coord_transform]: Outlier rejected #4 (jumped 258.1mm). Ignoring.
[INFO] [1779676810.870382293] [coord_transform]: Too many outliers (5). Resetting filter to new position.
[WARN] [1779676833.050172059] [coord_transform]: Outlier rejected #1 (jumped 163.6mm). Ignoring.
[WARN] [1779676835.240090001] [coord_transform]: Outlier rejected #1 (jumped 247.9mm). Ignoring.
[WARN] [1779676835.277543112] [coord_transform]: Outlier rejected #2 (jumped 161.0mm). Ignoring.
[WARN] [1779676835.311401981] [coord_transform]: Outlier rejected #3 (jumped 216.5mm). Ignoring.
[WARN] [1779676835.357152094] [coord_transform]: Outlier rejected #4 (jumped 238.7mm). Ignoring.
[INFO] [1779676835.391046916] [coord_transform]: Too many outliers (5). Resetting filter to new position.
[WARN] [1779676836.250371663] [coord_transform]: Outlier rejected #1 (jumped 157.4mm). Ignoring.
[WARN] [1779676836.284096088] [coord_transform]: Outlier rejected #2 (jumped 179.6mm). Ignoring.
[WARN] [1779676836.322711042] [coord_transform]: Outlier rejected #3 (jumped 174.4mm). Ignoring.
[WARN] [1779676836.373289568] [coord_transform]: Outlier rejected #4 (jumped 210.0mm). Ignoring.
[INFO] [1779676836.407101442] [coord_transform]: Too many outliers (5). Resetting filter to new position.
