[INFO] [1779942941.059210012] [trajectory_predictor]: [Predictor] Worker launched (pid=34379)
[INFO] [1779942941.059810497] [trajectory_predictor]: [Predictor] Started | model=gru | window=20 | auto_start=True
  Output Filter: enabled=True, ema_alpha=0.35, max_dev=0.08, max_rate=0.04
[WARN] [1779942942.597229818] [trajectory_predictor]: [Worker STDERR] /usr/lib/python3/dist-packages/scipy/__init__.py:146: UserWarning: A NumPy version >=1.17.3 and <1.25.0 is required for this version of SciPy (detected version 1.26.4
[WARN] [1779942942.597632444] [trajectory_predictor]: [Worker STDERR] warnings.warn(f"A NumPy version >={np_minversion} and <{np_maxversion}"
[WARN] [1779942943.714735194] [trajectory_predictor]: [Worker STDERR] /home/duy/.local/lib/python3.10/site-packages/sklearn/base.py:442: InconsistentVersionWarning: Trying to unpickle estimator MinMaxScaler from version 1.6.1 when using version 1.7.2. This might lead to breaking code or invalid results. Use at your own risk. For more info please refer to:
[INFO] [1779942943.715720594] [trajectory_predictor]: [Worker] TF 2.21.0 and sklearn loaded
[WARN] [1779942943.715916353] [trajectory_predictor]: [Worker STDERR] https://scikit-learn.org/stable/model_persistence.html#security-maintainability-limitations
[WARN] [1779942943.716616921] [trajectory_predictor]: [Worker STDERR] warnings.warn(
[INFO] [1779942944.537704843] [trajectory_predictor]: [Predictor] Worker READY | model=gru
[INFO] [1779942950.662432016] [trajectory_predictor]: [Filter] raw=(0.4300,0.1910,-0.1082) → filt=(0.4300,-1.6770,-0.1576) Δ=(0.0000,1.8680,0.0493)
[INFO] [1779942956.857375304] [trajectory_predictor]: [Filter] raw=(0.4325,0.1776,-0.1083) → filt=(0.4259,-1.7115,-0.1564) Δ=(0.0065,1.8890,0.0480)
[INFO] [1779942963.653197355] [trajectory_predictor]: [Filter] raw=(0.2138,0.1652,-0.1404) → filt=(0.1363,-1.7327,-0.2187) Δ=(0.0774,1.8979,0.0782)
[INFO] [1779942970.518910523] [trajectory_predictor]: [Filter] raw=(0.1193,0.0347,0.0282) → filt=(0.0791,0.0287,0.0303) Δ=(0.0402,0.0060,0.0021)
[INFO] [1779942973.247734398] [trajectory_predictor]: [Predictor] Predicting STOPPED
[INFO] [1779942981.226092201] [trajectory_predictor]: [Predictor] Auto-enabled prediction mode via /trajectory_mode
[INFO] [1779942981.916089697] [trajectory_predictor]: [Filter] raw=(0.0863,0.0617,0.0342) → filt=(0.0796,0.0697,0.0358) Δ=(0.0067,0.0080,0.0016)
[INFO] [1779942988.700179514] [trajectory_predictor]: [Filter] raw=(0.0457,0.0643,0.0344) → filt=(0.0709,0.0651,0.0352) Δ=(0.0252,0.0009,0.0009)
[INFO] [1779942995.357574030] [trajectory_predictor]: [Filter] raw=(0.0642,0.0780,0.0364) → filt=(0.0704,0.0700,0.0377) Δ=(0.0062,0.0080,0.0013)
[INFO] [1779942997.954100826] [trajectory_predictor]: [Predictor] Predicting STARTED
[INFO] [1779943002.205758125] [trajectory_predictor]: [Filter] raw=(0.0169,0.3522,0.2269) → filt=(0.0994,0.1798,0.2177) Δ=(0.0825,0.1724,0.0093)
[INFO] [1779943009.072304151] [trajectory_predictor]: [Filter] raw=(0.1306,0.5310,0.0743) → filt=(0.1282,0.5242,0.0713) Δ=(0.0024,0.0068,0.0030)
[INFO] [1779943015.858813860] [trajectory_predictor]: [Filter] raw=(0.0421,0.1217,0.2885) → filt=(0.0672,0.1351,0.2843) Δ=(0.0251,0.0134,0.0042)
[INFO] [1779943022.805615458] [trajectory_predictor]: [Filter] raw=(0.0735,0.0524,0.0638) → filt=(0.0729,0.0602,0.0645) Δ=(0.0006,0.0078,0.0007)
[INFO] [1779943029.920759870] [trajectory_predictor]: [Filter] raw=(-0.1427,0.5204,0.1110) → filt=(-0.1384,0.5064,0.1163) Δ=(0.0043,0.0140,0.0053)
[INFO] [1779943036.707565381] [trajectory_predictor]: [Filter] raw=(0.0064,0.0624,0.1624) → filt=(-0.0000,0.0786,0.1703) Δ=(0.0065,0.0163,0.0079)
[INFO] [1779943043.662445704] [trajectory_predictor]: [Filter] raw=(0.1988,0.4900,0.0788) → filt=(0.1877,0.5030,0.0725) Δ=(0.0111,0.0130,0.0063)
[INFO] [1779943050.024542655] [trajectory_predictor]: [Predictor] Predicting STOPPED
[WARN] [1779943437.001511867] [trajectory_predictor]: [Worker STDERR] Traceback (most recent call last):
[WARN] [1779943437.002145079] [trajectory_predictor]: [Worker STDERR] File "/home/duy/cocarry_ws/install/trajectory_predictor/lib/python3.10/site-packages/trajectory_predictor/inference_worker.py", line 255, in <module>
[WARN] [1779943437.002856372] [trajectory_predictor]: [Worker STDERR] main()
[WARN] [1779943437.003484344] [trajectory_predictor]: [Worker STDERR] File "/home/duy/cocarry_ws/install/trajectory_predictor/lib/python3.10/site-packages/trajectory_predictor/inference_worker.py", line 190, in main
[WARN] [1779943437.004198066] [trajectory_predictor]: [Worker STDERR] for line in sys.stdin:
[WARN] [1779943437.005145378] [trajectory_predictor]: [Worker STDERR] KeyboardInterrupt
