[INFO] [1781236088.962119520] [cartesian_streamer]: CartesianStreamer khởi động (chờ Enable Robot từ UI).
  Stream rate:       15 Hz (period=66.7ms)
  Queue dt:          0.067 s
  Prebuffer points:  3
  Retry backoff:     66.0 ms
  Gửi PoseStamped lên: /cartesian_streamer/target_pose
  Gửi XYZ lên:        /cartesian_streamer/target_xyz
  Nhận EE pose tại:   /cartesian_streamer/current_pose
[INFO] [1781236088.965936025] [cartesian_streamer]: Nhận joint_states: ['1.400', '1.149', '1.041', '-0.005', '-1.438', '0.172']
[WARN] [1781236090.432987605] [cartesian_streamer]: Không thể cross-validate FK (local hoặc MoveIt! FK thất bại). Local IK vẫn hoạt động nhưng CHƯA ĐƯỢC VALIDATE.
[INFO] [1781236090.434060929] [cartesian_streamer]: Đã nhận joint_states. EE hiện tại: (0.0338, 1.1502, 0.3789). IK mode: Local DLS. Chờ Enable Robot từ UI...
[INFO] [1781236102.999921534] [cartesian_streamer]: Disable Robot: dừng stream, tắt traj mode...
[INFO] [1781236103.000518460] [cartesian_streamer]: ✗ Robot DISABLED.
[INFO] [1781236150.374748518] [cartesian_streamer]: Enable Robot: bắt đầu chuỗi khởi động...
[INFO] [1781236150.375247493] [cartesian_streamer]: Enable: reset_error...
[INFO] [1781236150.393540255] [cartesian_streamer]: reset_error: code=1, msg="success"
[INFO] [1781236150.394060030] [cartesian_streamer]: Enable: stop_traj_mode (giải phóng mode cũ)...
[INFO] [1781236150.446764384] [cartesian_streamer]: stop_traj_mode: success=True, code=N/A, msg=""
[INFO] [1781236150.447255761] [cartesian_streamer]: Enable: chờ 1.5s để hệ thống ổn định trước khi start queue...
[INFO] [1781236151.948338034] [cartesian_streamer]: Enable: StartPointQueueMode...
[INFO] [1781236155.924103453] [cartesian_streamer]: StartPointQueueMode response: code=1, msg=""
[INFO] [1781236155.924645433] [cartesian_streamer]: ✓ Robot ENABLED — Point Queue Mode active. Servo ON!
[INFO] [1781236155.931736695] [cartesian_streamer]: Runtime rate: state=seeding, tick_hz=0.0, queue_send_hz=0.0, ack_hz=0.0, busy_hz=0.0, retry_count=0, reject_count=0, inter_ack_ms=0.0, max_joint_delta=0.000, cumul_time=0.00s, hold_count=0, ik_mode=Local, ik_avg_ms=0.00, ik_fails=0
[INFO] [1781236155.932711901] [cartesian_streamer]: Bootstrap EE pose via FK: (-0.1620, 0.2959, 0.3840)
[INFO] [1781236155.933301234] [cartesian_streamer]: Đang stream qua service: /queue_traj_point
[INFO] [1781236155.934125456] [cartesian_streamer]: Đã gửi seed point (current joints, t=0), chờ ACK...
[INFO] [1781236155.998609877] [cartesian_streamer]: Bootstrap EE pose via FK: (-0.1620, 0.2959, 0.3840)
[INFO] [1781236156.065892349] [cartesian_streamer]: Bootstrap EE pose via FK: (-0.1620, 0.2959, 0.3840)
[INFO] [1781236156.132117599] [cartesian_streamer]: Bootstrap EE pose via FK: (-0.1620, 0.2959, 0.3840)
[INFO] [1781236156.198457262] [cartesian_streamer]: Bootstrap EE pose via FK: (-0.1620, 0.2959, 0.3840)
[INFO] [1781236156.265421054] [cartesian_streamer]: Bootstrap EE pose via FK: (-0.1620, 0.2959, 0.3840)
[INFO] [1781236156.332005394] [cartesian_streamer]: Bootstrap EE pose via FK: (-0.1620, 0.2959, 0.3840)
[INFO] [1781236156.398782915] [cartesian_streamer]: Bootstrap EE pose via FK: (-0.1620, 0.2959, 0.3840)
[INFO] [1781236156.465148605] [cartesian_streamer]: Bootstrap EE pose via FK: (-0.1620, 0.2959, 0.3840)
[INFO] [1781236156.532134623] [cartesian_streamer]: Bootstrap EE pose via FK: (-0.1620, 0.2959, 0.3840)
[INFO] [1781236156.598628314] [cartesian_streamer]: Bootstrap EE pose via FK: (-0.1620, 0.2959, 0.3840)
[INFO] [1781236156.665689379] [cartesian_streamer]: Bootstrap EE pose via FK: (-0.1620, 0.2959, 0.3840)
[INFO] [1781236156.732331234] [cartesian_streamer]: Bootstrap EE pose via FK: (-0.1620, 0.2959, 0.3840)
[INFO] [1781236156.798847434] [cartesian_streamer]: Bootstrap EE pose via FK: (-0.1620, 0.2959, 0.3840)
[INFO] [1781236156.865070911] [cartesian_streamer]: Bootstrap EE pose via FK: (-0.1620, 0.2959, 0.3840)
[INFO] [1781236156.932746095] [cartesian_streamer]: Bootstrap EE pose via FK: (-0.1620, 0.2959, 0.3840)
[INFO] [1781236156.999059909] [cartesian_streamer]: Bootstrap EE pose via FK: (-0.1620, 0.2959, 0.3840)
[INFO] [1781236157.065536726] [cartesian_streamer]: Bootstrap EE pose via FK: (-0.1620, 0.2959, 0.3840)
[INFO] [1781236157.131624130] [cartesian_streamer]: Bootstrap EE pose via FK: (-0.1620, 0.2959, 0.3840)
[INFO] [1781236157.198637363] [cartesian_streamer]: Bootstrap EE pose via FK: (-0.1620, 0.2959, 0.3840)
[INFO] [1781236157.265421218] [cartesian_streamer]: Bootstrap EE pose via FK: (-0.1620, 0.2959, 0.3840)
[INFO] [1781236157.331748954] [cartesian_streamer]: Bootstrap EE pose via FK: (-0.1620, 0.2959, 0.3840)
[INFO] [1781236157.398256883] [cartesian_streamer]: Bootstrap EE pose via FK: (-0.1620, 0.2959, 0.3840)
[INFO] [1781236157.465431819] [cartesian_streamer]: Bootstrap EE pose via FK: (-0.1620, 0.2959, 0.3840)
[INFO] [1781236157.532224588] [cartesian_streamer]: Bootstrap EE pose via FK: (-0.1620, 0.2959, 0.3840)
[INFO] [1781236157.598077868] [cartesian_streamer]: Bootstrap EE pose via FK: (-0.1620, 0.2959, 0.3840)
[INFO] [1781236157.665634938] [cartesian_streamer]: Bootstrap EE pose via FK: (-0.1620, 0.2959, 0.3840)
[INFO] [1781236157.731567940] [cartesian_streamer]: Bootstrap EE pose via FK: (-0.1620, 0.2959, 0.3840)
[INFO] [1781236157.798947188] [cartesian_streamer]: Bootstrap EE pose via FK: (-0.1620, 0.2959, 0.3840)
[INFO] [1781236157.865230515] [cartesian_streamer]: Bootstrap EE pose via FK: (-0.1620, 0.2959, 0.3840)
[INFO] [1781236157.932436355] [cartesian_streamer]: Bootstrap EE pose via FK: (-0.1620, 0.2959, 0.3840)
[INFO] [1781236157.998549674] [cartesian_streamer]: Bootstrap EE pose via FK: (-0.1620, 0.2959, 0.3840)
[INFO] [1781236158.065344160] [cartesian_streamer]: Bootstrap EE pose via FK: (-0.1620, 0.2959, 0.3840)
[INFO] [1781236158.131659913] [cartesian_streamer]: Bootstrap EE pose via FK: (-0.1620, 0.2959, 0.3840)
[INFO] [1781236158.198287367] [cartesian_streamer]: Bootstrap EE pose via FK: (-0.1620, 0.2959, 0.3840)
[INFO] [1781236158.265645484] [cartesian_streamer]: Bootstrap EE pose via FK: (-0.1620, 0.2959, 0.3840)
[INFO] [1781236158.331798649] [cartesian_streamer]: Bootstrap EE pose via FK: (-0.1620, 0.2959, 0.3840)
[INFO] [1781236158.398298097] [cartesian_streamer]: Bootstrap EE pose via FK: (-0.1620, 0.2959, 0.3840)
[INFO] [1781236158.465710513] [cartesian_streamer]: Bootstrap EE pose via FK: (-0.1620, 0.2959, 0.3840)
[INFO] [1781236158.531606919] [cartesian_streamer]: Bootstrap EE pose via FK: (-0.1620, 0.2959, 0.3840)
[INFO] [1781236158.598955498] [cartesian_streamer]: Bootstrap EE pose via FK: (-0.1620, 0.2959, 0.3840)
[INFO] [1781236158.665440794] [cartesian_streamer]: Bootstrap EE pose via FK: (-0.1620, 0.2959, 0.3840)
[INFO] [1781236158.731602590] [cartesian_streamer]: Bootstrap EE pose via FK: (-0.1620, 0.2959, 0.3840)
[INFO] [1781236158.798637041] [cartesian_streamer]: Bootstrap EE pose via FK: (-0.1620, 0.2959, 0.3840)
[INFO] [1781236158.865550334] [cartesian_streamer]: Bootstrap EE pose via FK: (-0.1620, 0.2959, 0.3840)
[INFO] [1781236158.932201434] [cartesian_streamer]: Bootstrap EE pose via FK: (-0.1620, 0.2959, 0.3840)
[INFO] [1781236158.998782891] [cartesian_streamer]: Bootstrap EE pose via FK: (-0.1620, 0.2959, 0.3840)
[INFO] [1781236159.065105148] [cartesian_streamer]: Bootstrap EE pose via FK: (-0.1620, 0.2959, 0.3840)
[INFO] [1781236159.132206587] [cartesian_streamer]: Bootstrap EE pose via FK: (-0.1620, 0.2959, 0.3840)
[INFO] [1781236159.198516243] [cartesian_streamer]: Bootstrap EE pose via FK: (-0.1620, 0.2959, 0.3840)
[INFO] [1781236159.265735976] [cartesian_streamer]: Bootstrap EE pose via FK: (-0.1620, 0.2959, 0.3840)
[INFO] [1781236159.332420535] [cartesian_streamer]: Bootstrap EE pose via FK: (-0.1620, 0.2959, 0.3840)
[INFO] [1781236159.398711960] [cartesian_streamer]: Bootstrap EE pose via FK: (-0.1620, 0.2959, 0.3840)
[INFO] [1781236159.465692773] [cartesian_streamer]: Bootstrap EE pose via FK: (-0.1620, 0.2959, 0.3840)
[INFO] [1781236159.531897312] [cartesian_streamer]: Bootstrap EE pose via FK: (-0.1620, 0.2959, 0.3840)
[INFO] [1781236159.598358520] [cartesian_streamer]: Bootstrap EE pose via FK: (-0.1620, 0.2959, 0.3840)
[INFO] [1781236159.665146941] [cartesian_streamer]: Bootstrap EE pose via FK: (-0.1620, 0.2959, 0.3840)
[INFO] [1781236159.731986992] [cartesian_streamer]: Bootstrap EE pose via FK: (-0.1620, 0.2959, 0.3840)
[INFO] [1781236159.798666198] [cartesian_streamer]: Bootstrap EE pose via FK: (-0.1620, 0.2959, 0.3840)
[INFO] [1781236159.865155311] [cartesian_streamer]: Bootstrap EE pose via FK: (-0.1620, 0.2959, 0.3840)
[INFO] [1781236159.932297177] [cartesian_streamer]: Bootstrap EE pose via FK: (-0.1620, 0.2959, 0.3840)
[INFO] [1781236159.998800997] [cartesian_streamer]: Bootstrap EE pose via FK: (-0.1620, 0.2959, 0.3840)
[INFO] [1781236160.065490045] [cartesian_streamer]: Bootstrap EE pose via FK: (-0.1620, 0.2959, 0.3840)
[INFO] [1781236160.132266541] [cartesian_streamer]: Bootstrap EE pose via FK: (-0.1620, 0.2959, 0.3840)
[INFO] [1781236160.198551240] [cartesian_streamer]: Bootstrap EE pose via FK: (-0.1620, 0.2959, 0.3840)
[INFO] [1781236160.265291144] [cartesian_streamer]: Bootstrap EE pose via FK: (-0.1620, 0.2959, 0.3840)
[INFO] [1781236160.331706757] [cartesian_streamer]: Bootstrap EE pose via FK: (-0.1620, 0.2959, 0.3840)
[INFO] [1781236160.398416546] [cartesian_streamer]: Bootstrap EE pose via FK: (-0.1620, 0.2959, 0.3840)
[INFO] [1781236160.465839344] [cartesian_streamer]: Bootstrap EE pose via FK: (-0.1620, 0.2959, 0.3840)
[INFO] [1781236160.531637177] [cartesian_streamer]: Bootstrap EE pose via FK: (-0.1620, 0.2959, 0.3840)
[INFO] [1781236160.599256243] [cartesian_streamer]: Bootstrap EE pose via FK: (-0.1620, 0.2959, 0.3840)
[INFO] [1781236160.665427606] [cartesian_streamer]: Bootstrap EE pose via FK: (-0.1620, 0.2959, 0.3840)
[INFO] [1781236160.731928947] [cartesian_streamer]: Bootstrap EE pose via FK: (-0.1620, 0.2959, 0.3840)
[INFO] [1781236160.798897571] [cartesian_streamer]: Bootstrap EE pose via FK: (-0.1620, 0.2959, 0.3840)
[INFO] [1781236160.865333059] [cartesian_streamer]: Bootstrap EE pose via FK: (-0.1620, 0.2959, 0.3840)
[INFO] [1781236160.931696797] [cartesian_streamer]: Runtime rate: state=seeding, tick_hz=15.0, queue_send_hz=0.2, ack_hz=0.0, busy_hz=0.0, retry_count=0, reject_count=0, inter_ack_ms=0.0, max_joint_delta=0.000, cumul_time=0.00s, hold_count=0, ik_mode=Local, ik_avg_ms=0.00, ik_fails=0
[INFO] [1781236160.932307888] [cartesian_streamer]: Bootstrap EE pose via FK: (-0.1620, 0.2959, 0.3840)
[INFO] [1781236160.998269425] [cartesian_streamer]: Bootstrap EE pose via FK: (-0.1620, 0.2959, 0.3840)
[INFO] [1781236161.064704032] [cartesian_streamer]: Bootstrap EE pose via FK: (-0.1620, 0.2959, 0.3840)
[INFO] [1781236161.131558616] [cartesian_streamer]: Bootstrap EE pose via FK: (-0.1620, 0.2959, 0.3840)
[INFO] [1781236161.198469790] [cartesian_streamer]: Bootstrap EE pose via FK: (-0.1620, 0.2959, 0.3840)
[INFO] [1781236161.265339373] [cartesian_streamer]: Bootstrap EE pose via FK: (-0.1620, 0.2959, 0.3840)
[INFO] [1781236161.332248472] [cartesian_streamer]: Bootstrap EE pose via FK: (-0.1620, 0.2959, 0.3840)
[INFO] [1781236161.399267703] [cartesian_streamer]: Bootstrap EE pose via FK: (-0.1620, 0.2959, 0.3840)
[INFO] [1781236161.465234693] [cartesian_streamer]: Bootstrap EE pose via FK: (-0.1620, 0.2959, 0.3840)
[INFO] [1781236161.531965676] [cartesian_streamer]: Bootstrap EE pose via FK: (-0.1620, 0.2959, 0.3840)
[INFO] [1781236161.598801700] [cartesian_streamer]: Bootstrap EE pose via FK: (-0.1620, 0.2959, 0.3840)
[INFO] [1781236161.665330888] [cartesian_streamer]: Bootstrap EE pose via FK: (-0.1620, 0.2959, 0.3840)
[INFO] [1781236161.732146049] [cartesian_streamer]: Bootstrap EE pose via FK: (-0.1620, 0.2959, 0.3840)
[INFO] [1781236161.798752631] [cartesian_streamer]: Bootstrap EE pose via FK: (-0.1620, 0.2959, 0.3840)
[INFO] [1781236161.865297652] [cartesian_streamer]: Bootstrap EE pose via FK: (-0.1620, 0.2959, 0.3840)
[INFO] [1781236161.933035342] [cartesian_streamer]: Bootstrap EE pose via FK: (-0.1620, 0.2959, 0.3840)
[INFO] [1781236161.998545134] [cartesian_streamer]: Bootstrap EE pose via FK: (-0.1620, 0.2959, 0.3840)
[INFO] [1781236162.065169728] [cartesian_streamer]: Bootstrap EE pose via FK: (-0.1620, 0.2959, 0.3840)
[INFO] [1781236162.132236557] [cartesian_streamer]: Bootstrap EE pose via FK: (-0.1620, 0.2959, 0.3840)
[INFO] [1781236162.198538942] [cartesian_streamer]: Bootstrap EE pose via FK: (-0.1620, 0.2959, 0.3840)
[INFO] [1781236162.265095748] [cartesian_streamer]: Bootstrap EE pose via FK: (-0.1620, 0.2959, 0.3840)
[INFO] [1781236162.331664287] [cartesian_streamer]: Bootstrap EE pose via FK: (-0.1620, 0.2959, 0.3840)
[INFO] [1781236162.398064321] [cartesian_streamer]: Bootstrap EE pose via FK: (-0.1620, 0.2959, 0.3840)
[INFO] [1781236162.465854972] [cartesian_streamer]: Bootstrap EE pose via FK: (-0.1620, 0.2959, 0.3840)
[INFO] [1781236162.531801919] [cartesian_streamer]: Bootstrap EE pose via FK: (-0.1620, 0.2959, 0.3840)
[INFO] [1781236162.598814643] [cartesian_streamer]: Bootstrap EE pose via FK: (-0.1620, 0.2959, 0.3840)
[INFO] [1781236162.665055342] [cartesian_streamer]: Bootstrap EE pose via FK: (-0.1620, 0.2959, 0.3840)
[INFO] [1781236162.731866220] [cartesian_streamer]: Bootstrap EE pose via FK: (-0.1620, 0.2959, 0.3840)
[INFO] [1781236162.798928607] [cartesian_streamer]: Bootstrap EE pose via FK: (-0.1620, 0.2959, 0.3840)
[INFO] [1781236162.865539011] [cartesian_streamer]: Bootstrap EE pose via FK: (-0.1620, 0.2959, 0.3840)
[INFO] [1781236162.932152963] [cartesian_streamer]: Bootstrap EE pose via FK: (-0.1620, 0.2959, 0.3840)
[INFO] [1781236162.998530740] [cartesian_streamer]: Bootstrap EE pose via FK: (-0.1620, 0.2959, 0.3840)
[INFO] [1781236163.065169715] [cartesian_streamer]: Bootstrap EE pose via FK: (-0.1620, 0.2959, 0.3840)
[INFO] [1781236163.132263230] [cartesian_streamer]: Bootstrap EE pose via FK: (-0.1620, 0.2959, 0.3840)
[INFO] [1781236163.198330310] [cartesian_streamer]: Bootstrap EE pose via FK: (-0.1620, 0.2959, 0.3840)
[INFO] [1781236163.265497165] [cartesian_streamer]: Bootstrap EE pose via FK: (-0.1620, 0.2959, 0.3840)
[INFO] [1781236163.331671783] [cartesian_streamer]: Bootstrap EE pose via FK: (-0.1620, 0.2959, 0.3840)
[INFO] [1781236163.398299399] [cartesian_streamer]: Bootstrap EE pose via FK: (-0.1620, 0.2959, 0.3840)
[INFO] [1781236163.465338008] [cartesian_streamer]: Bootstrap EE pose via FK: (-0.1620, 0.2959, 0.3840)
[INFO] [1781236163.531844737] [cartesian_streamer]: Bootstrap EE pose via FK: (-0.1620, 0.2959, 0.3840)
[INFO] [1781236163.598951591] [cartesian_streamer]: Bootstrap EE pose via FK: (-0.1620, 0.2959, 0.3840)
[INFO] [1781236163.665700314] [cartesian_streamer]: Bootstrap EE pose via FK: (-0.1620, 0.2959, 0.3840)
[INFO] [1781236163.731992940] [cartesian_streamer]: Bootstrap EE pose via FK: (-0.1620, 0.2959, 0.3840)
[INFO] [1781236163.798891256] [cartesian_streamer]: Bootstrap EE pose via FK: (-0.1620, 0.2959, 0.3840)
[INFO] [1781236163.865963573] [cartesian_streamer]: Bootstrap EE pose via FK: (-0.1620, 0.2959, 0.3840)
[INFO] [1781236163.932816862] [cartesian_streamer]: Bootstrap EE pose via FK: (-0.1620, 0.2959, 0.3840)
[INFO] [1781236163.998800880] [cartesian_streamer]: Bootstrap EE pose via FK: (-0.1620, 0.2959, 0.3840)
[INFO] [1781236164.065555386] [cartesian_streamer]: Bootstrap EE pose via FK: (-0.1620, 0.2959, 0.3840)
[INFO] [1781236164.131619938] [cartesian_streamer]: Bootstrap EE pose via FK: (-0.1620, 0.2959, 0.3840)
[INFO] [1781236164.198612134] [cartesian_streamer]: Bootstrap EE pose via FK: (-0.1620, 0.2959, 0.3840)
[INFO] [1781236164.266356761] [cartesian_streamer]: Bootstrap EE pose via FK: (-0.1620, 0.2959, 0.3840)
[INFO] [1781236164.332424983] [cartesian_streamer]: Bootstrap EE pose via FK: (-0.1620, 0.2959, 0.3840)
[INFO] [1781236164.398504077] [cartesian_streamer]: Bootstrap EE pose via FK: (-0.1620, 0.2959, 0.3840)
[INFO] [1781236164.465118997] [cartesian_streamer]: Bootstrap EE pose via FK: (-0.1620, 0.2959, 0.3840)
[INFO] [1781236164.532005989] [cartesian_streamer]: Bootstrap EE pose via FK: (-0.1620, 0.2959, 0.3840)
[INFO] [1781236164.598592946] [cartesian_streamer]: Bootstrap EE pose via FK: (-0.1620, 0.2959, 0.3840)
[INFO] [1781236164.664808374] [cartesian_streamer]: Bootstrap EE pose via FK: (-0.1620, 0.2959, 0.3840)
[INFO] [1781236164.731626888] [cartesian_streamer]: Bootstrap EE pose via FK: (-0.1620, 0.2959, 0.3840)
[INFO] [1781236164.798807241] [cartesian_streamer]: Bootstrap EE pose via FK: (-0.1620, 0.2959, 0.3840)
[INFO] [1781236164.865377545] [cartesian_streamer]: Bootstrap EE pose via FK: (-0.1620, 0.2959, 0.3840)
[INFO] [1781236164.932187166] [cartesian_streamer]: Bootstrap EE pose via FK: (-0.1620, 0.2959, 0.3840)
[INFO] [1781236164.998012302] [cartesian_streamer]: Bootstrap EE pose via FK: (-0.1620, 0.2959, 0.3840)
[INFO] [1781236165.065232495] [cartesian_streamer]: Bootstrap EE pose via FK: (-0.1620, 0.2959, 0.3840)
[INFO] [1781236165.131317779] [cartesian_streamer]: Bootstrap EE pose via FK: (-0.1620, 0.2959, 0.3840)
[INFO] [1781236165.198734282] [cartesian_streamer]: Bootstrap EE pose via FK: (-0.1620, 0.2959, 0.3840)
[INFO] [1781236165.265432228] [cartesian_streamer]: Bootstrap EE pose via FK: (-0.1620, 0.2959, 0.3840)
[INFO] [1781236165.331721548] [cartesian_streamer]: Bootstrap EE pose via FK: (-0.1620, 0.2959, 0.3840)
[INFO] [1781236165.398940701] [cartesian_streamer]: Bootstrap EE pose via FK: (-0.1620, 0.2959, 0.3840)
[INFO] [1781236165.465140576] [cartesian_streamer]: Bootstrap EE pose via FK: (-0.1620, 0.2959, 0.3840)
[INFO] [1781236165.531720013] [cartesian_streamer]: Bootstrap EE pose via FK: (-0.1620, 0.2959, 0.3840)
[INFO] [1781236165.598151180] [cartesian_streamer]: Bootstrap EE pose via FK: (-0.1620, 0.2959, 0.3840)
[INFO] [1781236165.665346710] [cartesian_streamer]: Bootstrap EE pose via FK: (-0.1620, 0.2959, 0.3840)
[INFO] [1781236165.732063328] [cartesian_streamer]: Bootstrap EE pose via FK: (-0.1620, 0.2959, 0.3840)
[INFO] [1781236165.798142098] [cartesian_streamer]: Bootstrap EE pose via FK: (-0.1620, 0.2959, 0.3840)
[INFO] [1781236165.865178803] [cartesian_streamer]: Bootstrap EE pose via FK: (-0.1620, 0.2959, 0.3840)
[INFO] [1781236165.932031362] [cartesian_streamer]: Bootstrap EE pose via FK: (-0.1620, 0.2959, 0.3840)
[INFO] [1781236165.998131730] [cartesian_streamer]: Runtime rate: state=seeding, tick_hz=15.0, queue_send_hz=0.0, ack_hz=0.0, busy_hz=0.0, retry_count=0, reject_count=0, inter_ack_ms=0.0, max_joint_delta=0.000, cumul_time=0.00s, hold_count=0, ik_mode=Local, ik_avg_ms=0.00, ik_fails=0
[INFO] [1781236165.999149745] [cartesian_streamer]: Bootstrap EE pose via FK: (-0.1620, 0.2959, 0.3840)
[INFO] [1781236166.066499364] [cartesian_streamer]: Bootstrap EE pose via FK: (-0.1620, 0.2959, 0.3840)
[INFO] [1781236166.131735524] [cartesian_streamer]: Bootstrap EE pose via FK: (-0.1620, 0.2959, 0.3840)
[INFO] [1781236166.198425437] [cartesian_streamer]: Bootstrap EE pose via FK: (-0.1620, 0.2959, 0.3840)
[INFO] [1781236166.265956445] [cartesian_streamer]: Bootstrap EE pose via FK: (-0.1620, 0.2959, 0.3840)
[INFO] [1781236166.332417652] [cartesian_streamer]: Bootstrap EE pose via FK: (-0.1620, 0.2959, 0.3840)
[INFO] [1781236166.398323826] [cartesian_streamer]: Bootstrap EE pose via FK: (-0.1620, 0.2959, 0.3840)
[INFO] [1781236166.464880081] [cartesian_streamer]: Bootstrap EE pose via FK: (-0.1620, 0.2959, 0.3840)
[INFO] [1781236166.531849533] [cartesian_streamer]: Bootstrap EE pose via FK: (-0.1620, 0.2959, 0.3840)
[INFO] [1781236166.598520133] [cartesian_streamer]: Bootstrap EE pose via FK: (-0.1620, 0.2959, 0.3840)
[INFO] [1781236166.664707312] [cartesian_streamer]: Bootstrap EE pose via FK: (-0.1620, 0.2959, 0.3840)
[INFO] [1781236166.731558284] [cartesian_streamer]: Bootstrap EE pose via FK: (-0.1620, 0.2959, 0.3840)
[INFO] [1781236166.798138197] [cartesian_streamer]: Bootstrap EE pose via FK: (-0.1620, 0.2959, 0.3840)
[INFO] [1781236166.865758092] [cartesian_streamer]: Bootstrap EE pose via FK: (-0.1620, 0.2959, 0.3840)
[INFO] [1781236166.932603558] [cartesian_streamer]: Bootstrap EE pose via FK: (-0.1620, 0.2959, 0.3840)
[INFO] [1781236166.998941277] [cartesian_streamer]: Bootstrap EE pose via FK: (-0.1620, 0.2959, 0.3840)
[INFO] [1781236167.065419631] [cartesian_streamer]: Bootstrap EE pose via FK: (-0.1620, 0.2959, 0.3840)
[INFO] [1781236167.131528091] [cartesian_streamer]: Bootstrap EE pose via FK: (-0.1620, 0.2959, 0.3840)
[INFO] [1781236167.198508685] [cartesian_streamer]: Bootstrap EE pose via FK: (-0.1620, 0.2959, 0.3840)
[INFO] [1781236167.265327963] [cartesian_streamer]: Bootstrap EE pose via FK: (-0.1620, 0.2959, 0.3840)
[INFO] [1781236167.331707167] [cartesian_streamer]: Bootstrap EE pose via FK: (-0.1620, 0.2959, 0.3840)
[INFO] [1781236167.398748677] [cartesian_streamer]: Bootstrap EE pose via FK: (-0.1620, 0.2959, 0.3840)
[INFO] [1781236167.465080893] [cartesian_streamer]: Bootstrap EE pose via FK: (-0.1620, 0.2959, 0.3840)
[INFO] [1781236167.531798734] [cartesian_streamer]: Bootstrap EE pose via FK: (-0.1620, 0.2959, 0.3840)
[INFO] [1781236167.598520824] [cartesian_streamer]: Bootstrap EE pose via FK: (-0.1620, 0.2959, 0.3840)
[INFO] [1781236167.664781224] [cartesian_streamer]: Bootstrap EE pose via FK: (-0.1620, 0.2959, 0.3840)
[INFO] [1781236167.731530146] [cartesian_streamer]: Bootstrap EE pose via FK: (-0.1620, 0.2959, 0.3840)
[INFO] [1781236167.798521975] [cartesian_streamer]: Bootstrap EE pose via FK: (-0.1620, 0.2959, 0.3840)
[INFO] [1781236167.865282431] [cartesian_streamer]: Bootstrap EE pose via FK: (-0.1620, 0.2959, 0.3840)
[INFO] [1781236167.931592098] [cartesian_streamer]: Bootstrap EE pose via FK: (-0.1620, 0.2959, 0.3840)
[INFO] [1781236167.998500562] [cartesian_streamer]: Bootstrap EE pose via FK: (-0.1620, 0.2959, 0.3840)
[INFO] [1781236168.064874327] [cartesian_streamer]: Bootstrap EE pose via FK: (-0.1620, 0.2959, 0.3840)
[INFO] [1781236168.131914286] [cartesian_streamer]: Bootstrap EE pose via FK: (-0.1620, 0.2959, 0.3840)
[INFO] [1781236168.198658973] [cartesian_streamer]: Bootstrap EE pose via FK: (-0.1620, 0.2959, 0.3840)
[INFO] [1781236168.265460370] [cartesian_streamer]: Bootstrap EE pose via FK: (-0.1620, 0.2959, 0.3840)
[INFO] [1781236168.331968181] [cartesian_streamer]: Bootstrap EE pose via FK: (-0.1620, 0.2959, 0.3840)
[INFO] [1781236168.398783049] [cartesian_streamer]: Bootstrap EE pose via FK: (-0.1620, 0.2959, 0.3840)
[INFO] [1781236168.465793278] [cartesian_streamer]: Bootstrap EE pose via FK: (-0.1620, 0.2959, 0.3840)
[INFO] [1781236168.531928262] [cartesian_streamer]: Bootstrap EE pose via FK: (-0.1620, 0.2959, 0.3840)
[INFO] [1781236168.598694095] [cartesian_streamer]: Bootstrap EE pose via FK: (-0.1620, 0.2959, 0.3840)
[INFO] [1781236168.665196078] [cartesian_streamer]: Bootstrap EE pose via FK: (-0.1620, 0.2959, 0.3840)
[INFO] [1781236168.732090840] [cartesian_streamer]: Bootstrap EE pose via FK: (-0.1620, 0.2959, 0.3840)
[INFO] [1781236168.798910236] [cartesian_streamer]: Bootstrap EE pose via FK: (-0.1620, 0.2959, 0.3840)
[INFO] [1781236168.865299891] [cartesian_streamer]: Bootstrap EE pose via FK: (-0.1620, 0.2959, 0.3840)
[INFO] [1781236168.932497252] [cartesian_streamer]: Bootstrap EE pose via FK: (-0.1620, 0.2959, 0.3840)
[INFO] [1781236168.998563881] [cartesian_streamer]: Bootstrap EE pose via FK: (-0.1620, 0.2959, 0.3840)
[INFO] [1781236169.065109667] [cartesian_streamer]: Bootstrap EE pose via FK: (-0.1620, 0.2959, 0.3840)
[INFO] [1781236169.132426599] [cartesian_streamer]: Bootstrap EE pose via FK: (-0.1620, 0.2959, 0.3840)
[INFO] [1781236169.198928612] [cartesian_streamer]: Bootstrap EE pose via FK: (-0.1620, 0.2959, 0.3840)
[INFO] [1781236169.265390292] [cartesian_streamer]: Bootstrap EE pose via FK: (-0.1620, 0.2959, 0.3840)
[INFO] [1781236169.332283502] [cartesian_streamer]: Bootstrap EE pose via FK: (-0.1620, 0.2959, 0.3840)
[INFO] [1781236169.398748776] [cartesian_streamer]: Bootstrap EE pose via FK: (-0.1620, 0.2959, 0.3840)
[INFO] [1781236169.465561362] [cartesian_streamer]: Bootstrap EE pose via FK: (-0.1620, 0.2959, 0.3840)
[INFO] [1781236169.531755892] [cartesian_streamer]: Bootstrap EE pose via FK: (-0.1620, 0.2959, 0.3840)
[INFO] [1781236169.598599471] [cartesian_streamer]: Bootstrap EE pose via FK: (-0.1620, 0.2959, 0.3840)
[INFO] [1781236169.665297461] [cartesian_streamer]: Bootstrap EE pose via FK: (-0.1620, 0.2959, 0.3840)
[INFO] [1781236169.732267414] [cartesian_streamer]: Bootstrap EE pose via FK: (-0.1620, 0.2959, 0.3840)
[INFO] [1781236169.798776704] [cartesian_streamer]: Bootstrap EE pose via FK: (-0.1620, 0.2959, 0.3840)
[INFO] [1781236169.865495377] [cartesian_streamer]: Bootstrap EE pose via FK: (-0.1620, 0.2959, 0.3840)
[INFO] [1781236169.932339408] [cartesian_streamer]: Bootstrap EE pose via FK: (-0.1620, 0.2959, 0.3840)
[INFO] [1781236169.998291127] [cartesian_streamer]: Bootstrap EE pose via FK: (-0.1620, 0.2959, 0.3840)
[INFO] [1781236170.065526482] [cartesian_streamer]: Bootstrap EE pose via FK: (-0.1620, 0.2959, 0.3840)
[INFO] [1781236170.132100444] [cartesian_streamer]: Bootstrap EE pose via FK: (-0.1620, 0.2959, 0.3840)
[INFO] [1781236170.198366037] [cartesian_streamer]: Bootstrap EE pose via FK: (-0.1620, 0.2959, 0.3840)
[INFO] [1781236170.264824898] [cartesian_streamer]: Bootstrap EE pose via FK: (-0.1620, 0.2959, 0.3840)
[INFO] [1781236170.332281083] [cartesian_streamer]: Bootstrap EE pose via FK: (-0.1620, 0.2959, 0.3840)
[INFO] [1781236170.399031473] [cartesian_streamer]: Bootstrap EE pose via FK: (-0.1620, 0.2959, 0.3840)
[INFO] [1781236170.465972197] [cartesian_streamer]: Bootstrap EE pose via FK: (-0.1620, 0.2959, 0.3840)
[INFO] [1781236170.531728918] [cartesian_streamer]: Bootstrap EE pose via FK: (-0.1620, 0.2959, 0.3840)
[INFO] [1781236170.598455331] [cartesian_streamer]: Bootstrap EE pose via FK: (-0.1620, 0.2959, 0.3840)
[INFO] [1781236170.665974670] [cartesian_streamer]: Bootstrap EE pose via FK: (-0.1620, 0.2959, 0.3840)
[INFO] [1781236170.732161130] [cartesian_streamer]: Bootstrap EE pose via FK: (-0.1620, 0.2959, 0.3840)
[INFO] [1781236170.798343072] [cartesian_streamer]: Bootstrap EE pose via FK: (-0.1620, 0.2959, 0.3840)
[INFO] [1781236170.865060581] [cartesian_streamer]: Bootstrap EE pose via FK: (-0.1620, 0.2959, 0.3840)
[INFO] [1781236170.932952667] [cartesian_streamer]: Bootstrap EE pose via FK: (-0.1620, 0.2959, 0.3840)
[INFO] [1781236170.998413134] [cartesian_streamer]: Runtime rate: state=seeding, tick_hz=15.0, queue_send_hz=0.0, ack_hz=0.0, busy_hz=0.0, retry_count=0, reject_count=0, inter_ack_ms=0.0, max_joint_delta=0.000, cumul_time=0.00s, hold_count=0, ik_mode=Local, ik_avg_ms=0.00, ik_fails=0
[WARN] [1781236170.999207543] [cartesian_streamer]: Target stream stale: không có target mới trong 3.9s
[INFO] [1781236171.000479060] [cartesian_streamer]: Bootstrap EE pose via FK: (-0.1620, 0.2959, 0.3840)
[INFO] [1781236171.065560479] [cartesian_streamer]: Bootstrap EE pose via FK: (-0.1620, 0.2959, 0.3840)
[INFO] [1781236171.132139910] [cartesian_streamer]: Bootstrap EE pose via FK: (-0.1620, 0.2959, 0.3840)
[INFO] [1781236171.198407365] [cartesian_streamer]: Bootstrap EE pose via FK: (-0.1620, 0.2959, 0.3840)
[INFO] [1781236171.265600552] [cartesian_streamer]: Bootstrap EE pose via FK: (-0.1620, 0.2959, 0.3840)
[INFO] [1781236171.331702037] [cartesian_streamer]: Bootstrap EE pose via FK: (-0.1620, 0.2959, 0.3840)
[INFO] [1781236171.398551044] [cartesian_streamer]: Bootstrap EE pose via FK: (-0.1620, 0.2959, 0.3840)
[INFO] [1781236171.465767865] [cartesian_streamer]: Bootstrap EE pose via FK: (-0.1620, 0.2959, 0.3840)
[INFO] [1781236171.531910691] [cartesian_streamer]: Bootstrap EE pose via FK: (-0.1620, 0.2959, 0.3840)
[INFO] [1781236171.598485477] [cartesian_streamer]: Bootstrap EE pose via FK: (-0.1620, 0.2959, 0.3840)
[INFO] [1781236171.664849318] [cartesian_streamer]: Bootstrap EE pose via FK: (-0.1620, 0.2959, 0.3840)
[INFO] [1781236171.731765253] [cartesian_streamer]: Bootstrap EE pose via FK: (-0.1620, 0.2959, 0.3840)
[INFO] [1781236171.798521166] [cartesian_streamer]: Bootstrap EE pose via FK: (-0.1620, 0.2959, 0.3840)
[INFO] [1781236171.865265068] [cartesian_streamer]: Bootstrap EE pose via FK: (-0.1620, 0.2959, 0.3840)
[INFO] [1781236171.931892845] [cartesian_streamer]: Bootstrap EE pose via FK: (-0.1620, 0.2959, 0.3840)
[INFO] [1781236171.998411523] [cartesian_streamer]: Bootstrap EE pose via FK: (-0.1620, 0.2959, 0.3840)
[INFO] [1781236172.065106020] [cartesian_streamer]: Bootstrap EE pose via FK: (-0.1620, 0.2959, 0.3840)
[INFO] [1781236172.132100847] [cartesian_streamer]: Bootstrap EE pose via FK: (-0.1620, 0.2959, 0.3840)
[INFO] [1781236172.198591559] [cartesian_streamer]: Bootstrap EE pose via FK: (-0.1620, 0.2959, 0.3840)
[INFO] [1781236172.265431920] [cartesian_streamer]: Bootstrap EE pose via FK: (-0.1620, 0.2959, 0.3840)
[INFO] [1781236172.331830245] [cartesian_streamer]: Bootstrap EE pose via FK: (-0.1620, 0.2959, 0.3840)
[INFO] [1781236172.398599933] [cartesian_streamer]: Bootstrap EE pose via FK: (-0.1620, 0.2959, 0.3840)
[INFO] [1781236172.465443385] [cartesian_streamer]: Bootstrap EE pose via FK: (-0.1620, 0.2959, 0.3840)
[INFO] [1781236172.531516509] [cartesian_streamer]: Bootstrap EE pose via FK: (-0.1620, 0.2959, 0.3840)
[INFO] [1781236172.598618054] [cartesian_streamer]: Bootstrap EE pose via FK: (-0.1620, 0.2959, 0.3840)
[INFO] [1781236172.664809157] [cartesian_streamer]: Bootstrap EE pose via FK: (-0.1620, 0.2959, 0.3840)
[INFO] [1781236172.732301121] [cartesian_streamer]: Bootstrap EE pose via FK: (-0.1620, 0.2959, 0.3840)
[INFO] [1781236172.798185862] [cartesian_streamer]: Bootstrap EE pose via FK: (-0.1620, 0.2959, 0.3840)
[INFO] [1781236172.865475479] [cartesian_streamer]: Bootstrap EE pose via FK: (-0.1620, 0.2959, 0.3840)
[INFO] [1781236172.932245801] [cartesian_streamer]: Bootstrap EE pose via FK: (-0.1620, 0.2959, 0.3840)
[INFO] [1781236172.998814196] [cartesian_streamer]: Bootstrap EE pose via FK: (-0.1620, 0.2959, 0.3840)
[INFO] [1781236173.065166880] [cartesian_streamer]: Bootstrap EE pose via FK: (-0.1620, 0.2959, 0.3840)
[INFO] [1781236173.131581680] [cartesian_streamer]: Bootstrap EE pose via FK: (-0.1620, 0.2959, 0.3840)
[INFO] [1781236173.198078648] [cartesian_streamer]: Bootstrap EE pose via FK: (-0.1620, 0.2959, 0.3840)
[INFO] [1781236173.265549702] [cartesian_streamer]: Bootstrap EE pose via FK: (-0.1620, 0.2959, 0.3840)
[INFO] [1781236173.331987345] [cartesian_streamer]: Bootstrap EE pose via FK: (-0.1620, 0.2959, 0.3840)
[INFO] [1781236173.398569650] [cartesian_streamer]: Bootstrap EE pose via FK: (-0.1620, 0.2959, 0.3840)
[INFO] [1781236173.464919799] [cartesian_streamer]: Bootstrap EE pose via FK: (-0.1620, 0.2959, 0.3840)
[INFO] [1781236173.531819700] [cartesian_streamer]: Bootstrap EE pose via FK: (-0.1620, 0.2959, 0.3840)
[INFO] [1781236173.598765956] [cartesian_streamer]: Bootstrap EE pose via FK: (-0.1620, 0.2959, 0.3840)
[INFO] [1781236173.665291588] [cartesian_streamer]: Bootstrap EE pose via FK: (-0.1620, 0.2959, 0.3840)
[INFO] [1781236173.731895570] [cartesian_streamer]: Bootstrap EE pose via FK: (-0.1620, 0.2959, 0.3840)
[INFO] [1781236173.798621928] [cartesian_streamer]: Bootstrap EE pose via FK: (-0.1620, 0.2959, 0.3840)
[INFO] [1781236173.865306670] [cartesian_streamer]: Bootstrap EE pose via FK: (-0.1620, 0.2959, 0.3840)
[INFO] [1781236173.932514104] [cartesian_streamer]: Bootstrap EE pose via FK: (-0.1620, 0.2959, 0.3840)
[INFO] [1781236173.999092186] [cartesian_streamer]: Bootstrap EE pose via FK: (-0.1620, 0.2959, 0.3840)
[INFO] [1781236174.065372693] [cartesian_streamer]: Bootstrap EE pose via FK: (-0.1620, 0.2959, 0.3840)
[INFO] [1781236174.132319402] [cartesian_streamer]: Bootstrap EE pose via FK: (-0.1620, 0.2959, 0.3840)
[INFO] [1781236174.198709929] [cartesian_streamer]: Bootstrap EE pose via FK: (-0.1620, 0.2959, 0.3840)
[INFO] [1781236174.265920943] [cartesian_streamer]: Bootstrap EE pose via FK: (-0.1620, 0.2959, 0.3840)
[INFO] [1781236174.331872523] [cartesian_streamer]: Bootstrap EE pose via FK: (-0.1620, 0.2959, 0.3840)
[INFO] [1781236174.398776309] [cartesian_streamer]: Bootstrap EE pose via FK: (-0.1620, 0.2959, 0.3840)
[INFO] [1781236174.465798813] [cartesian_streamer]: Bootstrap EE pose via FK: (-0.1620, 0.2959, 0.3840)
[INFO] [1781236174.532384422] [cartesian_streamer]: Bootstrap EE pose via FK: (-0.1620, 0.2959, 0.3840)
[INFO] [1781236174.598678419] [cartesian_streamer]: Bootstrap EE pose via FK: (-0.1620, 0.2959, 0.3840)
[INFO] [1781236174.665368047] [cartesian_streamer]: Bootstrap EE pose via FK: (-0.1620, 0.2959, 0.3840)
[INFO] [1781236174.731795685] [cartesian_streamer]: Bootstrap EE pose via FK: (-0.1620, 0.2959, 0.3840)
[INFO] [1781236174.798579836] [cartesian_streamer]: Bootstrap EE pose via FK: (-0.1620, 0.2959, 0.3840)
[INFO] [1781236174.865262368] [cartesian_streamer]: Bootstrap EE pose via FK: (-0.1620, 0.2959, 0.3840)
[INFO] [1781236174.932541575] [cartesian_streamer]: Bootstrap EE pose via FK: (-0.1620, 0.2959, 0.3840)
[INFO] [1781236174.998263978] [cartesian_streamer]: Bootstrap EE pose via FK: (-0.1620, 0.2959, 0.3840)
[INFO] [1781236175.065628857] [cartesian_streamer]: Bootstrap EE pose via FK: (-0.1620, 0.2959, 0.3840)
[INFO] [1781236175.131904903] [cartesian_streamer]: Bootstrap EE pose via FK: (-0.1620, 0.2959, 0.3840)
[INFO] [1781236175.198375649] [cartesian_streamer]: Bootstrap EE pose via FK: (-0.1620, 0.2959, 0.3840)
[INFO] [1781236175.265351388] [cartesian_streamer]: Bootstrap EE pose via FK: (-0.1620, 0.2959, 0.3840)
[INFO] [1781236175.332406283] [cartesian_streamer]: Bootstrap EE pose via FK: (-0.1620, 0.2959, 0.3840)
[INFO] [1781236175.398612811] [cartesian_streamer]: Bootstrap EE pose via FK: (-0.1620, 0.2959, 0.3840)
[INFO] [1781236175.465164229] [cartesian_streamer]: Bootstrap EE pose via FK: (-0.1620, 0.2959, 0.3840)
[INFO] [1781236175.531611810] [cartesian_streamer]: Bootstrap EE pose via FK: (-0.1620, 0.2959, 0.3840)
[INFO] [1781236175.598448100] [cartesian_streamer]: Bootstrap EE pose via FK: (-0.1620, 0.2959, 0.3840)
[INFO] [1781236175.665586480] [cartesian_streamer]: Bootstrap EE pose via FK: (-0.1620, 0.2959, 0.3840)
[INFO] [1781236175.732012963] [cartesian_streamer]: Bootstrap EE pose via FK: (-0.1620, 0.2959, 0.3840)
[INFO] [1781236175.798832263] [cartesian_streamer]: Bootstrap EE pose via FK: (-0.1620, 0.2959, 0.3840)
[INFO] [1781236175.865177274] [cartesian_streamer]: Bootstrap EE pose via FK: (-0.1620, 0.2959, 0.3840)
[INFO] [1781236175.932490148] [cartesian_streamer]: Bootstrap EE pose via FK: (-0.1620, 0.2959, 0.3840)
[INFO] [1781236175.998578138] [cartesian_streamer]: Bootstrap EE pose via FK: (-0.1620, 0.2959, 0.3840)
[INFO] [1781236176.064901522] [cartesian_streamer]: Runtime rate: state=seeding, tick_hz=15.0, queue_send_hz=0.0, ack_hz=0.0, busy_hz=0.0, retry_count=0, reject_count=0, inter_ack_ms=0.0, max_joint_delta=0.000, cumul_time=0.00s, hold_count=0, ik_mode=Local, ik_avg_ms=0.00, ik_fails=0
[INFO] [1781236176.065534550] [cartesian_streamer]: Bootstrap EE pose via FK: (-0.1620, 0.2959, 0.3840)
[INFO] [1781236176.132412254] [cartesian_streamer]: Bootstrap EE pose via FK: (-0.1620, 0.2959, 0.3840)
[INFO] [1781236176.198465483] [cartesian_streamer]: Bootstrap EE pose via FK: (-0.1620, 0.2959, 0.3840)
[INFO] [1781236176.265217884] [cartesian_streamer]: Bootstrap EE pose via FK: (-0.1620, 0.2959, 0.3840)
[INFO] [1781236176.331384580] [cartesian_streamer]: Bootstrap EE pose via FK: (-0.1620, 0.2959, 0.3840)
[INFO] [1781236176.398431471] [cartesian_streamer]: Bootstrap EE pose via FK: (-0.1620, 0.2959, 0.3840)
[INFO] [1781236176.465174590] [cartesian_streamer]: Bootstrap EE pose via FK: (-0.1620, 0.2959, 0.3840)
[INFO] [1781236176.532024656] [cartesian_streamer]: Bootstrap EE pose via FK: (-0.1620, 0.2959, 0.3840)
[INFO] [1781236176.598120948] [cartesian_streamer]: Bootstrap EE pose via FK: (-0.1620, 0.2959, 0.3840)
[INFO] [1781236176.664597225] [cartesian_streamer]: Bootstrap EE pose via FK: (-0.1620, 0.2959, 0.3840)
[INFO] [1781236176.731393108] [cartesian_streamer]: Bootstrap EE pose via FK: (-0.1620, 0.2959, 0.3840)
[INFO] [1781236176.798185634] [cartesian_streamer]: Bootstrap EE pose via FK: (-0.1620, 0.2959, 0.3840)
[INFO] [1781236176.864975643] [cartesian_streamer]: Bootstrap EE pose via FK: (-0.1620, 0.2959, 0.3840)
[INFO] [1781236176.931614175] [cartesian_streamer]: Bootstrap EE pose via FK: (-0.1620, 0.2959, 0.3840)
[INFO] [1781236176.998596836] [cartesian_streamer]: Bootstrap EE pose via FK: (-0.1620, 0.2959, 0.3840)
[INFO] [1781236177.065336258] [cartesian_streamer]: Bootstrap EE pose via FK: (-0.1620, 0.2959, 0.3840)
[INFO] [1781236177.131582882] [cartesian_streamer]: Bootstrap EE pose via FK: (-0.1620, 0.2959, 0.3840)
[INFO] [1781236177.198231982] [cartesian_streamer]: Bootstrap EE pose via FK: (-0.1620, 0.2959, 0.3840)
[INFO] [1781236177.265057266] [cartesian_streamer]: Bootstrap EE pose via FK: (-0.1620, 0.2959, 0.3840)
[INFO] [1781236177.331620469] [cartesian_streamer]: Bootstrap EE pose via FK: (-0.1620, 0.2959, 0.3840)
[INFO] [1781236177.398409069] [cartesian_streamer]: Bootstrap EE pose via FK: (-0.1620, 0.2959, 0.3840)
[INFO] [1781236177.464810701] [cartesian_streamer]: Bootstrap EE pose via FK: (-0.1620, 0.2959, 0.3840)
[INFO] [1781236177.531356147] [cartesian_streamer]: Bootstrap EE pose via FK: (-0.1620, 0.2959, 0.3840)
[INFO] [1781236177.598102510] [cartesian_streamer]: Bootstrap EE pose via FK: (-0.1620, 0.2959, 0.3840)
[INFO] [1781236177.665218142] [cartesian_streamer]: Bootstrap EE pose via FK: (-0.1620, 0.2959, 0.3840)
[INFO] [1781236177.731487110] [cartesian_streamer]: Bootstrap EE pose via FK: (-0.1620, 0.2959, 0.3840)
[INFO] [1781236177.798329013] [cartesian_streamer]: Bootstrap EE pose via FK: (-0.1620, 0.2959, 0.3840)
[INFO] [1781236177.864898273] [cartesian_streamer]: Bootstrap EE pose via FK: (-0.1620, 0.2959, 0.3840)
[INFO] [1781236177.931932004] [cartesian_streamer]: Bootstrap EE pose via FK: (-0.1620, 0.2959, 0.3840)
[INFO] [1781236177.998401558] [cartesian_streamer]: Bootstrap EE pose via FK: (-0.1620, 0.2959, 0.3840)
[INFO] [1781236178.065214960] [cartesian_streamer]: Bootstrap EE pose via FK: (-0.1620, 0.2959, 0.3840)
[INFO] [1781236178.131892588] [cartesian_streamer]: Bootstrap EE pose via FK: (-0.1620, 0.2959, 0.3840)
[INFO] [1781236178.198454978] [cartesian_streamer]: Bootstrap EE pose via FK: (-0.1620, 0.2959, 0.3840)
[INFO] [1781236178.265099251] [cartesian_streamer]: Bootstrap EE pose via FK: (-0.1620, 0.2959, 0.3840)
[INFO] [1781236178.332016371] [cartesian_streamer]: Bootstrap EE pose via FK: (-0.1620, 0.2959, 0.3840)
[INFO] [1781236178.398727659] [cartesian_streamer]: Bootstrap EE pose via FK: (-0.1620, 0.2959, 0.3840)
[INFO] [1781236178.464824677] [cartesian_streamer]: Bootstrap EE pose via FK: (-0.1620, 0.2959, 0.3840)
[INFO] [1781236178.531926786] [cartesian_streamer]: Bootstrap EE pose via FK: (-0.1620, 0.2959, 0.3840)
[INFO] [1781236178.598716348] [cartesian_streamer]: Bootstrap EE pose via FK: (-0.1620, 0.2959, 0.3840)
[INFO] [1781236178.665203160] [cartesian_streamer]: Bootstrap EE pose via FK: (-0.1620, 0.2959, 0.3840)
[INFO] [1781236178.731556797] [cartesian_streamer]: Bootstrap EE pose via FK: (-0.1620, 0.2959, 0.3840)
[INFO] [1781236178.798350055] [cartesian_streamer]: Bootstrap EE pose via FK: (-0.1620, 0.2959, 0.3840)
[INFO] [1781236178.864933968] [cartesian_streamer]: Bootstrap EE pose via FK: (-0.1620, 0.2959, 0.3840)
[INFO] [1781236178.932037487] [cartesian_streamer]: Bootstrap EE pose via FK: (-0.1620, 0.2959, 0.3840)
[INFO] [1781236178.998306153] [cartesian_streamer]: Bootstrap EE pose via FK: (-0.1620, 0.2959, 0.3840)
[INFO] [1781236179.064775113] [cartesian_streamer]: Bootstrap EE pose via FK: (-0.1620, 0.2959, 0.3840)
[INFO] [1781236179.132569589] [cartesian_streamer]: Bootstrap EE pose via FK: (-0.1620, 0.2959, 0.3840)
[INFO] [1781236179.198861639] [cartesian_streamer]: Bootstrap EE pose via FK: (-0.1620, 0.2959, 0.3840)
[INFO] [1781236179.265741564] [cartesian_streamer]: Bootstrap EE pose via FK: (-0.1620, 0.2959, 0.3840)
[INFO] [1781236179.332509894] [cartesian_streamer]: Bootstrap EE pose via FK: (-0.1620, 0.2959, 0.3840)
[INFO] [1781236179.398219317] [cartesian_streamer]: Bootstrap EE pose via FK: (-0.1620, 0.2959, 0.3840)
[INFO] [1781236179.465923313] [cartesian_streamer]: Bootstrap EE pose via FK: (-0.1620, 0.2959, 0.3840)
[INFO] [1781236179.531876704] [cartesian_streamer]: Bootstrap EE pose via FK: (-0.1620, 0.2959, 0.3840)
[INFO] [1781236179.598202593] [cartesian_streamer]: Bootstrap EE pose via FK: (-0.1620, 0.2959, 0.3840)
[INFO] [1781236179.665421196] [cartesian_streamer]: Bootstrap EE pose via FK: (-0.1620, 0.2959, 0.3840)
[INFO] [1781236179.732214200] [cartesian_streamer]: Bootstrap EE pose via FK: (-0.1620, 0.2959, 0.3840)
[INFO] [1781236179.798350821] [cartesian_streamer]: Bootstrap EE pose via FK: (-0.1620, 0.2959, 0.3840)
[INFO] [1781236179.865124537] [cartesian_streamer]: Bootstrap EE pose via FK: (-0.1620, 0.2959, 0.3840)
[INFO] [1781236179.932497137] [cartesian_streamer]: Bootstrap EE pose via FK: (-0.1620, 0.2959, 0.3840)
[INFO] [1781236179.998502513] [cartesian_streamer]: Bootstrap EE pose via FK: (-0.1620, 0.2959, 0.3840)
[INFO] [1781236180.065603732] [cartesian_streamer]: Bootstrap EE pose via FK: (-0.1620, 0.2959, 0.3840)
[INFO] [1781236180.131977013] [cartesian_streamer]: Bootstrap EE pose via FK: (-0.1620, 0.2959, 0.3840)
[INFO] [1781236180.198707183] [cartesian_streamer]: Bootstrap EE pose via FK: (-0.1620, 0.2959, 0.3840)
[INFO] [1781236180.265246474] [cartesian_streamer]: Bootstrap EE pose via FK: (-0.1620, 0.2959, 0.3840)
[INFO] [1781236180.332227930] [cartesian_streamer]: Bootstrap EE pose via FK: (-0.1620, 0.2959, 0.3840)
[INFO] [1781236180.398225603] [cartesian_streamer]: Bootstrap EE pose via FK: (-0.1620, 0.2959, 0.3840)
[INFO] [1781236180.464862935] [cartesian_streamer]: Bootstrap EE pose via FK: (-0.1620, 0.2959, 0.3840)
[INFO] [1781236180.532237529] [cartesian_streamer]: Bootstrap EE pose via FK: (-0.1620, 0.2959, 0.3840)
[INFO] [1781236180.598986374] [cartesian_streamer]: Bootstrap EE pose via FK: (-0.1620, 0.2959, 0.3840)
[INFO] [1781236180.665767428] [cartesian_streamer]: Bootstrap EE pose via FK: (-0.1620, 0.2959, 0.3840)
[INFO] [1781236180.732479855] [cartesian_streamer]: Bootstrap EE pose via FK: (-0.1620, 0.2959, 0.3840)
[INFO] [1781236180.798701476] [cartesian_streamer]: Bootstrap EE pose via FK: (-0.1620, 0.2959, 0.3840)
[INFO] [1781236180.865256936] [cartesian_streamer]: Bootstrap EE pose via FK: (-0.1620, 0.2959, 0.3840)
[INFO] [1781236180.932969991] [cartesian_streamer]: Bootstrap EE pose via FK: (-0.1620, 0.2959, 0.3840)
[INFO] [1781236180.998005398] [cartesian_streamer]: Bootstrap EE pose via FK: (-0.1620, 0.2959, 0.3840)
[INFO] [1781236181.064942356] [cartesian_streamer]: Bootstrap EE pose via FK: (-0.1620, 0.2959, 0.3840)
[INFO] [1781236181.131036443] [cartesian_streamer]: Runtime rate: state=seeding, tick_hz=15.0, queue_send_hz=0.0, ack_hz=0.0, busy_hz=0.0, retry_count=0, reject_count=0, inter_ack_ms=0.0, max_joint_delta=0.000, cumul_time=0.00s, hold_count=0, ik_mode=Local, ik_avg_ms=0.00, ik_fails=0
[INFO] [1781236181.132041408] [cartesian_streamer]: Bootstrap EE pose via FK: (-0.1620, 0.2959, 0.3840)
[INFO] [1781236181.198465605] [cartesian_streamer]: Bootstrap EE pose via FK: (-0.1620, 0.2959, 0.3840)
[INFO] [1781236181.265351917] [cartesian_streamer]: Bootstrap EE pose via FK: (-0.1620, 0.2959, 0.3840)
[INFO] [1781236181.332201468] [cartesian_streamer]: Bootstrap EE pose via FK: (-0.1620, 0.2959, 0.3840)
[INFO] [1781236181.398540630] [cartesian_streamer]: Bootstrap EE pose via FK: (-0.1620, 0.2959, 0.3840)
[INFO] [1781236181.466935660] [cartesian_streamer]: Bootstrap EE pose via FK: (-0.1620, 0.2959, 0.3840)
[INFO] [1781236181.533379421] [cartesian_streamer]: Bootstrap EE pose via FK: (-0.1620, 0.2959, 0.3840)
[INFO] [1781236181.598481718] [cartesian_streamer]: Bootstrap EE pose via FK: (-0.1620, 0.2959, 0.3840)
[INFO] [1781236181.665251126] [cartesian_streamer]: Bootstrap EE pose via FK: (-0.1620, 0.2959, 0.3840)
[INFO] [1781236181.712246323] [cartesian_streamer]: Disable Robot: dừng stream, tắt traj mode...
[INFO] [1781236182.714320797] [cartesian_streamer]: ✗ Robot DISABLED.
[INFO] [1781236202.400578863] [cartesian_streamer]: Graceful shutdown: tắt Point Queue Mode trước khi thoát...
[INFO] [1781236202.401449250] [cartesian_streamer]: Robot chưa enable, không cần stop_traj_mode.
[INFO] [1781236202.402308921] [cartesian_streamer]: Shutdown hoàn tất. Tủ điện sẽ KHÔNG bị alarm.
