[INFO] [1781086719.744681985] [experiment_logger]: ✓ STARTED in-memory logging. Target file: /home/duy/cocarry_ws/cocarry_logs/experiment_GROUND_TRUTH_20260610_171839.csv
[INFO] [1781086719.796341713] [experiment_logger]: Logger ready.
[INFO] [1781086765.967933933] [experiment_logger]: Trajectory mode: prediction
[INFO] [1781086782.677871075] [experiment_logger]: Service called: /logger/toggle with data=True
[INFO] [1781086837.357428749] [experiment_logger]: Writing 3125 rows from memory to /home/duy/cocarry_ws/cocarry_logs/experiment_GROUND_TRUTH_20260610_171839.csv...
[INFO] [1781086837.388949940] [experiment_logger]: ✓ Successfully wrote logs to disk.
[INFO] [1781086837.394567780] [experiment_logger]: Stopped logging. Saved 3125 rows to /home/duy/cocarry_ws/cocarry_logs/experiment_GROUND_TRUTH_20260610_171839.csv
[INFO] [1781086837.447396371] [experiment_logger]: 
============================================================
EXPERIMENT METRICS
  File: experiment_GROUND_TRUTH_20260610_171839.csv
  Total samples: 3125
  Task completion time: 117.66 s
  --- Prediction Accuracy (over 2344 samples) ---
  Avg Inference Time: 5.18 ms
  Mean Squared Error (MSE): 0.006440 m²
  Mean Absolute Error (MAE - 3D): 0.0421 m
      MAE X: 0.0180 m
      MAE Y: 0.0341 m
      MAE Z: 0.0084 m
  --- Trajectory Smoothness (Robot EE) ---
  Mean Jerk (3D): 6926.6453 m/s³
      Jerk X: 1166.6630 m/s³
      Jerk Y: 6528.4059 m/s³
      Jerk Z: 933.7395 m/s³
  Max Jerk (3D): 494227.3479 m/s³
  RMS Jerk (3D): 29756.2179 m/s³
============================================================
