[INFO] [1781259586.643366232] [coord_transform]: CoordTransformNode khởi động.
  Object offset (cam frame): [0.05 0.   0.1 ]
  Translation cam→base:      [0.5 0.  1.2]
  EE orientation (xyzw):     [0.0, 1.0, 0.0, 0.0]
  Prediction step:           5
  Axis remap:                [0, 1, 2]
  Axis sign:                 [-1.0, 1.0, 1.0]
  Workspace X: (-1.0, 1.0), Y: (-0.5, 1.3), Z: (0.05, 1.5)
  Filter outlier_threshold:  0.15m
  Filter median_size_y:      3
  Filter deadband_tol:       15.0mm
  Filter stationary_thresh:  3 frames
  Filter max_rate:           5.0cm/frame
  Filter EMA moving(x,y,z):  (1.0,0.8,1.0)
  Filter EMA hold  (x,y,z):  (0.08,0.02,0.05)
[WARN] [1781259607.206974834] [coord_transform]: Outlier rejected #1 (jumped 196.9mm). Ignoring.
[WARN] [1781259607.237961035] [coord_transform]: Outlier rejected #2 (jumped 158.7mm). Ignoring.
[WARN] [1781259609.199517527] [coord_transform]: Outlier rejected #1 (jumped 312.5mm). Ignoring.
[WARN] [1781259609.235125065] [coord_transform]: Outlier rejected #2 (jumped 350.9mm). Ignoring.
[WARN] [1781259609.265379089] [coord_transform]: Outlier rejected #3 (jumped 382.1mm). Ignoring.
[WARN] [1781259609.300046534] [coord_transform]: Outlier rejected #4 (jumped 385.4mm). Ignoring.
[INFO] [1781259609.325534474] [coord_transform]: Too many outliers (5). Resetting filter to new position.
[WARN] [1781259611.086956961] [coord_transform]: Outlier rejected #1 (jumped 356.5mm). Ignoring.
[WARN] [1781259611.116834784] [coord_transform]: Outlier rejected #2 (jumped 311.0mm). Ignoring.
[WARN] [1781259611.144876491] [coord_transform]: Outlier rejected #3 (jumped 337.3mm). Ignoring.
[WARN] [1781259611.180941295] [coord_transform]: Outlier rejected #4 (jumped 356.2mm). Ignoring.
[WARN] [1781259620.857394989] [coord_transform]: Outlier rejected #1 (jumped 649.6mm). Ignoring.
[WARN] [1781259620.888624963] [coord_transform]: Outlier rejected #2 (jumped 652.6mm). Ignoring.
[WARN] [1781259620.921322955] [coord_transform]: Outlier rejected #3 (jumped 690.6mm). Ignoring.
[WARN] [1781259620.969431329] [coord_transform]: Outlier rejected #4 (jumped 712.4mm). Ignoring.
[INFO] [1781259622.806361873] [coord_transform]: Too many outliers (5). Resetting filter to new position.
[WARN] [1781259628.978142285] [coord_transform]: Outlier rejected #1 (jumped 395.9mm). Ignoring.
[WARN] [1781259629.045393825] [coord_transform]: Outlier rejected #2 (jumped 292.4mm). Ignoring.
[WARN] [1781259629.111456597] [coord_transform]: Outlier rejected #3 (jumped 441.0mm). Ignoring.
[WARN] [1781259629.147690343] [coord_transform]: Outlier rejected #4 (jumped 181.2mm). Ignoring.
[INFO] [1781259629.185219161] [coord_transform]: Too many outliers (5). Resetting filter to new position.
[WARN] [1781259633.430567263] [coord_transform]: Outlier rejected #1 (jumped 2246.0mm). Ignoring.
[WARN] [1781259633.473956792] [coord_transform]: Outlier rejected #2 (jumped 2281.0mm). Ignoring.
[WARN] [1781259633.518087289] [coord_transform]: Outlier rejected #3 (jumped 2246.0mm). Ignoring.
[WARN] [1781259633.558795866] [coord_transform]: Outlier rejected #4 (jumped 2262.0mm). Ignoring.
[INFO] [1781259633.601454874] [coord_transform]: Too many outliers (5). Resetting filter to new position.
[INFO] [1781259636.477886635] [coord_transform]: Captured Init Pose! P_init=(-0.162, 0.280, 0.379), Cam_init=(0.001, 0.025, 0.001), Noise_Tol=60.0mm
Orientation=(0.998, 0.064, -0.000, 0.000)
[INFO] [1781259639.494951350] [coord_transform]: Deadband: RELEASE — motion detected
[WARN] [1781259639.552947613] [coord_transform]: Outlier rejected #1 (jumped 371.9mm). Ignoring.
[WARN] [1781259639.586620509] [coord_transform]: Outlier rejected #2 (jumped 398.8mm). Ignoring.
[WARN] [1781259639.621530597] [coord_transform]: Outlier rejected #3 (jumped 778.5mm). Ignoring.
[WARN] [1781259639.654059590] [coord_transform]: Outlier rejected #4 (jumped 530.1mm). Ignoring.
[INFO] [1781259639.690332963] [coord_transform]: Too many outliers (5). Resetting filter to new position.
[WARN] [1781259639.785199844] [coord_transform]: Outlier rejected #1 (jumped 178.0mm). Ignoring.
[WARN] [1781259639.826480480] [coord_transform]: Outlier rejected #2 (jumped 157.4mm). Ignoring.
[WARN] [1781259639.887922370] [coord_transform]: Outlier rejected #1 (jumped 274.5mm). Ignoring.
[WARN] [1781259639.920866461] [coord_transform]: Outlier rejected #2 (jumped 265.3mm). Ignoring.
[WARN] [1781259639.953716896] [coord_transform]: Outlier rejected #3 (jumped 304.6mm). Ignoring.
[WARN] [1781259639.995402149] [coord_transform]: Outlier rejected #4 (jumped 351.0mm). Ignoring.
[INFO] [1781259640.031519509] [coord_transform]: Too many outliers (5). Resetting filter to new position.
[WARN] [1781259646.390237487] [coord_transform]: Outlier rejected #1 (jumped 163.6mm). Ignoring.
[INFO] [1781259650.678317501] [coord_transform]: Re-sync camera init: [ 0.18  -0.084  0.005]
[INFO] [1781259650.678789768] [coord_transform]: Trạng thái tracking: RUNNING
[INFO] [1781259650.729637382] [coord_transform]: [GROUND_TRUTH] Transform: cam[ 0.18  -0.084  0.005] → base[-0.162  0.28   0.379]
[INFO] [1781259652.736740180] [coord_transform]: [GROUND_TRUTH] Transform: cam[ 0.18  -0.084  0.005] → base[-0.162  0.28   0.379]
[INFO] [1781259654.750300053] [coord_transform]: [GROUND_TRUTH] Transform: cam[ 0.18  -0.084  0.005] → base[-0.162  0.28   0.379]
[INFO] [1781259656.754688916] [coord_transform]: [GROUND_TRUTH] Transform: cam[ 0.18  -0.084  0.005] → base[-0.162  0.28   0.379]
[INFO] [1781259657.103097165] [coord_transform]: Deadband: RELEASE — motion detected
[INFO] [1781259657.140811631] [coord_transform]: Deadband: HOLD at (0.180, -0.084, 0.005)
[INFO] [1781259658.359370939] [coord_transform]: Trạng thái tracking: STOPPED
[INFO] [1781259673.618758399] [coord_transform]: Deadband: RELEASE — motion detected
[INFO] [1781259673.654318860] [coord_transform]: Deadband: HOLD at (0.180, -0.084, 0.005)
[INFO] [1781259675.724247209] [coord_transform]: Deadband: RELEASE — motion detected
[INFO] [1781259675.752700173] [coord_transform]: Deadband: HOLD at (0.180, -0.084, 0.005)
[INFO] [1781259677.986739231] [coord_transform]: Deadband: HOLD at (0.180, -0.084, 0.005)
[INFO] [1781259678.018588631] [coord_transform]: Deadband: RELEASE — motion detected
[INFO] [1781259680.524526239] [coord_transform]: Deadband: RELEASE — motion detected
[INFO] [1781259680.554926385] [coord_transform]: Deadband: HOLD at (0.180, -0.084, 0.005)
[INFO] [1781259682.616278384] [coord_transform]: Deadband: RELEASE — motion detected
[INFO] [1781259682.659585809] [coord_transform]: Deadband: HOLD at (0.180, -0.084, 0.005)
[INFO] [1781259685.056278950] [coord_transform]: Deadband: RELEASE — motion detected
[INFO] [1781259685.114619388] [coord_transform]: Deadband: HOLD at (0.180, -0.084, 0.005)
[INFO] [1781259687.525530519] [coord_transform]: Deadband: RELEASE — motion detected
[INFO] [1781259687.560208293] [coord_transform]: Deadband: HOLD at (0.180, -0.084, 0.005)
[INFO] [1781259699.829750283] [coord_transform]: Deadband: RELEASE — motion detected
[INFO] [1781259699.865060795] [coord_transform]: Deadband: HOLD at (0.180, -0.084, 0.005)
[WARN] [1781259700.200857018] [coord_transform]: Outlier rejected #1 (jumped 285.6mm). Ignoring.
[WARN] [1781259700.430174321] [coord_transform]: Outlier rejected #1 (jumped 263.4mm). Ignoring.
[WARN] [1781259700.463768215] [coord_transform]: Outlier rejected #2 (jumped 285.5mm). Ignoring.
[WARN] [1781259700.497176560] [coord_transform]: Outlier rejected #3 (jumped 263.4mm). Ignoring.
[WARN] [1781259700.531280395] [coord_transform]: Outlier rejected #4 (jumped 296.5mm). Ignoring.
[INFO] [1781259700.564494445] [coord_transform]: Too many outliers (5). Resetting filter to new position.
[WARN] [1781259700.705393621] [coord_transform]: Outlier rejected #1 (jumped 257.3mm). Ignoring.
[WARN] [1781259700.735813150] [coord_transform]: Outlier rejected #2 (jumped 216.6mm). Ignoring.
[INFO] [1781259701.940138064] [coord_transform]: Deadband: HOLD at (0.180, -0.084, 0.005)
[INFO] [1781259702.272676978] [coord_transform]: Deadband: RELEASE — motion detected
[INFO] [1781259704.369347794] [coord_transform]: Deadband: HOLD at (0.180, -0.084, 0.005)
[INFO] [1781259704.401232383] [coord_transform]: Deadband: RELEASE — motion detected
[WARN] [1781259708.341244727] [coord_transform]: Outlier rejected #1 (jumped 154.9mm). Ignoring.
[INFO] [1781259709.435466784] [coord_transform]: Deadband: HOLD at (0.180, -0.084, 0.005)
[INFO] [1781259709.491058741] [coord_transform]: Deadband: RELEASE — motion detected
[WARN] [1781259710.328227467] [coord_transform]: Outlier rejected #1 (jumped 164.9mm). Ignoring.
[WARN] [1781259710.511177279] [coord_transform]: Outlier rejected #1 (jumped 165.9mm). Ignoring.
[WARN] [1781259712.569104351] [coord_transform]: Outlier rejected #1 (jumped 155.9mm). Ignoring.
[INFO] [1781259714.208853436] [coord_transform]: Deadband: HOLD at (0.180, -0.084, 0.005)
[INFO] [1781259714.248417524] [coord_transform]: Deadband: RELEASE — motion detected
[WARN] [1781259715.139977749] [coord_transform]: Outlier rejected #1 (jumped 162.3mm). Ignoring.
[WARN] [1781259715.181746345] [coord_transform]: Outlier rejected #2 (jumped 907.6mm). Ignoring.
[WARN] [1781259715.212976884] [coord_transform]: Outlier rejected #3 (jumped 911.2mm). Ignoring.
[WARN] [1781259715.273950718] [coord_transform]: Outlier rejected #4 (jumped 598.6mm). Ignoring.
[INFO] [1781259718.119454213] [coord_transform]: Deadband: HOLD at (0.180, -0.084, 0.005)
[INFO] [1781259718.857039645] [coord_transform]: Deadband: RELEASE — motion detected
[INFO] [1781259725.258128661] [coord_transform]: Deadband: RELEASE — motion detected
[INFO] [1781259725.286851143] [coord_transform]: Deadband: HOLD at (0.180, -0.084, 0.005)
[WARN] [1781259728.316666175] [coord_transform]: Outlier rejected #1 (jumped 541.5mm). Ignoring.
[WARN] [1781259728.353676229] [coord_transform]: Outlier rejected #2 (jumped 454.0mm). Ignoring.
[WARN] [1781259728.394208856] [coord_transform]: Outlier rejected #3 (jumped 541.5mm). Ignoring.
[WARN] [1781259728.429747761] [coord_transform]: Outlier rejected #4 (jumped 497.9mm). Ignoring.
[INFO] [1781259728.459934733] [coord_transform]: Too many outliers (5). Resetting filter to new position.
[INFO] [1781259728.921192707] [coord_transform]: Deadband: HOLD at (0.180, -0.084, 0.005)
[INFO] [1781259729.263450669] [coord_transform]: Deadband: RELEASE — motion detected
[INFO] [1781259730.951257501] [coord_transform]: Deadband: HOLD at (0.180, -0.084, 0.005)
[INFO] [1781259731.321330217] [coord_transform]: Deadband: RELEASE — motion detected
[WARN] [1781259733.407437595] [coord_transform]: Outlier rejected #1 (jumped 251.0mm). Ignoring.
[WARN] [1781259733.682941248] [coord_transform]: Outlier rejected #1 (jumped 169.5mm). Ignoring.
[INFO] [1781259735.231194067] [coord_transform]: Deadband: HOLD at (0.180, -0.084, 0.005)
[INFO] [1781259735.257903162] [coord_transform]: Deadband: RELEASE — motion detected
