[INFO] [1779675169.402094343] [coord_transform]: CoordTransformNode khởi động.
  Object offset (cam frame): [0.05 0.   0.1 ]
  Translation cam→base:      [0.5 0.  1.2]
  EE orientation (xyzw):     [0.0, 1.0, 0.0, 0.0]
  Prediction step:           5
  Axis remap:                [0, 1, 2]
  Axis sign:                 [-1.0, 1.0, 1.0]
  Workspace X: (-1.0, 1.0), Y: (-0.5, 1.3), Z: (0.05, 1.5)
  Filter outlier_threshold:  0.15m
  Filter median_size_y:      3
  Filter deadband_tol:       25.0mm
  Filter stationary_thresh:  3 frames
  Filter max_rate:           5.0cm/frame
  Filter EMA moving(x,y,z):  (0.65,0.4,0.65)
  Filter EMA hold  (x,y,z):  (0.08,0.02,0.05)
[WARN] [1779675207.404032455] [coord_transform]: Outlier rejected #1 (jumped 355.0mm). Ignoring.
[WARN] [1779675207.446477590] [coord_transform]: Outlier rejected #2 (jumped 507.9mm). Ignoring.
[WARN] [1779675207.489064547] [coord_transform]: Outlier rejected #3 (jumped 192.3mm). Ignoring.
[WARN] [1779675207.536108105] [coord_transform]: Outlier rejected #4 (jumped 251.7mm). Ignoring.
[INFO] [1779675207.577567956] [coord_transform]: Too many outliers (5). Resetting filter to new position.
[WARN] [1779675207.976694852] [coord_transform]: Outlier rejected #1 (jumped 652.7mm). Ignoring.
[WARN] [1779675208.015294253] [coord_transform]: Outlier rejected #2 (jumped 674.4mm). Ignoring.
[WARN] [1779675208.113756336] [coord_transform]: Outlier rejected #1 (jumped 152.6mm). Ignoring.
[WARN] [1779675210.614736870] [coord_transform]: Outlier rejected #1 (jumped 296.0mm). Ignoring.
[WARN] [1779675210.973320539] [coord_transform]: Outlier rejected #1 (jumped 157.2mm). Ignoring.
[WARN] [1779675211.015407154] [coord_transform]: Outlier rejected #2 (jumped 402.2mm). Ignoring.
[WARN] [1779675211.055614278] [coord_transform]: Outlier rejected #3 (jumped 716.0mm). Ignoring.
[WARN] [1779675211.106438762] [coord_transform]: Outlier rejected #4 (jumped 648.4mm). Ignoring.
[INFO] [1779675211.350786004] [coord_transform]: Too many outliers (5). Resetting filter to new position.
[WARN] [1779675211.425044997] [coord_transform]: Outlier rejected #1 (jumped 540.1mm). Ignoring.
[WARN] [1779675211.468346247] [coord_transform]: Outlier rejected #2 (jumped 627.8mm). Ignoring.
[WARN] [1779675211.509193530] [coord_transform]: Outlier rejected #3 (jumped 521.9mm). Ignoring.
[WARN] [1779675211.769818545] [coord_transform]: Outlier rejected #1 (jumped 365.6mm). Ignoring.
[WARN] [1779675211.802559945] [coord_transform]: Outlier rejected #2 (jumped 600.7mm). Ignoring.
[WARN] [1779675211.839321696] [coord_transform]: Outlier rejected #3 (jumped 609.4mm). Ignoring.
[WARN] [1779675211.872995355] [coord_transform]: Outlier rejected #4 (jumped 572.1mm). Ignoring.
[INFO] [1779675211.908552059] [coord_transform]: Too many outliers (5). Resetting filter to new position.
[WARN] [1779675213.641652539] [coord_transform]: Outlier rejected #1 (jumped 187.6mm). Ignoring.
[WARN] [1779675213.755609577] [coord_transform]: Outlier rejected #1 (jumped 294.0mm). Ignoring.
[WARN] [1779675213.795123903] [coord_transform]: Outlier rejected #2 (jumped 294.4mm). Ignoring.
[WARN] [1779675213.831468633] [coord_transform]: Outlier rejected #3 (jumped 301.9mm). Ignoring.
[WARN] [1779675213.876703716] [coord_transform]: Outlier rejected #4 (jumped 310.9mm). Ignoring.
[INFO] [1779675213.915782044] [coord_transform]: Too many outliers (5). Resetting filter to new position.
[WARN] [1779675214.633734912] [coord_transform]: Outlier rejected #1 (jumped 267.1mm). Ignoring.
[WARN] [1779675214.672134204] [coord_transform]: Outlier rejected #2 (jumped 271.6mm). Ignoring.
[WARN] [1779675214.709536718] [coord_transform]: Outlier rejected #3 (jumped 273.4mm). Ignoring.
[WARN] [1779675214.752616865] [coord_transform]: Outlier rejected #4 (jumped 273.4mm). Ignoring.
[INFO] [1779675214.786188033] [coord_transform]: Too many outliers (5). Resetting filter to new position.
[WARN] [1779675215.067955224] [coord_transform]: Outlier rejected #1 (jumped 156.9mm). Ignoring.
[WARN] [1779675215.155463588] [coord_transform]: Outlier rejected #1 (jumped 250.9mm). Ignoring.
[WARN] [1779675215.192029711] [coord_transform]: Outlier rejected #2 (jumped 223.8mm). Ignoring.
[WARN] [1779675215.231184143] [coord_transform]: Outlier rejected #3 (jumped 243.7mm). Ignoring.
[WARN] [1779675215.276169545] [coord_transform]: Outlier rejected #4 (jumped 276.8mm). Ignoring.
[INFO] [1779675215.316290662] [coord_transform]: Too many outliers (5). Resetting filter to new position.
[WARN] [1779675230.247798635] [coord_transform]: Outlier rejected #1 (jumped 1029.5mm). Ignoring.
[WARN] [1779675230.292924362] [coord_transform]: Outlier rejected #2 (jumped 170.1mm). Ignoring.
[WARN] [1779675235.483719993] [coord_transform]: Outlier rejected #1 (jumped 939.2mm). Ignoring.
[WARN] [1779675235.530394009] [coord_transform]: Outlier rejected #2 (jumped 1854.3mm). Ignoring.
[WARN] [1779675235.584607383] [coord_transform]: Outlier rejected #3 (jumped 1009.1mm). Ignoring.
[WARN] [1779675235.653032704] [coord_transform]: Outlier rejected #4 (jumped 982.9mm). Ignoring.
[INFO] [1779675235.697562020] [coord_transform]: Too many outliers (5). Resetting filter to new position.
[WARN] [1779675246.270179486] [coord_transform]: Outlier rejected #1 (jumped 1997.0mm). Ignoring.
[WARN] [1779675246.311822688] [coord_transform]: Outlier rejected #2 (jumped 1997.0mm). Ignoring.
[WARN] [1779675246.359117656] [coord_transform]: Outlier rejected #3 (jumped 1997.0mm). Ignoring.
[WARN] [1779675246.393081066] [coord_transform]: Outlier rejected #4 (jumped 2002.1mm). Ignoring.
[INFO] [1779675246.430785509] [coord_transform]: Too many outliers (5). Resetting filter to new position.
[INFO] [1779675253.773256572] [coord_transform]: Captured Init Pose! P_init=(-0.164, 0.263, 0.395), Cam_init=(0.001, 0.034, 0.010), Noise_Tol=37.5mm
Orientation=(0.717, 0.696, -0.032, 0.022)
[INFO] [1779675253.793848921] [coord_transform]: Deadband: RELEASE — motion detected
[INFO] [1779675253.950456094] [coord_transform]: Deadband: HOLD at (0.001, 0.034, 0.010)
[INFO] [1779675255.799999354] [coord_transform]: Deadband: RELEASE — motion detected
[INFO] [1779675255.996603900] [coord_transform]: Deadband: HOLD at (0.001, 0.034, 0.010)
[INFO] [1779675263.629007581] [coord_transform]: Đã chuyển mode: ground_truth -> prediction
[INFO] [1779675276.818987476] [coord_transform]: Re-sync camera init: [ 0.117 -0.006  0.014]
[INFO] [1779675276.819738266] [coord_transform]: Trạng thái tracking: RUNNING
[INFO] [1779675276.855676656] [coord_transform]: Deadband: RELEASE — motion detected
[INFO] [1779675276.869385398] [coord_transform]: [PREDICTION] Transform: cam[0.12  0.004 0.02 ] → base[-0.167  0.273  0.401]
[INFO] [1779675277.046884309] [coord_transform]: Deadband: HOLD at (0.117, -0.006, 0.014)
[INFO] [1779675277.861018730] [coord_transform]: Trạng thái tracking: STOPPED
[INFO] [1779675287.982258641] [coord_transform]: Re-sync camera init: [0.111 0.041 0.039]
[INFO] [1779675287.982997598] [coord_transform]: Trạng thái tracking: RUNNING
[INFO] [1779675287.986774683] [coord_transform]: Deadband: RELEASE — motion detected
[INFO] [1779675287.993649140] [coord_transform]: [PREDICTION] Transform: cam[0.108 0.055 0.049] → base[-0.162  0.277  0.404]
[INFO] [1779675288.213946543] [coord_transform]: Deadband: HOLD at (0.111, 0.041, 0.039)
[INFO] [1779675290.003360784] [coord_transform]: [PREDICTION] Transform: cam[0.174 0.068 0.118] → base[-0.227  0.291  0.473]
[INFO] [1779675292.030077306] [coord_transform]: [PREDICTION] Transform: cam[0.172 0.284 0.267] → base[-0.225  0.506  0.622]
[INFO] [1779675294.032066417] [coord_transform]: [PREDICTION] Transform: cam[0.184 0.534 0.366] → base[-0.237  0.756  0.722]
[INFO] [1779675296.074878553] [coord_transform]: [PREDICTION] Transform: cam[0.082 0.693 0.203] → base[-0.135  0.915  0.559]
[INFO] [1779675298.103475269] [coord_transform]: [PREDICTION] Transform: cam[0.006 0.627 0.043] → base[-0.059  0.849  0.399]
[INFO] [1779675300.127431636] [coord_transform]: [PREDICTION] Transform: cam[0.129 0.521 0.272] → base[-0.182  0.743  0.627]
[INFO] [1779675302.140058269] [coord_transform]: [PREDICTION] Transform: cam[0.148 0.196 0.306] → base[-0.201  0.418  0.661]
[INFO] [1779675304.147745789] [coord_transform]: [PREDICTION] Transform: cam[0.183 0.084 0.149] → base[-0.236  0.306  0.504]
[INFO] [1779675306.150339856] [coord_transform]: [PREDICTION] Transform: cam[0.157 0.213 0.061] → base[-0.21   0.435  0.416]
[INFO] [1779675308.158162231] [coord_transform]: [PREDICTION] Transform: cam[0.282 0.294 0.268] → base[-0.335  0.516  0.623]
[WARN] [1779675308.677172039] [coord_transform]: Outlier rejected #1 (jumped 1378.9mm). Ignoring.
[WARN] [1779675308.714551950] [coord_transform]: Outlier rejected #2 (jumped 1239.4mm). Ignoring.
[INFO] [1779675310.175135885] [coord_transform]: [PREDICTION] Transform: cam[0.322 0.553 0.209] → base[-0.375  0.775  0.565]
[INFO] [1779675312.185863613] [coord_transform]: [PREDICTION] Transform: cam[0.029 0.504 0.075] → base[-0.082  0.726  0.431]
[INFO] [1779675314.210852288] [coord_transform]: [PREDICTION] Transform: cam[0.113 0.128 0.294] → base[-0.166  0.35   0.649]
[INFO] [1779675316.237125764] [coord_transform]: [PREDICTION] Transform: cam[ 0.115  0.074 -0.015] → base[-0.168  0.296  0.34 ]
[INFO] [1779675318.238842982] [coord_transform]: [PREDICTION] Transform: cam[0.15  0.381 0.319] → base[-0.203  0.603  0.675]
[INFO] [1779675320.271210635] [coord_transform]: [PREDICTION] Transform: cam[-0.02   0.819  0.037] → base[-0.033  1.042  0.393]
[INFO] [1779675322.288222521] [coord_transform]: [PREDICTION] Transform: cam[0.04  0.604 0.318] → base[-0.093  0.826  0.673]
[INFO] [1779675324.300969905] [coord_transform]: [PREDICTION] Transform: cam[0.065 0.123 0.048] → base[-0.119  0.345  0.404]
[INFO] [1779675326.324186107] [coord_transform]: [PREDICTION] Transform: cam[0.103 0.082 0.021] → base[-0.157  0.304  0.376]
[INFO] [1779675328.367044670] [coord_transform]: [PREDICTION] Transform: cam[-0.043  0.7    0.292] → base[-0.01   0.922  0.647]
[INFO] [1779675330.394457474] [coord_transform]: [PREDICTION] Transform: cam[-0.078  0.776  0.007] → base[0.024 0.998 0.362]
[INFO] [1779675332.443027305] [coord_transform]: [PREDICTION] Transform: cam[-0.049  0.694  0.199] → base[-0.004  0.916  0.554]
[INFO] [1779675334.462396257] [coord_transform]: [PREDICTION] Transform: cam[0.034 0.073 0.321] → base[-0.087  0.295  0.676]
[INFO] [1779675336.474618988] [coord_transform]: [PREDICTION] Transform: cam[0.084 0.084 0.036] → base[-0.137  0.306  0.392]
[INFO] [1779675336.640522304] [coord_transform]: Deadband: HOLD at (0.111, 0.041, 0.039)
[INFO] [1779675336.691175952] [coord_transform]: Deadband: RELEASE — motion detected
[INFO] [1779675338.493971436] [coord_transform]: [PREDICTION] Transform: cam[0.123 0.215 0.214] → base[-0.176  0.437  0.569]
[INFO] [1779675340.534350011] [coord_transform]: [PREDICTION] Transform: cam[0.316 0.748 0.14 ] → base[-0.37   0.97   0.496]
[INFO] [1779675342.575847996] [coord_transform]: [PREDICTION] Transform: cam[0.101 0.493 0.035] → base[-0.154  0.715  0.39 ]
[INFO] [1779675344.623124969] [coord_transform]: [PREDICTION] Transform: cam[0.    0.204 0.253] → base[-0.054  0.426  0.608]
[INFO] [1779675346.662368526] [coord_transform]: [PREDICTION] Transform: cam[0.038 0.147 0.094] → base[-0.091  0.369  0.449]
[INFO] [1779675347.064261529] [coord_transform]: Trạng thái tracking: STOPPED
[WARN] [1779675349.627045732] [coord_transform]: Outlier rejected #1 (jumped 317.9mm). Ignoring.
[WARN] [1779675349.666869243] [coord_transform]: Outlier rejected #2 (jumped 336.2mm). Ignoring.
[WARN] [1779675349.698973417] [coord_transform]: Outlier rejected #3 (jumped 356.4mm). Ignoring.
[WARN] [1779675349.747927347] [coord_transform]: Outlier rejected #4 (jumped 373.5mm). Ignoring.
[INFO] [1779675349.783923130] [coord_transform]: Too many outliers (5). Resetting filter to new position.
[WARN] [1779675350.366884139] [coord_transform]: Outlier rejected #1 (jumped 466.6mm). Ignoring.
[WARN] [1779675350.405135303] [coord_transform]: Outlier rejected #2 (jumped 159.0mm). Ignoring.
[WARN] [1779675365.694495847] [coord_transform]: Outlier rejected #1 (jumped 227.8mm). Ignoring.
[WARN] [1779675382.516200788] [coord_transform]: Outlier rejected #2 (jumped 353.2mm). Ignoring.
[WARN] [1779675382.553776495] [coord_transform]: Outlier rejected #3 (jumped 367.3mm). Ignoring.
[WARN] [1779675382.597363957] [coord_transform]: Outlier rejected #4 (jumped 354.1mm). Ignoring.
[INFO] [1779675382.637442522] [coord_transform]: Too many outliers (5). Resetting filter to new position.
[WARN] [1779675386.860121948] [coord_transform]: Outlier rejected #1 (jumped 164.8mm). Ignoring.
[WARN] [1779675386.898167843] [coord_transform]: Outlier rejected #2 (jumped 163.7mm). Ignoring.
[WARN] [1779675386.934522084] [coord_transform]: Outlier rejected #3 (jumped 171.3mm). Ignoring.
[WARN] [1779675386.977845479] [coord_transform]: Outlier rejected #4 (jumped 224.0mm). Ignoring.
[INFO] [1779675387.011225673] [coord_transform]: Too many outliers (5). Resetting filter to new position.
