[INFO] [1781084943.958869523] [experiment_logger]: ✓ STARTED in-memory logging. Target file: /home/duy/cocarry_ws/cocarry_logs/experiment_GROUND_TRUTH_20260610_164903.csv
[INFO] [1781084944.010294512] [experiment_logger]: Logger ready.
[INFO] [1781085020.931831154] [experiment_logger]: Writing 568 rows from memory to /home/duy/cocarry_ws/cocarry_logs/experiment_GROUND_TRUTH_20260610_164903.csv...
[INFO] [1781085020.953944062] [experiment_logger]: ✓ Successfully wrote logs to disk.
[INFO] [1781085020.956837875] [experiment_logger]: Stopped logging. Saved 568 rows to /home/duy/cocarry_ws/cocarry_logs/experiment_GROUND_TRUTH_20260610_164903.csv
[INFO] [1781085020.978343744] [experiment_logger]: 
============================================================
EXPERIMENT METRICS
  File: experiment_GROUND_TRUTH_20260610_164903.csv
  Total samples: 568
  Task completion time: 77.01 s
  Mode: GROUND TRUTH (no prediction metrics)
  --- Trajectory Smoothness (Robot EE) ---
  Mean Jerk (3D): 211.0509 m/s³
      Jerk X: 35.1922 m/s³
      Jerk Y: 202.5884 m/s³
      Jerk Z: 26.5126 m/s³
  Max Jerk (3D): 4231.7251 m/s³
  RMS Jerk (3D): 490.4954 m/s³
============================================================
