[INFO] [1781259203.006130313] [experiment_logger]: ✓ STARTED in-memory logging. Target file: /home/duy/cocarry_ws/cocarry_logs/experiment_GROUND_TRUTH_20260612_171322.csv
[INFO] [1781259203.014194339] [experiment_logger]: Logger ready.
[INFO] [1781259489.905166189] [experiment_logger]: Service called: /logger/toggle with data=True
[INFO] [1781259501.057733534] [experiment_logger]: Service called: /logger/toggle with data=False
[INFO] [1781259501.057988160] [experiment_logger]: Writing 5593 rows from memory to /home/duy/cocarry_ws/cocarry_logs/experiment_GROUND_TRUTH_20260612_171322.csv...
[INFO] [1781259501.076128755] [experiment_logger]: ✓ Successfully wrote logs to disk.
[INFO] [1781259501.078263917] [experiment_logger]: Stopped logging. Saved 5593 rows to /home/duy/cocarry_ws/cocarry_logs/experiment_GROUND_TRUTH_20260612_171322.csv
[INFO] [1781259501.111060956] [experiment_logger]: 
============================================================
EXPERIMENT METRICS
  File: experiment_GROUND_TRUTH_20260612_171322.csv
  Total samples: 5593
  Task completion time: 298.07 s
  Mode: GROUND TRUTH (no prediction metrics)
  --- Trajectory Smoothness (Robot EE) ---
  Mean Jerk (3D): 12.0078 m/s³
      Jerk X: 3.6908 m/s³
      Jerk Y: 7.0821 m/s³
      Jerk Z: 6.4526 m/s³
  Max Jerk (3D): 69.6266 m/s³
  RMS Jerk (3D): 16.7332 m/s³
============================================================
[INFO] [1781259503.886782980] [experiment_logger]: Service called: /logger/toggle with data=False
[INFO] [1781259507.745095681] [experiment_logger]: Service called: /logger/toggle with data=False
[INFO] [1781259546.374979000] [experiment_logger]: Service called: /logger/toggle with data=False
