[INFO] [1781250444.252106607] [experiment_logger]: ✓ STARTED in-memory logging. Target file: /home/duy/cocarry_ws/cocarry_logs/experiment_GROUND_TRUTH_20260612_144724.csv
[INFO] [1781250444.262692142] [experiment_logger]: Logger ready.
[INFO] [1781250493.052289255] [experiment_logger]: Service called: /logger/toggle with data=True
[INFO] [1781250504.018063252] [experiment_logger]: Service called: /logger/toggle with data=False
[INFO] [1781250504.018737638] [experiment_logger]: Writing 1514 rows from memory to /home/duy/cocarry_ws/cocarry_logs/experiment_GROUND_TRUTH_20260612_144724.csv...
[INFO] [1781250504.029878618] [experiment_logger]: ✓ Successfully wrote logs to disk.
[INFO] [1781250504.031347440] [experiment_logger]: Stopped logging. Saved 1514 rows to /home/duy/cocarry_ws/cocarry_logs/experiment_GROUND_TRUTH_20260612_144724.csv
[INFO] [1781250504.048046809] [experiment_logger]: 
============================================================
EXPERIMENT METRICS
  File: experiment_GROUND_TRUTH_20260612_144724.csv
  Total samples: 1514
  Task completion time: 59.80 s
  Mode: GROUND TRUTH (no prediction metrics)
  --- Trajectory Smoothness (Robot EE) ---
  Mean Jerk (3D): 0.0002 m/s³
      Jerk X: 0.0001 m/s³
      Jerk Y: 0.0002 m/s³
      Jerk Z: 0.0002 m/s³
  Max Jerk (3D): 0.0005 m/s³
  RMS Jerk (3D): 0.0003 m/s³
============================================================
