[INFO] [1780547525.533934297] [experiment_logger]: ✓ STARTED in-memory logging. Target file: /home/duy/cocarry_ws/cocarry_logs/experiment_GROUND_TRUTH_20260604_113205.csv
[INFO] [1780547525.548587113] [experiment_logger]: Logger ready.
[INFO] [1780547630.612759261] [experiment_logger]: Service called: /logger/toggle with data=True
[INFO] [1780547700.622054183] [experiment_logger]: Service called: /logger/toggle with data=False
[INFO] [1780547700.622789651] [experiment_logger]: Writing 2999 rows from memory to /home/duy/cocarry_ws/cocarry_logs/experiment_GROUND_TRUTH_20260604_113205.csv...
[INFO] [1780547700.643940798] [experiment_logger]: ✓ Successfully wrote logs to disk.
[INFO] [1780547700.645264619] [experiment_logger]: Stopped logging. Saved 2999 rows to /home/duy/cocarry_ws/cocarry_logs/experiment_GROUND_TRUTH_20260604_113205.csv
[INFO] [1780547700.666041029] [experiment_logger]: 
============================================================
EXPERIMENT METRICS
  File: experiment_GROUND_TRUTH_20260604_113205.csv
  Total samples: 2999
  Task completion time: 175.12 s
  Mode: GROUND TRUTH (no prediction metrics)
  --- Trajectory Smoothness (Robot EE) ---
  Mean Jerk (3D): 16.5537 m/s³
      Jerk X: 4.7903 m/s³
      Jerk Y: 11.7315 m/s³
      Jerk Z: 5.7869 m/s³
  Max Jerk (3D): 133.6844 m/s³
  RMS Jerk (3D): 25.0298 m/s³
============================================================
