[INFO] [1781252353.755967171] [experiment_logger]: ✓ STARTED in-memory logging. Target file: /home/duy/cocarry_ws/cocarry_logs/experiment_GROUND_TRUTH_20260612_151913.csv
[INFO] [1781252353.768075020] [experiment_logger]: Logger ready.
[INFO] [1781252401.329765777] [experiment_logger]: Service called: /logger/toggle with data=True
[INFO] [1781252409.227279697] [experiment_logger]: Service called: /logger/toggle with data=False
[INFO] [1781252409.227513051] [experiment_logger]: Writing 1341 rows from memory to /home/duy/cocarry_ws/cocarry_logs/experiment_GROUND_TRUTH_20260612_151913.csv...
[INFO] [1781252409.230316298] [experiment_logger]: ✓ Successfully wrote logs to disk.
[INFO] [1781252409.230697986] [experiment_logger]: Stopped logging. Saved 1341 rows to /home/duy/cocarry_ws/cocarry_logs/experiment_GROUND_TRUTH_20260612_151913.csv
[INFO] [1781252409.235507311] [experiment_logger]: 
============================================================
EXPERIMENT METRICS
  File: experiment_GROUND_TRUTH_20260612_151913.csv
  Total samples: 0
  Task completion time: 55.51 s
  Mode: GROUND TRUTH (no prediction metrics)
  Jerk: insufficient EE data for calculation
============================================================
[INFO] [1781252410.769354267] [experiment_logger]: Service called: /logger/toggle with data=False
[INFO] [1781252457.679212187] [experiment_logger]: Service called: /logger/toggle with data=True
[INFO] [1781252457.679521174] [experiment_logger]: ✓ STARTED in-memory logging. Target file: /home/duy/cocarry_ws/cocarry_logs/experiment_GROUND_TRUTH_20260612_152057.csv
[INFO] [1781252484.628965047] [experiment_logger]: Service called: /logger/toggle with data=False
[INFO] [1781252484.629861299] [experiment_logger]: Writing 807 rows from memory to /home/duy/cocarry_ws/cocarry_logs/experiment_GROUND_TRUTH_20260612_152057.csv...
[INFO] [1781252484.635221058] [experiment_logger]: ✓ Successfully wrote logs to disk.
[INFO] [1781252484.635974127] [experiment_logger]: Stopped logging. Saved 807 rows to /home/duy/cocarry_ws/cocarry_logs/experiment_GROUND_TRUTH_20260612_152057.csv
[INFO] [1781252484.643280158] [experiment_logger]: 
============================================================
EXPERIMENT METRICS
  File: experiment_GROUND_TRUTH_20260612_152057.csv
  Total samples: 807
  Task completion time: 26.95 s
  Mode: GROUND TRUTH (no prediction metrics)
  --- Trajectory Smoothness (Robot EE) ---
  Mean Jerk (3D): 0.0000 m/s³
      Jerk X: 0.0000 m/s³
      Jerk Y: 0.0000 m/s³
      Jerk Z: 0.0000 m/s³
  Max Jerk (3D): 0.0001 m/s³
  RMS Jerk (3D): 0.0001 m/s³
============================================================
[INFO] [1781252550.472463188] [experiment_logger]: Service called: /logger/toggle with data=True
[INFO] [1781252550.473037977] [experiment_logger]: ✓ STARTED in-memory logging. Target file: /home/duy/cocarry_ws/cocarry_logs/experiment_GROUND_TRUTH_20260612_152230.csv
[INFO] [1781252604.144883973] [experiment_logger]: Writing 435 rows from memory to /home/duy/cocarry_ws/cocarry_logs/experiment_GROUND_TRUTH_20260612_152230.csv...
[INFO] [1781252604.148558990] [experiment_logger]: ✓ Successfully wrote logs to disk.
[INFO] [1781252604.149353721] [experiment_logger]: Stopped logging. Saved 435 rows to /home/duy/cocarry_ws/cocarry_logs/experiment_GROUND_TRUTH_20260612_152230.csv
[INFO] [1781252604.152687653] [experiment_logger]: 
============================================================
EXPERIMENT METRICS
  File: experiment_GROUND_TRUTH_20260612_152230.csv
  Total samples: 435
  Task completion time: 53.67 s
  Mode: GROUND TRUTH (no prediction metrics)
  Jerk: insufficient EE data for calculation
============================================================
