[INFO] [1779943482.122451443] [cartesian_streamer]: CartesianStreamer khởi động (chờ Enable Robot từ UI).
  Stream rate:       15 Hz (period=66.7ms)
  Queue dt:          0.067 s
  Prebuffer points:  3
  Retry backoff:     66.0 ms
  Gửi PoseStamped lên: /cartesian_streamer/target_pose
  Gửi XYZ lên:        /cartesian_streamer/target_xyz
  Nhận EE pose tại:   /cartesian_streamer/current_pose
[INFO] [1779943482.131792812] [cartesian_streamer]: Nhận joint_states: ['1.571', '0.075', '-1.049', '-0.030', '-0.523', '-0.002']
[INFO] [1779943482.605205806] [cartesian_streamer]: ✓ FK cross-validation PASSED. Error = 0.0023mm
  Local FK:  (-0.16383, 0.26301, 0.39467)
  MoveIt FK: (-0.16383, 0.26301, 0.39467)
[INFO] [1779943482.606174564] [cartesian_streamer]: Đã nhận joint_states. EE hiện tại: (-0.1638, 0.2630, 0.3947). IK mode: Local DLS. Chờ Enable Robot từ UI...
[INFO] [1779943523.538895961] [cartesian_streamer]: Enable Robot: bắt đầu chuỗi khởi động...
[INFO] [1779943523.539557598] [cartesian_streamer]: Enable: reset_error...
[WARN] [1779943526.544585072] [cartesian_streamer]: Service reset_error không khả dụng, bỏ qua.
[INFO] [1779943526.545434065] [cartesian_streamer]: Enable: stop_traj_mode (giải phóng mode cũ)...
[INFO] [1779943526.550323418] [cartesian_streamer]: stop_traj_mode: success=True, code=N/A, msg="Mock: OK (simulation)"
[INFO] [1779943526.550968154] [cartesian_streamer]: Enable: chờ 1.5s để hệ thống ổn định trước khi start queue...
[INFO] [1779943528.052038774] [cartesian_streamer]: Enable: StartPointQueueMode...
[INFO] [1779943528.056076551] [cartesian_streamer]: StartPointQueueMode response: code=1, msg="Mock: Point Queue Mode activated (simulation)"
[INFO] [1779943528.056806579] [cartesian_streamer]: ✓ Robot ENABLED — Point Queue Mode active. Servo ON!
[INFO] [1779943528.102931166] [cartesian_streamer]: Runtime rate: state=seeding, tick_hz=0.0, queue_send_hz=0.0, ack_hz=0.0, busy_hz=0.0, retry_count=0, reject_count=0, inter_ack_ms=0.0, max_joint_delta=0.000, cumul_time=0.00s, hold_count=0, ik_mode=Local, ik_avg_ms=0.00, ik_fails=0
[INFO] [1779943528.103658396] [cartesian_streamer]: Bootstrap EE pose via FK: (-0.1638, 0.2630, 0.3947)
[INFO] [1779943528.104044978] [cartesian_streamer]: Đang stream qua service: /queue_traj_point
[INFO] [1779943528.104519826] [cartesian_streamer]: Đã gửi seed point (current joints, t=0), chờ ACK...
[INFO] [1779943528.109580816] [cartesian_streamer]: Seed ACK nhận được, bắt đầu prebuffer.
[INFO] [1779943528.110312729] [cartesian_streamer]: Queue accepted sample#1: svc=/queue_traj_point, t_cumul=0.0000s, code=1, msg="", hold=False
[INFO] [1779943528.172634480] [cartesian_streamer]: Queue accepted sample#2: svc=/queue_traj_point, t_cumul=0.0645s, code=1, msg="", hold=True
[INFO] [1779943528.240133511] [cartesian_streamer]: Queue accepted sample#3: svc=/queue_traj_point, t_cumul=0.1317s, code=1, msg="", hold=True
[INFO] [1779943528.305292526] [cartesian_streamer]: Pre-buffer hoàn tất (3 points), bắt đầu stream ổn định. Đang chờ target...
[INFO] [1779943528.305988605] [cartesian_streamer]: Queue accepted sample#4: svc=/queue_traj_point, t_cumul=0.1982s, code=1, msg="", hold=True
[INFO] [1779943528.371888840] [cartesian_streamer]: Queue accepted sample#5: svc=/queue_traj_point, t_cumul=0.2647s, code=1, msg="", hold=True
[INFO] [1779943529.372858540] [cartesian_streamer]: QueueTrajPoint accepted #20: t=1.265s, hold=True
[INFO] [1779943529.841198617] [cartesian_streamer]: IK OK → Δmax=0.0194 rad, joints: [1.567, 0.085, -1.058, -0.031, -0.504, 0.003]
[INFO] [1779943530.708675800] [cartesian_streamer]: QueueTrajPoint accepted #40: t=2.601s, hold=False
[INFO] [1779943531.903668241] [cartesian_streamer]: IK OK → Δmax=0.0161 rad, joints: [1.569, 0.067, -0.656, -0.019, -0.924, -0.015]
[INFO] [1779943532.043527810] [cartesian_streamer]: QueueTrajPoint accepted #60: t=3.936s, hold=False
[INFO] [1779943533.103826740] [cartesian_streamer]: Runtime rate: state=streaming, tick_hz=15.0, queue_send_hz=15.0, ack_hz=15.0, busy_hz=0.0, retry_count=0, reject_count=0, inter_ack_ms=66.7, max_joint_delta=0.031, cumul_time=4.94s, hold_count=0, ik_mode=Local, ik_avg_ms=1.57, ik_fails=0
[INFO] [1779943533.375038152] [cartesian_streamer]: QueueTrajPoint accepted #80: t=5.268s, hold=False
[INFO] [1779943533.906550050] [cartesian_streamer]: IK OK → Δmax=0.0107 rad, joints: [1.673, 0.277, -0.196, -0.025, -1.172, -0.121]
[INFO] [1779943534.710948070] [cartesian_streamer]: QueueTrajPoint accepted #100: t=6.600s, hold=False
[INFO] [1779943535.973222843] [cartesian_streamer]: IK OK → Δmax=0.0132 rad, joints: [1.744, 0.651, 0.325, -0.029, -1.317, -0.194]
[INFO] [1779943536.045352258] [cartesian_streamer]: QueueTrajPoint accepted #120: t=7.937s, hold=False
[INFO] [1779943537.372480799] [cartesian_streamer]: QueueTrajPoint accepted #140: t=9.266s, hold=False
[INFO] [1779943538.038549437] [cartesian_streamer]: IK OK → Δmax=0.0000 rad, joints: [1.696, 0.667, 0.125, -0.028, -1.102, -0.141]
[INFO] [1779943538.169369954] [cartesian_streamer]: Runtime rate: state=streaming, tick_hz=15.0, queue_send_hz=15.0, ack_hz=15.0, busy_hz=0.0, retry_count=0, reject_count=0, inter_ack_ms=66.6, max_joint_delta=0.028, cumul_time=10.00s, hold_count=0, ik_mode=Local, ik_avg_ms=1.60, ik_fails=0
[INFO] [1779943538.710178284] [cartesian_streamer]: QueueTrajPoint accepted #160: t=10.601s, hold=False
[INFO] [1779943540.039655422] [cartesian_streamer]: IK OK → Δmax=0.0000 rad, joints: [1.698, 0.654, 0.138, -0.027, -1.128, -0.143]
[INFO] [1779943540.042643849] [cartesian_streamer]: QueueTrajPoint accepted #180: t=11.936s, hold=False
[INFO] [1779943541.374181429] [cartesian_streamer]: QueueTrajPoint accepted #200: t=13.266s, hold=False
[INFO] [1779943542.104016866] [cartesian_streamer]: IK OK → Δmax=0.0000 rad, joints: [1.697, 0.655, 0.140, -0.027, -1.130, -0.143]
[INFO] [1779943542.710223087] [cartesian_streamer]: QueueTrajPoint accepted #220: t=14.601s, hold=False
[INFO] [1779943543.169682714] [cartesian_streamer]: Runtime rate: state=streaming, tick_hz=15.0, queue_send_hz=15.0, ack_hz=15.0, busy_hz=0.0, retry_count=0, reject_count=0, inter_ack_ms=66.7, max_joint_delta=0.005, cumul_time=15.00s, hold_count=0, ik_mode=Local, ik_avg_ms=1.32, ik_fails=0
[INFO] [1779943544.042086424] [cartesian_streamer]: QueueTrajPoint accepted #240: t=15.935s, hold=False
[INFO] [1779943544.170222532] [cartesian_streamer]: IK OK → Δmax=0.0000 rad, joints: [1.710, 0.651, 0.162, -0.028, -1.155, -0.156]
[INFO] [1779943545.374489398] [cartesian_streamer]: QueueTrajPoint accepted #260: t=17.267s, hold=False
[INFO] [1779943546.171596464] [cartesian_streamer]: IK OK → Δmax=0.0051 rad, joints: [1.704, 0.636, 0.161, -0.027, -1.170, -0.150]
[INFO] [1779943546.708191741] [cartesian_streamer]: QueueTrajPoint accepted #280: t=18.601s, hold=False
[INFO] [1779943548.044328216] [cartesian_streamer]: QueueTrajPoint accepted #300: t=19.936s, hold=False
[INFO] [1779943548.169586915] [cartesian_streamer]: Runtime rate: state=streaming, tick_hz=15.0, queue_send_hz=15.0, ack_hz=15.0, busy_hz=0.0, retry_count=0, reject_count=0, inter_ack_ms=66.7, max_joint_delta=0.018, cumul_time=20.00s, hold_count=0, ik_mode=Local, ik_avg_ms=1.28, ik_fails=0
[INFO] [1779943548.172393697] [cartesian_streamer]: IK OK → Δmax=0.0177 rad, joints: [1.615, 0.262, -0.172, -0.020, -1.212, -0.065]
[INFO] [1779943549.373318722] [cartesian_streamer]: QueueTrajPoint accepted #320: t=21.266s, hold=False
[INFO] [1779943550.240428653] [cartesian_streamer]: IK OK → Δmax=0.0176 rad, joints: [1.535, 0.069, -0.745, -0.017, -0.834, 0.019]
[INFO] [1779943550.709129975] [cartesian_streamer]: QueueTrajPoint accepted #340: t=22.600s, hold=False
[INFO] [1779943552.042934622] [cartesian_streamer]: QueueTrajPoint accepted #360: t=23.936s, hold=False
[INFO] [1779943552.241699294] [cartesian_streamer]: IK OK → Δmax=0.0093 rad, joints: [1.545, 0.168, -0.810, -0.021, -0.669, 0.015]
[INFO] [1779943553.236604304] [cartesian_streamer]: Runtime rate: state=streaming, tick_hz=15.0, queue_send_hz=15.0, ack_hz=15.0, busy_hz=0.0, retry_count=0, reject_count=0, inter_ack_ms=66.6, max_joint_delta=0.021, cumul_time=25.07s, hold_count=0, ik_mode=Local, ik_avg_ms=1.38, ik_fails=0
[INFO] [1779943553.373536146] [cartesian_streamer]: QueueTrajPoint accepted #380: t=25.266s, hold=False
[INFO] [1779943554.303790015] [cartesian_streamer]: IK OK → Δmax=0.0000 rad, joints: [1.540, 0.201, -0.784, -0.021, -0.662, 0.019]
[INFO] [1779943554.709084122] [cartesian_streamer]: QueueTrajPoint accepted #400: t=26.600s, hold=False
[INFO] [1779943556.044555725] [cartesian_streamer]: QueueTrajPoint accepted #420: t=27.938s, hold=False
[INFO] [1779943556.305050116] [cartesian_streamer]: IK OK → Δmax=0.0212 rad, joints: [1.564, 0.056, -0.445, -0.016, -1.145, -0.015]
[INFO] [1779943557.374745773] [cartesian_streamer]: QueueTrajPoint accepted #440: t=29.268s, hold=False
[INFO] [1779943558.303028121] [cartesian_streamer]: Runtime rate: state=streaming, tick_hz=15.0, queue_send_hz=15.0, ack_hz=15.0, busy_hz=0.0, retry_count=0, reject_count=0, inter_ack_ms=66.7, max_joint_delta=0.027, cumul_time=30.14s, hold_count=0, ik_mode=Local, ik_avg_ms=1.36, ik_fails=0
[INFO] [1779943558.305758773] [cartesian_streamer]: IK OK → Δmax=0.0157 rad, joints: [1.688, 0.437, 0.128, -0.025, -1.335, -0.139]
[INFO] [1779943558.709339999] [cartesian_streamer]: QueueTrajPoint accepted #460: t=30.601s, hold=False
[INFO] [1779943560.042095265] [cartesian_streamer]: QueueTrajPoint accepted #480: t=31.935s, hold=False
[INFO] [1779943560.370212621] [cartesian_streamer]: IK OK → Δmax=0.0000 rad, joints: [1.695, 0.726, 0.367, -0.026, -1.286, -0.145]
[INFO] [1779943561.373202935] [cartesian_streamer]: QueueTrajPoint accepted #500: t=33.266s, hold=False
[INFO] [1779943562.371254582] [cartesian_streamer]: IK OK → Δmax=0.0143 rad, joints: [1.657, 0.718, 0.449, -0.022, -1.376, -0.110]
[INFO] [1779943562.709552810] [cartesian_streamer]: QueueTrajPoint accepted #520: t=34.603s, hold=False
[INFO] [1779943563.369553253] [cartesian_streamer]: Runtime rate: state=streaming, tick_hz=15.0, queue_send_hz=15.0, ack_hz=15.0, busy_hz=0.0, retry_count=0, reject_count=0, inter_ack_ms=66.6, max_joint_delta=0.016, cumul_time=35.20s, hold_count=0, ik_mode=Local, ik_avg_ms=1.34, ik_fails=0
[INFO] [1779943564.043985390] [cartesian_streamer]: QueueTrajPoint accepted #540: t=35.937s, hold=False
[INFO] [1779943564.372290081] [cartesian_streamer]: IK OK → Δmax=0.0251 rad, joints: [1.437, 0.475, 0.149, -0.005, -1.322, 0.107]
[INFO] [1779943565.373334359] [cartesian_streamer]: QueueTrajPoint accepted #560: t=37.266s, hold=False
[INFO] [1779943566.438626597] [cartesian_streamer]: IK OK → Δmax=0.0039 rad, joints: [1.392, 0.525, 0.103, -0.002, -1.227, 0.151]
[INFO] [1779943566.709141085] [cartesian_streamer]: QueueTrajPoint accepted #580: t=38.602s, hold=False
[INFO] [1779943568.044691142] [cartesian_streamer]: QueueTrajPoint accepted #600: t=39.936s, hold=False
[INFO] [1779943568.436247782] [cartesian_streamer]: Runtime rate: state=streaming, tick_hz=15.0, queue_send_hz=15.0, ack_hz=15.0, busy_hz=0.0, retry_count=0, reject_count=0, inter_ack_ms=66.7, max_joint_delta=0.027, cumul_time=40.27s, hold_count=0, ik_mode=Local, ik_avg_ms=1.39, ik_fails=0
[INFO] [1779943568.439424956] [cartesian_streamer]: IK OK → Δmax=0.0129 rad, joints: [1.394, 0.476, 0.136, -0.002, -1.308, 0.148]
[INFO] [1779943569.375374348] [cartesian_streamer]: QueueTrajPoint accepted #620: t=41.268s, hold=False
[INFO] [1779943570.441411970] [cartesian_streamer]: IK OK → Δmax=0.0212 rad, joints: [1.429, 0.097, -0.353, -0.005, -1.199, 0.115]
[INFO] [1779943570.709350722] [cartesian_streamer]: QueueTrajPoint accepted #640: t=42.601s, hold=False
[INFO] [1779943572.043314813] [cartesian_streamer]: QueueTrajPoint accepted #660: t=43.937s, hold=False
[INFO] [1779943572.503781264] [cartesian_streamer]: IK OK → Δmax=0.0062 rad, joints: [1.465, 0.165, -0.659, -0.010, -0.824, 0.084]
[INFO] [1779943573.373631670] [cartesian_streamer]: QueueTrajPoint accepted #680: t=45.267s, hold=False
[INFO] [1779943573.436765535] [cartesian_streamer]: Runtime rate: state=streaming, tick_hz=15.0, queue_send_hz=15.0, ack_hz=15.0, busy_hz=0.0, retry_count=0, reject_count=0, inter_ack_ms=66.7, max_joint_delta=0.024, cumul_time=45.27s, hold_count=0, ik_mode=Local, ik_avg_ms=1.41, ik_fails=0
[INFO] [1779943574.504002542] [cartesian_streamer]: IK OK → Δmax=0.0069 rad, joints: [1.454, 0.152, -0.633, -0.008, -0.863, 0.093]
[INFO] [1779943574.709623754] [cartesian_streamer]: QueueTrajPoint accepted #700: t=46.601s, hold=False
[INFO] [1779943576.042174045] [cartesian_streamer]: QueueTrajPoint accepted #720: t=47.935s, hold=False
[INFO] [1779943576.506134681] [cartesian_streamer]: IK OK → Δmax=0.0207 rad, joints: [1.616, 0.227, -0.271, -0.020, -1.148, -0.065]
[INFO] [1779943577.374432463] [cartesian_streamer]: QueueTrajPoint accepted #740: t=49.268s, hold=False
[INFO] [1779943578.502964958] [cartesian_streamer]: Runtime rate: state=streaming, tick_hz=15.0, queue_send_hz=15.0, ack_hz=15.0, busy_hz=0.0, retry_count=0, reject_count=0, inter_ack_ms=66.7, max_joint_delta=0.023, cumul_time=50.33s, hold_count=0, ik_mode=Local, ik_avg_ms=1.42, ik_fails=0
[INFO] [1779943578.506322141] [cartesian_streamer]: IK OK → Δmax=0.0193 rad, joints: [1.776, 0.612, 0.364, -0.031, -1.395, -0.228]
[INFO] [1779943578.709855134] [cartesian_streamer]: QueueTrajPoint accepted #760: t=50.601s, hold=False
[INFO] [1779943580.040324749] [cartesian_streamer]: QueueTrajPoint accepted #780: t=51.934s, hold=False
[INFO] [1779943580.506694775] [cartesian_streamer]: IK OK → Δmax=0.0034 rad, joints: [1.808, 0.763, 0.477, -0.033, -1.354, -0.258]
[INFO] [1779943581.373236506] [cartesian_streamer]: QueueTrajPoint accepted #800: t=53.266s, hold=False
[INFO] [1779943582.570879808] [cartesian_streamer]: IK OK → Δmax=0.0046 rad, joints: [1.819, 0.748, 0.464, -0.034, -1.357, -0.269]
[INFO] [1779943582.708685297] [cartesian_streamer]: QueueTrajPoint accepted #820: t=54.601s, hold=False
[INFO] [1779943583.568920007] [cartesian_streamer]: Runtime rate: state=streaming, tick_hz=15.0, queue_send_hz=15.0, ack_hz=15.0, busy_hz=0.0, retry_count=0, reject_count=0, inter_ack_ms=66.7, max_joint_delta=0.019, cumul_time=55.40s, hold_count=0, ik_mode=Local, ik_avg_ms=1.44, ik_fails=0
[INFO] [1779943584.040909016] [cartesian_streamer]: QueueTrajPoint accepted #840: t=55.934s, hold=False
[INFO] [1779943584.571757720] [cartesian_streamer]: IK OK → Δmax=0.0222 rad, joints: [1.780, 0.483, 0.293, -0.031, -1.452, -0.233]
[INFO] [1779943585.375504815] [cartesian_streamer]: QueueTrajPoint accepted #860: t=57.269s, hold=False
[INFO] [1779943586.638471310] [cartesian_streamer]: IK OK → Δmax=0.0197 rad, joints: [1.620, 0.183, -0.404, -0.022, -1.059, -0.067]
[INFO] [1779943586.708847963] [cartesian_streamer]: QueueTrajPoint accepted #880: t=58.601s, hold=False
[INFO] [1779943588.042437830] [cartesian_streamer]: QueueTrajPoint accepted #900: t=59.934s, hold=False
[INFO] [1779943588.569296601] [cartesian_streamer]: Runtime rate: state=streaming, tick_hz=15.0, queue_send_hz=15.0, ack_hz=15.0, busy_hz=0.0, retry_count=0, reject_count=0, inter_ack_ms=66.7, max_joint_delta=0.024, cumul_time=60.40s, hold_count=0, ik_mode=Local, ik_avg_ms=1.44, ik_fails=0
[INFO] [1779943588.703593498] [cartesian_streamer]: IK OK → Δmax=0.0059 rad, joints: [1.553, 0.202, -0.565, -0.018, -0.880, 0.001]
[INFO] [1779943589.374334334] [cartesian_streamer]: QueueTrajPoint accepted #920: t=61.267s, hold=False
[INFO] [1779943590.703937394] [cartesian_streamer]: IK OK → Δmax=0.0000 rad, joints: [1.571, 0.245, -0.503, -0.019, -0.898, -0.016]
[INFO] [1779943590.708921508] [cartesian_streamer]: QueueTrajPoint accepted #940: t=62.600s, hold=False
[INFO] [1779943592.041358150] [cartesian_streamer]: QueueTrajPoint accepted #960: t=63.935s, hold=False
[INFO] [1779943592.770705641] [cartesian_streamer]: IK OK → Δmax=0.0057 rad, joints: [1.557, 0.232, -0.504, -0.018, -0.911, -0.003]
[INFO] [1779943593.374200482] [cartesian_streamer]: QueueTrajPoint accepted #980: t=65.267s, hold=False
[INFO] [1779943593.570503240] [cartesian_streamer]: Runtime rate: state=streaming, tick_hz=15.0, queue_send_hz=15.0, ack_hz=15.0, busy_hz=0.0, retry_count=0, reject_count=0, inter_ack_ms=66.7, max_joint_delta=0.010, cumul_time=65.40s, hold_count=0, ik_mode=Local, ik_avg_ms=1.41, ik_fails=0
[INFO] [1779943594.710838443] [cartesian_streamer]: QueueTrajPoint accepted #1000: t=66.603s, hold=False
[INFO] [1779943594.771088793] [cartesian_streamer]: IK OK → Δmax=0.0087 rad, joints: [1.379, 0.176, -0.503, -0.001, -0.969, 0.163]
[INFO] [1779943596.041529849] [cartesian_streamer]: QueueTrajPoint accepted #1020: t=67.935s, hold=False
[INFO] [1779943596.771503731] [cartesian_streamer]: IK OK → Δmax=0.0057 rad, joints: [1.402, 0.212, -0.441, -0.003, -0.996, 0.142]
[INFO] [1779943597.373554241] [cartesian_streamer]: QueueTrajPoint accepted #1040: t=69.267s, hold=False
[INFO] [1779943598.636432340] [cartesian_streamer]: Runtime rate: state=streaming, tick_hz=15.0, queue_send_hz=15.0, ack_hz=15.0, busy_hz=0.0, retry_count=0, reject_count=0, inter_ack_ms=66.7, max_joint_delta=0.020, cumul_time=70.47s, hold_count=0, ik_mode=Local, ik_avg_ms=1.44, ik_fails=0
[INFO] [1779943598.710722943] [cartesian_streamer]: QueueTrajPoint accepted #1060: t=70.604s, hold=False
[INFO] [1779943598.771796550] [cartesian_streamer]: IK OK → Δmax=0.0207 rad, joints: [1.689, 0.335, -0.037, -0.025, -1.273, -0.139]
[INFO] [1779943600.042490217] [cartesian_streamer]: QueueTrajPoint accepted #1080: t=71.936s, hold=False
[INFO] [1779943600.836816280] [cartesian_streamer]: IK OK → Δmax=0.0150 rad, joints: [1.795, 0.782, 0.568, -0.032, -1.427, -0.248]
[INFO] [1779943601.375979302] [cartesian_streamer]: QueueTrajPoint accepted #1100: t=73.268s, hold=False
[INFO] [1779943602.706037641] [cartesian_streamer]: QueueTrajPoint accepted #1120: t=74.600s, hold=False
[INFO] [1779943602.903000800] [cartesian_streamer]: IK OK → Δmax=0.0000 rad, joints: [1.806, 0.854, 0.545, -0.033, -1.332, -0.255]
[INFO] [1779943603.703029466] [cartesian_streamer]: Runtime rate: state=streaming, tick_hz=15.0, queue_send_hz=15.0, ack_hz=15.0, busy_hz=0.0, retry_count=0, reject_count=0, inter_ack_ms=66.7, max_joint_delta=0.022, cumul_time=75.53s, hold_count=0, ik_mode=Local, ik_avg_ms=1.44, ik_fails=0
[INFO] [1779943604.043566547] [cartesian_streamer]: QueueTrajPoint accepted #1140: t=75.935s, hold=False
[INFO] [1779943604.904319901] [cartesian_streamer]: IK OK → Δmax=0.0171 rad, joints: [1.777, 0.632, 0.457, -0.031, -1.467, -0.231]
[INFO] [1779943605.381139301] [cartesian_streamer]: QueueTrajPoint accepted #1160: t=77.273s, hold=False
[INFO] [1779943606.707524681] [cartesian_streamer]: QueueTrajPoint accepted #1180: t=78.600s, hold=False
[INFO] [1779943606.904540286] [cartesian_streamer]: IK OK → Δmax=0.0229 rad, joints: [1.692, 0.234, -0.214, -0.026, -1.197, -0.139]
[INFO] [1779943608.043880196] [cartesian_streamer]: QueueTrajPoint accepted #1200: t=79.936s, hold=False
[INFO] [1779943608.769647874] [cartesian_streamer]: Runtime rate: state=streaming, tick_hz=15.0, queue_send_hz=15.0, ack_hz=15.0, busy_hz=0.0, retry_count=0, reject_count=0, inter_ack_ms=66.6, max_joint_delta=0.024, cumul_time=80.60s, hold_count=0, ik_mode=Local, ik_avg_ms=1.46, ik_fails=0
[INFO] [1779943608.970735142] [cartesian_streamer]: IK OK → Δmax=0.0000 rad, joints: [1.646, 0.255, -0.616, -0.030, -0.774, -0.082]
[INFO] [1779943609.373026565] [cartesian_streamer]: QueueTrajPoint accepted #1220: t=81.266s, hold=False
[INFO] [1779943610.710301600] [cartesian_streamer]: QueueTrajPoint accepted #1240: t=82.603s, hold=False
[INFO] [1779943611.041019573] [cartesian_streamer]: IK OK → Δmax=0.0207 rad, joints: [1.583, 0.180, -0.410, -0.019, -1.057, -0.031]
[INFO] [1779943612.042768274] [cartesian_streamer]: QueueTrajPoint accepted #1260: t=83.936s, hold=False
[INFO] [1779943613.108812167] [cartesian_streamer]: IK OK → Δmax=0.0192 rad, joints: [1.611, 0.466, 0.263, -0.018, -1.443, -0.066]
[INFO] [1779943613.376262749] [cartesian_streamer]: QueueTrajPoint accepted #1280: t=85.269s, hold=False
[INFO] [1779943613.771301989] [cartesian_streamer]: Runtime rate: state=streaming, tick_hz=15.0, queue_send_hz=15.0, ack_hz=15.0, busy_hz=0.0, retry_count=0, reject_count=0, inter_ack_ms=66.7, max_joint_delta=0.024, cumul_time=85.60s, hold_count=0, ik_mode=Local, ik_avg_ms=1.46, ik_fails=0
[INFO] [1779943614.711443701] [cartesian_streamer]: QueueTrajPoint accepted #1300: t=86.602s, hold=False
[INFO] [1779943615.170456146] [cartesian_streamer]: IK OK → Δmax=0.0158 rad, joints: [1.565, 0.859, 0.677, -0.015, -1.464, -0.021]
[INFO] [1779943616.040474772] [cartesian_streamer]: QueueTrajPoint accepted #1320: t=87.934s, hold=False
[INFO] [1779943617.171594032] [cartesian_streamer]: IK OK → Δmax=0.0115 rad, joints: [1.620, 0.756, 0.560, -0.019, -1.450, -0.075]
[INFO] [1779943617.375209607] [cartesian_streamer]: QueueTrajPoint accepted #1340: t=89.268s, hold=False
[INFO] [1779943618.708701347] [cartesian_streamer]: QueueTrajPoint accepted #1360: t=90.600s, hold=False
[INFO] [1779943618.836154731] [cartesian_streamer]: Runtime rate: state=streaming, tick_hz=15.0, queue_send_hz=15.0, ack_hz=15.0, busy_hz=0.0, retry_count=0, reject_count=0, inter_ack_ms=66.7, max_joint_delta=0.025, cumul_time=90.67s, hold_count=0, ik_mode=Local, ik_avg_ms=1.47, ik_fails=0
[INFO] [1779943619.239371587] [cartesian_streamer]: IK OK → Δmax=0.0188 rad, joints: [1.645, 0.335, 0.129, -0.021, -1.439, -0.100]
[INFO] [1779943620.044931023] [cartesian_streamer]: QueueTrajPoint accepted #1380: t=91.938s, hold=False
[INFO] [1779943621.240055071] [cartesian_streamer]: IK OK → Δmax=0.0223 rad, joints: [1.701, 0.084, -0.470, -0.028, -1.091, -0.145]
[INFO] [1779943621.375363857] [cartesian_streamer]: QueueTrajPoint accepted #1400: t=93.268s, hold=False
[INFO] [1779943622.706310435] [cartesian_streamer]: QueueTrajPoint accepted #1420: t=94.600s, hold=False
[INFO] [1779943623.305289853] [cartesian_streamer]: IK OK → Δmax=0.0088 rad, joints: [1.668, 0.225, -0.628, -0.032, -0.792, -0.103]
[INFO] [1779943623.902633459] [cartesian_streamer]: Runtime rate: state=streaming, tick_hz=15.0, queue_send_hz=15.0, ack_hz=15.0, busy_hz=0.0, retry_count=0, reject_count=0, inter_ack_ms=66.7, max_joint_delta=0.022, cumul_time=95.74s, hold_count=0, ik_mode=Local, ik_avg_ms=1.49, ik_fails=0
[INFO] [1779943624.043862898] [cartesian_streamer]: QueueTrajPoint accepted #1440: t=95.937s, hold=False
[INFO] [1779943625.370535323] [cartesian_streamer]: IK OK → Δmax=0.0000 rad, joints: [1.704, 0.244, -0.628, -0.036, -0.772, -0.136]
[INFO] [1779943625.373492702] [cartesian_streamer]: QueueTrajPoint accepted #1460: t=97.267s, hold=False
[INFO] [1779943626.708605903] [cartesian_streamer]: QueueTrajPoint accepted #1480: t=98.601s, hold=False
[INFO] [1779943627.371695903] [cartesian_streamer]: IK OK → Δmax=0.0213 rad, joints: [1.838, 0.227, -0.165, -0.037, -1.248, -0.283]
[INFO] [1779943628.044954331] [cartesian_streamer]: QueueTrajPoint accepted #1500: t=99.937s, hold=False
[INFO] [1779943628.969365838] [cartesian_streamer]: Runtime rate: state=streaming, tick_hz=15.0, queue_send_hz=15.0, ack_hz=15.0, busy_hz=0.0, retry_count=0, reject_count=0, inter_ack_ms=66.6, max_joint_delta=0.023, cumul_time=100.80s, hold_count=0, ik_mode=Local, ik_avg_ms=1.49, ik_fails=0
[INFO] [1779943629.372649819] [cartesian_streamer]: QueueTrajPoint accepted #1520: t=101.266s, hold=False
[INFO] [1779943629.440425670] [cartesian_streamer]: IK OK → Δmax=0.0215 rad, joints: [1.885, 0.670, 0.513, -0.038, -1.481, -0.338]
[INFO] [1779943630.710586139] [cartesian_streamer]: QueueTrajPoint accepted #1540: t=102.602s, hold=False
[INFO] [1779943631.505871331] [cartesian_streamer]: IK OK → Δmax=0.0098 rad, joints: [1.819, 0.861, 0.582, -0.034, -1.362, -0.269]
[INFO] [1779943632.043869165] [cartesian_streamer]: QueueTrajPoint accepted #1560: t=103.936s, hold=False
[INFO] [1779943633.372574762] [cartesian_streamer]: QueueTrajPoint accepted #1580: t=105.266s, hold=False
[INFO] [1779943633.570069270] [cartesian_streamer]: IK OK → Δmax=0.0000 rad, joints: [1.870, 0.800, 0.444, -0.038, -1.283, -0.316]
[INFO] [1779943634.036615000] [cartesian_streamer]: Runtime rate: state=streaming, tick_hz=15.0, queue_send_hz=15.0, ack_hz=15.0, busy_hz=0.0, retry_count=0, reject_count=0, inter_ack_ms=66.7, max_joint_delta=0.025, cumul_time=105.87s, hold_count=0, ik_mode=Local, ik_avg_ms=1.48, ik_fails=0
[INFO] [1779943634.460204667] [cartesian_streamer]: Disable Robot: dừng stream, tắt traj mode...
[INFO] [1779943634.461080613] [cartesian_streamer]: ✗ Robot DISABLED.
[INFO] [1779943660.348289264] [cartesian_streamer]: Graceful shutdown: tắt Point Queue Mode trước khi thoát...
[INFO] [1779943660.348835854] [cartesian_streamer]: Robot chưa enable, không cần stop_traj_mode.
[INFO] [1779943660.349357845] [cartesian_streamer]: Shutdown hoàn tất. Tủ điện sẽ KHÔNG bị alarm.
