[INFO] [1779789166.757833198] [experiment_logger]: Logger ready.
[INFO] [1779789670.558208110] [experiment_logger]: Trajectory mode: prediction
[INFO] [1779789688.178144545] [experiment_logger]: Service called: /logger/toggle with data=True
[INFO] [1779789688.178912371] [experiment_logger]: ✓ STARTED in-memory logging. Target file: /home/duy/cocarry_ws/cocarry_logs/experiment_GRU_20260526_170128.csv
[INFO] [1779789713.101767310] [experiment_logger]: Service called: /logger/toggle with data=False
[INFO] [1779789713.102205470] [experiment_logger]: Writing 332 rows from memory to /home/duy/cocarry_ws/cocarry_logs/experiment_GRU_20260526_170128.csv...
[INFO] [1779789713.105144799] [experiment_logger]: ✓ Successfully wrote logs to disk.
[INFO] [1779789713.105745137] [experiment_logger]: Stopped logging. Saved 332 rows to /home/duy/cocarry_ws/cocarry_logs/experiment_GRU_20260526_170128.csv
[INFO] [1779789713.110823562] [experiment_logger]: 
============================================================
EXPERIMENT METRICS
  File: experiment_GRU_20260526_170128.csv
  Total samples: 332
  Task completion time: 24.92 s
  --- Prediction Accuracy (over 332 samples) ---
  Avg Inference Time: 10.48 ms
  Mean Squared Error (MSE): 0.000618 m²
  Mean Absolute Error (MAE - 3D): 0.0217 m
      MAE X: 0.0075 m
      MAE Y: 0.0170 m
      MAE Z: 0.0058 m
  --- Trajectory Smoothness (Robot EE) ---
  Mean Jerk (3D): 12.3873 m/s³
      Jerk X: 2.4228 m/s³
      Jerk Y: 8.9745 m/s³
      Jerk Z: 6.0128 m/s³
  Max Jerk (3D): 73.1537 m/s³
  RMS Jerk (3D): 16.7829 m/s³
============================================================
[INFO] [1779789756.299010035] [experiment_logger]: Service called: /logger/toggle with data=True
[INFO] [1779789756.299705710] [experiment_logger]: ✓ STARTED in-memory logging. Target file: /home/duy/cocarry_ws/cocarry_logs/experiment_GRU_20260526_170236.csv
[INFO] [1779789839.390152461] [experiment_logger]: Service called: /logger/toggle with data=False
[INFO] [1779789839.390730466] [experiment_logger]: Writing 1190 rows from memory to /home/duy/cocarry_ws/cocarry_logs/experiment_GRU_20260526_170236.csv...
[INFO] [1779789839.406536958] [experiment_logger]: ✓ Successfully wrote logs to disk.
[INFO] [1779789839.409804028] [experiment_logger]: Stopped logging. Saved 1190 rows to /home/duy/cocarry_ws/cocarry_logs/experiment_GRU_20260526_170236.csv
[INFO] [1779789839.430066488] [experiment_logger]: 
============================================================
EXPERIMENT METRICS
  File: experiment_GRU_20260526_170236.csv
  Total samples: 1190
  Task completion time: 83.09 s
  --- Prediction Accuracy (over 1190 samples) ---
  Avg Inference Time: 9.84 ms
  Mean Squared Error (MSE): 0.002797 m²
  Mean Absolute Error (MAE - 3D): 0.0345 m
      MAE X: 0.0176 m
      MAE Y: 0.0246 m
      MAE Z: 0.0074 m
  --- Trajectory Smoothness (Robot EE) ---
  Mean Jerk (3D): 11.8284 m/s³
      Jerk X: 2.8637 m/s³
      Jerk Y: 8.2542 m/s³
      Jerk Z: 5.9066 m/s³
  Max Jerk (3D): 123.4800 m/s³
  RMS Jerk (3D): 16.0650 m/s³
============================================================
