[INFO] [1781241674.019273864] [experiment_logger]: ✓ STARTED in-memory logging. Target file: /home/duy/cocarry_ws/cocarry_logs/experiment_GROUND_TRUTH_20260612_122113.csv
[INFO] [1781241674.030162447] [experiment_logger]: Logger ready.
[INFO] [1781241954.683657001] [experiment_logger]: Service called: /logger/toggle with data=True
[INFO] [1781241997.980199897] [experiment_logger]: Service called: /logger/toggle with data=False
[INFO] [1781241997.980555652] [experiment_logger]: Writing 3407 rows from memory to /home/duy/cocarry_ws/cocarry_logs/experiment_GROUND_TRUTH_20260612_122113.csv...
[INFO] [1781241997.994047525] [experiment_logger]: ✓ Successfully wrote logs to disk.
[INFO] [1781241997.995688924] [experiment_logger]: Stopped logging. Saved 3407 rows to /home/duy/cocarry_ws/cocarry_logs/experiment_GROUND_TRUTH_20260612_122113.csv
[INFO] [1781241998.017223642] [experiment_logger]: 
============================================================
EXPERIMENT METRICS
  File: experiment_GROUND_TRUTH_20260612_122113.csv
  Total samples: 3393
  Task completion time: 323.99 s
  Mode: GROUND TRUTH (no prediction metrics)
  --- Trajectory Smoothness (Robot EE) ---
  Mean Jerk (3D): 12.3083 m/s³
      Jerk X: 4.7053 m/s³
      Jerk Y: 7.9171 m/s³
      Jerk Z: 5.4043 m/s³
  Max Jerk (3D): 122.3013 m/s³
  RMS Jerk (3D): 19.7023 m/s³
============================================================
[INFO] [1781242004.122634898] [experiment_logger]: Service called: /logger/toggle with data=False
