[INFO] [1781084944.386776489] [coord_transform]: CoordTransformNode khởi động.
  Object offset (cam frame): [0.05 0.   0.1 ]
  Translation cam→base:      [0.5 0.  1.2]
  EE orientation (xyzw):     [0.0, 1.0, 0.0, 0.0]
  Prediction step:           5
  Axis remap:                [0, 1, 2]
  Axis sign:                 [-1.0, 1.0, 1.0]
  Workspace X: (-1.0, 1.0), Y: (-0.5, 1.3), Z: (0.05, 1.5)
  Filter outlier_threshold:  0.15m
  Filter median_size_y:      5
  Filter deadband_tol:       35.0mm
  Filter stationary_thresh:  3 frames
  Filter max_rate:           5.0cm/frame
  Filter EMA moving(x,y,z):  (0.75,0.5,0.75)
  Filter EMA hold  (x,y,z):  (0.08,0.02,0.05)
[WARN] [1781084959.467437013] [coord_transform]: Outlier rejected #1 (jumped 2204.4mm). Ignoring.
[WARN] [1781084962.477759777] [coord_transform]: Outlier rejected #1 (jumped 288.9mm). Ignoring.
[WARN] [1781084962.604359912] [coord_transform]: Outlier rejected #2 (jumped 2394.0mm). Ignoring.
[WARN] [1781084962.765386190] [coord_transform]: Outlier rejected #3 (jumped 1307.7mm). Ignoring.
[WARN] [1781084964.140695962] [coord_transform]: Outlier rejected #1 (jumped 2337.5mm). Ignoring.
[WARN] [1781084964.235233331] [coord_transform]: Outlier rejected #2 (jumped 2181.8mm). Ignoring.
[WARN] [1781084964.345706665] [coord_transform]: Outlier rejected #3 (jumped 1942.1mm). Ignoring.
[WARN] [1781084967.267656253] [coord_transform]: Outlier rejected #1 (jumped 2528.0mm). Ignoring.
[WARN] [1781084967.744355583] [coord_transform]: Outlier rejected #1 (jumped 338.8mm). Ignoring.
[WARN] [1781084968.067296421] [coord_transform]: Outlier rejected #2 (jumped 331.9mm). Ignoring.
[WARN] [1781084968.156018045] [coord_transform]: Outlier rejected #3 (jumped 2188.0mm). Ignoring.
[WARN] [1781084968.433534210] [coord_transform]: Outlier rejected #1 (jumped 383.6mm). Ignoring.
[WARN] [1781084970.105204899] [coord_transform]: Outlier rejected #1 (jumped 2531.2mm). Ignoring.
[WARN] [1781084975.183622094] [coord_transform]: Outlier rejected #1 (jumped 2370.9mm). Ignoring.
[WARN] [1781084977.149016956] [coord_transform]: Outlier rejected #1 (jumped 2237.9mm). Ignoring.
[WARN] [1781084985.567260107] [coord_transform]: Outlier rejected #1 (jumped 197.4mm). Ignoring.
[WARN] [1781084986.422596646] [coord_transform]: Outlier rejected #1 (jumped 402.3mm). Ignoring.
[WARN] [1781084986.529788922] [coord_transform]: Outlier rejected #2 (jumped 195.6mm). Ignoring.
[WARN] [1781084986.922029655] [coord_transform]: Outlier rejected #1 (jumped 185.5mm). Ignoring.
[WARN] [1781084990.682673798] [coord_transform]: Outlier rejected #1 (jumped 440.2mm). Ignoring.
[WARN] [1781084990.938679021] [coord_transform]: Outlier rejected #2 (jumped 389.5mm). Ignoring.
[WARN] [1781084997.301820576] [coord_transform]: Outlier rejected #3 (jumped 214.5mm). Ignoring.
[WARN] [1781084997.388304513] [coord_transform]: Outlier rejected #4 (jumped 224.2mm). Ignoring.
[INFO] [1781084997.461084007] [coord_transform]: Too many outliers (5). Resetting filter to new position.
[WARN] [1781084998.248632900] [coord_transform]: Outlier rejected #1 (jumped 806.5mm). Ignoring.
[WARN] [1781084998.354578388] [coord_transform]: Outlier rejected #2 (jumped 840.5mm). Ignoring.
[WARN] [1781084998.842931518] [coord_transform]: Outlier rejected #3 (jumped 282.9mm). Ignoring.
[WARN] [1781084998.939651515] [coord_transform]: Outlier rejected #4 (jumped 277.4mm). Ignoring.
[INFO] [1781084999.033921569] [coord_transform]: Too many outliers (5). Resetting filter to new position.
[WARN] [1781084999.443298093] [coord_transform]: Outlier rejected #1 (jumped 227.5mm). Ignoring.
[WARN] [1781084999.513157596] [coord_transform]: Outlier rejected #2 (jumped 270.7mm). Ignoring.
[WARN] [1781084999.612617124] [coord_transform]: Outlier rejected #3 (jumped 276.6mm). Ignoring.
[WARN] [1781084999.683985419] [coord_transform]: Outlier rejected #4 (jumped 268.0mm). Ignoring.
[INFO] [1781084999.781960354] [coord_transform]: Too many outliers (5). Resetting filter to new position.
