[INFO] [1779612084.208674477] [motoros2_mock]: ╔══════════════════════════════════════════════╗
║   MotoROS2 Mock Node — Simulation Mode      ║
║   Tất cả /* services đã sẵn sàng            ║
║   (node_namespace="" — không prefix)         ║
╚══════════════════════════════════════════════╝
[INFO] [1779612137.889655334] [motoros2_mock]: ✓ StartPointQueueMode → READY (mock)
[INFO] [1779612137.902834014] [motoros2_mock]: QueueTrajPoint #1 → forwarded to JTC. joints=[1.571, 0.075, -1.049, -0.030, -0.523, -0.002]
[INFO] [1779612137.963057491] [motoros2_mock]: QueueTrajPoint #2 → forwarded to JTC. joints=[1.571, 0.075, -1.049, -0.030, -0.523, -0.002]
[INFO] [1779612138.030428091] [motoros2_mock]: QueueTrajPoint #3 → forwarded to JTC. joints=[1.571, 0.075, -1.049, -0.030, -0.523, -0.002]
[INFO] [1779612141.163436023] [motoros2_mock]: QueueTrajPoint #50 → forwarded to JTC. joints=[1.571, 0.075, -1.049, -0.030, -0.523, -0.002]
[INFO] [1779612144.496403662] [motoros2_mock]: QueueTrajPoint #100 → forwarded to JTC. joints=[1.571, 0.075, -1.049, -0.030, -0.523, -0.002]
[INFO] [1779612147.831089792] [motoros2_mock]: QueueTrajPoint #150 → forwarded to JTC. joints=[1.571, 0.075, -1.049, -0.030, -0.523, -0.002]
[INFO] [1779612151.165327508] [motoros2_mock]: QueueTrajPoint #200 → forwarded to JTC. joints=[1.639, 0.038, -0.838, -0.029, -0.770, -0.075]
[INFO] [1779612154.499880433] [motoros2_mock]: QueueTrajPoint #250 → forwarded to JTC. joints=[1.815, 0.098, -0.215, -0.034, -1.328, -0.263]
[INFO] [1779612157.836977508] [motoros2_mock]: QueueTrajPoint #300 → forwarded to JTC. joints=[1.637, 0.440, -0.117, -0.023, -1.088, -0.084]
[INFO] [1779612161.166553009] [motoros2_mock]: QueueTrajPoint #350 → forwarded to JTC. joints=[1.882, 0.494, -0.014, -0.042, -1.131, -0.321]
[INFO] [1779612164.503743444] [motoros2_mock]: QueueTrajPoint #400 → forwarded to JTC. joints=[1.456, 0.458, -0.113, -0.007, -1.077, 0.090]
[INFO] [1779612167.836724373] [motoros2_mock]: QueueTrajPoint #450 → forwarded to JTC. joints=[1.458, 0.392, -0.208, -0.008, -1.049, 0.088]
[INFO] [1779612171.167154331] [motoros2_mock]: QueueTrajPoint #500 → forwarded to JTC. joints=[1.470, 0.388, -0.215, -0.009, -1.045, 0.076]
[INFO] [1779612174.500291837] [motoros2_mock]: QueueTrajPoint #550 → forwarded to JTC. joints=[1.724, 0.256, -0.112, -0.028, -1.276, -0.173]
[INFO] [1779612177.836349782] [motoros2_mock]: QueueTrajPoint #600 → forwarded to JTC. joints=[1.666, 0.476, -0.021, -0.025, -1.148, -0.114]
[INFO] [1779612194.391641943] [motoros2_mock]: MotoROS2 Mock Node shutdown.
