[INFO] [1779686146.609157663] [go_home_node]: Đang chờ /joint_states...
[INFO] [1779686146.610423517] [go_home_node]: Joints hiện tại: ['1.2088', '-0.1613', '-0.5189', '0.0132', '-1.2896', '0.3289']
[INFO] [1779686146.610776018] [go_home_node]: Gọi stop_traj_mode...
[INFO] [1779686148.156405372] [go_home_node]: Gọi reset_error...
[INFO] [1779686148.688637140] [go_home_node]: Gọi start_point_queue_mode...
[INFO] [1779686150.055109151] [go_home_node]: ✓ Point Queue Mode ACTIVE — Servo ON!
[INFO] [1779686151.557262682] [go_home_node]: Gửi seed point...
[INFO] [1779686151.942476950] [go_home_node]: ✓ Seed point accepted.
[INFO] [1779686152.243251818] [go_home_node]: Di chuyển về Home trong 2.5s (50 points @ 20Hz)...
[WARN] [1779686152.625189425] [go_home_node]: Point 1 rejected: code=2
[WARN] [1779686152.667833028] [go_home_node]: Point 2 rejected: code=2
[WARN] [1779686152.813279670] [go_home_node]: Point 3 rejected: code=2
[WARN] [1779686152.849156097] [go_home_node]: Point 4 rejected: code=2
[WARN] [1779686153.112457045] [go_home_node]: Point 5 rejected: code=2
[WARN] [1779686153.699785908] [go_home_node]: Point 6 rejected: code=204
[WARN] [1779686158.368368799] [go_home_node]: Point 41 rejected: code=2
[WARN] [1779686158.422402747] [go_home_node]: Point 42 rejected: code=2
[WARN] [1779686158.471381099] [go_home_node]: Point 43 rejected: code=2
[WARN] [1779686158.510818084] [go_home_node]: Point 44 rejected: code=2
[WARN] [1779686158.551065631] [go_home_node]: Point 45 rejected: code=2
[WARN] [1779686158.597546834] [go_home_node]: Point 46 rejected: code=2
[WARN] [1779686158.644650198] [go_home_node]: Point 47 rejected: code=2
[WARN] [1779686158.827683559] [go_home_node]: Point 48 rejected: code=2
[WARN] [1779686158.866395033] [go_home_node]: Point 49 rejected: code=2
[WARN] [1779686158.928097234] [go_home_node]: Point 50 rejected: code=2
[INFO] [1779686158.977793342] [go_home_node]: ✓ Đã gửi 13/50 points. Robot đang di chuyển về Home...
[INFO] [1779686162.481067197] [go_home_node]: Thoát Point Queue Mode (stop_traj_mode)...
[INFO] [1779686162.529036473] [go_home_node]: ✓ stop_traj_mode thành công. Tủ điện sạch sẽ.
[INFO] [1779686162.529512637] [go_home_node]: ✓ Đã về Home an toàn! Controller đã thoát queue mode.
