[INFO] [1781089652.136574002] [experiment_logger]: ✓ STARTED in-memory logging. Target file: /home/duy/cocarry_ws/cocarry_logs/experiment_GROUND_TRUTH_20260610_180732.csv
[INFO] [1781089652.144216670] [experiment_logger]: Logger ready.
[INFO] [1781089696.018623988] [experiment_logger]: Trajectory mode: prediction
[INFO] [1781089696.276745672] [experiment_logger]: Trajectory mode: prediction
[INFO] [1781089697.322664409] [experiment_logger]: Service called: /logger/toggle with data=True
[INFO] [1781089704.007956563] [experiment_logger]: Service called: /logger/toggle with data=False
[INFO] [1781089704.008654208] [experiment_logger]: Writing 1223 rows from memory to /home/duy/cocarry_ws/cocarry_logs/experiment_GROUND_TRUTH_20260610_180732.csv...
[INFO] [1781089704.017613969] [experiment_logger]: ✓ Successfully wrote logs to disk.
[INFO] [1781089704.018926978] [experiment_logger]: Stopped logging. Saved 1223 rows to /home/duy/cocarry_ws/cocarry_logs/experiment_GROUND_TRUTH_20260610_180732.csv
[INFO] [1781089704.028026384] [experiment_logger]: 
============================================================
EXPERIMENT METRICS
  File: experiment_GROUND_TRUTH_20260610_180732.csv
  Total samples: 1223
  Task completion time: 51.89 s
  --- Prediction Accuracy (over 239 samples) ---
  Avg Inference Time: 4.49 ms
  Mean Squared Error (MSE): 0.008577 m²
  Mean Absolute Error (MAE - 3D): 0.0912 m
      MAE X: 0.0278 m
      MAE Y: 0.0800 m
      MAE Z: 0.0310 m
  Jerk: insufficient EE data for calculation
============================================================
[INFO] [1781089708.915837275] [experiment_logger]: Trajectory mode: prediction
[INFO] [1781089708.917866189] [experiment_logger]: Trajectory mode: prediction
[INFO] [1781089712.784617734] [experiment_logger]: Service called: /logger/toggle with data=True
[INFO] [1781089712.785449698] [experiment_logger]: ✓ STARTED in-memory logging. Target file: /home/duy/cocarry_ws/cocarry_logs/experiment_GRU_20260610_180832.csv
[INFO] [1781089751.112029466] [experiment_logger]: Service called: /logger/toggle with data=False
[INFO] [1781089751.112777605] [experiment_logger]: Writing 1143 rows from memory to /home/duy/cocarry_ws/cocarry_logs/experiment_GRU_20260610_180832.csv...
[INFO] [1781089751.121578720] [experiment_logger]: ✓ Successfully wrote logs to disk.
[INFO] [1781089751.122418494] [experiment_logger]: Stopped logging. Saved 1143 rows to /home/duy/cocarry_ws/cocarry_logs/experiment_GRU_20260610_180832.csv
[INFO] [1781089751.132083361] [experiment_logger]: 
============================================================
EXPERIMENT METRICS
  File: experiment_GRU_20260610_180832.csv
  Total samples: 1143
  Task completion time: 38.33 s
  --- Prediction Accuracy (over 1143 samples) ---
  Avg Inference Time: 3.58 ms
  Mean Squared Error (MSE): 0.001849 m²
  Mean Absolute Error (MAE - 3D): 0.0355 m
      MAE X: 0.0164 m
      MAE Y: 0.0265 m
      MAE Z: 0.0098 m
  --- Trajectory Smoothness (Robot EE) ---
  Mean Jerk (3D): 14.2740 m/s³
      Jerk X: 4.2591 m/s³
      Jerk Y: 10.4776 m/s³
      Jerk Z: 5.5809 m/s³
  Max Jerk (3D): 126.3918 m/s³
  RMS Jerk (3D): 24.8469 m/s³
============================================================
