[INFO] [1781243562.975804623] [experiment_logger]: ✓ STARTED in-memory logging. Target file: /home/duy/cocarry_ws/cocarry_logs/experiment_GROUND_TRUTH_20260612_125242.csv
[INFO] [1781243562.982673941] [experiment_logger]: Logger ready.
[INFO] [1781243607.007249678] [experiment_logger]: Service called: /logger/toggle with data=True
[INFO] [1781243650.862868335] [experiment_logger]: Service called: /logger/toggle with data=False
[INFO] [1781243650.863373707] [experiment_logger]: Writing 2364 rows from memory to /home/duy/cocarry_ws/cocarry_logs/experiment_GROUND_TRUTH_20260612_125242.csv...
[INFO] [1781243650.869996462] [experiment_logger]: ✓ Successfully wrote logs to disk.
[INFO] [1781243650.870856899] [experiment_logger]: Stopped logging. Saved 2364 rows to /home/duy/cocarry_ws/cocarry_logs/experiment_GROUND_TRUTH_20260612_125242.csv
[INFO] [1781243650.882801810] [experiment_logger]: 
============================================================
EXPERIMENT METRICS
  File: experiment_GROUND_TRUTH_20260612_125242.csv
  Total samples: 0
  Task completion time: 87.91 s
  Mode: GROUND TRUTH (no prediction metrics)
  Jerk: insufficient EE data for calculation
============================================================
[INFO] [1781243662.393058844] [experiment_logger]: Service called: /logger/toggle with data=False
[INFO] [1781243723.351147707] [experiment_logger]: Service called: /logger/toggle with data=True
[INFO] [1781243723.351670661] [experiment_logger]: ✓ STARTED in-memory logging. Target file: /home/duy/cocarry_ws/cocarry_logs/experiment_GROUND_TRUTH_20260612_125523.csv
[INFO] [1781243757.611347681] [experiment_logger]: Service called: /logger/toggle with data=False
[INFO] [1781243757.611628828] [experiment_logger]: Writing 1019 rows from memory to /home/duy/cocarry_ws/cocarry_logs/experiment_GROUND_TRUTH_20260612_125523.csv...
[INFO] [1781243757.616159477] [experiment_logger]: ✓ Successfully wrote logs to disk.
[INFO] [1781243757.617057303] [experiment_logger]: Stopped logging. Saved 1019 rows to /home/duy/cocarry_ws/cocarry_logs/experiment_GROUND_TRUTH_20260612_125523.csv
[INFO] [1781243757.624027088] [experiment_logger]: 
============================================================
EXPERIMENT METRICS
  File: experiment_GROUND_TRUTH_20260612_125523.csv
  Total samples: 1019
  Task completion time: 34.26 s
  Mode: GROUND TRUTH (no prediction metrics)
  Jerk: insufficient EE data for calculation
============================================================
[INFO] [1781243763.778345381] [experiment_logger]: Service called: /logger/toggle with data=False
[INFO] [1781243777.956167701] [experiment_logger]: Trajectory mode: ground_truth
[INFO] [1781243782.313251100] [experiment_logger]: Service called: /logger/toggle with data=True
[INFO] [1781243782.313988054] [experiment_logger]: ✓ STARTED in-memory logging. Target file: /home/duy/cocarry_ws/cocarry_logs/experiment_GROUND_TRUTH_20260612_125622.csv
[INFO] [1781243801.503114624] [experiment_logger]: Service called: /logger/toggle with data=False
[INFO] [1781243801.503511700] [experiment_logger]: Writing 575 rows from memory to /home/duy/cocarry_ws/cocarry_logs/experiment_GROUND_TRUTH_20260612_125622.csv...
[INFO] [1781243801.506850733] [experiment_logger]: ✓ Successfully wrote logs to disk.
[INFO] [1781243801.507291528] [experiment_logger]: Stopped logging. Saved 575 rows to /home/duy/cocarry_ws/cocarry_logs/experiment_GROUND_TRUTH_20260612_125622.csv
[INFO] [1781243801.510885295] [experiment_logger]: 
============================================================
EXPERIMENT METRICS
  File: experiment_GROUND_TRUTH_20260612_125622.csv
  Total samples: 575
  Task completion time: 19.19 s
  Mode: GROUND TRUTH (no prediction metrics)
  Jerk: insufficient EE data for calculation
============================================================
[INFO] [1781243805.872704419] [experiment_logger]: Service called: /logger/toggle with data=False
[INFO] [1781243807.427812674] [experiment_logger]: Service called: /logger/toggle with data=False
[INFO] [1781243813.819645398] [experiment_logger]: Service called: /logger/toggle with data=False
