[INFO] [1781249698.731068573] [coord_transform]: CoordTransformNode khởi động.
  Object offset (cam frame): [0.05 0.   0.1 ]
  Translation cam→base:      [0.5 0.  1.2]
  EE orientation (xyzw):     [0.0, 1.0, 0.0, 0.0]
  Prediction step:           5
  Axis remap:                [0, 1, 2]
  Axis sign:                 [-1.0, 1.0, 1.0]
  Workspace X: (-1.0, 1.0), Y: (-0.5, 1.3), Z: (0.05, 1.5)
  Filter outlier_threshold:  0.15m
  Filter median_size_y:      3
  Filter deadband_tol:       15.0mm
  Filter stationary_thresh:  3 frames
  Filter max_rate:           5.0cm/frame
  Filter EMA moving(x,y,z):  (1.0,1.0,1.0)
  Filter EMA hold  (x,y,z):  (0.08,0.02,0.05)
[WARN] [1781249726.351285985] [coord_transform]: Outlier rejected #1 (jumped 162.1mm). Ignoring.
[WARN] [1781249726.576064577] [coord_transform]: Outlier rejected #1 (jumped 505.8mm). Ignoring.
[WARN] [1781249726.611015390] [coord_transform]: Outlier rejected #2 (jumped 517.4mm). Ignoring.
[WARN] [1781249726.640459090] [coord_transform]: Outlier rejected #3 (jumped 522.6mm). Ignoring.
[WARN] [1781249726.673174287] [coord_transform]: Outlier rejected #4 (jumped 509.1mm). Ignoring.
[INFO] [1781249726.710086157] [coord_transform]: Too many outliers (5). Resetting filter to new position.
[WARN] [1781249726.744424898] [coord_transform]: Outlier rejected #1 (jumped 197.4mm). Ignoring.
[WARN] [1781249726.780130955] [coord_transform]: Outlier rejected #2 (jumped 303.5mm). Ignoring.
[WARN] [1781249726.813056834] [coord_transform]: Outlier rejected #3 (jumped 351.7mm). Ignoring.
[WARN] [1781249726.845019210] [coord_transform]: Outlier rejected #4 (jumped 300.4mm). Ignoring.
[WARN] [1781249738.187834815] [coord_transform]: Outlier rejected #1 (jumped 2148.0mm). Ignoring.
[WARN] [1781249738.220544168] [coord_transform]: Outlier rejected #2 (jumped 2126.0mm). Ignoring.
[WARN] [1781249738.267817128] [coord_transform]: Outlier rejected #3 (jumped 2140.0mm). Ignoring.
[WARN] [1781249738.306900280] [coord_transform]: Outlier rejected #4 (jumped 2140.0mm). Ignoring.
[INFO] [1781249738.341937766] [coord_transform]: Too many outliers (5). Resetting filter to new position.
[INFO] [1781249746.123400608] [coord_transform]: Captured Init Pose! P_init=(-0.162, 0.280, 0.379), Cam_init=(-0.004, 0.003, -0.001), Noise_Tol=38.6mm
Orientation=(0.998, 0.064, -0.000, 0.000)
[INFO] [1781249746.149867901] [coord_transform]: Deadband: RELEASE — motion detected
[INFO] [1781249746.285278524] [coord_transform]: Deadband: HOLD at (-0.004, 0.003, -0.001)
[INFO] [1781249748.182066829] [coord_transform]: Deadband: RELEASE — motion detected
[INFO] [1781249748.287841767] [coord_transform]: Deadband: HOLD at (-0.004, 0.003, -0.001)
[INFO] [1781249750.632585328] [coord_transform]: Deadband: RELEASE — motion detected
[INFO] [1781249750.667481264] [coord_transform]: Deadband: HOLD at (-0.004, 0.003, -0.001)
[WARN] [1781249751.689622064] [coord_transform]: Outlier rejected #1 (jumped 337.9mm). Ignoring.
[WARN] [1781249751.734737697] [coord_transform]: Outlier rejected #2 (jumped 251.3mm). Ignoring.
[WARN] [1781249751.765851117] [coord_transform]: Outlier rejected #3 (jumped 156.0mm). Ignoring.
[INFO] [1781249758.175394791] [coord_transform]: Re-sync camera init: [ 0.214 -0.141  0.091]
[INFO] [1781249758.175901322] [coord_transform]: Trạng thái tracking: RUNNING
[INFO] [1781249758.187905629] [coord_transform]: Deadband: RELEASE — motion detected
