[INFO] [1785916697.313596917] [motoros2_mock]: ╔══════════════════════════════════════════════╗
║   MotoROS2 Mock Node — Simulation Mode      ║
║   Tất cả /* services đã sẵn sàng            ║
║   (node_namespace="" — không prefix)         ║
╚══════════════════════════════════════════════╝
[INFO] [1785916813.033696908] [motoros2_mock]: ✓ StartPointQueueMode → READY (mock)
[INFO] [1785916813.058483217] [motoros2_mock]: QueueTrajPoint #1 → forwarded to JTC. joints=[1.571, 0.124, -1.049, 0.000, -0.398, -1.444]
[INFO] [1785916813.121087827] [motoros2_mock]: QueueTrajPoint #2 → forwarded to JTC. joints=[1.571, 0.124, -1.049, 0.000, -0.398, -1.444]
[INFO] [1785916813.187560171] [motoros2_mock]: QueueTrajPoint #3 → forwarded to JTC. joints=[1.571, 0.124, -1.049, 0.000, -0.398, -1.444]
[INFO] [1785916816.323030512] [motoros2_mock]: QueueTrajPoint #50 → forwarded to JTC. joints=[1.571, 0.124, -1.049, 0.000, -0.398, -1.444]
[INFO] [1785916819.660143776] [motoros2_mock]: QueueTrajPoint #100 → forwarded to JTC. joints=[1.593, 0.147, -0.500, -0.000, -0.924, -1.465]
[INFO] [1785916822.989843443] [motoros2_mock]: QueueTrajPoint #150 → forwarded to JTC. joints=[1.444, 0.335, -0.278, 0.000, -0.958, -1.317]
[INFO] [1785916826.324661375] [motoros2_mock]: QueueTrajPoint #200 → forwarded to JTC. joints=[1.783, 0.328, -0.253, -0.000, -0.990, -1.655]
[INFO] [1785916829.659774765] [motoros2_mock]: QueueTrajPoint #250 → forwarded to JTC. joints=[1.547, 0.069, -0.528, 0.000, -0.975, -1.420]
[INFO] [1785916832.991670270] [motoros2_mock]: QueueTrajPoint #300 → forwarded to JTC. joints=[1.347, 0.058, -1.001, 0.000, -0.512, -1.220]
[INFO] [1785916836.326831228] [motoros2_mock]: QueueTrajPoint #350 → forwarded to JTC. joints=[1.387, 0.177, -0.361, 0.000, -1.034, -1.260]
[INFO] [1785916839.658225707] [motoros2_mock]: QueueTrajPoint #400 → forwarded to JTC. joints=[1.458, 0.001, -0.581, 0.000, -0.990, -1.331]
[INFO] [1785916842.990163859] [motoros2_mock]: QueueTrajPoint #450 → forwarded to JTC. joints=[1.669, 0.326, -0.256, -0.000, -0.990, -1.541]
[INFO] [1785916846.323484485] [motoros2_mock]: QueueTrajPoint #500 → forwarded to JTC. joints=[1.496, 0.323, -0.340, 0.000, -0.908, -1.369]
[INFO] [1785916849.660390720] [motoros2_mock]: QueueTrajPoint #550 → forwarded to JTC. joints=[1.317, 0.256, -0.362, 0.000, -0.953, -1.190]
[INFO] [1785916852.988929553] [motoros2_mock]: QueueTrajPoint #600 → forwarded to JTC. joints=[1.338, 0.206, -0.634, 0.000, -0.732, -1.211]
[INFO] [1785916856.324437437] [motoros2_mock]: QueueTrajPoint #650 → forwarded to JTC. joints=[1.533, 0.242, -0.409, 0.000, -0.920, -1.406]
[INFO] [1785916859.658996796] [motoros2_mock]: QueueTrajPoint #700 → forwarded to JTC. joints=[1.596, 0.310, -0.445, -0.000, -0.817, -1.468]
[INFO] [1785916898.089623595] [motoros2_mock]: MotoROS2 Mock Node shutdown.
