[INFO] [1786264808.246158969] [experiment_logger]: Logger ready.
[INFO] [1786265083.485289019] [experiment_logger]: Trajectory mode: ergonomics
[INFO] [1786265103.436476590] [experiment_logger]: Service called: /logger/toggle with data=True
[INFO] [1786265103.437142601] [experiment_logger]: ✓ STARTED in-memory logging. Target file: /home/duy/cocarry_ws/cocarry_logs/experiment_ERGONOMICS_20260809_154503.csv
[INFO] [1786265169.498782180] [experiment_logger]: Service called: /logger/toggle with data=False
[INFO] [1786265169.499128734] [experiment_logger]: Writing 1782 rows from memory to /home/duy/cocarry_ws/cocarry_logs/experiment_ERGONOMICS_20260809_154503.csv...
[INFO] [1786265169.521791741] [experiment_logger]: ✓ Successfully wrote logs to disk.
[INFO] [1786265169.524179103] [experiment_logger]: Stopped logging. Saved 1782 rows to /home/duy/cocarry_ws/cocarry_logs/experiment_ERGONOMICS_20260809_154503.csv
[INFO] [1786265169.551427092] [experiment_logger]: 
============================================================
EXPERIMENT METRICS
  File: experiment_ERGONOMICS_20260809_154503.csv
  Total samples: 1782
  Task completion time: 66.06 s
  --- Prediction Accuracy (over 1782 samples) ---
  Avg Inference Time: 3.38 ms
  Mean Squared Error (MSE): 0.002260 m²
  Mean Absolute Error (MAE - 3D): 0.0384 m
      MAE X: 0.0236 m
      MAE Y: 0.0220 m
      MAE Z: 0.0123 m
  --- Trajectory Smoothness (Robot EE) ---
  Mean Jerk (3D): 18.8109 m/s³
      Jerk X: 9.4750 m/s³
      Jerk Y: 12.4674 m/s³
      Jerk Z: 6.1618 m/s³
  Max Jerk (3D): 146.7469 m/s³
  RMS Jerk (3D): 32.0647 m/s³
============================================================
