[INFO] [1781086720.382502265] [cartesian_streamer]: CartesianStreamer khởi động (chờ Enable Robot từ UI).
  Stream rate:       15 Hz (period=66.7ms)
  Queue dt:          0.067 s
  Prebuffer points:  3
  Retry backoff:     66.0 ms
  Gửi PoseStamped lên: /cartesian_streamer/target_pose
  Gửi XYZ lên:        /cartesian_streamer/target_xyz
  Nhận EE pose tại:   /cartesian_streamer/current_pose
[INFO] [1781086720.843276492] [cartesian_streamer]: Chờ /joint_states...
[INFO] [1781086720.891884844] [cartesian_streamer]: Nhận joint_states: ['1.571', '0.075', '-1.049', '-0.030', '-0.523', '-0.002']
[INFO] [1781086721.345712576] [cartesian_streamer]: ✓ FK cross-validation PASSED. Error = 0.0023mm
  Local FK:  (-0.16383, 0.26301, 0.39467)
  MoveIt FK: (-0.16383, 0.26301, 0.39467)
[INFO] [1781086721.347146240] [cartesian_streamer]: Đã nhận joint_states. EE hiện tại: (-0.1638, 0.2630, 0.3947). IK mode: Local DLS. Chờ Enable Robot từ UI...
[INFO] [1781086773.333145397] [cartesian_streamer]: Enable Robot: bắt đầu chuỗi khởi động...
[INFO] [1781086773.333692024] [cartesian_streamer]: Enable: reset_error...
[WARN] [1781086776.346139762] [cartesian_streamer]: Service reset_error không khả dụng, bỏ qua.
[INFO] [1781086776.347493754] [cartesian_streamer]: Enable: stop_traj_mode (giải phóng mode cũ)...
[INFO] [1781086776.354159773] [cartesian_streamer]: stop_traj_mode: success=True, code=N/A, msg="Mock: OK (simulation)"
[INFO] [1781086776.354753385] [cartesian_streamer]: Enable: chờ 1.5s để hệ thống ổn định trước khi start queue...
[INFO] [1781086777.856241313] [cartesian_streamer]: Enable: StartPointQueueMode...
[INFO] [1781086777.862697259] [cartesian_streamer]: StartPointQueueMode response: code=1, msg="Mock: Point Queue Mode activated (simulation)"
[INFO] [1781086777.863571079] [cartesian_streamer]: ✓ Robot ENABLED — Point Queue Mode active. Servo ON!
[INFO] [1781086777.876198886] [cartesian_streamer]: Runtime rate: state=seeding, tick_hz=0.0, queue_send_hz=0.0, ack_hz=0.0, busy_hz=0.0, retry_count=0, reject_count=0, inter_ack_ms=0.0, max_joint_delta=0.000, cumul_time=0.00s, hold_count=0, ik_mode=Local, ik_avg_ms=0.00, ik_fails=0
[INFO] [1781086777.877941300] [cartesian_streamer]: Bootstrap EE pose via FK: (-0.1638, 0.2630, 0.3947)
[INFO] [1781086777.879072927] [cartesian_streamer]: Đang stream qua service: /queue_traj_point
[INFO] [1781086777.880142387] [cartesian_streamer]: Đã gửi seed point (current joints, t=0), chờ ACK...
[INFO] [1781086777.884661936] [cartesian_streamer]: Seed ACK nhận được, bắt đầu prebuffer.
[INFO] [1781086777.885082624] [cartesian_streamer]: Queue accepted sample#1: svc=/queue_traj_point, t_cumul=0.0000s, code=1, msg="", hold=False
[INFO] [1781086777.945816354] [cartesian_streamer]: Queue accepted sample#2: svc=/queue_traj_point, t_cumul=0.0629s, code=1, msg="", hold=True
[INFO] [1781086778.017029757] [cartesian_streamer]: Queue accepted sample#3: svc=/queue_traj_point, t_cumul=0.1304s, code=1, msg="", hold=True
[INFO] [1781086778.079340045] [cartesian_streamer]: Pre-buffer hoàn tất (3 points), bắt đầu stream ổn định. Đang chờ target...
[INFO] [1781086778.079866947] [cartesian_streamer]: Queue accepted sample#4: svc=/queue_traj_point, t_cumul=0.1963s, code=1, msg="", hold=True
[INFO] [1781086778.147036266] [cartesian_streamer]: IK OK → Δmax=0.0171 rad, joints: [1.553, 0.070, -1.049, -0.028, -0.528, 0.013]
[INFO] [1781086778.152955994] [cartesian_streamer]: Queue accepted sample#5: svc=/queue_traj_point, t_cumul=0.2681s, code=1, msg="", hold=False
[INFO] [1781086779.146837710] [cartesian_streamer]: QueueTrajPoint accepted #20: t=1.265s, hold=False
[INFO] [1781086780.213173031] [cartesian_streamer]: IK OK → Δmax=0.0000 rad, joints: [1.346, 0.025, -1.057, 0.004, -0.567, 0.192]
[INFO] [1781086780.483335223] [cartesian_streamer]: QueueTrajPoint accepted #40: t=2.599s, hold=False
[INFO] [1781086781.816308412] [cartesian_streamer]: QueueTrajPoint accepted #60: t=3.934s, hold=False
[INFO] [1781086782.213297130] [cartesian_streamer]: IK OK → Δmax=0.0000 rad, joints: [1.346, 0.025, -1.057, 0.004, -0.567, 0.192]
[INFO] [1781086782.876973313] [cartesian_streamer]: Runtime rate: state=streaming, tick_hz=15.0, queue_send_hz=15.0, ack_hz=15.0, busy_hz=0.0, retry_count=0, reject_count=0, inter_ack_ms=66.7, max_joint_delta=0.037, cumul_time=4.93s, hold_count=0, ik_mode=Local, ik_avg_ms=0.96, ik_fails=0
[INFO] [1781086783.152824173] [cartesian_streamer]: QueueTrajPoint accepted #80: t=5.268s, hold=False
[INFO] [1781086784.217078972] [cartesian_streamer]: IK OK → Δmax=0.0112 rad, joints: [1.408, -0.014, -0.828, -0.004, -0.834, 0.136]
[INFO] [1781086784.484306620] [cartesian_streamer]: QueueTrajPoint accepted #100: t=6.600s, hold=False
[INFO] [1781086785.821765529] [cartesian_streamer]: QueueTrajPoint accepted #120: t=7.937s, hold=False
[INFO] [1781086786.219269122] [cartesian_streamer]: IK OK → Δmax=0.0128 rad, joints: [1.487, 0.171, -0.476, -0.010, -1.002, 0.060]
[INFO] [1781086787.160151290] [cartesian_streamer]: QueueTrajPoint accepted #140: t=9.274s, hold=False
[INFO] [1781086787.877054149] [cartesian_streamer]: Runtime rate: state=streaming, tick_hz=15.0, queue_send_hz=15.0, ack_hz=15.0, busy_hz=0.0, retry_count=0, reject_count=0, inter_ack_ms=66.7, max_joint_delta=0.029, cumul_time=9.94s, hold_count=0, ik_mode=Local, ik_avg_ms=2.09, ik_fails=0
[INFO] [1781086788.283479418] [cartesian_streamer]: IK OK → Δmax=0.0037 rad, joints: [1.466, 0.470, -0.027, -0.008, -1.151, 0.079]
[INFO] [1781086788.483924646] [cartesian_streamer]: QueueTrajPoint accepted #160: t=10.600s, hold=False
[INFO] [1781086789.824915931] [cartesian_streamer]: QueueTrajPoint accepted #180: t=11.939s, hold=False
[INFO] [1781086790.283552430] [cartesian_streamer]: IK OK → Δmax=0.0167 rad, joints: [1.449, 0.526, -0.031, -0.007, -1.091, 0.096]
[INFO] [1781086791.157608499] [cartesian_streamer]: QueueTrajPoint accepted #200: t=13.273s, hold=False
[INFO] [1781086792.354672768] [cartesian_streamer]: IK OK → Δmax=0.0154 rad, joints: [1.459, 0.280, -0.328, -0.008, -1.040, 0.087]
[INFO] [1781086792.497938495] [cartesian_streamer]: QueueTrajPoint accepted #220: t=14.610s, hold=False
[INFO] [1781086792.952809654] [cartesian_streamer]: Runtime rate: state=streaming, tick_hz=15.0, queue_send_hz=15.0, ack_hz=15.0, busy_hz=0.0, retry_count=0, reject_count=0, inter_ack_ms=66.6, max_joint_delta=0.018, cumul_time=15.01s, hold_count=0, ik_mode=Local, ik_avg_ms=2.59, ik_fails=0
[INFO] [1781086793.838985422] [cartesian_streamer]: QueueTrajPoint accepted #240: t=15.949s, hold=False
[INFO] [1781086794.414416344] [cartesian_streamer]: IK OK → Δmax=0.0148 rad, joints: [1.255, 0.181, -0.788, 0.015, -0.679, 0.275]
[INFO] [1781086795.166449684] [cartesian_streamer]: QueueTrajPoint accepted #260: t=17.282s, hold=False
[INFO] [1781086796.416850723] [cartesian_streamer]: IK OK → Δmax=0.0119 rad, joints: [0.633, -0.075, -1.140, 0.098, -0.565, 0.825]
[INFO] [1781086796.493194142] [cartesian_streamer]: QueueTrajPoint accepted #280: t=18.607s, hold=False
[INFO] [1781086797.836677718] [cartesian_streamer]: QueueTrajPoint accepted #300: t=19.936s, hold=False
[INFO] [1781086798.013705629] [cartesian_streamer]: Runtime rate: state=streaming, tick_hz=15.0, queue_send_hz=14.8, ack_hz=14.8, busy_hz=0.0, retry_count=0, reject_count=0, inter_ack_ms=67.0, max_joint_delta=0.042, cumul_time=20.03s, hold_count=0, ik_mode=Local, ik_avg_ms=2.89, ik_fails=0
[INFO] [1781086798.418780164] [cartesian_streamer]: IK OK → Δmax=0.0132 rad, joints: [1.088, -0.065, -0.912, 0.030, -0.798, 0.431]
[INFO] [1781086799.233120208] [cartesian_streamer]: QueueTrajPoint accepted #320: t=21.338s, hold=False
[INFO] [1781086800.489250057] [cartesian_streamer]: IK OK → Δmax=0.0145 rad, joints: [1.187, 0.268, -0.470, 0.018, -0.909, 0.343]
[INFO] [1781086800.558711366] [cartesian_streamer]: QueueTrajPoint accepted #340: t=22.672s, hold=False
[INFO] [1781086801.892084095] [cartesian_streamer]: QueueTrajPoint accepted #360: t=24.006s, hold=False
[INFO] [1781086802.548369795] [cartesian_streamer]: IK OK → Δmax=0.0135 rad, joints: [1.372, 0.364, -0.269, 0.000, -1.016, 0.170]
[INFO] [1781086803.019263169] [cartesian_streamer]: Runtime rate: state=streaming, tick_hz=15.0, queue_send_hz=14.8, ack_hz=14.8, busy_hz=0.0, retry_count=0, reject_count=0, inter_ack_ms=68.1, max_joint_delta=0.056, cumul_time=25.07s, hold_count=0, ik_mode=Local, ik_avg_ms=3.25, ik_fails=0
[INFO] [1781086803.294015386] [cartesian_streamer]: QueueTrajPoint accepted #380: t=25.408s, hold=False
[INFO] [1781086804.555724605] [cartesian_streamer]: IK OK → Δmax=0.0049 rad, joints: [1.380, 0.370, -0.228, -0.001, -1.050, 0.162]
[INFO] [1781086804.624869991] [cartesian_streamer]: QueueTrajPoint accepted #400: t=26.736s, hold=False
[INFO] [1781086805.954436183] [cartesian_streamer]: QueueTrajPoint accepted #420: t=28.069s, hold=False
[INFO] [1781086806.616211674] [cartesian_streamer]: IK OK → Δmax=0.0104 rad, joints: [1.585, 0.404, -0.426, -0.022, -0.817, -0.028]
[INFO] [1781086807.309379471] [cartesian_streamer]: QueueTrajPoint accepted #440: t=29.414s, hold=False
[INFO] [1781086808.077079714] [cartesian_streamer]: Runtime rate: state=streaming, tick_hz=15.0, queue_send_hz=15.0, ack_hz=15.0, busy_hz=0.0, retry_count=0, reject_count=0, inter_ack_ms=66.8, max_joint_delta=0.018, cumul_time=30.14s, hold_count=0, ik_mode=Local, ik_avg_ms=3.38, ik_fails=0
[INFO] [1781086808.624264360] [cartesian_streamer]: QueueTrajPoint accepted #460: t=30.737s, hold=False
[INFO] [1781086808.682979061] [cartesian_streamer]: IK OK → Δmax=0.0162 rad, joints: [1.699, 0.380, -0.381, -0.032, -0.884, -0.136]
[INFO] [1781086809.949735718] [cartesian_streamer]: QueueTrajPoint accepted #480: t=32.066s, hold=False
[INFO] [1781086810.683573607] [cartesian_streamer]: IK OK → Δmax=0.0057 rad, joints: [1.710, 0.475, -0.185, -0.031, -0.984, -0.150]
[INFO] [1781086811.285351590] [cartesian_streamer]: QueueTrajPoint accepted #500: t=33.402s, hold=False
[INFO] [1781086812.622375532] [cartesian_streamer]: QueueTrajPoint accepted #520: t=34.738s, hold=False
[INFO] [1781086812.745043264] [cartesian_streamer]: IK OK → Δmax=0.0127 rad, joints: [1.738, 0.180, -0.605, -0.037, -0.858, -0.172]
[INFO] [1781086813.143113995] [cartesian_streamer]: Runtime rate: state=streaming, tick_hz=15.0, queue_send_hz=15.0, ack_hz=15.0, busy_hz=0.0, retry_count=0, reject_count=0, inter_ack_ms=66.5, max_joint_delta=0.022, cumul_time=35.20s, hold_count=0, ik_mode=Local, ik_avg_ms=3.27, ik_fails=0
[INFO] [1781086813.952976133] [cartesian_streamer]: QueueTrajPoint accepted #540: t=36.067s, hold=False
[INFO] [1781086814.747490979] [cartesian_streamer]: IK OK → Δmax=0.0176 rad, joints: [1.721, 0.354, -0.372, -0.033, -0.917, -0.158]
[INFO] [1781086815.293794173] [cartesian_streamer]: QueueTrajPoint accepted #560: t=37.405s, hold=False
[INFO] [1781086816.624329657] [cartesian_streamer]: QueueTrajPoint accepted #580: t=38.738s, hold=False
[INFO] [1781086816.748500403] [cartesian_streamer]: IK OK → Δmax=0.0100 rad, joints: [1.742, 0.295, -0.463, -0.036, -0.886, -0.176]
[INFO] [1781086817.953822893] [cartesian_streamer]: QueueTrajPoint accepted #600: t=40.069s, hold=False
[INFO] [1781086818.143768068] [cartesian_streamer]: Runtime rate: state=streaming, tick_hz=15.0, queue_send_hz=15.0, ack_hz=15.0, busy_hz=0.0, retry_count=0, reject_count=0, inter_ack_ms=66.6, max_joint_delta=0.019, cumul_time=40.20s, hold_count=0, ik_mode=Local, ik_avg_ms=3.20, ik_fails=0
[INFO] [1781086818.820145906] [cartesian_streamer]: IK OK → Δmax=0.0167 rad, joints: [1.750, 0.275, -0.486, -0.037, -0.881, -0.184]
[INFO] [1781086819.287598670] [cartesian_streamer]: QueueTrajPoint accepted #620: t=41.404s, hold=False
[INFO] [1781086820.627728204] [cartesian_streamer]: QueueTrajPoint accepted #640: t=42.741s, hold=False
[INFO] [1781086820.882995155] [cartesian_streamer]: IK OK → Δmax=0.0019 rad, joints: [1.748, 0.304, -0.447, -0.036, -0.892, -0.182]
[INFO] [1781086821.952962475] [cartesian_streamer]: QueueTrajPoint accepted #660: t=44.068s, hold=False
[INFO] [1781086822.899032347] [cartesian_streamer]: IK OK → Δmax=0.0190 rad, joints: [1.641, 0.311, -0.343, -0.025, -0.991, -0.085]
[INFO] [1781086823.150584471] [cartesian_streamer]: Runtime rate: state=streaming, tick_hz=15.0, queue_send_hz=15.0, ack_hz=15.0, busy_hz=0.0, retry_count=0, reject_count=0, inter_ack_ms=66.7, max_joint_delta=0.020, cumul_time=45.20s, hold_count=0, ik_mode=Local, ik_avg_ms=3.18, ik_fails=0
[INFO] [1781086823.289428158] [cartesian_streamer]: QueueTrajPoint accepted #680: t=45.405s, hold=False
[INFO] [1781086824.620137391] [cartesian_streamer]: QueueTrajPoint accepted #700: t=46.737s, hold=False
[INFO] [1781086824.947367837] [cartesian_streamer]: IK OK → Δmax=0.0014 rad, joints: [1.425, 0.229, -0.682, -0.006, -0.737, 0.121]
[INFO] [1781086825.955617176] [cartesian_streamer]: QueueTrajPoint accepted #720: t=48.072s, hold=False
[INFO] [1781086826.954398554] [cartesian_streamer]: IK OK → Δmax=0.0103 rad, joints: [1.295, 0.017, -0.953, 0.010, -0.678, 0.239]
[INFO] [1781086827.287938179] [cartesian_streamer]: QueueTrajPoint accepted #740: t=49.404s, hold=False
[INFO] [1781086828.210256219] [cartesian_streamer]: Runtime rate: state=streaming, tick_hz=15.0, queue_send_hz=15.0, ack_hz=15.0, busy_hz=0.0, retry_count=0, reject_count=0, inter_ack_ms=66.7, max_joint_delta=0.022, cumul_time=50.27s, hold_count=0, ik_mode=Local, ik_avg_ms=3.18, ik_fails=0
[INFO] [1781086828.628854927] [cartesian_streamer]: QueueTrajPoint accepted #760: t=50.745s, hold=False
[INFO] [1781086829.016063827] [cartesian_streamer]: IK OK → Δmax=0.0076 rad, joints: [1.262, 0.145, -0.590, 0.011, -0.912, 0.273]
[INFO] [1781086829.955092525] [cartesian_streamer]: QueueTrajPoint accepted #780: t=52.071s, hold=False
[INFO] [1781086831.016406211] [cartesian_streamer]: IK OK → Δmax=0.0089 rad, joints: [1.088, 0.330, -0.434, 0.028, -0.882, 0.435]
[INFO] [1781086831.284191566] [cartesian_streamer]: QueueTrajPoint accepted #800: t=53.400s, hold=False
[INFO] [1781086832.621181418] [cartesian_streamer]: QueueTrajPoint accepted #820: t=54.738s, hold=False
[INFO] [1781086833.083676203] [cartesian_streamer]: IK OK → Δmax=0.0163 rad, joints: [1.263, 0.536, -0.079, 0.010, -1.033, 0.273]
[INFO] [1781086833.277131134] [cartesian_streamer]: Runtime rate: state=streaming, tick_hz=15.0, queue_send_hz=15.0, ack_hz=15.0, busy_hz=0.0, retry_count=0, reject_count=0, inter_ack_ms=66.7, max_joint_delta=0.018, cumul_time=55.34s, hold_count=0, ik_mode=Local, ik_avg_ms=3.17, ik_fails=0
[INFO] [1781086833.963380109] [cartesian_streamer]: QueueTrajPoint accepted #840: t=56.070s, hold=False
[INFO] [1781086835.147336022] [cartesian_streamer]: IK OK → Δmax=0.0223 rad, joints: [1.391, 0.539, -0.031, -0.002, -1.078, 0.152]
[INFO] [1781086835.287871582] [cartesian_streamer]: QueueTrajPoint accepted #860: t=57.403s, hold=False
[INFO] [1781086836.625866009] [cartesian_streamer]: QueueTrajPoint accepted #880: t=58.742s, hold=False
[INFO] [1781086837.149740821] [cartesian_streamer]: IK OK → Δmax=0.0138 rad, joints: [1.545, 0.700, 0.165, -0.015, -1.113, 0.004]
[INFO] [1781086837.358651529] [cartesian_streamer]: Graceful shutdown: tắt Point Queue Mode trước khi thoát...
[WARN] [1781086837.359550772] [cartesian_streamer]: Lỗi khi shutdown: failed to check service availability: rcl node's context is invalid, at ./src/rcl/node.c:428
[INFO] [1781086837.360076277] [cartesian_streamer]: Shutdown hoàn tất. Tủ điện sẽ KHÔNG bị alarm.
