[INFO] [1781083815.523483226] [coord_transform]: CoordTransformNode khởi động.
  Object offset (cam frame): [0.05 0.   0.1 ]
  Translation cam→base:      [0.5 0.  1.2]
  EE orientation (xyzw):     [0.0, 1.0, 0.0, 0.0]
  Prediction step:           5
  Axis remap:                [0, 1, 2]
  Axis sign:                 [-1.0, 1.0, 1.0]
  Workspace X: (-1.0, 1.0), Y: (-0.5, 1.3), Z: (0.05, 1.5)
  Filter outlier_threshold:  0.15m
  Filter median_size_y:      5
  Filter deadband_tol:       35.0mm
  Filter stationary_thresh:  3 frames
  Filter max_rate:           5.0cm/frame
  Filter EMA moving(x,y,z):  (0.75,0.5,0.75)
  Filter EMA hold  (x,y,z):  (0.08,0.02,0.05)
[WARN] [1781083833.741094819] [coord_transform]: Outlier rejected #1 (jumped 316.7mm). Ignoring.
[WARN] [1781083839.474700962] [coord_transform]: Outlier rejected #2 (jumped 388.5mm). Ignoring.
[WARN] [1781083839.516029830] [coord_transform]: Outlier rejected #3 (jumped 392.5mm). Ignoring.
[WARN] [1781083839.597831144] [coord_transform]: Outlier rejected #4 (jumped 393.5mm). Ignoring.
[INFO] [1781083839.668428323] [coord_transform]: Too many outliers (5). Resetting filter to new position.
[WARN] [1781083844.883149591] [coord_transform]: Outlier rejected #1 (jumped 300.5mm). Ignoring.
[WARN] [1781083844.942262325] [coord_transform]: Outlier rejected #2 (jumped 300.5mm). Ignoring.
[WARN] [1781083845.026133625] [coord_transform]: Outlier rejected #3 (jumped 300.8mm). Ignoring.
[WARN] [1781083848.977762588] [coord_transform]: Outlier rejected #1 (jumped 380.6mm). Ignoring.
[WARN] [1781083849.045669526] [coord_transform]: Outlier rejected #2 (jumped 371.5mm). Ignoring.
[WARN] [1781083849.123717805] [coord_transform]: Outlier rejected #3 (jumped 354.7mm). Ignoring.
[WARN] [1781083849.205021736] [coord_transform]: Outlier rejected #4 (jumped 321.8mm). Ignoring.
[INFO] [1781083849.290486076] [coord_transform]: Too many outliers (5). Resetting filter to new position.
[WARN] [1781083850.997179179] [coord_transform]: Outlier rejected #1 (jumped 331.2mm). Ignoring.
[WARN] [1781083851.047748125] [coord_transform]: Outlier rejected #2 (jumped 329.9mm). Ignoring.
[WARN] [1781083851.144498643] [coord_transform]: Outlier rejected #3 (jumped 329.9mm). Ignoring.
[WARN] [1781083851.195548938] [coord_transform]: Outlier rejected #4 (jumped 330.0mm). Ignoring.
[INFO] [1781083851.278014739] [coord_transform]: Too many outliers (5). Resetting filter to new position.
[WARN] [1781083853.931277338] [coord_transform]: Outlier rejected #1 (jumped 228.5mm). Ignoring.
[WARN] [1781083854.738725108] [coord_transform]: Outlier rejected #1 (jumped 254.9mm). Ignoring.
[WARN] [1781083854.828454185] [coord_transform]: Outlier rejected #2 (jumped 254.2mm). Ignoring.
[WARN] [1781083855.852063777] [coord_transform]: Outlier rejected #1 (jumped 380.1mm). Ignoring.
[WARN] [1781083855.935007316] [coord_transform]: Outlier rejected #2 (jumped 313.3mm). Ignoring.
[WARN] [1781083856.370734703] [coord_transform]: Outlier rejected #3 (jumped 352.5mm). Ignoring.
[WARN] [1781083856.455782863] [coord_transform]: Outlier rejected #4 (jumped 351.5mm). Ignoring.
[WARN] [1781083859.218346641] [coord_transform]: Outlier rejected #1 (jumped 265.9mm). Ignoring.
[WARN] [1781083878.658228433] [coord_transform]: Outlier rejected #1 (jumped 238.9mm). Ignoring.
[WARN] [1781083879.644129648] [coord_transform]: Outlier rejected #1 (jumped 238.4mm). Ignoring.
[WARN] [1781083879.755656636] [coord_transform]: Outlier rejected #2 (jumped 241.1mm). Ignoring.
[WARN] [1781083879.866760949] [coord_transform]: Outlier rejected #3 (jumped 244.5mm). Ignoring.
