[INFO] [1785917449.989239409] [coord_transform]: CoordTransformNode khởi động.
  Object offset (cam frame): [0.05 0.   0.1 ]
  Translation cam→base:      [0.5 0.  1.2]
  EE orientation (xyzw):     [0.0, 1.0, 0.0, 0.0]
  Prediction step:           5
  Axis remap:                [0, 1, 2]
  Axis sign:                 [-1.0, 1.0, 1.0]
  Workspace X: (-1.0, 1.0), Y: (-0.5, 1.3), Z: (0.05, 1.5)
  Filter outlier_threshold:  0.15m
  Filter median_size_y:      3
  Filter deadband_tol:       15.0mm
  Filter stationary_thresh:  3 frames
  Filter max_rate:           5.0cm/frame
  Filter EMA moving(x,y,z):  (1.0,0.8,1.0)
  Filter EMA hold  (x,y,z):  (0.08,0.02,0.05)
[WARN] [1785917477.453361557] [coord_transform]: Outlier rejected #1 (jumped 594.7mm). Ignoring.
[WARN] [1785917484.650864139] [coord_transform]: Outlier rejected #1 (jumped 1707.7mm). Ignoring.
[WARN] [1785917486.516227478] [coord_transform]: Outlier rejected #1 (jumped 190.9mm). Ignoring.
[WARN] [1785917486.556349318] [coord_transform]: Outlier rejected #2 (jumped 189.6mm). Ignoring.
[WARN] [1785917486.590072668] [coord_transform]: Outlier rejected #3 (jumped 194.2mm). Ignoring.
[WARN] [1785917486.624000700] [coord_transform]: Outlier rejected #4 (jumped 193.9mm). Ignoring.
[INFO] [1785917486.658807096] [coord_transform]: Too many outliers (5). Resetting filter to new position.
[WARN] [1785917579.153751208] [coord_transform]: Outlier rejected #1 (jumped 198.9mm). Ignoring.
[WARN] [1785917579.193627606] [coord_transform]: Outlier rejected #2 (jumped 221.4mm). Ignoring.
[WARN] [1785917579.231290589] [coord_transform]: Outlier rejected #3 (jumped 237.3mm). Ignoring.
[WARN] [1785917579.267487386] [coord_transform]: Outlier rejected #4 (jumped 244.9mm). Ignoring.
[INFO] [1785917579.303698697] [coord_transform]: Too many outliers (5). Resetting filter to new position.
