[INFO] [1779938231.216305594] [experiment_logger]: Logger ready.
[INFO] [1779938287.289978832] [experiment_logger]: Trajectory mode: prediction
[INFO] [1779938308.024450039] [experiment_logger]: Service called: /logger/toggle with data=True
[INFO] [1779938308.024989811] [experiment_logger]: ✓ STARTED in-memory logging. Target file: /home/duy/cocarry_ws/cocarry_logs/experiment_GRU_20260528_101828.csv
[INFO] [1779938353.173595530] [experiment_logger]: Service called: /logger/toggle with data=False
[INFO] [1779938353.173886549] [experiment_logger]: Writing 1281 rows from memory to /home/duy/cocarry_ws/cocarry_logs/experiment_GRU_20260528_101828.csv...
[INFO] [1779938353.180276436] [experiment_logger]: ✓ Successfully wrote logs to disk.
[INFO] [1779938353.181119609] [experiment_logger]: Stopped logging. Saved 1281 rows to /home/duy/cocarry_ws/cocarry_logs/experiment_GRU_20260528_101828.csv
[INFO] [1779938353.195590985] [experiment_logger]: 
============================================================
EXPERIMENT METRICS
  File: experiment_GRU_20260528_101828.csv
  Total samples: 1281
  Task completion time: 45.15 s
  --- Prediction Accuracy (over 1281 samples) ---
  Avg Inference Time: 4.29 ms
  Mean Squared Error (MSE): 0.015973 m²
  Mean Absolute Error (MAE - 3D): 0.0503 m
      MAE X: 0.0106 m
      MAE Y: 0.0458 m
      MAE Z: 0.0100 m
  --- Trajectory Smoothness (Robot EE) ---
  Mean Jerk (3D): 19.5874 m/s³
      Jerk X: 6.2017 m/s³
      Jerk Y: 13.3038 m/s³
      Jerk Z: 8.8516 m/s³
  Max Jerk (3D): 132.8553 m/s³
  RMS Jerk (3D): 30.6782 m/s³
============================================================
