[INFO] [1781243190.454844805] [experiment_logger]: ✓ STARTED in-memory logging. Target file: /home/duy/cocarry_ws/cocarry_logs/experiment_GROUND_TRUTH_20260612_124630.csv
[INFO] [1781243190.465839481] [experiment_logger]: Logger ready.
[INFO] [1781243285.112692903] [experiment_logger]: Service called: /logger/toggle with data=True
[INFO] [1781243316.689584172] [experiment_logger]: Service called: /logger/toggle with data=False
[INFO] [1781243316.689929255] [experiment_logger]: Writing 3501 rows from memory to /home/duy/cocarry_ws/cocarry_logs/experiment_GROUND_TRUTH_20260612_124630.csv...
[INFO] [1781243316.702957279] [experiment_logger]: ✓ Successfully wrote logs to disk.
[INFO] [1781243316.704367796] [experiment_logger]: Stopped logging. Saved 3501 rows to /home/duy/cocarry_ws/cocarry_logs/experiment_GROUND_TRUTH_20260612_124630.csv
[INFO] [1781243316.726058916] [experiment_logger]: 
============================================================
EXPERIMENT METRICS
  File: experiment_GROUND_TRUTH_20260612_124630.csv
  Total samples: 3501
  Task completion time: 126.27 s
  Mode: GROUND TRUTH (no prediction metrics)
  --- Trajectory Smoothness (Robot EE) ---
  Mean Jerk (3D): 11.3947 m/s³
      Jerk X: 4.7575 m/s³
      Jerk Y: 7.7990 m/s³
      Jerk Z: 4.1292 m/s³
  Max Jerk (3D): 91.4788 m/s³
  RMS Jerk (3D): 16.9386 m/s³
============================================================
[INFO] [1781243323.080347759] [experiment_logger]: Service called: /logger/toggle with data=False
[INFO] [1781243325.132075180] [experiment_logger]: Service called: /logger/toggle with data=False
[INFO] [1781243426.655921785] [experiment_logger]: Service called: /logger/toggle with data=True
[INFO] [1781243426.656299288] [experiment_logger]: ✓ STARTED in-memory logging. Target file: /home/duy/cocarry_ws/cocarry_logs/experiment_GROUND_TRUTH_20260612_125026.csv
[INFO] [1781243458.617234515] [experiment_logger]: Service called: /logger/toggle with data=False
[INFO] [1781243458.617910397] [experiment_logger]: Writing 956 rows from memory to /home/duy/cocarry_ws/cocarry_logs/experiment_GROUND_TRUTH_20260612_125026.csv...
[INFO] [1781243458.622658998] [experiment_logger]: ✓ Successfully wrote logs to disk.
[INFO] [1781243458.623226261] [experiment_logger]: Stopped logging. Saved 956 rows to /home/duy/cocarry_ws/cocarry_logs/experiment_GROUND_TRUTH_20260612_125026.csv
[INFO] [1781243458.629319771] [experiment_logger]: 
============================================================
EXPERIMENT METRICS
  File: experiment_GROUND_TRUTH_20260612_125026.csv
  Total samples: 956
  Task completion time: 31.96 s
  Mode: GROUND TRUTH (no prediction metrics)
  Jerk: insufficient EE data for calculation
============================================================
[INFO] [1781243462.490388550] [experiment_logger]: Service called: /logger/toggle with data=False
[INFO] [1781243473.649313073] [experiment_logger]: Service called: /logger/toggle with data=True
[INFO] [1781243473.649869651] [experiment_logger]: ✓ STARTED in-memory logging. Target file: /home/duy/cocarry_ws/cocarry_logs/experiment_GROUND_TRUTH_20260612_125113.csv
[INFO] [1781243502.191511303] [experiment_logger]: Service called: /logger/toggle with data=False
[INFO] [1781243502.192451728] [experiment_logger]: Writing 852 rows from memory to /home/duy/cocarry_ws/cocarry_logs/experiment_GROUND_TRUTH_20260612_125113.csv...
[INFO] [1781243502.199206051] [experiment_logger]: ✓ Successfully wrote logs to disk.
[INFO] [1781243502.200112620] [experiment_logger]: Stopped logging. Saved 852 rows to /home/duy/cocarry_ws/cocarry_logs/experiment_GROUND_TRUTH_20260612_125113.csv
[INFO] [1781243502.205259599] [experiment_logger]: 
============================================================
EXPERIMENT METRICS
  File: experiment_GROUND_TRUTH_20260612_125113.csv
  Total samples: 852
  Task completion time: 28.54 s
  Mode: GROUND TRUTH (no prediction metrics)
  Jerk: insufficient EE data for calculation
============================================================
