[INFO] [1781242440.832127819] [coord_transform]: CoordTransformNode khởi động.
  Object offset (cam frame): [0.05 0.   0.1 ]
  Translation cam→base:      [0.5 0.  1.2]
  EE orientation (xyzw):     [0.0, 1.0, 0.0, 0.0]
  Prediction step:           5
  Axis remap:                [0, 1, 2]
  Axis sign:                 [-1.0, 1.0, 1.0]
  Workspace X: (-1.0, 1.0), Y: (-0.5, 1.3), Z: (0.05, 1.5)
  Filter outlier_threshold:  0.15m
  Filter median_size_y:      3
  Filter deadband_tol:       15.0mm
  Filter stationary_thresh:  3 frames
  Filter max_rate:           5.0cm/frame
  Filter EMA moving(x,y,z):  (1.0,1.0,1.0)
  Filter EMA hold  (x,y,z):  (0.08,0.02,0.05)
[WARN] [1781242476.058567289] [coord_transform]: Outlier rejected #1 (jumped 2087.9mm). Ignoring.
[WARN] [1781242476.100835593] [coord_transform]: Outlier rejected #2 (jumped 2080.8mm). Ignoring.
[WARN] [1781242476.131807566] [coord_transform]: Outlier rejected #3 (jumped 2095.9mm). Ignoring.
[WARN] [1781242476.158022343] [coord_transform]: Outlier rejected #4 (jumped 2102.9mm). Ignoring.
[INFO] [1781242476.188577286] [coord_transform]: Too many outliers (5). Resetting filter to new position.
[WARN] [1781242481.251808897] [coord_transform]: Outlier rejected #1 (jumped 405.5mm). Ignoring.
[WARN] [1781242481.286685363] [coord_transform]: Outlier rejected #2 (jumped 481.5mm). Ignoring.
[WARN] [1781242481.325592501] [coord_transform]: Outlier rejected #3 (jumped 524.0mm). Ignoring.
[WARN] [1781242483.280124098] [coord_transform]: Outlier rejected #1 (jumped 165.9mm). Ignoring.
[WARN] [1781242491.508530376] [coord_transform]: Outlier rejected #1 (jumped 246.0mm). Ignoring.
[WARN] [1781242491.544704244] [coord_transform]: Outlier rejected #2 (jumped 246.0mm). Ignoring.
[WARN] [1781242491.576914200] [coord_transform]: Outlier rejected #3 (jumped 246.0mm). Ignoring.
[WARN] [1781242491.610685569] [coord_transform]: Outlier rejected #4 (jumped 232.0mm). Ignoring.
[INFO] [1781242491.640500272] [coord_transform]: Too many outliers (5). Resetting filter to new position.
[WARN] [1781242510.097341859] [coord_transform]: Outlier rejected #1 (jumped 185.0mm). Ignoring.
[WARN] [1781242517.088883961] [coord_transform]: Outlier rejected #1 (jumped 220.2mm). Ignoring.
[WARN] [1781242517.120466379] [coord_transform]: Outlier rejected #2 (jumped 214.8mm). Ignoring.
[WARN] [1781242517.154288923] [coord_transform]: Outlier rejected #3 (jumped 220.8mm). Ignoring.
[WARN] [1781242517.197914097] [coord_transform]: Outlier rejected #4 (jumped 212.1mm). Ignoring.
[INFO] [1781242517.231737304] [coord_transform]: Too many outliers (5). Resetting filter to new position.
[WARN] [1781242523.694203827] [coord_transform]: Outlier rejected #1 (jumped 222.6mm). Ignoring.
[WARN] [1781242539.544682350] [coord_transform]: Outlier rejected #1 (jumped 270.0mm). Ignoring.
[WARN] [1781242539.570372999] [coord_transform]: Outlier rejected #2 (jumped 263.2mm). Ignoring.
[WARN] [1781242539.609730837] [coord_transform]: Outlier rejected #3 (jumped 277.0mm). Ignoring.
[WARN] [1781242539.637277244] [coord_transform]: Outlier rejected #4 (jumped 262.3mm). Ignoring.
[INFO] [1781242539.673662941] [coord_transform]: Too many outliers (5). Resetting filter to new position.
[INFO] [1781242544.478306437] [coord_transform]: Captured Init Pose! P_init=(-0.162, 0.296, 0.384), Cam_init=(0.196, -0.085, 0.029), Noise_Tol=45.1mm
Orientation=(0.707, 0.707, 0.009, -0.009)
[INFO] [1781242544.507478387] [coord_transform]: Deadband: RELEASE — motion detected
[INFO] [1781242544.640309929] [coord_transform]: Deadband: HOLD at (0.196, -0.085, 0.029)
[INFO] [1781242546.686935199] [coord_transform]: Deadband: RELEASE — motion detected
[INFO] [1781242546.716035251] [coord_transform]: Deadband: HOLD at (0.196, -0.085, 0.029)
[INFO] [1781242547.542689830] [coord_transform]: Captured Init Pose! P_init=(-0.162, 0.296, 0.384), Cam_init=(0.197, -0.093, 0.028), Noise_Tol=50.5mm
Orientation=(0.707, 0.707, 0.009, -0.009)
[INFO] [1781242548.744873340] [coord_transform]: Deadband: RELEASE — motion detected
[INFO] [1781242548.779964315] [coord_transform]: Deadband: HOLD at (0.197, -0.093, 0.028)
[INFO] [1781242553.447492548] [coord_transform]: Deadband: RELEASE — motion detected
[INFO] [1781242553.485149490] [coord_transform]: Deadband: HOLD at (0.197, -0.093, 0.028)
[INFO] [1781242554.963688206] [coord_transform]: Re-sync camera init: [ 0.217 -0.099  0.053]
[INFO] [1781242554.963987158] [coord_transform]: Trạng thái tracking: RUNNING
[INFO] [1781242554.993482162] [coord_transform]: [GROUND_TRUTH] Transform: cam[ 0.222 -0.123  0.052] → base[-0.167  0.272  0.383]
[INFO] [1781242555.481296872] [coord_transform]: Deadband: RELEASE — motion detected
[INFO] [1781242555.515950722] [coord_transform]: Deadband: HOLD at (0.217, -0.099, 0.053)
[INFO] [1781242557.023529855] [coord_transform]: [GROUND_TRUTH] Transform: cam[ 0.217 -0.099  0.053] → base[-0.162  0.296  0.384]
[INFO] [1781242559.026483685] [coord_transform]: [GROUND_TRUTH] Transform: cam[ 0.224 -0.06   0.136] → base[-0.169  0.335  0.467]
[INFO] [1781242559.918890119] [coord_transform]: Deadband: HOLD at (0.217, -0.099, 0.053)
[INFO] [1781242559.949809057] [coord_transform]: Deadband: RELEASE — motion detected
[WARN] [1781242560.255059807] [coord_transform]: Outlier rejected #1 (jumped 231.6mm). Ignoring.
[INFO] [1781242565.680810245] [coord_transform]: Trạng thái tracking: STOPPED
[INFO] [1781242569.490913839] [coord_transform]: Deadband: HOLD at (0.217, -0.099, 0.053)
[INFO] [1781242569.523453375] [coord_transform]: Deadband: RELEASE — motion detected
[INFO] [1781242571.498475470] [coord_transform]: Deadband: HOLD at (0.217, -0.099, 0.053)
[INFO] [1781242571.529482364] [coord_transform]: Deadband: RELEASE — motion detected
[INFO] [1781242573.532367780] [coord_transform]: Deadband: RELEASE — motion detected
[INFO] [1781242573.565267717] [coord_transform]: Deadband: HOLD at (0.217, -0.099, 0.053)
[INFO] [1781242575.559978161] [coord_transform]: Deadband: RELEASE — motion detected
[INFO] [1781242575.593203491] [coord_transform]: Deadband: HOLD at (0.217, -0.099, 0.053)
[INFO] [1781242577.606988364] [coord_transform]: Deadband: RELEASE — motion detected
[INFO] [1781242577.639671035] [coord_transform]: Deadband: HOLD at (0.217, -0.099, 0.053)
[INFO] [1781242579.668916126] [coord_transform]: Deadband: RELEASE — motion detected
[INFO] [1781242579.700595162] [coord_transform]: Deadband: HOLD at (0.217, -0.099, 0.053)
[INFO] [1781242581.741532692] [coord_transform]: Deadband: RELEASE — motion detected
[INFO] [1781242581.776445150] [coord_transform]: Deadband: HOLD at (0.217, -0.099, 0.053)
[INFO] [1781242583.803552221] [coord_transform]: Deadband: RELEASE — motion detected
[INFO] [1781242583.838414330] [coord_transform]: Deadband: HOLD at (0.217, -0.099, 0.053)
[INFO] [1781242584.645557790] [coord_transform]: Re-sync camera init: [ 0.208 -0.068  0.079]
[INFO] [1781242584.646077850] [coord_transform]: Trạng thái tracking: RUNNING
[INFO] [1781242584.677981123] [coord_transform]: [GROUND_TRUTH] Transform: cam[ 0.208 -0.068  0.079] → base[-0.162  0.296  0.384]
[INFO] [1781242585.842401499] [coord_transform]: Deadband: RELEASE — motion detected
[INFO] [1781242585.876385138] [coord_transform]: Deadband: HOLD at (0.208, -0.068, 0.079)
[INFO] [1781242586.705118272] [coord_transform]: [GROUND_TRUTH] Transform: cam[ 0.216 -0.041  0.137] → base[-0.17   0.323  0.442]
[INFO] [1781242588.722461731] [coord_transform]: [GROUND_TRUTH] Transform: cam[0.24  0.035 0.23 ] → base[-0.194  0.399  0.535]
[INFO] [1781242590.740278231] [coord_transform]: [GROUND_TRUTH] Transform: cam[0.203 0.209 0.249] → base[-0.157  0.573  0.554]
[INFO] [1781242592.741828502] [coord_transform]: [GROUND_TRUTH] Transform: cam[0.19  0.313 0.236] → base[-0.144  0.677  0.542]
[INFO] [1781242594.746394489] [coord_transform]: [GROUND_TRUTH] Transform: cam[0.126 0.386 0.183] → base[-0.08   0.75   0.488]
[INFO] [1781242596.779231624] [coord_transform]: [GROUND_TRUTH] Transform: cam[0.06  0.501 0.163] → base[-0.014  0.865  0.468]
[INFO] [1781242598.780935843] [coord_transform]: [GROUND_TRUTH] Transform: cam[-0.006  0.62   0.124] → base[0.051 0.983 0.429]
[INFO] [1781242600.789801937] [coord_transform]: [GROUND_TRUTH] Transform: cam[-0.06   0.625  0.099] → base[0.106 0.989 0.404]
[INFO] [1781242602.821168868] [coord_transform]: [GROUND_TRUTH] Transform: cam[-0.07   0.619  0.091] → base[0.116 0.983 0.396]
[INFO] [1781242604.850258595] [coord_transform]: [GROUND_TRUTH] Transform: cam[-0.127  0.577  0.138] → base[0.173 0.941 0.443]
[INFO] [1781242606.856026798] [coord_transform]: [GROUND_TRUTH] Transform: cam[-0.17   0.493  0.105] → base[0.216 0.857 0.41 ]
[INFO] [1781242608.866135507] [coord_transform]: [GROUND_TRUTH] Transform: cam[-0.147  0.427  0.151] → base[0.192 0.791 0.456]
[INFO] [1781242610.892388643] [coord_transform]: [GROUND_TRUTH] Transform: cam[-0.131  0.622  0.19 ] → base[0.176 0.986 0.495]
[INFO] [1781242612.921605087] [coord_transform]: [GROUND_TRUTH] Transform: cam[-0.065  0.724  0.159] → base[0.11  1.088 0.464]
[INFO] [1781242614.923935191] [coord_transform]: [GROUND_TRUTH] Transform: cam[-0.014  0.753  0.139] → base[0.06  1.117 0.444]
[INFO] [1781242616.925488302] [coord_transform]: [GROUND_TRUTH] Transform: cam[-0.014  0.736  0.115] → base[0.06 1.1  0.42]
[INFO] [1781242618.937188743] [coord_transform]: [GROUND_TRUTH] Transform: cam[0.002 0.719 0.07 ] → base[0.044 1.083 0.375]
[INFO] [1781242620.960825078] [coord_transform]: [GROUND_TRUTH] Transform: cam[0.005 0.713 0.066] → base[0.041 1.077 0.371]
[INFO] [1781242623.066853458] [coord_transform]: [GROUND_TRUTH] Transform: cam[0.01  0.738 0.068] → base[0.036 1.102 0.373]
[INFO] [1781242625.271041082] [coord_transform]: [GROUND_TRUTH] Transform: cam[0.005 0.763 0.068] → base[0.041 1.127 0.373]
[INFO] [1781242627.600527367] [coord_transform]: [GROUND_TRUTH] Transform: cam[0.007 0.759 0.066] → base[0.039 1.123 0.371]
[INFO] [1781242629.776125060] [coord_transform]: [GROUND_TRUTH] Transform: cam[0.007 0.767 0.067] → base[0.039 1.131 0.372]
[INFO] [1781242631.837288765] [coord_transform]: [GROUND_TRUTH] Transform: cam[0.008 0.764 0.068] → base[0.037 1.128 0.373]
[INFO] [1781242634.045543903] [coord_transform]: [GROUND_TRUTH] Transform: cam[0.006 0.77  0.069] → base[0.04  1.134 0.374]
[INFO] [1781242636.073664205] [coord_transform]: [GROUND_TRUTH] Transform: cam[0.007 0.773 0.07 ] → base[0.039 1.137 0.375]
[INFO] [1781242638.115578568] [coord_transform]: [GROUND_TRUTH] Transform: cam[-0.04   0.73   0.038] → base[0.086 1.094 0.344]
[INFO] [1781242640.173849428] [coord_transform]: [GROUND_TRUTH] Transform: cam[-0.112  0.693  0.026] → base[0.158 1.057 0.331]
[INFO] [1781242642.176743459] [coord_transform]: [GROUND_TRUTH] Transform: cam[-0.173  0.6    0.017] → base[0.219 0.964 0.322]
[INFO] [1781242644.180862380] [coord_transform]: [GROUND_TRUTH] Transform: cam[-0.156  0.571  0.089] → base[0.202 0.935 0.394]
[INFO] [1781242646.181887831] [coord_transform]: [GROUND_TRUTH] Transform: cam[-0.104  0.524  0.244] → base[0.149 0.888 0.549]
[INFO] [1781242648.183946322] [coord_transform]: [GROUND_TRUTH] Transform: cam[-0.071  0.594  0.261] → base[0.116 0.958 0.566]
[INFO] [1781242650.186678595] [coord_transform]: [GROUND_TRUTH] Transform: cam[-0.034  0.726  0.199] → base[0.08  1.09  0.504]
[INFO] [1781242652.223772456] [coord_transform]: [GROUND_TRUTH] Transform: cam[0.004 0.702 0.126] → base[0.042 1.066 0.431]
[INFO] [1781242654.274498221] [coord_transform]: [GROUND_TRUTH] Transform: cam[0.01  0.729 0.096] → base[0.036 1.093 0.401]
[INFO] [1781242656.387517718] [coord_transform]: [GROUND_TRUTH] Transform: cam[0.016 0.774 0.07 ] → base[0.03  1.138 0.375]
[INFO] [1781242658.622078208] [coord_transform]: [GROUND_TRUTH] Transform: cam[0.015 0.786 0.074] → base[0.031 1.15  0.379]
[INFO] [1781242660.662419260] [coord_transform]: [GROUND_TRUTH] Transform: cam[0.013 0.789 0.076] → base[0.032 1.153 0.381]
[INFO] [1781242662.737132356] [coord_transform]: [GROUND_TRUTH] Transform: cam[0.013 0.791 0.073] → base[0.032 1.155 0.379]
[INFO] [1781242664.824483391] [coord_transform]: [GROUND_TRUTH] Transform: cam[0.015 0.787 0.059] → base[0.031 1.151 0.364]
[INFO] [1781242666.831729875] [coord_transform]: [GROUND_TRUTH] Transform: cam[0.013 0.781 0.064] → base[0.032 1.145 0.369]
[INFO] [1781242667.973815691] [coord_transform]: Trạng thái tracking: STOPPED
[WARN] [1781242672.203897725] [coord_transform]: Outlier rejected #1 (jumped 157.3mm). Ignoring.
[WARN] [1781242679.333303346] [coord_transform]: Outlier rejected #1 (jumped 340.0mm). Ignoring.
[WARN] [1781242679.368753851] [coord_transform]: Outlier rejected #2 (jumped 302.8mm). Ignoring.
[WARN] [1781242679.402910023] [coord_transform]: Outlier rejected #3 (jumped 302.5mm). Ignoring.
[WARN] [1781242679.435169122] [coord_transform]: Outlier rejected #4 (jumped 285.6mm). Ignoring.
[INFO] [1781242679.466243528] [coord_transform]: Too many outliers (5). Resetting filter to new position.
[WARN] [1781242694.814129432] [coord_transform]: Outlier rejected #1 (jumped 446.3mm). Ignoring.
[WARN] [1781242694.856615632] [coord_transform]: Outlier rejected #2 (jumped 441.9mm). Ignoring.
[WARN] [1781242694.888863602] [coord_transform]: Outlier rejected #3 (jumped 432.5mm). Ignoring.
[WARN] [1781242694.919859218] [coord_transform]: Outlier rejected #4 (jumped 496.6mm). Ignoring.
[INFO] [1781242694.950698771] [coord_transform]: Too many outliers (5). Resetting filter to new position.
[WARN] [1781242695.203093049] [coord_transform]: Outlier rejected #1 (jumped 323.7mm). Ignoring.
[WARN] [1781242695.286735876] [coord_transform]: Outlier rejected #2 (jumped 319.8mm). Ignoring.
[WARN] [1781242695.318332906] [coord_transform]: Outlier rejected #3 (jumped 299.1mm). Ignoring.
[WARN] [1781242695.390239186] [coord_transform]: Outlier rejected #4 (jumped 278.1mm). Ignoring.
[INFO] [1781242695.675295309] [coord_transform]: Too many outliers (5). Resetting filter to new position.
[WARN] [1781242696.255033207] [coord_transform]: Outlier rejected #1 (jumped 319.6mm). Ignoring.
[WARN] [1781242696.332156295] [coord_transform]: Outlier rejected #2 (jumped 447.4mm). Ignoring.
[WARN] [1781242696.731293157] [coord_transform]: Outlier rejected #3 (jumped 490.0mm). Ignoring.
[WARN] [1781242696.757770172] [coord_transform]: Outlier rejected #4 (jumped 445.1mm). Ignoring.
[INFO] [1781242696.788813095] [coord_transform]: Too many outliers (5). Resetting filter to new position.
[WARN] [1781242696.895686866] [coord_transform]: Outlier rejected #1 (jumped 444.8mm). Ignoring.
[WARN] [1781242699.189894382] [coord_transform]: Outlier rejected #2 (jumped 298.8mm). Ignoring.
[WARN] [1781242699.214360387] [coord_transform]: Outlier rejected #3 (jumped 297.8mm). Ignoring.
[WARN] [1781242699.255520467] [coord_transform]: Outlier rejected #4 (jumped 298.9mm). Ignoring.
[INFO] [1781242699.281517290] [coord_transform]: Too many outliers (5). Resetting filter to new position.
[WARN] [1781242705.424682092] [coord_transform]: Outlier rejected #1 (jumped 1074.3mm). Ignoring.
[WARN] [1781242705.455299383] [coord_transform]: Outlier rejected #2 (jumped 1072.0mm). Ignoring.
[WARN] [1781242705.490955594] [coord_transform]: Outlier rejected #3 (jumped 1058.0mm). Ignoring.
[WARN] [1781242705.527017383] [coord_transform]: Outlier rejected #4 (jumped 1051.7mm). Ignoring.
[INFO] [1781242705.569927348] [coord_transform]: Too many outliers (5). Resetting filter to new position.
[WARN] [1781242709.191592703] [coord_transform]: Outlier rejected #1 (jumped 156.9mm). Ignoring.
[WARN] [1781242709.231039454] [coord_transform]: Outlier rejected #2 (jumped 181.4mm). Ignoring.
[WARN] [1781242709.263632489] [coord_transform]: Outlier rejected #3 (jumped 178.1mm). Ignoring.
[WARN] [1781242709.289215044] [coord_transform]: Outlier rejected #4 (jumped 178.7mm). Ignoring.
[INFO] [1781242709.328574289] [coord_transform]: Too many outliers (5). Resetting filter to new position.
[WARN] [1781242720.999248375] [coord_transform]: Outlier rejected #1 (jumped 641.0mm). Ignoring.
[WARN] [1781242721.034603855] [coord_transform]: Outlier rejected #2 (jumped 681.5mm). Ignoring.
[WARN] [1781242721.065105114] [coord_transform]: Outlier rejected #3 (jumped 714.5mm). Ignoring.
[WARN] [1781242721.103705608] [coord_transform]: Outlier rejected #4 (jumped 746.5mm). Ignoring.
[INFO] [1781242721.131697646] [coord_transform]: Too many outliers (5). Resetting filter to new position.
[WARN] [1781242721.263785881] [coord_transform]: Outlier rejected #1 (jumped 879.3mm). Ignoring.
[WARN] [1781242721.297627142] [coord_transform]: Outlier rejected #2 (jumped 773.8mm). Ignoring.
[WARN] [1781242721.331226793] [coord_transform]: Outlier rejected #3 (jumped 709.2mm). Ignoring.
[WARN] [1781242722.330844919] [coord_transform]: Outlier rejected #4 (jumped 771.4mm). Ignoring.
[INFO] [1781242722.364504020] [coord_transform]: Too many outliers (5). Resetting filter to new position.
[WARN] [1781242723.777800680] [coord_transform]: Outlier rejected #1 (jumped 282.9mm). Ignoring.
[INFO] [1781242726.200005612] [coord_transform]: Trạng thái tracking: STOPPED
[INFO] [1781242728.516396090] [coord_transform]: Trạng thái tracking: STOPPED
[WARN] [1781242748.954065111] [coord_transform]: Outlier rejected #1 (jumped 843.0mm). Ignoring.
[WARN] [1781242748.985489650] [coord_transform]: Outlier rejected #2 (jumped 843.0mm). Ignoring.
[WARN] [1781242749.018315289] [coord_transform]: Outlier rejected #3 (jumped 847.1mm). Ignoring.
[WARN] [1781242749.051037075] [coord_transform]: Outlier rejected #4 (jumped 835.6mm). Ignoring.
[INFO] [1781242749.084584140] [coord_transform]: Too many outliers (5). Resetting filter to new position.
[WARN] [1781242750.718466454] [coord_transform]: Outlier rejected #1 (jumped 817.5mm). Ignoring.
[WARN] [1781242750.752637952] [coord_transform]: Outlier rejected #2 (jumped 828.0mm). Ignoring.
[WARN] [1781242751.186833968] [coord_transform]: Outlier rejected #1 (jumped 890.3mm). Ignoring.
[WARN] [1781242754.354728435] [coord_transform]: Outlier rejected #1 (jumped 222.3mm). Ignoring.
[WARN] [1781242754.387419483] [coord_transform]: Outlier rejected #2 (jumped 180.0mm). Ignoring.
[WARN] [1781242754.420395464] [coord_transform]: Outlier rejected #3 (jumped 164.7mm). Ignoring.
[WARN] [1781242754.794580390] [coord_transform]: Outlier rejected #1 (jumped 238.1mm). Ignoring.
[WARN] [1781242755.320587519] [coord_transform]: Outlier rejected #2 (jumped 279.5mm). Ignoring.
[WARN] [1781242755.355217693] [coord_transform]: Outlier rejected #3 (jumped 255.6mm). Ignoring.
[WARN] [1781242755.387063897] [coord_transform]: Outlier rejected #4 (jumped 176.7mm). Ignoring.
[WARN] [1781242755.456006336] [coord_transform]: Outlier rejected #1 (jumped 242.3mm). Ignoring.
[WARN] [1781242755.490362808] [coord_transform]: Outlier rejected #2 (jumped 243.0mm). Ignoring.
[WARN] [1781242755.754583388] [coord_transform]: Outlier rejected #1 (jumped 225.3mm). Ignoring.
[WARN] [1781242755.788519918] [coord_transform]: Outlier rejected #2 (jumped 221.9mm). Ignoring.
[WARN] [1781242755.822592560] [coord_transform]: Outlier rejected #3 (jumped 225.3mm). Ignoring.
[WARN] [1781242755.853979749] [coord_transform]: Outlier rejected #4 (jumped 222.9mm). Ignoring.
[WARN] [1781242823.049941391] [coord_transform]: Outlier rejected #1 (jumped 1007.2mm). Ignoring.
[WARN] [1781242823.079297400] [coord_transform]: Outlier rejected #2 (jumped 996.3mm). Ignoring.
[WARN] [1781242823.112617891] [coord_transform]: Outlier rejected #3 (jumped 1012.2mm). Ignoring.
[WARN] [1781242823.144223482] [coord_transform]: Outlier rejected #4 (jumped 986.3mm). Ignoring.
[INFO] [1781242823.183552576] [coord_transform]: Too many outliers (5). Resetting filter to new position.
[WARN] [1781242851.689187258] [coord_transform]: Outlier rejected #1 (jumped 443.4mm). Ignoring.
[WARN] [1781242851.724040846] [coord_transform]: Outlier rejected #2 (jumped 430.0mm). Ignoring.
[WARN] [1781242851.757646912] [coord_transform]: Outlier rejected #3 (jumped 422.5mm). Ignoring.
[WARN] [1781242851.795181021] [coord_transform]: Outlier rejected #4 (jumped 486.7mm). Ignoring.
[INFO] [1781242851.823176583] [coord_transform]: Too many outliers (5). Resetting filter to new position.
[INFO] [1781242852.225606718] [coord_transform]: Deadband: HOLD at (0.208, -0.068, 0.079)
[INFO] [1781242852.257950351] [coord_transform]: Deadband: RELEASE — motion detected
[WARN] [1781242857.627709950] [coord_transform]: Outlier rejected #1 (jumped 240.3mm). Ignoring.
[WARN] [1781242857.660433583] [coord_transform]: Outlier rejected #2 (jumped 298.1mm). Ignoring.
[WARN] [1781242857.695088054] [coord_transform]: Outlier rejected #3 (jumped 340.9mm). Ignoring.
[WARN] [1781242857.734095932] [coord_transform]: Outlier rejected #4 (jumped 353.2mm). Ignoring.
[INFO] [1781242857.764241275] [coord_transform]: Too many outliers (5). Resetting filter to new position.
[WARN] [1781242857.796501367] [coord_transform]: Outlier rejected #1 (jumped 357.1mm). Ignoring.
[WARN] [1781242862.974252490] [coord_transform]: Outlier rejected #1 (jumped 237.0mm). Ignoring.
[WARN] [1781242862.996912181] [coord_transform]: Outlier rejected #2 (jumped 180.4mm). Ignoring.
[WARN] [1781242864.602739931] [coord_transform]: Outlier rejected #1 (jumped 202.0mm). Ignoring.
[WARN] [1781242866.150852813] [coord_transform]: Outlier rejected #2 (jumped 1052.0mm). Ignoring.
[WARN] [1781242868.252796499] [coord_transform]: Outlier rejected #3 (jumped 1909.6mm). Ignoring.
[WARN] [1781242868.274432847] [coord_transform]: Outlier rejected #4 (jumped 1810.3mm). Ignoring.
[INFO] [1781242868.305780225] [coord_transform]: Too many outliers (5). Resetting filter to new position.
[WARN] [1781242868.594885506] [coord_transform]: Outlier rejected #1 (jumped 159.1mm). Ignoring.
[WARN] [1781242868.629754335] [coord_transform]: Outlier rejected #2 (jumped 250.0mm). Ignoring.
[WARN] [1781242868.872828754] [coord_transform]: Outlier rejected #1 (jumped 242.3mm). Ignoring.
[WARN] [1781242869.361926840] [coord_transform]: Outlier rejected #1 (jumped 189.3mm). Ignoring.
[WARN] [1781242869.446979583] [coord_transform]: Outlier rejected #1 (jumped 160.8mm). Ignoring.
[WARN] [1781242869.473101858] [coord_transform]: Outlier rejected #2 (jumped 168.8mm). Ignoring.
[WARN] [1781242869.718507821] [coord_transform]: Outlier rejected #1 (jumped 275.5mm). Ignoring.
[WARN] [1781242869.742515458] [coord_transform]: Outlier rejected #2 (jumped 226.0mm). Ignoring.
[WARN] [1781242870.023971241] [coord_transform]: Outlier rejected #3 (jumped 181.0mm). Ignoring.
[WARN] [1781242870.047931831] [coord_transform]: Outlier rejected #4 (jumped 330.1mm). Ignoring.
[INFO] [1781242870.072097002] [coord_transform]: Too many outliers (5). Resetting filter to new position.
[WARN] [1781242870.137764979] [coord_transform]: Outlier rejected #1 (jumped 157.2mm). Ignoring.
[WARN] [1781242870.891513918] [coord_transform]: Outlier rejected #1 (jumped 253.1mm). Ignoring.
[WARN] [1781242870.923755859] [coord_transform]: Outlier rejected #2 (jumped 304.2mm). Ignoring.
[WARN] [1781242871.222056624] [coord_transform]: Outlier rejected #1 (jumped 157.3mm). Ignoring.
[WARN] [1781242872.628504341] [coord_transform]: Outlier rejected #1 (jumped 161.5mm). Ignoring.
[WARN] [1781242873.650960252] [coord_transform]: Outlier rejected #1 (jumped 186.7mm). Ignoring.
[WARN] [1781242874.814316561] [coord_transform]: Outlier rejected #1 (jumped 221.9mm). Ignoring.
[WARN] [1781242874.840133287] [coord_transform]: Outlier rejected #2 (jumped 222.0mm). Ignoring.
[WARN] [1781242875.320267334] [coord_transform]: Outlier rejected #3 (jumped 288.3mm). Ignoring.
