[INFO] [1779936157.025433273] [coord_transform]: CoordTransformNode khởi động.
  Object offset (cam frame): [0.05 0.   0.1 ]
  Translation cam→base:      [0.5 0.  1.2]
  EE orientation (xyzw):     [0.0, 1.0, 0.0, 0.0]
  Prediction step:           5
  Axis remap:                [0, 1, 2]
  Axis sign:                 [-1.0, 1.0, 1.0]
  Workspace X: (-1.0, 1.0), Y: (-0.5, 1.3), Z: (0.05, 1.5)
  Filter outlier_threshold:  0.15m
  Filter median_size_y:      5
  Filter deadband_tol:       35.0mm
  Filter stationary_thresh:  3 frames
  Filter max_rate:           5.0cm/frame
  Filter EMA moving(x,y,z):  (0.75,0.5,0.75)
  Filter EMA hold  (x,y,z):  (0.08,0.02,0.05)
[WARN] [1779936194.070968126] [coord_transform]: Outlier rejected #1 (jumped 1981.9mm). Ignoring.
[WARN] [1779936194.108938952] [coord_transform]: Outlier rejected #2 (jumped 1961.7mm). Ignoring.
[WARN] [1779936194.141837995] [coord_transform]: Outlier rejected #3 (jumped 1961.7mm). Ignoring.
[WARN] [1779936194.176720264] [coord_transform]: Outlier rejected #4 (jumped 1995.0mm). Ignoring.
[INFO] [1779936194.210701843] [coord_transform]: Too many outliers (5). Resetting filter to new position.
[INFO] [1779936198.431970717] [coord_transform]: Captured Init Pose! P_init=(-0.164, 0.263, 0.395), Cam_init=(-0.000, -0.021, -0.003), Noise_Tol=38.4mm
Orientation=(0.717, 0.696, -0.032, 0.022)
[INFO] [1779936198.456859500] [coord_transform]: Deadband: RELEASE — motion detected
[INFO] [1779936198.603091314] [coord_transform]: Deadband: HOLD at (-0.000, -0.021, -0.003)
[INFO] [1779936206.375017697] [coord_transform]: Re-sync camera init: [ 0.003 -0.013  0.002]
[INFO] [1779936206.375291228] [coord_transform]: Trạng thái tracking: RUNNING
[INFO] [1779936206.403633277] [coord_transform]: Deadband: RELEASE — motion detected
[INFO] [1779936206.404805936] [coord_transform]: [GROUND_TRUTH] Transform: cam[ 0.003 -0.026 -0.001] → base[-0.164  0.25   0.392]
[INFO] [1779936206.547838205] [coord_transform]: Deadband: HOLD at (0.003, -0.013, 0.002)
[INFO] [1779936208.439687379] [coord_transform]: [GROUND_TRUTH] Transform: cam[ 0.022 -0.062  0.03 ] → base[-0.183  0.214  0.423]
[INFO] [1779936210.450039862] [coord_transform]: [GROUND_TRUTH] Transform: cam[0.029 0.009 0.081] → base[-0.189  0.285  0.474]
[INFO] [1779936212.467107673] [coord_transform]: [GROUND_TRUTH] Transform: cam[0.05  0.14  0.138] → base[-0.211  0.416  0.531]
[WARN] [1779936213.305793624] [coord_transform]: Outlier rejected #1 (jumped 214.6mm). Ignoring.
[WARN] [1779936213.341496245] [coord_transform]: Outlier rejected #2 (jumped 294.0mm). Ignoring.
[WARN] [1779936213.375978078] [coord_transform]: Outlier rejected #3 (jumped 288.9mm). Ignoring.
[WARN] [1779936213.410847028] [coord_transform]: Outlier rejected #4 (jumped 293.9mm). Ignoring.
[INFO] [1779936213.442402807] [coord_transform]: Too many outliers (5). Resetting filter to new position.
[INFO] [1779936214.485382447] [coord_transform]: [GROUND_TRUTH] Transform: cam[0.114 0.436 0.158] → base[-0.275  0.712  0.551]
[INFO] [1779936216.502959905] [coord_transform]: [GROUND_TRUTH] Transform: cam[0.326 0.576 0.104] → base[-0.487  0.852  0.497]
[INFO] [1779936218.546737821] [coord_transform]: [GROUND_TRUTH] Transform: cam[0.316 0.627 0.014] → base[-0.477  0.903  0.407]
[INFO] [1779936220.547888438] [coord_transform]: [GROUND_TRUTH] Transform: cam[0.264 0.575 0.115] → base[-0.425  0.851  0.509]
[INFO] [1779936222.553651611] [coord_transform]: [GROUND_TRUTH] Transform: cam[0.205 0.422 0.141] → base[-0.366  0.698  0.535]
[INFO] [1779936224.582762301] [coord_transform]: [GROUND_TRUTH] Transform: cam[0.135 0.219 0.145] → base[-0.296  0.495  0.538]
[INFO] [1779936226.587968207] [coord_transform]: [GROUND_TRUTH] Transform: cam[0.082 0.142 0.032] → base[-0.243  0.418  0.425]
[INFO] [1779936228.721859457] [coord_transform]: [GROUND_TRUTH] Transform: cam[0.067 0.121 0.008] → base[-0.228  0.397  0.401]
[INFO] [1779936230.745175536] [coord_transform]: [GROUND_TRUTH] Transform: cam[0.061 0.186 0.041] → base[-0.222  0.462  0.434]
[INFO] [1779936232.752610052] [coord_transform]: [GROUND_TRUTH] Transform: cam[0.009 0.299 0.099] → base[-0.17   0.575  0.492]
[INFO] [1779936234.797628895] [coord_transform]: [GROUND_TRUTH] Transform: cam[-0.049  0.443  0.139] → base[-0.112  0.719  0.532]
[INFO] [1779936236.814945136] [coord_transform]: [GROUND_TRUTH] Transform: cam[-0.077  0.59   0.133] → base[-0.084  0.866  0.526]
[INFO] [1779936238.925718047] [coord_transform]: [GROUND_TRUTH] Transform: cam[-0.076  0.561  0.135] → base[-0.085  0.837  0.528]
[INFO] [1779936240.929104918] [coord_transform]: [GROUND_TRUTH] Transform: cam[-0.073  0.557  0.134] → base[-0.088  0.833  0.528]
[INFO] [1779936243.032843301] [coord_transform]: [GROUND_TRUTH] Transform: cam[-0.071  0.552  0.135] → base[-0.089  0.828  0.528]
[INFO] [1779936245.053945324] [coord_transform]: [GROUND_TRUTH] Transform: cam[-0.069  0.546  0.137] → base[-0.091  0.822  0.53 ]
[INFO] [1779936247.058758822] [coord_transform]: [GROUND_TRUTH] Transform: cam[-0.07   0.542  0.14 ] → base[-0.091  0.818  0.533]
[INFO] [1779936249.297164570] [coord_transform]: [GROUND_TRUTH] Transform: cam[-0.068  0.532  0.141] → base[-0.092  0.808  0.534]
[INFO] [1779936251.327382922] [coord_transform]: [GROUND_TRUTH] Transform: cam[0.027 0.369 0.243] → base[-0.188  0.645  0.636]
[INFO] [1779936253.359573602] [coord_transform]: [GROUND_TRUTH] Transform: cam[0.054 0.166 0.207] → base[-0.215  0.442  0.6  ]
[INFO] [1779936255.361143368] [coord_transform]: [GROUND_TRUTH] Transform: cam[0.042 0.094 0.035] → base[-0.202  0.37   0.428]
[INFO] [1779936257.373349598] [coord_transform]: [GROUND_TRUTH] Transform: cam[0.047 0.126 0.086] → base[-0.208  0.402  0.479]
[INFO] [1779936259.398678008] [coord_transform]: [GROUND_TRUTH] Transform: cam[0.227 0.393 0.214] → base[-0.388  0.669  0.607]
[INFO] [1779936261.425549038] [coord_transform]: [GROUND_TRUTH] Transform: cam[0.277 0.517 0.102] → base[-0.437  0.793  0.495]
[INFO] [1779936263.465352083] [coord_transform]: [GROUND_TRUTH] Transform: cam[0.286 0.476 0.105] → base[-0.446  0.752  0.498]
[INFO] [1779936265.616805231] [coord_transform]: [GROUND_TRUTH] Transform: cam[0.284 0.478 0.11 ] → base[-0.445  0.754  0.503]
[INFO] [1779936267.645620212] [coord_transform]: [GROUND_TRUTH] Transform: cam[0.201 0.397 0.149] → base[-0.361  0.673  0.542]
[INFO] [1779936269.650048317] [coord_transform]: [GROUND_TRUTH] Transform: cam[-0.082  0.168  0.103] → base[-0.079  0.444  0.497]
[INFO] [1779936271.665429967] [coord_transform]: [GROUND_TRUTH] Transform: cam[-0.1    0.169  0.076] → base[-0.061  0.445  0.469]
[INFO] [1779936273.804783577] [coord_transform]: [GROUND_TRUTH] Transform: cam[-0.1    0.174  0.081] → base[-0.061  0.45   0.474]
[INFO] [1779936275.811610194] [coord_transform]: [GROUND_TRUTH] Transform: cam[-0.098  0.174  0.08 ] → base[-0.063  0.45   0.473]
[INFO] [1779936277.448379938] [coord_transform]: Trạng thái tracking: STOPPED
