[INFO] [1786347025.474338991] [motoros2_mock]: ╔══════════════════════════════════════════════╗
║   MotoROS2 Mock Node — Simulation Mode      ║
║   Tất cả /* services đã sẵn sàng            ║
║   (node_namespace="" — không prefix)         ║
╚══════════════════════════════════════════════╝
[INFO] [1786347145.646249307] [motoros2_mock]: ✓ StartPointQueueMode → READY (mock)
[INFO] [1786347145.653087921] [motoros2_mock]: QueueTrajPoint #1 → forwarded to JTC. joints=[1.571, 0.124, -1.049, 0.000, -0.398, -1.444]
[INFO] [1786347145.717557386] [motoros2_mock]: QueueTrajPoint #2 → forwarded to JTC. joints=[1.571, 0.124, -1.049, 0.000, -0.398, -1.444]
[INFO] [1786347145.784005409] [motoros2_mock]: QueueTrajPoint #3 → forwarded to JTC. joints=[1.571, 0.124, -1.049, 0.000, -0.398, -1.444]
[INFO] [1786347148.920589272] [motoros2_mock]: QueueTrajPoint #50 → forwarded to JTC. joints=[1.638, 0.161, -0.649, -0.000, -0.761, -1.511]
[INFO] [1786347152.257795650] [motoros2_mock]: QueueTrajPoint #100 → forwarded to JTC. joints=[1.521, 0.399, -0.054, 0.000, -1.119, -1.394]
[INFO] [1786347155.586306035] [motoros2_mock]: QueueTrajPoint #150 → forwarded to JTC. joints=[1.946, 0.378, -0.198, -0.000, -0.996, -1.819]
[INFO] [1786347158.920038608] [motoros2_mock]: QueueTrajPoint #200 → forwarded to JTC. joints=[1.692, 0.063, -0.752, -0.000, -0.757, -1.565]
[INFO] [1786347162.253686335] [motoros2_mock]: QueueTrajPoint #250 → forwarded to JTC. joints=[1.579, 0.070, -0.825, -0.000, -0.677, -1.452]
[INFO] [1786347165.586510869] [motoros2_mock]: QueueTrajPoint #300 → forwarded to JTC. joints=[1.266, -0.072, -0.311, 0.000, -1.333, -1.138]
[INFO] [1786347168.922247821] [motoros2_mock]: QueueTrajPoint #350 → forwarded to JTC. joints=[1.599, 0.150, -0.324, -0.000, -1.097, -1.472]
[INFO] [1786347172.254316406] [motoros2_mock]: QueueTrajPoint #400 → forwarded to JTC. joints=[2.071, 0.276, -0.082, -0.000, -1.214, -1.944]
[INFO] [1786347175.586251897] [motoros2_mock]: QueueTrajPoint #450 → forwarded to JTC. joints=[1.571, -0.143, -0.250, 0.000, -1.464, -1.444]
[INFO] [1786347178.921862478] [motoros2_mock]: QueueTrajPoint #500 → forwarded to JTC. joints=[1.556, 0.211, -0.473, 0.000, -0.887, -1.429]
[INFO] [1786347182.254146243] [motoros2_mock]: QueueTrajPoint #550 → forwarded to JTC. joints=[1.802, 0.401, -0.013, -0.000, -1.157, -1.675]
[INFO] [1786347185.592875296] [motoros2_mock]: QueueTrajPoint #600 → forwarded to JTC. joints=[1.657, 0.276, -0.099, -0.000, -1.196, -1.530]
[INFO] [1786347188.922613204] [motoros2_mock]: QueueTrajPoint #650 → forwarded to JTC. joints=[1.291, 0.152, -0.262, 0.000, -1.158, -1.164]
[INFO] [1786347192.256103226] [motoros2_mock]: QueueTrajPoint #700 → forwarded to JTC. joints=[1.289, 0.154, -0.334, 0.000, -1.083, -1.161]
[INFO] [1786347195.586347331] [motoros2_mock]: QueueTrajPoint #750 → forwarded to JTC. joints=[1.607, 0.046, -0.670, -0.000, -0.855, -1.480]
[INFO] [1786347198.920880447] [motoros2_mock]: QueueTrajPoint #800 → forwarded to JTC. joints=[1.725, 0.244, -0.564, -0.000, -0.763, -1.598]
[INFO] [1786347202.254289445] [motoros2_mock]: QueueTrajPoint #850 → forwarded to JTC. joints=[1.537, 0.185, -0.580, 0.000, -0.807, -1.410]
[INFO] [1786347205.585994309] [motoros2_mock]: QueueTrajPoint #900 → forwarded to JTC. joints=[1.504, 0.252, -0.462, 0.000, -0.857, -1.376]
[INFO] [1786347208.922906942] [motoros2_mock]: QueueTrajPoint #950 → forwarded to JTC. joints=[1.477, 0.130, -0.790, 0.000, -0.652, -1.350]
[INFO] [1786347212.255907587] [motoros2_mock]: QueueTrajPoint #1000 → forwarded to JTC. joints=[1.505, 0.084, -0.929, 0.000, -0.558, -1.378]
[INFO] [1786347215.586360019] [motoros2_mock]: QueueTrajPoint #1050 → forwarded to JTC. joints=[1.949, 0.252, -0.245, -0.000, -1.074, -1.822]
[INFO] [1786347218.920871029] [motoros2_mock]: QueueTrajPoint #1100 → forwarded to JTC. joints=[1.362, 0.236, -0.199, 0.000, -1.136, -1.235]
[INFO] [1786347222.253301259] [motoros2_mock]: QueueTrajPoint #1150 → forwarded to JTC. joints=[1.310, 0.162, -0.294, 0.000, -1.115, -1.182]
[INFO] [1786347232.141697676] [motoros2_mock]: MotoROS2 Mock Node shutdown.
