[INFO] [1779786010.399687367] [coord_transform]: CoordTransformNode khởi động.
  Object offset (cam frame): [0.05 0.   0.1 ]
  Translation cam→base:      [0.5 0.  1.2]
  EE orientation (xyzw):     [0.0, 1.0, 0.0, 0.0]
  Prediction step:           5
  Axis remap:                [0, 1, 2]
  Axis sign:                 [-1.0, 1.0, 1.0]
  Workspace X: (-1.0, 1.0), Y: (-0.5, 1.3), Z: (0.05, 1.5)
  Filter outlier_threshold:  0.15m
  Filter median_size_y:      3
  Filter deadband_tol:       25.0mm
  Filter stationary_thresh:  3 frames
  Filter max_rate:           5.0cm/frame
  Filter EMA moving(x,y,z):  (0.75,0.5,0.75)
  Filter EMA hold  (x,y,z):  (0.08,0.02,0.05)
[INFO] [1779786052.929352407] [coord_transform]: Đã chuyển mode: ground_truth -> prediction
[WARN] [1779786055.526681998] [coord_transform]: Outlier rejected #1 (jumped 925.8mm). Ignoring.
[WARN] [1779786055.562067062] [coord_transform]: Outlier rejected #2 (jumped 922.8mm). Ignoring.
[WARN] [1779786055.609542395] [coord_transform]: Outlier rejected #3 (jumped 931.3mm). Ignoring.
[WARN] [1779786055.646556661] [coord_transform]: Outlier rejected #4 (jumped 923.1mm). Ignoring.
[INFO] [1779786055.691306601] [coord_transform]: Too many outliers (5). Resetting filter to new position.
[INFO] [1779786058.608315183] [coord_transform]: Captured Init Pose! P_init=(-0.164, 0.263, 0.395), Cam_init=(-0.000, -0.003, -0.001), Noise_Tol=9.5mm
Orientation=(0.717, 0.696, -0.032, 0.022)
[INFO] [1779786058.611697249] [coord_transform]: Deadband: RELEASE — motion detected
[INFO] [1779786058.776493710] [coord_transform]: Deadband: HOLD at (-0.000, -0.003, -0.001)
[INFO] [1779786065.756627637] [coord_transform]: Deadband: RELEASE — motion detected
[INFO] [1779786079.623064066] [coord_transform]: Re-sync camera init: [0.088 0.002 0.014]
[INFO] [1779786079.623525402] [coord_transform]: Trạng thái tracking: RUNNING
[INFO] [1779786079.631019798] [coord_transform]: Deadband: RELEASE — motion detected
[INFO] [1779786079.638496080] [coord_transform]: [PREDICTION] Transform: cam[0.117 0.007 0.017] → base[-0.193  0.268  0.398]
[INFO] [1779786079.783734491] [coord_transform]: Deadband: HOLD at (0.088, 0.002, 0.014)
[INFO] [1779786079.791747725] [coord_transform]: [SNAP ON] Tay đứng yên, GRU lệch 3.4cm (< 10cm). Snap prediction về actual hand.
[INFO] [1779786080.546086501] [coord_transform]: [SNAP OFF] Tay di chuyển lại. Thả snap.
[INFO] [1779786081.661291869] [coord_transform]: [PREDICTION] Transform: cam[0.107 0.046 0.056] → base[-0.183  0.307  0.437]
[INFO] [1779786083.679331949] [coord_transform]: [PREDICTION] Transform: cam[0.113 0.115 0.142] → base[-0.189  0.376  0.523]
[INFO] [1779786085.683161125] [coord_transform]: [PREDICTION] Transform: cam[0.144 0.211 0.27 ] → base[-0.221  0.472  0.651]
[INFO] [1779786087.706379680] [coord_transform]: [PREDICTION] Transform: cam[0.159 0.342 0.247] → base[-0.235  0.603  0.628]
[INFO] [1779786089.712954623] [coord_transform]: [PREDICTION] Transform: cam[0.158 0.335 0.236] → base[-0.234  0.597  0.617]
[INFO] [1779786092.069431569] [coord_transform]: [PREDICTION] Transform: cam[0.159 0.335 0.239] → base[-0.235  0.596  0.62 ]
[INFO] [1779786094.098446196] [coord_transform]: [PREDICTION] Transform: cam[0.148 0.262 0.298] → base[-0.224  0.523  0.679]
[INFO] [1779786096.113583213] [coord_transform]: [PREDICTION] Transform: cam[0.087 0.102 0.157] → base[-0.164  0.363  0.537]
[INFO] [1779786098.120485476] [coord_transform]: [PREDICTION] Transform: cam[0.115 0.019 0.007] → base[-0.191  0.28   0.388]
[INFO] [1779786100.726162924] [coord_transform]: [PREDICTION] Transform: cam[0.121 0.012 0.007] → base[-0.197  0.273  0.388]
[INFO] [1779786102.738270563] [coord_transform]: [PREDICTION] Transform: cam[0.111 0.015 0.021] → base[-0.188  0.276  0.402]
[INFO] [1779786104.752812971] [coord_transform]: [PREDICTION] Transform: cam[0.117 0.154 0.195] → base[-0.193  0.415  0.576]
[INFO] [1779786106.758095090] [coord_transform]: [PREDICTION] Transform: cam[0.168 0.407 0.235] → base[-0.244  0.668  0.616]
[INFO] [1779786108.829811296] [coord_transform]: [PREDICTION] Transform: cam[0.146 0.469 0.16 ] → base[-0.222  0.73   0.541]
[INFO] [1779786110.868754689] [coord_transform]: [PREDICTION] Transform: cam[0.165 0.389 0.255] → base[-0.241  0.65   0.635]
[INFO] [1779786112.887548851] [coord_transform]: [PREDICTION] Transform: cam[0.154 0.177 0.266] → base[-0.231  0.438  0.646]
[INFO] [1779786114.921282168] [coord_transform]: [PREDICTION] Transform: cam[0.131 0.115 0.102] → base[-0.207  0.376  0.483]
[INFO] [1779786116.945088369] [coord_transform]: [PREDICTION] Transform: cam[0.188 0.198 0.215] → base[-0.265  0.459  0.595]
[INFO] [1779786118.974997452] [coord_transform]: [PREDICTION] Transform: cam[0.231 0.416 0.224] → base[-0.307  0.677  0.605]
[INFO] [1779786121.007771763] [coord_transform]: [PREDICTION] Transform: cam[0.083 0.487 0.198] → base[-0.159  0.748  0.579]
[INFO] [1779786123.009106446] [coord_transform]: [PREDICTION] Transform: cam[0.02  0.482 0.155] → base[-0.096  0.743  0.536]
[INFO] [1779786125.028896808] [coord_transform]: [PREDICTION] Transform: cam[0.237 0.333 0.221] → base[-0.313  0.594  0.602]
[INFO] [1779786127.032001695] [coord_transform]: [PREDICTION] Transform: cam[0.155 0.139 0.187] → base[-0.232  0.4    0.568]
[INFO] [1779786129.043255218] [coord_transform]: [PREDICTION] Transform: cam[0.122 0.134 0.128] → base[-0.199  0.395  0.509]
[INFO] [1779786131.044580745] [coord_transform]: [PREDICTION] Transform: cam[0.208 0.358 0.245] → base[-0.284  0.619  0.626]
[INFO] [1779786133.218357112] [coord_transform]: [PREDICTION] Transform: cam[0.198 0.41  0.165] → base[-0.275  0.671  0.546]
[INFO] [1779786138.003093779] [coord_transform]: [PREDICTION] Transform: cam[0.198 0.414 0.168] → base[-0.274  0.675  0.549]
[INFO] [1779786143.513755267] [coord_transform]: [PREDICTION] Transform: cam[0.201 0.414 0.168] → base[-0.277  0.675  0.549]
[INFO] [1779786145.523415833] [coord_transform]: [PREDICTION] Transform: cam[0.179 0.203 0.276] → base[-0.255  0.464  0.656]
[INFO] [1779786147.539108833] [coord_transform]: [PREDICTION] Transform: cam[0.084 0.138 0.09 ] → base[-0.161  0.399  0.471]
[INFO] [1779786149.580042280] [coord_transform]: [PREDICTION] Transform: cam[0.138 0.241 0.2  ] → base[-0.214  0.502  0.581]
[INFO] [1779786151.584288950] [coord_transform]: [PREDICTION] Transform: cam[0.17  0.434 0.144] → base[-0.246  0.695  0.525]
[INFO] [1779786153.678577859] [coord_transform]: [PREDICTION] Transform: cam[0.157 0.404 0.137] → base[-0.233  0.665  0.518]
[INFO] [1779786154.007909719] [coord_transform]: Trạng thái tracking: STOPPED
