[INFO] [1779789166.981670583] [cartesian_streamer]: CartesianStreamer khởi động (chờ Enable Robot từ UI).
  Stream rate:       15 Hz (period=66.7ms)
  Queue dt:          0.067 s
  Prebuffer points:  3
  Retry backoff:     66.0 ms
  Gửi PoseStamped lên: /cartesian_streamer/target_pose
  Gửi XYZ lên:        /cartesian_streamer/target_xyz
  Nhận EE pose tại:   /cartesian_streamer/current_pose
[INFO] [1779789166.986886704] [cartesian_streamer]: Nhận joint_states: ['1.421', '0.175', '-0.185', '-0.004', '-1.288', '0.122']
[INFO] [1779789167.943788770] [cartesian_streamer]: Đã nhận joint_states. EE hiện tại: (-0.0743, 0.5977, 0.6591). Chờ Enable Robot từ UI...
[INFO] [1779789683.165803459] [cartesian_streamer]: Enable Robot: bắt đầu chuỗi khởi động...
[INFO] [1779789683.166522415] [cartesian_streamer]: Enable: reset_error...
[INFO] [1779789683.190382269] [cartesian_streamer]: reset_error: code=1, msg="success"
[INFO] [1779789683.191010406] [cartesian_streamer]: Enable: stop_traj_mode (giải phóng mode cũ)...
[INFO] [1779789683.251337460] [cartesian_streamer]: stop_traj_mode: success=True, code=N/A, msg=""
[INFO] [1779789683.251767942] [cartesian_streamer]: Enable: chờ 1.5s để hệ thống ổn định trước khi start queue...
[INFO] [1779789684.754265116] [cartesian_streamer]: Enable: StartPointQueueMode...
[INFO] [1779789686.101236371] [cartesian_streamer]: StartPointQueueMode response: code=1, msg=""
[INFO] [1779789686.101898390] [cartesian_streamer]: ✓ Robot ENABLED — Point Queue Mode active. Servo ON!
[INFO] [1779789686.155969769] [cartesian_streamer]: Runtime rate: state=seeding, tick_hz=0.0, queue_send_hz=0.0, ack_hz=0.0, busy_hz=0.0, retry_count=0, reject_count=0, inter_ack_ms=0.0, max_joint_delta=0.000, cumul_time=0.00s, hold_count=0
[INFO] [1779789686.159915471] [cartesian_streamer]: Bootstrap EE pose via FK: (-0.1638, 0.2630, 0.3947)
[INFO] [1779789686.160411799] [cartesian_streamer]: Đang stream qua service: /queue_traj_point
[INFO] [1779789686.161058642] [cartesian_streamer]: Đã gửi seed point (current joints, t=0), chờ ACK...
[INFO] [1779789686.180019708] [cartesian_streamer]: Seed ACK nhận được, bắt đầu prebuffer.
[INFO] [1779789686.180357016] [cartesian_streamer]: Queue accepted sample#1: svc=/queue_traj_point, t_cumul=0.0000s, code=1, msg="", hold=False
[INFO] [1779789686.246573901] [cartesian_streamer]: Queue accepted sample#2: svc=/queue_traj_point, t_cumul=0.0605s, code=1, msg="", hold=True
[INFO] [1779789686.518871510] [cartesian_streamer]: Queue accepted sample#3: svc=/queue_traj_point, t_cumul=0.1268s, code=1, msg="", hold=True
[INFO] [1779789686.674072878] [cartesian_streamer]: Pre-buffer hoàn tất (3 points), bắt đầu stream ổn định. Đang chờ target...
[INFO] [1779789686.674393075] [cartesian_streamer]: Queue accepted sample#4: svc=/queue_traj_point, t_cumul=0.3268s, code=1, msg="", hold=True
[INFO] [1779789686.703675308] [cartesian_streamer]: Queue accepted sample#5: svc=/queue_traj_point, t_cumul=0.4601s, code=1, msg="", hold=True
[INFO] [1779789688.033616861] [cartesian_streamer]: QueueTrajPoint accepted #20: t=1.793s, hold=True
[INFO] [1779789688.289103741] [cartesian_streamer]: IK OK → Δmax=0.0089 rad, joints: [1.571, 0.079, -1.040, -0.030, -0.528, -0.003]
[WARN] [1779789688.489209002] [cartesian_streamer]: QueueTrajPoint đã được accept nhưng joint_states hầu như không đổi. Kiểm tra: 1) Robot ở mode AUTO? 2) Servo ON? 3) E-stop cleared?
[INFO] [1779789688.556381246] [cartesian_streamer]: IK delta clamped → joints: [1.589, 0.107, -0.979, -0.031, -0.563, -0.020]
[INFO] [1779789689.962641554] [cartesian_streamer]: QueueTrajPoint accepted #40: t=3.721s, hold=False
[INFO] [1779789690.359036933] [cartesian_streamer]: IK OK → Δmax=0.0505 rad, joints: [1.540, 0.013, -0.909, -0.019, -0.726, 0.017]
[INFO] [1779789691.220892235] [cartesian_streamer]: Runtime rate: state=streaming, tick_hz=15.0, queue_send_hz=11.3, ack_hz=11.1, busy_hz=0.0, retry_count=0, reject_count=0, inter_ack_ms=89.7, max_joint_delta=0.070, cumul_time=4.92s, hold_count=0
[INFO] [1779789691.433222596] [cartesian_streamer]: QueueTrajPoint accepted #60: t=5.189s, hold=False
[INFO] [1779789692.422027451] [cartesian_streamer]: IK OK → Δmax=0.0204 rad, joints: [1.484, 0.148, -0.296, -0.009, -1.204, 0.061]
[INFO] [1779789693.238316940] [cartesian_streamer]: QueueTrajPoint accepted #80: t=6.990s, hold=False
[INFO] [1779789694.423087452] [cartesian_streamer]: IK OK → Δmax=0.0237 rad, joints: [1.508, 0.538, 0.372, -0.010, -1.481, 0.035]
[INFO] [1779789694.902871417] [cartesian_streamer]: QueueTrajPoint accepted #100: t=8.652s, hold=False
[WARN] [1779789696.088738980] [cartesian_streamer]: IK solution ngoài soft limit. Đã clamp vào biên để bảo vệ robot.
[INFO] [1779789696.223403155] [cartesian_streamer]: Runtime rate: state=streaming, tick_hz=15.0, queue_send_hz=12.2, ack_hz=12.4, busy_hz=0.0, retry_count=0, reject_count=0, inter_ack_ms=82.3, max_joint_delta=0.069, cumul_time=9.85s, hold_count=0
[INFO] [1779789696.300189481] [cartesian_streamer]: QueueTrajPoint accepted #120: t=10.054s, hold=False
[INFO] [1779789696.432164168] [cartesian_streamer]: IK OK → Δmax=0.0220 rad, joints: [1.525, 1.089, 1.050, -0.012, -1.777, 0.015]
[WARN] [1779789697.089600010] [cartesian_streamer]: IK solution ngoài soft limit. Đã clamp vào biên để bảo vệ robot.
[INFO] [1779789697.162978515] [cartesian_streamer]: IK delta clamped → joints: [1.550, 1.172, 1.050, -0.014, -1.719, -0.009]
[WARN] [1779789697.843940817] [cartesian_streamer]: Queue BUSY, sẽ resend (backoff 66ms): msg="Busy processing the previous trajectory point. Please resend the next point shortly"
[INFO] [1779789698.245123773] [cartesian_streamer]: QueueTrajPoint accepted #140: t=11.581s, hold=False
[INFO] [1779789698.493684537] [cartesian_streamer]: IK OK → Δmax=0.0376 rad, joints: [1.555, 0.980, 0.693, -0.014, -1.359, -0.009]
[WARN] [1779789699.116836959] [cartesian_streamer]: Queue BUSY, sẽ resend (backoff 66ms): msg="Busy processing the previous trajectory point. Please resend the next point shortly"
[INFO] [1779789700.052065075] [cartesian_streamer]: QueueTrajPoint accepted #160: t=12.981s, hold=False
[INFO] [1779789700.557369288] [cartesian_streamer]: IK OK → Δmax=0.0154 rad, joints: [1.527, 0.962, 0.618, -0.012, -1.304, 0.019]
[INFO] [1779789701.289018006] [cartesian_streamer]: Runtime rate: state=streaming, tick_hz=15.0, queue_send_hz=11.4, ack_hz=10.9, busy_hz=0.6, retry_count=3, reject_count=0, inter_ack_ms=92.2, max_joint_delta=0.090, cumul_time=14.12s, hold_count=0
[INFO] [1779789701.946995921] [cartesian_streamer]: QueueTrajPoint accepted #180: t=14.782s, hold=False
[INFO] [1779789702.626438993] [cartesian_streamer]: IK OK → Δmax=0.0118 rad, joints: [1.498, 0.946, 0.831, -0.010, -1.533, 0.045]
[INFO] [1779789703.459764370] [cartesian_streamer]: QueueTrajPoint accepted #200: t=16.393s, hold=False
[INFO] [1779789704.688680165] [cartesian_streamer]: IK OK → Δmax=0.0158 rad, joints: [1.480, 0.599, 0.537, -0.008, -1.586, 0.062]
[INFO] [1779789705.084422772] [cartesian_streamer]: QueueTrajPoint accepted #220: t=17.906s, hold=False
[INFO] [1779789706.355011536] [cartesian_streamer]: Runtime rate: state=streaming, tick_hz=15.0, queue_send_hz=12.6, ack_hz=12.6, busy_hz=0.0, retry_count=0, reject_count=0, inter_ack_ms=78.3, max_joint_delta=0.047, cumul_time=19.24s, hold_count=0
[INFO] [1779789706.519112545] [cartesian_streamer]: QueueTrajPoint accepted #240: t=19.438s, hold=False
[INFO] [1779789706.689575641] [cartesian_streamer]: IK OK → Δmax=0.0038 rad, joints: [1.394, 0.300, 0.177, -0.002, -1.525, 0.148]
[INFO] [1779789708.231956851] [cartesian_streamer]: QueueTrajPoint accepted #260: t=21.041s, hold=False
[INFO] [1779789708.693195994] [cartesian_streamer]: IK OK → Δmax=0.0115 rad, joints: [1.278, 0.003, -0.227, 0.007, -1.418, 0.263]
[INFO] [1779789709.948016212] [cartesian_streamer]: QueueTrajPoint accepted #280: t=22.769s, hold=False
[INFO] [1779789710.757833617] [cartesian_streamer]: IK OK → Δmax=0.0119 rad, joints: [1.278, -0.144, -0.620, 0.008, -1.172, 0.260]
[INFO] [1779789711.378248190] [cartesian_streamer]: QueueTrajPoint accepted #300: t=24.303s, hold=False
[INFO] [1779789711.422913890] [cartesian_streamer]: Runtime rate: state=streaming, tick_hz=15.0, queue_send_hz=12.4, ack_hz=12.4, busy_hz=0.0, retry_count=0, reject_count=0, inter_ack_ms=80.6, max_joint_delta=0.059, cumul_time=24.30s, hold_count=0
[INFO] [1779789712.724764577] [cartesian_streamer]: QueueTrajPoint accepted #320: t=25.644s, hold=False
[INFO] [1779789712.827967751] [cartesian_streamer]: IK OK → Δmax=0.0039 rad, joints: [1.383, -0.146, -0.809, -0.001, -0.985, 0.160]
[INFO] [1779789713.103021683] [cartesian_streamer]: Disable Robot: dừng stream, tắt traj mode...
[INFO] [1779789713.103715295] [cartesian_streamer]: ✗ Robot DISABLED.
[INFO] [1779789752.141907621] [cartesian_streamer]: Enable Robot: bắt đầu chuỗi khởi động...
[INFO] [1779789752.142387996] [cartesian_streamer]: Enable: reset_error...
[INFO] [1779789752.154717458] [cartesian_streamer]: reset_error: code=1, msg="success"
[INFO] [1779789752.155094933] [cartesian_streamer]: Enable: stop_traj_mode (giải phóng mode cũ)...
[INFO] [1779789752.197839554] [cartesian_streamer]: stop_traj_mode: success=True, code=N/A, msg=""
[INFO] [1779789752.198311937] [cartesian_streamer]: Enable: chờ 1.5s để hệ thống ổn định trước khi start queue...
[INFO] [1779789753.704813660] [cartesian_streamer]: Enable: StartPointQueueMode...
[INFO] [1779789755.032719645] [cartesian_streamer]: StartPointQueueMode response: code=1, msg=""
[INFO] [1779789755.033146385] [cartesian_streamer]: ✓ Robot ENABLED — Point Queue Mode active. Servo ON!
[INFO] [1779789755.090164009] [cartesian_streamer]: Runtime rate: state=seeding, tick_hz=0.6, queue_send_hz=0.6, ack_hz=0.6, busy_hz=0.0, retry_count=0, reject_count=0, inter_ack_ms=66.8, max_joint_delta=0.014, cumul_time=0.00s, hold_count=0
[WARN] [1779789755.090763800] [cartesian_streamer]: Target stream stale: không có target mới trong 42.2s
[WARN] [1779789755.091360535] [cartesian_streamer]: QueueTrajPoint đã được accept nhưng joint_states hầu như không đổi. Kiểm tra: 1) Robot ở mode AUTO? 2) Servo ON? 3) E-stop cleared?
[INFO] [1779789755.097756806] [cartesian_streamer]: Bootstrap EE pose via FK: (-0.1638, 0.2630, 0.3947)
[INFO] [1779789755.098677556] [cartesian_streamer]: Đã gửi seed point (current joints, t=0), chờ ACK...
[INFO] [1779789755.156064656] [cartesian_streamer]: Bootstrap EE pose via FK: (-0.1638, 0.2630, 0.3947)
[INFO] [1779789755.223684885] [cartesian_streamer]: Bootstrap EE pose via FK: (-0.1638, 0.2630, 0.3947)
[INFO] [1779789755.232118808] [cartesian_streamer]: Seed ACK nhận được, bắt đầu prebuffer.
[INFO] [1779789755.612640310] [cartesian_streamer]: Pre-buffer hoàn tất (3 points), bắt đầu stream ổn định. Đang chờ target...
[INFO] [1779789756.424223427] [cartesian_streamer]: IK delta clamped → joints: [1.501, 0.005, -0.979, -0.001, -0.613, 0.088]
[INFO] [1779789756.424893035] [cartesian_streamer]: IK OK → Δmax=0.0900 rad, joints: [1.501, 0.005, -0.979, -0.001, -0.613, 0.088]
[INFO] [1779789756.564170711] [cartesian_streamer]: QueueTrajPoint accepted #340: t=1.324s, hold=False
[INFO] [1779789758.049471889] [cartesian_streamer]: QueueTrajPoint accepted #360: t=2.794s, hold=False
[INFO] [1779789758.426401334] [cartesian_streamer]: IK OK → Δmax=0.0186 rad, joints: [1.508, 0.007, -0.792, -0.014, -0.848, 0.043]
[INFO] [1779789759.503379333] [cartesian_streamer]: QueueTrajPoint accepted #380: t=4.258s, hold=False
[INFO] [1779789760.154709606] [cartesian_streamer]: Runtime rate: state=streaming, tick_hz=15.0, queue_send_hz=11.8, ack_hz=11.8, busy_hz=0.0, retry_count=0, reject_count=0, inter_ack_ms=783.4, max_joint_delta=0.090, cumul_time=4.86s, hold_count=0
[INFO] [1779789760.489251081] [cartesian_streamer]: IK OK → Δmax=0.0119 rad, joints: [1.497, 0.137, -0.290, -0.010, -1.220, 0.049]
[INFO] [1779789761.096402872] [cartesian_streamer]: QueueTrajPoint accepted #400: t=5.859s, hold=False
[INFO] [1779789762.555698258] [cartesian_streamer]: IK OK → Δmax=0.0224 rad, joints: [1.410, 0.410, 0.210, -0.003, -1.448, 0.133]
[INFO] [1779789762.780867661] [cartesian_streamer]: QueueTrajPoint accepted #420: t=7.535s, hold=False
[INFO] [1779789764.172257453] [cartesian_streamer]: QueueTrajPoint accepted #440: t=8.926s, hold=False
[INFO] [1779789764.556969255] [cartesian_streamer]: IK OK → Δmax=0.0129 rad, joints: [1.431, 0.832, 0.697, -0.004, -1.513, 0.111]
[INFO] [1779789765.229404306] [cartesian_streamer]: Runtime rate: state=streaming, tick_hz=15.0, queue_send_hz=13.0, ack_hz=13.0, busy_hz=0.0, retry_count=0, reject_count=0, inter_ack_ms=76.7, max_joint_delta=0.068, cumul_time=9.92s, hold_count=0
[INFO] [1779789765.770899505] [cartesian_streamer]: QueueTrajPoint accepted #460: t=10.524s, hold=False
[INFO] [1779789766.623542503] [cartesian_streamer]: IK OK → Δmax=0.0115 rad, joints: [1.440, 0.946, 0.573, -0.005, -1.275, 0.104]
[INFO] [1779789767.427175795] [cartesian_streamer]: QueueTrajPoint accepted #480: t=12.189s, hold=False
[INFO] [1779789768.624374059] [cartesian_streamer]: IK OK → Δmax=0.0051 rad, joints: [1.432, 0.918, 0.479, -0.005, -1.208, 0.112]
[INFO] [1779789769.774806498] [cartesian_streamer]: QueueTrajPoint accepted #500: t=14.122s, hold=False
[INFO] [1779789770.288168790] [cartesian_streamer]: Runtime rate: state=streaming, tick_hz=15.0, queue_send_hz=10.7, ack_hz=10.7, busy_hz=0.0, retry_count=0, reject_count=0, inter_ack_ms=94.0, max_joint_delta=0.062, cumul_time=14.72s, hold_count=0
[INFO] [1779789770.627245167] [cartesian_streamer]: IK OK → Δmax=0.0115 rad, joints: [1.425, 0.892, 0.598, -0.004, -1.354, 0.118]
[INFO] [1779789771.184933730] [cartesian_streamer]: QueueTrajPoint accepted #520: t=15.651s, hold=False
[INFO] [1779789772.690135708] [cartesian_streamer]: IK OK → Δmax=0.0116 rad, joints: [1.383, 0.657, 0.576, -0.001, -1.567, 0.159]
[INFO] [1779789773.039302072] [cartesian_streamer]: QueueTrajPoint accepted #540: t=17.441s, hold=False
[INFO] [1779789774.572605966] [cartesian_streamer]: QueueTrajPoint accepted #560: t=18.974s, hold=False
[INFO] [1779789774.691876147] [cartesian_streamer]: IK OK → Δmax=0.0311 rad, joints: [1.313, 0.358, 0.187, 0.005, -1.476, 0.228]
[INFO] [1779789775.355286450] [cartesian_streamer]: Runtime rate: state=streaming, tick_hz=15.0, queue_send_hz=12.4, ack_hz=12.4, busy_hz=0.0, retry_count=0, reject_count=0, inter_ack_ms=80.2, max_joint_delta=0.045, cumul_time=19.71s, hold_count=0
[INFO] [1779789776.108221692] [cartesian_streamer]: QueueTrajPoint accepted #580: t=20.509s, hold=False
[INFO] [1779789776.755347449] [cartesian_streamer]: IK OK → Δmax=0.0134 rad, joints: [1.226, 0.086, -0.203, 0.012, -1.358, 0.313]
[INFO] [1779789777.961284954] [cartesian_streamer]: QueueTrajPoint accepted #600: t=22.246s, hold=False
[INFO] [1779789778.759458239] [cartesian_streamer]: IK OK → Δmax=0.0148 rad, joints: [1.232, -0.048, -0.564, 0.012, -1.132, 0.305]
[INFO] [1779789779.257976978] [cartesian_streamer]: QueueTrajPoint accepted #620: t=23.645s, hold=False
[INFO] [1779789780.423590858] [cartesian_streamer]: Runtime rate: state=streaming, tick_hz=15.0, queue_send_hz=13.2, ack_hz=13.2, busy_hz=0.0, retry_count=0, reject_count=0, inter_ack_ms=75.5, max_joint_delta=0.053, cumul_time=24.77s, hold_count=0
[INFO] [1779789780.748595026] [cartesian_streamer]: QueueTrajPoint accepted #640: t=25.044s, hold=False
[INFO] [1779789780.822950942] [cartesian_streamer]: IK OK → Δmax=0.0036 rad, joints: [1.317, -0.033, -0.699, 0.005, -0.982, 0.222]
[INFO] [1779789782.306956537] [cartesian_streamer]: QueueTrajPoint accepted #660: t=26.710s, hold=False
[INFO] [1779789782.893441640] [cartesian_streamer]: IK OK → Δmax=0.0615 rad, joints: [1.285, 0.095, -0.294, 0.007, -1.260, 0.254]
[INFO] [1779789783.900972544] [cartesian_streamer]: QueueTrajPoint accepted #680: t=28.303s, hold=False
[INFO] [1779789784.955873263] [cartesian_streamer]: IK OK → Δmax=0.0203 rad, joints: [1.317, 0.392, 0.207, 0.004, -1.464, 0.224]
[INFO] [1779789785.312385132] [cartesian_streamer]: QueueTrajPoint accepted #700: t=29.705s, hold=False
[INFO] [1779789785.487786598] [cartesian_streamer]: Runtime rate: state=streaming, tick_hz=15.0, queue_send_hz=13.0, ack_hz=13.0, busy_hz=0.0, retry_count=0, reject_count=0, inter_ack_ms=76.8, max_joint_delta=0.063, cumul_time=29.84s, hold_count=0
[INFO] [1779789786.705195881] [cartesian_streamer]: QueueTrajPoint accepted #720: t=31.105s, hold=False
[INFO] [1779789786.956918188] [cartesian_streamer]: IK OK → Δmax=0.0245 rad, joints: [1.383, 0.840, 0.869, -0.001, -1.677, 0.159]
[WARN] [1779789787.558654616] [cartesian_streamer]: IK solution ngoài soft limit. Đã clamp vào biên để bảo vệ robot.
[INFO] [1779789788.039396216] [cartesian_streamer]: QueueTrajPoint accepted #740: t=32.439s, hold=False
[WARN] [1779789788.622886288] [cartesian_streamer]: IK solution ngoài soft limit. Đã clamp vào biên để bảo vệ robot.
[INFO] [1779789789.043036014] [cartesian_streamer]: IK OK → Δmax=0.0090 rad, joints: [1.469, 1.060, 1.050, -0.008, -1.735, 0.071]
[INFO] [1779789789.573558386] [cartesian_streamer]: QueueTrajPoint accepted #760: t=33.974s, hold=False
[WARN] [1779789789.627925189] [cartesian_streamer]: IK solution ngoài soft limit. Đã clamp vào biên để bảo vệ robot.
[INFO] [1779789790.487826886] [cartesian_streamer]: Runtime rate: state=streaming, tick_hz=15.0, queue_send_hz=14.0, ack_hz=14.0, busy_hz=0.0, retry_count=0, reject_count=0, inter_ack_ms=71.6, max_joint_delta=0.048, cumul_time=34.84s, hold_count=0
[INFO] [1779789791.040231027] [cartesian_streamer]: QueueTrajPoint accepted #780: t=35.440s, hold=False
[INFO] [1779789791.090203042] [cartesian_streamer]: IK OK → Δmax=0.0123 rad, joints: [1.481, 0.999, 0.939, -0.008, -1.588, 0.061]
[INFO] [1779789792.441761789] [cartesian_streamer]: QueueTrajPoint accepted #800: t=36.837s, hold=False
[INFO] [1779789793.095517253] [cartesian_streamer]: IK OK → Δmax=0.0103 rad, joints: [1.414, 0.562, 0.444, -0.003, -1.530, 0.129]
[INFO] [1779789793.836107750] [cartesian_streamer]: QueueTrajPoint accepted #820: t=38.239s, hold=False
[INFO] [1779789795.158606822] [cartesian_streamer]: IK OK → Δmax=0.0000 rad, joints: [1.292, 0.297, 0.083, 0.006, -1.434, 0.249]
[INFO] [1779789795.165758961] [cartesian_streamer]: QueueTrajPoint accepted #840: t=39.574s, hold=False
[INFO] [1779789795.490602637] [cartesian_streamer]: Runtime rate: state=streaming, tick_hz=15.0, queue_send_hz=14.4, ack_hz=14.4, busy_hz=0.0, retry_count=0, reject_count=0, inter_ack_ms=69.5, max_joint_delta=0.042, cumul_time=39.84s, hold_count=0
[INFO] [1779789796.660627414] [cartesian_streamer]: QueueTrajPoint accepted #860: t=41.037s, hold=False
[INFO] [1779789797.226275206] [cartesian_streamer]: IK OK → Δmax=0.0113 rad, joints: [1.176, 0.034, -0.274, 0.016, -1.339, 0.362]
[INFO] [1779789798.048986932] [cartesian_streamer]: QueueTrajPoint accepted #880: t=42.437s, hold=False
[INFO] [1779789799.226545653] [cartesian_streamer]: IK OK → Δmax=0.0170 rad, joints: [1.253, -0.119, -0.632, 0.010, -1.134, 0.285]
[INFO] [1779789799.454640411] [cartesian_streamer]: QueueTrajPoint accepted #900: t=43.841s, hold=False
[INFO] [1779789800.564657565] [cartesian_streamer]: Runtime rate: state=streaming, tick_hz=15.0, queue_send_hz=14.2, ack_hz=14.2, busy_hz=0.0, retry_count=0, reject_count=0, inter_ack_ms=70.5, max_joint_delta=0.035, cumul_time=44.91s, hold_count=0
[INFO] [1779789800.766786062] [cartesian_streamer]: QueueTrajPoint accepted #920: t=45.175s, hold=False
[INFO] [1779789801.295768510] [cartesian_streamer]: IK OK → Δmax=0.0383 rad, joints: [1.309, -0.014, -0.495, 0.005, -1.166, 0.231]
[INFO] [1779789802.310687710] [cartesian_streamer]: QueueTrajPoint accepted #940: t=46.704s, hold=False
[INFO] [1779789803.296759644] [cartesian_streamer]: IK OK → Δmax=0.0147 rad, joints: [1.205, 0.231, -0.012, 0.013, -1.405, 0.334]
[INFO] [1779789803.650762956] [cartesian_streamer]: QueueTrajPoint accepted #960: t=48.042s, hold=False
[INFO] [1779789804.224460118] [cartesian_streamer]: IK delta clamped → joints: [1.201, 0.418, 0.277, 0.013, -1.510, 0.339]
[INFO] [1779789805.304699459] [cartesian_streamer]: QueueTrajPoint accepted #980: t=49.705s, hold=False
[INFO] [1779789805.370574079] [cartesian_streamer]: IK OK → Δmax=0.0139 rad, joints: [1.198, 0.593, 0.580, 0.014, -1.635, 0.344]
[INFO] [1779789805.629485641] [cartesian_streamer]: Runtime rate: state=streaming, tick_hz=15.0, queue_send_hz=13.4, ack_hz=13.2, busy_hz=0.0, retry_count=0, reject_count=0, inter_ack_ms=74.4, max_joint_delta=0.070, cumul_time=49.98s, hold_count=0
[INFO] [1779789806.855317879] [cartesian_streamer]: QueueTrajPoint accepted #1000: t=51.239s, hold=False
[INFO] [1779789807.423501637] [cartesian_streamer]: IK OK → Δmax=0.0213 rad, joints: [1.194, 0.752, 0.655, 0.014, -1.551, 0.347]
[INFO] [1779789808.383880117] [cartesian_streamer]: QueueTrajPoint accepted #1020: t=52.788s, hold=False
[INFO] [1779789809.423831391] [cartesian_streamer]: IK OK → Δmax=0.0205 rad, joints: [1.285, 0.747, 0.211, 0.008, -1.112, 0.253]
[INFO] [1779789809.987433012] [cartesian_streamer]: QueueTrajPoint accepted #1040: t=54.372s, hold=False
[INFO] [1779789810.690123121] [cartesian_streamer]: Runtime rate: state=streaming, tick_hz=15.0, queue_send_hz=13.0, ack_hz=13.2, busy_hz=0.0, retry_count=0, reject_count=0, inter_ack_ms=76.7, max_joint_delta=0.060, cumul_time=55.04s, hold_count=0
[INFO] [1779789811.424388957] [cartesian_streamer]: IK OK → Δmax=0.0033 rad, joints: [1.304, 0.603, -0.251, 0.008, -0.794, 0.232]
[INFO] [1779789811.425646097] [cartesian_streamer]: QueueTrajPoint accepted #1060: t=55.712s, hold=False
[INFO] [1779789812.879168473] [cartesian_streamer]: QueueTrajPoint accepted #1080: t=57.171s, hold=False
[INFO] [1779789813.489381696] [cartesian_streamer]: IK OK → Δmax=0.0199 rad, joints: [1.365, 0.427, -0.173, 0.001, -1.049, 0.177]
[INFO] [1779789814.242998572] [cartesian_streamer]: QueueTrajPoint accepted #1100: t=58.637s, hold=False
[INFO] [1779789815.557893281] [cartesian_streamer]: IK OK → Δmax=0.0082 rad, joints: [1.321, 0.283, 0.027, 0.004, -1.392, 0.220]
[INFO] [1779789815.745091817] [cartesian_streamer]: QueueTrajPoint accepted #1120: t=60.041s, hold=False
[INFO] [1779789815.757143538] [cartesian_streamer]: Runtime rate: state=streaming, tick_hz=15.0, queue_send_hz=13.8, ack_hz=13.8, busy_hz=0.0, retry_count=0, reject_count=0, inter_ack_ms=72.9, max_joint_delta=0.046, cumul_time=60.04s, hold_count=0
[INFO] [1779789817.178339804] [cartesian_streamer]: QueueTrajPoint accepted #1140: t=61.570s, hold=False
[INFO] [1779789817.622924823] [cartesian_streamer]: IK OK → Δmax=0.0255 rad, joints: [1.201, -0.063, -0.346, 0.014, -1.364, 0.338]
[INFO] [1779789818.632087070] [cartesian_streamer]: QueueTrajPoint accepted #1160: t=63.037s, hold=False
[INFO] [1779789819.626156120] [cartesian_streamer]: IK OK → Δmax=0.0070 rad, joints: [1.219, -0.127, -0.532, 0.013, -1.242, 0.318]
[INFO] [1779789820.437934771] [cartesian_streamer]: QueueTrajPoint accepted #1180: t=64.835s, hold=False
[INFO] [1779789820.822905356] [cartesian_streamer]: Runtime rate: state=streaming, tick_hz=15.0, queue_send_hz=12.8, ack_hz=12.6, busy_hz=0.0, retry_count=0, reject_count=0, inter_ack_ms=77.6, max_joint_delta=0.028, cumul_time=65.17s, hold_count=0
[INFO] [1779789821.689610346] [cartesian_streamer]: IK OK → Δmax=0.0394 rad, joints: [1.278, 0.075, -0.227, 0.008, -1.345, 0.262]
[INFO] [1779789822.042736805] [cartesian_streamer]: QueueTrajPoint accepted #1200: t=66.431s, hold=False
[INFO] [1779789823.379785744] [cartesian_streamer]: QueueTrajPoint accepted #1220: t=67.765s, hold=False
[INFO] [1779789823.690978330] [cartesian_streamer]: IK OK → Δmax=0.0178 rad, joints: [1.378, 0.364, 0.243, -0.000, -1.528, 0.163]
[INFO] [1779789824.776271930] [cartesian_streamer]: QueueTrajPoint accepted #1240: t=69.169s, hold=False
[INFO] [1779789825.758299230] [cartesian_streamer]: IK OK → Δmax=0.0112 rad, joints: [1.419, 0.635, 0.581, -0.004, -1.594, 0.123]
[INFO] [1779789825.888042423] [cartesian_streamer]: Runtime rate: state=streaming, tick_hz=15.0, queue_send_hz=13.8, ack_hz=14.0, busy_hz=0.0, retry_count=0, reject_count=0, inter_ack_ms=72.2, max_joint_delta=0.056, cumul_time=70.23s, hold_count=0
[INFO] [1779789826.184687648] [cartesian_streamer]: QueueTrajPoint accepted #1260: t=70.566s, hold=False
[INFO] [1779789827.727719543] [cartesian_streamer]: QueueTrajPoint accepted #1280: t=72.098s, hold=False
[INFO] [1779789827.824271365] [cartesian_streamer]: IK OK → Δmax=0.0096 rad, joints: [1.408, 0.896, 0.806, -0.003, -1.559, 0.134]
[INFO] [1779789829.438270367] [cartesian_streamer]: QueueTrajPoint accepted #1300: t=73.816s, hold=False
[INFO] [1779789829.828689330] [cartesian_streamer]: IK OK → Δmax=0.0150 rad, joints: [1.387, 0.933, 0.586, -0.001, -1.301, 0.156]
[INFO] [1779789830.223496889] [cartesian_streamer]: IK delta clamped → joints: [1.393, 0.889, 0.457, -0.002, -1.214, 0.150]
[INFO] [1779789830.954748657] [cartesian_streamer]: Runtime rate: state=streaming, tick_hz=15.0, queue_send_hz=12.6, ack_hz=12.6, busy_hz=0.0, retry_count=0, reject_count=0, inter_ack_ms=79.4, max_joint_delta=0.070, cumul_time=75.28s, hold_count=0
[INFO] [1779789830.982924323] [cartesian_streamer]: QueueTrajPoint accepted #1320: t=75.350s, hold=False
[INFO] [1779789831.889347672] [cartesian_streamer]: IK OK → Δmax=0.0054 rad, joints: [1.402, 0.779, 0.209, -0.003, -1.079, 0.141]
[WARN] [1779789832.498273978] [cartesian_streamer]: Queue BUSY, sẽ resend (backoff 66ms): msg="Busy processing the previous trajectory point. Please resend the next point shortly"
[INFO] [1779789832.695789563] [cartesian_streamer]: QueueTrajPoint accepted #1340: t=76.880s, hold=False
[INFO] [1779789833.893003022] [cartesian_streamer]: IK OK → Δmax=0.0088 rad, joints: [1.359, 0.636, 0.272, 0.001, -1.285, 0.183]
[INFO] [1779789834.178290584] [cartesian_streamer]: QueueTrajPoint accepted #1360: t=78.349s, hold=False
[INFO] [1779789835.894754676] [cartesian_streamer]: IK OK → Δmax=0.0146 rad, joints: [1.326, 0.298, -0.006, 0.004, -1.344, 0.215]
[INFO] [1779789835.936198131] [cartesian_streamer]: QueueTrajPoint accepted #1380: t=80.018s, hold=False
[INFO] [1779789835.956775411] [cartesian_streamer]: Runtime rate: state=streaming, tick_hz=15.0, queue_send_hz=12.4, ack_hz=12.2, busy_hz=0.2, retry_count=1, reject_count=0, inter_ack_ms=82.2, max_joint_delta=0.044, cumul_time=80.02s, hold_count=0
[INFO] [1779789837.310811787] [cartesian_streamer]: QueueTrajPoint accepted #1400: t=81.413s, hold=False
[INFO] [1779789837.955632601] [cartesian_streamer]: IK OK → Δmax=0.0131 rad, joints: [1.249, 0.006, -0.381, 0.010, -1.261, 0.289]
[INFO] [1779789838.908524601] [cartesian_streamer]: QueueTrajPoint accepted #1420: t=82.942s, hold=False
[INFO] [1779789839.388439476] [cartesian_streamer]: Disable Robot: dừng stream, tắt traj mode...
[INFO] [1779789839.389525429] [cartesian_streamer]: ✗ Robot DISABLED.
[INFO] [1779791061.212707489] [cartesian_streamer]: Graceful shutdown: tắt Point Queue Mode trước khi thoát...
[INFO] [1779791061.213718941] [cartesian_streamer]: Robot chưa enable, không cần stop_traj_mode.
[INFO] [1779791061.214706265] [cartesian_streamer]: Shutdown hoàn tất. Tủ điện sẽ KHÔNG bị alarm.
