[INFO] [1781243562.960872230] [coord_transform]: CoordTransformNode khởi động.
  Object offset (cam frame): [0.05 0.   0.1 ]
  Translation cam→base:      [0.5 0.  1.2]
  EE orientation (xyzw):     [0.0, 1.0, 0.0, 0.0]
  Prediction step:           5
  Axis remap:                [0, 1, 2]
  Axis sign:                 [-1.0, 1.0, 1.0]
  Workspace X: (-1.0, 1.0), Y: (-0.5, 1.3), Z: (0.05, 1.5)
  Filter outlier_threshold:  0.15m
  Filter median_size_y:      3
  Filter deadband_tol:       15.0mm
  Filter stationary_thresh:  3 frames
  Filter max_rate:           5.0cm/frame
  Filter EMA moving(x,y,z):  (1.0,1.0,1.0)
  Filter EMA hold  (x,y,z):  (0.08,0.02,0.05)
[WARN] [1781243580.460160770] [coord_transform]: Outlier rejected #1 (jumped 2138.8mm). Ignoring.
[WARN] [1781243580.493350552] [coord_transform]: Outlier rejected #2 (jumped 2152.8mm). Ignoring.
[WARN] [1781243580.529424836] [coord_transform]: Outlier rejected #3 (jumped 2160.9mm). Ignoring.
[WARN] [1781243580.558713513] [coord_transform]: Outlier rejected #4 (jumped 2153.0mm). Ignoring.
[INFO] [1781243580.593716437] [coord_transform]: Too many outliers (5). Resetting filter to new position.
[WARN] [1781243597.017644195] [coord_transform]: Chưa nhận được vị trí hiện tại của robot từ /cartesian_streamer/current_pose
[INFO] [1781243607.007351761] [coord_transform]: Trạng thái tracking: RUNNING
[INFO] [1781243650.862938612] [coord_transform]: Trạng thái tracking: STOPPED
[INFO] [1781243662.393067306] [coord_transform]: Trạng thái tracking: STOPPED
[WARN] [1781243679.896275323] [coord_transform]: Outlier rejected #1 (jumped 199.2mm). Ignoring.
[WARN] [1781243680.044250604] [coord_transform]: Outlier rejected #1 (jumped 366.9mm). Ignoring.
[WARN] [1781243680.080387047] [coord_transform]: Outlier rejected #2 (jumped 404.8mm). Ignoring.
[WARN] [1781243680.115191308] [coord_transform]: Outlier rejected #3 (jumped 395.7mm). Ignoring.
[WARN] [1781243680.148397955] [coord_transform]: Outlier rejected #4 (jumped 400.7mm). Ignoring.
[INFO] [1781243680.194331222] [coord_transform]: Too many outliers (5). Resetting filter to new position.
[WARN] [1781243681.005932010] [coord_transform]: Outlier rejected #1 (jumped 158.3mm). Ignoring.
[WARN] [1781243681.195859876] [coord_transform]: Outlier rejected #1 (jumped 200.3mm). Ignoring.
[WARN] [1781243681.229690092] [coord_transform]: Outlier rejected #2 (jumped 210.0mm). Ignoring.
[WARN] [1781243681.304054059] [coord_transform]: Outlier rejected #3 (jumped 257.6mm). Ignoring.
[WARN] [1781243681.400867754] [coord_transform]: Outlier rejected #4 (jumped 246.9mm). Ignoring.
[INFO] [1781243681.439788934] [coord_transform]: Too many outliers (5). Resetting filter to new position.
[WARN] [1781243710.991100226] [coord_transform]: Outlier rejected #1 (jumped 410.6mm). Ignoring.
[WARN] [1781243711.016937469] [coord_transform]: Outlier rejected #2 (jumped 414.2mm). Ignoring.
[WARN] [1781243711.049991301] [coord_transform]: Outlier rejected #3 (jumped 392.8mm). Ignoring.
[WARN] [1781243711.093205321] [coord_transform]: Outlier rejected #4 (jumped 393.4mm). Ignoring.
[INFO] [1781243711.118931661] [coord_transform]: Too many outliers (5). Resetting filter to new position.
[WARN] [1781243713.556190683] [coord_transform]: Outlier rejected #1 (jumped 828.5mm). Ignoring.
[WARN] [1781243713.588215003] [coord_transform]: Outlier rejected #2 (jumped 870.2mm). Ignoring.
[WARN] [1781243713.621571244] [coord_transform]: Outlier rejected #3 (jumped 942.0mm). Ignoring.
[WARN] [1781243713.656386045] [coord_transform]: Outlier rejected #4 (jumped 1020.0mm). Ignoring.
[INFO] [1781243713.689085993] [coord_transform]: Too many outliers (5). Resetting filter to new position.
[INFO] [1781243723.351226625] [coord_transform]: Trạng thái tracking: RUNNING
[INFO] [1781243757.611594841] [coord_transform]: Trạng thái tracking: STOPPED
[INFO] [1781243763.777948476] [coord_transform]: Trạng thái tracking: STOPPED
[INFO] [1781243782.313333706] [coord_transform]: Trạng thái tracking: RUNNING
[WARN] [1781243796.843759495] [coord_transform]: Outlier rejected #1 (jumped 215.6mm). Ignoring.
[INFO] [1781243801.503163978] [coord_transform]: Trạng thái tracking: STOPPED
[INFO] [1781243805.872331040] [coord_transform]: Trạng thái tracking: STOPPED
[INFO] [1781243807.427722259] [coord_transform]: Trạng thái tracking: STOPPED
[INFO] [1781243813.819688767] [coord_transform]: Trạng thái tracking: STOPPED
[WARN] [1781243821.866903110] [coord_transform]: Outlier rejected #1 (jumped 151.2mm). Ignoring.
[WARN] [1781243821.899493859] [coord_transform]: Outlier rejected #2 (jumped 203.0mm). Ignoring.
[WARN] [1781243821.928676993] [coord_transform]: Outlier rejected #3 (jumped 328.3mm). Ignoring.
[WARN] [1781243821.968998295] [coord_transform]: Outlier rejected #4 (jumped 286.9mm). Ignoring.
[INFO] [1781243822.002219737] [coord_transform]: Too many outliers (5). Resetting filter to new position.
[WARN] [1781243823.332528713] [coord_transform]: Outlier rejected #1 (jumped 164.5mm). Ignoring.
[WARN] [1781243823.365499226] [coord_transform]: Outlier rejected #2 (jumped 177.1mm). Ignoring.
[WARN] [1781243823.406453301] [coord_transform]: Outlier rejected #3 (jumped 205.5mm). Ignoring.
[WARN] [1781243823.455316012] [coord_transform]: Outlier rejected #4 (jumped 220.7mm). Ignoring.
[INFO] [1781243823.488825221] [coord_transform]: Too many outliers (5). Resetting filter to new position.
[WARN] [1781243825.983847169] [coord_transform]: Outlier rejected #1 (jumped 2255.3mm). Ignoring.
[WARN] [1781243826.008525382] [coord_transform]: Outlier rejected #2 (jumped 2433.3mm). Ignoring.
[WARN] [1781243826.038660769] [coord_transform]: Outlier rejected #3 (jumped 2595.5mm). Ignoring.
