[INFO] [1786264810.927491005] [motoros2_mock]: ╔══════════════════════════════════════════════╗
║   MotoROS2 Mock Node — Simulation Mode      ║
║   Tất cả /* services đã sẵn sàng            ║
║   (node_namespace="" — không prefix)         ║
╚══════════════════════════════════════════════╝
[INFO] [1786265101.916137899] [motoros2_mock]: ✓ StartPointQueueMode → READY (mock)
[INFO] [1786265101.948250718] [motoros2_mock]: QueueTrajPoint #1 → forwarded to JTC. joints=[1.571, 0.124, -1.049, 0.000, -0.398, -1.444]
[INFO] [1786265102.007961195] [motoros2_mock]: QueueTrajPoint #2 → forwarded to JTC. joints=[1.571, 0.124, -1.049, 0.000, -0.398, -1.444]
[INFO] [1786265102.074646479] [motoros2_mock]: QueueTrajPoint #3 → forwarded to JTC. joints=[1.571, 0.124, -1.049, 0.000, -0.398, -1.444]
[INFO] [1786265105.210387317] [motoros2_mock]: QueueTrajPoint #50 → forwarded to JTC. joints=[1.766, 0.110, -0.847, -0.000, -0.614, -1.639]
[INFO] [1786265108.552967806] [motoros2_mock]: QueueTrajPoint #100 → forwarded to JTC. joints=[1.602, 0.137, -0.501, -0.000, -0.934, -1.475]
[INFO] [1786265111.876528946] [motoros2_mock]: QueueTrajPoint #150 → forwarded to JTC. joints=[1.586, 0.536, 0.251, -0.000, -1.286, -1.459]
[INFO] [1786265115.212843550] [motoros2_mock]: QueueTrajPoint #200 → forwarded to JTC. joints=[1.555, 0.771, 0.514, 0.000, -1.314, -1.428]
[INFO] [1786265118.545527327] [motoros2_mock]: QueueTrajPoint #250 → forwarded to JTC. joints=[1.538, 0.742, 0.435, 0.000, -1.264, -1.410]
[INFO] [1786265121.876606805] [motoros2_mock]: QueueTrajPoint #300 → forwarded to JTC. joints=[1.497, 0.281, -0.158, 0.000, -1.133, -1.369]
[INFO] [1786265125.212661125] [motoros2_mock]: QueueTrajPoint #350 → forwarded to JTC. joints=[1.671, 0.048, -0.747, -0.000, -0.777, -1.544]
[INFO] [1786265128.545672406] [motoros2_mock]: QueueTrajPoint #400 → forwarded to JTC. joints=[1.831, 0.500, 0.172, -0.000, -1.243, -1.704]
[INFO] [1786265132.657016594] [motoros2_mock]: QueueTrajPoint #450 → forwarded to JTC. joints=[1.983, 0.947, 1.050, -0.000, -1.710, -1.856]
[INFO] [1786265136.618023170] [motoros2_mock]: QueueTrajPoint #500 → forwarded to JTC. joints=[1.875, 0.735, 0.721, -0.000, -1.557, -1.748]
[INFO] [1786265139.945717452] [motoros2_mock]: QueueTrajPoint #550 → forwarded to JTC. joints=[1.704, 0.433, 0.322, -0.000, -1.461, -1.576]
[INFO] [1786265143.277966341] [motoros2_mock]: QueueTrajPoint #600 → forwarded to JTC. joints=[1.216, 0.009, -0.738, 0.000, -0.824, -1.089]
[INFO] [1786265146.610473202] [motoros2_mock]: QueueTrajPoint #650 → forwarded to JTC. joints=[1.095, -0.024, -0.760, 0.000, -0.836, -0.968]
[INFO] [1786265149.946268070] [motoros2_mock]: QueueTrajPoint #700 → forwarded to JTC. joints=[1.852, 0.435, 0.001, -0.000, -1.138, -1.725]
[INFO] [1786265153.276785855] [motoros2_mock]: QueueTrajPoint #750 → forwarded to JTC. joints=[1.889, 0.486, 0.021, -0.000, -1.106, -1.762]
[INFO] [1786265156.610084804] [motoros2_mock]: QueueTrajPoint #800 → forwarded to JTC. joints=[1.520, 0.431, 0.310, 0.000, -1.450, -1.393]
[INFO] [1786265159.945212610] [motoros2_mock]: QueueTrajPoint #850 → forwarded to JTC. joints=[1.152, 0.241, -0.048, 0.000, -1.282, -1.025]
[INFO] [1786265163.278363218] [motoros2_mock]: QueueTrajPoint #900 → forwarded to JTC. joints=[1.010, 0.182, -0.191, 0.000, -1.198, -0.883]
[INFO] [1786265166.611918326] [motoros2_mock]: QueueTrajPoint #950 → forwarded to JTC. joints=[1.500, 0.152, -0.375, 0.000, -1.045, -1.373]
[INFO] [1786265353.191067268] [motoros2_mock]: MotoROS2 Mock Node shutdown.
