[INFO] [1779938797.034562094] [motoros2_mock]: ╔══════════════════════════════════════════════╗
║   MotoROS2 Mock Node — Simulation Mode      ║
║   Tất cả /* services đã sẵn sàng            ║
║   (node_namespace="" — không prefix)         ║
╚══════════════════════════════════════════════╝
[INFO] [1779938826.783541676] [motoros2_mock]: ✓ StartPointQueueMode → READY (mock)
[INFO] [1779938826.857899508] [motoros2_mock]: QueueTrajPoint #1 → forwarded to JTC. joints=[1.571, 0.075, -1.049, -0.030, -0.523, -0.002]
[INFO] [1779938826.920570141] [motoros2_mock]: QueueTrajPoint #2 → forwarded to JTC. joints=[1.571, 0.075, -1.049, -0.030, -0.523, -0.002]
[INFO] [1779938826.987890556] [motoros2_mock]: QueueTrajPoint #3 → forwarded to JTC. joints=[1.571, 0.075, -1.049, -0.030, -0.523, -0.002]
[INFO] [1779938830.120586376] [motoros2_mock]: QueueTrajPoint #50 → forwarded to JTC. joints=[1.571, 0.075, -1.049, -0.030, -0.523, -0.002]
[INFO] [1779938833.455481574] [motoros2_mock]: QueueTrajPoint #100 → forwarded to JTC. joints=[1.571, 0.075, -1.049, -0.030, -0.523, -0.002]
[INFO] [1779938836.791238677] [motoros2_mock]: QueueTrajPoint #150 → forwarded to JTC. joints=[1.617, 0.061, -0.570, -0.022, -1.015, -0.063]
[INFO] [1779938840.123669770] [motoros2_mock]: QueueTrajPoint #200 → forwarded to JTC. joints=[1.718, 0.666, 0.209, -0.028, -1.187, -0.164]
[INFO] [1779938843.456436201] [motoros2_mock]: QueueTrajPoint #250 → forwarded to JTC. joints=[1.757, 0.532, -0.075, -0.034, -1.036, -0.197]
[INFO] [1779938846.791606305] [motoros2_mock]: QueueTrajPoint #300 → forwarded to JTC. joints=[1.626, 0.003, -0.664, -0.023, -0.979, -0.071]
[INFO] [1779938850.122460812] [motoros2_mock]: QueueTrajPoint #350 → forwarded to JTC. joints=[1.571, 0.075, -1.049, -0.030, -0.523, -0.002]
[INFO] [1779938853.455160053] [motoros2_mock]: QueueTrajPoint #400 → forwarded to JTC. joints=[1.585, 0.077, -1.046, -0.033, -0.523, -0.014]
[INFO] [1779938856.792108245] [motoros2_mock]: QueueTrajPoint #450 → forwarded to JTC. joints=[1.607, -0.026, -0.710, -0.022, -0.962, -0.052]
[INFO] [1779938860.123341003] [motoros2_mock]: QueueTrajPoint #500 → forwarded to JTC. joints=[1.846, 0.608, 0.061, -0.040, -1.093, -0.284]
[INFO] [1779938863.456460881] [motoros2_mock]: QueueTrajPoint #550 → forwarded to JTC. joints=[1.715, 0.437, -0.055, -0.028, -1.152, -0.161]
[INFO] [1779938866.789532578] [motoros2_mock]: QueueTrajPoint #600 → forwarded to JTC. joints=[1.350, 0.264, -0.401, 0.002, -0.984, 0.191]
[INFO] [1779938870.122702387] [motoros2_mock]: QueueTrajPoint #650 → forwarded to JTC. joints=[1.379, 0.307, -0.323, -0.001, -1.018, 0.163]
[INFO] [1779938873.457924925] [motoros2_mock]: QueueTrajPoint #700 → forwarded to JTC. joints=[1.334, 0.254, -0.402, 0.004, -0.993, 0.205]
[INFO] [1779938876.790562921] [motoros2_mock]: QueueTrajPoint #750 → forwarded to JTC. joints=[1.422, -0.031, -0.686, -0.004, -0.994, 0.123]
[INFO] [1779938880.123030520] [motoros2_mock]: QueueTrajPoint #800 → forwarded to JTC. joints=[1.529, -0.095, -0.957, -0.017, -0.786, 0.025]
[INFO] [1779938883.457602123] [motoros2_mock]: QueueTrajPoint #850 → forwarded to JTC. joints=[1.765, 0.307, -0.371, -0.036, -0.964, -0.202]
[INFO] [1779938886.790649493] [motoros2_mock]: QueueTrajPoint #900 → forwarded to JTC. joints=[1.662, 0.422, -0.205, -0.026, -1.019, -0.106]
[INFO] [1779938890.123196656] [motoros2_mock]: QueueTrajPoint #950 → forwarded to JTC. joints=[2.012, 0.290, -0.579, -0.067, -0.765, -0.420]
[INFO] [1779938896.305609528] [motoros2_mock]: MotoROS2 Mock Node shutdown.
