[INFO] [1781250672.769016613] [experiment_logger]: ✓ STARTED in-memory logging. Target file: /home/duy/cocarry_ws/cocarry_logs/experiment_GROUND_TRUTH_20260612_145112.csv
[INFO] [1781250672.779489990] [experiment_logger]: Logger ready.
[INFO] [1781250755.117535058] [experiment_logger]: Service called: /logger/toggle with data=True
[INFO] [1781250804.208190959] [experiment_logger]: Service called: /logger/toggle with data=False
[INFO] [1781250804.208845245] [experiment_logger]: Writing 3448 rows from memory to /home/duy/cocarry_ws/cocarry_logs/experiment_GROUND_TRUTH_20260612_145112.csv...
[INFO] [1781250804.221762948] [experiment_logger]: ✓ Successfully wrote logs to disk.
[INFO] [1781250804.222719793] [experiment_logger]: Stopped logging. Saved 3448 rows to /home/duy/cocarry_ws/cocarry_logs/experiment_GROUND_TRUTH_20260612_145112.csv
[INFO] [1781250804.240483911] [experiment_logger]: 
============================================================
EXPERIMENT METRICS
  File: experiment_GROUND_TRUTH_20260612_145112.csv
  Total samples: 2249
  Task completion time: 131.47 s
  Mode: GROUND TRUTH (no prediction metrics)
  --- Trajectory Smoothness (Robot EE) ---
  Mean Jerk (3D): 13.4247 m/s³
      Jerk X: 4.5052 m/s³
      Jerk Y: 10.4937 m/s³
      Jerk Z: 4.1003 m/s³
  Max Jerk (3D): 226.4847 m/s³
  RMS Jerk (3D): 23.4856 m/s³
============================================================
[INFO] [1781250856.134194012] [experiment_logger]: Service called: /logger/toggle with data=True
[INFO] [1781250856.134723028] [experiment_logger]: ✓ STARTED in-memory logging. Target file: /home/duy/cocarry_ws/cocarry_logs/experiment_GROUND_TRUTH_20260612_145416.csv
[INFO] [1781250918.860482225] [experiment_logger]: Service called: /logger/toggle with data=False
[INFO] [1781250918.861069803] [experiment_logger]: Writing 1864 rows from memory to /home/duy/cocarry_ws/cocarry_logs/experiment_GROUND_TRUTH_20260612_145416.csv...
[INFO] [1781250918.869917150] [experiment_logger]: ✓ Successfully wrote logs to disk.
[INFO] [1781250918.871233578] [experiment_logger]: Stopped logging. Saved 1864 rows to /home/duy/cocarry_ws/cocarry_logs/experiment_GROUND_TRUTH_20260612_145416.csv
[INFO] [1781250918.885086092] [experiment_logger]: 
============================================================
EXPERIMENT METRICS
  File: experiment_GROUND_TRUTH_20260612_145416.csv
  Total samples: 1864
  Task completion time: 62.73 s
  Mode: GROUND TRUTH (no prediction metrics)
  --- Trajectory Smoothness (Robot EE) ---
  Mean Jerk (3D): 15.9820 m/s³
      Jerk X: 4.2594 m/s³
      Jerk Y: 13.6421 m/s³
      Jerk Z: 5.0565 m/s³
  Max Jerk (3D): 108.6365 m/s³
  RMS Jerk (3D): 26.5391 m/s³
============================================================
