[INFO] [1781086722.334415390] [motoros2_mock]: ╔══════════════════════════════════════════════╗
║   MotoROS2 Mock Node — Simulation Mode      ║
║   Tất cả /* services đã sẵn sàng            ║
║   (node_namespace="" — không prefix)         ║
╚══════════════════════════════════════════════╝
[INFO] [1781086777.850398902] [motoros2_mock]: ✓ StartPointQueueMode → READY (mock)
[INFO] [1781086777.857847767] [motoros2_mock]: ✓ StartPointQueueMode → READY (mock)
[INFO] [1781086777.869031458] [motoros2_mock]: QueueTrajPoint #1 → forwarded to JTC. joints=[1.571, 0.075, -1.049, -0.030, -0.523, -0.002]
[INFO] [1781086777.882510795] [motoros2_mock]: QueueTrajPoint #2 → forwarded to JTC. joints=[1.571, 0.075, -1.049, -0.030, -0.523, -0.002]
[INFO] [1781086777.924950868] [motoros2_mock]: QueueTrajPoint #3 → forwarded to JTC. joints=[1.571, 0.075, -1.049, -0.030, -0.523, -0.002]
[INFO] [1781086779.396025243] [motoros2_mock]: QueueTrajPoint #50 → forwarded to JTC. joints=[1.346, 0.025, -1.057, 0.004, -0.567, 0.192]
[INFO] [1781086780.946800081] [motoros2_mock]: QueueTrajPoint #100 → forwarded to JTC. joints=[1.346, 0.025, -1.057, 0.004, -0.567, 0.192]
[INFO] [1781086782.526262171] [motoros2_mock]: QueueTrajPoint #150 → forwarded to JTC. joints=[1.344, -0.000, -1.033, -0.016, -0.565, 0.193]
[INFO] [1781086784.086406712] [motoros2_mock]: QueueTrajPoint #200 → forwarded to JTC. joints=[1.397, -0.033, -0.844, -0.003, -0.838, 0.146]
[INFO] [1781086785.661620210] [motoros2_mock]: QueueTrajPoint #250 → forwarded to JTC. joints=[1.447, 0.048, -0.647, -0.029, -0.893, 0.081]
[INFO] [1781086787.222039849] [motoros2_mock]: QueueTrajPoint #300 → forwarded to JTC. joints=[1.484, 0.294, -0.235, -0.010, -1.118, 0.063]
[INFO] [1781086788.798392430] [motoros2_mock]: QueueTrajPoint #350 → forwarded to JTC. joints=[1.479, 0.537, 0.032, -0.025, -1.123, 0.083]
[INFO] [1781086790.353393890] [motoros2_mock]: QueueTrajPoint #400 → forwarded to JTC. joints=[1.449, 0.515, -0.045, -0.007, -1.088, 0.096]
[INFO] [1781086791.939088746] [motoros2_mock]: QueueTrajPoint #450 → forwarded to JTC. joints=[1.628, 0.333, -0.660, -0.010, -0.626, -0.024]
[INFO] [1781086793.530854023] [motoros2_mock]: QueueTrajPoint #500 → forwarded to JTC. joints=[1.334, 0.263, -0.531, 0.011, -0.875, 0.187]
[INFO] [1781086795.085402948] [motoros2_mock]: QueueTrajPoint #550 → forwarded to JTC. joints=[1.054, 0.082, -0.949, 0.042, -0.614, 0.452]
[INFO] [1781086796.660646455] [motoros2_mock]: QueueTrajPoint #600 → forwarded to JTC. joints=[0.652, -0.059, -1.121, 0.078, -0.554, 0.826]
[INFO] [1781086798.270161869] [motoros2_mock]: QueueTrajPoint #650 → forwarded to JTC. joints=[0.939, -0.104, -0.976, 0.027, -0.729, 0.557]
[INFO] [1781086799.821734528] [motoros2_mock]: QueueTrajPoint #700 → forwarded to JTC. joints=[1.226, 0.132, -0.583, 0.014, -0.932, 0.307]
[INFO] [1781086801.396106226] [motoros2_mock]: QueueTrajPoint #750 → forwarded to JTC. joints=[1.259, 0.368, -0.338, -0.016, -0.914, 0.304]
[INFO] [1781086803.006054530] [motoros2_mock]: QueueTrajPoint #800 → forwarded to JTC. joints=[1.426, 0.335, -0.291, 0.008, -1.041, 0.147]
[INFO] [1781086804.559115563] [motoros2_mock]: QueueTrajPoint #850 → forwarded to JTC. joints=[1.380, 0.370, -0.228, -0.001, -1.050, 0.162]
[INFO] [1781086806.129615571] [motoros2_mock]: QueueTrajPoint #900 → forwarded to JTC. joints=[1.494, 0.323, -0.412, 0.011, -0.952, 0.083]
[INFO] [1781086807.689626635] [motoros2_mock]: QueueTrajPoint #950 → forwarded to JTC. joints=[1.644, 0.351, -0.443, -0.028, -0.851, -0.083]
[INFO] [1781086809.266477061] [motoros2_mock]: QueueTrajPoint #1000 → forwarded to JTC. joints=[1.726, 0.388, -0.349, -0.012, -0.928, -0.143]
[INFO] [1781086810.818963788] [motoros2_mock]: QueueTrajPoint #1050 → forwarded to JTC. joints=[1.709, 0.473, -0.188, -0.031, -0.983, -0.149]
[INFO] [1781086812.396135198] [motoros2_mock]: QueueTrajPoint #1100 → forwarded to JTC. joints=[1.703, 0.290, -0.476, -0.055, -0.858, -0.158]
[INFO] [1781086813.948827043] [motoros2_mock]: QueueTrajPoint #1150 → forwarded to JTC. joints=[1.739, 0.218, -0.565, -0.037, -0.860, -0.172]
[INFO] [1781086815.532378055] [motoros2_mock]: QueueTrajPoint #1200 → forwarded to JTC. joints=[1.733, 0.419, -0.257, -0.011, -0.988, -0.153]
[INFO] [1781086817.093881158] [motoros2_mock]: QueueTrajPoint #1250 → forwarded to JTC. joints=[1.746, 0.290, -0.473, -0.037, -0.880, -0.180]
[INFO] [1781086818.663884035] [motoros2_mock]: QueueTrajPoint #1300 → forwarded to JTC. joints=[1.762, 0.201, -0.581, -0.039, -0.860, -0.190]
[INFO] [1781086820.217306703] [motoros2_mock]: QueueTrajPoint #1350 → forwarded to JTC. joints=[1.728, 0.372, -0.332, -0.033, -0.940, -0.165]
[INFO] [1781086821.803938822] [motoros2_mock]: QueueTrajPoint #1400 → forwarded to JTC. joints=[1.690, 0.449, -0.660, -0.028, -0.626, -0.133]
[INFO] [1781086823.405504685] [motoros2_mock]: QueueTrajPoint #1450 → forwarded to JTC. joints=[1.638, 0.255, -0.439, -0.003, -0.972, -0.062]
[INFO] [1781086824.952707352] [motoros2_mock]: QueueTrajPoint #1500 → forwarded to JTC. joints=[1.425, 0.229, -0.682, -0.006, -0.737, 0.121]
[INFO] [1781086826.529579412] [motoros2_mock]: QueueTrajPoint #1550 → forwarded to JTC. joints=[1.349, 0.093, -0.877, 0.023, -0.698, 0.190]
[INFO] [1781086828.092896297] [motoros2_mock]: QueueTrajPoint #1600 → forwarded to JTC. joints=[1.274, 0.023, -0.798, 0.010, -0.827, 0.261]
[INFO] [1781086829.662567883] [motoros2_mock]: QueueTrajPoint #1650 → forwarded to JTC. joints=[1.228, 0.224, -0.510, 0.001, -0.884, 0.277]
[INFO] [1781086831.219584169] [motoros2_mock]: QueueTrajPoint #1700 → forwarded to JTC. joints=[1.087, 0.337, -0.413, 0.028, -0.896, 0.437]
[INFO] [1781086832.798724369] [motoros2_mock]: QueueTrajPoint #1750 → forwarded to JTC. joints=[1.214, 0.451, -0.224, 0.009, -0.988, 0.344]
[INFO] [1781086834.354580933] [motoros2_mock]: QueueTrajPoint #1800 → forwarded to JTC. joints=[1.377, 0.581, 0.053, -0.000, -1.121, 0.165]
[INFO] [1781086835.930198795] [motoros2_mock]: QueueTrajPoint #1850 → forwarded to JTC. joints=[1.432, 0.489, -0.159, 0.012, -0.999, 0.132]
[INFO] [1781086837.359359643] [motoros2_mock]: MotoROS2 Mock Node shutdown.
