[INFO] [1781083815.401341526] [experiment_logger]: ✓ STARTED in-memory logging. Target file: /home/duy/cocarry_ws/cocarry_logs/experiment_GROUND_TRUTH_20260610_163015.csv
[INFO] [1781083815.470390312] [experiment_logger]: Logger ready.
[INFO] [1781083890.495419371] [experiment_logger]: Writing 385 rows from memory to /home/duy/cocarry_ws/cocarry_logs/experiment_GROUND_TRUTH_20260610_163015.csv...
[INFO] [1781083890.499879225] [experiment_logger]: ✓ Successfully wrote logs to disk.
[INFO] [1781083890.502017137] [experiment_logger]: Stopped logging. Saved 385 rows to /home/duy/cocarry_ws/cocarry_logs/experiment_GROUND_TRUTH_20260610_163015.csv
[INFO] [1781083890.512946637] [experiment_logger]: 
============================================================
EXPERIMENT METRICS
  File: experiment_GROUND_TRUTH_20260610_163015.csv
  Total samples: 385
  Task completion time: 75.17 s
  Mode: GROUND TRUTH (no prediction metrics)
  --- Trajectory Smoothness (Robot EE) ---
  Mean Jerk (3D): 209.7409 m/s³
      Jerk X: 71.3636 m/s³
      Jerk Y: 193.4472 m/s³
      Jerk Z: 23.7297 m/s³
  Max Jerk (3D): 6613.9742 m/s³
  RMS Jerk (3D): 572.3774 m/s³
============================================================
