[INFO] [1781246440.094131743] [experiment_logger]: ✓ STARTED in-memory logging. Target file: /home/duy/cocarry_ws/cocarry_logs/experiment_GROUND_TRUTH_20260612_134040.csv
[INFO] [1781246440.107272307] [experiment_logger]: Logger ready.
[INFO] [1781246491.979234761] [experiment_logger]: Service called: /logger/toggle with data=True
[INFO] [1781246516.739701253] [experiment_logger]: Service called: /logger/toggle with data=False
[INFO] [1781246516.740367208] [experiment_logger]: Writing 2032 rows from memory to /home/duy/cocarry_ws/cocarry_logs/experiment_GROUND_TRUTH_20260612_134040.csv...
[INFO] [1781246516.752814820] [experiment_logger]: ✓ Successfully wrote logs to disk.
[INFO] [1781246516.754470815] [experiment_logger]: Stopped logging. Saved 2032 rows to /home/duy/cocarry_ws/cocarry_logs/experiment_GROUND_TRUTH_20260612_134040.csv
[INFO] [1781246516.774689203] [experiment_logger]: 
============================================================
EXPERIMENT METRICS
  File: experiment_GROUND_TRUTH_20260612_134040.csv
  Total samples: 2032
  Task completion time: 76.68 s
  Mode: GROUND TRUTH (no prediction metrics)
  --- Trajectory Smoothness (Robot EE) ---
  Mean Jerk (3D): 9.0227 m/s³
      Jerk X: 1.1425 m/s³
      Jerk Y: 7.9184 m/s³
      Jerk Z: 2.8435 m/s³
  Max Jerk (3D): 146.0353 m/s³
  RMS Jerk (3D): 20.3443 m/s³
============================================================
[INFO] [1781246522.665398151] [experiment_logger]: Service called: /logger/toggle with data=False
[INFO] [1781246539.827437943] [experiment_logger]: Service called: /logger/toggle with data=True
[INFO] [1781246539.827797279] [experiment_logger]: ✓ STARTED in-memory logging. Target file: /home/duy/cocarry_ws/cocarry_logs/experiment_GROUND_TRUTH_20260612_134219.csv
[INFO] [1781246561.940759115] [experiment_logger]: Service called: /logger/toggle with data=False
[INFO] [1781246561.941688078] [experiment_logger]: Writing 659 rows from memory to /home/duy/cocarry_ws/cocarry_logs/experiment_GROUND_TRUTH_20260612_134219.csv...
[INFO] [1781246561.947039459] [experiment_logger]: ✓ Successfully wrote logs to disk.
[INFO] [1781246561.948612580] [experiment_logger]: Stopped logging. Saved 659 rows to /home/duy/cocarry_ws/cocarry_logs/experiment_GROUND_TRUTH_20260612_134219.csv
[INFO] [1781246561.956220715] [experiment_logger]: 
============================================================
EXPERIMENT METRICS
  File: experiment_GROUND_TRUTH_20260612_134219.csv
  Total samples: 659
  Task completion time: 22.11 s
  Mode: GROUND TRUTH (no prediction metrics)
  --- Trajectory Smoothness (Robot EE) ---
  Mean Jerk (3D): 12.7608 m/s³
      Jerk X: 2.2229 m/s³
      Jerk Y: 11.5766 m/s³
      Jerk Z: 2.3021 m/s³
  Max Jerk (3D): 177.0372 m/s³
  RMS Jerk (3D): 24.6510 m/s³
============================================================
[INFO] [1781246564.774877578] [experiment_logger]: Trajectory mode: prediction
[INFO] [1781246576.093087341] [experiment_logger]: Service called: /logger/toggle with data=True
[INFO] [1781246576.093698717] [experiment_logger]: ✓ STARTED in-memory logging. Target file: /home/duy/cocarry_ws/cocarry_logs/experiment_GRU_20260612_134256.csv
[INFO] [1781246588.594101788] [experiment_logger]: Service called: /logger/toggle with data=False
[INFO] [1781246588.594572234] [experiment_logger]: Writing 369 rows from memory to /home/duy/cocarry_ws/cocarry_logs/experiment_GRU_20260612_134256.csv...
[INFO] [1781246588.596822496] [experiment_logger]: ✓ Successfully wrote logs to disk.
[INFO] [1781246588.597229502] [experiment_logger]: Stopped logging. Saved 369 rows to /home/duy/cocarry_ws/cocarry_logs/experiment_GRU_20260612_134256.csv
[INFO] [1781246588.601070754] [experiment_logger]: 
============================================================
EXPERIMENT METRICS
  File: experiment_GRU_20260612_134256.csv
  Total samples: 369
  Task completion time: 12.50 s
  --- Prediction Accuracy (over 369 samples) ---
  Avg Inference Time: 4.59 ms
  Mean Squared Error (MSE): 0.015490 m²
  Mean Absolute Error (MAE - 3D): 0.1087 m
      MAE X: 0.0608 m
      MAE Y: 0.0831 m
      MAE Z: 0.0109 m
  --- Trajectory Smoothness (Robot EE) ---
  Mean Jerk (3D): 13.8196 m/s³
      Jerk X: 4.6460 m/s³
      Jerk Y: 11.1820 m/s³
      Jerk Z: 3.4788 m/s³
  Max Jerk (3D): 136.9111 m/s³
  RMS Jerk (3D): 22.7778 m/s³
============================================================
