[INFO] [1781248077.453783928] [coord_transform]: CoordTransformNode khởi động.
  Object offset (cam frame): [0.05 0.   0.1 ]
  Translation cam→base:      [0.5 0.  1.2]
  EE orientation (xyzw):     [0.0, 1.0, 0.0, 0.0]
  Prediction step:           5
  Axis remap:                [0, 1, 2]
  Axis sign:                 [-1.0, 1.0, 1.0]
  Workspace X: (-1.0, 1.0), Y: (-0.5, 1.3), Z: (0.05, 1.5)
  Filter outlier_threshold:  0.15m
  Filter median_size_y:      3
  Filter deadband_tol:       15.0mm
  Filter stationary_thresh:  3 frames
  Filter max_rate:           5.0cm/frame
  Filter EMA moving(x,y,z):  (1.0,1.0,1.0)
  Filter EMA hold  (x,y,z):  (0.08,0.02,0.05)
[WARN] [1781248086.522311056] [coord_transform]: Outlier rejected #1 (jumped 161.2mm). Ignoring.
[WARN] [1781248086.748594441] [coord_transform]: Outlier rejected #2 (jumped 642.2mm). Ignoring.
[WARN] [1781248086.781465799] [coord_transform]: Outlier rejected #3 (jumped 683.4mm). Ignoring.
[WARN] [1781248086.814368780] [coord_transform]: Outlier rejected #4 (jumped 688.6mm). Ignoring.
[INFO] [1781248086.845982085] [coord_transform]: Too many outliers (5). Resetting filter to new position.
[WARN] [1781248096.789394422] [coord_transform]: Outlier rejected #1 (jumped 940.2mm). Ignoring.
[WARN] [1781248096.829702449] [coord_transform]: Outlier rejected #2 (jumped 941.2mm). Ignoring.
[WARN] [1781248096.862881245] [coord_transform]: Outlier rejected #3 (jumped 942.0mm). Ignoring.
[WARN] [1781248096.893052912] [coord_transform]: Outlier rejected #4 (jumped 942.6mm). Ignoring.
[INFO] [1781248096.927912110] [coord_transform]: Too many outliers (5). Resetting filter to new position.
[WARN] [1781248097.257526722] [coord_transform]: Outlier rejected #1 (jumped 289.9mm). Ignoring.
[WARN] [1781248097.291980676] [coord_transform]: Outlier rejected #2 (jumped 222.1mm). Ignoring.
[WARN] [1781248097.327198913] [coord_transform]: Outlier rejected #3 (jumped 188.2mm). Ignoring.
[WARN] [1781248097.362144397] [coord_transform]: Outlier rejected #4 (jumped 173.8mm). Ignoring.
[INFO] [1781248097.394672283] [coord_transform]: Too many outliers (5). Resetting filter to new position.
[WARN] [1781248097.774924176] [coord_transform]: Outlier rejected #1 (jumped 427.7mm). Ignoring.
[WARN] [1781248097.801284034] [coord_transform]: Outlier rejected #2 (jumped 426.1mm). Ignoring.
[WARN] [1781248097.839197883] [coord_transform]: Outlier rejected #3 (jumped 422.7mm). Ignoring.
[WARN] [1781248097.870343831] [coord_transform]: Outlier rejected #4 (jumped 464.3mm). Ignoring.
[INFO] [1781248097.897546539] [coord_transform]: Too many outliers (5). Resetting filter to new position.
[WARN] [1781248121.013420872] [coord_transform]: Outlier rejected #1 (jumped 717.4mm). Ignoring.
[WARN] [1781248121.047027912] [coord_transform]: Outlier rejected #2 (jumped 728.6mm). Ignoring.
[WARN] [1781248121.090622237] [coord_transform]: Outlier rejected #3 (jumped 722.5mm). Ignoring.
[WARN] [1781248121.134937254] [coord_transform]: Outlier rejected #4 (jumped 722.7mm). Ignoring.
[INFO] [1781248121.161302068] [coord_transform]: Too many outliers (5). Resetting filter to new position.
[WARN] [1781248121.842446354] [coord_transform]: Outlier rejected #1 (jumped 289.3mm). Ignoring.
[WARN] [1781248122.423219920] [coord_transform]: Outlier rejected #2 (jumped 1273.1mm). Ignoring.
[WARN] [1781248122.455508964] [coord_transform]: Outlier rejected #3 (jumped 716.5mm). Ignoring.
[WARN] [1781248122.485770179] [coord_transform]: Outlier rejected #4 (jumped 658.3mm). Ignoring.
[INFO] [1781248122.519431386] [coord_transform]: Too many outliers (5). Resetting filter to new position.
[WARN] [1781248122.587777611] [coord_transform]: Outlier rejected #1 (jumped 240.7mm). Ignoring.
[WARN] [1781248122.619418382] [coord_transform]: Outlier rejected #2 (jumped 595.5mm). Ignoring.
[WARN] [1781248122.656415798] [coord_transform]: Outlier rejected #3 (jumped 588.1mm). Ignoring.
[WARN] [1781248122.684130927] [coord_transform]: Outlier rejected #4 (jumped 564.6mm). Ignoring.
[INFO] [1781248122.718384783] [coord_transform]: Too many outliers (5). Resetting filter to new position.
[WARN] [1781248123.949223101] [coord_transform]: Outlier rejected #1 (jumped 190.4mm). Ignoring.
[WARN] [1781248124.151146935] [coord_transform]: Outlier rejected #1 (jumped 343.1mm). Ignoring.
[WARN] [1781248124.185323569] [coord_transform]: Outlier rejected #2 (jumped 514.3mm). Ignoring.
[WARN] [1781248124.216898877] [coord_transform]: Outlier rejected #3 (jumped 534.6mm). Ignoring.
[WARN] [1781248124.254167909] [coord_transform]: Outlier rejected #4 (jumped 688.6mm). Ignoring.
[INFO] [1781248124.286790407] [coord_transform]: Too many outliers (5). Resetting filter to new position.
[WARN] [1781248124.326802325] [coord_transform]: Outlier rejected #1 (jumped 1049.3mm). Ignoring.
[WARN] [1781248124.357773154] [coord_transform]: Outlier rejected #2 (jumped 1070.0mm). Ignoring.
[WARN] [1781248124.390289760] [coord_transform]: Outlier rejected #3 (jumped 469.0mm). Ignoring.
[WARN] [1781248124.422014102] [coord_transform]: Outlier rejected #4 (jumped 439.8mm). Ignoring.
[INFO] [1781248124.450197790] [coord_transform]: Too many outliers (5). Resetting filter to new position.
[WARN] [1781248124.653045451] [coord_transform]: Outlier rejected #1 (jumped 240.0mm). Ignoring.
[WARN] [1781248125.520413274] [coord_transform]: Outlier rejected #1 (jumped 478.8mm). Ignoring.
[WARN] [1781248125.551626190] [coord_transform]: Outlier rejected #2 (jumped 308.7mm). Ignoring.
[WARN] [1781248125.586011977] [coord_transform]: Outlier rejected #3 (jumped 408.0mm). Ignoring.
[WARN] [1781248129.323050094] [coord_transform]: Outlier rejected #1 (jumped 180.6mm). Ignoring.
[WARN] [1781248133.556001301] [coord_transform]: Outlier rejected #2 (jumped 166.9mm). Ignoring.
[WARN] [1781248133.589365833] [coord_transform]: Outlier rejected #3 (jumped 162.4mm). Ignoring.
[WARN] [1781248135.865452119] [coord_transform]: Outlier rejected #1 (jumped 178.7mm). Ignoring.
[WARN] [1781248135.898080665] [coord_transform]: Outlier rejected #2 (jumped 199.2mm). Ignoring.
[WARN] [1781248135.928078071] [coord_transform]: Outlier rejected #3 (jumped 188.6mm). Ignoring.
[WARN] [1781248135.995219568] [coord_transform]: Outlier rejected #4 (jumped 205.2mm). Ignoring.
[INFO] [1781248136.063436289] [coord_transform]: Too many outliers (5). Resetting filter to new position.
[WARN] [1781248136.293262147] [coord_transform]: Outlier rejected #1 (jumped 858.3mm). Ignoring.
[WARN] [1781248136.461857942] [coord_transform]: Outlier rejected #2 (jumped 627.5mm). Ignoring.
[WARN] [1781248136.502018252] [coord_transform]: Outlier rejected #3 (jumped 571.6mm). Ignoring.
[WARN] [1781248136.535565464] [coord_transform]: Outlier rejected #4 (jumped 562.3mm). Ignoring.
[INFO] [1781248136.567633343] [coord_transform]: Too many outliers (5). Resetting filter to new position.
[WARN] [1781248146.247443814] [coord_transform]: Outlier rejected #1 (jumped 248.5mm). Ignoring.
[WARN] [1781248146.276698043] [coord_transform]: Outlier rejected #2 (jumped 239.1mm). Ignoring.
[WARN] [1781248146.311680188] [coord_transform]: Outlier rejected #3 (jumped 322.8mm). Ignoring.
[WARN] [1781248146.344088891] [coord_transform]: Outlier rejected #4 (jumped 342.8mm). Ignoring.
[INFO] [1781248146.392761197] [coord_transform]: Too many outliers (5). Resetting filter to new position.
[WARN] [1781248148.738676156] [coord_transform]: Outlier rejected #1 (jumped 2123.3mm). Ignoring.
[WARN] [1781248148.777238106] [coord_transform]: Outlier rejected #2 (jumped 2123.5mm). Ignoring.
[WARN] [1781248148.806787349] [coord_transform]: Outlier rejected #3 (jumped 2108.4mm). Ignoring.
[WARN] [1781248148.837785594] [coord_transform]: Outlier rejected #4 (jumped 2108.4mm). Ignoring.
[INFO] [1781248148.874769351] [coord_transform]: Too many outliers (5). Resetting filter to new position.
[INFO] [1781248160.738645098] [coord_transform]: Captured Init Pose! P_init=(-0.162, 0.280, 0.379), Cam_init=(0.223, -0.188, 0.029), Noise_Tol=43.2mm
Orientation=(0.998, 0.064, -0.000, 0.000)
[INFO] [1781248160.756229676] [coord_transform]: Deadband: RELEASE — motion detected
[INFO] [1781248160.894828726] [coord_transform]: Deadband: HOLD at (0.223, -0.188, 0.029)
[INFO] [1781248162.812093240] [coord_transform]: Deadband: RELEASE — motion detected
[INFO] [1781248162.911481877] [coord_transform]: Deadband: HOLD at (0.223, -0.188, 0.029)
[INFO] [1781248164.819381706] [coord_transform]: Deadband: RELEASE — motion detected
[INFO] [1781248164.923499081] [coord_transform]: Deadband: HOLD at (0.223, -0.188, 0.029)
[INFO] [1781248166.883508424] [coord_transform]: Deadband: RELEASE — motion detected
[INFO] [1781248166.932609898] [coord_transform]: Deadband: HOLD at (0.223, -0.188, 0.029)
[INFO] [1781248168.886756602] [coord_transform]: Deadband: RELEASE — motion detected
[INFO] [1781248168.987928976] [coord_transform]: Deadband: HOLD at (0.223, -0.188, 0.029)
[INFO] [1781248170.892363636] [coord_transform]: Deadband: RELEASE — motion detected
[INFO] [1781248171.066306147] [coord_transform]: Deadband: HOLD at (0.223, -0.188, 0.029)
[INFO] [1781248172.917798395] [coord_transform]: Deadband: RELEASE — motion detected
[INFO] [1781248173.084686886] [coord_transform]: Deadband: HOLD at (0.223, -0.188, 0.029)
[INFO] [1781248174.309509071] [coord_transform]: Re-sync camera init: [ 0.221 -0.158  0.041]
[INFO] [1781248174.309721136] [coord_transform]: Trạng thái tracking: RUNNING
[INFO] [1781248174.320819029] [coord_transform]: [GROUND_TRUTH] Transform: cam[ 0.223 -0.175  0.037] → base[-0.164  0.263  0.374]
[INFO] [1781248175.000206845] [coord_transform]: Deadband: RELEASE — motion detected
[INFO] [1781248175.086849142] [coord_transform]: Deadband: HOLD at (0.221, -0.158, 0.041)
[INFO] [1781248176.343232088] [coord_transform]: [GROUND_TRUTH] Transform: cam[ 0.209 -0.091  0.084] → base[-0.15   0.347  0.421]
[INFO] [1781248178.400843654] [coord_transform]: [GROUND_TRUTH] Transform: cam[0.171 0.102 0.164] → base[-0.112  0.54   0.501]
[INFO] [1781248180.421720809] [coord_transform]: [GROUND_TRUTH] Transform: cam[0.11  0.344 0.198] → base[-0.051  0.782  0.536]
[INFO] [1781248182.567196332] [coord_transform]: [GROUND_TRUTH] Transform: cam[0.048 0.535 0.196] → base[0.011 0.973 0.533]
[INFO] [1781248184.341566420] [coord_transform]: [TARGET ZONE] T2: 7.7cm (frame 1/20)
[INFO] [1781248184.603057436] [coord_transform]: [GROUND_TRUTH] Transform: cam[0.006 0.621 0.168] → base[0.053 1.059 0.505]
[INFO] [1781248184.929021296] [coord_transform]: [TARGET ZONE] T2: 6.0cm (frame 3/20)
[INFO] [1781248185.830329330] [coord_transform]: [TARGET ZONE] T2: 6.5cm (frame 5/20)
[INFO] [1781248186.398342683] [coord_transform]: [TARGET ZONE] T2: 7.5cm (frame 6/20)
[INFO] [1781248187.298101932] [coord_transform]: [GROUND_TRUTH] Transform: cam[-0.024  0.609  0.16 ] → base[0.083 1.047 0.497]
[INFO] [1781248190.728391015] [coord_transform]: [GROUND_TRUTH] Transform: cam[-0.042  0.608  0.156] → base[0.101 1.046 0.493]
[INFO] [1781248193.035340693] [coord_transform]: [GROUND_TRUTH] Transform: cam[-0.049  0.637  0.181] → base[0.108 1.075 0.518]
[INFO] [1781248195.303703297] [coord_transform]: [GROUND_TRUTH] Transform: cam[-0.058  0.621  0.16 ] → base[0.118 1.059 0.497]
[INFO] [1781248197.544457062] [coord_transform]: [GROUND_TRUTH] Transform: cam[-0.039  0.608  0.128] → base[0.098 1.046 0.465]
[INFO] [1781248197.809807547] [coord_transform]: [TARGET ZONE] T2: 8.0cm (frame 1/20)
[INFO] [1781248198.603880858] [coord_transform]: [TARGET ZONE] T2: 7.7cm (frame 3/20)
[INFO] [1781248199.308740355] [coord_transform]: [TARGET ZONE] T2: 6.2cm (frame 5/20)
[INFO] [1781248199.613237143] [coord_transform]: [GROUND_TRUTH] Transform: cam[0.012 0.631 0.123] → base[0.047 1.069 0.46 ]
[INFO] [1781248200.209731452] [coord_transform]: [TARGET ZONE] T2: 6.3cm (frame 7/20)
[INFO] [1781248201.681372121] [coord_transform]: [GROUND_TRUTH] Transform: cam[-0.003  0.567  0.16 ] → base[0.062 1.005 0.497]
[INFO] [1781248202.947255523] [coord_transform]: [TARGET ZONE] T2: 8.0cm (frame 1/20)
[INFO] [1781248203.545870181] [coord_transform]: [TARGET ZONE] T2: 5.4cm (frame 4/20)
[INFO] [1781248203.817552555] [coord_transform]: [GROUND_TRUTH] Transform: cam[-0.014  0.654  0.165] → base[0.074 1.092 0.502]
[INFO] [1781248204.076074514] [coord_transform]: [TARGET ZONE] T2: 4.8cm (frame 6/20)
[INFO] [1781248205.710812353] [coord_transform]: [TARGET ZONE] T2: 5.3cm (frame 8/20)
[INFO] [1781248206.015538147] [coord_transform]: [GROUND_TRUTH] Transform: cam[-0.007  0.638  0.136] → base[0.067 1.076 0.473]
[INFO] [1781248214.849586187] [coord_transform]: [TARGET ZONE] T2: 5.3cm (frame 10/20)
[INFO] [1781248214.850236459] [coord_transform]: [GROUND_TRUTH] Transform: cam[-0.001  0.631  0.14 ] → base[0.06  1.069 0.477]
[INFO] [1781248218.561769837] [coord_transform]: Trạng thái tracking: STOPPED
[WARN] [1781248224.626218999] [coord_transform]: Outlier rejected #1 (jumped 815.4mm). Ignoring.
[WARN] [1781248224.657935842] [coord_transform]: Outlier rejected #2 (jumped 871.5mm). Ignoring.
[WARN] [1781248224.690899823] [coord_transform]: Outlier rejected #3 (jumped 876.0mm). Ignoring.
[WARN] [1781248225.004094075] [coord_transform]: Outlier rejected #4 (jumped 591.3mm). Ignoring.
[INFO] [1781248225.033738080] [coord_transform]: Too many outliers (5). Resetting filter to new position.
[WARN] [1781248225.065984337] [coord_transform]: Outlier rejected #1 (jumped 654.0mm). Ignoring.
[WARN] [1781248228.259417232] [coord_transform]: Outlier rejected #2 (jumped 1015.1mm). Ignoring.
[WARN] [1781248228.294458653] [coord_transform]: Outlier rejected #3 (jumped 976.7mm). Ignoring.
[WARN] [1781248228.329857485] [coord_transform]: Outlier rejected #4 (jumped 916.7mm). Ignoring.
[INFO] [1781248228.364432805] [coord_transform]: Too many outliers (5). Resetting filter to new position.
[WARN] [1781248265.789208673] [coord_transform]: Outlier rejected #1 (jumped 153.3mm). Ignoring.
[WARN] [1781248265.823833588] [coord_transform]: Outlier rejected #2 (jumped 157.3mm). Ignoring.
[WARN] [1781248265.859270557] [coord_transform]: Outlier rejected #3 (jumped 164.3mm). Ignoring.
