[INFO] [1779786013.065567069] [motoros2_mock]: ╔══════════════════════════════════════════════╗
║   MotoROS2 Mock Node — Simulation Mode      ║
║   Tất cả /* services đã sẵn sàng            ║
║   (node_namespace="" — không prefix)         ║
╚══════════════════════════════════════════════╝
[INFO] [1779786067.493760158] [motoros2_mock]: ✓ StartPointQueueMode → READY (mock)
[INFO] [1779786067.555176708] [motoros2_mock]: QueueTrajPoint #1 → forwarded to JTC. joints=[1.571, 0.075, -1.049, -0.030, -0.523, -0.002]
[INFO] [1779786067.618655058] [motoros2_mock]: QueueTrajPoint #2 → forwarded to JTC. joints=[1.571, 0.075, -1.049, -0.030, -0.523, -0.002]
[INFO] [1779786067.685596167] [motoros2_mock]: QueueTrajPoint #3 → forwarded to JTC. joints=[1.571, 0.075, -1.049, -0.030, -0.523, -0.002]
[INFO] [1779786070.818688676] [motoros2_mock]: QueueTrajPoint #50 → forwarded to JTC. joints=[1.571, 0.075, -1.049, -0.030, -0.523, -0.002]
[INFO] [1779786074.151629272] [motoros2_mock]: QueueTrajPoint #100 → forwarded to JTC. joints=[1.571, 0.075, -1.049, -0.030, -0.523, -0.002]
[INFO] [1779786077.485463147] [motoros2_mock]: QueueTrajPoint #150 → forwarded to JTC. joints=[1.571, 0.075, -1.049, -0.030, -0.523, -0.002]
[INFO] [1779786080.823502876] [motoros2_mock]: QueueTrajPoint #200 → forwarded to JTC. joints=[1.616, 0.077, -1.002, -0.035, -0.567, -0.044]
[INFO] [1779786084.157433500] [motoros2_mock]: QueueTrajPoint #250 → forwarded to JTC. joints=[1.635, 0.018, -0.641, -0.024, -0.987, -0.079]
[INFO] [1779786087.488831493] [motoros2_mock]: QueueTrajPoint #300 → forwarded to JTC. joints=[1.688, 0.243, -0.151, -0.025, -1.251, -0.137]
[INFO] [1779786090.823566354] [motoros2_mock]: QueueTrajPoint #350 → forwarded to JTC. joints=[1.686, 0.249, -0.181, -0.025, -1.215, -0.135]
[INFO] [1779786094.160641558] [motoros2_mock]: QueueTrajPoint #400 → forwarded to JTC. joints=[1.683, 0.130, -0.206, -0.024, -1.309, -0.134]
[INFO] [1779786097.489445603] [motoros2_mock]: QueueTrajPoint #450 → forwarded to JTC. joints=[1.560, 0.060, -0.941, -0.024, -0.646, 0.002]
[INFO] [1779786100.823676807] [motoros2_mock]: QueueTrajPoint #500 → forwarded to JTC. joints=[1.682, 0.125, -1.015, -0.049, -0.505, -0.097]
[INFO] [1779786104.155317050] [motoros2_mock]: QueueTrajPoint #550 → forwarded to JTC. joints=[1.580, -0.016, -0.736, -0.020, -0.927, -0.026]
[INFO] [1779786107.488942098] [motoros2_mock]: QueueTrajPoint #600 → forwarded to JTC. joints=[1.663, 0.445, 0.003, -0.024, -1.203, -0.112]
[INFO] [1779786110.826071590] [motoros2_mock]: QueueTrajPoint #650 → forwarded to JTC. joints=[1.672, 0.355, -0.045, -0.024, -1.245, -0.121]
[INFO] [1779786114.155910513] [motoros2_mock]: QueueTrajPoint #700 → forwarded to JTC. joints=[1.726, 0.027, -0.572, -0.031, -1.045, -0.167]
[INFO] [1779786117.489452375] [motoros2_mock]: QueueTrajPoint #750 → forwarded to JTC. joints=[1.791, 0.159, -0.323, -0.034, -1.161, -0.234]
[INFO] [1779786120.822359475] [motoros2_mock]: QueueTrajPoint #800 → forwarded to JTC. joints=[1.593, 0.434, 0.032, -0.018, -1.244, -0.045]
[INFO] [1779786124.155905090] [motoros2_mock]: QueueTrajPoint #850 → forwarded to JTC. joints=[1.654, 0.407, -0.066, -0.023, -1.172, -0.103]
[INFO] [1779786127.488808977] [motoros2_mock]: QueueTrajPoint #900 → forwarded to JTC. joints=[1.724, 0.056, -0.618, -0.032, -0.970, -0.162]
[INFO] [1779786130.822815248] [motoros2_mock]: QueueTrajPoint #950 → forwarded to JTC. joints=[1.749, 0.190, -0.216, -0.030, -1.238, -0.196]
[INFO] [1779786134.154157379] [motoros2_mock]: QueueTrajPoint #1000 → forwarded to JTC. joints=[1.728, 0.418, -0.089, -0.030, -1.137, -0.172]
[INFO] [1779786137.488517066] [motoros2_mock]: QueueTrajPoint #1050 → forwarded to JTC. joints=[1.729, 0.412, -0.097, -0.030, -1.134, -0.173]
[INFO] [1779786140.821776742] [motoros2_mock]: QueueTrajPoint #1100 → forwarded to JTC. joints=[1.731, 0.412, -0.095, -0.030, -1.136, -0.176]
[INFO] [1779786144.153785221] [motoros2_mock]: QueueTrajPoint #1150 → forwarded to JTC. joints=[1.749, 0.365, -0.069, -0.030, -1.210, -0.196]
[INFO] [1779786147.488580951] [motoros2_mock]: QueueTrajPoint #1200 → forwarded to JTC. joints=[1.598, 0.099, -0.709, -0.023, -0.838, -0.040]
[INFO] [1779786150.824836343] [motoros2_mock]: QueueTrajPoint #1250 → forwarded to JTC. joints=[1.750, 0.305, -0.145, -0.031, -1.194, -0.195]
[INFO] [1779786247.375379298] [motoros2_mock]: MotoROS2 Mock Node shutdown.
