[INFO] [1781250672.867715517] [cartesian_streamer]: CartesianStreamer khởi động (chờ Enable Robot từ UI).
  Stream rate:       15 Hz (period=66.7ms)
  Queue dt:          0.067 s
  Prebuffer points:  3
  Retry backoff:     66.0 ms
  Gửi PoseStamped lên: /cartesian_streamer/target_pose
  Gửi XYZ lên:        /cartesian_streamer/target_xyz
  Nhận EE pose tại:   /cartesian_streamer/current_pose
[INFO] [1781250673.349690603] [cartesian_streamer]: Chờ /joint_states...
[INFO] [1781250675.349917692] [cartesian_streamer]: Chờ /joint_states...
[INFO] [1781250677.354862907] [cartesian_streamer]: Chờ /joint_states...
[INFO] [1781250679.852535918] [cartesian_streamer]: Chờ /joint_states...
[INFO] [1781250682.349621719] [cartesian_streamer]: Chờ /joint_states...
[INFO] [1781250684.350539666] [cartesian_streamer]: Chờ /joint_states...
[INFO] [1781250686.850217733] [cartesian_streamer]: Chờ /joint_states...
[INFO] [1781250689.349975425] [cartesian_streamer]: Chờ /joint_states...
[INFO] [1781250691.849629205] [cartesian_streamer]: Chờ /joint_states...
[INFO] [1781250693.851084723] [cartesian_streamer]: Chờ /joint_states...
[INFO] [1781250696.349474313] [cartesian_streamer]: Chờ /joint_states...
[INFO] [1781250698.349580877] [cartesian_streamer]: Chờ /joint_states...
[INFO] [1781250700.849628253] [cartesian_streamer]: Chờ /joint_states...
[INFO] [1781250702.850544423] [cartesian_streamer]: Chờ /joint_states...
[INFO] [1781250705.350332927] [cartesian_streamer]: Chờ /joint_states...
[INFO] [1781250707.849190878] [cartesian_streamer]: Chờ /joint_states...
[INFO] [1781250709.850431777] [cartesian_streamer]: Chờ /joint_states...
[INFO] [1781250712.349404563] [cartesian_streamer]: Chờ /joint_states...
[INFO] [1781250714.350384861] [cartesian_streamer]: Chờ /joint_states...
[INFO] [1781250716.850443299] [cartesian_streamer]: Chờ /joint_states...
[INFO] [1781250719.349398046] [cartesian_streamer]: Chờ /joint_states...
[INFO] [1781250721.349744072] [cartesian_streamer]: Chờ /joint_states...
[INFO] [1781250721.719858944] [cartesian_streamer]: Nhận joint_states: ['1.571', '0.124', '-1.049', '0.000', '-0.398', '-1.444']
[WARN] [1781250722.851448169] [cartesian_streamer]: Không thể cross-validate FK (local hoặc MoveIt! FK thất bại). Local IK vẫn hoạt động nhưng CHƯA ĐƯỢC VALIDATE.
[INFO] [1781250722.852356754] [cartesian_streamer]: Đã nhận joint_states. EE hiện tại: (-0.1620, 0.2801, 0.3785). IK mode: Local DLS. Chờ Enable Robot từ UI...
[INFO] [1781250737.585908944] [cartesian_streamer]: Enable Robot: bắt đầu chuỗi khởi động...
[INFO] [1781250737.586598137] [cartesian_streamer]: Enable: reset_error...
[WARN] [1781250740.591429443] [cartesian_streamer]: Service reset_error không khả dụng, bỏ qua.
[INFO] [1781250740.591958844] [cartesian_streamer]: Enable: stop_traj_mode (giải phóng mode cũ)...
[INFO] [1781250743.723360606] [cartesian_streamer]: stop_traj_mode: success=True, code=N/A, msg=""
[INFO] [1781250743.723925968] [cartesian_streamer]: Enable: chờ 1.5s để hệ thống ổn định trước khi start queue...
[INFO] [1781250745.224988622] [cartesian_streamer]: Enable: StartPointQueueMode...
[INFO] [1781250745.629460641] [cartesian_streamer]: StartPointQueueMode response: code=1, msg=""
[INFO] [1781250745.630140138] [cartesian_streamer]: ✓ Robot ENABLED — Point Queue Mode active. Servo ON!
[INFO] [1781250745.649715522] [cartesian_streamer]: Runtime rate: state=seeding, tick_hz=0.0, queue_send_hz=0.0, ack_hz=0.0, busy_hz=0.0, retry_count=0, reject_count=0, inter_ack_ms=0.0, max_joint_delta=0.000, cumul_time=0.00s, hold_count=0, ik_mode=Local, ik_avg_ms=0.00, ik_fails=0
[INFO] [1781250745.650791697] [cartesian_streamer]: Bootstrap EE pose via FK: (-0.1620, 0.2801, 0.3785)
[INFO] [1781250745.651369786] [cartesian_streamer]: Đang stream qua service: /queue_traj_point
[INFO] [1781250745.651972051] [cartesian_streamer]: Đã gửi seed point (current joints, t=0), chờ ACK...
[INFO] [1781250745.716974314] [cartesian_streamer]: Bootstrap EE pose via FK: (-0.1620, 0.2801, 0.3785)
[INFO] [1781250745.778052786] [cartesian_streamer]: Seed ACK nhận được, bắt đầu prebuffer.
[INFO] [1781250745.778595759] [cartesian_streamer]: Queue accepted sample#1: svc=/queue_traj_point, t_cumul=0.0000s, code=1, msg="", hold=False
[INFO] [1781250745.911803110] [cartesian_streamer]: Queue accepted sample#2: svc=/queue_traj_point, t_cumul=0.1307s, code=1, msg="", hold=True
[INFO] [1781250746.139541773] [cartesian_streamer]: Queue accepted sample#3: svc=/queue_traj_point, t_cumul=0.2642s, code=1, msg="", hold=True
[INFO] [1781250746.333740063] [cartesian_streamer]: Pre-buffer hoàn tất (3 points), bắt đầu stream ổn định. Đang chờ target...
[INFO] [1781250746.334240522] [cartesian_streamer]: Queue accepted sample#4: svc=/queue_traj_point, t_cumul=0.4642s, code=1, msg="", hold=True
[INFO] [1781250746.509572796] [cartesian_streamer]: Queue accepted sample#5: svc=/queue_traj_point, t_cumul=0.6640s, code=1, msg="", hold=True
[WARN] [1781250749.116214143] [cartesian_streamer]: Service call timeout (500ms). Resetting inflight flag.
[INFO] [1781250749.246121742] [cartesian_streamer]: QueueTrajPoint accepted #20: t=2.797s, hold=True
[WARN] [1781250749.270152022] [cartesian_streamer]: Queue BUSY, sẽ resend (backoff 66ms): msg="Busy processing the previous trajectory point. Please resend the next point shortly"
[INFO] [1781250750.716049998] [cartesian_streamer]: Runtime rate: state=streaming, tick_hz=15.0, queue_send_hz=6.7, ack_hz=6.1, busy_hz=0.2, retry_count=1, reject_count=0, inter_ack_ms=160.2, max_joint_delta=0.000, cumul_time=4.13s, hold_count=32, ik_mode=Local, ik_avg_ms=0.00, ik_fails=0
[INFO] [1781250751.661968281] [cartesian_streamer]: QueueTrajPoint accepted #40: t=5.063s, hold=True
[INFO] [1781250754.046270746] [cartesian_streamer]: QueueTrajPoint accepted #60: t=7.196s, hold=True
[INFO] [1781250755.184977529] [cartesian_streamer]: IK OK → Δmax=0.0097 rad, joints: [1.572, 0.127, -1.040, 0.000, -0.405, -1.445]
[WARN] [1781250755.449500627] [cartesian_streamer]: QueueTrajPoint đã được accept nhưng joint_states hầu như không đổi. Kiểm tra: 1) Robot ở mode AUTO? 2) Servo ON? 3) E-stop cleared?
[INFO] [1781250755.783227985] [cartesian_streamer]: Runtime rate: state=streaming, tick_hz=15.0, queue_send_hz=7.7, ack_hz=7.9, busy_hz=0.0, retry_count=0, reject_count=0, inter_ack_ms=129.2, max_joint_delta=0.020, cumul_time=8.53s, hold_count=0, ik_mode=Local, ik_avg_ms=0.57, ik_fails=0
[INFO] [1781250757.210056991] [cartesian_streamer]: QueueTrajPoint accepted #80: t=9.662s, hold=False
[INFO] [1781250757.249956360] [cartesian_streamer]: IK OK → Δmax=0.0000 rad, joints: [1.571, 0.124, -1.049, 0.000, -0.398, -1.444]
[INFO] [1781250759.250173974] [cartesian_streamer]: IK OK → Δmax=0.0191 rad, joints: [1.546, 0.110, -0.866, 0.000, -0.596, -1.418]
[INFO] [1781250759.452276973] [cartesian_streamer]: IK delta clamped → joints: [1.541, 0.114, -0.815, 0.000, -0.645, -1.413]
[INFO] [1781250759.639715507] [cartesian_streamer]: QueueTrajPoint accepted #100: t=11.796s, hold=False
[WARN] [1781250759.659821928] [cartesian_streamer]: Queue BUSY, sẽ resend (backoff 66ms): msg="Busy processing the previous trajectory point. Please resend the next point shortly"
[INFO] [1781250760.850058267] [cartesian_streamer]: Runtime rate: state=streaming, tick_hz=15.0, queue_send_hz=7.7, ack_hz=7.5, busy_hz=0.2, retry_count=1, reject_count=0, inter_ack_ms=133.1, max_joint_delta=0.081, cumul_time=12.80s, hold_count=0, ik_mode=Local, ik_avg_ms=0.92, ik_fails=0
[INFO] [1781250761.251452199] [cartesian_streamer]: IK OK → Δmax=0.0336 rad, joints: [1.511, 0.265, -0.416, 0.000, -0.890, -1.384]
[INFO] [1781250761.797305432] [cartesian_streamer]: QueueTrajPoint accepted #120: t=13.729s, hold=False
[INFO] [1781250762.651728457] [cartesian_streamer]: IK delta clamped → joints: [1.503, 0.473, -0.022, 0.000, -1.093, -1.375]
[INFO] [1781250763.319116381] [cartesian_streamer]: IK OK → Δmax=0.0260 rad, joints: [1.492, 0.588, 0.241, 0.000, -1.224, -1.365]
[INFO] [1781250763.739982362] [cartesian_streamer]: QueueTrajPoint accepted #140: t=15.597s, hold=False
[INFO] [1781250764.935479693] [cartesian_streamer]: Local IK không hội tụ (fail #1)
[WARN] [1781250765.539298065] [cartesian_streamer]: Local IK failed 10x liên tiếp! Fallback sang MoveIt! IK...
[INFO] [1781250765.540106615] [cartesian_streamer]: IK OK → Δmax=0.0000 rad, joints: [1.484, 0.974, 1.025, 0.000, -1.622, -1.357]
[INFO] [1781250765.552805788] [cartesian_streamer]: QueueTrajPoint accepted #160: t=17.347s, hold=False
[INFO] [1781250765.915967862] [cartesian_streamer]: Runtime rate: state=streaming, tick_hz=15.0, queue_send_hz=10.7, ack_hz=10.5, busy_hz=0.0, retry_count=0, reject_count=0, inter_ack_ms=93.7, max_joint_delta=0.070, cumul_time=17.68s, hold_count=0, ik_mode=Local, ik_avg_ms=3.13, ik_fails=14
[WARN] [1781250767.611267461] [cartesian_streamer]: Local IK failed 35x liên tiếp! Fallback sang MoveIt! IK...
[INFO] [1781250767.611598031] [cartesian_streamer]: IK OK → Δmax=0.0000 rad, joints: [1.484, 0.974, 1.025, 0.000, -1.622, -1.357]
[INFO] [1781250768.084554198] [cartesian_streamer]: QueueTrajPoint accepted #180: t=19.684s, hold=False
[WARN] [1781250769.684098097] [cartesian_streamer]: Local IK failed 62x liên tiếp! Fallback sang MoveIt! IK...
[INFO] [1781250769.684432506] [cartesian_streamer]: IK OK → Δmax=0.0000 rad, joints: [1.484, 0.974, 1.025, 0.000, -1.622, -1.357]
[INFO] [1781250770.440177330] [cartesian_streamer]: QueueTrajPoint accepted #200: t=22.090s, hold=False
[WARN] [1781250770.783051264] [cartesian_streamer]: QueueTrajPoint đã được accept nhưng joint_states hầu như không đổi. Kiểm tra: 1) Robot ở mode AUTO? 2) Servo ON? 3) E-stop cleared?
[INFO] [1781250770.916216721] [cartesian_streamer]: Runtime rate: state=streaming, tick_hz=15.0, queue_send_hz=7.8, ack_hz=7.8, busy_hz=0.0, retry_count=0, reject_count=0, inter_ack_ms=128.2, max_joint_delta=0.000, cumul_time=22.41s, hold_count=0, ik_mode=Local, ik_avg_ms=9.90, ik_fails=76
[INFO] [1781250771.650401308] [cartesian_streamer]: IK delta clamped → joints: [1.493, 0.962, 0.955, 0.000, -1.554, -1.366]
[INFO] [1781250771.719418259] [cartesian_streamer]: IK OK → Δmax=0.0839 rad, joints: [1.494, 0.948, 0.955, 0.000, -1.538, -1.366]
[INFO] [1781250773.015664771] [cartesian_streamer]: QueueTrajPoint accepted #220: t=24.425s, hold=False
[INFO] [1781250773.783352986] [cartesian_streamer]: IK OK → Δmax=0.0191 rad, joints: [1.477, 0.784, 0.560, 0.000, -1.348, -1.350]
[INFO] [1781250774.995365540] [cartesian_streamer]: QueueTrajPoint accepted #240: t=26.425s, hold=False
[INFO] [1781250775.317738536] [cartesian_streamer]: IK delta clamped → joints: [1.459, 0.921, 0.902, 0.000, -1.555, -1.331]
[INFO] [1781250775.784201736] [cartesian_streamer]: IK OK → Δmax=0.0000 rad, joints: [1.447, 0.966, 0.990, 0.000, -1.595, -1.319]
[INFO] [1781250775.916339947] [cartesian_streamer]: Runtime rate: state=streaming, tick_hz=15.0, queue_send_hz=9.2, ack_hz=9.4, busy_hz=0.0, retry_count=0, reject_count=0, inter_ack_ms=108.2, max_joint_delta=0.090, cumul_time=27.23s, hold_count=0, ik_mode=Local, ik_avg_ms=8.46, ik_fails=85
[INFO] [1781250777.053182259] [cartesian_streamer]: QueueTrajPoint accepted #260: t=28.292s, hold=False
[INFO] [1781250777.785128979] [cartesian_streamer]: IK OK → Δmax=0.0091 rad, joints: [1.432, 0.843, 0.637, 0.000, -1.365, -1.305]
[INFO] [1781250778.731245426] [cartesian_streamer]: QueueTrajPoint accepted #280: t=30.091s, hold=False
[INFO] [1781250779.851666086] [cartesian_streamer]: IK OK → Δmax=0.0166 rad, joints: [1.420, 0.821, 0.659, 0.000, -1.410, -1.293]
[INFO] [1781250780.328926317] [cartesian_streamer]: QueueTrajPoint accepted #300: t=31.690s, hold=False
[INFO] [1781250780.916641539] [cartesian_streamer]: Runtime rate: state=streaming, tick_hz=15.0, queue_send_hz=11.8, ack_hz=11.6, busy_hz=0.0, retry_count=0, reject_count=0, inter_ack_ms=85.5, max_joint_delta=0.070, cumul_time=32.23s, hold_count=0, ik_mode=Local, ik_avg_ms=7.04, ik_fails=85
[INFO] [1781250781.852326847] [cartesian_streamer]: IK OK → Δmax=0.0233 rad, joints: [1.404, 1.035, 1.039, 0.000, -1.575, -1.276]
[INFO] [1781250782.208396908] [cartesian_streamer]: Local IK không hội tụ (fail #1)
[INFO] [1781250782.287796880] [cartesian_streamer]: QueueTrajPoint accepted #320: t=33.578s, hold=True
[WARN] [1781250782.871933441] [cartesian_streamer]: Local IK failed 10x liên tiếp! Fallback sang MoveIt! IK...
[INFO] [1781250783.872303336] [cartesian_streamer]: IK OK → Δmax=0.0000 rad, joints: [1.405, 1.043, 1.049, 0.000, -1.578, -1.278]
[WARN] [1781250784.882941216] [cartesian_streamer]: Local IK failed 39x liên tiếp! Fallback sang MoveIt! IK...
[INFO] [1781250785.602477642] [cartesian_streamer]: QueueTrajPoint accepted #340: t=36.041s, hold=False
[INFO] [1781250785.918580158] [cartesian_streamer]: IK OK → Δmax=0.0127 rad, joints: [1.392, 0.997, 0.925, 0.000, -1.500, -1.264]
[INFO] [1781250785.982555624] [cartesian_streamer]: Runtime rate: state=streaming, tick_hz=15.0, queue_send_hz=7.1, ack_hz=7.3, busy_hz=0.0, retry_count=0, reject_count=0, inter_ack_ms=139.4, max_joint_delta=0.050, cumul_time=36.30s, hold_count=0, ik_mode=Local, ik_avg_ms=8.15, ik_fails=128
[INFO] [1781250786.936741396] [cartesian_streamer]: Local IK không hội tụ (fail #1)
[WARN] [1781250787.672339364] [cartesian_streamer]: Local IK failed 10x liên tiếp! Fallback sang MoveIt! IK...
[INFO] [1781250787.891828953] [cartesian_streamer]: QueueTrajPoint accepted #360: t=38.004s, hold=True
[INFO] [1781250787.939967614] [cartesian_streamer]: IK OK → Δmax=0.0000 rad, joints: [1.399, 1.038, 1.037, 0.000, -1.570, -1.271]
[WARN] [1781250789.744153102] [cartesian_streamer]: Local IK failed 40x liên tiếp! Fallback sang MoveIt! IK...
[INFO] [1781250790.006444481] [cartesian_streamer]: IK OK → Δmax=0.0000 rad, joints: [1.399, 1.038, 1.037, 0.000, -1.570, -1.271]
[INFO] [1781250790.806850519] [cartesian_streamer]: QueueTrajPoint accepted #380: t=40.607s, hold=False
[INFO] [1781250790.982777983] [cartesian_streamer]: Runtime rate: state=streaming, tick_hz=15.0, queue_send_hz=7.6, ack_hz=7.4, busy_hz=0.0, retry_count=0, reject_count=0, inter_ack_ms=130.1, max_joint_delta=0.041, cumul_time=40.81s, hold_count=0, ik_mode=Local, ik_avg_ms=9.75, ik_fails=185
[WARN] [1781250790.983101702] [cartesian_streamer]: Target stream stale: không có target mới trong 2.2s
[WARN] [1781250791.769388807] [cartesian_streamer]: Local IK failed 68x liên tiếp! Fallback sang MoveIt! IK...
[INFO] [1781250792.011527187] [cartesian_streamer]: IK OK → Δmax=0.0000 rad, joints: [1.399, 1.038, 1.037, 0.000, -1.570, -1.271]
[WARN] [1781250792.716021447] [cartesian_streamer]: QueueTrajPoint đã được accept nhưng joint_states hầu như không đổi. Kiểm tra: 1) Robot ở mode AUTO? 2) Servo ON? 3) E-stop cleared?
[INFO] [1781250793.077551718] [cartesian_streamer]: QueueTrajPoint accepted #400: t=43.007s, hold=False
[WARN] [1781250793.806458801] [cartesian_streamer]: Local IK failed 97x liên tiếp! Fallback sang MoveIt! IK...
[INFO] [1781250794.067349277] [cartesian_streamer]: IK OK → Δmax=0.0000 rad, joints: [1.399, 1.038, 1.037, 0.000, -1.570, -1.271]
[INFO] [1781250795.411477092] [cartesian_streamer]: QueueTrajPoint accepted #420: t=45.151s, hold=False
[WARN] [1781250795.871443196] [cartesian_streamer]: Local IK failed 127x liên tiếp! Fallback sang MoveIt! IK...
[INFO] [1781250795.982891225] [cartesian_streamer]: Runtime rate: state=streaming, tick_hz=15.0, queue_send_hz=8.8, ack_hz=8.8, busy_hz=0.0, retry_count=0, reject_count=0, inter_ack_ms=115.5, max_joint_delta=0.000, cumul_time=45.62s, hold_count=0, ik_mode=Local, ik_avg_ms=11.34, ik_fails=256
[WARN] [1781250795.983397567] [cartesian_streamer]: Target stream stale: không có target mới trong 4.6s
[INFO] [1781250796.070676977] [cartesian_streamer]: IK OK → Δmax=0.0000 rad, joints: [1.399, 1.038, 1.037, 0.000, -1.570, -1.271]
[WARN] [1781250797.716504985] [cartesian_streamer]: QueueTrajPoint đã được accept nhưng joint_states hầu như không đổi. Kiểm tra: 1) Robot ở mode AUTO? 2) Servo ON? 3) E-stop cleared?
[WARN] [1781250797.872863829] [cartesian_streamer]: Local IK failed 155x liên tiếp! Fallback sang MoveIt! IK...
[INFO] [1781250798.008299310] [cartesian_streamer]: QueueTrajPoint accepted #440: t=47.379s, hold=False
[INFO] [1781250798.138072686] [cartesian_streamer]: IK OK → Δmax=0.0000 rad, joints: [1.399, 1.038, 1.037, 0.000, -1.570, -1.271]
[WARN] [1781250798.936145629] [cartesian_streamer]: Service call timeout (500ms). Resetting inflight flag.
[INFO] [1781250799.450749446] [cartesian_streamer]: IK delta clamped → joints: [1.394, 1.019, 0.967, 0.000, -1.508, -1.267]
[WARN] [1781250799.451270491] [cartesian_streamer]: Service call timeout (500ms). Resetting inflight flag.
[INFO] [1781250800.185173629] [cartesian_streamer]: IK OK → Δmax=0.0700 rad, joints: [1.455, 1.071, 0.932, 0.000, -1.439, -1.328]
[INFO] [1781250800.402382434] [cartesian_streamer]: Local IK không hội tụ (fail #1)
[WARN] [1781250800.959477466] [cartesian_streamer]: Queue BUSY, sẽ resend (backoff 66ms): msg="Busy processing the previous trajectory point. Please resend the next point shortly"
[INFO] [1781250801.049052028] [cartesian_streamer]: Runtime rate: state=streaming, tick_hz=15.0, queue_send_hz=6.5, ack_hz=6.5, busy_hz=0.2, retry_count=1, reject_count=0, inter_ack_ms=152.2, max_joint_delta=0.090, cumul_time=49.55s, hold_count=5, ik_mode=Local, ik_avg_ms=12.11, ik_fails=312
[WARN] [1781250801.069316596] [cartesian_streamer]: Local IK failed 10x liên tiếp! Fallback sang MoveIt! IK...
[WARN] [1781250801.280315111] [cartesian_streamer]: ⚠ Queue mode bị drop! Auto-recovery lần 1/3...
[INFO] [1781250801.781464652] [cartesian_streamer]: Auto-recovery: bắt đầu re-enable queue mode...
[INFO] [1781250801.783015384] [cartesian_streamer]: Enable: reset_error...
[INFO] [1781250801.903787977] [cartesian_streamer]: reset_error: code=1, msg="success"
[INFO] [1781250801.904325381] [cartesian_streamer]: Enable: stop_traj_mode (giải phóng mode cũ)...
[INFO] [1781250801.956802480] [cartesian_streamer]: stop_traj_mode: success=True, code=N/A, msg=""
[INFO] [1781250801.957292184] [cartesian_streamer]: Enable: chờ 1.5s để hệ thống ổn định trước khi start queue...
[INFO] [1781250803.458281013] [cartesian_streamer]: Enable: StartPointQueueMode...
[INFO] [1781250803.699034337] [cartesian_streamer]: StartPointQueueMode response: code=111, msg="A PFL event has occurred. Please return the robot to a safe state"
[ERROR] [1781250803.699533472] [cartesian_streamer]: StartPointQueueMode FAILED: A PFL event has occurred. Please return the robot to a safe state
[INFO] [1781250804.208981881] [cartesian_streamer]: Disable Robot: dừng stream, tắt traj mode...
[INFO] [1781250804.209389231] [cartesian_streamer]: ✗ Robot DISABLED.
[INFO] [1781250850.235550318] [cartesian_streamer]: Enable Robot: bắt đầu chuỗi khởi động...
[INFO] [1781250850.236058618] [cartesian_streamer]: Enable: reset_error...
[INFO] [1781250850.251957809] [cartesian_streamer]: reset_error: code=1, msg="success"
[INFO] [1781250850.252209740] [cartesian_streamer]: Enable: stop_traj_mode (giải phóng mode cũ)...
[INFO] [1781250850.301211333] [cartesian_streamer]: stop_traj_mode: success=True, code=N/A, msg=""
[INFO] [1781250850.301473002] [cartesian_streamer]: Enable: chờ 1.5s để hệ thống ổn định trước khi start queue...
[INFO] [1781250851.802483500] [cartesian_streamer]: Enable: StartPointQueueMode...
[INFO] [1781250853.299849177] [cartesian_streamer]: StartPointQueueMode response: code=1, msg=""
[INFO] [1781250853.300149398] [cartesian_streamer]: ✓ Robot ENABLED — Point Queue Mode active. Servo ON!
[INFO] [1781250853.316101632] [cartesian_streamer]: Runtime rate: state=seeding, tick_hz=0.1, queue_send_hz=0.1, ack_hz=0.0, busy_hz=0.0, retry_count=0, reject_count=1, inter_ack_ms=184.0, max_joint_delta=0.041, cumul_time=0.00s, hold_count=0, ik_mode=Local, ik_avg_ms=12.15, ik_fails=316
[WARN] [1781250853.316820924] [cartesian_streamer]: Target stream stale: không có target mới trong 52.1s
[WARN] [1781250853.317484279] [cartesian_streamer]: QueueTrajPoint đã được accept nhưng joint_states hầu như không đổi. Kiểm tra: 1) Robot ở mode AUTO? 2) Servo ON? 3) E-stop cleared?
[INFO] [1781250853.318459491] [cartesian_streamer]: Bootstrap EE pose via FK: (-0.1620, 0.2812, 0.3787)
[INFO] [1781250853.319470633] [cartesian_streamer]: Đã gửi seed point (current joints, t=0), chờ ACK...
[INFO] [1781250853.341994528] [cartesian_streamer]: Seed ACK nhận được, bắt đầu prebuffer.
[INFO] [1781250853.342511663] [cartesian_streamer]: QueueTrajPoint accepted #460: t=0.000s, hold=False
[INFO] [1781250854.281601261] [cartesian_streamer]: Pre-buffer hoàn tất (3 points), bắt đầu stream ổn định. Đang chờ target...
[INFO] [1781250856.187856004] [cartesian_streamer]: IK OK → Δmax=0.0192 rad, joints: [1.575, 0.120, -1.051, 0.014, -0.396, -1.463]
[INFO] [1781250856.570394731] [cartesian_streamer]: QueueTrajPoint accepted #480: t=2.596s, hold=False
[INFO] [1781250858.250336047] [cartesian_streamer]: IK OK → Δmax=0.0513 rad, joints: [1.554, 0.136, -0.900, 0.000, -0.535, -1.427]
[INFO] [1781250858.315789378] [cartesian_streamer]: Runtime rate: state=streaming, tick_hz=15.0, queue_send_hz=6.8, ack_hz=6.6, busy_hz=0.0, retry_count=0, reject_count=0, inter_ack_ms=1721.0, max_joint_delta=0.051, cumul_time=4.06s, hold_count=0, ik_mode=Local, ik_avg_ms=11.64, ik_fails=316
[INFO] [1781250858.862106971] [cartesian_streamer]: QueueTrajPoint accepted #500: t=4.662s, hold=False
[INFO] [1781250860.251436625] [cartesian_streamer]: IK OK → Δmax=0.0183 rad, joints: [1.493, 0.293, -0.518, 0.000, -0.761, -1.366]
[INFO] [1781250860.734108332] [cartesian_streamer]: QueueTrajPoint accepted #520: t=6.530s, hold=False
[INFO] [1781250862.316894738] [cartesian_streamer]: IK OK → Δmax=0.0231 rad, joints: [1.425, 0.503, 0.090, 0.000, -1.159, -1.297]
[INFO] [1781250862.600954086] [cartesian_streamer]: QueueTrajPoint accepted #540: t=8.263s, hold=False
[INFO] [1781250862.651646551] [cartesian_streamer]: IK delta clamped → joints: [1.411, 0.552, 0.204, 0.000, -1.225, -1.284]
[INFO] [1781250863.316201002] [cartesian_streamer]: Runtime rate: state=streaming, tick_hz=15.0, queue_send_hz=11.0, ack_hz=11.0, busy_hz=0.0, retry_count=0, reject_count=0, inter_ack_ms=92.4, max_joint_delta=0.070, cumul_time=9.00s, hold_count=0, ik_mode=Local, ik_avg_ms=10.64, ik_fails=316
[WARN] [1781250864.118358405] [cartesian_streamer]: Service call timeout (500ms). Resetting inflight flag.
[INFO] [1781250864.318311667] [cartesian_streamer]: IK OK → Δmax=0.0645 rad, joints: [1.381, 0.767, 0.526, 0.000, -1.330, -1.254]
[WARN] [1781250864.652325362] [cartesian_streamer]: Service call timeout (500ms). Resetting inflight flag.
[INFO] [1781250864.717549995] [cartesian_streamer]: IK delta clamped → joints: [1.379, 0.785, 0.532, 0.000, -1.402, -1.252]
[INFO] [1781250865.412760609] [cartesian_streamer]: QueueTrajPoint accepted #560: t=10.460s, hold=False
[WARN] [1781250865.899877762] [cartesian_streamer]: Queue BUSY, sẽ resend (backoff 66ms): msg="Busy processing the previous trajectory point. Please resend the next point shortly"
[INFO] [1781250866.384163450] [cartesian_streamer]: IK OK → Δmax=0.0000 rad, joints: [1.369, 0.921, 0.813, 0.000, -1.464, -1.241]
[INFO] [1781250867.653604920] [cartesian_streamer]: QueueTrajPoint accepted #580: t=12.258s, hold=False
[INFO] [1781250868.382955089] [cartesian_streamer]: Runtime rate: state=streaming, tick_hz=15.0, queue_send_hz=7.9, ack_hz=7.7, busy_hz=0.2, retry_count=1, reject_count=0, inter_ack_ms=131.2, max_joint_delta=0.085, cumul_time=12.99s, hold_count=0, ik_mode=Local, ik_avg_ms=9.80, ik_fails=316
[INFO] [1781250868.384248319] [cartesian_streamer]: IK OK → Δmax=0.0379 rad, joints: [1.343, 0.908, 0.762, 0.000, -1.425, -1.216]
[INFO] [1781250870.076295362] [cartesian_streamer]: QueueTrajPoint accepted #600: t=14.528s, hold=False
[INFO] [1781250870.450467439] [cartesian_streamer]: IK OK → Δmax=0.0100 rad, joints: [1.328, 0.909, 0.767, 0.000, -1.429, -1.201]
[INFO] [1781250872.517213126] [cartesian_streamer]: IK OK → Δmax=0.0000 rad, joints: [1.320, 0.897, 0.737, 0.000, -1.412, -1.193]
[INFO] [1781250872.789621042] [cartesian_streamer]: QueueTrajPoint accepted #620: t=17.193s, hold=False
[INFO] [1781250873.450721310] [cartesian_streamer]: Runtime rate: state=streaming, tick_hz=15.0, queue_send_hz=7.5, ack_hz=7.7, busy_hz=0.0, retry_count=0, reject_count=0, inter_ack_ms=132.1, max_joint_delta=0.038, cumul_time=17.72s, hold_count=0, ik_mode=Local, ik_avg_ms=9.03, ik_fails=316
[INFO] [1781250874.583885360] [cartesian_streamer]: IK OK → Δmax=0.0000 rad, joints: [1.301, 0.850, 0.647, 0.000, -1.368, -1.174]
[INFO] [1781250875.685669530] [cartesian_streamer]: QueueTrajPoint accepted #640: t=19.458s, hold=False
[WARN] [1781250876.202859790] [cartesian_streamer]: Queue BUSY, sẽ resend (backoff 66ms): msg="Busy processing the previous trajectory point. Please resend the next point shortly"
[INFO] [1781250876.650264505] [cartesian_streamer]: IK OK → Δmax=0.0000 rad, joints: [1.294, 0.836, 0.618, 0.000, -1.353, -1.167]
[INFO] [1781250878.516607638] [cartesian_streamer]: Runtime rate: state=streaming, tick_hz=15.0, queue_send_hz=6.9, ack_hz=6.5, busy_hz=0.2, retry_count=1, reject_count=0, inter_ack_ms=147.0, max_joint_delta=0.048, cumul_time=21.79s, hold_count=0, ik_mode=Local, ik_avg_ms=8.39, ik_fails=316
[WARN] [1781250878.517235185] [cartesian_streamer]: Target stream stale: không có target mới trong 3.4s
[INFO] [1781250878.650416233] [cartesian_streamer]: IK OK → Δmax=0.0000 rad, joints: [1.294, 0.836, 0.618, 0.000, -1.353, -1.167]
[WARN] [1781250878.851822691] [cartesian_streamer]: Service call timeout (500ms). Resetting inflight flag.
[INFO] [1781250879.422469769] [cartesian_streamer]: QueueTrajPoint accepted #660: t=21.992s, hold=False
[WARN] [1781250879.695751434] [cartesian_streamer]: Queue BUSY, sẽ resend (backoff 66ms): msg="Busy processing the previous trajectory point. Please resend the next point shortly"
[INFO] [1781250880.650842500] [cartesian_streamer]: IK OK → Δmax=0.0000 rad, joints: [1.294, 0.836, 0.618, 0.000, -1.353, -1.167]
[WARN] [1781250881.049558973] [cartesian_streamer]: QueueTrajPoint đã được accept nhưng joint_states hầu như không đổi. Kiểm tra: 1) Robot ở mode AUTO? 2) Servo ON? 3) E-stop cleared?
[INFO] [1781250882.577865940] [cartesian_streamer]: QueueTrajPoint accepted #680: t=24.657s, hold=False
[INFO] [1781250882.651511415] [cartesian_streamer]: IK OK → Δmax=0.0000 rad, joints: [1.294, 0.836, 0.618, 0.000, -1.353, -1.167]
[INFO] [1781250883.582678474] [cartesian_streamer]: Runtime rate: state=streaming, tick_hz=15.0, queue_send_hz=6.1, ack_hz=5.9, busy_hz=0.2, retry_count=1, reject_count=0, inter_ack_ms=170.5, max_joint_delta=0.000, cumul_time=25.59s, hold_count=0, ik_mode=Local, ik_avg_ms=7.84, ik_fails=316
[WARN] [1781250883.582988789] [cartesian_streamer]: Target stream stale: không có target mới trong 8.5s
[WARN] [1781250884.528574368] [cartesian_streamer]: Queue BUSY, sẽ resend (backoff 66ms): msg="Busy processing the previous trajectory point. Please resend the next point shortly"
[INFO] [1781250884.718720817] [cartesian_streamer]: IK OK → Δmax=0.0000 rad, joints: [1.294, 0.836, 0.618, 0.000, -1.353, -1.167]
[INFO] [1781250885.200180634] [cartesian_streamer]: QueueTrajPoint accepted #700: t=26.992s, hold=False
[INFO] [1781250886.783816416] [cartesian_streamer]: IK OK → Δmax=0.0000 rad, joints: [1.300, 0.940, 0.851, 0.000, -1.482, -1.173]
[INFO] [1781250887.105173662] [cartesian_streamer]: QueueTrajPoint accepted #720: t=28.788s, hold=False
[INFO] [1781250888.583246671] [cartesian_streamer]: Runtime rate: state=streaming, tick_hz=15.0, queue_send_hz=9.6, ack_hz=9.4, busy_hz=0.2, retry_count=1, reject_count=0, inter_ack_ms=108.3, max_joint_delta=0.054, cumul_time=30.32s, hold_count=0, ik_mode=Local, ik_avg_ms=7.38, ik_fails=316
[INFO] [1781250888.849919189] [cartesian_streamer]: IK OK → Δmax=0.0000 rad, joints: [1.290, 0.889, 0.703, 0.000, -1.385, -1.163]
[INFO] [1781250888.938283762] [cartesian_streamer]: QueueTrajPoint accepted #740: t=30.721s, hold=False
[WARN] [1781250890.391936231] [cartesian_streamer]: Queue BUSY, sẽ resend (backoff 66ms): msg="Busy processing the previous trajectory point. Please resend the next point shortly"
[INFO] [1781250890.851600025] [cartesian_streamer]: IK OK → Δmax=0.0229 rad, joints: [1.290, 0.864, 0.639, 0.000, -1.346, -1.163]
[INFO] [1781250891.873721574] [cartesian_streamer]: QueueTrajPoint accepted #760: t=32.919s, hold=False
[INFO] [1781250892.917006905] [cartesian_streamer]: IK OK → Δmax=0.0000 rad, joints: [1.289, 0.883, 0.684, 0.000, -1.373, -1.162]
[WARN] [1781250893.512283001] [cartesian_streamer]: Queue BUSY, sẽ resend (backoff 66ms): msg="Busy processing the previous trajectory point. Please resend the next point shortly"
[INFO] [1781250893.649673872] [cartesian_streamer]: Runtime rate: state=streaming, tick_hz=15.0, queue_send_hz=7.3, ack_hz=6.9, busy_hz=0.4, retry_count=2, reject_count=0, inter_ack_ms=140.6, max_joint_delta=0.041, cumul_time=34.39s, hold_count=0, ik_mode=Local, ik_avg_ms=6.97, ik_fails=316
[INFO] [1781250894.647871990] [cartesian_streamer]: QueueTrajPoint accepted #780: t=35.254s, hold=False
[INFO] [1781250894.917008492] [cartesian_streamer]: IK OK → Δmax=0.0000 rad, joints: [1.289, 0.883, 0.684, 0.000, -1.373, -1.162]
[INFO] [1781250896.917132296] [cartesian_streamer]: IK OK → Δmax=0.0000 rad, joints: [1.289, 0.883, 0.684, 0.000, -1.373, -1.162]
[INFO] [1781250897.034369054] [cartesian_streamer]: QueueTrajPoint accepted #800: t=37.519s, hold=False
[WARN] [1781250898.050093116] [cartesian_streamer]: QueueTrajPoint đã được accept nhưng joint_states hầu như không đổi. Kiểm tra: 1) Robot ở mode AUTO? 2) Servo ON? 3) E-stop cleared?
[INFO] [1781250898.716281425] [cartesian_streamer]: Runtime rate: state=streaming, tick_hz=15.0, queue_send_hz=8.5, ack_hz=8.5, busy_hz=0.0, retry_count=0, reject_count=0, inter_ack_ms=119.2, max_joint_delta=0.000, cumul_time=39.12s, hold_count=0, ik_mode=Local, ik_avg_ms=6.58, ik_fails=316
[WARN] [1781250898.716585045] [cartesian_streamer]: Target stream stale: không có target mới trong 6.8s
[WARN] [1781250898.927882280] [cartesian_streamer]: Queue BUSY, sẽ resend (backoff 66ms): msg="Busy processing the previous trajectory point. Please resend the next point shortly"
[INFO] [1781250899.050050478] [cartesian_streamer]: IK OK → Δmax=0.0000 rad, joints: [1.289, 0.883, 0.684, 0.000, -1.373, -1.162]
[INFO] [1781250899.679092316] [cartesian_streamer]: QueueTrajPoint accepted #820: t=39.785s, hold=False
[INFO] [1781250901.050657144] [cartesian_streamer]: IK OK → Δmax=0.0000 rad, joints: [1.289, 0.883, 0.684, 0.000, -1.373, -1.162]
[INFO] [1781250902.579183990] [cartesian_streamer]: QueueTrajPoint accepted #840: t=42.184s, hold=False
[WARN] [1781250903.116368133] [cartesian_streamer]: QueueTrajPoint đã được accept nhưng joint_states hầu như không đổi. Kiểm tra: 1) Robot ở mode AUTO? 2) Servo ON? 3) E-stop cleared?
[INFO] [1781250903.117478207] [cartesian_streamer]: IK OK → Δmax=0.0000 rad, joints: [1.289, 0.883, 0.684, 0.000, -1.373, -1.162]
[INFO] [1781250903.782766864] [cartesian_streamer]: Runtime rate: state=streaming, tick_hz=15.0, queue_send_hz=7.3, ack_hz=7.3, busy_hz=0.2, retry_count=1, reject_count=0, inter_ack_ms=142.4, max_joint_delta=0.000, cumul_time=43.32s, hold_count=0, ik_mode=Local, ik_avg_ms=6.24, ik_fails=316
[WARN] [1781250903.783360630] [cartesian_streamer]: Target stream stale: không có target mới trong 11.8s
[INFO] [1781250905.160119873] [cartesian_streamer]: QueueTrajPoint accepted #860: t=44.516s, hold=False
[INFO] [1781250905.184021546] [cartesian_streamer]: IK OK → Δmax=0.0000 rad, joints: [1.289, 0.883, 0.684, 0.000, -1.373, -1.162]
[WARN] [1781250905.324872154] [cartesian_streamer]: Queue BUSY, sẽ resend (backoff 66ms): msg="Busy processing the previous trajectory point. Please resend the next point shortly"
[INFO] [1781250907.250541491] [cartesian_streamer]: IK OK → Δmax=0.0000 rad, joints: [1.289, 0.883, 0.684, 0.000, -1.373, -1.162]
[WARN] [1781250908.119666769] [cartesian_streamer]: Queue BUSY, sẽ resend (backoff 66ms): msg="Busy processing the previous trajectory point. Please resend the next point shortly"
[WARN] [1781250908.183112482] [cartesian_streamer]: QueueTrajPoint đã được accept nhưng joint_states hầu như không đổi. Kiểm tra: 1) Robot ở mode AUTO? 2) Servo ON? 3) E-stop cleared?
[INFO] [1781250908.370387040] [cartesian_streamer]: QueueTrajPoint accepted #880: t=47.118s, hold=False
[INFO] [1781250908.849809136] [cartesian_streamer]: Runtime rate: state=streaming, tick_hz=15.0, queue_send_hz=7.1, ack_hz=6.5, busy_hz=0.4, retry_count=2, reject_count=0, inter_ack_ms=150.2, max_joint_delta=0.000, cumul_time=47.58s, hold_count=0, ik_mode=Local, ik_avg_ms=5.94, ik_fails=316
[WARN] [1781250908.850384888] [cartesian_streamer]: Target stream stale: không có target mới trong 16.9s
[INFO] [1781250909.317161209] [cartesian_streamer]: IK OK → Δmax=0.0000 rad, joints: [1.289, 0.883, 0.684, 0.000, -1.373, -1.162]
[WARN] [1781250909.850648039] [cartesian_streamer]: Service call timeout (500ms). Resetting inflight flag.
[WARN] [1781250910.384060392] [cartesian_streamer]: Service call timeout (500ms). Resetting inflight flag.
[WARN] [1781250910.917033586] [cartesian_streamer]: Service call timeout (500ms). Resetting inflight flag.
[INFO] [1781250911.383451210] [cartesian_streamer]: IK OK → Δmax=0.0000 rad, joints: [1.289, 0.883, 0.684, 0.000, -1.373, -1.162]
[WARN] [1781250911.451282484] [cartesian_streamer]: Service call timeout (500ms). Resetting inflight flag.
[WARN] [1781250911.984141634] [cartesian_streamer]: Service call timeout (500ms). Resetting inflight flag.
[WARN] [1781250912.517325764] [cartesian_streamer]: Service call timeout (500ms). Resetting inflight flag.
[WARN] [1781250913.050132911] [cartesian_streamer]: Service call timeout (500ms). Resetting inflight flag.
[WARN] [1781250913.183162554] [cartesian_streamer]: QueueTrajPoint đã được accept nhưng joint_states hầu như không đổi. Kiểm tra: 1) Robot ở mode AUTO? 2) Servo ON? 3) E-stop cleared?
[INFO] [1781250913.383679770] [cartesian_streamer]: IK OK → Δmax=0.0000 rad, joints: [1.289, 0.883, 0.684, 0.000, -1.373, -1.162]
[WARN] [1781250913.584248707] [cartesian_streamer]: Service call timeout (500ms). Resetting inflight flag.
[WARN] [1781250913.584902973] [cartesian_streamer]: Service queue_point/queue_traj_point chưa sẵn sàng.
[INFO] [1781250913.849939417] [cartesian_streamer]: Runtime rate: state=streaming, tick_hz=15.0, queue_send_hz=2.4, ack_hz=1.0, busy_hz=0.0, retry_count=0, reject_count=0, inter_ack_ms=114.8, max_joint_delta=0.000, cumul_time=49.52s, hold_count=0, ik_mode=Local, ik_avg_ms=5.66, ik_fails=316
[WARN] [1781250913.850532266] [cartesian_streamer]: Target stream stale: không có target mới trong 21.9s
[WARN] [1781250914.650072107] [cartesian_streamer]: Service queue_point/queue_traj_point chưa sẵn sàng.
[INFO] [1781250915.450484146] [cartesian_streamer]: IK OK → Δmax=0.0000 rad, joints: [1.289, 0.883, 0.684, 0.000, -1.373, -1.162]
[WARN] [1781250915.651559740] [cartesian_streamer]: Service queue_point/queue_traj_point chưa sẵn sàng.
[WARN] [1781250916.718822433] [cartesian_streamer]: Service queue_point/queue_traj_point chưa sẵn sàng.
[INFO] [1781250917.451011973] [cartesian_streamer]: IK OK → Δmax=0.0161 rad, joints: [1.288, 0.889, 0.674, 0.000, -1.357, -1.161]
[WARN] [1781250917.784225592] [cartesian_streamer]: Service queue_point/queue_traj_point chưa sẵn sàng.
[WARN] [1781250918.182887533] [cartesian_streamer]: QueueTrajPoint đã được accept nhưng joint_states hầu như không đổi. Kiểm tra: 1) Robot ở mode AUTO? 2) Servo ON? 3) E-stop cleared?
[INFO] [1781250918.861354629] [cartesian_streamer]: Disable Robot: dừng stream, tắt traj mode...
[INFO] [1781250918.862444113] [cartesian_streamer]: ✗ Robot DISABLED.
[WARN] [1781250919.066217400] [cartesian_streamer]: ⚠ Queue mode bị drop! Auto-recovery lần 1/3...
[INFO] [1781250919.567185451] [cartesian_streamer]: Auto-recovery: bắt đầu re-enable queue mode...
[INFO] [1781250919.567775926] [cartesian_streamer]: Enable: reset_error...
[INFO] [1781250919.686584751] [cartesian_streamer]: reset_error: code=1, msg="success"
[INFO] [1781250919.686845953] [cartesian_streamer]: Enable: stop_traj_mode (giải phóng mode cũ)...
[INFO] [1781250919.833948065] [cartesian_streamer]: stop_traj_mode: success=True, code=N/A, msg=""
[INFO] [1781250919.834445908] [cartesian_streamer]: Enable: chờ 1.5s để hệ thống ổn định trước khi start queue...
[INFO] [1781250921.335443790] [cartesian_streamer]: Enable: StartPointQueueMode...
[INFO] [1781250921.831507139] [cartesian_streamer]: StartPointQueueMode response: code=1, msg=""
[INFO] [1781250921.832050233] [cartesian_streamer]: ✓ Robot ENABLED — Point Queue Mode active. Servo ON!
[INFO] [1781250921.849549153] [cartesian_streamer]: Runtime rate: state=seeding, tick_hz=9.5, queue_send_hz=0.3, ack_hz=0.1, busy_hz=0.0, retry_count=0, reject_count=1, inter_ack_ms=9490.4, max_joint_delta=0.040, cumul_time=0.00s, hold_count=0, ik_mode=Local, ik_avg_ms=5.41, ik_fails=316
[WARN] [1781250921.850016436] [cartesian_streamer]: Target stream stale: không có target mới trong 4.4s
[INFO] [1781250921.850811166] [cartesian_streamer]: Bootstrap EE pose via FK: (0.1310, 1.0354, 0.4906)
[INFO] [1781250921.851395926] [cartesian_streamer]: Đã gửi seed point (current joints, t=0), chờ ACK...
[INFO] [1781250921.861151667] [cartesian_streamer]: Seed ACK nhận được, bắt đầu prebuffer.
[INFO] [1781250922.128377016] [cartesian_streamer]: Pre-buffer hoàn tất (3 points), bắt đầu stream ổn định. Đang chờ target...
[INFO] [1781250922.903120652] [cartesian_streamer]: QueueTrajPoint accepted #900: t=0.931s, hold=True
[WARN] [1781250924.249443575] [cartesian_streamer]: Service call timeout (500ms). Resetting inflight flag.
[WARN] [1781250924.598900507] [cartesian_streamer]: Queue BUSY, sẽ resend (backoff 66ms): msg="Busy processing the previous trajectory point. Please resend the next point shortly"
[INFO] [1781250926.785543358] [cartesian_streamer]: QueueTrajPoint accepted #920: t=3.664s, hold=True
[INFO] [1781250926.850923618] [cartesian_streamer]: Runtime rate: state=streaming, tick_hz=15.0, queue_send_hz=6.6, ack_hz=6.2, busy_hz=0.2, retry_count=1, reject_count=0, inter_ack_ms=257.6, max_joint_delta=0.000, cumul_time=3.66s, hold_count=31, ik_mode=Local, ik_avg_ms=5.41, ik_fails=316
[WARN] [1781250926.851536552] [cartesian_streamer]: Target stream stale: không có target mới trong 9.4s
[INFO] [1781250929.369489338] [cartesian_streamer]: QueueTrajPoint accepted #940: t=5.864s, hold=True
[INFO] [1781250931.916802287] [cartesian_streamer]: Runtime rate: state=streaming, tick_hz=15.0, queue_send_hz=7.5, ack_hz=7.3, busy_hz=0.0, retry_count=0, reject_count=0, inter_ack_ms=135.8, max_joint_delta=0.000, cumul_time=8.06s, hold_count=69, ik_mode=Local, ik_avg_ms=5.41, ik_fails=316
[WARN] [1781250931.917818824] [cartesian_streamer]: Target stream stale: không có target mới trong 14.4s
[INFO] [1781250932.277095039] [cartesian_streamer]: QueueTrajPoint accepted #960: t=8.264s, hold=True
[INFO] [1781250934.577157585] [cartesian_streamer]: QueueTrajPoint accepted #980: t=10.530s, hold=True
[INFO] [1781250936.718420524] [cartesian_streamer]: QueueTrajPoint accepted #1000: t=12.597s, hold=True
[INFO] [1781250936.983591821] [cartesian_streamer]: Runtime rate: state=streaming, tick_hz=15.0, queue_send_hz=8.7, ack_hz=8.7, busy_hz=0.0, retry_count=0, reject_count=0, inter_ack_ms=115.8, max_joint_delta=0.000, cumul_time=12.93s, hold_count=113, ik_mode=Local, ik_avg_ms=5.41, ik_fails=316
[WARN] [1781250936.983928724] [cartesian_streamer]: Target stream stale: không có target mới trong 19.5s
[INFO] [1781250938.923084901] [cartesian_streamer]: QueueTrajPoint accepted #1020: t=14.730s, hold=True
[INFO] [1781250941.544478038] [cartesian_streamer]: QueueTrajPoint accepted #1040: t=17.196s, hold=True
[INFO] [1781250942.049859231] [cartesian_streamer]: Runtime rate: state=streaming, tick_hz=15.0, queue_send_hz=8.1, ack_hz=8.3, busy_hz=0.0, retry_count=0, reject_count=0, inter_ack_ms=122.0, max_joint_delta=0.000, cumul_time=17.46s, hold_count=154, ik_mode=Local, ik_avg_ms=5.41, ik_fails=316
[WARN] [1781250942.050436742] [cartesian_streamer]: Target stream stale: không có target mới trong 24.6s
[INFO] [1781250944.302977337] [cartesian_streamer]: QueueTrajPoint accepted #1060: t=19.594s, hold=True
[WARN] [1781250946.722035913] [cartesian_streamer]: Queue BUSY, sẽ resend (backoff 66ms): msg="Busy processing the previous trajectory point. Please resend the next point shortly"
[INFO] [1781250947.116521465] [cartesian_streamer]: Runtime rate: state=streaming, tick_hz=15.0, queue_send_hz=7.3, ack_hz=6.9, busy_hz=0.2, retry_count=1, reject_count=0, inter_ack_ms=141.3, max_joint_delta=0.000, cumul_time=22.06s, hold_count=190, ik_mode=Local, ik_avg_ms=5.41, ik_fails=316
[WARN] [1781250947.117146761] [cartesian_streamer]: Target stream stale: không có target mới trong 29.6s
[INFO] [1781250947.365097043] [cartesian_streamer]: QueueTrajPoint accepted #1080: t=22.260s, hold=True
[INFO] [1781250950.083755452] [cartesian_streamer]: QueueTrajPoint accepted #1100: t=24.660s, hold=True
[WARN] [1781250950.660276429] [cartesian_streamer]: Queue BUSY, sẽ resend (backoff 66ms): msg="Busy processing the previous trajectory point. Please resend the next point shortly"
[INFO] [1781250952.182858620] [cartesian_streamer]: Runtime rate: state=streaming, tick_hz=15.0, queue_send_hz=7.3, ack_hz=7.3, busy_hz=0.2, retry_count=1, reject_count=0, inter_ack_ms=140.8, max_joint_delta=0.000, cumul_time=26.39s, hold_count=226, ik_mode=Local, ik_avg_ms=5.41, ik_fails=316
[WARN] [1781250952.183497185] [cartesian_streamer]: Target stream stale: không có target mới trong 34.7s
[INFO] [1781250952.836876668] [cartesian_streamer]: QueueTrajPoint accepted #1120: t=27.059s, hold=True
[INFO] [1781250955.004132516] [cartesian_streamer]: Graceful shutdown: tắt Point Queue Mode trước khi thoát...
[WARN] [1781250955.005859100] [cartesian_streamer]: Lỗi khi shutdown: failed to check service availability: rcl node's context is invalid, at ./src/rcl/node.c:428
[INFO] [1781250955.006883783] [cartesian_streamer]: Shutdown hoàn tất. Tủ điện sẽ KHÔNG bị alarm.
