[INFO] [1779685610.293212705] [trajectory_predictor]: [Predictor] Worker launched (pid=59673)
[INFO] [1779685610.294902685] [trajectory_predictor]: [Predictor] Started | model=gru | window=20 | auto_start=True
[WARN] [1779685611.772757296] [trajectory_predictor]: [Worker STDERR] /usr/lib/python3/dist-packages/scipy/__init__.py:146: UserWarning: A NumPy version >=1.17.3 and <1.25.0 is required for this version of SciPy (detected version 1.26.4
[WARN] [1779685611.773333148] [trajectory_predictor]: [Worker STDERR] warnings.warn(f"A NumPy version >={np_minversion} and <{np_maxversion}"
[WARN] [1779685612.744192137] [trajectory_predictor]: [Worker STDERR] /home/duy/.local/lib/python3.10/site-packages/sklearn/base.py:442: InconsistentVersionWarning: Trying to unpickle estimator MinMaxScaler from version 1.6.1 when using version 1.7.2. This might lead to breaking code or invalid results. Use at your own risk. For more info please refer to:
[WARN] [1779685612.744780103] [trajectory_predictor]: [Worker STDERR] https://scikit-learn.org/stable/model_persistence.html#security-maintainability-limitations
[INFO] [1779685612.745033278] [trajectory_predictor]: [Worker] TF 2.21.0 and sklearn loaded
[WARN] [1779685612.745204803] [trajectory_predictor]: [Worker STDERR] warnings.warn(
[INFO] [1779685613.469330672] [trajectory_predictor]: [Predictor] Worker READY | model=gru
[WARN] [1779685640.503211397] [trajectory_predictor]: [Worker STDERR] Traceback (most recent call last):
[WARN] [1779685640.504030345] [trajectory_predictor]: [Worker STDERR] File "/home/duy/cocarry_ws/install/trajectory_predictor/lib/python3.10/site-packages/trajectory_predictor/inference_worker.py", line 255, in <module>
[WARN] [1779685640.504682112] [trajectory_predictor]: [Worker STDERR] main()
[WARN] [1779685640.505316829] [trajectory_predictor]: [Worker STDERR] File "/home/duy/cocarry_ws/install/trajectory_predictor/lib/python3.10/site-packages/trajectory_predictor/inference_worker.py", line 233, in main
[WARN] [1779685640.506132552] [trajectory_predictor]: [Worker STDERR] input_scaled = scale_input(input_batch)
[WARN] [1779685640.506790764] [trajectory_predictor]: [Worker STDERR] File "/home/duy/cocarry_ws/install/trajectory_predictor/lib/python3.10/site-packages/trajectory_predictor/inference_worker.py", line 143, in scale_input
[WARN] [1779685640.507418214] [trajectory_predictor]: [Worker STDERR] scaled[0, :, i] = scaler_x[axis].transform(
[WARN] [1779685640.508225412] [trajectory_predictor]: [Worker STDERR] File "/home/duy/.local/lib/python3.10/site-packages/sklearn/utils/_set_output.py", line 316, in wrapped
[WARN] [1779685640.509045689] [trajectory_predictor]: [Worker STDERR] data_to_wrap = f(self, X, *args, **kwargs)
[WARN] [1779685640.509773569] [trajectory_predictor]: [Worker STDERR] File "/home/duy/.local/lib/python3.10/site-packages/sklearn/preprocessing/_data.py", line 541, in transform
[WARN] [1779685640.510410476] [trajectory_predictor]: [Worker STDERR] check_is_fitted(self)
[WARN] [1779685640.511057323] [trajectory_predictor]: [Worker STDERR] File "/home/duy/.local/lib/python3.10/site-packages/sklearn/utils/validation.py", line 1748, in check_is_fitted
[WARN] [1779685640.511724888] [trajectory_predictor]: [Worker STDERR] tags = get_tags(estimator)
[WARN] [1779685640.512355511] [trajectory_predictor]: [Worker STDERR] File "/home/duy/.local/lib/python3.10/site-packages/sklearn/utils/_tags.py", line 325, in get_tags
[WARN] [1779685640.513092746] [trajectory_predictor]: [Worker STDERR] tags = estimator.__sklearn_tags__()
[WARN] [1779685640.513765876] [trajectory_predictor]: [Worker STDERR] File "/home/duy/.local/lib/python3.10/site-packages/sklearn/preprocessing/_data.py", line 599, in __sklearn_tags__
[WARN] [1779685640.514410657] [trajectory_predictor]: [Worker STDERR] tags = super().__sklearn_tags__()
[WARN] [1779685640.515104625] [trajectory_predictor]: [Worker STDERR] File "/home/duy/.local/lib/python3.10/site-packages/sklearn/base.py", line 835, in __sklearn_tags__
[WARN] [1779685640.515867052] [trajectory_predictor]: [Worker STDERR] tags = super().__sklearn_tags__()
[WARN] [1779685640.516498248] [trajectory_predictor]: [Worker STDERR] File "/home/duy/.local/lib/python3.10/site-packages/sklearn/base.py", line 457, in __sklearn_tags__
[WARN] [1779685640.517205933] [trajectory_predictor]: [Worker STDERR] target_tags=TargetTags(required=False),
[WARN] [1779685640.517840444] [trajectory_predictor]: [Worker STDERR] KeyboardInterrupt
