[INFO] [1779784575.834923584] [coord_transform]: CoordTransformNode khởi động.
  Object offset (cam frame): [0.05 0.   0.1 ]
  Translation cam→base:      [0.5 0.  1.2]
  EE orientation (xyzw):     [0.0, 1.0, 0.0, 0.0]
  Prediction step:           5
  Axis remap:                [0, 1, 2]
  Axis sign:                 [-1.0, 1.0, 1.0]
  Workspace X: (-1.0, 1.0), Y: (-0.5, 1.3), Z: (0.05, 1.5)
  Filter outlier_threshold:  0.15m
  Filter median_size_y:      3
  Filter deadband_tol:       25.0mm
  Filter stationary_thresh:  3 frames
  Filter max_rate:           5.0cm/frame
  Filter EMA moving(x,y,z):  (0.75,0.5,0.75)
  Filter EMA hold  (x,y,z):  (0.08,0.02,0.05)
[INFO] [1779784615.217997294] [coord_transform]: Đã chuyển mode: ground_truth -> prediction
[WARN] [1779784629.016205522] [coord_transform]: Outlier rejected #1 (jumped 1055.7mm). Ignoring.
[WARN] [1779784629.049855960] [coord_transform]: Outlier rejected #2 (jumped 1062.9mm). Ignoring.
[WARN] [1779784629.078138698] [coord_transform]: Outlier rejected #3 (jumped 1056.8mm). Ignoring.
[WARN] [1779784629.112272898] [coord_transform]: Outlier rejected #4 (jumped 1055.8mm). Ignoring.
[INFO] [1779784629.147976806] [coord_transform]: Too many outliers (5). Resetting filter to new position.
[INFO] [1779784636.164562963] [coord_transform]: Captured Init Pose! P_init=(-0.164, 0.263, 0.395), Cam_init=(0.001, -0.001, 0.000), Noise_Tol=14.4mm
Orientation=(0.717, 0.696, -0.032, 0.022)
[INFO] [1779784636.190900683] [coord_transform]: Deadband: RELEASE — motion detected
[INFO] [1779784636.325860168] [coord_transform]: Deadband: HOLD at (0.001, -0.001, 0.000)
[INFO] [1779784648.420347091] [coord_transform]: Re-sync camera init: [0.002 0.002 0.   ]
[INFO] [1779784648.421349822] [coord_transform]: Trạng thái tracking: RUNNING
[INFO] [1779784648.427971426] [coord_transform]: Deadband: RELEASE — motion detected
[INFO] [1779784648.571799281] [coord_transform]: Deadband: HOLD at (0.002, 0.002, 0.000)
[INFO] [1779784657.368351063] [coord_transform]: Trạng thái tracking: STOPPED
[WARN] [1779784670.272119963] [coord_transform]: Outlier rejected #1 (jumped 168.6mm). Ignoring.
[WARN] [1779784670.316844897] [coord_transform]: Outlier rejected #2 (jumped 387.9mm). Ignoring.
[WARN] [1779784670.350026861] [coord_transform]: Outlier rejected #3 (jumped 382.8mm). Ignoring.
[WARN] [1779784670.378488623] [coord_transform]: Outlier rejected #4 (jumped 390.7mm). Ignoring.
[INFO] [1779784670.424028964] [coord_transform]: Too many outliers (5). Resetting filter to new position.
[WARN] [1779784673.496303595] [coord_transform]: Outlier rejected #1 (jumped 333.9mm). Ignoring.
[WARN] [1779784673.523488254] [coord_transform]: Outlier rejected #2 (jumped 328.2mm). Ignoring.
[WARN] [1779784673.895824599] [coord_transform]: Outlier rejected #3 (jumped 394.0mm). Ignoring.
[WARN] [1779784673.924323023] [coord_transform]: Outlier rejected #4 (jumped 418.8mm). Ignoring.
[INFO] [1779784673.950821659] [coord_transform]: Too many outliers (5). Resetting filter to new position.
[WARN] [1779784674.275047760] [coord_transform]: Outlier rejected #1 (jumped 176.8mm). Ignoring.
[WARN] [1779784674.311290371] [coord_transform]: Outlier rejected #2 (jumped 188.7mm). Ignoring.
[WARN] [1779784674.342626116] [coord_transform]: Outlier rejected #3 (jumped 206.2mm). Ignoring.
[WARN] [1779784674.378346659] [coord_transform]: Outlier rejected #4 (jumped 217.7mm). Ignoring.
[INFO] [1779784674.412615130] [coord_transform]: Too many outliers (5). Resetting filter to new position.
[WARN] [1779784674.544594362] [coord_transform]: Outlier rejected #1 (jumped 249.7mm). Ignoring.
[WARN] [1779784674.960024585] [coord_transform]: Outlier rejected #2 (jumped 630.0mm). Ignoring.
[WARN] [1779784674.990394084] [coord_transform]: Outlier rejected #3 (jumped 704.6mm). Ignoring.
[WARN] [1779784675.021120906] [coord_transform]: Outlier rejected #4 (jumped 806.6mm). Ignoring.
[INFO] [1779784675.050472429] [coord_transform]: Too many outliers (5). Resetting filter to new position.
[WARN] [1779784675.911809402] [coord_transform]: Outlier rejected #1 (jumped 182.6mm). Ignoring.
[WARN] [1779784675.947855049] [coord_transform]: Outlier rejected #2 (jumped 356.0mm). Ignoring.
[WARN] [1779784675.978173541] [coord_transform]: Outlier rejected #3 (jumped 306.4mm). Ignoring.
[WARN] [1779784777.915925612] [coord_transform]: Outlier rejected #4 (jumped 802.7mm). Ignoring.
[INFO] [1779784778.158555127] [coord_transform]: Too many outliers (5). Resetting filter to new position.
[WARN] [1779784779.084389735] [coord_transform]: Outlier rejected #1 (jumped 1256.9mm). Ignoring.
[WARN] [1779784779.118662541] [coord_transform]: Outlier rejected #2 (jumped 1188.0mm). Ignoring.
[WARN] [1779784779.152342016] [coord_transform]: Outlier rejected #3 (jumped 1163.5mm). Ignoring.
[WARN] [1779784779.186634526] [coord_transform]: Outlier rejected #4 (jumped 1113.6mm). Ignoring.
[INFO] [1779784779.219588634] [coord_transform]: Too many outliers (5). Resetting filter to new position.
[WARN] [1779784779.390488661] [coord_transform]: Outlier rejected #1 (jumped 1457.2mm). Ignoring.
[WARN] [1779784779.425534324] [coord_transform]: Outlier rejected #2 (jumped 1451.7mm). Ignoring.
[WARN] [1779784779.457813503] [coord_transform]: Outlier rejected #3 (jumped 1427.9mm). Ignoring.
[WARN] [1779784779.742123729] [coord_transform]: Outlier rejected #1 (jumped 1262.2mm). Ignoring.
[WARN] [1779784779.784723821] [coord_transform]: Outlier rejected #2 (jumped 1274.7mm). Ignoring.
[WARN] [1779784780.087555005] [coord_transform]: Outlier rejected #1 (jumped 1197.5mm). Ignoring.
[WARN] [1779784780.166792424] [coord_transform]: Outlier rejected #1 (jumped 1168.6mm). Ignoring.
[WARN] [1779784780.751692087] [coord_transform]: Outlier rejected #1 (jumped 1021.4mm). Ignoring.
[WARN] [1779784780.783640377] [coord_transform]: Outlier rejected #2 (jumped 1013.1mm). Ignoring.
[WARN] [1779784780.819963094] [coord_transform]: Outlier rejected #3 (jumped 976.2mm). Ignoring.
[WARN] [1779784780.858349794] [coord_transform]: Outlier rejected #4 (jumped 972.3mm). Ignoring.
[WARN] [1779784781.139096125] [coord_transform]: Outlier rejected #1 (jumped 860.7mm). Ignoring.
[WARN] [1779784781.173106659] [coord_transform]: Outlier rejected #2 (jumped 862.6mm). Ignoring.
[WARN] [1779784781.203730804] [coord_transform]: Outlier rejected #3 (jumped 851.4mm). Ignoring.
[WARN] [1779784781.234656242] [coord_transform]: Outlier rejected #4 (jumped 252.5mm). Ignoring.
[INFO] [1779784781.265744027] [coord_transform]: Too many outliers (5). Resetting filter to new position.
[WARN] [1779784781.919641102] [coord_transform]: Outlier rejected #1 (jumped 487.9mm). Ignoring.
[WARN] [1779784781.952892963] [coord_transform]: Outlier rejected #2 (jumped 438.0mm). Ignoring.
[WARN] [1779784782.004829503] [coord_transform]: Outlier rejected #3 (jumped 646.5mm). Ignoring.
[WARN] [1779784782.037849342] [coord_transform]: Outlier rejected #4 (jumped 684.6mm). Ignoring.
[INFO] [1779784782.069483764] [coord_transform]: Too many outliers (5). Resetting filter to new position.
[WARN] [1779784782.404683970] [coord_transform]: Outlier rejected #1 (jumped 1039.8mm). Ignoring.
[WARN] [1779784782.436866667] [coord_transform]: Outlier rejected #2 (jumped 1009.8mm). Ignoring.
[WARN] [1779784782.469317805] [coord_transform]: Outlier rejected #3 (jumped 1001.2mm). Ignoring.
[WARN] [1779784782.498879111] [coord_transform]: Outlier rejected #4 (jumped 1008.2mm). Ignoring.
[INFO] [1779784782.542695416] [coord_transform]: Too many outliers (5). Resetting filter to new position.
[WARN] [1779784787.190852719] [coord_transform]: Outlier rejected #1 (jumped 436.9mm). Ignoring.
[WARN] [1779784787.257520040] [coord_transform]: Outlier rejected #1 (jumped 298.1mm). Ignoring.
[WARN] [1779784787.291837315] [coord_transform]: Outlier rejected #2 (jumped 309.3mm). Ignoring.
[WARN] [1779784787.357398908] [coord_transform]: Outlier rejected #1 (jumped 286.4mm). Ignoring.
[WARN] [1779785048.540045162] [coord_transform]: Outlier rejected #2 (jumped 2229.0mm). Ignoring.
[WARN] [1779785048.574807676] [coord_transform]: Outlier rejected #3 (jumped 2152.0mm). Ignoring.
[WARN] [1779785048.613822386] [coord_transform]: Outlier rejected #4 (jumped 2149.8mm). Ignoring.
[INFO] [1779785048.644852591] [coord_transform]: Too many outliers (5). Resetting filter to new position.
[WARN] [1779785073.227083606] [coord_transform]: Outlier rejected #1 (jumped 167.4mm). Ignoring.
[WARN] [1779785073.267754587] [coord_transform]: Outlier rejected #2 (jumped 223.2mm). Ignoring.
[WARN] [1779785073.294907039] [coord_transform]: Outlier rejected #3 (jumped 236.6mm). Ignoring.
[WARN] [1779785073.328737541] [coord_transform]: Outlier rejected #4 (jumped 261.1mm). Ignoring.
[INFO] [1779785073.455522311] [coord_transform]: Too many outliers (5). Resetting filter to new position.
[WARN] [1779785074.633005235] [coord_transform]: Outlier rejected #1 (jumped 251.6mm). Ignoring.
[WARN] [1779785074.692775533] [coord_transform]: Outlier rejected #2 (jumped 268.9mm). Ignoring.
[WARN] [1779785074.733275394] [coord_transform]: Outlier rejected #3 (jumped 234.8mm). Ignoring.
[WARN] [1779785074.992445479] [coord_transform]: Outlier rejected #4 (jumped 255.3mm). Ignoring.
[INFO] [1779785075.034056777] [coord_transform]: Too many outliers (5). Resetting filter to new position.
[WARN] [1779785076.526797253] [coord_transform]: Outlier rejected #1 (jumped 197.2mm). Ignoring.
[WARN] [1779785076.568639899] [coord_transform]: Outlier rejected #2 (jumped 155.3mm). Ignoring.
[WARN] [1779785076.636363621] [coord_transform]: Outlier rejected #1 (jumped 206.9mm). Ignoring.
[WARN] [1779785076.668636588] [coord_transform]: Outlier rejected #2 (jumped 174.7mm). Ignoring.
[WARN] [1779785076.696873151] [coord_transform]: Outlier rejected #3 (jumped 218.2mm). Ignoring.
[WARN] [1779785076.732854339] [coord_transform]: Outlier rejected #4 (jumped 196.6mm). Ignoring.
[INFO] [1779785076.767083052] [coord_transform]: Too many outliers (5). Resetting filter to new position.
[WARN] [1779785081.529480091] [coord_transform]: Outlier rejected #1 (jumped 165.2mm). Ignoring.
[WARN] [1779785081.668105450] [coord_transform]: Outlier rejected #2 (jumped 204.5mm). Ignoring.
[WARN] [1779785081.700074587] [coord_transform]: Outlier rejected #3 (jumped 183.2mm). Ignoring.
[WARN] [1779785081.732870753] [coord_transform]: Outlier rejected #4 (jumped 160.1mm). Ignoring.
[INFO] [1779785081.769875557] [coord_transform]: Too many outliers (5). Resetting filter to new position.
[WARN] [1779785095.278959809] [coord_transform]: Outlier rejected #1 (jumped 160.8mm). Ignoring.
[WARN] [1779785097.049334862] [coord_transform]: Outlier rejected #1 (jumped 230.8mm). Ignoring.
[WARN] [1779785097.074514480] [coord_transform]: Outlier rejected #2 (jumped 277.3mm). Ignoring.
[WARN] [1779785097.117020592] [coord_transform]: Outlier rejected #3 (jumped 289.5mm). Ignoring.
[WARN] [1779785097.145596469] [coord_transform]: Outlier rejected #4 (jumped 289.2mm). Ignoring.
[INFO] [1779785097.176607908] [coord_transform]: Too many outliers (5). Resetting filter to new position.
[WARN] [1779785097.477845473] [coord_transform]: Outlier rejected #1 (jumped 229.3mm). Ignoring.
[WARN] [1779785097.513015382] [coord_transform]: Outlier rejected #2 (jumped 153.4mm). Ignoring.
[WARN] [1779785097.547014398] [coord_transform]: Outlier rejected #3 (jumped 183.9mm). Ignoring.
[WARN] [1779785107.345097958] [coord_transform]: Outlier rejected #1 (jumped 237.0mm). Ignoring.
[WARN] [1779785108.757237200] [coord_transform]: Outlier rejected #1 (jumped 199.9mm). Ignoring.
[WARN] [1779785108.783736894] [coord_transform]: Outlier rejected #2 (jumped 158.0mm). Ignoring.
[WARN] [1779785109.153947024] [coord_transform]: Outlier rejected #1 (jumped 219.8mm). Ignoring.
[WARN] [1779785109.185490607] [coord_transform]: Outlier rejected #2 (jumped 182.7mm). Ignoring.
[WARN] [1779785109.218217906] [coord_transform]: Outlier rejected #3 (jumped 178.0mm). Ignoring.
[WARN] [1779785109.251278662] [coord_transform]: Outlier rejected #4 (jumped 177.4mm). Ignoring.
[INFO] [1779785109.294682283] [coord_transform]: Too many outliers (5). Resetting filter to new position.
[WARN] [1779785109.686308564] [coord_transform]: Outlier rejected #1 (jumped 212.6mm). Ignoring.
[WARN] [1779785109.719265944] [coord_transform]: Outlier rejected #2 (jumped 154.8mm). Ignoring.
[WARN] [1779785110.520154149] [coord_transform]: Outlier rejected #1 (jumped 173.1mm). Ignoring.
[WARN] [1779785110.554449298] [coord_transform]: Outlier rejected #2 (jumped 184.1mm). Ignoring.
[WARN] [1779785113.390428621] [coord_transform]: Outlier rejected #1 (jumped 178.5mm). Ignoring.
[WARN] [1779785113.431453182] [coord_transform]: Outlier rejected #2 (jumped 194.0mm). Ignoring.
[WARN] [1779785113.467464102] [coord_transform]: Outlier rejected #3 (jumped 211.2mm). Ignoring.
[WARN] [1779785113.532738512] [coord_transform]: Outlier rejected #4 (jumped 189.8mm). Ignoring.
[INFO] [1779785113.724858779] [coord_transform]: Too many outliers (5). Resetting filter to new position.
[WARN] [1779785113.863263668] [coord_transform]: Outlier rejected #1 (jumped 153.4mm). Ignoring.
[WARN] [1779785113.921594420] [coord_transform]: Outlier rejected #1 (jumped 201.0mm). Ignoring.
[WARN] [1779785113.955867448] [coord_transform]: Outlier rejected #2 (jumped 183.0mm). Ignoring.
[WARN] [1779785114.226365230] [coord_transform]: Outlier rejected #1 (jumped 233.9mm). Ignoring.
[WARN] [1779785114.259712771] [coord_transform]: Outlier rejected #2 (jumped 184.6mm). Ignoring.
[WARN] [1779785114.288355412] [coord_transform]: Outlier rejected #3 (jumped 236.9mm). Ignoring.
[WARN] [1779785114.339691930] [coord_transform]: Outlier rejected #4 (jumped 221.9mm). Ignoring.
[WARN] [1779785114.487569901] [coord_transform]: Outlier rejected #1 (jumped 204.0mm). Ignoring.
[WARN] [1779785114.590067009] [coord_transform]: Outlier rejected #1 (jumped 181.8mm). Ignoring.
[WARN] [1779785114.624783566] [coord_transform]: Outlier rejected #2 (jumped 226.5mm). Ignoring.
[WARN] [1779785114.721446889] [coord_transform]: Outlier rejected #1 (jumped 156.4mm). Ignoring.
[WARN] [1779785115.223844490] [coord_transform]: Outlier rejected #1 (jumped 181.1mm). Ignoring.
[WARN] [1779785115.257010856] [coord_transform]: Outlier rejected #2 (jumped 185.2mm). Ignoring.
[WARN] [1779785115.361076685] [coord_transform]: Outlier rejected #1 (jumped 207.2mm). Ignoring.
[WARN] [1779785115.423530196] [coord_transform]: Outlier rejected #1 (jumped 167.1mm). Ignoring.
[WARN] [1779785116.021806921] [coord_transform]: Outlier rejected #1 (jumped 179.1mm). Ignoring.
[WARN] [1779785116.057339748] [coord_transform]: Outlier rejected #2 (jumped 208.7mm). Ignoring.
[WARN] [1779785116.090489116] [coord_transform]: Outlier rejected #3 (jumped 193.5mm). Ignoring.
[WARN] [1779785118.726419377] [coord_transform]: Outlier rejected #1 (jumped 151.7mm). Ignoring.
[WARN] [1779785119.670259102] [coord_transform]: Outlier rejected #1 (jumped 163.7mm). Ignoring.
[WARN] [1779785122.894519833] [coord_transform]: Outlier rejected #1 (jumped 164.6mm). Ignoring.
[WARN] [1779785123.561514813] [coord_transform]: Outlier rejected #1 (jumped 258.8mm). Ignoring.
[WARN] [1779785123.596866252] [coord_transform]: Outlier rejected #2 (jumped 246.1mm). Ignoring.
[WARN] [1779785123.929298743] [coord_transform]: Outlier rejected #1 (jumped 207.3mm). Ignoring.
[WARN] [1779785124.063235957] [coord_transform]: Outlier rejected #1 (jumped 196.9mm). Ignoring.
[WARN] [1779785124.098231488] [coord_transform]: Outlier rejected #2 (jumped 168.1mm). Ignoring.
[WARN] [1779785124.131032129] [coord_transform]: Outlier rejected #3 (jumped 247.3mm). Ignoring.
[WARN] [1779785124.703551168] [coord_transform]: Outlier rejected #1 (jumped 166.9mm). Ignoring.
[WARN] [1779785124.933722477] [coord_transform]: Outlier rejected #1 (jumped 191.4mm). Ignoring.
[WARN] [1779785125.365206141] [coord_transform]: Outlier rejected #1 (jumped 185.0mm). Ignoring.
[WARN] [1779785125.477240109] [coord_transform]: Outlier rejected #1 (jumped 170.8mm). Ignoring.
[WARN] [1779785127.999041984] [coord_transform]: Outlier rejected #1 (jumped 169.7mm). Ignoring.
[WARN] [1779785128.467816270] [coord_transform]: Outlier rejected #1 (jumped 159.6mm). Ignoring.
[WARN] [1779785128.501713688] [coord_transform]: Outlier rejected #2 (jumped 159.7mm). Ignoring.
[WARN] [1779785131.339873416] [coord_transform]: Outlier rejected #1 (jumped 220.2mm). Ignoring.
[WARN] [1779785131.370642609] [coord_transform]: Outlier rejected #2 (jumped 208.5mm). Ignoring.
[WARN] [1779785131.402402685] [coord_transform]: Outlier rejected #3 (jumped 233.9mm). Ignoring.
[WARN] [1779785131.437672170] [coord_transform]: Outlier rejected #4 (jumped 247.9mm). Ignoring.
[INFO] [1779785131.570867957] [coord_transform]: Too many outliers (5). Resetting filter to new position.
[WARN] [1779785132.005140030] [coord_transform]: Outlier rejected #1 (jumped 194.7mm). Ignoring.
[WARN] [1779785132.042211029] [coord_transform]: Outlier rejected #2 (jumped 168.4mm). Ignoring.
[WARN] [1779785132.141486950] [coord_transform]: Outlier rejected #1 (jumped 193.3mm). Ignoring.
[WARN] [1779785132.293941666] [coord_transform]: Outlier rejected #1 (jumped 195.1mm). Ignoring.
[WARN] [1779785133.194707259] [coord_transform]: Outlier rejected #1 (jumped 159.0mm). Ignoring.
[WARN] [1779785134.074578199] [coord_transform]: Outlier rejected #1 (jumped 152.5mm). Ignoring.
[WARN] [1779785134.716291939] [coord_transform]: Outlier rejected #1 (jumped 153.8mm). Ignoring.
[WARN] [1779785135.678417772] [coord_transform]: Outlier rejected #1 (jumped 165.1mm). Ignoring.
[WARN] [1779785139.411929076] [coord_transform]: Outlier rejected #1 (jumped 153.1mm). Ignoring.
[WARN] [1779785140.747803873] [coord_transform]: Outlier rejected #1 (jumped 190.1mm). Ignoring.
[WARN] [1779785158.670741701] [coord_transform]: Outlier rejected #1 (jumped 154.7mm). Ignoring.
[WARN] [1779785158.702775006] [coord_transform]: Outlier rejected #2 (jumped 200.3mm). Ignoring.
[WARN] [1779785158.766059701] [coord_transform]: Outlier rejected #1 (jumped 177.6mm). Ignoring.
[WARN] [1779785162.317272143] [coord_transform]: Outlier rejected #1 (jumped 159.5mm). Ignoring.
[WARN] [1779785162.474607026] [coord_transform]: Outlier rejected #1 (jumped 152.0mm). Ignoring.
[WARN] [1779785162.512945443] [coord_transform]: Outlier rejected #2 (jumped 193.1mm). Ignoring.
[WARN] [1779785162.541952384] [coord_transform]: Outlier rejected #3 (jumped 188.3mm). Ignoring.
[WARN] [1779785162.569967395] [coord_transform]: Outlier rejected #4 (jumped 205.8mm). Ignoring.
[WARN] [1779785163.437601761] [coord_transform]: Outlier rejected #1 (jumped 155.7mm). Ignoring.
[WARN] [1779785193.669897687] [coord_transform]: Outlier rejected #1 (jumped 259.5mm). Ignoring.
[WARN] [1779785193.710059291] [coord_transform]: Outlier rejected #2 (jumped 313.7mm). Ignoring.
[WARN] [1779785193.798681257] [coord_transform]: Outlier rejected #3 (jumped 302.2mm). Ignoring.
[WARN] [1779785196.175362254] [coord_transform]: Outlier rejected #4 (jumped 241.5mm). Ignoring.
[INFO] [1779785196.203719022] [coord_transform]: Too many outliers (5). Resetting filter to new position.
[WARN] [1779785209.483376503] [coord_transform]: Outlier rejected #1 (jumped 210.2mm). Ignoring.
[WARN] [1779785211.954209920] [coord_transform]: Outlier rejected #1 (jumped 183.4mm). Ignoring.
[WARN] [1779785212.086458827] [coord_transform]: Outlier rejected #1 (jumped 173.0mm). Ignoring.
[WARN] [1779785212.118784413] [coord_transform]: Outlier rejected #2 (jumped 201.5mm). Ignoring.
[WARN] [1779785212.155051421] [coord_transform]: Outlier rejected #3 (jumped 161.7mm). Ignoring.
[WARN] [1779785212.251911365] [coord_transform]: Outlier rejected #1 (jumped 150.8mm). Ignoring.
[WARN] [1779785212.551321560] [coord_transform]: Outlier rejected #1 (jumped 167.4mm). Ignoring.
[WARN] [1779785214.753904730] [coord_transform]: Outlier rejected #1 (jumped 187.0mm). Ignoring.
[WARN] [1779785214.788539287] [coord_transform]: Outlier rejected #2 (jumped 176.2mm). Ignoring.
[WARN] [1779785214.822959425] [coord_transform]: Outlier rejected #3 (jumped 153.1mm). Ignoring.
[WARN] [1779785218.856484849] [coord_transform]: Outlier rejected #1 (jumped 187.1mm). Ignoring.
[WARN] [1779785219.893909797] [coord_transform]: Outlier rejected #1 (jumped 184.4mm). Ignoring.
[WARN] [1779785220.325559339] [coord_transform]: Outlier rejected #1 (jumped 221.2mm). Ignoring.
[WARN] [1779785220.605094276] [coord_transform]: Outlier rejected #1 (jumped 196.0mm). Ignoring.
[WARN] [1779785221.480327546] [coord_transform]: Outlier rejected #1 (jumped 189.8mm). Ignoring.
[WARN] [1779785221.504908328] [coord_transform]: Outlier rejected #2 (jumped 248.0mm). Ignoring.
[WARN] [1779785224.988771869] [coord_transform]: Outlier rejected #3 (jumped 199.8mm). Ignoring.
[WARN] [1779785225.013029064] [coord_transform]: Outlier rejected #4 (jumped 158.0mm). Ignoring.
[WARN] [1779785228.670046595] [coord_transform]: Outlier rejected #1 (jumped 170.1mm). Ignoring.
[WARN] [1779785243.146416353] [coord_transform]: Outlier rejected #1 (jumped 248.2mm). Ignoring.
[WARN] [1779785243.182366881] [coord_transform]: Outlier rejected #2 (jumped 224.1mm). Ignoring.
[WARN] [1779785243.217009964] [coord_transform]: Outlier rejected #3 (jumped 220.9mm). Ignoring.
[WARN] [1779785243.948304608] [coord_transform]: Outlier rejected #4 (jumped 299.3mm). Ignoring.
[INFO] [1779785243.984080132] [coord_transform]: Too many outliers (5). Resetting filter to new position.
[WARN] [1779785244.416907440] [coord_transform]: Outlier rejected #1 (jumped 238.5mm). Ignoring.
[WARN] [1779785244.450798214] [coord_transform]: Outlier rejected #2 (jumped 166.1mm). Ignoring.
[WARN] [1779785248.290469866] [coord_transform]: Outlier rejected #1 (jumped 174.5mm). Ignoring.
[WARN] [1779785248.319455855] [coord_transform]: Outlier rejected #2 (jumped 180.8mm). Ignoring.
[WARN] [1779785248.519243710] [coord_transform]: Outlier rejected #1 (jumped 187.9mm). Ignoring.
[WARN] [1779785250.755334748] [coord_transform]: Outlier rejected #1 (jumped 217.8mm). Ignoring.
[WARN] [1779785250.791725275] [coord_transform]: Outlier rejected #2 (jumped 216.8mm). Ignoring.
[WARN] [1779785250.824092846] [coord_transform]: Outlier rejected #3 (jumped 216.8mm). Ignoring.
[WARN] [1779785250.858789632] [coord_transform]: Outlier rejected #4 (jumped 238.0mm). Ignoring.
[INFO] [1779785250.889643765] [coord_transform]: Too many outliers (5). Resetting filter to new position.
[WARN] [1779785252.256089393] [coord_transform]: Outlier rejected #1 (jumped 209.5mm). Ignoring.
[WARN] [1779785252.391874927] [coord_transform]: Outlier rejected #1 (jumped 194.5mm). Ignoring.
[WARN] [1779785263.506805045] [coord_transform]: Outlier rejected #1 (jumped 172.2mm). Ignoring.
[WARN] [1779785263.933493586] [coord_transform]: Outlier rejected #1 (jumped 217.0mm). Ignoring.
[WARN] [1779785263.970172934] [coord_transform]: Outlier rejected #2 (jumped 241.5mm). Ignoring.
[WARN] [1779785264.838049071] [coord_transform]: Outlier rejected #1 (jumped 241.9mm). Ignoring.
[WARN] [1779785264.934669677] [coord_transform]: Outlier rejected #2 (jumped 257.8mm). Ignoring.
[WARN] [1779785265.068142841] [coord_transform]: Outlier rejected #1 (jumped 164.2mm). Ignoring.
[WARN] [1779785265.268395573] [coord_transform]: Outlier rejected #1 (jumped 155.2mm). Ignoring.
[WARN] [1779785265.303289687] [coord_transform]: Outlier rejected #2 (jumped 184.3mm). Ignoring.
[WARN] [1779785265.337342854] [coord_transform]: Outlier rejected #3 (jumped 171.9mm). Ignoring.
[WARN] [1779785265.369873327] [coord_transform]: Outlier rejected #4 (jumped 186.0mm). Ignoring.
[INFO] [1779785265.415095777] [coord_transform]: Too many outliers (5). Resetting filter to new position.
[WARN] [1779785265.475462876] [coord_transform]: Outlier rejected #1 (jumped 267.0mm). Ignoring.
[WARN] [1779785265.503060727] [coord_transform]: Outlier rejected #2 (jumped 176.0mm). Ignoring.
[WARN] [1779785266.572301718] [coord_transform]: Outlier rejected #1 (jumped 182.2mm). Ignoring.
[WARN] [1779785267.171022866] [coord_transform]: Outlier rejected #1 (jumped 195.3mm). Ignoring.
[WARN] [1779785267.199924338] [coord_transform]: Outlier rejected #2 (jumped 180.9mm). Ignoring.
[WARN] [1779785267.397205551] [coord_transform]: Outlier rejected #1 (jumped 157.3mm). Ignoring.
[WARN] [1779785267.444932680] [coord_transform]: Outlier rejected #2 (jumped 159.8mm). Ignoring.
[WARN] [1779785267.474710357] [coord_transform]: Outlier rejected #3 (jumped 159.1mm). Ignoring.
[WARN] [1779785267.508123796] [coord_transform]: Outlier rejected #4 (jumped 176.4mm). Ignoring.
[INFO] [1779785267.543818487] [coord_transform]: Too many outliers (5). Resetting filter to new position.
[WARN] [1779785267.640096038] [coord_transform]: Outlier rejected #1 (jumped 256.4mm). Ignoring.
[WARN] [1779785267.672754280] [coord_transform]: Outlier rejected #2 (jumped 201.4mm). Ignoring.
[WARN] [1779785267.920244264] [coord_transform]: Outlier rejected #1 (jumped 217.8mm). Ignoring.
[WARN] [1779785267.948608983] [coord_transform]: Outlier rejected #2 (jumped 224.8mm). Ignoring.
[WARN] [1779785268.007545910] [coord_transform]: Outlier rejected #1 (jumped 166.2mm). Ignoring.
[WARN] [1779785269.574410176] [coord_transform]: Outlier rejected #1 (jumped 215.7mm). Ignoring.
[WARN] [1779785271.375079016] [coord_transform]: Outlier rejected #1 (jumped 201.8mm). Ignoring.
[WARN] [1779785271.648974959] [coord_transform]: Outlier rejected #1 (jumped 205.8mm). Ignoring.
[WARN] [1779785277.550056336] [coord_transform]: Outlier rejected #1 (jumped 152.7mm). Ignoring.
[WARN] [1779785277.922882147] [coord_transform]: Outlier rejected #2 (jumped 163.0mm). Ignoring.
[WARN] [1779785277.981596818] [coord_transform]: Outlier rejected #3 (jumped 158.0mm). Ignoring.
[WARN] [1779785279.951172558] [coord_transform]: Outlier rejected #1 (jumped 242.9mm). Ignoring.
[WARN] [1779785279.986923908] [coord_transform]: Outlier rejected #2 (jumped 241.8mm). Ignoring.
[WARN] [1779785280.018202953] [coord_transform]: Outlier rejected #3 (jumped 227.5mm). Ignoring.
[WARN] [1779785280.050960962] [coord_transform]: Outlier rejected #4 (jumped 186.1mm). Ignoring.
[WARN] [1779785299.710163625] [coord_transform]: Outlier rejected #1 (jumped 174.8mm). Ignoring.
[WARN] [1779785303.865398188] [coord_transform]: Outlier rejected #1 (jumped 903.2mm). Ignoring.
[WARN] [1779785303.891691150] [coord_transform]: Outlier rejected #2 (jumped 900.6mm). Ignoring.
[WARN] [1779785303.920690569] [coord_transform]: Outlier rejected #3 (jumped 908.6mm). Ignoring.
[WARN] [1779785303.948010710] [coord_transform]: Outlier rejected #4 (jumped 897.6mm). Ignoring.
[INFO] [1779785303.984562624] [coord_transform]: Too many outliers (5). Resetting filter to new position.
[WARN] [1779785305.811314962] [coord_transform]: Outlier rejected #1 (jumped 177.3mm). Ignoring.
[WARN] [1779785306.041585954] [coord_transform]: Outlier rejected #1 (jumped 192.0mm). Ignoring.
[WARN] [1779785306.077976348] [coord_transform]: Outlier rejected #2 (jumped 342.2mm). Ignoring.
[WARN] [1779785306.110316222] [coord_transform]: Outlier rejected #3 (jumped 579.9mm). Ignoring.
[WARN] [1779785306.143116028] [coord_transform]: Outlier rejected #4 (jumped 725.0mm). Ignoring.
[INFO] [1779785306.176875897] [coord_transform]: Too many outliers (5). Resetting filter to new position.
[WARN] [1779785306.318542975] [coord_transform]: Outlier rejected #1 (jumped 155.2mm). Ignoring.
[WARN] [1779785306.348755038] [coord_transform]: Outlier rejected #2 (jumped 172.4mm). Ignoring.
[WARN] [1779785306.383224972] [coord_transform]: Outlier rejected #3 (jumped 152.0mm). Ignoring.
[WARN] [1779785306.417705973] [coord_transform]: Outlier rejected #4 (jumped 204.4mm). Ignoring.
[WARN] [1779785306.476157947] [coord_transform]: Outlier rejected #1 (jumped 372.8mm). Ignoring.
[WARN] [1779785307.343125293] [coord_transform]: Outlier rejected #2 (jumped 365.8mm). Ignoring.
[WARN] [1779785307.376537141] [coord_transform]: Outlier rejected #3 (jumped 331.3mm). Ignoring.
[WARN] [1779785307.408517805] [coord_transform]: Outlier rejected #4 (jumped 289.7mm). Ignoring.
[INFO] [1779785307.445460785] [coord_transform]: Too many outliers (5). Resetting filter to new position.
[WARN] [1779785309.684715693] [coord_transform]: Outlier rejected #1 (jumped 156.0mm). Ignoring.
[WARN] [1779785316.988285073] [coord_transform]: Outlier rejected #1 (jumped 169.2mm). Ignoring.
[WARN] [1779785320.835811408] [coord_transform]: Outlier rejected #1 (jumped 1242.6mm). Ignoring.
[WARN] [1779785320.865526836] [coord_transform]: Outlier rejected #2 (jumped 1263.6mm). Ignoring.
[WARN] [1779785321.675883018] [coord_transform]: Outlier rejected #3 (jumped 151.8mm). Ignoring.
[WARN] [1779785330.687120928] [coord_transform]: Outlier rejected #1 (jumped 317.0mm). Ignoring.
[WARN] [1779785330.757627688] [coord_transform]: Outlier rejected #2 (jumped 267.1mm). Ignoring.
[WARN] [1779785331.643916391] [coord_transform]: Outlier rejected #3 (jumped 345.2mm). Ignoring.
[WARN] [1779785331.821453149] [coord_transform]: Outlier rejected #4 (jumped 444.6mm). Ignoring.
[INFO] [1779785340.047477752] [coord_transform]: Too many outliers (5). Resetting filter to new position.
[WARN] [1779785355.124505639] [coord_transform]: Outlier rejected #1 (jumped 1522.5mm). Ignoring.
[WARN] [1779785355.151678713] [coord_transform]: Outlier rejected #2 (jumped 1612.0mm). Ignoring.
[WARN] [1779785355.186254788] [coord_transform]: Outlier rejected #3 (jumped 1613.2mm). Ignoring.
[WARN] [1779785355.219409918] [coord_transform]: Outlier rejected #4 (jumped 1531.3mm). Ignoring.
[INFO] [1779785355.260437821] [coord_transform]: Too many outliers (5). Resetting filter to new position.
[WARN] [1779785371.362994845] [coord_transform]: Outlier rejected #1 (jumped 224.8mm). Ignoring.
[WARN] [1779785371.394156907] [coord_transform]: Outlier rejected #2 (jumped 196.4mm). Ignoring.
[WARN] [1779785371.532466034] [coord_transform]: Outlier rejected #1 (jumped 322.4mm). Ignoring.
[WARN] [1779785371.568606566] [coord_transform]: Outlier rejected #2 (jumped 253.0mm). Ignoring.
[WARN] [1779785371.604370797] [coord_transform]: Outlier rejected #3 (jumped 245.0mm). Ignoring.
[WARN] [1779785371.640920303] [coord_transform]: Outlier rejected #4 (jumped 202.9mm). Ignoring.
[INFO] [1779785371.682706874] [coord_transform]: Too many outliers (5). Resetting filter to new position.
[WARN] [1779785407.295406740] [coord_transform]: Outlier rejected #1 (jumped 194.0mm). Ignoring.
[WARN] [1779785408.229992264] [coord_transform]: Outlier rejected #1 (jumped 243.1mm). Ignoring.
[WARN] [1779785408.269543271] [coord_transform]: Outlier rejected #2 (jumped 183.1mm). Ignoring.
[WARN] [1779785408.300763980] [coord_transform]: Outlier rejected #3 (jumped 203.8mm). Ignoring.
[WARN] [1779785408.336006016] [coord_transform]: Outlier rejected #4 (jumped 179.8mm). Ignoring.
[INFO] [1779785408.365419426] [coord_transform]: Too many outliers (5). Resetting filter to new position.
[WARN] [1779785409.971399743] [coord_transform]: Outlier rejected #1 (jumped 226.9mm). Ignoring.
[WARN] [1779785410.027043870] [coord_transform]: Outlier rejected #2 (jumped 226.7mm). Ignoring.
[WARN] [1779785410.062710382] [coord_transform]: Outlier rejected #3 (jumped 216.9mm). Ignoring.
[WARN] [1779785410.098871691] [coord_transform]: Outlier rejected #4 (jumped 228.4mm). Ignoring.
[INFO] [1779785410.134412220] [coord_transform]: Too many outliers (5). Resetting filter to new position.
[WARN] [1779785410.237735201] [coord_transform]: Outlier rejected #1 (jumped 171.1mm). Ignoring.
[WARN] [1779785410.272042491] [coord_transform]: Outlier rejected #2 (jumped 237.7mm). Ignoring.
[WARN] [1779785410.325416812] [coord_transform]: Outlier rejected #3 (jumped 323.3mm). Ignoring.
[WARN] [1779785410.360881417] [coord_transform]: Outlier rejected #4 (jumped 309.0mm). Ignoring.
[INFO] [1779785410.409786729] [coord_transform]: Too many outliers (5). Resetting filter to new position.
[WARN] [1779785410.715287246] [coord_transform]: Outlier rejected #1 (jumped 199.1mm). Ignoring.
[WARN] [1779785410.746715316] [coord_transform]: Outlier rejected #2 (jumped 225.2mm). Ignoring.
[WARN] [1779785410.810869513] [coord_transform]: Outlier rejected #3 (jumped 274.0mm). Ignoring.
[WARN] [1779785410.855283567] [coord_transform]: Outlier rejected #4 (jumped 164.1mm). Ignoring.
[WARN] [1779785439.230512304] [coord_transform]: Outlier rejected #1 (jumped 261.2mm). Ignoring.
[WARN] [1779785439.256936123] [coord_transform]: Outlier rejected #2 (jumped 270.2mm). Ignoring.
[WARN] [1779785439.292295006] [coord_transform]: Outlier rejected #3 (jumped 294.4mm). Ignoring.
[WARN] [1779785439.322716634] [coord_transform]: Outlier rejected #4 (jumped 378.6mm). Ignoring.
[INFO] [1779785439.360777922] [coord_transform]: Too many outliers (5). Resetting filter to new position.
[WARN] [1779785439.424980121] [coord_transform]: Outlier rejected #1 (jumped 189.5mm). Ignoring.
[WARN] [1779785439.523322768] [coord_transform]: Outlier rejected #1 (jumped 274.6mm). Ignoring.
[WARN] [1779785439.889121839] [coord_transform]: Outlier rejected #1 (jumped 199.1mm). Ignoring.
[WARN] [1779785439.924636200] [coord_transform]: Outlier rejected #2 (jumped 316.1mm). Ignoring.
[WARN] [1779785439.958805182] [coord_transform]: Outlier rejected #3 (jumped 380.5mm). Ignoring.
[WARN] [1779785439.993741995] [coord_transform]: Outlier rejected #4 (jumped 401.2mm). Ignoring.
[INFO] [1779785440.026685790] [coord_transform]: Too many outliers (5). Resetting filter to new position.
[WARN] [1779785442.162123432] [coord_transform]: Outlier rejected #1 (jumped 206.3mm). Ignoring.
[WARN] [1779785442.229812656] [coord_transform]: Outlier rejected #2 (jumped 276.8mm). Ignoring.
[WARN] [1779785488.230588335] [coord_transform]: Outlier rejected #1 (jumped 233.3mm). Ignoring.
[WARN] [1779785488.264099436] [coord_transform]: Outlier rejected #2 (jumped 227.6mm). Ignoring.
[WARN] [1779785488.297917145] [coord_transform]: Outlier rejected #3 (jumped 209.8mm). Ignoring.
[WARN] [1779785488.332603853] [coord_transform]: Outlier rejected #4 (jumped 251.4mm). Ignoring.
[INFO] [1779785488.364664538] [coord_transform]: Too many outliers (5). Resetting filter to new position.
[WARN] [1779785488.797001672] [coord_transform]: Outlier rejected #1 (jumped 222.9mm). Ignoring.
[WARN] [1779785488.834843779] [coord_transform]: Outlier rejected #2 (jumped 290.1mm). Ignoring.
[WARN] [1779785489.003201094] [coord_transform]: Outlier rejected #1 (jumped 230.5mm). Ignoring.
[WARN] [1779785489.033339107] [coord_transform]: Outlier rejected #2 (jumped 186.9mm). Ignoring.
[WARN] [1779785489.065108603] [coord_transform]: Outlier rejected #3 (jumped 184.0mm). Ignoring.
[WARN] [1779785489.098223650] [coord_transform]: Outlier rejected #4 (jumped 260.6mm). Ignoring.
[INFO] [1779785489.136685678] [coord_transform]: Too many outliers (5). Resetting filter to new position.
[WARN] [1779785489.235065834] [coord_transform]: Outlier rejected #1 (jumped 205.3mm). Ignoring.
[WARN] [1779785489.265272138] [coord_transform]: Outlier rejected #2 (jumped 182.0mm). Ignoring.
[WARN] [1779785489.470198942] [coord_transform]: Outlier rejected #1 (jumped 164.2mm). Ignoring.
[WARN] [1779785489.733552349] [coord_transform]: Outlier rejected #1 (jumped 259.9mm). Ignoring.
[WARN] [1779785489.831364184] [coord_transform]: Outlier rejected #1 (jumped 154.3mm). Ignoring.
[WARN] [1779785489.898475742] [coord_transform]: Outlier rejected #1 (jumped 186.7mm). Ignoring.
[WARN] [1779785490.034772379] [coord_transform]: Outlier rejected #1 (jumped 295.6mm). Ignoring.
[WARN] [1779785490.075822718] [coord_transform]: Outlier rejected #2 (jumped 300.1mm). Ignoring.
[WARN] [1779785490.104725384] [coord_transform]: Outlier rejected #3 (jumped 305.2mm). Ignoring.
[WARN] [1779785490.132527865] [coord_transform]: Outlier rejected #4 (jumped 291.5mm). Ignoring.
[INFO] [1779785490.166029089] [coord_transform]: Too many outliers (5). Resetting filter to new position.
[WARN] [1779785490.578358075] [coord_transform]: Outlier rejected #1 (jumped 327.3mm). Ignoring.
[WARN] [1779785490.875354590] [coord_transform]: Outlier rejected #1 (jumped 169.6mm). Ignoring.
[WARN] [1779785492.885853870] [coord_transform]: Outlier rejected #1 (jumped 204.5mm). Ignoring.
[WARN] [1779785493.366224495] [coord_transform]: Outlier rejected #2 (jumped 153.7mm). Ignoring.
[WARN] [1779785493.401432480] [coord_transform]: Outlier rejected #3 (jumped 202.6mm). Ignoring.
[WARN] [1779785493.434733340] [coord_transform]: Outlier rejected #4 (jumped 174.0mm). Ignoring.
[WARN] [1779785493.500267686] [coord_transform]: Outlier rejected #1 (jumped 214.6mm). Ignoring.
[WARN] [1779785493.768260216] [coord_transform]: Outlier rejected #1 (jumped 150.4mm). Ignoring.
[WARN] [1779785493.912751142] [coord_transform]: Outlier rejected #1 (jumped 284.3mm). Ignoring.
[WARN] [1779785494.402215917] [coord_transform]: Outlier rejected #1 (jumped 173.8mm). Ignoring.
[WARN] [1779785494.438436045] [coord_transform]: Outlier rejected #2 (jumped 186.0mm). Ignoring.
[WARN] [1779785494.470823612] [coord_transform]: Outlier rejected #3 (jumped 191.9mm). Ignoring.
[WARN] [1779785529.992212198] [coord_transform]: Outlier rejected #4 (jumped 231.9mm). Ignoring.
[INFO] [1779785530.023485166] [coord_transform]: Too many outliers (5). Resetting filter to new position.
[WARN] [1779785586.448680563] [coord_transform]: Outlier rejected #1 (jumped 152.5mm). Ignoring.
[WARN] [1779785586.906522406] [coord_transform]: Outlier rejected #2 (jumped 171.1mm). Ignoring.
[WARN] [1779785586.940916448] [coord_transform]: Outlier rejected #3 (jumped 171.6mm). Ignoring.
[WARN] [1779785586.994442417] [coord_transform]: Outlier rejected #4 (jumped 160.5mm). Ignoring.
[INFO] [1779785587.036473076] [coord_transform]: Too many outliers (5). Resetting filter to new position.
[WARN] [1779785587.619503332] [coord_transform]: Outlier rejected #1 (jumped 157.0mm). Ignoring.
[WARN] [1779785587.961570459] [coord_transform]: Outlier rejected #1 (jumped 241.7mm). Ignoring.
[WARN] [1779785587.996084226] [coord_transform]: Outlier rejected #2 (jumped 221.9mm). Ignoring.
[WARN] [1779785588.035373639] [coord_transform]: Outlier rejected #3 (jumped 209.2mm). Ignoring.
[WARN] [1779785588.166005428] [coord_transform]: Outlier rejected #1 (jumped 153.1mm). Ignoring.
[WARN] [1779785588.356865863] [coord_transform]: Outlier rejected #1 (jumped 203.7mm). Ignoring.
[WARN] [1779785588.388833280] [coord_transform]: Outlier rejected #2 (jumped 156.4mm). Ignoring.
[WARN] [1779785588.447729517] [coord_transform]: Outlier rejected #1 (jumped 222.1mm). Ignoring.
[WARN] [1779785588.494079189] [coord_transform]: Outlier rejected #2 (jumped 186.9mm). Ignoring.
[WARN] [1779785588.680132787] [coord_transform]: Outlier rejected #1 (jumped 150.2mm). Ignoring.
[WARN] [1779785588.726586954] [coord_transform]: Outlier rejected #2 (jumped 152.5mm). Ignoring.
[WARN] [1779785588.760614611] [coord_transform]: Outlier rejected #3 (jumped 173.6mm). Ignoring.
[WARN] [1779785588.792266006] [coord_transform]: Outlier rejected #4 (jumped 236.2mm). Ignoring.
[INFO] [1779785588.822160891] [coord_transform]: Too many outliers (5). Resetting filter to new position.
[WARN] [1779785618.816103361] [coord_transform]: Outlier rejected #1 (jumped 212.5mm). Ignoring.
[WARN] [1779785618.911341028] [coord_transform]: Outlier rejected #1 (jumped 169.5mm). Ignoring.
[WARN] [1779785619.043958036] [coord_transform]: Outlier rejected #1 (jumped 154.8mm). Ignoring.
[WARN] [1779785619.206738930] [coord_transform]: Outlier rejected #1 (jumped 249.2mm). Ignoring.
[WARN] [1779785619.254952040] [coord_transform]: Outlier rejected #2 (jumped 227.9mm). Ignoring.
[WARN] [1779785619.677683923] [coord_transform]: Outlier rejected #3 (jumped 203.1mm). Ignoring.
[WARN] [1779785619.705731184] [coord_transform]: Outlier rejected #4 (jumped 208.9mm). Ignoring.
[WARN] [1779785621.481221336] [coord_transform]: Outlier rejected #1 (jumped 158.4mm). Ignoring.
[WARN] [1779785642.272894579] [coord_transform]: Outlier rejected #1 (jumped 250.9mm). Ignoring.
[WARN] [1779785642.302903728] [coord_transform]: Outlier rejected #2 (jumped 223.4mm). Ignoring.
[WARN] [1779785642.340694245] [coord_transform]: Outlier rejected #3 (jumped 223.0mm). Ignoring.
[WARN] [1779785642.375103093] [coord_transform]: Outlier rejected #4 (jumped 211.9mm). Ignoring.
[INFO] [1779785642.404191405] [coord_transform]: Too many outliers (5). Resetting filter to new position.
[WARN] [1779785643.569299659] [coord_transform]: Outlier rejected #1 (jumped 165.2mm). Ignoring.
[WARN] [1779785643.609954115] [coord_transform]: Outlier rejected #2 (jumped 153.3mm). Ignoring.
[WARN] [1779785643.642892066] [coord_transform]: Outlier rejected #3 (jumped 175.8mm). Ignoring.
[WARN] [1779785643.672392424] [coord_transform]: Outlier rejected #4 (jumped 165.2mm). Ignoring.
[WARN] [1779785645.373859679] [coord_transform]: Outlier rejected #1 (jumped 2573.2mm). Ignoring.
[WARN] [1779785645.400319664] [coord_transform]: Outlier rejected #2 (jumped 2599.4mm). Ignoring.
[WARN] [1779785645.430546647] [coord_transform]: Outlier rejected #3 (jumped 2606.9mm). Ignoring.
[WARN] [1779785645.461542972] [coord_transform]: Outlier rejected #4 (jumped 2613.9mm). Ignoring.
[INFO] [1779785645.494964827] [coord_transform]: Too many outliers (5). Resetting filter to new position.
[WARN] [1779785649.278337401] [coord_transform]: Outlier rejected #1 (jumped 185.6mm). Ignoring.
[WARN] [1779785649.305948309] [coord_transform]: Outlier rejected #2 (jumped 164.4mm). Ignoring.
[WARN] [1779785657.291742896] [coord_transform]: Outlier rejected #1 (jumped 2101.8mm). Ignoring.
[WARN] [1779785657.316702776] [coord_transform]: Outlier rejected #2 (jumped 2114.5mm). Ignoring.
[WARN] [1779785657.347909829] [coord_transform]: Outlier rejected #3 (jumped 2113.3mm). Ignoring.
[WARN] [1779785657.382531358] [coord_transform]: Outlier rejected #4 (jumped 2113.3mm). Ignoring.
[INFO] [1779785657.407075417] [coord_transform]: Too many outliers (5). Resetting filter to new position.
[WARN] [1779785661.359163685] [coord_transform]: Outlier rejected #1 (jumped 2311.3mm). Ignoring.
[WARN] [1779785661.386802616] [coord_transform]: Outlier rejected #2 (jumped 2325.9mm). Ignoring.
[WARN] [1779785661.418545977] [coord_transform]: Outlier rejected #3 (jumped 2321.1mm). Ignoring.
[WARN] [1779785661.449379286] [coord_transform]: Outlier rejected #4 (jumped 2301.0mm). Ignoring.
[INFO] [1779785661.478532583] [coord_transform]: Too many outliers (5). Resetting filter to new position.
[WARN] [1779785662.495386477] [coord_transform]: Outlier rejected #1 (jumped 196.8mm). Ignoring.
[WARN] [1779785662.566569626] [coord_transform]: Outlier rejected #1 (jumped 206.4mm). Ignoring.
[WARN] [1779785662.601449647] [coord_transform]: Outlier rejected #2 (jumped 150.2mm). Ignoring.
[WARN] [1779785663.515478414] [coord_transform]: Outlier rejected #1 (jumped 193.1mm). Ignoring.
[WARN] [1779785663.554130279] [coord_transform]: Outlier rejected #2 (jumped 200.7mm). Ignoring.
[WARN] [1779785663.589536325] [coord_transform]: Outlier rejected #3 (jumped 210.0mm). Ignoring.
[WARN] [1779785663.624164848] [coord_transform]: Outlier rejected #4 (jumped 217.0mm). Ignoring.
[INFO] [1779785663.662078199] [coord_transform]: Too many outliers (5). Resetting filter to new position.
[WARN] [1779785670.049187930] [coord_transform]: Outlier rejected #1 (jumped 313.7mm). Ignoring.
[WARN] [1779785670.078964538] [coord_transform]: Outlier rejected #2 (jumped 317.0mm). Ignoring.
[WARN] [1779785670.114386973] [coord_transform]: Outlier rejected #3 (jumped 318.9mm). Ignoring.
[WARN] [1779785670.150811034] [coord_transform]: Outlier rejected #4 (jumped 319.1mm). Ignoring.
[INFO] [1779785670.185170783] [coord_transform]: Too many outliers (5). Resetting filter to new position.
[WARN] [1779785670.688133951] [coord_transform]: Outlier rejected #1 (jumped 248.2mm). Ignoring.
[WARN] [1779785670.721863325] [coord_transform]: Outlier rejected #2 (jumped 249.2mm). Ignoring.
[WARN] [1779785670.756361386] [coord_transform]: Outlier rejected #3 (jumped 251.1mm). Ignoring.
[WARN] [1779785670.796005555] [coord_transform]: Outlier rejected #4 (jumped 247.0mm). Ignoring.
[WARN] [1779785670.868924447] [coord_transform]: Outlier rejected #1 (jumped 227.1mm). Ignoring.
[WARN] [1779785670.900589074] [coord_transform]: Outlier rejected #2 (jumped 245.9mm). Ignoring.
[WARN] [1779785672.716155487] [coord_transform]: Outlier rejected #1 (jumped 390.1mm). Ignoring.
[WARN] [1779785672.871831996] [coord_transform]: Outlier rejected #2 (jumped 400.5mm). Ignoring.
[WARN] [1779785672.902210512] [coord_transform]: Outlier rejected #3 (jumped 402.5mm). Ignoring.
[WARN] [1779785672.964585930] [coord_transform]: Outlier rejected #4 (jumped 407.3mm). Ignoring.
[INFO] [1779785673.000746914] [coord_transform]: Too many outliers (5). Resetting filter to new position.
