[INFO] [1781251488.151663287] [coord_transform]: CoordTransformNode khởi động.
  Object offset (cam frame): [0.05 0.   0.1 ]
  Translation cam→base:      [0.5 0.  1.2]
  EE orientation (xyzw):     [0.0, 1.0, 0.0, 0.0]
  Prediction step:           5
  Axis remap:                [0, 1, 2]
  Axis sign:                 [-1.0, 1.0, 1.0]
  Workspace X: (-1.0, 1.0), Y: (-0.5, 1.3), Z: (0.05, 1.5)
  Filter outlier_threshold:  0.15m
  Filter median_size_y:      3
  Filter deadband_tol:       15.0mm
  Filter stationary_thresh:  3 frames
  Filter max_rate:           5.0cm/frame
  Filter EMA moving(x,y,z):  (1.0,1.0,1.0)
  Filter EMA hold  (x,y,z):  (0.08,0.02,0.05)
[WARN] [1781251515.439332815] [coord_transform]: Outlier rejected #1 (jumped 180.4mm). Ignoring.
[WARN] [1781251515.502555029] [coord_transform]: Outlier rejected #1 (jumped 189.3mm). Ignoring.
[WARN] [1781251515.535546519] [coord_transform]: Outlier rejected #2 (jumped 430.8mm). Ignoring.
[WARN] [1781251515.573042629] [coord_transform]: Outlier rejected #3 (jumped 440.5mm). Ignoring.
[WARN] [1781251515.606937005] [coord_transform]: Outlier rejected #4 (jumped 382.4mm). Ignoring.
[INFO] [1781251515.637545418] [coord_transform]: Too many outliers (5). Resetting filter to new position.
[WARN] [1781251528.924690402] [coord_transform]: Outlier rejected #1 (jumped 192.5mm). Ignoring.
[WARN] [1781251528.958361091] [coord_transform]: Outlier rejected #2 (jumped 202.0mm). Ignoring.
[WARN] [1781251528.994883101] [coord_transform]: Outlier rejected #3 (jumped 316.9mm). Ignoring.
[WARN] [1781251529.029855136] [coord_transform]: Outlier rejected #4 (jumped 392.6mm). Ignoring.
[INFO] [1781251529.062714399] [coord_transform]: Too many outliers (5). Resetting filter to new position.
[WARN] [1781251530.893507130] [coord_transform]: Outlier rejected #1 (jumped 186.1mm). Ignoring.
[WARN] [1781251530.925472372] [coord_transform]: Outlier rejected #2 (jumped 197.5mm). Ignoring.
[WARN] [1781251530.965371948] [coord_transform]: Outlier rejected #3 (jumped 226.1mm). Ignoring.
[WARN] [1781251530.996096170] [coord_transform]: Outlier rejected #4 (jumped 229.1mm). Ignoring.
[INFO] [1781251531.031102252] [coord_transform]: Too many outliers (5). Resetting filter to new position.
[WARN] [1781251532.829103215] [coord_transform]: Outlier rejected #1 (jumped 2147.1mm). Ignoring.
[WARN] [1781251532.864338946] [coord_transform]: Outlier rejected #2 (jumped 2169.1mm). Ignoring.
[WARN] [1781251532.898478360] [coord_transform]: Outlier rejected #3 (jumped 2132.1mm). Ignoring.
[WARN] [1781251532.929637128] [coord_transform]: Outlier rejected #4 (jumped 2147.1mm). Ignoring.
[INFO] [1781251532.963584462] [coord_transform]: Too many outliers (5). Resetting filter to new position.
[INFO] [1781251537.669752193] [coord_transform]: Captured Init Pose! P_init=(-0.162, 0.280, 0.379), Cam_init=(0.163, -0.187, 0.073), Noise_Tol=60.0mm
Orientation=(0.998, 0.064, -0.000, 0.000)
[INFO] [1781251537.681241989] [coord_transform]: Deadband: RELEASE — motion detected
[INFO] [1781251538.292476188] [coord_transform]: Deadband: HOLD at (0.163, -0.187, 0.073)
[INFO] [1781251539.698900218] [coord_transform]: Deadband: RELEASE — motion detected
[INFO] [1781251540.297753518] [coord_transform]: Deadband: HOLD at (0.163, -0.187, 0.073)
[INFO] [1781251541.734644944] [coord_transform]: Deadband: RELEASE — motion detected
[INFO] [1781251542.302045063] [coord_transform]: Deadband: HOLD at (0.163, -0.187, 0.073)
[INFO] [1781251543.740159557] [coord_transform]: Deadband: RELEASE — motion detected
[INFO] [1781251544.373545479] [coord_transform]: Deadband: HOLD at (0.163, -0.187, 0.073)
[INFO] [1781251545.808169290] [coord_transform]: Deadband: RELEASE — motion detected
[INFO] [1781251546.436551998] [coord_transform]: Deadband: HOLD at (0.163, -0.187, 0.073)
[INFO] [1781251547.876148543] [coord_transform]: Deadband: RELEASE — motion detected
[INFO] [1781251548.503607143] [coord_transform]: Deadband: HOLD at (0.163, -0.187, 0.073)
[INFO] [1781251549.894088820] [coord_transform]: Deadband: RELEASE — motion detected
[INFO] [1781251550.553573041] [coord_transform]: Deadband: HOLD at (0.163, -0.187, 0.073)
[INFO] [1781251551.915634711] [coord_transform]: Deadband: RELEASE — motion detected
[INFO] [1781251552.612058803] [coord_transform]: Deadband: HOLD at (0.163, -0.187, 0.073)
[INFO] [1781251553.974056681] [coord_transform]: Deadband: RELEASE — motion detected
[INFO] [1781251554.648103062] [coord_transform]: Deadband: HOLD at (0.163, -0.187, 0.073)
[INFO] [1781251556.008201694] [coord_transform]: Deadband: RELEASE — motion detected
[INFO] [1781251556.708797432] [coord_transform]: Deadband: HOLD at (0.163, -0.187, 0.073)
[INFO] [1781251558.017404785] [coord_transform]: Deadband: RELEASE — motion detected
[INFO] [1781251558.712772799] [coord_transform]: Deadband: HOLD at (0.163, -0.187, 0.073)
[INFO] [1781251560.087747784] [coord_transform]: Deadband: RELEASE — motion detected
[INFO] [1781251560.715721256] [coord_transform]: Deadband: HOLD at (0.163, -0.187, 0.073)
[INFO] [1781251562.087894308] [coord_transform]: Deadband: RELEASE — motion detected
[INFO] [1781251562.777929450] [coord_transform]: Deadband: HOLD at (0.163, -0.187, 0.073)
[INFO] [1781251564.153101041] [coord_transform]: Deadband: RELEASE — motion detected
[INFO] [1781251564.781994078] [coord_transform]: Deadband: HOLD at (0.163, -0.187, 0.073)
[INFO] [1781251564.887573929] [coord_transform]: Re-sync camera init: [ 0.153 -0.16   0.052]
[INFO] [1781251564.887841445] [coord_transform]: Trạng thái tracking: RUNNING
[INFO] [1781251564.920524022] [coord_transform]: [GROUND_TRUTH] Transform: cam[ 0.153 -0.16   0.052] → base[-0.162  0.28   0.379]
[INFO] [1781251566.212713070] [coord_transform]: Deadband: RELEASE — motion detected
[INFO] [1781251567.028726199] [coord_transform]: [GROUND_TRUTH] Transform: cam[ 0.141 -0.076  0.093] → base[-0.15   0.364  0.419]
[INFO] [1781251569.083882417] [coord_transform]: [GROUND_TRUTH] Transform: cam[0.109 0.162 0.162] → base[-0.119  0.603  0.488]
[INFO] [1781251571.102455422] [coord_transform]: [GROUND_TRUTH] Transform: cam[0.085 0.439 0.218] → base[-0.094  0.879  0.544]
[INFO] [1781251573.292630245] [coord_transform]: [GROUND_TRUTH] Transform: cam[0.093 0.677 0.235] → base[-0.102  1.117  0.561]
[INFO] [1781251575.294632948] [coord_transform]: [GROUND_TRUTH] Transform: cam[0.082 0.647 0.2  ] → base[-0.091  1.087  0.526]
[INFO] [1781251577.323394327] [coord_transform]: [GROUND_TRUTH] Transform: cam[0.094 0.545 0.178] → base[-0.103  0.985  0.504]
[INFO] [1781251579.340156442] [coord_transform]: [GROUND_TRUTH] Transform: cam[0.116 0.643 0.212] → base[-0.125  1.083  0.538]
[INFO] [1781251581.594407896] [coord_transform]: [GROUND_TRUTH] Transform: cam[0.118 0.512 0.192] → base[-0.127  0.952  0.518]
[INFO] [1781251583.730619608] [coord_transform]: [GROUND_TRUTH] Transform: cam[0.134 0.473 0.194] → base[-0.143  0.913  0.52 ]
[WARN] [1781251584.528386653] [coord_transform]: Tọa độ bị clamp: [-0.12203063  1.30199343  0.53064143] → [-0.12203063  1.3         0.53064143]
[WARN] [1781251585.536530238] [coord_transform]: Tọa độ bị clamp: [-0.10414222  1.32952677  0.52229903] → [-0.10414222  1.3         0.52229903]
[INFO] [1781251585.778727008] [coord_transform]: [GROUND_TRUTH] Transform: cam[0.097 0.862 0.195] → base[-0.106  1.3    0.522]
[INFO] [1781251587.832346842] [coord_transform]: [GROUND_TRUTH] Transform: cam[0.089 0.822 0.182] → base[-0.098  1.262  0.509]
[WARN] [1781251588.342980128] [coord_transform]: Tọa độ bị clamp: [-0.09854042  1.30159345  0.51373622] → [-0.09854042  1.3         0.51373622]
[INFO] [1781251589.903294356] [coord_transform]: [GROUND_TRUTH] Transform: cam[0.061 0.823 0.193] → base[-0.07   1.263  0.519]
[INFO] [1781251591.915558220] [coord_transform]: [GROUND_TRUTH] Transform: cam[0.071 0.672 0.178] → base[-0.08   1.112  0.504]
[INFO] [1781251593.940738908] [coord_transform]: [GROUND_TRUTH] Transform: cam[0.046 0.574 0.207] → base[-0.055  1.014  0.534]
[INFO] [1781251596.508773627] [coord_transform]: [GROUND_TRUTH] Transform: cam[0.002 0.499 0.234] → base[-0.011  0.939  0.56 ]
[INFO] [1781251598.812853775] [coord_transform]: [GROUND_TRUTH] Transform: cam[0.008 0.424 0.24 ] → base[-0.018  0.864  0.566]
[INFO] [1781251600.875680101] [coord_transform]: [GROUND_TRUTH] Transform: cam[0.014 0.508 0.26 ] → base[-0.023  0.948  0.586]
[INFO] [1781251602.910066622] [coord_transform]: [GROUND_TRUTH] Transform: cam[-0.015  0.562  0.264] → base[0.006 1.002 0.59 ]
[INFO] [1781251604.946795460] [coord_transform]: [GROUND_TRUTH] Transform: cam[-0.066  0.369  0.216] → base[0.057 0.809 0.542]
[INFO] [1781251607.144210050] [coord_transform]: [GROUND_TRUTH] Transform: cam[-0.103  0.395  0.188] → base[0.094 0.835 0.514]
[INFO] [1781251609.314475465] [coord_transform]: [GROUND_TRUTH] Transform: cam[-0.09   0.515  0.218] → base[0.081 0.955 0.545]
[INFO] [1781251611.517988477] [coord_transform]: [GROUND_TRUTH] Transform: cam[-0.09   0.56   0.172] → base[0.08  1.    0.498]
[INFO] [1781251613.693667129] [coord_transform]: [GROUND_TRUTH] Transform: cam[-0.067  0.528  0.184] → base[0.058 0.968 0.51 ]
[INFO] [1781251615.949167938] [coord_transform]: [GROUND_TRUTH] Transform: cam[-0.04   0.585  0.177] → base[0.031 1.025 0.503]
[INFO] [1781251618.722643604] [coord_transform]: [GROUND_TRUTH] Transform: cam[-0.047  0.638  0.169] → base[0.037 1.078 0.495]
[INFO] [1781251624.191763126] [coord_transform]: [GROUND_TRUTH] Transform: cam[-0.05   0.638  0.168] → base[0.041 1.079 0.495]
[INFO] [1781251627.282513467] [coord_transform]: [GROUND_TRUTH] Transform: cam[-0.051  0.639  0.169] → base[0.042 1.079 0.495]
[INFO] [1781251633.461011040] [coord_transform]: [GROUND_TRUTH] Transform: cam[-0.052  0.615  0.174] → base[0.043 1.055 0.5  ]
[INFO] [1781251637.348184394] [coord_transform]: [GROUND_TRUTH] Transform: cam[-0.054  0.614  0.173] → base[0.044 1.054 0.499]
[INFO] [1781251644.404095951] [coord_transform]: [GROUND_TRUTH] Transform: cam[-0.051  0.619  0.165] → base[0.041 1.059 0.491]
[INFO] [1781251646.322252522] [coord_transform]: Trạng thái tracking: STOPPED
[INFO] [1781251713.966697502] [coord_transform]: Deadband: HOLD at (0.153, -0.160, 0.052)
[INFO] [1781251713.990245801] [coord_transform]: Deadband: RELEASE — motion detected
[WARN] [1781251714.968854668] [coord_transform]: Outlier rejected #1 (jumped 242.8mm). Ignoring.
[INFO] [1781251716.691403415] [coord_transform]: Deadband: HOLD at (0.153, -0.160, 0.052)
[INFO] [1781251716.721080724] [coord_transform]: Deadband: RELEASE — motion detected
