[INFO] [1779675492.467246440] [experiment_logger]: Logger ready.
[INFO] [1779675598.722264452] [experiment_logger]: Trajectory mode: prediction
[INFO] [1779675607.019461114] [experiment_logger]: Service called: /logger/toggle with data=True
[INFO] [1779675607.020288912] [experiment_logger]: ✓ STARTED in-memory logging. Target file: /home/duy/cocarry_ws/cocarry_logs/experiment_GRU_20260525_092007.csv
[INFO] [1779675726.428009698] [experiment_logger]: Service called: /logger/toggle with data=False
[INFO] [1779675726.428984676] [experiment_logger]: Writing 2239 rows from memory to /home/duy/cocarry_ws/cocarry_logs/experiment_GRU_20260525_092007.csv...
[INFO] [1779675726.451130728] [experiment_logger]: ✓ Successfully wrote logs to disk.
[INFO] [1779675726.454340662] [experiment_logger]: Stopped logging. Saved 2239 rows to /home/duy/cocarry_ws/cocarry_logs/experiment_GRU_20260525_092007.csv
[INFO] [1779675726.489427379] [experiment_logger]: 
============================================================
EXPERIMENT METRICS
  File: experiment_GRU_20260525_092007.csv
  Total samples: 2239
  Task completion time: 119.41 s
  --- Prediction Accuracy (over 2239 samples) ---
  Avg Inference Time: 7.03 ms
  Mean Squared Error (MSE): 0.001886 m²
  Mean Absolute Error (MAE - 3D): 0.0319 m
      MAE X: 0.0136 m
      MAE Y: 0.0229 m
      MAE Z: 0.0071 m
  --- Trajectory Smoothness (Robot EE) ---
  Mean Jerk (3D): 19.3654 m/s³
      Jerk X: 6.7949 m/s³
      Jerk Y: 13.2708 m/s³
      Jerk Z: 8.2469 m/s³
  Max Jerk (3D): 69.8149 m/s³
  RMS Jerk (3D): 23.5383 m/s³
============================================================
