[INFO] [1779674864.877226606] [motoros2_mock]: ╔══════════════════════════════════════════════╗
║   MotoROS2 Mock Node — Simulation Mode      ║
║   Tất cả /* services đã sẵn sàng            ║
║   (node_namespace="" — không prefix)         ║
╚══════════════════════════════════════════════╝
[INFO] [1779674937.658721527] [motoros2_mock]: ✓ StartPointQueueMode → READY (mock)
[INFO] [1779674937.726089145] [motoros2_mock]: QueueTrajPoint #1 → forwarded to JTC. joints=[1.571, 0.075, -1.049, -0.030, -0.523, -0.002]
[INFO] [1779674937.783214104] [motoros2_mock]: QueueTrajPoint #2 → forwarded to JTC. joints=[1.571, 0.075, -1.049, -0.030, -0.523, -0.002]
[INFO] [1779674937.849556943] [motoros2_mock]: QueueTrajPoint #3 → forwarded to JTC. joints=[1.571, 0.075, -1.049, -0.030, -0.523, -0.002]
[INFO] [1779674940.982680632] [motoros2_mock]: QueueTrajPoint #50 → forwarded to JTC. joints=[1.571, 0.075, -1.049, -0.030, -0.523, -0.002]
[INFO] [1779674944.316225127] [motoros2_mock]: QueueTrajPoint #100 → forwarded to JTC. joints=[1.571, 0.075, -1.049, -0.030, -0.523, -0.002]
[INFO] [1779674947.650158912] [motoros2_mock]: QueueTrajPoint #150 → forwarded to JTC. joints=[1.571, 0.075, -1.049, -0.030, -0.523, -0.002]
[INFO] [1779674950.983004787] [motoros2_mock]: QueueTrajPoint #200 → forwarded to JTC. joints=[1.571, 0.075, -1.049, -0.030, -0.523, -0.002]
[INFO] [1779674954.317784393] [motoros2_mock]: QueueTrajPoint #250 → forwarded to JTC. joints=[1.571, 0.075, -1.049, -0.030, -0.523, -0.002]
[INFO] [1779674957.649329846] [motoros2_mock]: QueueTrajPoint #300 → forwarded to JTC. joints=[1.571, 0.075, -1.049, -0.030, -0.523, -0.002]
[INFO] [1779674960.982674041] [motoros2_mock]: QueueTrajPoint #350 → forwarded to JTC. joints=[1.571, 0.075, -1.049, -0.030, -0.523, -0.002]
[INFO] [1779674964.316700361] [motoros2_mock]: QueueTrajPoint #400 → forwarded to JTC. joints=[1.571, 0.075, -1.049, -0.030, -0.523, -0.002]
[INFO] [1779674967.648827484] [motoros2_mock]: QueueTrajPoint #450 → forwarded to JTC. joints=[1.571, 0.075, -1.049, -0.030, -0.523, -0.002]
[INFO] [1779674970.982673666] [motoros2_mock]: QueueTrajPoint #500 → forwarded to JTC. joints=[1.571, 0.075, -1.049, -0.030, -0.523, -0.002]
[INFO] [1779674974.317516308] [motoros2_mock]: QueueTrajPoint #550 → forwarded to JTC. joints=[1.571, 0.075, -1.049, -0.030, -0.523, -0.002]
[INFO] [1779674977.650465300] [motoros2_mock]: QueueTrajPoint #600 → forwarded to JTC. joints=[1.571, 0.075, -1.049, -0.030, -0.523, -0.002]
[INFO] [1779674980.982739898] [motoros2_mock]: QueueTrajPoint #650 → forwarded to JTC. joints=[1.571, 0.075, -1.049, -0.030, -0.523, -0.002]
[INFO] [1779674984.315924861] [motoros2_mock]: QueueTrajPoint #700 → forwarded to JTC. joints=[1.571, 0.075, -1.049, -0.030, -0.523, -0.002]
[INFO] [1779674987.649086072] [motoros2_mock]: QueueTrajPoint #750 → forwarded to JTC. joints=[1.571, 0.075, -1.049, -0.030, -0.523, -0.002]
[INFO] [1779674990.984383661] [motoros2_mock]: QueueTrajPoint #800 → forwarded to JTC. joints=[1.571, 0.075, -1.049, -0.030, -0.523, -0.002]
[INFO] [1779674994.321174249] [motoros2_mock]: QueueTrajPoint #850 → forwarded to JTC. joints=[1.733, 0.107, -0.690, -0.036, -0.847, -0.166]
[INFO] [1779674997.651726697] [motoros2_mock]: QueueTrajPoint #900 → forwarded to JTC. joints=[1.766, 0.240, -0.336, -0.034, -1.067, -0.206]
[INFO] [1779675000.985246605] [motoros2_mock]: QueueTrajPoint #950 → forwarded to JTC. joints=[1.759, 0.643, 0.324, -0.030, -1.324, -0.209]
[INFO] [1779675004.318157413] [motoros2_mock]: QueueTrajPoint #1000 → forwarded to JTC. joints=[1.689, 0.558, -0.237, -0.032, -0.850, -0.125]
[INFO] [1779675007.652727076] [motoros2_mock]: QueueTrajPoint #1050 → forwarded to JTC. joints=[2.699, 0.447, -1.214, -1.050, -0.106, 1.050]
[INFO] [1779675010.984800541] [motoros2_mock]: QueueTrajPoint #1100 → forwarded to JTC. joints=[1.594, 0.036, -0.397, -0.018, -1.214, -0.045]
[INFO] [1779675083.298226077] [motoros2_mock]: MotoROS2 Mock Node shutdown.
