[INFO] [1781250193.069990768] [coord_transform]: CoordTransformNode khởi động.
  Object offset (cam frame): [0.05 0.   0.1 ]
  Translation cam→base:      [0.5 0.  1.2]
  EE orientation (xyzw):     [0.0, 1.0, 0.0, 0.0]
  Prediction step:           5
  Axis remap:                [0, 1, 2]
  Axis sign:                 [-1.0, 1.0, 1.0]
  Workspace X: (-1.0, 1.0), Y: (-0.5, 1.3), Z: (0.05, 1.5)
  Filter outlier_threshold:  0.15m
  Filter median_size_y:      3
  Filter deadband_tol:       15.0mm
  Filter stationary_thresh:  3 frames
  Filter max_rate:           5.0cm/frame
  Filter EMA moving(x,y,z):  (1.0,1.0,1.0)
  Filter EMA hold  (x,y,z):  (0.08,0.02,0.05)
[WARN] [1781250207.195741232] [coord_transform]: Outlier rejected #1 (jumped 453.4mm). Ignoring.
[WARN] [1781250209.525013517] [coord_transform]: Outlier rejected #1 (jumped 2145.7mm). Ignoring.
[WARN] [1781250209.551836493] [coord_transform]: Outlier rejected #2 (jumped 2168.9mm). Ignoring.
[WARN] [1781250209.585537394] [coord_transform]: Outlier rejected #3 (jumped 2168.9mm). Ignoring.
[WARN] [1781250209.631765932] [coord_transform]: Outlier rejected #4 (jumped 2160.9mm). Ignoring.
[INFO] [1781250209.669590285] [coord_transform]: Too many outliers (5). Resetting filter to new position.
[INFO] [1781250214.374240033] [coord_transform]: Captured Init Pose! P_init=(-0.162, 0.280, 0.379), Cam_init=(-0.002, 0.002, -0.003), Noise_Tol=57.7mm
Orientation=(0.998, 0.064, -0.000, 0.000)
[INFO] [1781250214.385972821] [coord_transform]: Deadband: RELEASE — motion detected
[INFO] [1781250214.516291863] [coord_transform]: Deadband: HOLD at (-0.002, 0.002, -0.003)
[INFO] [1781250217.120543201] [coord_transform]: Deadband: RELEASE — motion detected
[INFO] [1781250217.152220519] [coord_transform]: Deadband: HOLD at (-0.002, 0.002, -0.003)
[WARN] [1781250217.486640988] [coord_transform]: Outlier rejected #1 (jumped 477.8mm). Ignoring.
[INFO] [1781250243.974863755] [coord_transform]: Trạng thái tracking: STOPPED
[WARN] [1781250249.867366726] [coord_transform]: Outlier rejected #1 (jumped 1518.5mm). Ignoring.
[WARN] [1781250249.902146973] [coord_transform]: Outlier rejected #2 (jumped 1496.8mm). Ignoring.
[WARN] [1781250249.937812417] [coord_transform]: Outlier rejected #3 (jumped 214.7mm). Ignoring.
[WARN] [1781250249.970301417] [coord_transform]: Outlier rejected #4 (jumped 276.7mm). Ignoring.
[INFO] [1781250250.011004852] [coord_transform]: Too many outliers (5). Resetting filter to new position.
[WARN] [1781250250.743305075] [coord_transform]: Outlier rejected #1 (jumped 808.4mm). Ignoring.
[WARN] [1781250250.777849272] [coord_transform]: Outlier rejected #2 (jumped 799.1mm). Ignoring.
[WARN] [1781250250.813790329] [coord_transform]: Outlier rejected #3 (jumped 763.1mm). Ignoring.
[WARN] [1781250250.849184111] [coord_transform]: Outlier rejected #4 (jumped 744.7mm). Ignoring.
[INFO] [1781250250.881126786] [coord_transform]: Too many outliers (5). Resetting filter to new position.
[WARN] [1781250257.074019327] [coord_transform]: Outlier rejected #1 (jumped 196.1mm). Ignoring.
[WARN] [1781250257.114362189] [coord_transform]: Outlier rejected #2 (jumped 187.3mm). Ignoring.
[WARN] [1781250257.146262278] [coord_transform]: Outlier rejected #3 (jumped 201.3mm). Ignoring.
[WARN] [1781250257.175486267] [coord_transform]: Outlier rejected #4 (jumped 201.6mm). Ignoring.
[INFO] [1781250257.207522577] [coord_transform]: Too many outliers (5). Resetting filter to new position.
[WARN] [1781250258.062171038] [coord_transform]: Outlier rejected #1 (jumped 864.7mm). Ignoring.
[WARN] [1781250258.439140406] [coord_transform]: Outlier rejected #2 (jumped 899.7mm). Ignoring.
[WARN] [1781250258.474723911] [coord_transform]: Outlier rejected #3 (jumped 888.2mm). Ignoring.
[WARN] [1781250258.773266026] [coord_transform]: Outlier rejected #4 (jumped 803.9mm). Ignoring.
[INFO] [1781250258.807243332] [coord_transform]: Too many outliers (5). Resetting filter to new position.
[WARN] [1781250273.684552882] [coord_transform]: Outlier rejected #1 (jumped 243.6mm). Ignoring.
[WARN] [1781250273.714687349] [coord_transform]: Outlier rejected #2 (jumped 213.6mm). Ignoring.
[WARN] [1781250275.517064415] [coord_transform]: Outlier rejected #1 (jumped 185.8mm). Ignoring.
[WARN] [1781250301.715339788] [coord_transform]: Outlier rejected #1 (jumped 1985.6mm). Ignoring.
