[INFO] [1781085035.837643703] [experiment_logger]: ✓ STARTED in-memory logging. Target file: /home/duy/cocarry_ws/cocarry_logs/experiment_GROUND_TRUTH_20260610_165035.csv
[INFO] [1781085035.887816246] [experiment_logger]: Logger ready.
[INFO] [1781085149.066846112] [experiment_logger]: Writing 1433 rows from memory to /home/duy/cocarry_ws/cocarry_logs/experiment_GROUND_TRUTH_20260610_165035.csv...
[INFO] [1781085149.078762436] [experiment_logger]: ✓ Successfully wrote logs to disk.
[INFO] [1781085149.080905097] [experiment_logger]: Stopped logging. Saved 1433 rows to /home/duy/cocarry_ws/cocarry_logs/experiment_GROUND_TRUTH_20260610_165035.csv
[INFO] [1781085149.109330058] [experiment_logger]: 
============================================================
EXPERIMENT METRICS
  File: experiment_GROUND_TRUTH_20260610_165035.csv
  Total samples: 1433
  Task completion time: 113.25 s
  Mode: GROUND TRUTH (no prediction metrics)
  --- Trajectory Smoothness (Robot EE) ---
  Mean Jerk (3D): 9.5967 m/s³
      Jerk X: 5.3143 m/s³
      Jerk Y: 5.6679 m/s³
      Jerk Z: 3.3292 m/s³
  Max Jerk (3D): 83.2090 m/s³
  RMS Jerk (3D): 13.7330 m/s³
============================================================
