[INFO] [1780996155.287462275] [coord_transform]: CoordTransformNode khởi động.
  Object offset (cam frame): [0.05 0.   0.1 ]
  Translation cam→base:      [0.5 0.  1.2]
  EE orientation (xyzw):     [0.0, 1.0, 0.0, 0.0]
  Prediction step:           5
  Axis remap:                [0, 1, 2]
  Axis sign:                 [-1.0, 1.0, 1.0]
  Workspace X: (-1.0, 1.0), Y: (-0.5, 1.3), Z: (0.05, 1.5)
  Filter outlier_threshold:  0.15m
  Filter median_size_y:      5
  Filter deadband_tol:       35.0mm
  Filter stationary_thresh:  3 frames
  Filter max_rate:           5.0cm/frame
  Filter EMA moving(x,y,z):  (0.75,0.5,0.75)
  Filter EMA hold  (x,y,z):  (0.08,0.02,0.05)
[WARN] [1780996165.024695632] [coord_transform]: Outlier rejected #1 (jumped 218.0mm). Ignoring.
[WARN] [1780996165.070712893] [coord_transform]: Outlier rejected #2 (jumped 245.2mm). Ignoring.
[WARN] [1780996172.554754437] [coord_transform]: Outlier rejected #3 (jumped 158.2mm). Ignoring.
[WARN] [1780996175.157518897] [coord_transform]: Outlier rejected #4 (jumped 180.6mm). Ignoring.
[INFO] [1780996175.191519136] [coord_transform]: Too many outliers (5). Resetting filter to new position.
[WARN] [1780996284.914415614] [coord_transform]: Outlier rejected #1 (jumped 1527.8mm). Ignoring.
[WARN] [1780996284.952885907] [coord_transform]: Outlier rejected #2 (jumped 1521.6mm). Ignoring.
[WARN] [1780996284.983334612] [coord_transform]: Outlier rejected #3 (jumped 1526.0mm). Ignoring.
[WARN] [1780996285.017286294] [coord_transform]: Outlier rejected #4 (jumped 1522.8mm). Ignoring.
[INFO] [1780996285.047956822] [coord_transform]: Too many outliers (5). Resetting filter to new position.
[WARN] [1780996291.781759283] [coord_transform]: Outlier rejected #1 (jumped 201.1mm). Ignoring.
[WARN] [1780996291.815814407] [coord_transform]: Outlier rejected #2 (jumped 256.7mm). Ignoring.
[WARN] [1780996291.854850885] [coord_transform]: Outlier rejected #3 (jumped 269.8mm). Ignoring.
[WARN] [1780996291.890798349] [coord_transform]: Outlier rejected #4 (jumped 344.4mm). Ignoring.
[INFO] [1780996291.924291037] [coord_transform]: Too many outliers (5). Resetting filter to new position.
[WARN] [1780996296.292242452] [coord_transform]: Outlier rejected #1 (jumped 2117.3mm). Ignoring.
[WARN] [1780996296.329048595] [coord_transform]: Outlier rejected #2 (jumped 2141.4mm). Ignoring.
[WARN] [1780996296.373540192] [coord_transform]: Outlier rejected #3 (jumped 2117.3mm). Ignoring.
[WARN] [1780996296.407118006] [coord_transform]: Outlier rejected #4 (jumped 2117.3mm). Ignoring.
[INFO] [1780996296.441093153] [coord_transform]: Too many outliers (5). Resetting filter to new position.
[INFO] [1780996304.541872059] [coord_transform]: Captured Init Pose! P_init=(-0.164, 0.263, 0.395), Cam_init=(0.045, 0.003, 0.011), Noise_Tol=53.2mm
Orientation=(0.717, 0.696, -0.032, 0.022)
[INFO] [1780996304.544108456] [coord_transform]: Captured Init Pose! P_init=(-0.164, 0.263, 0.395), Cam_init=(0.045, 0.003, 0.011), Noise_Tol=53.2mm
Orientation=(0.717, 0.696, -0.032, 0.022)
[INFO] [1780996304.573011720] [coord_transform]: Deadband: RELEASE — motion detected
[INFO] [1780996304.713846567] [coord_transform]: Deadband: HOLD at (0.045, 0.003, 0.011)
[INFO] [1780996304.802480826] [coord_transform]: Captured Init Pose! P_init=(-0.164, 0.263, 0.395), Cam_init=(0.051, 0.003, 0.012), Noise_Tol=53.2mm
Orientation=(0.717, 0.696, -0.032, 0.022)
[INFO] [1780996305.058229309] [coord_transform]: Captured Init Pose! P_init=(-0.164, 0.263, 0.395), Cam_init=(0.052, 0.004, 0.012), Noise_Tol=50.4mm
Orientation=(0.717, 0.696, -0.032, 0.022)
[INFO] [1780996322.626273644] [coord_transform]: Re-sync camera init: [0.055 0.015 0.011]
[INFO] [1780996322.626522004] [coord_transform]: Trạng thái tracking: RUNNING
[INFO] [1780996322.637201065] [coord_transform]: Deadband: RELEASE — motion detected
[INFO] [1780996322.638372869] [coord_transform]: [GROUND_TRUTH] Transform: cam[0.055 0.019 0.011] → base[-0.163  0.267  0.395]
[INFO] [1780996322.772365299] [coord_transform]: Deadband: HOLD at (0.055, 0.015, 0.011)
[INFO] [1780996326.014464138] [coord_transform]: Deadband: RELEASE — motion detected
[INFO] [1780996326.015930670] [coord_transform]: [GROUND_TRUTH] Transform: cam[0.057 0.003 0.017] → base[-0.166  0.251  0.4  ]
[INFO] [1780996326.044779917] [coord_transform]: Deadband: HOLD at (0.055, 0.015, 0.011)
[INFO] [1780996328.037545697] [coord_transform]: [GROUND_TRUTH] Transform: cam[ 0.056 -0.014  0.116] → base[-0.164  0.234  0.499]
[INFO] [1780996330.047317875] [coord_transform]: [GROUND_TRUTH] Transform: cam[0.022 0.184 0.282] → base[-0.131  0.432  0.666]
[INFO] [1780996332.079651300] [coord_transform]: [GROUND_TRUTH] Transform: cam[-0.032  0.388  0.37 ] → base[-0.076  0.636  0.753]
[INFO] [1780996334.082362665] [coord_transform]: [GROUND_TRUTH] Transform: cam[-0.049  0.538  0.322] → base[-0.06   0.786  0.706]
[INFO] [1780996336.093427913] [coord_transform]: [GROUND_TRUTH] Transform: cam[-0.062  0.565  0.165] → base[-0.047  0.813  0.548]
[INFO] [1780996338.449570151] [coord_transform]: [GROUND_TRUTH] Transform: cam[-0.05   0.535  0.099] → base[-0.058  0.783  0.482]
[INFO] [1780996340.470723824] [coord_transform]: [GROUND_TRUTH] Transform: cam[-0.038  0.52   0.34 ] → base[-0.07   0.768  0.723]
[INFO] [1780996342.496697238] [coord_transform]: [GROUND_TRUTH] Transform: cam[-0.054  0.306  0.398] → base[-0.054  0.554  0.781]
[INFO] [1780996344.499600175] [coord_transform]: [GROUND_TRUTH] Transform: cam[-0.037  0.181  0.358] → base[-0.071  0.429  0.741]
[INFO] [1780996346.524599418] [coord_transform]: [GROUND_TRUTH] Transform: cam[-0.022  0.082  0.192] → base[-0.087  0.33   0.575]
[INFO] [1780996348.552272542] [coord_transform]: [GROUND_TRUTH] Transform: cam[-0.009  0.076  0.186] → base[-0.1    0.324  0.57 ]
[INFO] [1780996350.571750986] [coord_transform]: [GROUND_TRUTH] Transform: cam[-0.034  0.189  0.311] → base[-0.075  0.437  0.695]
[INFO] [1780996352.576510526] [coord_transform]: [GROUND_TRUTH] Transform: cam[-0.042  0.364  0.372] → base[-0.067  0.612  0.755]
[INFO] [1780996354.579163845] [coord_transform]: [GROUND_TRUTH] Transform: cam[-0.035  0.496  0.341] → base[-0.074  0.744  0.724]
[INFO] [1780996356.587579141] [coord_transform]: [GROUND_TRUTH] Transform: cam[-0.058  0.5    0.222] → base[-0.05   0.748  0.605]
[INFO] [1780996358.588765784] [coord_transform]: [GROUND_TRUTH] Transform: cam[-0.06   0.472  0.135] → base[-0.048  0.72   0.519]
[INFO] [1780996360.599234978] [coord_transform]: [GROUND_TRUTH] Transform: cam[-0.063  0.463  0.142] → base[-0.046  0.711  0.525]
[INFO] [1780996362.622650739] [coord_transform]: [GROUND_TRUTH] Transform: cam[-0.037  0.404  0.282] → base[-0.072  0.652  0.665]
[INFO] [1780996364.643061520] [coord_transform]: [GROUND_TRUTH] Transform: cam[-0.027  0.268  0.318] → base[-0.082  0.516  0.702]
[INFO] [1780996366.676125132] [coord_transform]: [GROUND_TRUTH] Transform: cam[0.007 0.187 0.277] → base[-0.115  0.435  0.66 ]
[INFO] [1780996368.877035700] [coord_transform]: [GROUND_TRUTH] Transform: cam[0.001 0.182 0.245] → base[-0.109  0.43   0.629]
[INFO] [1780996370.955904103] [coord_transform]: [GROUND_TRUTH] Transform: cam[0.005 0.188 0.252] → base[-0.114  0.436  0.635]
[INFO] [1780996372.959950168] [coord_transform]: [GROUND_TRUTH] Transform: cam[0.017 0.195 0.266] → base[-0.126  0.443  0.649]
[INFO] [1780996374.977141748] [coord_transform]: [GROUND_TRUTH] Transform: cam[0.044 0.362 0.236] → base[-0.152  0.61   0.62 ]
[INFO] [1780996376.989382321] [coord_transform]: [GROUND_TRUTH] Transform: cam[0.122 0.51  0.189] → base[-0.231  0.758  0.573]
[INFO] [1780996379.029428735] [coord_transform]: [GROUND_TRUTH] Transform: cam[0.145 0.551 0.15 ] → base[-0.253  0.799  0.534]
[INFO] [1780996381.058913706] [coord_transform]: [GROUND_TRUTH] Transform: cam[0.102 0.499 0.192] → base[-0.211  0.747  0.576]
[INFO] [1780996383.083118217] [coord_transform]: [GROUND_TRUTH] Transform: cam[0.041 0.404 0.234] → base[-0.149  0.652  0.618]
[INFO] [1780996385.084804628] [coord_transform]: [GROUND_TRUTH] Transform: cam[0.005 0.272 0.25 ] → base[-0.113  0.52   0.634]
[INFO] [1780996387.088238040] [coord_transform]: [GROUND_TRUTH] Transform: cam[-0.044  0.269  0.25 ] → base[-0.065  0.517  0.634]
[INFO] [1780996389.089125477] [coord_transform]: [GROUND_TRUTH] Transform: cam[-0.179  0.387  0.257] → base[0.07  0.635 0.64 ]
[INFO] [1780996391.092026569] [coord_transform]: [GROUND_TRUTH] Transform: cam[-0.227  0.417  0.258] → base[0.119 0.666 0.641]
[INFO] [1780996393.123267602] [coord_transform]: [GROUND_TRUTH] Transform: cam[-0.129  0.435  0.29 ] → base[0.021 0.683 0.673]
[INFO] [1780996395.126224182] [coord_transform]: [GROUND_TRUTH] Transform: cam[-0.049  0.411  0.222] → base[-0.06   0.659  0.606]
[INFO] [1780996397.158492401] [coord_transform]: [GROUND_TRUTH] Transform: cam[-0.065  0.423  0.168] → base[-0.044  0.671  0.552]
[INFO] [1780996399.161202781] [coord_transform]: [GROUND_TRUTH] Transform: cam[-0.094  0.577  0.184] → base[-0.014  0.825  0.568]
[INFO] [1780996401.166398763] [coord_transform]: [GROUND_TRUTH] Transform: cam[-0.103  0.608  0.16 ] → base[-0.005  0.856  0.543]
[INFO] [1780996403.169785104] [coord_transform]: [GROUND_TRUTH] Transform: cam[-0.112  0.591  0.09 ] → base[0.004 0.839 0.474]
[INFO] [1780996405.175360871] [coord_transform]: [GROUND_TRUTH] Transform: cam[-0.099  0.52   0.173] → base[-0.01   0.768  0.557]
[INFO] [1780996407.186194437] [coord_transform]: [GROUND_TRUTH] Transform: cam[-0.067  0.398  0.208] → base[-0.042  0.646  0.592]
[INFO] [1780996409.205481263] [coord_transform]: [GROUND_TRUTH] Transform: cam[-0.049  0.362  0.207] → base[-0.059  0.61   0.591]
[INFO] [1780996411.206545049] [coord_transform]: [GROUND_TRUTH] Transform: cam[-0.034  0.358  0.207] → base[-0.074  0.606  0.591]
[INFO] [1780996413.230457002] [coord_transform]: [GROUND_TRUTH] Transform: cam[0.017 0.396 0.199] → base[-0.126  0.644  0.583]
[WARN] [1780996414.629203439] [coord_transform]: Outlier rejected #1 (jumped 255.0mm). Ignoring.
[INFO] [1780996415.247177433] [coord_transform]: [GROUND_TRUTH] Transform: cam[0.239 0.452 0.031] → base[-0.347  0.7    0.414]
[WARN] [1780996416.079294837] [coord_transform]: Outlier rejected #1 (jumped 194.7mm). Ignoring.
[WARN] [1780996416.115028515] [coord_transform]: Outlier rejected #2 (jumped 237.3mm). Ignoring.
[WARN] [1780996416.214568793] [coord_transform]: Outlier rejected #3 (jumped 1136.0mm). Ignoring.
[WARN] [1780996416.343550468] [coord_transform]: Outlier rejected #4 (jumped 220.7mm). Ignoring.
[INFO] [1780996416.374109249] [coord_transform]: Too many outliers (5). Resetting filter to new position.
[INFO] [1780996417.249330889] [coord_transform]: [GROUND_TRUTH] Transform: cam[-0.112  0.52  -0.174] → base[0.003 0.768 0.209]
[INFO] [1780996421.234097045] [coord_transform]: Trạng thái tracking: STOPPED
[WARN] [1780996424.697248594] [coord_transform]: Outlier rejected #1 (jumped 1123.6mm). Ignoring.
[WARN] [1780996424.846822776] [coord_transform]: Outlier rejected #1 (jumped 1361.1mm). Ignoring.
[WARN] [1780996424.913523174] [coord_transform]: Outlier rejected #2 (jumped 864.7mm). Ignoring.
[WARN] [1780996424.948760929] [coord_transform]: Outlier rejected #3 (jumped 1414.9mm). Ignoring.
[WARN] [1780996424.978790709] [coord_transform]: Outlier rejected #4 (jumped 997.9mm). Ignoring.
[INFO] [1780996425.012933008] [coord_transform]: Too many outliers (5). Resetting filter to new position.
[WARN] [1780996425.046733078] [coord_transform]: Outlier rejected #1 (jumped 887.1mm). Ignoring.
[WARN] [1780996425.083345613] [coord_transform]: Outlier rejected #2 (jumped 960.8mm). Ignoring.
[WARN] [1780996425.112742771] [coord_transform]: Outlier rejected #3 (jumped 975.6mm). Ignoring.
[WARN] [1780996425.146341695] [coord_transform]: Outlier rejected #4 (jumped 983.5mm). Ignoring.
[INFO] [1780996425.180595560] [coord_transform]: Too many outliers (5). Resetting filter to new position.
[WARN] [1780996425.623031995] [coord_transform]: Outlier rejected #1 (jumped 197.9mm). Ignoring.
[WARN] [1780996426.050379551] [coord_transform]: Outlier rejected #1 (jumped 250.9mm). Ignoring.
[WARN] [1780996426.081214495] [coord_transform]: Outlier rejected #2 (jumped 484.3mm). Ignoring.
[WARN] [1780996426.115559153] [coord_transform]: Outlier rejected #3 (jumped 913.9mm). Ignoring.
[WARN] [1780996426.149534450] [coord_transform]: Outlier rejected #4 (jumped 583.5mm). Ignoring.
[INFO] [1780997052.013402951] [coord_transform]: Too many outliers (5). Resetting filter to new position.
[WARN] [1780997242.969292178] [coord_transform]: Outlier rejected #1 (jumped 157.1mm). Ignoring.
[WARN] [1780997275.170494615] [coord_transform]: Outlier rejected #1 (jumped 207.8mm). Ignoring.
[WARN] [1780997275.202664277] [coord_transform]: Outlier rejected #2 (jumped 154.9mm). Ignoring.
[WARN] [1780997320.126514955] [coord_transform]: Outlier rejected #1 (jumped 206.7mm). Ignoring.
[WARN] [1780997417.306922444] [coord_transform]: Outlier rejected #1 (jumped 1112.6mm). Ignoring.
[WARN] [1780997417.342695179] [coord_transform]: Outlier rejected #2 (jumped 1112.5mm). Ignoring.
[WARN] [1780997417.379331907] [coord_transform]: Outlier rejected #3 (jumped 1087.4mm). Ignoring.
[WARN] [1780997417.412976061] [coord_transform]: Outlier rejected #4 (jumped 1112.1mm). Ignoring.
[INFO] [1780997418.075753916] [coord_transform]: Too many outliers (5). Resetting filter to new position.
[WARN] [1780997420.926604089] [coord_transform]: Outlier rejected #1 (jumped 256.4mm). Ignoring.
[WARN] [1780997420.959546069] [coord_transform]: Outlier rejected #2 (jumped 284.2mm). Ignoring.
[WARN] [1780997420.994468076] [coord_transform]: Outlier rejected #3 (jumped 282.6mm). Ignoring.
[WARN] [1780997421.100449998] [coord_transform]: Outlier rejected #4 (jumped 324.7mm). Ignoring.
[INFO] [1780997421.133469042] [coord_transform]: Too many outliers (5). Resetting filter to new position.
[WARN] [1780997422.337445407] [coord_transform]: Outlier rejected #1 (jumped 2350.9mm). Ignoring.
[WARN] [1780997422.370660860] [coord_transform]: Outlier rejected #2 (jumped 2342.0mm). Ignoring.
[WARN] [1780997426.094864889] [coord_transform]: Outlier rejected #3 (jumped 2768.5mm). Ignoring.
[WARN] [1780997426.122946718] [coord_transform]: Outlier rejected #4 (jumped 2799.9mm). Ignoring.
[INFO] [1780997427.197341436] [coord_transform]: Too many outliers (5). Resetting filter to new position.
[WARN] [1780997427.724251197] [coord_transform]: Outlier rejected #1 (jumped 510.0mm). Ignoring.
[WARN] [1780997427.757302539] [coord_transform]: Outlier rejected #2 (jumped 572.9mm). Ignoring.
[WARN] [1780997427.788254730] [coord_transform]: Outlier rejected #3 (jumped 602.2mm). Ignoring.
[WARN] [1780997427.818864883] [coord_transform]: Outlier rejected #4 (jumped 607.9mm). Ignoring.
[INFO] [1780997427.861313718] [coord_transform]: Too many outliers (5). Resetting filter to new position.
[WARN] [1780997463.039272321] [coord_transform]: Outlier rejected #1 (jumped 1150.4mm). Ignoring.
[WARN] [1780997463.077160833] [coord_transform]: Outlier rejected #2 (jumped 1001.0mm). Ignoring.
[WARN] [1780997463.113793756] [coord_transform]: Outlier rejected #3 (jumped 925.0mm). Ignoring.
[WARN] [1780997463.146624290] [coord_transform]: Outlier rejected #4 (jumped 946.5mm). Ignoring.
[INFO] [1780997463.179970982] [coord_transform]: Too many outliers (5). Resetting filter to new position.
[WARN] [1780997467.429837650] [coord_transform]: Outlier rejected #1 (jumped 294.3mm). Ignoring.
[WARN] [1780997467.458791638] [coord_transform]: Outlier rejected #2 (jumped 295.2mm). Ignoring.
[WARN] [1780997467.495549786] [coord_transform]: Outlier rejected #3 (jumped 290.4mm). Ignoring.
[WARN] [1780997467.580663694] [coord_transform]: Outlier rejected #4 (jumped 161.7mm). Ignoring.
[INFO] [1780997467.615721879] [coord_transform]: Too many outliers (5). Resetting filter to new position.
[WARN] [1780997467.824962191] [coord_transform]: Outlier rejected #1 (jumped 188.7mm). Ignoring.
[WARN] [1780997467.902548370] [coord_transform]: Outlier rejected #2 (jumped 255.2mm). Ignoring.
[WARN] [1780997468.046497474] [coord_transform]: Outlier rejected #3 (jumped 244.4mm). Ignoring.
[WARN] [1780997470.950040282] [coord_transform]: Outlier rejected #4 (jumped 253.6mm). Ignoring.
[INFO] [1780997470.982266598] [coord_transform]: Too many outliers (5). Resetting filter to new position.
[WARN] [1780997482.791950184] [coord_transform]: Outlier rejected #1 (jumped 1702.1mm). Ignoring.
[WARN] [1780997482.826300818] [coord_transform]: Outlier rejected #2 (jumped 1707.9mm). Ignoring.
[WARN] [1780997482.870267642] [coord_transform]: Outlier rejected #3 (jumped 1690.6mm). Ignoring.
[WARN] [1780997482.901273050] [coord_transform]: Outlier rejected #4 (jumped 1652.2mm). Ignoring.
[INFO] [1780997482.930559542] [coord_transform]: Too many outliers (5). Resetting filter to new position.
[WARN] [1780997485.290834313] [coord_transform]: Outlier rejected #1 (jumped 2015.2mm). Ignoring.
[WARN] [1780997485.327780241] [coord_transform]: Outlier rejected #2 (jumped 1991.5mm). Ignoring.
[WARN] [1780997485.356227910] [coord_transform]: Outlier rejected #3 (jumped 1974.3mm). Ignoring.
[WARN] [1780997487.232604809] [coord_transform]: Outlier rejected #4 (jumped 2045.7mm). Ignoring.
[INFO] [1780997487.262307653] [coord_transform]: Too many outliers (5). Resetting filter to new position.
[WARN] [1780997491.236477762] [coord_transform]: Outlier rejected #1 (jumped 166.9mm). Ignoring.
[WARN] [1780997491.312210855] [coord_transform]: Outlier rejected #2 (jumped 208.8mm). Ignoring.
[WARN] [1780997491.343495880] [coord_transform]: Outlier rejected #3 (jumped 252.1mm). Ignoring.
[WARN] [1780997491.591094779] [coord_transform]: Outlier rejected #4 (jumped 436.0mm). Ignoring.
[INFO] [1780997491.624343119] [coord_transform]: Too many outliers (5). Resetting filter to new position.
[WARN] [1780997551.496312915] [coord_transform]: Outlier rejected #1 (jumped 2168.2mm). Ignoring.
[WARN] [1780997551.545422889] [coord_transform]: Outlier rejected #2 (jumped 2231.5mm). Ignoring.
[WARN] [1780997551.589269768] [coord_transform]: Outlier rejected #3 (jumped 2326.3mm). Ignoring.
[WARN] [1780997551.743743381] [coord_transform]: Outlier rejected #4 (jumped 1903.7mm). Ignoring.
[INFO] [1780997551.772991911] [coord_transform]: Too many outliers (5). Resetting filter to new position.
[WARN] [1780997552.209136406] [coord_transform]: Outlier rejected #1 (jumped 537.8mm). Ignoring.
[WARN] [1780997552.336815296] [coord_transform]: Outlier rejected #2 (jumped 573.5mm). Ignoring.
[WARN] [1780997552.367967009] [coord_transform]: Outlier rejected #3 (jumped 377.6mm). Ignoring.
[WARN] [1780997552.399174398] [coord_transform]: Outlier rejected #4 (jumped 304.4mm). Ignoring.
[INFO] [1780997552.432217509] [coord_transform]: Too many outliers (5). Resetting filter to new position.
[WARN] [1780997552.498525946] [coord_transform]: Outlier rejected #1 (jumped 495.8mm). Ignoring.
[WARN] [1780997552.804164984] [coord_transform]: Outlier rejected #1 (jumped 946.2mm). Ignoring.
[WARN] [1780997552.835754203] [coord_transform]: Outlier rejected #2 (jumped 922.1mm). Ignoring.
[WARN] [1780997552.877734094] [coord_transform]: Outlier rejected #3 (jumped 885.6mm). Ignoring.
[WARN] [1780997552.912088348] [coord_transform]: Outlier rejected #4 (jumped 833.6mm). Ignoring.
[INFO] [1780997552.947158708] [coord_transform]: Too many outliers (5). Resetting filter to new position.
[WARN] [1780997555.201056666] [coord_transform]: Outlier rejected #1 (jumped 588.3mm). Ignoring.
[WARN] [1780997555.231715244] [coord_transform]: Outlier rejected #2 (jumped 625.4mm). Ignoring.
[WARN] [1780997555.264312729] [coord_transform]: Outlier rejected #3 (jumped 671.5mm). Ignoring.
[WARN] [1780997555.302448066] [coord_transform]: Outlier rejected #4 (jumped 673.7mm). Ignoring.
[INFO] [1780997555.511219533] [coord_transform]: Too many outliers (5). Resetting filter to new position.
[WARN] [1780998843.122622078] [coord_transform]: Outlier rejected #1 (jumped 160.8mm). Ignoring.
[WARN] [1780998843.148306692] [coord_transform]: Outlier rejected #2 (jumped 196.5mm). Ignoring.
[WARN] [1780998843.191113710] [coord_transform]: Outlier rejected #3 (jumped 266.6mm). Ignoring.
[WARN] [1780999301.453783983] [coord_transform]: Outlier rejected #4 (jumped 156.7mm). Ignoring.
[WARN] [1780999315.241052206] [coord_transform]: Outlier rejected #1 (jumped 231.3mm). Ignoring.
[WARN] [1780999315.312775053] [coord_transform]: Outlier rejected #1 (jumped 152.4mm). Ignoring.
[WARN] [1780999622.768016961] [coord_transform]: Outlier rejected #1 (jumped 495.1mm). Ignoring.
[WARN] [1780999622.797220671] [coord_transform]: Outlier rejected #2 (jumped 438.7mm). Ignoring.
[WARN] [1780999622.831870117] [coord_transform]: Outlier rejected #3 (jumped 432.9mm). Ignoring.
[WARN] [1780999622.869182001] [coord_transform]: Outlier rejected #4 (jumped 607.5mm). Ignoring.
[INFO] [1780999622.900525029] [coord_transform]: Too many outliers (5). Resetting filter to new position.
[WARN] [1780999623.228880823] [coord_transform]: Outlier rejected #1 (jumped 800.9mm). Ignoring.
[WARN] [1780999623.258735205] [coord_transform]: Outlier rejected #2 (jumped 680.7mm). Ignoring.
[WARN] [1780999623.289388730] [coord_transform]: Outlier rejected #3 (jumped 520.6mm). Ignoring.
[WARN] [1780999623.322290463] [coord_transform]: Outlier rejected #4 (jumped 441.3mm). Ignoring.
[INFO] [1780999623.352872398] [coord_transform]: Too many outliers (5). Resetting filter to new position.
[WARN] [1780999623.387451002] [coord_transform]: Outlier rejected #1 (jumped 269.7mm). Ignoring.
[WARN] [1780999623.422585779] [coord_transform]: Outlier rejected #2 (jumped 273.4mm). Ignoring.
[WARN] [1780999623.451938492] [coord_transform]: Outlier rejected #3 (jumped 282.3mm). Ignoring.
[WARN] [1780999623.483098037] [coord_transform]: Outlier rejected #4 (jumped 281.0mm). Ignoring.
[INFO] [1780999623.527957200] [coord_transform]: Too many outliers (5). Resetting filter to new position.
[WARN] [1780999623.630391501] [coord_transform]: Outlier rejected #1 (jumped 834.0mm). Ignoring.
[WARN] [1780999623.662419135] [coord_transform]: Outlier rejected #2 (jumped 664.1mm). Ignoring.
[WARN] [1780999623.696352931] [coord_transform]: Outlier rejected #3 (jumped 955.9mm). Ignoring.
[WARN] [1780999623.733249207] [coord_transform]: Outlier rejected #4 (jumped 936.0mm). Ignoring.
[INFO] [1780999623.767349616] [coord_transform]: Too many outliers (5). Resetting filter to new position.
[WARN] [1780999733.876927615] [coord_transform]: Outlier rejected #1 (jumped 878.7mm). Ignoring.
[WARN] [1780999733.911668539] [coord_transform]: Outlier rejected #2 (jumped 889.9mm). Ignoring.
[WARN] [1780999733.949138158] [coord_transform]: Outlier rejected #3 (jumped 897.5mm). Ignoring.
[WARN] [1780999733.983612200] [coord_transform]: Outlier rejected #4 (jumped 905.8mm). Ignoring.
[INFO] [1780999734.013171400] [coord_transform]: Too many outliers (5). Resetting filter to new position.
[INFO] [1780999739.231868643] [coord_transform]: Deadband: HOLD at (0.055, 0.015, 0.011)
[INFO] [1780999739.267014148] [coord_transform]: Deadband: RELEASE — motion detected
[INFO] [1780999741.571575019] [coord_transform]: Deadband: HOLD at (0.055, 0.015, 0.011)
[INFO] [1780999741.606301036] [coord_transform]: Deadband: RELEASE — motion detected
[INFO] [1780999753.708279488] [coord_transform]: Deadband: HOLD at (0.055, 0.015, 0.011)
[INFO] [1780999753.743101021] [coord_transform]: Deadband: RELEASE — motion detected
[INFO] [1780999754.202054424] [coord_transform]: Captured Init Pose! P_init=(-0.164, 0.263, 0.395), Cam_init=(0.039, -0.023, -0.006), Noise_Tol=60.0mm
Orientation=(0.717, 0.696, -0.032, 0.022)
[INFO] [1780999754.463785406] [coord_transform]: Captured Init Pose! P_init=(-0.164, 0.263, 0.395), Cam_init=(0.059, -0.027, -0.008), Noise_Tol=60.0mm
Orientation=(0.717, 0.696, -0.032, 0.022)
[INFO] [1780999754.464927093] [coord_transform]: Captured Init Pose! P_init=(-0.164, 0.263, 0.395), Cam_init=(0.059, -0.027, -0.008), Noise_Tol=60.0mm
Orientation=(0.717, 0.696, -0.032, 0.022)
[INFO] [1780999755.741336571] [coord_transform]: Deadband: HOLD at (0.059, -0.027, -0.008)
[INFO] [1780999755.776232844] [coord_transform]: Deadband: RELEASE — motion detected
[INFO] [1780999756.538795315] [coord_transform]: Đã chuyển mode: ground_truth -> prediction
[INFO] [1780999756.682748815] [coord_transform]: [SNAP ON] Tay đứng yên, GRU lệch 9.6cm (< 10cm). Snap prediction về actual hand.
[INFO] [1780999756.720832716] [coord_transform]: [SNAP OFF] Tay di chuyển lại. Thả snap.
[INFO] [1780999756.785114174] [coord_transform]: [SNAP OFF] Tay di chuyển lại. Thả snap.
[INFO] [1780999756.857604579] [coord_transform]: [SNAP OFF] Tay di chuyển lại. Thả snap.
[INFO] [1780999756.929136124] [coord_transform]: [SNAP OFF] Tay di chuyển lại. Thả snap.
[INFO] [1780999756.998966766] [coord_transform]: [SNAP OFF] Tay di chuyển lại. Thả snap.
[INFO] [1780999757.070317567] [coord_transform]: [SNAP OFF] Tay di chuyển lại. Thả snap.
[INFO] [1780999757.140576879] [coord_transform]: [SNAP OFF] Tay di chuyển lại. Thả snap.
[INFO] [1780999757.219263597] [coord_transform]: [SNAP OFF] Tay di chuyển lại. Thả snap.
[INFO] [1780999757.292967312] [coord_transform]: [SNAP OFF] Tay di chuyển lại. Thả snap.
[INFO] [1780999757.363589357] [coord_transform]: [SNAP OFF] Tay di chuyển lại. Thả snap.
[INFO] [1780999757.437923616] [coord_transform]: [SNAP OFF] Tay di chuyển lại. Thả snap.
[INFO] [1780999757.508963119] [coord_transform]: [SNAP OFF] Tay di chuyển lại. Thả snap.
[INFO] [1780999757.584378175] [coord_transform]: [SNAP OFF] Tay di chuyển lại. Thả snap.
[INFO] [1780999757.653545088] [coord_transform]: [SNAP OFF] Tay di chuyển lại. Thả snap.
[INFO] [1780999757.695432401] [coord_transform]: [SNAP ON] Tay đứng yên, GRU lệch 7.4cm (< 10cm). Snap prediction về actual hand.
[INFO] [1780999757.732001192] [coord_transform]: [SNAP OFF] Tay di chuyển lại. Thả snap.
[INFO] [1780999757.759944468] [coord_transform]: Deadband: HOLD at (0.059, -0.027, -0.008)
[INFO] [1780999757.794411525] [coord_transform]: Deadband: RELEASE — motion detected
[INFO] [1780999757.804965401] [coord_transform]: [SNAP OFF] Tay di chuyển lại. Thả snap.
[INFO] [1780999757.871578247] [coord_transform]: [SNAP OFF] Tay di chuyển lại. Thả snap.
[INFO] [1780999757.950231293] [coord_transform]: [SNAP OFF] Tay di chuyển lại. Thả snap.
[INFO] [1780999758.019747200] [coord_transform]: [SNAP OFF] Tay di chuyển lại. Thả snap.
[INFO] [1780999758.091674618] [coord_transform]: [SNAP OFF] Tay di chuyển lại. Thả snap.
[INFO] [1780999758.167318857] [coord_transform]: [SNAP OFF] Tay di chuyển lại. Thả snap.
[INFO] [1780999758.236931454] [coord_transform]: [SNAP OFF] Tay di chuyển lại. Thả snap.
[INFO] [1780999758.302509457] [coord_transform]: [SNAP OFF] Tay di chuyển lại. Thả snap.
[INFO] [1780999758.373294204] [coord_transform]: [SNAP OFF] Tay di chuyển lại. Thả snap.
[INFO] [1780999758.441087064] [coord_transform]: [SNAP OFF] Tay di chuyển lại. Thả snap.
[INFO] [1780999758.517876206] [coord_transform]: [SNAP OFF] Tay di chuyển lại. Thả snap.
[INFO] [1780999758.586324416] [coord_transform]: [SNAP OFF] Tay di chuyển lại. Thả snap.
[INFO] [1780999758.662413111] [coord_transform]: [SNAP OFF] Tay di chuyển lại. Thả snap.
[INFO] [1780999758.699804137] [coord_transform]: [SNAP ON] Tay đứng yên, GRU lệch 8.7cm (< 10cm). Snap prediction về actual hand.
[INFO] [1780999758.734304655] [coord_transform]: [SNAP OFF] Tay di chuyển lại. Thả snap.
[INFO] [1780999758.804148102] [coord_transform]: [SNAP OFF] Tay di chuyển lại. Thả snap.
[INFO] [1780999758.873650351] [coord_transform]: [SNAP OFF] Tay di chuyển lại. Thả snap.
[INFO] [1780999758.948853325] [coord_transform]: [SNAP OFF] Tay di chuyển lại. Thả snap.
[INFO] [1780999759.013948696] [coord_transform]: [SNAP OFF] Tay di chuyển lại. Thả snap.
[INFO] [1780999759.086482381] [coord_transform]: [SNAP OFF] Tay di chuyển lại. Thả snap.
[INFO] [1780999759.157264533] [coord_transform]: [SNAP OFF] Tay di chuyển lại. Thả snap.
[INFO] [1780999759.227946380] [coord_transform]: [SNAP OFF] Tay di chuyển lại. Thả snap.
[INFO] [1780999759.303759638] [coord_transform]: [SNAP OFF] Tay di chuyển lại. Thả snap.
[INFO] [1780999759.373245312] [coord_transform]: [SNAP OFF] Tay di chuyển lại. Thả snap.
[INFO] [1780999759.443113576] [coord_transform]: [SNAP OFF] Tay di chuyển lại. Thả snap.
[INFO] [1780999759.509386907] [coord_transform]: [SNAP OFF] Tay di chuyển lại. Thả snap.
[INFO] [1780999759.585524942] [coord_transform]: [SNAP OFF] Tay di chuyển lại. Thả snap.
[INFO] [1780999759.659193925] [coord_transform]: [SNAP OFF] Tay di chuyển lại. Thả snap.
[INFO] [1780999759.725171188] [coord_transform]: [SNAP OFF] Tay di chuyển lại. Thả snap.
[INFO] [1780999759.766622593] [coord_transform]: [SNAP ON] Tay đứng yên, GRU lệch 8.2cm (< 10cm). Snap prediction về actual hand.
[INFO] [1780999759.801827221] [coord_transform]: [SNAP OFF] Tay di chuyển lại. Thả snap.
[INFO] [1780999759.827851179] [coord_transform]: Deadband: HOLD at (0.059, -0.027, -0.008)
[INFO] [1780999759.860427102] [coord_transform]: Deadband: RELEASE — motion detected
[INFO] [1780999759.866956066] [coord_transform]: [SNAP OFF] Tay di chuyển lại. Thả snap.
[INFO] [1780999759.934905139] [coord_transform]: [SNAP OFF] Tay di chuyển lại. Thả snap.
[INFO] [1780999760.005411409] [coord_transform]: [SNAP OFF] Tay di chuyển lại. Thả snap.
[INFO] [1780999760.072714552] [coord_transform]: [SNAP OFF] Tay di chuyển lại. Thả snap.
[INFO] [1780999760.147948184] [coord_transform]: [SNAP OFF] Tay di chuyển lại. Thả snap.
[INFO] [1780999760.217899319] [coord_transform]: [SNAP OFF] Tay di chuyển lại. Thả snap.
[INFO] [1780999760.286871961] [coord_transform]: [SNAP OFF] Tay di chuyển lại. Thả snap.
[INFO] [1780999760.366272771] [coord_transform]: [SNAP OFF] Tay di chuyển lại. Thả snap.
[INFO] [1780999760.445460675] [coord_transform]: [SNAP OFF] Tay di chuyển lại. Thả snap.
[INFO] [1780999760.524742158] [coord_transform]: [SNAP OFF] Tay di chuyển lại. Thả snap.
[INFO] [1780999760.591536421] [coord_transform]: [SNAP OFF] Tay di chuyển lại. Thả snap.
[INFO] [1780999760.664289129] [coord_transform]: [SNAP OFF] Tay di chuyển lại. Thả snap.
[INFO] [1780999760.751261816] [coord_transform]: [SNAP OFF] Tay di chuyển lại. Thả snap.
[INFO] [1780999760.789718618] [coord_transform]: [SNAP ON] Tay đứng yên, GRU lệch 9.1cm (< 10cm). Snap prediction về actual hand.
[INFO] [1780999760.821373900] [coord_transform]: [SNAP OFF] Tay di chuyển lại. Thả snap.
[INFO] [1780999760.888105131] [coord_transform]: [SNAP OFF] Tay di chuyển lại. Thả snap.
[INFO] [1780999760.962827395] [coord_transform]: [SNAP OFF] Tay di chuyển lại. Thả snap.
[INFO] [1780999761.029988007] [coord_transform]: [SNAP OFF] Tay di chuyển lại. Thả snap.
[INFO] [1780999761.098350930] [coord_transform]: [SNAP OFF] Tay di chuyển lại. Thả snap.
[INFO] [1780999761.170586341] [coord_transform]: [SNAP OFF] Tay di chuyển lại. Thả snap.
[INFO] [1780999761.239307807] [coord_transform]: [SNAP OFF] Tay di chuyển lại. Thả snap.
[INFO] [1780999761.311507339] [coord_transform]: [SNAP OFF] Tay di chuyển lại. Thả snap.
[INFO] [1780999761.376761387] [coord_transform]: [SNAP OFF] Tay di chuyển lại. Thả snap.
[INFO] [1780999761.453135686] [coord_transform]: [SNAP OFF] Tay di chuyển lại. Thả snap.
[INFO] [1780999761.525139293] [coord_transform]: [SNAP OFF] Tay di chuyển lại. Thả snap.
[INFO] [1780999761.598457316] [coord_transform]: [SNAP OFF] Tay di chuyển lại. Thả snap.
[INFO] [1780999761.664523012] [coord_transform]: [SNAP OFF] Tay di chuyển lại. Thả snap.
[INFO] [1780999761.732506968] [coord_transform]: [SNAP OFF] Tay di chuyển lại. Thả snap.
[INFO] [1780999761.800370133] [coord_transform]: [SNAP OFF] Tay di chuyển lại. Thả snap.
[INFO] [1780999761.833262535] [coord_transform]: [SNAP ON] Tay đứng yên, GRU lệch 9.3cm (< 10cm). Snap prediction về actual hand.
[INFO] [1780999761.868257475] [coord_transform]: [SNAP OFF] Tay di chuyển lại. Thả snap.
[INFO] [1780999761.898030192] [coord_transform]: Deadband: HOLD at (0.059, -0.027, -0.008)
[INFO] [1780999761.931820399] [coord_transform]: Deadband: RELEASE — motion detected
[INFO] [1780999761.939388667] [coord_transform]: [SNAP OFF] Tay di chuyển lại. Thả snap.
[INFO] [1780999762.005276402] [coord_transform]: [SNAP OFF] Tay di chuyển lại. Thả snap.
[INFO] [1780999762.081249261] [coord_transform]: [SNAP OFF] Tay di chuyển lại. Thả snap.
[INFO] [1780999762.155564344] [coord_transform]: [SNAP OFF] Tay di chuyển lại. Thả snap.
[INFO] [1780999762.226723949] [coord_transform]: [SNAP OFF] Tay di chuyển lại. Thả snap.
[INFO] [1780999762.296139570] [coord_transform]: [SNAP OFF] Tay di chuyển lại. Thả snap.
[INFO] [1780999762.362268245] [coord_transform]: [SNAP OFF] Tay di chuyển lại. Thả snap.
[INFO] [1780999762.440391461] [coord_transform]: [SNAP OFF] Tay di chuyển lại. Thả snap.
[INFO] [1780999762.508606149] [coord_transform]: [SNAP OFF] Tay di chuyển lại. Thả snap.
[INFO] [1780999762.577710213] [coord_transform]: [SNAP OFF] Tay di chuyển lại. Thả snap.
[INFO] [1780999762.647017215] [coord_transform]: [SNAP OFF] Tay di chuyển lại. Thả snap.
[INFO] [1780999762.719518323] [coord_transform]: [SNAP OFF] Tay di chuyển lại. Thả snap.
[INFO] [1780999762.791344014] [coord_transform]: [SNAP OFF] Tay di chuyển lại. Thả snap.
[INFO] [1780999762.857733817] [coord_transform]: [SNAP OFF] Tay di chuyển lại. Thả snap.
[INFO] [1780999762.902713443] [coord_transform]: [SNAP ON] Tay đứng yên, GRU lệch 9.8cm (< 10cm). Snap prediction về actual hand.
[INFO] [1780999762.940917332] [coord_transform]: [SNAP OFF] Tay di chuyển lại. Thả snap.
[INFO] [1780999763.014853575] [coord_transform]: [SNAP OFF] Tay di chuyển lại. Thả snap.
[INFO] [1780999763.086356685] [coord_transform]: [SNAP OFF] Tay di chuyển lại. Thả snap.
[INFO] [1780999763.155807396] [coord_transform]: [SNAP OFF] Tay di chuyển lại. Thả snap.
[INFO] [1780999763.223513827] [coord_transform]: [SNAP OFF] Tay di chuyển lại. Thả snap.
[INFO] [1780999763.295417118] [coord_transform]: [SNAP OFF] Tay di chuyển lại. Thả snap.
[INFO] [1780999763.370332109] [coord_transform]: [SNAP OFF] Tay di chuyển lại. Thả snap.
[INFO] [1780999763.446496435] [coord_transform]: [SNAP OFF] Tay di chuyển lại. Thả snap.
[INFO] [1780999763.521460772] [coord_transform]: [SNAP OFF] Tay di chuyển lại. Thả snap.
[INFO] [1780999763.595273287] [coord_transform]: [SNAP OFF] Tay di chuyển lại. Thả snap.
[INFO] [1780999763.669324415] [coord_transform]: [SNAP OFF] Tay di chuyển lại. Thả snap.
[INFO] [1780999763.746390750] [coord_transform]: [SNAP OFF] Tay di chuyển lại. Thả snap.
[INFO] [1780999763.831053119] [coord_transform]: [SNAP OFF] Tay di chuyển lại. Thả snap.
[INFO] [1780999763.913094903] [coord_transform]: [SNAP OFF] Tay di chuyển lại. Thả snap.
[INFO] [1780999763.940328480] [coord_transform]: Deadband: HOLD at (0.059, -0.027, -0.008)
[INFO] [1780999763.951480554] [coord_transform]: [SNAP ON] Tay đứng yên, GRU lệch 9.4cm (< 10cm). Snap prediction về actual hand.
[INFO] [1780999763.977142868] [coord_transform]: Deadband: RELEASE — motion detected
[INFO] [1780999763.985089331] [coord_transform]: [SNAP OFF] Tay di chuyển lại. Thả snap.
[INFO] [1780999764.056046108] [coord_transform]: [SNAP OFF] Tay di chuyển lại. Thả snap.
[INFO] [1780999764.133624814] [coord_transform]: [SNAP OFF] Tay di chuyển lại. Thả snap.
[INFO] [1780999764.201074469] [coord_transform]: [SNAP OFF] Tay di chuyển lại. Thả snap.
[INFO] [1780999764.266720046] [coord_transform]: [SNAP OFF] Tay di chuyển lại. Thả snap.
[INFO] [1780999764.343026830] [coord_transform]: [SNAP OFF] Tay di chuyển lại. Thả snap.
[INFO] [1780999764.413800923] [coord_transform]: [SNAP OFF] Tay di chuyển lại. Thả snap.
[INFO] [1780999764.488317903] [coord_transform]: [SNAP OFF] Tay di chuyển lại. Thả snap.
[INFO] [1780999764.565135643] [coord_transform]: [SNAP OFF] Tay di chuyển lại. Thả snap.
[INFO] [1780999764.631657845] [coord_transform]: [SNAP OFF] Tay di chuyển lại. Thả snap.
[INFO] [1780999764.697395122] [coord_transform]: [SNAP OFF] Tay di chuyển lại. Thả snap.
[INFO] [1780999764.764603314] [coord_transform]: [SNAP OFF] Tay di chuyển lại. Thả snap.
[INFO] [1780999764.829554510] [coord_transform]: [SNAP OFF] Tay di chuyển lại. Thả snap.
[INFO] [1780999764.901198039] [coord_transform]: [SNAP OFF] Tay di chuyển lại. Thả snap.
[INFO] [1780999764.979428220] [coord_transform]: [SNAP OFF] Tay di chuyển lại. Thả snap.
[INFO] [1780999765.016972919] [coord_transform]: [SNAP ON] Tay đứng yên, GRU lệch 9.8cm (< 10cm). Snap prediction về actual hand.
[INFO] [1780999765.054812653] [coord_transform]: [SNAP OFF] Tay di chuyển lại. Thả snap.
[INFO] [1780999765.131464204] [coord_transform]: [SNAP OFF] Tay di chuyển lại. Thả snap.
[INFO] [1780999765.202212453] [coord_transform]: [SNAP OFF] Tay di chuyển lại. Thả snap.
[INFO] [1780999765.279277433] [coord_transform]: [SNAP OFF] Tay di chuyển lại. Thả snap.
[INFO] [1780999765.351984118] [coord_transform]: [SNAP OFF] Tay di chuyển lại. Thả snap.
[INFO] [1780999765.422279123] [coord_transform]: [SNAP OFF] Tay di chuyển lại. Thả snap.
[INFO] [1780999765.497449727] [coord_transform]: [SNAP OFF] Tay di chuyển lại. Thả snap.
[INFO] [1780999765.572622330] [coord_transform]: [SNAP OFF] Tay di chuyển lại. Thả snap.
[INFO] [1780999765.649020199] [coord_transform]: [SNAP OFF] Tay di chuyển lại. Thả snap.
[INFO] [1780999765.722690536] [coord_transform]: [SNAP OFF] Tay di chuyển lại. Thả snap.
[INFO] [1780999765.784551643] [coord_transform]: [SNAP OFF] Tay di chuyển lại. Thả snap.
[INFO] [1780999765.852908777] [coord_transform]: [SNAP OFF] Tay di chuyển lại. Thả snap.
[INFO] [1780999765.923136580] [coord_transform]: [SNAP OFF] Tay di chuyển lại. Thả snap.
[INFO] [1780999765.950100593] [coord_transform]: Deadband: HOLD at (0.059, -0.027, -0.008)
[INFO] [1780999765.985400519] [coord_transform]: Deadband: RELEASE — motion detected
[INFO] [1780999765.993650188] [coord_transform]: [SNAP OFF] Tay di chuyển lại. Thả snap.
[INFO] [1780999766.035339494] [coord_transform]: [SNAP ON] Tay đứng yên, GRU lệch 9.5cm (< 10cm). Snap prediction về actual hand.
[INFO] [1780999766.072106014] [coord_transform]: [SNAP OFF] Tay di chuyển lại. Thả snap.
[INFO] [1780999766.143652808] [coord_transform]: [SNAP OFF] Tay di chuyển lại. Thả snap.
[INFO] [1780999766.219925586] [coord_transform]: [SNAP OFF] Tay di chuyển lại. Thả snap.
[INFO] [1780999766.287755667] [coord_transform]: [SNAP OFF] Tay di chuyển lại. Thả snap.
[INFO] [1780999766.366922023] [coord_transform]: [SNAP OFF] Tay di chuyển lại. Thả snap.
[INFO] [1780999766.441409421] [coord_transform]: [SNAP OFF] Tay di chuyển lại. Thả snap.
[INFO] [1780999766.513010371] [coord_transform]: [SNAP OFF] Tay di chuyển lại. Thả snap.
[INFO] [1780999766.588223325] [coord_transform]: [SNAP OFF] Tay di chuyển lại. Thả snap.
[INFO] [1780999766.656561135] [coord_transform]: [SNAP OFF] Tay di chuyển lại. Thả snap.
[INFO] [1780999766.730425419] [coord_transform]: [SNAP OFF] Tay di chuyển lại. Thả snap.
[INFO] [1780999766.804693114] [coord_transform]: [SNAP OFF] Tay di chuyển lại. Thả snap.
[INFO] [1780999766.874968743] [coord_transform]: [SNAP OFF] Tay di chuyển lại. Thả snap.
[INFO] [1780999766.947081788] [coord_transform]: [SNAP OFF] Tay di chuyển lại. Thả snap.
[INFO] [1780999767.019167259] [coord_transform]: [SNAP OFF] Tay di chuyển lại. Thả snap.
[INFO] [1780999767.056126989] [coord_transform]: [SNAP ON] Tay đứng yên, GRU lệch 9.0cm (< 10cm). Snap prediction về actual hand.
[INFO] [1780999767.093915838] [coord_transform]: [SNAP OFF] Tay di chuyển lại. Thả snap.
[INFO] [1780999767.166646398] [coord_transform]: [SNAP OFF] Tay di chuyển lại. Thả snap.
[INFO] [1780999767.245981407] [coord_transform]: [SNAP OFF] Tay di chuyển lại. Thả snap.
[INFO] [1780999767.318965015] [coord_transform]: [SNAP OFF] Tay di chuyển lại. Thả snap.
[INFO] [1780999767.395814312] [coord_transform]: [SNAP OFF] Tay di chuyển lại. Thả snap.
[INFO] [1780999767.463715822] [coord_transform]: [SNAP OFF] Tay di chuyển lại. Thả snap.
[INFO] [1780999767.539523697] [coord_transform]: [SNAP OFF] Tay di chuyển lại. Thả snap.
[INFO] [1780999767.611490166] [coord_transform]: [SNAP OFF] Tay di chuyển lại. Thả snap.
[INFO] [1780999767.678951738] [coord_transform]: [SNAP OFF] Tay di chuyển lại. Thả snap.
[INFO] [1780999767.744373583] [coord_transform]: [SNAP OFF] Tay di chuyển lại. Thả snap.
[INFO] [1780999767.819777378] [coord_transform]: [SNAP OFF] Tay di chuyển lại. Thả snap.
[INFO] [1780999767.893240025] [coord_transform]: [SNAP OFF] Tay di chuyển lại. Thả snap.
[INFO] [1780999767.958388463] [coord_transform]: [SNAP OFF] Tay di chuyển lại. Thả snap.
[INFO] [1780999767.982946996] [coord_transform]: Deadband: HOLD at (0.059, -0.027, -0.008)
[INFO] [1780999768.018755328] [coord_transform]: Deadband: RELEASE — motion detected
[INFO] [1780999768.025911051] [coord_transform]: [SNAP OFF] Tay di chuyển lại. Thả snap.
[INFO] [1780999768.057910982] [coord_transform]: [SNAP ON] Tay đứng yên, GRU lệch 8.5cm (< 10cm). Snap prediction về actual hand.
[INFO] [1780999768.089957287] [coord_transform]: [SNAP OFF] Tay di chuyển lại. Thả snap.
[INFO] [1780999768.164777056] [coord_transform]: [SNAP OFF] Tay di chuyển lại. Thả snap.
[INFO] [1780999768.236409729] [coord_transform]: [SNAP OFF] Tay di chuyển lại. Thả snap.
[INFO] [1780999768.306244163] [coord_transform]: [SNAP OFF] Tay di chuyển lại. Thả snap.
[INFO] [1780999768.373861859] [coord_transform]: [SNAP OFF] Tay di chuyển lại. Thả snap.
[INFO] [1780999768.442983701] [coord_transform]: [SNAP OFF] Tay di chuyển lại. Thả snap.
[INFO] [1780999768.514913550] [coord_transform]: [SNAP OFF] Tay di chuyển lại. Thả snap.
[INFO] [1780999768.583156656] [coord_transform]: [SNAP OFF] Tay di chuyển lại. Thả snap.
[INFO] [1780999768.655392498] [coord_transform]: [SNAP OFF] Tay di chuyển lại. Thả snap.
[INFO] [1780999768.720368216] [coord_transform]: [SNAP OFF] Tay di chuyển lại. Thả snap.
[INFO] [1780999768.810864663] [coord_transform]: [SNAP OFF] Tay di chuyển lại. Thả snap.
[INFO] [1780999768.876986749] [coord_transform]: [SNAP OFF] Tay di chuyển lại. Thả snap.
[INFO] [1780999769.378044943] [coord_transform]: [SNAP ON] Tay đứng yên, GRU lệch 9.9cm (< 10cm). Snap prediction về actual hand.
[INFO] [1780999769.411920442] [coord_transform]: [SNAP OFF] Tay di chuyển lại. Thả snap.
[INFO] [1780999769.481006325] [coord_transform]: [SNAP OFF] Tay di chuyển lại. Thả snap.
[INFO] [1780999769.557417605] [coord_transform]: [SNAP OFF] Tay di chuyển lại. Thả snap.
[INFO] [1780999769.631634143] [coord_transform]: [SNAP OFF] Tay di chuyển lại. Thả snap.
[INFO] [1780999769.704395357] [coord_transform]: [SNAP OFF] Tay di chuyển lại. Thả snap.
[INFO] [1780999769.773727834] [coord_transform]: [SNAP OFF] Tay di chuyển lại. Thả snap.
[INFO] [1780999769.845654926] [coord_transform]: [SNAP OFF] Tay di chuyển lại. Thả snap.
[INFO] [1780999769.915572518] [coord_transform]: [SNAP OFF] Tay di chuyển lại. Thả snap.
[INFO] [1780999769.983248003] [coord_transform]: [SNAP OFF] Tay di chuyển lại. Thả snap.
[INFO] [1780999770.009331383] [coord_transform]: Deadband: HOLD at (0.059, -0.027, -0.008)
[INFO] [1780999770.052688343] [coord_transform]: Deadband: RELEASE — motion detected
[INFO] [1780999770.063863917] [coord_transform]: [SNAP OFF] Tay di chuyển lại. Thả snap.
[INFO] [1780999770.132573773] [coord_transform]: [SNAP OFF] Tay di chuyển lại. Thả snap.
[INFO] [1780999770.211060578] [coord_transform]: [SNAP OFF] Tay di chuyển lại. Thả snap.
[INFO] [1780999770.280435969] [coord_transform]: [SNAP OFF] Tay di chuyển lại. Thả snap.
[INFO] [1780999770.348754855] [coord_transform]: [SNAP OFF] Tay di chuyển lại. Thả snap.
[INFO] [1780999770.383125764] [coord_transform]: [SNAP ON] Tay đứng yên, GRU lệch 9.5cm (< 10cm). Snap prediction về actual hand.
[INFO] [1780999770.415825027] [coord_transform]: [SNAP OFF] Tay di chuyển lại. Thả snap.
[INFO] [1780999770.487554539] [coord_transform]: [SNAP OFF] Tay di chuyển lại. Thả snap.
[INFO] [1780999770.556594143] [coord_transform]: [SNAP OFF] Tay di chuyển lại. Thả snap.
[INFO] [1780999770.654292085] [coord_transform]: [SNAP OFF] Tay di chuyển lại. Thả snap.
[INFO] [1780999770.742785396] [coord_transform]: [SNAP OFF] Tay di chuyển lại. Thả snap.
[INFO] [1780999770.821671805] [coord_transform]: [SNAP OFF] Tay di chuyển lại. Thả snap.
[INFO] [1780999770.899980081] [coord_transform]: [SNAP OFF] Tay di chuyển lại. Thả snap.
[INFO] [1780999770.981031637] [coord_transform]: [SNAP OFF] Tay di chuyển lại. Thả snap.
[INFO] [1780999771.050685626] [coord_transform]: [SNAP OFF] Tay di chuyển lại. Thả snap.
[INFO] [1780999771.119846646] [coord_transform]: [SNAP OFF] Tay di chuyển lại. Thả snap.
[INFO] [1780999771.196541022] [coord_transform]: [SNAP OFF] Tay di chuyển lại. Thả snap.
[INFO] [1780999771.265842035] [coord_transform]: [SNAP OFF] Tay di chuyển lại. Thả snap.
[INFO] [1780999771.339463297] [coord_transform]: [SNAP OFF] Tay di chuyển lại. Thả snap.
[INFO] [1780999771.410961768] [coord_transform]: [SNAP OFF] Tay di chuyển lại. Thả snap.
[INFO] [1780999771.444838697] [coord_transform]: [SNAP ON] Tay đứng yên, GRU lệch 9.0cm (< 10cm). Snap prediction về actual hand.
[INFO] [1780999771.477504629] [coord_transform]: [SNAP OFF] Tay di chuyển lại. Thả snap.
[INFO] [1780999771.546428373] [coord_transform]: [SNAP OFF] Tay di chuyển lại. Thả snap.
[INFO] [1780999771.615259679] [coord_transform]: [SNAP OFF] Tay di chuyển lại. Thả snap.
[INFO] [1780999771.684615356] [coord_transform]: [SNAP OFF] Tay di chuyển lại. Thả snap.
[INFO] [1780999771.755548046] [coord_transform]: [SNAP OFF] Tay di chuyển lại. Thả snap.
[INFO] [1780999771.828694701] [coord_transform]: [SNAP OFF] Tay di chuyển lại. Thả snap.
[INFO] [1780999771.899133649] [coord_transform]: [SNAP OFF] Tay di chuyển lại. Thả snap.
[INFO] [1780999771.971932732] [coord_transform]: [SNAP OFF] Tay di chuyển lại. Thả snap.
[INFO] [1780999772.046804440] [coord_transform]: [SNAP OFF] Tay di chuyển lại. Thả snap.
[INFO] [1780999772.077945447] [coord_transform]: Deadband: HOLD at (0.059, -0.027, -0.008)
[INFO] [1780999772.112014970] [coord_transform]: Deadband: RELEASE — motion detected
[INFO] [1780999772.120116020] [coord_transform]: [SNAP OFF] Tay di chuyển lại. Thả snap.
[INFO] [1780999772.184683382] [coord_transform]: [SNAP OFF] Tay di chuyển lại. Thả snap.
[INFO] [1780999772.250007644] [coord_transform]: [SNAP OFF] Tay di chuyển lại. Thả snap.
[INFO] [1780999772.323698595] [coord_transform]: [SNAP OFF] Tay di chuyển lại. Thả snap.
[INFO] [1780999772.395420187] [coord_transform]: [SNAP OFF] Tay di chuyển lại. Thả snap.
[INFO] [1780999772.463673386] [coord_transform]: [SNAP OFF] Tay di chuyển lại. Thả snap.
[INFO] [1780999772.503179836] [coord_transform]: [SNAP ON] Tay đứng yên, GRU lệch 9.1cm (< 10cm). Snap prediction về actual hand.
[INFO] [1780999772.538878406] [coord_transform]: [SNAP OFF] Tay di chuyển lại. Thả snap.
[INFO] [1780999772.611593683] [coord_transform]: [SNAP OFF] Tay di chuyển lại. Thả snap.
[INFO] [1780999772.683104518] [coord_transform]: [SNAP OFF] Tay di chuyển lại. Thả snap.
[INFO] [1780999772.753147414] [coord_transform]: [SNAP OFF] Tay di chuyển lại. Thả snap.
[INFO] [1780999772.844454701] [coord_transform]: [SNAP OFF] Tay di chuyển lại. Thả snap.
[INFO] [1780999772.910594504] [coord_transform]: [SNAP OFF] Tay di chuyển lại. Thả snap.
[INFO] [1780999772.984062624] [coord_transform]: [SNAP OFF] Tay di chuyển lại. Thả snap.
[INFO] [1780999773.057769004] [coord_transform]: [SNAP OFF] Tay di chuyển lại. Thả snap.
[INFO] [1780999773.133227687] [coord_transform]: [SNAP OFF] Tay di chuyển lại. Thả snap.
[INFO] [1780999773.203605599] [coord_transform]: [SNAP OFF] Tay di chuyển lại. Thả snap.
[INFO] [1780999773.276733978] [coord_transform]: [SNAP OFF] Tay di chuyển lại. Thả snap.
[INFO] [1780999773.355741702] [coord_transform]: [SNAP OFF] Tay di chuyển lại. Thả snap.
[INFO] [1780999773.425912557] [coord_transform]: [SNAP OFF] Tay di chuyển lại. Thả snap.
[INFO] [1780999773.494912124] [coord_transform]: [SNAP OFF] Tay di chuyển lại. Thả snap.
[INFO] [1780999773.534670916] [coord_transform]: [SNAP ON] Tay đứng yên, GRU lệch 9.2cm (< 10cm). Snap prediction về actual hand.
[INFO] [1780999773.569678589] [coord_transform]: [SNAP OFF] Tay di chuyển lại. Thả snap.
[INFO] [1780999773.651124412] [coord_transform]: [SNAP OFF] Tay di chuyển lại. Thả snap.
[INFO] [1780999773.728022405] [coord_transform]: [SNAP OFF] Tay di chuyển lại. Thả snap.
[INFO] [1780999773.798294026] [coord_transform]: [SNAP OFF] Tay di chuyển lại. Thả snap.
[INFO] [1780999773.872190585] [coord_transform]: [SNAP OFF] Tay di chuyển lại. Thả snap.
[INFO] [1780999773.945675433] [coord_transform]: [SNAP OFF] Tay di chuyển lại. Thả snap.
[INFO] [1780999774.017769285] [coord_transform]: [SNAP OFF] Tay di chuyển lại. Thả snap.
[INFO] [1780999774.097957545] [coord_transform]: [SNAP OFF] Tay di chuyển lại. Thả snap.
[INFO] [1780999774.130977491] [coord_transform]: Deadband: HOLD at (0.059, -0.027, -0.008)
[INFO] [1780999774.165656155] [coord_transform]: Deadband: RELEASE — motion detected
[INFO] [1780999774.173185807] [coord_transform]: [SNAP OFF] Tay di chuyển lại. Thả snap.
[INFO] [1780999774.240141737] [coord_transform]: [SNAP OFF] Tay di chuyển lại. Thả snap.
[INFO] [1780999774.310661364] [coord_transform]: [SNAP OFF] Tay di chuyển lại. Thả snap.
[INFO] [1780999774.386210630] [coord_transform]: [SNAP OFF] Tay di chuyển lại. Thả snap.
[INFO] [1780999774.458358549] [coord_transform]: [SNAP OFF] Tay di chuyển lại. Thả snap.
[INFO] [1780999774.531502577] [coord_transform]: [SNAP OFF] Tay di chuyển lại. Thả snap.
[INFO] [1780999774.569721237] [coord_transform]: [SNAP ON] Tay đứng yên, GRU lệch 8.0cm (< 10cm). Snap prediction về actual hand.
[INFO] [1780999774.604541851] [coord_transform]: [SNAP OFF] Tay di chuyển lại. Thả snap.
[INFO] [1780999774.672581066] [coord_transform]: [SNAP OFF] Tay di chuyển lại. Thả snap.
[INFO] [1780999774.745151914] [coord_transform]: [SNAP OFF] Tay di chuyển lại. Thả snap.
[INFO] [1780999774.813643400] [coord_transform]: [SNAP OFF] Tay di chuyển lại. Thả snap.
[INFO] [1780999774.879955622] [coord_transform]: [SNAP OFF] Tay di chuyển lại. Thả snap.
[INFO] [1780999774.951996722] [coord_transform]: [SNAP OFF] Tay di chuyển lại. Thả snap.
[INFO] [1780999775.031539980] [coord_transform]: [SNAP OFF] Tay di chuyển lại. Thả snap.
[INFO] [1780999775.090309647] [coord_transform]: Re-sync camera init: [ 0.094 -0.024 -0.005]
[INFO] [1780999775.090736934] [coord_transform]: Trạng thái tracking: RUNNING
[INFO] [1780999775.112615636] [coord_transform]: [SNAP OFF] Tay di chuyển lại. Thả snap.
[INFO] [1780999775.113615376] [coord_transform]: [PREDICTION] Transform: cam[0.081 0.013 0.016] → base[-0.15   0.3    0.415]
[INFO] [1780999776.285181681] [coord_transform]: Deadband: RELEASE — motion detected
[INFO] [1780999776.291336061] [coord_transform]: [SNAP OFF] Tay di chuyển lại. Thả snap.
[INFO] [1780999776.326337336] [coord_transform]: Deadband: HOLD at (0.094, -0.024, -0.005)
[INFO] [1780999777.118312574] [coord_transform]: [PREDICTION] Transform: cam[0.013 0.091 0.13 ] → base[-0.082  0.378  0.529]
[INFO] [1780999779.147941967] [coord_transform]: [PREDICTION] Transform: cam[0.028 0.326 0.243] → base[-0.097  0.613  0.642]
[INFO] [1780999781.187852011] [coord_transform]: [PREDICTION] Transform: cam[-0.017  0.629  0.223] → base[-0.052  0.916  0.622]
[INFO] [1780999783.190673000] [coord_transform]: [PREDICTION] Transform: cam[-0.028  0.761  0.052] → base[-0.042  1.048  0.451]
[INFO] [1780999785.222501742] [coord_transform]: [PREDICTION] Transform: cam[-0.003  0.65  -0.035] → base[-0.066  0.937  0.364]
[INFO] [1780999787.781082019] [coord_transform]: [PREDICTION] Transform: cam[-0.024  0.655 -0.048] → base[-0.045  0.942  0.351]
[INFO] [1780999789.805748087] [coord_transform]: [PREDICTION] Transform: cam[-0.038  0.717  0.114] → base[-0.031  1.004  0.513]
[INFO] [1780999791.817688925] [coord_transform]: [PREDICTION] Transform: cam[0.004 0.553 0.252] → base[-0.073  0.84   0.651]
[INFO] [1780999793.820432624] [coord_transform]: [PREDICTION] Transform: cam[-0.011  0.288  0.288] → base[-0.058  0.575  0.687]
[INFO] [1780999795.849760606] [coord_transform]: [PREDICTION] Transform: cam[0.007 0.086 0.186] → base[-0.076  0.373  0.585]
[WARN] [1780999796.540862973] [coord_transform]: Outlier rejected #1 (jumped 183.4mm). Ignoring.
[WARN] [1780999796.823095655] [coord_transform]: Outlier rejected #1 (jumped 282.6mm). Ignoring.
[WARN] [1780999796.856110114] [coord_transform]: Outlier rejected #2 (jumped 204.4mm). Ignoring.
[INFO] [1780999797.883876595] [coord_transform]: [PREDICTION] Transform: cam[0.035 0.053 0.111] → base[-0.105  0.34   0.51 ]
[INFO] [1780999799.899946065] [coord_transform]: [PREDICTION] Transform: cam[0.029 0.087 0.114] → base[-0.099  0.374  0.513]
[INFO] [1780999801.908175282] [coord_transform]: [PREDICTION] Transform: cam[0.    0.073 0.127] → base[-0.07   0.36   0.526]
[WARN] [1780999802.623222248] [coord_transform]: Outlier rejected #1 (jumped 152.5mm). Ignoring.
[WARN] [1780999802.739495240] [coord_transform]: Outlier rejected #1 (jumped 155.8mm). Ignoring.
[WARN] [1780999802.783850780] [coord_transform]: Outlier rejected #2 (jumped 155.8mm). Ignoring.
[WARN] [1780999803.123002330] [coord_transform]: Outlier rejected #1 (jumped 152.4mm). Ignoring.
[INFO] [1780999803.928137958] [coord_transform]: [PREDICTION] Transform: cam[0.009 0.107 0.132] → base[-0.079  0.394  0.531]
[INFO] [1780999805.949480683] [coord_transform]: [PREDICTION] Transform: cam[0.021 0.105 0.115] → base[-0.09   0.392  0.514]
[INFO] [1780999807.974030499] [coord_transform]: [PREDICTION] Transform: cam[0.012 0.162 0.134] → base[-0.082  0.449  0.534]
[INFO] [1780999810.000952509] [coord_transform]: [PREDICTION] Transform: cam[-0.012  0.285  0.224] → base[-0.057  0.572  0.623]
[INFO] [1780999812.013149154] [coord_transform]: [PREDICTION] Transform: cam[0.017 0.567 0.223] → base[-0.086  0.854  0.622]
[INFO] [1780999814.037814694] [coord_transform]: [PREDICTION] Transform: cam[0.032 0.743 0.084] → base[-0.102  1.03   0.483]
[INFO] [1780999816.091251947] [coord_transform]: [PREDICTION] Transform: cam[0.05  0.625 0.029] → base[-0.119  0.912  0.429]
[INFO] [1780999819.637237398] [coord_transform]: [PREDICTION] Transform: cam[0.034 0.615 0.025] → base[-0.103  0.902  0.425]
[INFO] [1780999821.658728323] [coord_transform]: [PREDICTION] Transform: cam[0.026 0.549 0.187] → base[-0.095  0.836  0.586]
[INFO] [1780999823.675932193] [coord_transform]: [PREDICTION] Transform: cam[-0.007  0.278  0.22 ] → base[-0.062  0.565  0.619]
[INFO] [1780999825.678983985] [coord_transform]: [PREDICTION] Transform: cam[0.012 0.175 0.192] → base[-0.081  0.462  0.591]
[INFO] [1780999826.923241942] [coord_transform]: Trạng thái tracking: STOPPED
[INFO] [1780999831.088060812] [coord_transform]: Đã chuyển mode: prediction -> ground_truth
[WARN] [1780999831.134915157] [coord_transform]: Outlier rejected #1 (jumped 268.3mm). Ignoring.
[WARN] [1780999831.166898350] [coord_transform]: Outlier rejected #2 (jumped 343.0mm). Ignoring.
[WARN] [1780999831.200374895] [coord_transform]: Outlier rejected #3 (jumped 381.8mm). Ignoring.
[WARN] [1780999831.235669092] [coord_transform]: Outlier rejected #4 (jumped 386.8mm). Ignoring.
[INFO] [1780999831.269354733] [coord_transform]: Too many outliers (5). Resetting filter to new position.
[WARN] [1780999832.427344312] [coord_transform]: Outlier rejected #1 (jumped 280.0mm). Ignoring.
[WARN] [1780999832.465561510] [coord_transform]: Outlier rejected #2 (jumped 365.0mm). Ignoring.
[WARN] [1780999832.494856841] [coord_transform]: Outlier rejected #3 (jumped 370.7mm). Ignoring.
[WARN] [1780999832.535450630] [coord_transform]: Outlier rejected #4 (jumped 363.2mm). Ignoring.
[INFO] [1780999832.566240095] [coord_transform]: Too many outliers (5). Resetting filter to new position.
[WARN] [1780999852.477609205] [coord_transform]: Outlier rejected #1 (jumped 244.7mm). Ignoring.
[WARN] [1780999852.614951133] [coord_transform]: Outlier rejected #1 (jumped 161.0mm). Ignoring.
[WARN] [1780999852.651725967] [coord_transform]: Outlier rejected #2 (jumped 160.6mm). Ignoring.
[WARN] [1780999852.847107817] [coord_transform]: Outlier rejected #1 (jumped 152.3mm). Ignoring.
[WARN] [1780999852.884857375] [coord_transform]: Outlier rejected #2 (jumped 152.3mm). Ignoring.
[WARN] [1780999854.088760649] [coord_transform]: Outlier rejected #1 (jumped 160.0mm). Ignoring.
[INFO] [1780999861.918344918] [coord_transform]: Deadband: HOLD at (0.094, -0.024, -0.005)
[INFO] [1780999861.951815649] [coord_transform]: Deadband: RELEASE — motion detected
[INFO] [1780999864.376872287] [coord_transform]: Deadband: HOLD at (0.094, -0.024, -0.005)
[INFO] [1780999864.412826989] [coord_transform]: Deadband: RELEASE — motion detected
[WARN] [1780999867.021124177] [coord_transform]: Outlier rejected #1 (jumped 156.5mm). Ignoring.
[INFO] [1780999868.520459067] [coord_transform]: Deadband: HOLD at (0.094, -0.024, -0.005)
[INFO] [1780999868.566820271] [coord_transform]: Deadband: RELEASE — motion detected
[INFO] [1780999870.524788341] [coord_transform]: Deadband: HOLD at (0.094, -0.024, -0.005)
[INFO] [1780999870.626043789] [coord_transform]: Deadband: RELEASE — motion detected
[INFO] [1780999872.541811272] [coord_transform]: Deadband: HOLD at (0.094, -0.024, -0.005)
[INFO] [1780999872.637955685] [coord_transform]: Deadband: RELEASE — motion detected
[INFO] [1780999874.590205362] [coord_transform]: Deadband: HOLD at (0.094, -0.024, -0.005)
[INFO] [1780999874.693307277] [coord_transform]: Deadband: RELEASE — motion detected
[WARN] [1780999876.096807254] [coord_transform]: Outlier rejected #1 (jumped 171.8mm). Ignoring.
[INFO] [1780999876.751417398] [coord_transform]: Re-sync camera init: [ 0.117 -0.071  0.038]
[INFO] [1780999876.751897206] [coord_transform]: Trạng thái tracking: RUNNING
[INFO] [1780999876.775510364] [coord_transform]: Deadband: RELEASE — motion detected
[INFO] [1780999876.777313161] [coord_transform]: [GROUND_TRUTH] Transform: cam[ 0.114 -0.051  0.038] → base[-0.161  0.283  0.395]
[INFO] [1780999876.916003516] [coord_transform]: Deadband: HOLD at (0.117, -0.071, 0.038)
[INFO] [1780999878.795837190] [coord_transform]: [GROUND_TRUTH] Transform: cam[0.102 0.065 0.132] → base[-0.149  0.399  0.489]
[INFO] [1780999880.821501066] [coord_transform]: [GROUND_TRUTH] Transform: cam[0.095 0.23  0.217] → base[-0.142  0.564  0.574]
[INFO] [1780999882.833337762] [coord_transform]: [GROUND_TRUTH] Transform: cam[0.063 0.45  0.235] → base[-0.11   0.784  0.592]
[INFO] [1780999884.858401620] [coord_transform]: [GROUND_TRUTH] Transform: cam[0.071 0.659 0.05 ] → base[-0.118  0.993  0.407]
[INFO] [1780999886.875186737] [coord_transform]: [GROUND_TRUTH] Transform: cam[ 0.087  0.677 -0.039] → base[-0.134  1.011  0.318]
[INFO] [1780999888.876841069] [coord_transform]: [GROUND_TRUTH] Transform: cam[0.083 0.718 0.044] → base[-0.13   1.052  0.401]
[INFO] [1780999890.905187457] [coord_transform]: [GROUND_TRUTH] Transform: cam[0.098 0.681 0.146] → base[-0.145  1.015  0.503]
[INFO] [1780999892.905775763] [coord_transform]: [GROUND_TRUTH] Transform: cam[0.098 0.585 0.197] → base[-0.145  0.919  0.554]
[INFO] [1780999894.912466863] [coord_transform]: [GROUND_TRUTH] Transform: cam[0.102 0.469 0.165] → base[-0.149  0.803  0.522]
[INFO] [1780999896.920254949] [coord_transform]: [GROUND_TRUTH] Transform: cam[0.105 0.252 0.15 ] → base[-0.152  0.586  0.507]
[INFO] [1780999898.958918649] [coord_transform]: [GROUND_TRUTH] Transform: cam[0.101 0.043 0.066] → base[-0.148  0.377  0.424]
[INFO] [1780999901.021534079] [coord_transform]: [GROUND_TRUTH] Transform: cam[0.108 0.088 0.062] → base[-0.155  0.422  0.419]
[INFO] [1780999903.022237738] [coord_transform]: [GROUND_TRUTH] Transform: cam[0.122 0.114 0.052] → base[-0.169  0.448  0.409]
[INFO] [1780999905.047022689] [coord_transform]: [GROUND_TRUTH] Transform: cam[0.121 0.183 0.076] → base[-0.168  0.517  0.433]
[INFO] [1780999907.052815624] [coord_transform]: [GROUND_TRUTH] Transform: cam[0.109 0.414 0.2  ] → base[-0.156  0.748  0.557]
[INFO] [1780999909.118334666] [coord_transform]: [GROUND_TRUTH] Transform: cam[0.083 0.633 0.189] → base[-0.129  0.967  0.546]
[INFO] [1780999911.153347846] [coord_transform]: [GROUND_TRUTH] Transform: cam[0.094 0.692 0.19 ] → base[-0.141  1.026  0.547]
[INFO] [1780999913.186136996] [coord_transform]: [GROUND_TRUTH] Transform: cam[0.117 0.696 0.196] → base[-0.164  1.03   0.553]
[INFO] [1780999915.192549688] [coord_transform]: [GROUND_TRUTH] Transform: cam[0.115 0.722 0.199] → base[-0.162  1.056  0.556]
[INFO] [1780999917.220137556] [coord_transform]: [GROUND_TRUTH] Transform: cam[0.071 0.668 0.195] → base[-0.118  1.002  0.552]
[INFO] [1780999919.248272188] [coord_transform]: [GROUND_TRUTH] Transform: cam[0.095 0.651 0.203] → base[-0.141  0.985  0.56 ]
[INFO] [1780999921.285722378] [coord_transform]: [GROUND_TRUTH] Transform: cam[0.119 0.657 0.204] → base[-0.166  0.991  0.561]
[INFO] [1780999923.399461125] [coord_transform]: [GROUND_TRUTH] Transform: cam[0.121 0.648 0.213] → base[-0.167  0.982  0.57 ]
[INFO] [1780999925.442195356] [coord_transform]: [GROUND_TRUTH] Transform: cam[0.096 0.65  0.122] → base[-0.143  0.984  0.479]
[INFO] [1780999927.469792324] [coord_transform]: [GROUND_TRUTH] Transform: cam[0.099 0.656 0.126] → base[-0.146  0.99   0.483]
[INFO] [1780999929.499790677] [coord_transform]: [GROUND_TRUTH] Transform: cam[0.096 0.631 0.053] → base[-0.143  0.965  0.411]
[INFO] [1780999931.547666355] [coord_transform]: [GROUND_TRUTH] Transform: cam[0.098 0.627 0.043] → base[-0.145  0.961  0.4  ]
[INFO] [1780999933.872248061] [coord_transform]: [GROUND_TRUTH] Transform: cam[0.098 0.624 0.045] → base[-0.145  0.958  0.402]
[INFO] [1780999935.994548372] [coord_transform]: [GROUND_TRUTH] Transform: cam[0.091 0.624 0.049] → base[-0.138  0.958  0.406]
[INFO] [1780999938.239316176] [coord_transform]: [GROUND_TRUTH] Transform: cam[0.091 0.62  0.056] → base[-0.138  0.954  0.413]
[INFO] [1780999940.252473610] [coord_transform]: [GROUND_TRUTH] Transform: cam[0.132 0.639 0.075] → base[-0.179  0.973  0.432]
[INFO] [1780999942.284577619] [coord_transform]: [GROUND_TRUTH] Transform: cam[0.239 0.65  0.096] → base[-0.286  0.984  0.454]
[INFO] [1780999944.323755837] [coord_transform]: [GROUND_TRUTH] Transform: cam[0.268 0.586 0.096] → base[-0.315  0.92   0.454]
[INFO] [1780999946.357888694] [coord_transform]: [GROUND_TRUTH] Transform: cam[0.241 0.622 0.029] → base[-0.288  0.956  0.386]
[INFO] [1780999948.377097370] [coord_transform]: [GROUND_TRUTH] Transform: cam[0.234 0.608 0.026] → base[-0.281  0.942  0.383]
[INFO] [1780999950.388425975] [coord_transform]: [GROUND_TRUTH] Transform: cam[0.237 0.625 0.001] → base[-0.284  0.959  0.358]
[INFO] [1780999952.406060848] [coord_transform]: [GROUND_TRUTH] Transform: cam[ 0.235  0.601 -0.033] → base[-0.282  0.935  0.324]
[INFO] [1780999954.425222095] [coord_transform]: [GROUND_TRUTH] Transform: cam[ 0.371  0.611 -0.031] → base[-0.418  0.945  0.326]
[INFO] [1780999956.426506819] [coord_transform]: [GROUND_TRUTH] Transform: cam[ 0.349  0.595 -0.022] → base[-0.396  0.929  0.335]
[INFO] [1780999958.493368625] [coord_transform]: [GROUND_TRUTH] Transform: cam[ 0.338  0.583 -0.015] → base[-0.385  0.917  0.342]
[INFO] [1780999960.618580848] [coord_transform]: [GROUND_TRUTH] Transform: cam[ 0.332  0.591 -0.013] → base[-0.379  0.925  0.344]
[INFO] [1780999962.645049824] [coord_transform]: [GROUND_TRUTH] Transform: cam[ 0.314  0.635 -0.018] → base[-0.361  0.969  0.339]
[INFO] [1780999964.663574631] [coord_transform]: [GROUND_TRUTH] Transform: cam[0.288 0.699 0.023] → base[-0.335  1.033  0.38 ]
[INFO] [1780999966.719591581] [coord_transform]: [GROUND_TRUTH] Transform: cam[0.272 0.753 0.007] → base[-0.319  1.087  0.364]
[INFO] [1780999968.724874488] [coord_transform]: [GROUND_TRUTH] Transform: cam[0.288 0.637 0.023] → base[-0.335  0.971  0.38 ]
[INFO] [1780999970.911836504] [coord_transform]: [GROUND_TRUTH] Transform: cam[ 0.337  0.666 -0.009] → base[-0.384  1.     0.348]
[INFO] [1780999972.925563332] [coord_transform]: [GROUND_TRUTH] Transform: cam[0.327 0.664 0.002] → base[-0.374  0.998  0.359]
[INFO] [1780999974.938007302] [coord_transform]: [GROUND_TRUTH] Transform: cam[0.188 0.73  0.032] → base[-0.235  1.064  0.389]
[INFO] [1780999976.964517190] [coord_transform]: [GROUND_TRUTH] Transform: cam[0.102 0.728 0.044] → base[-0.149  1.062  0.401]
[INFO] [1780999978.988583510] [coord_transform]: [GROUND_TRUTH] Transform: cam[-0.11   0.613  0.04 ] → base[0.063 0.947 0.398]
[INFO] [1780999981.148556322] [coord_transform]: [GROUND_TRUTH] Transform: cam[-0.123  0.596  0.043] → base[0.076 0.93  0.4  ]
[INFO] [1780999983.153385908] [coord_transform]: [GROUND_TRUTH] Transform: cam[-0.084  0.558  0.1  ] → base[0.037 0.892 0.457]
[INFO] [1780999985.157321557] [coord_transform]: [GROUND_TRUTH] Transform: cam[-0.115  0.568  0.141] → base[0.068 0.902 0.498]
[INFO] [1780999987.190104082] [coord_transform]: [GROUND_TRUTH] Transform: cam[-0.088  0.519  0.148] → base[0.041 0.853 0.506]
[INFO] [1780999989.222868097] [coord_transform]: [GROUND_TRUTH] Transform: cam[-0.083  0.517  0.14 ] → base[0.036 0.851 0.497]
[INFO] [1780999991.273690010] [coord_transform]: [GROUND_TRUTH] Transform: cam[-0.088  0.513  0.142] → base[0.041 0.847 0.499]
[INFO] [1780999993.315995259] [coord_transform]: [GROUND_TRUTH] Transform: cam[-0.087  0.51   0.14 ] → base[0.04  0.844 0.497]
[INFO] [1780999995.345984624] [coord_transform]: [GROUND_TRUTH] Transform: cam[-0.087  0.499  0.163] → base[0.04  0.833 0.52 ]
[INFO] [1780999997.384298601] [coord_transform]: [GROUND_TRUTH] Transform: cam[0.003 0.456 0.213] → base[-0.05   0.79   0.571]
[INFO] [1780999999.418978557] [coord_transform]: [GROUND_TRUTH] Transform: cam[0.005 0.424 0.19 ] → base[-0.052  0.758  0.547]
[INFO] [1781000001.447007963] [coord_transform]: [GROUND_TRUTH] Transform: cam[0.029 0.518 0.201] → base[-0.075  0.852  0.558]
[INFO] [1781000003.467503302] [coord_transform]: [GROUND_TRUTH] Transform: cam[0.047 0.396 0.222] → base[-0.094  0.73   0.579]
[INFO] [1781000005.488590033] [coord_transform]: [GROUND_TRUTH] Transform: cam[0.134 0.274 0.243] → base[-0.181  0.608  0.6  ]
[INFO] [1781000007.507430133] [coord_transform]: [GROUND_TRUTH] Transform: cam[0.107 0.428 0.212] → base[-0.154  0.762  0.569]
[INFO] [1781000009.530461943] [coord_transform]: [GROUND_TRUTH] Transform: cam[0.109 0.445 0.163] → base[-0.156  0.779  0.52 ]
[WARN] [1781000010.819974211] [coord_transform]: Outlier rejected #1 (jumped 198.3mm). Ignoring.
[WARN] [1781000010.860056133] [coord_transform]: Outlier rejected #2 (jumped 198.4mm). Ignoring.
[WARN] [1781000010.951513384] [coord_transform]: Outlier rejected #3 (jumped 236.1mm). Ignoring.
[WARN] [1781000010.992557043] [coord_transform]: Outlier rejected #4 (jumped 228.3mm). Ignoring.
[INFO] [1781000011.023305822] [coord_transform]: Too many outliers (5). Resetting filter to new position.
[INFO] [1781000011.558088801] [coord_transform]: [GROUND_TRUTH] Transform: cam[-0.018  0.254 -0.018] → base[-0.029  0.588  0.339]
[INFO] [1781000013.576567194] [coord_transform]: [GROUND_TRUTH] Transform: cam[0.104 0.255 0.074] → base[-0.15   0.589  0.431]
[INFO] [1781000015.590869474] [coord_transform]: [GROUND_TRUTH] Transform: cam[0.043 0.205 0.314] → base[-0.09   0.539  0.671]
[INFO] [1781000015.997295930] [coord_transform]: Trạng thái tracking: STOPPED
[WARN] [1781000067.666727489] [coord_transform]: Outlier rejected #1 (jumped 197.7mm). Ignoring.
[WARN] [1781000067.726687224] [coord_transform]: Outlier rejected #2 (jumped 242.6mm). Ignoring.
[WARN] [1781000067.762784669] [coord_transform]: Outlier rejected #3 (jumped 279.8mm). Ignoring.
[WARN] [1781000067.794344977] [coord_transform]: Outlier rejected #4 (jumped 261.6mm). Ignoring.
[INFO] [1781000067.826320415] [coord_transform]: Too many outliers (5). Resetting filter to new position.
[WARN] [1781000068.125984715] [coord_transform]: Outlier rejected #1 (jumped 563.9mm). Ignoring.
[WARN] [1781000069.966960098] [coord_transform]: Outlier rejected #1 (jumped 173.8mm). Ignoring.
[WARN] [1781000070.035130182] [coord_transform]: Outlier rejected #1 (jumped 154.2mm). Ignoring.
[WARN] [1781000070.065116000] [coord_transform]: Outlier rejected #2 (jumped 216.5mm). Ignoring.
[WARN] [1781000070.104132595] [coord_transform]: Outlier rejected #3 (jumped 253.1mm). Ignoring.
[WARN] [1781000071.861593789] [coord_transform]: Outlier rejected #4 (jumped 314.8mm). Ignoring.
[INFO] [1781000071.899025715] [coord_transform]: Too many outliers (5). Resetting filter to new position.
[WARN] [1781000077.822988850] [coord_transform]: Outlier rejected #1 (jumped 1876.3mm). Ignoring.
[WARN] [1781000077.851723379] [coord_transform]: Outlier rejected #2 (jumped 1890.2mm). Ignoring.
[WARN] [1781000077.879535926] [coord_transform]: Outlier rejected #3 (jumped 1847.7mm). Ignoring.
[WARN] [1781000077.911330007] [coord_transform]: Outlier rejected #4 (jumped 1855.4mm). Ignoring.
[INFO] [1781000078.089047992] [coord_transform]: Too many outliers (5). Resetting filter to new position.
[WARN] [1781000078.568032897] [coord_transform]: Outlier rejected #1 (jumped 597.1mm). Ignoring.
[WARN] [1781000109.296094807] [coord_transform]: Outlier rejected #2 (jumped 2194.6mm). Ignoring.
[WARN] [1781000110.028481685] [coord_transform]: Outlier rejected #3 (jumped 2165.9mm). Ignoring.
[WARN] [1781000110.055559434] [coord_transform]: Outlier rejected #4 (jumped 1858.9mm). Ignoring.
[INFO] [1781000110.091240754] [coord_transform]: Too many outliers (5). Resetting filter to new position.
[WARN] [1781000110.314372923] [coord_transform]: Outlier rejected #1 (jumped 395.0mm). Ignoring.
[WARN] [1781000110.345533745] [coord_transform]: Outlier rejected #2 (jumped 464.9mm). Ignoring.
[WARN] [1781000112.755816114] [coord_transform]: Outlier rejected #3 (jumped 696.7mm). Ignoring.
[WARN] [1781000112.883536378] [coord_transform]: Outlier rejected #4 (jumped 721.3mm). Ignoring.
[INFO] [1781000112.950689223] [coord_transform]: Too many outliers (5). Resetting filter to new position.
[WARN] [1781000113.557972103] [coord_transform]: Outlier rejected #1 (jumped 162.5mm). Ignoring.
[WARN] [1781000113.594035740] [coord_transform]: Outlier rejected #2 (jumped 173.9mm). Ignoring.
[WARN] [1781000113.625772148] [coord_transform]: Outlier rejected #3 (jumped 166.6mm). Ignoring.
[WARN] [1781000113.659962043] [coord_transform]: Outlier rejected #4 (jumped 219.4mm). Ignoring.
[INFO] [1781000113.691664322] [coord_transform]: Too many outliers (5). Resetting filter to new position.
[WARN] [1781000116.372364647] [coord_transform]: Outlier rejected #1 (jumped 195.0mm). Ignoring.
[WARN] [1781000116.404831284] [coord_transform]: Outlier rejected #2 (jumped 198.2mm). Ignoring.
[WARN] [1781000116.506028702] [coord_transform]: Outlier rejected #1 (jumped 294.7mm). Ignoring.
[WARN] [1781000116.535520698] [coord_transform]: Outlier rejected #2 (jumped 268.1mm). Ignoring.
[WARN] [1781000116.568844684] [coord_transform]: Outlier rejected #3 (jumped 334.1mm). Ignoring.
[WARN] [1781000116.605276927] [coord_transform]: Outlier rejected #4 (jumped 334.5mm). Ignoring.
[INFO] [1781000116.634313754] [coord_transform]: Too many outliers (5). Resetting filter to new position.
[WARN] [1781000117.190492638] [coord_transform]: Outlier rejected #1 (jumped 735.0mm). Ignoring.
[WARN] [1781000117.693350138] [coord_transform]: Outlier rejected #2 (jumped 950.1mm). Ignoring.
[WARN] [1781000117.728315762] [coord_transform]: Outlier rejected #3 (jumped 1538.5mm). Ignoring.
[WARN] [1781000117.829805304] [coord_transform]: Outlier rejected #4 (jumped 610.2mm). Ignoring.
[INFO] [1781000117.861744283] [coord_transform]: Too many outliers (5). Resetting filter to new position.
[WARN] [1781000118.297371260] [coord_transform]: Outlier rejected #1 (jumped 999.0mm). Ignoring.
[WARN] [1781000118.393664318] [coord_transform]: Outlier rejected #2 (jumped 369.0mm). Ignoring.
[WARN] [1781000118.432198560] [coord_transform]: Outlier rejected #3 (jumped 466.7mm). Ignoring.
[WARN] [1781000118.468121351] [coord_transform]: Outlier rejected #4 (jumped 488.6mm). Ignoring.
[INFO] [1781000118.499250291] [coord_transform]: Too many outliers (5). Resetting filter to new position.
[WARN] [1781000120.271014947] [coord_transform]: Outlier rejected #1 (jumped 691.0mm). Ignoring.
[WARN] [1781000120.299817365] [coord_transform]: Outlier rejected #2 (jumped 691.3mm). Ignoring.
[WARN] [1781000120.336023360] [coord_transform]: Outlier rejected #3 (jumped 679.7mm). Ignoring.
[WARN] [1781000120.367337366] [coord_transform]: Outlier rejected #4 (jumped 717.9mm). Ignoring.
[INFO] [1781000120.410350173] [coord_transform]: Too many outliers (5). Resetting filter to new position.
[WARN] [1781000145.713203425] [coord_transform]: Outlier rejected #1 (jumped 1049.7mm). Ignoring.
[WARN] [1781000145.750344517] [coord_transform]: Outlier rejected #2 (jumped 1060.6mm). Ignoring.
[WARN] [1781000145.781041458] [coord_transform]: Outlier rejected #3 (jumped 1054.5mm). Ignoring.
[WARN] [1781000145.817502158] [coord_transform]: Outlier rejected #4 (jumped 1071.2mm). Ignoring.
[INFO] [1781000145.848641575] [coord_transform]: Too many outliers (5). Resetting filter to new position.
[WARN] [1781000147.811351650] [coord_transform]: Outlier rejected #1 (jumped 486.0mm). Ignoring.
[WARN] [1781000147.847299034] [coord_transform]: Outlier rejected #2 (jumped 530.3mm). Ignoring.
[WARN] [1781000147.885950814] [coord_transform]: Outlier rejected #3 (jumped 504.4mm). Ignoring.
[WARN] [1781000147.922217029] [coord_transform]: Outlier rejected #4 (jumped 567.9mm). Ignoring.
[INFO] [1781000147.959881450] [coord_transform]: Too many outliers (5). Resetting filter to new position.
[WARN] [1781000148.319186285] [coord_transform]: Outlier rejected #1 (jumped 362.6mm). Ignoring.
[WARN] [1781000148.351611030] [coord_transform]: Outlier rejected #2 (jumped 398.0mm). Ignoring.
[WARN] [1781000148.386488487] [coord_transform]: Outlier rejected #3 (jumped 434.8mm). Ignoring.
[WARN] [1781000148.421550808] [coord_transform]: Outlier rejected #4 (jumped 416.2mm). Ignoring.
[INFO] [1781000148.454230284] [coord_transform]: Too many outliers (5). Resetting filter to new position.
[WARN] [1781000151.564854433] [coord_transform]: Outlier rejected #1 (jumped 1958.7mm). Ignoring.
[WARN] [1781000151.591350343] [coord_transform]: Outlier rejected #2 (jumped 1936.1mm). Ignoring.
[WARN] [1781000152.006041347] [coord_transform]: Outlier rejected #3 (jumped 921.8mm). Ignoring.
