[INFO] [1781087306.682980442] [motoros2_mock]: ╔══════════════════════════════════════════════╗
║   MotoROS2 Mock Node — Simulation Mode      ║
║   Tất cả /* services đã sẵn sàng            ║
║   (node_namespace="" — không prefix)         ║
╚══════════════════════════════════════════════╝
[INFO] [1781087343.664068004] [motoros2_mock]: ✓ StartPointQueueMode → READY (mock)
[INFO] [1781087343.665510345] [motoros2_mock]: ✓ StartPointQueueMode → READY (mock)
[INFO] [1781087343.694175429] [motoros2_mock]: QueueTrajPoint #1 → forwarded to JTC. joints=[1.571, 0.075, -1.049, -0.030, -0.523, -0.002]
[INFO] [1781087343.735460629] [motoros2_mock]: QueueTrajPoint #2 → forwarded to JTC. joints=[1.571, 0.075, -1.049, -0.030, -0.523, -0.002]
[INFO] [1781087343.753105821] [motoros2_mock]: QueueTrajPoint #3 → forwarded to JTC. joints=[1.571, 0.075, -1.049, -0.030, -0.523, -0.002]
[INFO] [1781087345.218812437] [motoros2_mock]: QueueTrajPoint #50 → forwarded to JTC. joints=[1.571, 0.075, -1.049, -0.030, -0.523, -0.002]
[INFO] [1781087346.795266155] [motoros2_mock]: QueueTrajPoint #100 → forwarded to JTC. joints=[1.551, 0.065, -1.033, -0.010, -0.526, -0.002]
[INFO] [1781087348.374440355] [motoros2_mock]: QueueTrajPoint #150 → forwarded to JTC. joints=[1.768, 0.309, -0.800, -0.138, -0.446, -0.204]
[INFO] [1781087349.953435995] [motoros2_mock]: QueueTrajPoint #200 → forwarded to JTC. joints=[1.571, 0.075, -1.049, -0.030, -0.523, -0.002]
[INFO] [1781087351.528339134] [motoros2_mock]: QueueTrajPoint #250 → forwarded to JTC. joints=[1.551, 0.065, -1.033, -0.010, -0.526, -0.002]
[INFO] [1781087353.193856125] [motoros2_mock]: QueueTrajPoint #300 → forwarded to JTC. joints=[1.471, -0.002, -1.164, 0.006, -0.468, 0.087]
[INFO] [1781087355.260986215] [motoros2_mock]: QueueTrajPoint #350 → forwarded to JTC. joints=[1.471, -0.002, -1.164, 0.006, -0.468, 0.087]
[INFO] [1781087357.126273359] [motoros2_mock]: QueueTrajPoint #400 → forwarded to JTC. joints=[1.471, -0.002, -1.164, 0.006, -0.468, 0.087]
[INFO] [1781087358.731494427] [motoros2_mock]: QueueTrajPoint #450 → forwarded to JTC. joints=[0.471, -0.044, -1.297, 0.167, -0.373, 0.918]
[INFO] [1781087360.291365744] [motoros2_mock]: QueueTrajPoint #500 → forwarded to JTC. joints=[0.518, 0.282, -1.258, 0.619, -0.100, 0.406]
[INFO] [1781087361.863908159] [motoros2_mock]: QueueTrajPoint #550 → forwarded to JTC. joints=[1.768, 0.309, -0.800, -0.138, -0.446, -0.204]
[INFO] [1781087363.433568845] [motoros2_mock]: QueueTrajPoint #600 → forwarded to JTC. joints=[1.768, 0.309, -0.800, -0.138, -0.446, -0.204]
[INFO] [1781087365.470213084] [motoros2_mock]: QueueTrajPoint #650 → forwarded to JTC. joints=[0.443, 0.180, -1.505, 0.656, -0.033, 0.237]
[INFO] [1781087367.198174968] [motoros2_mock]: QueueTrajPoint #700 → forwarded to JTC. joints=[1.070, 0.291, -1.836, 0.291, 0.465, -0.568]
[INFO] [1781087385.552177329] [motoros2_mock]: QueueTrajPoint #750 → forwarded to JTC. joints=[1.768, 0.309, -0.800, -0.138, -0.446, -0.204]
[INFO] [1781087414.431109892] [motoros2_mock]: QueueTrajPoint #800 → forwarded to JTC. joints=[1.768, 0.309, -0.800, -0.138, -0.446, -0.204]
[INFO] [1781087442.913412561] [motoros2_mock]: QueueTrajPoint #850 → forwarded to JTC. joints=[1.768, 0.309, -0.800, -0.138, -0.446, -0.204]
[INFO] [1781087471.376166682] [motoros2_mock]: QueueTrajPoint #900 → forwarded to JTC. joints=[1.768, 0.309, -0.800, -0.138, -0.446, -0.204]
[INFO] [1781087503.792932254] [motoros2_mock]: QueueTrajPoint #950 → forwarded to JTC. joints=[1.768, 0.309, -0.800, -0.138, -0.446, -0.204]
[INFO] [1781087532.911459454] [motoros2_mock]: QueueTrajPoint #1000 → forwarded to JTC. joints=[1.768, 0.309, -0.800, -0.138, -0.446, -0.204]
[INFO] [1781087561.542568617] [motoros2_mock]: QueueTrajPoint #1050 → forwarded to JTC. joints=[1.768, 0.309, -0.800, -0.138, -0.446, -0.204]
[INFO] [1781087590.039569560] [motoros2_mock]: QueueTrajPoint #1100 → forwarded to JTC. joints=[1.768, 0.309, -0.800, -0.138, -0.446, -0.204]
[INFO] [1781087619.056298088] [motoros2_mock]: QueueTrajPoint #1150 → forwarded to JTC. joints=[1.768, 0.309, -0.800, -0.138, -0.446, -0.204]
[INFO] [1781087648.391910544] [motoros2_mock]: QueueTrajPoint #1200 → forwarded to JTC. joints=[1.768, 0.309, -0.800, -0.138, -0.446, -0.204]
[INFO] [1781087676.189550141] [motoros2_mock]: QueueTrajPoint #1250 → forwarded to JTC. joints=[1.768, 0.309, -0.800, -0.138, -0.446, -0.204]
[INFO] [1781087691.824859154] [motoros2_mock]: MotoROS2 Mock Node shutdown.
