[INFO] [1781248590.959741168] [experiment_logger]: ✓ STARTED in-memory logging. Target file: /home/duy/cocarry_ws/cocarry_logs/experiment_GROUND_TRUTH_20260612_141630.csv
[INFO] [1781248590.972807209] [experiment_logger]: Logger ready.
[INFO] [1781248674.761558897] [experiment_logger]: Service called: /logger/toggle with data=True
[INFO] [1781248706.530933933] [experiment_logger]: Service called: /logger/toggle with data=False
[INFO] [1781248706.531241906] [experiment_logger]: Writing 3176 rows from memory to /home/duy/cocarry_ws/cocarry_logs/experiment_GROUND_TRUTH_20260612_141630.csv...
[INFO] [1781248706.544100352] [experiment_logger]: ✓ Successfully wrote logs to disk.
[INFO] [1781248706.545616428] [experiment_logger]: Stopped logging. Saved 3176 rows to /home/duy/cocarry_ws/cocarry_logs/experiment_GROUND_TRUTH_20260612_141630.csv
[INFO] [1781248706.568872171] [experiment_logger]: 
============================================================
EXPERIMENT METRICS
  File: experiment_GROUND_TRUTH_20260612_141630.csv
  Total samples: 3176
  Task completion time: 115.60 s
  Mode: GROUND TRUTH (no prediction metrics)
  --- Trajectory Smoothness (Robot EE) ---
  Mean Jerk (3D): 12.1294 m/s³
      Jerk X: 3.6850 m/s³
      Jerk Y: 9.0049 m/s³
      Jerk Z: 4.6111 m/s³
  Max Jerk (3D): 132.6105 m/s³
  RMS Jerk (3D): 18.6737 m/s³
============================================================
[INFO] [1781248749.650541702] [experiment_logger]: Service called: /logger/toggle with data=True
[INFO] [1781248749.651170772] [experiment_logger]: ✓ STARTED in-memory logging. Target file: /home/duy/cocarry_ws/cocarry_logs/experiment_GROUND_TRUTH_20260612_141909.csv
[INFO] [1781248785.220591811] [experiment_logger]: Service called: /logger/toggle with data=False
[INFO] [1781248785.221157956] [experiment_logger]: Writing 1066 rows from memory to /home/duy/cocarry_ws/cocarry_logs/experiment_GROUND_TRUTH_20260612_141909.csv...
[INFO] [1781248785.227707735] [experiment_logger]: ✓ Successfully wrote logs to disk.
[INFO] [1781248785.228714016] [experiment_logger]: Stopped logging. Saved 1066 rows to /home/duy/cocarry_ws/cocarry_logs/experiment_GROUND_TRUTH_20260612_141909.csv
[INFO] [1781248785.237126565] [experiment_logger]: 
============================================================
EXPERIMENT METRICS
  File: experiment_GROUND_TRUTH_20260612_141909.csv
  Total samples: 1066
  Task completion time: 35.57 s
  Mode: GROUND TRUTH (no prediction metrics)
  --- Trajectory Smoothness (Robot EE) ---
  Mean Jerk (3D): 9.9543 m/s³
      Jerk X: 4.3141 m/s³
      Jerk Y: 6.5231 m/s³
      Jerk Z: 3.8087 m/s³
  Max Jerk (3D): 64.4959 m/s³
  RMS Jerk (3D): 14.5441 m/s³
============================================================
[INFO] [1781248872.328317105] [experiment_logger]: Service called: /logger/toggle with data=True
[INFO] [1781248872.328694917] [experiment_logger]: ✓ STARTED in-memory logging. Target file: /home/duy/cocarry_ws/cocarry_logs/experiment_GROUND_TRUTH_20260612_142112.csv
[INFO] [1781248893.625325885] [experiment_logger]: Service called: /logger/toggle with data=False
[INFO] [1781248893.625827545] [experiment_logger]: Writing 634 rows from memory to /home/duy/cocarry_ws/cocarry_logs/experiment_GROUND_TRUTH_20260612_142112.csv...
[INFO] [1781248893.630097035] [experiment_logger]: ✓ Successfully wrote logs to disk.
[INFO] [1781248893.630727196] [experiment_logger]: Stopped logging. Saved 634 rows to /home/duy/cocarry_ws/cocarry_logs/experiment_GROUND_TRUTH_20260612_142112.csv
[INFO] [1781248893.635046133] [experiment_logger]: 
============================================================
EXPERIMENT METRICS
  File: experiment_GROUND_TRUTH_20260612_142112.csv
  Total samples: 634
  Task completion time: 21.30 s
  Mode: GROUND TRUTH (no prediction metrics)
  --- Trajectory Smoothness (Robot EE) ---
  Mean Jerk (3D): 11.0245 m/s³
      Jerk X: 2.4502 m/s³
      Jerk Y: 9.1537 m/s³
      Jerk Z: 3.5615 m/s³
  Max Jerk (3D): 57.1154 m/s³
  RMS Jerk (3D): 14.2610 m/s³
============================================================
[INFO] [1781248967.161522699] [experiment_logger]: Service called: /logger/toggle with data=True
[INFO] [1781248967.162060990] [experiment_logger]: ✓ STARTED in-memory logging. Target file: /home/duy/cocarry_ws/cocarry_logs/experiment_GROUND_TRUTH_20260612_142247.csv
[INFO] [1781248999.403931948] [experiment_logger]: Service called: /logger/toggle with data=False
[INFO] [1781248999.404732880] [experiment_logger]: Writing 954 rows from memory to /home/duy/cocarry_ws/cocarry_logs/experiment_GROUND_TRUTH_20260612_142247.csv...
[INFO] [1781248999.409803422] [experiment_logger]: ✓ Successfully wrote logs to disk.
[INFO] [1781248999.410461692] [experiment_logger]: Stopped logging. Saved 954 rows to /home/duy/cocarry_ws/cocarry_logs/experiment_GROUND_TRUTH_20260612_142247.csv
[INFO] [1781248999.417209692] [experiment_logger]: 
============================================================
EXPERIMENT METRICS
  File: experiment_GROUND_TRUTH_20260612_142247.csv
  Total samples: 954
  Task completion time: 32.24 s
  Mode: GROUND TRUTH (no prediction metrics)
  --- Trajectory Smoothness (Robot EE) ---
  Mean Jerk (3D): 12.8824 m/s³
      Jerk X: 2.8615 m/s³
      Jerk Y: 11.1243 m/s³
      Jerk Z: 3.3009 m/s³
  Max Jerk (3D): 168.3498 m/s³
  RMS Jerk (3D): 23.6527 m/s³
============================================================
