[INFO] [1779686016.283346118] [experiment_logger]: Logger ready.
[INFO] [1779686079.307434677] [experiment_logger]: Service called: /logger/toggle with data=True
[INFO] [1779686079.307771295] [experiment_logger]: ✓ STARTED in-memory logging. Target file: /home/duy/cocarry_ws/cocarry_logs/experiment_GROUND_TRUTH_20260525_121439.csv
[INFO] [1779686099.042571077] [experiment_logger]: Service called: /logger/toggle with data=False
[INFO] [1779686099.042946178] [experiment_logger]: Writing 444 rows from memory to /home/duy/cocarry_ws/cocarry_logs/experiment_GROUND_TRUTH_20260525_121439.csv...
[INFO] [1779686099.046609908] [experiment_logger]: ✓ Successfully wrote logs to disk.
[INFO] [1779686099.047105894] [experiment_logger]: Stopped logging. Saved 444 rows to /home/duy/cocarry_ws/cocarry_logs/experiment_GROUND_TRUTH_20260525_121439.csv
[INFO] [1779686099.051731820] [experiment_logger]: 
============================================================
EXPERIMENT METRICS
  File: experiment_GROUND_TRUTH_20260525_121439.csv
  Total samples: 444
  Task completion time: 19.74 s
  Mode: GROUND TRUTH (no prediction metrics)
  --- Trajectory Smoothness (Robot EE) ---
  Mean Jerk (3D): 27.0771 m/s³
      Jerk X: 5.4068 m/s³
      Jerk Y: 18.0403 m/s³
      Jerk Z: 15.3327 m/s³
  Max Jerk (3D): 98.7954 m/s³
  RMS Jerk (3D): 34.1266 m/s³
============================================================
[INFO] [1779686137.840436684] [experiment_logger]: Service called: /logger/toggle with data=False
