[INFO] [1781245735.688544853] [cartesian_streamer]: CartesianStreamer khởi động (chờ Enable Robot từ UI).
  Stream rate:       15 Hz (period=66.7ms)
  Queue dt:          0.067 s
  Prebuffer points:  3
  Retry backoff:     66.0 ms
  Gửi PoseStamped lên: /cartesian_streamer/target_pose
  Gửi XYZ lên:        /cartesian_streamer/target_xyz
  Nhận EE pose tại:   /cartesian_streamer/current_pose
[INFO] [1781245736.163070544] [cartesian_streamer]: Chờ /joint_states...
[INFO] [1781245738.667987738] [cartesian_streamer]: Chờ /joint_states...
[INFO] [1781245741.166527699] [cartesian_streamer]: Chờ /joint_states...
[INFO] [1781245743.666111432] [cartesian_streamer]: Chờ /joint_states...
[INFO] [1781245746.162806069] [cartesian_streamer]: Chờ /joint_states...
[INFO] [1781245748.663114789] [cartesian_streamer]: Chờ /joint_states...
[INFO] [1781245751.163800314] [cartesian_streamer]: Chờ /joint_states...
[INFO] [1781245753.663215042] [cartesian_streamer]: Chờ /joint_states...
[INFO] [1781245755.663267640] [cartesian_streamer]: Chờ /joint_states...
[INFO] [1781245758.162728554] [cartesian_streamer]: Chờ /joint_states...
[INFO] [1781245760.162953013] [cartesian_streamer]: Chờ /joint_states...
[INFO] [1781245760.915382171] [cartesian_streamer]: Nhận joint_states: ['1.571', '0.124', '-1.049', '0.000', '-0.398', '-1.444']
[WARN] [1781245762.164071247] [cartesian_streamer]: Không thể cross-validate FK (local hoặc MoveIt! FK thất bại). Local IK vẫn hoạt động nhưng CHƯA ĐƯỢC VALIDATE.
[INFO] [1781245762.164597366] [cartesian_streamer]: Đã nhận joint_states. EE hiện tại: (-0.1620, 0.2801, 0.3785). IK mode: Local DLS. Chờ Enable Robot từ UI...
[INFO] [1781245797.001020672] [cartesian_streamer]: Enable Robot: bắt đầu chuỗi khởi động...
[INFO] [1781245797.001697967] [cartesian_streamer]: Enable: reset_error...
[INFO] [1781245797.019925253] [cartesian_streamer]: reset_error: code=105, msg="Pendant is not in REMOTE mode"
[INFO] [1781245797.020186143] [cartesian_streamer]: Enable: stop_traj_mode (giải phóng mode cũ)...
[INFO] [1781245797.078494703] [cartesian_streamer]: stop_traj_mode: success=True, code=N/A, msg=""
[INFO] [1781245797.078749488] [cartesian_streamer]: Enable: chờ 1.5s để hệ thống ổn định trước khi start queue...
[INFO] [1781245798.580746204] [cartesian_streamer]: Enable: StartPointQueueMode...
[INFO] [1781245798.596352898] [cartesian_streamer]: StartPointQueueMode response: code=104, msg="The teach pendant must not be in TEACH mode"
[ERROR] [1781245798.596684606] [cartesian_streamer]: StartPointQueueMode FAILED: The teach pendant must not be in TEACH mode
[INFO] [1781245819.864003296] [cartesian_streamer]: Enable Robot: bắt đầu chuỗi khởi động...
[INFO] [1781245819.864527482] [cartesian_streamer]: Enable: reset_error...
[INFO] [1781245819.878206370] [cartesian_streamer]: reset_error: code=1, msg="success"
[INFO] [1781245819.878453713] [cartesian_streamer]: Enable: stop_traj_mode (giải phóng mode cũ)...
[INFO] [1781245819.925285423] [cartesian_streamer]: stop_traj_mode: success=True, code=N/A, msg=""
[INFO] [1781245819.925530170] [cartesian_streamer]: Enable: chờ 1.5s để hệ thống ổn định trước khi start queue...
[INFO] [1781245821.426429979] [cartesian_streamer]: Enable: StartPointQueueMode...
[INFO] [1781245823.013871590] [cartesian_streamer]: StartPointQueueMode response: code=1, msg=""
[INFO] [1781245823.014401280] [cartesian_streamer]: ✓ Robot ENABLED — Point Queue Mode active. Servo ON!
[INFO] [1781245823.062317606] [cartesian_streamer]: Runtime rate: state=seeding, tick_hz=0.0, queue_send_hz=0.0, ack_hz=0.0, busy_hz=0.0, retry_count=0, reject_count=0, inter_ack_ms=0.0, max_joint_delta=0.000, cumul_time=0.00s, hold_count=0, ik_mode=Local, ik_avg_ms=0.00, ik_fails=0
[INFO] [1781245823.063098971] [cartesian_streamer]: Bootstrap EE pose via FK: (-0.1620, 0.2800, 0.3785)
[INFO] [1781245823.063392556] [cartesian_streamer]: Đang stream qua service: /queue_traj_point
[INFO] [1781245823.063869791] [cartesian_streamer]: Đã gửi seed point (current joints, t=0), chờ ACK...
[INFO] [1781245823.129278490] [cartesian_streamer]: Bootstrap EE pose via FK: (-0.1620, 0.2800, 0.3785)
[INFO] [1781245823.198102339] [cartesian_streamer]: Bootstrap EE pose via FK: (-0.1620, 0.2800, 0.3785)
[WARN] [1781245823.198786062] [cartesian_streamer]: Bỏ qua seed point vì state hiện tại là prebuffering
[INFO] [1781245823.199393619] [cartesian_streamer]: Seed ACK nhận được, bắt đầu prebuffer.
[INFO] [1781245823.199953423] [cartesian_streamer]: Queue accepted sample#1: svc=/queue_traj_point, t_cumul=0.0000s, code=1, msg="", hold=False
[INFO] [1781245823.483387870] [cartesian_streamer]: Queue accepted sample#2: svc=/queue_traj_point, t_cumul=0.1983s, code=1, msg="", hold=True
[INFO] [1781245823.763638593] [cartesian_streamer]: Queue accepted sample#3: svc=/queue_traj_point, t_cumul=0.3983s, code=1, msg="", hold=True
[INFO] [1781245823.917688402] [cartesian_streamer]: Pre-buffer hoàn tất (3 points), bắt đầu stream ổn định. Đang chờ target...
[INFO] [1781245823.918204597] [cartesian_streamer]: Queue accepted sample#4: svc=/queue_traj_point, t_cumul=0.5983s, code=1, msg="", hold=True
[INFO] [1781245823.951668795] [cartesian_streamer]: Queue accepted sample#5: svc=/queue_traj_point, t_cumul=0.7317s, code=1, msg="", hold=True
[WARN] [1781245824.808433907] [cartesian_streamer]: Queue BUSY, sẽ resend (backoff 66ms): msg="Busy processing the previous trajectory point. Please resend the next point shortly"
[INFO] [1781245826.271301528] [cartesian_streamer]: QueueTrajPoint accepted #20: t=2.532s, hold=True
[WARN] [1781245827.199747739] [cartesian_streamer]: Queue BUSY, sẽ resend (backoff 66ms): msg="Busy processing the previous trajectory point. Please resend the next point shortly"
[INFO] [1781245828.062833590] [cartesian_streamer]: Runtime rate: state=streaming, tick_hz=15.0, queue_send_hz=6.4, ack_hz=5.8, busy_hz=0.4, retry_count=2, reject_count=0, inter_ack_ms=169.5, max_joint_delta=0.000, cumul_time=3.80s, hold_count=29, ik_mode=Local, ik_avg_ms=0.00, ik_fails=0
[INFO] [1781245830.432951359] [cartesian_streamer]: QueueTrajPoint accepted #40: t=5.333s, hold=True
[WARN] [1781245831.463108596] [cartesian_streamer]: Service call timeout (500ms). Resetting inflight flag.
[WARN] [1781245831.996080836] [cartesian_streamer]: Service call timeout (500ms). Resetting inflight flag.
[INFO] [1781245833.129480154] [cartesian_streamer]: Runtime rate: state=streaming, tick_hz=15.0, queue_send_hz=4.5, ack_hz=4.7, busy_hz=0.0, retry_count=0, reject_count=0, inter_ack_ms=215.7, max_joint_delta=0.000, cumul_time=7.13s, hold_count=52, ik_mode=Local, ik_avg_ms=0.00, ik_fails=0
[INFO] [1781245834.218383695] [cartesian_streamer]: QueueTrajPoint accepted #60: t=7.932s, hold=True
[WARN] [1781245834.738213180] [cartesian_streamer]: Queue BUSY, sẽ resend (backoff 66ms): msg="Busy processing the previous trajectory point. Please resend the next point shortly"
[INFO] [1781245836.625680658] [cartesian_streamer]: Local IK không hội tụ (fail #1)
[WARN] [1781245837.282750146] [cartesian_streamer]: Local IK failed 10x liên tiếp! Fallback sang MoveIt! IK...
[INFO] [1781245837.915231294] [cartesian_streamer]: QueueTrajPoint accepted #80: t=10.904s, hold=True
[INFO] [1781245838.129298542] [cartesian_streamer]: Runtime rate: state=streaming, tick_hz=15.0, queue_send_hz=6.0, ack_hz=5.4, busy_hz=0.4, retry_count=2, reject_count=0, inter_ack_ms=177.5, max_joint_delta=0.000, cumul_time=10.97s, hold_count=80, ik_mode=Local, ik_avg_ms=26.88, ik_fails=22
[WARN] [1781245839.357845487] [cartesian_streamer]: Local IK failed 41x liên tiếp! Fallback sang MoveIt! IK...
[INFO] [1781245841.350847721] [cartesian_streamer]: QueueTrajPoint accepted #100: t=13.662s, hold=True
[WARN] [1781245841.414229136] [cartesian_streamer]: Local IK failed 69x liên tiếp! Fallback sang MoveIt! IK...
[INFO] [1781245843.129499140] [cartesian_streamer]: Runtime rate: state=streaming, tick_hz=15.0, queue_send_hz=6.4, ack_hz=6.4, busy_hz=0.0, retry_count=0, reject_count=0, inter_ack_ms=160.7, max_joint_delta=0.000, cumul_time=15.41s, hold_count=112, ik_mode=Local, ik_avg_ms=24.31, ik_fails=94
[WARN] [1781245843.130228651] [cartesian_streamer]: Target stream stale: không có target mới trong 4.3s
[WARN] [1781245843.417907390] [cartesian_streamer]: Local IK failed 99x liên tiếp! Fallback sang MoveIt! IK...
[WARN] [1781245843.429891757] [cartesian_streamer]: Queue BUSY, sẽ resend (backoff 66ms): msg="Busy processing the previous trajectory point. Please resend the next point shortly"
[INFO] [1781245844.698901487] [cartesian_streamer]: QueueTrajPoint accepted #120: t=16.387s, hold=True
[WARN] [1781245845.481130100] [cartesian_streamer]: Local IK failed 128x liên tiếp! Fallback sang MoveIt! IK...
[WARN] [1781245846.842610996] [cartesian_streamer]: Queue BUSY, sẽ resend (backoff 66ms): msg="Busy processing the previous trajectory point. Please resend the next point shortly"
[WARN] [1781245847.481225222] [cartesian_streamer]: Service call timeout (500ms). Resetting inflight flag.
[WARN] [1781245847.559084401] [cartesian_streamer]: Local IK failed 156x liên tiếp! Fallback sang MoveIt! IK...
[WARN] [1781245848.016457146] [cartesian_streamer]: Service call timeout (500ms). Resetting inflight flag.
[INFO] [1781245848.129806382] [cartesian_streamer]: Runtime rate: state=streaming, tick_hz=15.0, queue_send_hz=5.4, ack_hz=4.6, busy_hz=0.4, retry_count=2, reject_count=0, inter_ack_ms=163.4, max_joint_delta=0.000, cumul_time=18.28s, hold_count=135, ik_mode=Local, ik_avg_ms=24.00, ik_fails=164
[WARN] [1781245848.549383703] [cartesian_streamer]: Service call timeout (500ms). Resetting inflight flag.
[WARN] [1781245849.080136918] [cartesian_streamer]: Service call timeout (500ms). Resetting inflight flag.
[WARN] [1781245849.612547815] [cartesian_streamer]: Local IK failed 187x liên tiếp! Fallback sang MoveIt! IK...
[WARN] [1781245849.612871531] [cartesian_streamer]: Service call timeout (500ms). Resetting inflight flag.
[WARN] [1781245850.483456178] [cartesian_streamer]: Service call timeout (500ms). Resetting inflight flag.
[WARN] [1781245851.015001742] [cartesian_streamer]: Service call timeout (500ms). Resetting inflight flag.
[WARN] [1781245851.553210377] [cartesian_streamer]: Service call timeout (500ms). Resetting inflight flag.
[WARN] [1781245851.617768075] [cartesian_streamer]: Local IK failed 217x liên tiếp! Fallback sang MoveIt! IK...
[WARN] [1781245852.083534394] [cartesian_streamer]: Service call timeout (500ms). Resetting inflight flag.
[WARN] [1781245852.619550341] [cartesian_streamer]: Service call timeout (500ms). Resetting inflight flag.
[WARN] [1781245852.619964451] [cartesian_streamer]: Service queue_point/queue_traj_point chưa sẵn sàng.
[INFO] [1781245853.195625176] [cartesian_streamer]: Runtime rate: state=streaming, tick_hz=15.0, queue_send_hz=1.6, ack_hz=0.2, busy_hz=0.0, retry_count=0, reject_count=0, inter_ack_ms=3070.2, max_joint_delta=0.000, cumul_time=19.28s, hold_count=140, ik_mode=Local, ik_avg_ms=23.17, ik_fails=240
[WARN] [1781245853.689179639] [cartesian_streamer]: Local IK failed 248x liên tiếp! Fallback sang MoveIt! IK...
[WARN] [1781245853.689563594] [cartesian_streamer]: Service queue_point/queue_traj_point chưa sẵn sàng.
[WARN] [1781245854.750764198] [cartesian_streamer]: Service queue_point/queue_traj_point chưa sẵn sàng.
[WARN] [1781245855.749088020] [cartesian_streamer]: Local IK failed 279x liên tiếp! Fallback sang MoveIt! IK...
[WARN] [1781245855.818460940] [cartesian_streamer]: Service queue_point/queue_traj_point chưa sẵn sàng.
[WARN] [1781245856.885035981] [cartesian_streamer]: Service queue_point/queue_traj_point chưa sẵn sàng.
[WARN] [1781245857.760081460] [cartesian_streamer]: Local IK failed 309x liên tiếp! Fallback sang MoveIt! IK...
[INFO] [1781245858.172535588] [cartesian_streamer]: Disable Robot: dừng stream, tắt traj mode...
[INFO] [1781245858.173396291] [cartesian_streamer]: ✗ Robot DISABLED.
[WARN] [1781245858.409591873] [cartesian_streamer]: ⚠ Queue mode bị drop! Auto-recovery lần 1/3...
[INFO] [1781245858.910602993] [cartesian_streamer]: Auto-recovery: bắt đầu re-enable queue mode...
[INFO] [1781245858.911290571] [cartesian_streamer]: Enable: reset_error...
[INFO] [1781245859.030863159] [cartesian_streamer]: reset_error: code=1, msg="success"
[INFO] [1781245859.031442332] [cartesian_streamer]: Enable: stop_traj_mode (giải phóng mode cũ)...
[INFO] [1781245859.501089070] [cartesian_streamer]: stop_traj_mode: success=True, code=N/A, msg=""
[INFO] [1781245859.501498050] [cartesian_streamer]: Enable: chờ 1.5s để hệ thống ổn định trước khi start queue...
[INFO] [1781245861.002375153] [cartesian_streamer]: Enable: StartPointQueueMode...
[INFO] [1781245861.684432251] [cartesian_streamer]: StartPointQueueMode response: code=1, msg=""
[INFO] [1781245861.684782289] [cartesian_streamer]: ✓ Robot ENABLED — Point Queue Mode active. Servo ON!
[INFO] [1781245861.728922148] [cartesian_streamer]: Runtime rate: state=seeding, tick_hz=8.8, queue_send_hz=0.2, ack_hz=0.1, busy_hz=0.0, retry_count=0, reject_count=1, inter_ack_ms=8210.3, max_joint_delta=0.000, cumul_time=0.00s, hold_count=0, ik_mode=Local, ik_avg_ms=23.04, ik_fails=315
[WARN] [1781245861.729215762] [cartesian_streamer]: Target stream stale: không có target mới trong 3.6s
[WARN] [1781245861.729475439] [cartesian_streamer]: QueueTrajPoint đã được accept nhưng joint_states hầu như không đổi. Kiểm tra: 1) Robot ở mode AUTO? 2) Servo ON? 3) E-stop cleared?
[INFO] [1781245861.730109780] [cartesian_streamer]: Bootstrap EE pose via FK: (-0.1620, 0.2800, 0.3785)
[INFO] [1781245861.730656742] [cartesian_streamer]: Đã gửi seed point (current joints, t=0), chờ ACK...
[INFO] [1781245861.796062065] [cartesian_streamer]: Bootstrap EE pose via FK: (-0.1620, 0.2800, 0.3785)
[INFO] [1781245861.857296949] [cartesian_streamer]: Seed ACK nhận được, bắt đầu prebuffer.
[INFO] [1781245862.152910077] [cartesian_streamer]: QueueTrajPoint accepted #140: t=0.198s, hold=True
[INFO] [1781245862.315503510] [cartesian_streamer]: Pre-buffer hoàn tất (3 points), bắt đầu stream ổn định. Đang chờ target...
[WARN] [1781245863.262328268] [cartesian_streamer]: Service call timeout (500ms). Resetting inflight flag.
[WARN] [1781245863.795987625] [cartesian_streamer]: Service call timeout (500ms). Resetting inflight flag.
[INFO] [1781245865.649164878] [cartesian_streamer]: QueueTrajPoint accepted #160: t=2.864s, hold=True
[WARN] [1781245866.263082369] [cartesian_streamer]: Service call timeout (500ms). Resetting inflight flag.
[INFO] [1781245866.729394829] [cartesian_streamer]: Runtime rate: state=streaming, tick_hz=15.0, queue_send_hz=5.6, ack_hz=4.8, busy_hz=0.0, retry_count=0, reject_count=0, inter_ack_ms=315.8, max_joint_delta=0.000, cumul_time=3.26s, hold_count=27, ik_mode=Local, ik_avg_ms=23.04, ik_fails=315
[WARN] [1781245866.730002856] [cartesian_streamer]: Target stream stale: không có target mới trong 8.6s
[WARN] [1781245866.796471271] [cartesian_streamer]: Service call timeout (500ms). Resetting inflight flag.
[WARN] [1781245867.329632527] [cartesian_streamer]: Service call timeout (500ms). Resetting inflight flag.
[WARN] [1781245867.862468681] [cartesian_streamer]: Service call timeout (500ms). Resetting inflight flag.
[WARN] [1781245868.396201602] [cartesian_streamer]: Service call timeout (500ms). Resetting inflight flag.
[WARN] [1781245868.929353954] [cartesian_streamer]: Service call timeout (500ms). Resetting inflight flag.
[WARN] [1781245869.462592630] [cartesian_streamer]: Service call timeout (500ms). Resetting inflight flag.
[WARN] [1781245869.995863545] [cartesian_streamer]: Service call timeout (500ms). Resetting inflight flag.
[WARN] [1781245869.996516316] [cartesian_streamer]: Service queue_point/queue_traj_point chưa sẵn sàng.
[WARN] [1781245871.063209933] [cartesian_streamer]: Service queue_point/queue_traj_point chưa sẵn sàng.
[INFO] [1781245871.729402369] [cartesian_streamer]: Runtime rate: state=streaming, tick_hz=15.0, queue_send_hz=1.2, ack_hz=0.0, busy_hz=0.0, retry_count=0, reject_count=0, inter_ack_ms=0.0, max_joint_delta=0.000, cumul_time=4.46s, hold_count=33, ik_mode=Local, ik_avg_ms=23.04, ik_fails=315
[WARN] [1781245871.730082798] [cartesian_streamer]: Target stream stale: không có target mới trong 13.6s
[WARN] [1781245872.130347829] [cartesian_streamer]: Service queue_point/queue_traj_point chưa sẵn sàng.
[WARN] [1781245873.195976733] [cartesian_streamer]: Service queue_point/queue_traj_point chưa sẵn sàng.
[WARN] [1781245874.196519853] [cartesian_streamer]: Service queue_point/queue_traj_point chưa sẵn sàng.
[WARN] [1781245875.262396113] [cartesian_streamer]: Service queue_point/queue_traj_point chưa sẵn sàng.
[WARN] [1781245876.262350795] [cartesian_streamer]: Service call timeout (500ms). Resetting inflight flag.
[WARN] [1781245876.533812241] [cartesian_streamer]: ⚠ Queue mode bị drop! Auto-recovery lần 1/3...
[INFO] [1781245877.034682887] [cartesian_streamer]: Auto-recovery: bắt đầu re-enable queue mode...
[INFO] [1781245877.035009554] [cartesian_streamer]: Enable: reset_error...
[INFO] [1781245877.080394005] [cartesian_streamer]: reset_error: code=1, msg="success"
[INFO] [1781245877.080634850] [cartesian_streamer]: Enable: stop_traj_mode (giải phóng mode cũ)...
[INFO] [1781245877.127216157] [cartesian_streamer]: stop_traj_mode: success=True, code=N/A, msg=""
[INFO] [1781245877.127747894] [cartesian_streamer]: Enable: chờ 1.5s để hệ thống ổn định trước khi start queue...
[INFO] [1781245877.379164699] [cartesian_streamer]: Disable Robot: dừng stream, tắt traj mode...
[INFO] [1781245877.379902681] [cartesian_streamer]: ✗ Robot DISABLED.
[INFO] [1781245878.628699754] [cartesian_streamer]: Enable: StartPointQueueMode...
[INFO] [1781245893.726627231] [cartesian_streamer]: Disable Robot: dừng stream, tắt traj mode...
[INFO] [1781245893.727814849] [cartesian_streamer]: ✗ Robot DISABLED.
[INFO] [1781245913.009388874] [cartesian_streamer]: Disable Robot: dừng stream, tắt traj mode...
[INFO] [1781245913.009959590] [cartesian_streamer]: ✗ Robot DISABLED.
[INFO] [1781245914.300069895] [cartesian_streamer]: Enable Robot: bắt đầu chuỗi khởi động...
[INFO] [1781245914.300616648] [cartesian_streamer]: Enable: reset_error...
[INFO] [1781245914.896374589] [cartesian_streamer]: reset_error: code=1, msg="success"
[INFO] [1781245914.896880149] [cartesian_streamer]: Enable: stop_traj_mode (giải phóng mode cũ)...
[INFO] [1781245914.935916409] [cartesian_streamer]: stop_traj_mode: success=True, code=N/A, msg=""
[INFO] [1781245914.936193182] [cartesian_streamer]: Enable: chờ 1.5s để hệ thống ổn định trước khi start queue...
[INFO] [1781245916.436928097] [cartesian_streamer]: Enable: StartPointQueueMode...
[INFO] [1781245916.808917227] [cartesian_streamer]: StartPointQueueMode response: code=1, msg=""
[INFO] [1781245916.809429878] [cartesian_streamer]: ✓ Robot ENABLED — Point Queue Mode active. Servo ON!
[INFO] [1781245916.862404378] [cartesian_streamer]: Runtime rate: state=seeding, tick_hz=1.6, queue_send_hz=0.0, ack_hz=0.0, busy_hz=0.0, retry_count=0, reject_count=2, inter_ack_ms=0.0, max_joint_delta=0.000, cumul_time=0.00s, hold_count=0, ik_mode=Local, ik_avg_ms=23.04, ik_fails=315
[WARN] [1781245916.862693358] [cartesian_streamer]: Target stream stale: không có target mới trong 58.7s
[WARN] [1781245916.862951454] [cartesian_streamer]: QueueTrajPoint đã được accept nhưng joint_states hầu như không đổi. Kiểm tra: 1) Robot ở mode AUTO? 2) Servo ON? 3) E-stop cleared?
[INFO] [1781245916.863494116] [cartesian_streamer]: Bootstrap EE pose via FK: (-0.1620, 0.2801, 0.3785)
[INFO] [1781245916.863963686] [cartesian_streamer]: Đã gửi seed point (current joints, t=0), chờ ACK...
[INFO] [1781245916.868303608] [cartesian_streamer]: Seed ACK nhận được, bắt đầu prebuffer.
[INFO] [1781245917.071201978] [cartesian_streamer]: Pre-buffer hoàn tất (3 points), bắt đầu stream ổn định. Đang chờ target...
[INFO] [1781245918.265947322] [cartesian_streamer]: QueueTrajPoint accepted #180: t=1.332s, hold=True
[INFO] [1781245919.670073965] [cartesian_streamer]: QueueTrajPoint accepted #200: t=2.732s, hold=True
[INFO] [1781245921.201470484] [cartesian_streamer]: QueueTrajPoint accepted #220: t=4.198s, hold=True
[WARN] [1781245921.821926928] [cartesian_streamer]: Local IK failed 316x liên tiếp! Fallback sang MoveIt! IK...
[INFO] [1781245921.862382415] [cartesian_streamer]: Runtime rate: state=streaming, tick_hz=15.0, queue_send_hz=13.0, ack_hz=13.0, busy_hz=0.0, retry_count=0, reject_count=0, inter_ack_ms=864.0, max_joint_delta=0.000, cumul_time=4.76s, hold_count=64, ik_mode=Local, ik_avg_ms=23.04, ik_fails=316
[INFO] [1781245922.761518347] [cartesian_streamer]: QueueTrajPoint accepted #240: t=5.691s, hold=True
[WARN] [1781245923.827555886] [cartesian_streamer]: Local IK failed 346x liên tiếp! Fallback sang MoveIt! IK...
[INFO] [1781245924.444632708] [cartesian_streamer]: QueueTrajPoint accepted #260: t=7.305s, hold=True
[WARN] [1781245925.879704735] [cartesian_streamer]: Local IK failed 374x liên tiếp! Fallback sang MoveIt! IK...
[INFO] [1781245925.890013383] [cartesian_streamer]: QueueTrajPoint accepted #280: t=8.758s, hold=True
[INFO] [1781245926.929166603] [cartesian_streamer]: Runtime rate: state=streaming, tick_hz=15.0, queue_send_hz=13.4, ack_hz=13.4, busy_hz=0.0, retry_count=0, reject_count=0, inter_ack_ms=74.4, max_joint_delta=0.000, cumul_time=9.77s, hold_count=132, ik_mode=Local, ik_avg_ms=22.94, ik_fails=388
[INFO] [1781245927.755093219] [cartesian_streamer]: QueueTrajPoint accepted #300: t=10.501s, hold=True
[WARN] [1781245927.880367516] [cartesian_streamer]: Local IK failed 399x liên tiếp! Fallback sang MoveIt! IK...
[INFO] [1781245929.428844062] [cartesian_streamer]: QueueTrajPoint accepted #320: t=12.296s, hold=True
[WARN] [1781245929.884077954] [cartesian_streamer]: Local IK failed 426x liên tiếp! Fallback sang MoveIt! IK...
[INFO] [1781245930.225007409] [cartesian_streamer]: Disable Robot: dừng stream, tắt traj mode...
[INFO] [1781245930.226460027] [cartesian_streamer]: ✗ Robot DISABLED.
[INFO] [1781245940.572472909] [cartesian_streamer]: Graceful shutdown: tắt Point Queue Mode trước khi thoát...
[INFO] [1781245940.573439018] [cartesian_streamer]: Robot chưa enable, không cần stop_traj_mode.
[INFO] [1781245940.574341534] [cartesian_streamer]: Shutdown hoàn tất. Tủ điện sẽ KHÔNG bị alarm.
