[INFO] [1786590459.884640330] [coord_transform]: CoordTransformNode khởi động.
  Object offset (cam frame): [0.05 0.   0.1 ]
  Translation cam→base:      [0.5 0.  1.2]
  EE orientation (xyzw):     [0.0, 1.0, 0.0, 0.0]
  Prediction step:           5
  Axis remap:                [0, 1, 2]
  Axis sign:                 [-1.0, 1.0, 1.0]
  Workspace X: (-1.0, 1.0), Y: (-0.5, 1.3), Z: (0.05, 1.5)
  Filter outlier_threshold:  0.15m
  Filter median_size_y:      3
  Filter deadband_tol:       15.0mm
  Filter stationary_thresh:  3 frames
  Filter max_rate:           5.0cm/frame
  Filter EMA moving(x,y,z):  (1.0,0.8,1.0)
  Filter EMA hold  (x,y,z):  (0.08,0.02,0.05)
[WARN] [1786590481.262414996] [coord_transform]: Outlier rejected #1 (jumped 2089.6mm). Ignoring.
[WARN] [1786590481.294692647] [coord_transform]: Outlier rejected #2 (jumped 2089.6mm). Ignoring.
[WARN] [1786590481.325539382] [coord_transform]: Outlier rejected #3 (jumped 2082.6mm). Ignoring.
[WARN] [1786590481.357670947] [coord_transform]: Outlier rejected #4 (jumped 2089.6mm). Ignoring.
[INFO] [1786590481.395732881] [coord_transform]: Too many outliers (5). Resetting filter to new position.
[WARN] [1786590485.263664197] [coord_transform]: Outlier rejected #1 (jumped 224.9mm). Ignoring.
[WARN] [1786590485.305497851] [coord_transform]: Outlier rejected #2 (jumped 361.3mm). Ignoring.
[WARN] [1786590485.337111578] [coord_transform]: Outlier rejected #3 (jumped 524.9mm). Ignoring.
[WARN] [1786590485.364877850] [coord_transform]: Outlier rejected #4 (jumped 294.6mm). Ignoring.
[INFO] [1786590485.404927871] [coord_transform]: Too many outliers (5). Resetting filter to new position.
[INFO] [1786590489.952177000] [coord_transform]: Captured Init Pose! P_init=(-0.162, 0.309, 0.388), Cam_init=(0.186, -0.176, 0.059), Noise_Tol=60.0mm
Orientation=(0.988, -0.154, -0.004, -0.029)
[INFO] [1786590510.819701462] [coord_transform]: Re-sync camera init: [ 0.186 -0.129  0.067]
[INFO] [1786590510.820115820] [coord_transform]: Trạng thái tracking: RUNNING
[INFO] [1786590510.857602935] [coord_transform]: [GROUND_TRUTH] Transform: cam[ 0.186 -0.129  0.067] → base[-0.162  0.309  0.388]
[INFO] [1786590511.648063121] [coord_transform]: Deadband: RELEASE — motion detected
[INFO] [1786590511.691983082] [coord_transform]: Deadband: HOLD at (0.186, -0.129, 0.067)
[INFO] [1786590512.894883768] [coord_transform]: [GROUND_TRUTH] Transform: cam[0.145 0.003 0.134] → base[-0.12   0.441  0.456]
[INFO] [1786590514.895399731] [coord_transform]: [GROUND_TRUTH] Transform: cam[0.058 0.304 0.141] → base[-0.034  0.742  0.462]
[INFO] [1786590516.895935988] [coord_transform]: [GROUND_TRUTH] Transform: cam[-0.003  0.51   0.111] → base[0.027 0.948 0.433]
[INFO] [1786590518.927669676] [coord_transform]: [GROUND_TRUTH] Transform: cam[-0.024  0.675  0.047] → base[0.048 1.113 0.368]
[INFO] [1786590520.430516747] [coord_transform]: Trạng thái tracking: STOPPED
[INFO] [1786590523.021774746] [coord_transform]: Deadband: HOLD at (0.186, -0.129, 0.067)
[INFO] [1786590523.356461491] [coord_transform]: Deadband: RELEASE — motion detected
[WARN] [1786590616.090903984] [coord_transform]: Outlier rejected #1 (jumped 162.3mm). Ignoring.
[WARN] [1786590616.125871601] [coord_transform]: Outlier rejected #2 (jumped 175.3mm). Ignoring.
[WARN] [1786590616.171040385] [coord_transform]: Outlier rejected #3 (jumped 200.4mm). Ignoring.
[WARN] [1786590616.208330089] [coord_transform]: Outlier rejected #4 (jumped 237.9mm). Ignoring.
[INFO] [1786590616.236243669] [coord_transform]: Too many outliers (5). Resetting filter to new position.
[INFO] [1786590644.012598837] [coord_transform]: Re-sync camera init: [ 0.19  -0.     0.067]
[INFO] [1786590644.013182158] [coord_transform]: Trạng thái tracking: RUNNING
[INFO] [1786590644.021113887] [coord_transform]: [GROUND_TRUTH] Transform: cam[ 0.19  -0.     0.067] → base[-0.162  0.309  0.388]
[INFO] [1786590645.516966303] [coord_transform]: Deadband: RELEASE — motion detected
[INFO] [1786590645.548495989] [coord_transform]: Deadband: HOLD at (0.190, -0.000, 0.067)
[INFO] [1786590646.033768716] [coord_transform]: [GROUND_TRUTH] Transform: cam[0.177 0.091 0.112] → base[-0.149  0.4    0.433]
[INFO] [1786590648.034712861] [coord_transform]: [GROUND_TRUTH] Transform: cam[0.058 0.44  0.148] → base[-0.03   0.749  0.469]
[INFO] [1786590650.058000227] [coord_transform]: [GROUND_TRUTH] Transform: cam[-0.     0.673  0.126] → base[0.029 0.982 0.447]
[INFO] [1786590652.067357908] [coord_transform]: [GROUND_TRUTH] Transform: cam[-0.035  0.792  0.027] → base[0.063 1.101 0.348]
[INFO] [1786590653.720632007] [coord_transform]: Trạng thái tracking: STOPPED
[INFO] [1786590673.260060351] [coord_transform]: Deadband: HOLD at (0.190, -0.000, 0.067)
[INFO] [1786590673.804808415] [coord_transform]: Deadband: RELEASE — motion detected
[INFO] [1786590680.744582152] [coord_transform]: Deadband: HOLD at (0.190, -0.000, 0.067)
[INFO] [1786590680.784038650] [coord_transform]: Deadband: RELEASE — motion detected
[INFO] [1786590684.359718170] [coord_transform]: Deadband: RELEASE — motion detected
[INFO] [1786590684.401018845] [coord_transform]: Deadband: HOLD at (0.190, -0.000, 0.067)
[INFO] [1786590687.190198287] [coord_transform]: Deadband: RELEASE — motion detected
[INFO] [1786590687.191734962] [coord_transform]: Re-sync camera init: [ 0.203 -0.06   0.078]
[INFO] [1786590687.192172398] [coord_transform]: Trạng thái tracking: RUNNING
[INFO] [1786590687.217959245] [coord_transform]: [GROUND_TRUTH] Transform: cam[ 0.203 -0.06   0.078] → base[-0.162  0.309  0.388]
[INFO] [1786590688.156745331] [coord_transform]: Deadband: HOLD at (0.203, -0.060, 0.078)
[INFO] [1786590689.255195777] [coord_transform]: [GROUND_TRUTH] Transform: cam[0.178 0.112 0.126] → base[-0.137  0.481  0.436]
[INFO] [1786590691.257287259] [coord_transform]: [GROUND_TRUTH] Transform: cam[0.072 0.49  0.135] → base[-0.031  0.859  0.446]
[INFO] [1786590693.258164868] [coord_transform]: [GROUND_TRUTH] Transform: cam[-0.017  0.762  0.089] → base[0.058 1.131 0.4  ]
[INFO] [1786590695.258818655] [coord_transform]: [GROUND_TRUTH] Transform: cam[-0.042  0.788 -0.004] → base[0.083 1.157 0.306]
[INFO] [1786590696.000791661] [coord_transform]: Trạng thái tracking: STOPPED
[WARN] [1786590722.308883801] [coord_transform]: Outlier rejected #1 (jumped 152.9mm). Ignoring.
[WARN] [1786590722.350377099] [coord_transform]: Outlier rejected #2 (jumped 156.4mm). Ignoring.
[WARN] [1786590722.379551025] [coord_transform]: Outlier rejected #3 (jumped 159.6mm). Ignoring.
[INFO] [1786590722.745634470] [coord_transform]: Deadband: HOLD at (0.203, -0.060, 0.078)
[INFO] [1786590722.780757472] [coord_transform]: Deadband: RELEASE — motion detected
[INFO] [1786590730.758196262] [coord_transform]: Re-sync camera init: [ 0.204 -0.069  0.074]
[INFO] [1786590730.758458504] [coord_transform]: Trạng thái tracking: RUNNING
[INFO] [1786590730.791772193] [coord_transform]: [GROUND_TRUTH] Transform: cam[ 0.204 -0.069  0.074] → base[-0.162  0.309  0.388]
[INFO] [1786590731.787846345] [coord_transform]: Deadband: RELEASE — motion detected
[INFO] [1786590731.820860094] [coord_transform]: Deadband: HOLD at (0.204, -0.069, 0.074)
[INFO] [1786590732.820020523] [coord_transform]: [GROUND_TRUTH] Transform: cam[0.15  0.128 0.126] → base[-0.108  0.506  0.44 ]
[INFO] [1786590734.823060458] [coord_transform]: [GROUND_TRUTH] Transform: cam[0.054 0.498 0.139] → base[-0.012  0.876  0.453]
[INFO] [1786590736.829626628] [coord_transform]: [GROUND_TRUTH] Transform: cam[-0.02   0.73   0.074] → base[0.062 1.108 0.388]
[INFO] [1786590738.835389388] [coord_transform]: [GROUND_TRUTH] Transform: cam[-0.035  0.778 -0.011] → base[0.077 1.156 0.304]
[INFO] [1786590739.640849816] [coord_transform]: Trạng thái tracking: STOPPED
[INFO] [1786590759.844478270] [coord_transform]: Deadband: HOLD at (0.204, -0.069, 0.074)
[INFO] [1786590759.873390260] [coord_transform]: Deadband: RELEASE — motion detected
[INFO] [1786590766.850766711] [coord_transform]: Deadband: HOLD at (0.204, -0.069, 0.074)
[INFO] [1786590778.074152201] [coord_transform]: Re-sync camera init: [ 0.212 -0.078  0.074]
[INFO] [1786590778.074378676] [coord_transform]: Trạng thái tracking: RUNNING
[INFO] [1786590778.090424258] [coord_transform]: [GROUND_TRUTH] Transform: cam[ 0.212 -0.078  0.074] → base[-0.162  0.309  0.388]
[INFO] [1786590779.458713750] [coord_transform]: Deadband: RELEASE — motion detected
[INFO] [1786590779.490663719] [coord_transform]: Deadband: HOLD at (0.212, -0.078, 0.074)
[INFO] [1786590780.094321160] [coord_transform]: [GROUND_TRUTH] Transform: cam[0.192 0.037 0.112] → base[-0.142  0.424  0.427]
[INFO] [1786590782.127764161] [coord_transform]: [GROUND_TRUTH] Transform: cam[0.074 0.401 0.179] → base[-0.024  0.788  0.494]
[INFO] [1786590784.149417821] [coord_transform]: [GROUND_TRUTH] Transform: cam[-0.012  0.686  0.114] → base[0.063 1.073 0.428]
[INFO] [1786590786.165104339] [coord_transform]: [GROUND_TRUTH] Transform: cam[-0.047  0.781  0.019] → base[0.097 1.168 0.334]
[INFO] [1786590788.170946641] [coord_transform]: [GROUND_TRUTH] Transform: cam[-0.071  0.773 -0.02 ] → base[0.121 1.16  0.295]
[INFO] [1786590789.042067051] [coord_transform]: Trạng thái tracking: STOPPED
[INFO] [1786590811.359494707] [coord_transform]: Deadband: HOLD at (0.212, -0.078, 0.074)
[INFO] [1786590811.397083836] [coord_transform]: Deadband: RELEASE — motion detected
[INFO] [1786590815.522403486] [coord_transform]: Deadband: HOLD at (0.212, -0.078, 0.074)
[INFO] [1786590815.560654621] [coord_transform]: Deadband: RELEASE — motion detected
[INFO] [1786590825.801556228] [coord_transform]: Re-sync camera init: [ 0.194 -0.096  0.073]
[INFO] [1786590825.802338327] [coord_transform]: Trạng thái tracking: RUNNING
[INFO] [1786590825.804699590] [coord_transform]: [GROUND_TRUTH] Transform: cam[ 0.194 -0.096  0.073] → base[-0.162  0.309  0.388]
[INFO] [1786590826.402506844] [coord_transform]: Deadband: RELEASE — motion detected
[INFO] [1786590826.440337877] [coord_transform]: Deadband: HOLD at (0.194, -0.096, 0.073)
[INFO] [1786590827.829854020] [coord_transform]: [GROUND_TRUTH] Transform: cam[0.163 0.161 0.138] → base[-0.131  0.566  0.453]
[INFO] [1786590829.832678279] [coord_transform]: [GROUND_TRUTH] Transform: cam[0.031 0.572 0.187] → base[0.002 0.977 0.501]
[INFO] [1786590831.850958179] [coord_transform]: [GROUND_TRUTH] Transform: cam[-0.026  0.782  0.044] → base[0.059 1.187 0.359]
[INFO] [1786590833.868508765] [coord_transform]: [GROUND_TRUTH] Transform: cam[-0.045  0.771 -0.023] → base[0.077 1.176 0.292]
[INFO] [1786590834.678267651] [coord_transform]: Trạng thái tracking: STOPPED
[INFO] [1786590856.655145482] [coord_transform]: Deadband: HOLD at (0.194, -0.096, 0.073)
[INFO] [1786590856.691193933] [coord_transform]: Deadband: RELEASE — motion detected
[WARN] [1786590857.150956743] [coord_transform]: Outlier rejected #1 (jumped 213.9mm). Ignoring.
[INFO] [1786590860.831100257] [coord_transform]: Deadband: HOLD at (0.194, -0.096, 0.073)
[INFO] [1786590863.706379759] [coord_transform]: Deadband: RELEASE — motion detected
[INFO] [1786590863.737013776] [coord_transform]: Deadband: HOLD at (0.194, -0.096, 0.073)
[INFO] [1786590866.224029780] [coord_transform]: Deadband: HOLD at (0.194, -0.096, 0.073)
[INFO] [1786590866.261622972] [coord_transform]: Deadband: RELEASE — motion detected
[INFO] [1786590868.227170527] [coord_transform]: Deadband: HOLD at (0.194, -0.096, 0.073)
[INFO] [1786590868.339442530] [coord_transform]: Deadband: RELEASE — motion detected
[INFO] [1786590868.420748572] [coord_transform]: Re-sync camera init: [ 0.195 -0.008  0.097]
[INFO] [1786590868.421293296] [coord_transform]: Trạng thái tracking: RUNNING
[INFO] [1786590868.432810484] [coord_transform]: [GROUND_TRUTH] Transform: cam[ 0.195 -0.008  0.097] → base[-0.162  0.309  0.388]
[INFO] [1786590870.464176065] [coord_transform]: [GROUND_TRUTH] Transform: cam[0.141 0.193 0.156] → base[-0.109  0.51   0.447]
[INFO] [1786590872.473008191] [coord_transform]: [GROUND_TRUTH] Transform: cam[-0.021  0.55   0.145] → base[0.053 0.867 0.436]
[INFO] [1786590874.503125160] [coord_transform]: [GROUND_TRUTH] Transform: cam[-0.086  0.774  0.079] → base[0.119 1.091 0.371]
[INFO] [1786590876.509074325] [coord_transform]: [GROUND_TRUTH] Transform: cam[-0.078  0.781 -0.008] → base[0.111 1.098 0.283]
[INFO] [1786590877.236481419] [coord_transform]: Trạng thái tracking: STOPPED
[WARN] [1786590899.968013616] [coord_transform]: Outlier rejected #1 (jumped 239.5mm). Ignoring.
[INFO] [1786590900.259034298] [coord_transform]: Deadband: HOLD at (0.195, -0.008, 0.097)
[INFO] [1786590900.289330129] [coord_transform]: Deadband: RELEASE — motion detected
[INFO] [1786590908.165551921] [coord_transform]: Deadband: HOLD at (0.195, -0.008, 0.097)
[INFO] [1786590908.328683409] [coord_transform]: Deadband: RELEASE — motion detected
[INFO] [1786590912.133322136] [coord_transform]: Deadband: HOLD at (0.195, -0.008, 0.097)
[INFO] [1786590912.167213715] [coord_transform]: Deadband: RELEASE — motion detected
[INFO] [1786590916.133722557] [coord_transform]: Deadband: RELEASE — motion detected
[INFO] [1786590916.181965707] [coord_transform]: Deadband: HOLD at (0.195, -0.008, 0.097)
[INFO] [1786590917.844909635] [coord_transform]: Re-sync camera init: [0.178 0.017 0.075]
[INFO] [1786590917.845492616] [coord_transform]: Trạng thái tracking: RUNNING
[INFO] [1786590917.847668997] [coord_transform]: [GROUND_TRUTH] Transform: cam[0.178 0.017 0.075] → base[-0.162  0.309  0.388]
[INFO] [1786590918.607022269] [coord_transform]: Deadband: RELEASE — motion detected
[INFO] [1786590918.640181137] [coord_transform]: Deadband: HOLD at (0.178, 0.017, 0.075)
[INFO] [1786590919.870420309] [coord_transform]: [GROUND_TRUTH] Transform: cam[0.161 0.157 0.141] → base[-0.145  0.449  0.454]
[INFO] [1786590921.874972107] [coord_transform]: [GROUND_TRUTH] Transform: cam[0.013 0.526 0.148] → base[0.003 0.818 0.461]
[INFO] [1786590923.894103494] [coord_transform]: [GROUND_TRUTH] Transform: cam[-0.05   0.756  0.096] → base[0.066 1.048 0.409]
[INFO] [1786590925.923623084] [coord_transform]: [GROUND_TRUTH] Transform: cam[-0.036  0.775 -0.013] → base[0.052 1.067 0.3  ]
[INFO] [1786590926.407470520] [coord_transform]: Trạng thái tracking: STOPPED
[INFO] [1786590946.694461575] [coord_transform]: Deadband: HOLD at (0.178, 0.017, 0.075)
[INFO] [1786590946.729358913] [coord_transform]: Deadband: RELEASE — motion detected
[WARN] [1786590946.958411264] [coord_transform]: Outlier rejected #1 (jumped 512.0mm). Ignoring.
[WARN] [1786590946.993678716] [coord_transform]: Outlier rejected #2 (jumped 482.7mm). Ignoring.
[WARN] [1786590947.026395186] [coord_transform]: Outlier rejected #3 (jumped 442.5mm). Ignoring.
[WARN] [1786590947.066420770] [coord_transform]: Outlier rejected #4 (jumped 392.4mm). Ignoring.
[INFO] [1786590947.094326684] [coord_transform]: Too many outliers (5). Resetting filter to new position.
[INFO] [1786590961.374567992] [coord_transform]: Deadband: HOLD at (0.178, 0.017, 0.075)
[INFO] [1786590961.506514315] [coord_transform]: Deadband: RELEASE — motion detected
[INFO] [1786590962.125371333] [coord_transform]: Đã chuyển mode: ground_truth -> prediction
[INFO] [1786590965.156231655] [coord_transform]: Deadband: HOLD at (0.178, 0.017, 0.075)
[INFO] [1786590965.751597902] [coord_transform]: Deadband: RELEASE — motion detected
[INFO] [1786590972.373373880] [coord_transform]: Re-sync camera init: [ 0.204 -0.069  0.066]
[INFO] [1786590972.373621706] [coord_transform]: Trạng thái tracking: RUNNING
[INFO] [1786590972.387231388] [coord_transform]: Deadband: RELEASE — motion detected
[INFO] [1786590972.387610928] [coord_transform]: [SNAP ON] Tay thực tế đứng yên. Ép dừng robot (GRU đang lệch 9.5cm).
[INFO] [1786590972.388451197] [coord_transform]: [PREDICTION] Transform: cam[ 0.204 -0.069  0.066] → base[-0.162  0.309  0.388]
[INFO] [1786590973.396968768] [coord_transform]: [SNAP OFF] Tay di chuyển lại. Trả quyền cho GRU.
[INFO] [1786590973.425400181] [coord_transform]: Deadband: HOLD at (0.204, -0.069, 0.066)
[INFO] [1786590973.436151950] [coord_transform]: [SNAP ON] Tay thực tế đứng yên. Ép dừng robot (GRU đang lệch 13.4cm).
[INFO] [1786590973.470979712] [coord_transform]: [SNAP OFF] Tay di chuyển lại. Trả quyền cho GRU.
[INFO] [1786590974.415144111] [coord_transform]: [PREDICTION] Transform: cam[0.17  0.157 0.128] → base[-0.128  0.535  0.45 ]
[INFO] [1786590976.423533272] [coord_transform]: [PREDICTION] Transform: cam[0.005 0.497 0.144] → base[0.037 0.875 0.466]
[INFO] [1786590978.435404936] [coord_transform]: [PREDICTION] Transform: cam[-0.063  0.734  0.065] → base[0.105 1.112 0.387]
[INFO] [1786590980.452177873] [coord_transform]: [PREDICTION] Transform: cam[-0.032  0.783  0.   ] → base[0.074 1.161 0.322]
[INFO] [1786590981.392545459] [coord_transform]: Trạng thái tracking: STOPPED
[WARN] [1786591004.030189878] [coord_transform]: Outlier rejected #1 (jumped 227.0mm). Ignoring.
[WARN] [1786591004.064942193] [coord_transform]: Outlier rejected #2 (jumped 207.9mm). Ignoring.
[WARN] [1786591004.099545765] [coord_transform]: Outlier rejected #3 (jumped 209.6mm). Ignoring.
[WARN] [1786591004.132582274] [coord_transform]: Outlier rejected #4 (jumped 196.5mm). Ignoring.
[INFO] [1786591004.166222559] [coord_transform]: Too many outliers (5). Resetting filter to new position.
[INFO] [1786591008.402809999] [coord_transform]: Deadband: HOLD at (0.204, -0.069, 0.066)
[WARN] [1786591012.344539487] [coord_transform]: Outlier rejected #1 (jumped 779.6mm). Ignoring.
[WARN] [1786591012.373124684] [coord_transform]: Outlier rejected #2 (jumped 779.6mm). Ignoring.
[WARN] [1786591012.409158617] [coord_transform]: Outlier rejected #3 (jumped 779.6mm). Ignoring.
[WARN] [1786591012.445435962] [coord_transform]: Outlier rejected #4 (jumped 779.6mm). Ignoring.
[INFO] [1786591012.479416499] [coord_transform]: Too many outliers (5). Resetting filter to new position.
[INFO] [1786591012.480285481] [coord_transform]: [SNAP ON] Tay thực tế đứng yên. Ép dừng robot (GRU đang lệch 77.6cm).
[INFO] [1786591012.942300074] [coord_transform]: Deadband: HOLD at (0.204, -0.069, 0.066)
[INFO] [1786591017.643717360] [coord_transform]: Re-sync camera init: [ 0.194 -0.042  0.074]
[INFO] [1786591017.644036142] [coord_transform]: Trạng thái tracking: RUNNING
[INFO] [1786591017.657280980] [coord_transform]: [PREDICTION] Transform: cam[ 0.194 -0.042  0.074] → base[-0.162  0.309  0.388]
[INFO] [1786591018.326798898] [coord_transform]: Deadband: RELEASE — motion detected
[INFO] [1786591018.333667366] [coord_transform]: [SNAP OFF] Tay di chuyển lại. Trả quyền cho GRU.
[INFO] [1786591019.672329868] [coord_transform]: [PREDICTION] Transform: cam[0.078 0.253 0.182] → base[-0.046  0.604  0.496]
[INFO] [1786591021.690347038] [coord_transform]: [PREDICTION] Transform: cam[-0.049  0.578  0.167] → base[0.081 0.929 0.481]
[INFO] [1786591023.723455602] [coord_transform]: [PREDICTION] Transform: cam[-0.025  0.744  0.076] → base[0.057 1.095 0.39 ]
[INFO] [1786591025.732416062] [coord_transform]: Trạng thái tracking: STOPPED
[INFO] [1786591044.527069939] [coord_transform]: Deadband: HOLD at (0.194, -0.042, 0.074)
[INFO] [1786591044.560371679] [coord_transform]: Deadband: RELEASE — motion detected
[WARN] [1786591045.073267071] [coord_transform]: Outlier rejected #1 (jumped 170.2mm). Ignoring.
[WARN] [1786591045.101604161] [coord_transform]: Outlier rejected #2 (jumped 151.6mm). Ignoring.
[WARN] [1786591045.135986246] [coord_transform]: Outlier rejected #3 (jumped 207.2mm). Ignoring.
[WARN] [1786591045.175902569] [coord_transform]: Outlier rejected #4 (jumped 252.1mm). Ignoring.
[INFO] [1786591045.204788658] [coord_transform]: Too many outliers (5). Resetting filter to new position.
[WARN] [1786591048.005778392] [coord_transform]: Outlier rejected #1 (jumped 175.7mm). Ignoring.
[WARN] [1786591048.041441835] [coord_transform]: Outlier rejected #2 (jumped 175.7mm). Ignoring.
[WARN] [1786591048.075908480] [coord_transform]: Outlier rejected #3 (jumped 175.7mm). Ignoring.
[WARN] [1786591048.113214510] [coord_transform]: Outlier rejected #4 (jumped 175.7mm). Ignoring.
[INFO] [1786591048.148057091] [coord_transform]: Too many outliers (5). Resetting filter to new position.
[INFO] [1786591051.966562806] [coord_transform]: Deadband: HOLD at (0.194, -0.042, 0.074)
[INFO] [1786591052.016711928] [coord_transform]: Deadband: RELEASE — motion detected
[INFO] [1786591055.847867957] [coord_transform]: Deadband: HOLD at (0.194, -0.042, 0.074)
[INFO] [1786591055.875251979] [coord_transform]: Deadband: RELEASE — motion detected
[INFO] [1786591060.551622218] [coord_transform]: Re-sync camera init: [ 0.195 -0.051  0.074]
[INFO] [1786591060.551994188] [coord_transform]: Trạng thái tracking: RUNNING
[INFO] [1786591060.577742146] [coord_transform]: Deadband: RELEASE — motion detected
[INFO] [1786591060.578049268] [coord_transform]: [SNAP ON] Tay thực tế đứng yên. Ép dừng robot (GRU đang lệch 66.2cm).
[INFO] [1786591060.578823446] [coord_transform]: [PREDICTION] Transform: cam[ 0.195 -0.051  0.074] → base[-0.162  0.309  0.388]
[INFO] [1786591061.155804251] [coord_transform]: [SNAP OFF] Tay di chuyển lại. Trả quyền cho GRU.
[INFO] [1786591061.179318297] [coord_transform]: Deadband: HOLD at (0.195, -0.051, 0.074)
[INFO] [1786591061.215555581] [coord_transform]: [SNAP OFF] Tay di chuyển lại. Trả quyền cho GRU.
[INFO] [1786591062.584753919] [coord_transform]: [PREDICTION] Transform: cam[0.098 0.261 0.164] → base[-0.065  0.621  0.478]
[INFO] [1786591064.608064123] [coord_transform]: [PREDICTION] Transform: cam[0.045 0.601 0.152] → base[-0.013  0.961  0.466]
[INFO] [1786591066.618849990] [coord_transform]: [PREDICTION] Transform: cam[-0.042  0.668  0.125] → base[0.075 1.028 0.439]
[INFO] [1786591068.631193048] [coord_transform]: [PREDICTION] Transform: cam[-0.073  0.783  0.027] → base[0.105 1.143 0.341]
[INFO] [1786591070.396953789] [coord_transform]: Trạng thái tracking: STOPPED
[WARN] [1786591074.462525479] [coord_transform]: Outlier rejected #1 (jumped 406.8mm). Ignoring.
[WARN] [1786591074.495348997] [coord_transform]: Outlier rejected #2 (jumped 406.8mm). Ignoring.
[WARN] [1786591074.530344354] [coord_transform]: Outlier rejected #3 (jumped 406.8mm). Ignoring.
[WARN] [1786591074.563754005] [coord_transform]: Outlier rejected #4 (jumped 406.8mm). Ignoring.
[INFO] [1786591074.596602217] [coord_transform]: Too many outliers (5). Resetting filter to new position.
[WARN] [1786591091.462819257] [coord_transform]: Outlier rejected #1 (jumped 362.2mm). Ignoring.
[WARN] [1786591091.508163312] [coord_transform]: Outlier rejected #2 (jumped 362.2mm). Ignoring.
[WARN] [1786591091.542850169] [coord_transform]: Outlier rejected #3 (jumped 362.2mm). Ignoring.
[WARN] [1786591091.576902720] [coord_transform]: Outlier rejected #4 (jumped 362.2mm). Ignoring.
[INFO] [1786591091.609035981] [coord_transform]: Too many outliers (5). Resetting filter to new position.
[INFO] [1786591105.602478707] [coord_transform]: Deadband: HOLD at (0.195, -0.051, 0.074)
[INFO] [1786591105.637444297] [coord_transform]: Deadband: RELEASE — motion detected
[INFO] [1786591112.030199585] [coord_transform]: Deadband: HOLD at (0.195, -0.051, 0.074)
[INFO] [1786591119.453607707] [coord_transform]: Re-sync camera init: [ 0.201 -0.034  0.07 ]
[INFO] [1786591119.454104773] [coord_transform]: Trạng thái tracking: RUNNING
[INFO] [1786591119.491532367] [coord_transform]: Deadband: RELEASE — motion detected
[INFO] [1786591119.492193849] [coord_transform]: [SNAP ON] Tay thực tế đứng yên. Ép dừng robot (GRU đang lệch 65.5cm).
[INFO] [1786591119.494255989] [coord_transform]: [PREDICTION] Transform: cam[ 0.201 -0.034  0.07 ] → base[-0.162  0.309  0.388]
[INFO] [1786591120.525870815] [coord_transform]: [SNAP OFF] Tay di chuyển lại. Trả quyền cho GRU.
[INFO] [1786591121.527333761] [coord_transform]: [PREDICTION] Transform: cam[0.15  0.294 0.148] → base[-0.112  0.637  0.466]
[INFO] [1786591123.531400273] [coord_transform]: [PREDICTION] Transform: cam[0.017 0.573 0.161] → base[0.022 0.916 0.479]
[INFO] [1786591125.542070561] [coord_transform]: [PREDICTION] Transform: cam[-0.042  0.727  0.107] → base[0.081 1.07  0.425]
[INFO] [1786591127.573190631] [coord_transform]: [PREDICTION] Transform: cam[-0.057  0.812  0.04 ] → base[0.096 1.155 0.358]
[INFO] [1786591128.701285232] [coord_transform]: Trạng thái tracking: STOPPED
[INFO] [1786591152.669755814] [coord_transform]: Deadband: HOLD at (0.201, -0.034, 0.070)
[INFO] [1786591153.523363273] [coord_transform]: Deadband: RELEASE — motion detected
[WARN] [1786591153.817051508] [coord_transform]: Outlier rejected #1 (jumped 158.5mm). Ignoring.
[WARN] [1786591153.958937019] [coord_transform]: Outlier rejected #1 (jumped 151.8mm). Ignoring.
[WARN] [1786591153.998768671] [coord_transform]: Outlier rejected #2 (jumped 163.7mm). Ignoring.
[WARN] [1786591154.034916582] [coord_transform]: Outlier rejected #3 (jumped 390.2mm). Ignoring.
[WARN] [1786591154.069828883] [coord_transform]: Outlier rejected #4 (jumped 463.1mm). Ignoring.
[INFO] [1786591154.104179112] [coord_transform]: Too many outliers (5). Resetting filter to new position.
[WARN] [1786591161.310814232] [coord_transform]: Outlier rejected #1 (jumped 495.6mm). Ignoring.
[WARN] [1786591161.345309301] [coord_transform]: Outlier rejected #2 (jumped 513.4mm). Ignoring.
[WARN] [1786591161.376954243] [coord_transform]: Outlier rejected #3 (jumped 515.7mm). Ignoring.
[WARN] [1786591161.410769811] [coord_transform]: Outlier rejected #4 (jumped 544.4mm). Ignoring.
[INFO] [1786591161.445769620] [coord_transform]: Too many outliers (5). Resetting filter to new position.
[INFO] [1786591161.879115572] [coord_transform]: Deadband: HOLD at (0.201, -0.034, 0.070)
[INFO] [1786591169.093317329] [coord_transform]: Re-sync camera init: [ 0.186 -0.034  0.086]
[INFO] [1786591169.093543763] [coord_transform]: Trạng thái tracking: RUNNING
[INFO] [1786591169.123620757] [coord_transform]: Deadband: RELEASE — motion detected
[INFO] [1786591169.124199191] [coord_transform]: [SNAP ON] Tay thực tế đứng yên. Ép dừng robot (GRU đang lệch 58.9cm).
[INFO] [1786591169.125707313] [coord_transform]: [PREDICTION] Transform: cam[ 0.186 -0.034  0.086] → base[-0.162  0.309  0.388]
[INFO] [1786591169.857243574] [coord_transform]: [SNAP OFF] Tay di chuyển lại. Trả quyền cho GRU.
[INFO] [1786591169.884265063] [coord_transform]: Deadband: HOLD at (0.186, -0.034, 0.086)
[INFO] [1786591169.927644168] [coord_transform]: [SNAP OFF] Tay di chuyển lại. Trả quyền cho GRU.
[INFO] [1786591171.143035330] [coord_transform]: [PREDICTION] Transform: cam[0.09  0.264 0.218] → base[-0.067  0.607  0.521]
[INFO] [1786591173.158766801] [coord_transform]: [PREDICTION] Transform: cam[-0.032  0.564  0.211] → base[0.056 0.907 0.514]
[INFO] [1786591175.181400812] [coord_transform]: [PREDICTION] Transform: cam[-0.041  0.688  0.124] → base[0.064 1.031 0.426]
[INFO] [1786591177.224434796] [coord_transform]: [PREDICTION] Transform: cam[-0.055  0.775  0.074] → base[0.079 1.118 0.377]
[INFO] [1786591179.200301460] [coord_transform]: Trạng thái tracking: STOPPED
[WARN] [1786591183.460812078] [coord_transform]: Outlier rejected #1 (jumped 370.8mm). Ignoring.
[WARN] [1786591183.493277313] [coord_transform]: Outlier rejected #2 (jumped 370.8mm). Ignoring.
[WARN] [1786591183.532412658] [coord_transform]: Outlier rejected #3 (jumped 370.8mm). Ignoring.
[WARN] [1786591183.563708796] [coord_transform]: Outlier rejected #4 (jumped 370.8mm). Ignoring.
[INFO] [1786591183.599883732] [coord_transform]: Too many outliers (5). Resetting filter to new position.
[WARN] [1786591188.686188997] [coord_transform]: Outlier rejected #1 (jumped 257.7mm). Ignoring.
[WARN] [1786591188.718024734] [coord_transform]: Outlier rejected #2 (jumped 257.7mm). Ignoring.
[WARN] [1786591188.752207724] [coord_transform]: Outlier rejected #3 (jumped 257.7mm). Ignoring.
[WARN] [1786591188.786540256] [coord_transform]: Outlier rejected #4 (jumped 257.7mm). Ignoring.
[INFO] [1786591188.820195982] [coord_transform]: Too many outliers (5). Resetting filter to new position.
[WARN] [1786591191.076266828] [coord_transform]: Outlier rejected #1 (jumped 273.1mm). Ignoring.
[WARN] [1786591191.103374721] [coord_transform]: Outlier rejected #2 (jumped 273.1mm). Ignoring.
[WARN] [1786591191.141870451] [coord_transform]: Outlier rejected #3 (jumped 273.1mm). Ignoring.
[WARN] [1786591191.172311446] [coord_transform]: Outlier rejected #4 (jumped 273.1mm). Ignoring.
[INFO] [1786591191.202822204] [coord_transform]: Too many outliers (5). Resetting filter to new position.
[WARN] [1786591196.170020096] [coord_transform]: Outlier rejected #1 (jumped 250.9mm). Ignoring.
[WARN] [1786591196.205317939] [coord_transform]: Outlier rejected #2 (jumped 250.9mm). Ignoring.
[WARN] [1786591196.240019258] [coord_transform]: Outlier rejected #3 (jumped 250.9mm). Ignoring.
[WARN] [1786591196.273894366] [coord_transform]: Outlier rejected #4 (jumped 250.9mm). Ignoring.
[INFO] [1786591196.306919602] [coord_transform]: Too many outliers (5). Resetting filter to new position.
[WARN] [1786591199.240393741] [coord_transform]: Outlier rejected #1 (jumped 224.5mm). Ignoring.
[WARN] [1786591199.275371218] [coord_transform]: Outlier rejected #2 (jumped 300.5mm). Ignoring.
[WARN] [1786591199.307977221] [coord_transform]: Outlier rejected #3 (jumped 324.0mm). Ignoring.
[WARN] [1786591199.342012835] [coord_transform]: Outlier rejected #4 (jumped 340.6mm). Ignoring.
[INFO] [1786591199.373566294] [coord_transform]: Too many outliers (5). Resetting filter to new position.
[WARN] [1786591200.082372191] [coord_transform]: Outlier rejected #1 (jumped 568.7mm). Ignoring.
[WARN] [1786591200.110206951] [coord_transform]: Outlier rejected #2 (jumped 376.2mm). Ignoring.
[WARN] [1786591200.137705305] [coord_transform]: Outlier rejected #3 (jumped 426.9mm). Ignoring.
[WARN] [1786591200.221125692] [coord_transform]: Outlier rejected #4 (jumped 2543.8mm). Ignoring.
