[INFO] [1785918652.869739461] [experiment_logger]: Logger ready.
[INFO] [1785918778.870058730] [experiment_logger]: Trajectory mode: ergonomics
[INFO] [1785918796.467425612] [experiment_logger]: Service called: /logger/toggle with data=True
[INFO] [1785918796.468947531] [experiment_logger]: ✓ STARTED in-memory logging. Target file: /home/duy/cocarry_ws/cocarry_logs/experiment_ERGONOMICS_20260805_153316.csv
[INFO] [1785918886.063956464] [experiment_logger]: Service called: /logger/toggle with data=False
[INFO] [1785918886.064616478] [experiment_logger]: Writing 2463 rows from memory to /home/duy/cocarry_ws/cocarry_logs/experiment_ERGONOMICS_20260805_153316.csv...
[INFO] [1785918886.084391573] [experiment_logger]: ✓ Successfully wrote logs to disk.
[INFO] [1785918886.087738977] [experiment_logger]: Stopped logging. Saved 2463 rows to /home/duy/cocarry_ws/cocarry_logs/experiment_ERGONOMICS_20260805_153316.csv
[INFO] [1785918886.131505573] [experiment_logger]: 
============================================================
EXPERIMENT METRICS
  File: experiment_ERGONOMICS_20260805_153316.csv
  Total samples: 2463
  Task completion time: 89.60 s
  --- Prediction Accuracy (over 2463 samples) ---
  Avg Inference Time: 3.52 ms
  Mean Squared Error (MSE): 0.003370 m²
  Mean Absolute Error (MAE - 3D): 0.0408 m
      MAE X: 0.0233 m
      MAE Y: 0.0235 m
      MAE Z: 0.0147 m
  --- Trajectory Smoothness (Robot EE) ---
  Mean Jerk (3D): 19.4900 m/s³
      Jerk X: 9.9006 m/s³
      Jerk Y: 11.4803 m/s³
      Jerk Z: 7.7295 m/s³
  Max Jerk (3D): 130.8225 m/s³
  RMS Jerk (3D): 32.5162 m/s³
============================================================
