[INFO] [1781249698.684675574] [experiment_logger]: ✓ STARTED in-memory logging. Target file: /home/duy/cocarry_ws/cocarry_logs/experiment_GROUND_TRUTH_20260612_143458.csv
[INFO] [1781249698.694375549] [experiment_logger]: Logger ready.
[INFO] [1781249758.175153625] [experiment_logger]: Service called: /logger/toggle with data=True
[INFO] [1781249769.933225832] [experiment_logger]: Service called: /logger/toggle with data=False
[INFO] [1781249769.933632378] [experiment_logger]: Writing 1840 rows from memory to /home/duy/cocarry_ws/cocarry_logs/experiment_GROUND_TRUTH_20260612_143458.csv...
[INFO] [1781249769.940293938] [experiment_logger]: ✓ Successfully wrote logs to disk.
[INFO] [1781249769.942234132] [experiment_logger]: Stopped logging. Saved 1840 rows to /home/duy/cocarry_ws/cocarry_logs/experiment_GROUND_TRUTH_20260612_143458.csv
[INFO] [1781249769.956758997] [experiment_logger]: 
============================================================
EXPERIMENT METRICS
  File: experiment_GROUND_TRUTH_20260612_143458.csv
  Total samples: 1840
  Task completion time: 71.28 s
  Mode: GROUND TRUTH (no prediction metrics)
  --- Trajectory Smoothness (Robot EE) ---
  Mean Jerk (3D): 0.1384 m/s³
      Jerk X: 0.0366 m/s³
      Jerk Y: 0.1291 m/s³
      Jerk Z: 0.0181 m/s³
  Max Jerk (3D): 0.5097 m/s³
  RMS Jerk (3D): 0.2239 m/s³
============================================================
[INFO] [1781249784.259176747] [experiment_logger]: Service called: /logger/toggle with data=True
[INFO] [1781249784.259740475] [experiment_logger]: ✓ STARTED in-memory logging. Target file: /home/duy/cocarry_ws/cocarry_logs/experiment_GROUND_TRUTH_20260612_143624.csv
[INFO] [1781249793.969013344] [experiment_logger]: Service called: /logger/toggle with data=False
[INFO] [1781249793.969467726] [experiment_logger]: Writing 290 rows from memory to /home/duy/cocarry_ws/cocarry_logs/experiment_GROUND_TRUTH_20260612_143624.csv...
[INFO] [1781249793.971567829] [experiment_logger]: ✓ Successfully wrote logs to disk.
[INFO] [1781249793.972101980] [experiment_logger]: Stopped logging. Saved 290 rows to /home/duy/cocarry_ws/cocarry_logs/experiment_GROUND_TRUTH_20260612_143624.csv
[INFO] [1781249793.975161791] [experiment_logger]: 
============================================================
EXPERIMENT METRICS
  File: experiment_GROUND_TRUTH_20260612_143624.csv
  Total samples: 290
  Task completion time: 9.71 s
  Mode: GROUND TRUTH (no prediction metrics)
  Jerk: insufficient EE data for calculation
============================================================
[INFO] [1781249803.945356621] [experiment_logger]: Service called: /logger/toggle with data=False
