[INFO] [1781249698.903065693] [cartesian_streamer]: CartesianStreamer khởi động (chờ Enable Robot từ UI).
  Stream rate:       15 Hz (period=66.7ms)
  Queue dt:          0.067 s
  Prebuffer points:  3
  Retry backoff:     66.0 ms
  Gửi PoseStamped lên: /cartesian_streamer/target_pose
  Gửi XYZ lên:        /cartesian_streamer/target_xyz
  Nhận EE pose tại:   /cartesian_streamer/current_pose
[INFO] [1781249698.907003064] [cartesian_streamer]: Nhận joint_states: ['1.356', '0.870', '0.647', '0.000', '-1.348', '-1.229']
[WARN] [1781249700.389445947] [cartesian_streamer]: Không thể cross-validate FK (local hoặc MoveIt! FK thất bại). Local IK vẫn hoạt động nhưng CHƯA ĐƯỢC VALIDATE.
[INFO] [1781249700.390548138] [cartesian_streamer]: Đã nhận joint_states. EE hiện tại: (0.0595, 1.0338, 0.4854). IK mode: Local DLS. Chờ Enable Robot từ UI...
[INFO] [1781249751.761770122] [cartesian_streamer]: Enable Robot: bắt đầu chuỗi khởi động...
[INFO] [1781249751.762304773] [cartesian_streamer]: Enable: reset_error...
[INFO] [1781249751.766924287] [cartesian_streamer]: reset_error: code=1, msg="success"
[INFO] [1781249751.767417962] [cartesian_streamer]: Enable: stop_traj_mode (giải phóng mode cũ)...
[INFO] [1781249751.807412908] [cartesian_streamer]: stop_traj_mode: success=True, code=N/A, msg=""
[INFO] [1781249751.808028933] [cartesian_streamer]: Enable: chờ 1.5s để hệ thống ổn định trước khi start queue...
[INFO] [1781249753.309144947] [cartesian_streamer]: Enable: StartPointQueueMode...
[INFO] [1781249754.701241895] [cartesian_streamer]: StartPointQueueMode response: code=1, msg=""
[INFO] [1781249754.701796127] [cartesian_streamer]: ✓ Robot ENABLED — Point Queue Mode active. Servo ON!
[INFO] [1781249754.752382022] [cartesian_streamer]: Runtime rate: state=seeding, tick_hz=0.0, queue_send_hz=0.0, ack_hz=0.0, busy_hz=0.0, retry_count=0, reject_count=0, inter_ack_ms=0.0, max_joint_delta=0.000, cumul_time=0.00s, hold_count=0, ik_mode=Local, ik_avg_ms=0.00, ik_fails=0
[INFO] [1781249754.753453573] [cartesian_streamer]: Bootstrap EE pose via FK: (-0.1620, 0.2801, 0.3785)
[INFO] [1781249754.754009712] [cartesian_streamer]: Đang stream qua service: /queue_traj_point
[INFO] [1781249754.754819420] [cartesian_streamer]: Đã gửi seed point (current joints, t=0), chờ ACK...
[INFO] [1781249754.819290147] [cartesian_streamer]: Bootstrap EE pose via FK: (-0.1620, 0.2801, 0.3785)
[INFO] [1781249754.886054591] [cartesian_streamer]: Bootstrap EE pose via FK: (-0.1620, 0.2801, 0.3785)
[INFO] [1781249754.952350378] [cartesian_streamer]: Bootstrap EE pose via FK: (-0.1620, 0.2801, 0.3785)
[INFO] [1781249754.980676604] [cartesian_streamer]: Seed ACK nhận được, bắt đầu prebuffer.
[INFO] [1781249754.981213765] [cartesian_streamer]: Queue accepted sample#1: svc=/queue_traj_point, t_cumul=0.0000s, code=1, msg="", hold=False
[INFO] [1781249755.141632159] [cartesian_streamer]: Queue accepted sample#2: svc=/queue_traj_point, t_cumul=0.2000s, code=1, msg="", hold=True
[INFO] [1781249755.172518970] [cartesian_streamer]: Queue accepted sample#3: svc=/queue_traj_point, t_cumul=0.3329s, code=1, msg="", hold=True
[INFO] [1781249755.339361219] [cartesian_streamer]: Pre-buffer hoàn tất (3 points), bắt đầu stream ổn định. Đang chờ target...
[INFO] [1781249755.339912155] [cartesian_streamer]: Queue accepted sample#4: svc=/queue_traj_point, t_cumul=0.4000s, code=1, msg="", hold=True
[INFO] [1781249755.470425602] [cartesian_streamer]: Queue accepted sample#5: svc=/queue_traj_point, t_cumul=0.5332s, code=1, msg="", hold=True
[INFO] [1781249757.001428069] [cartesian_streamer]: QueueTrajPoint accepted #20: t=2.000s, hold=True
[WARN] [1781249757.618611715] [cartesian_streamer]: Service call timeout (500ms). Resetting inflight flag.
[WARN] [1781249758.152151321] [cartesian_streamer]: Service call timeout (500ms). Resetting inflight flag.
[WARN] [1781249758.685604052] [cartesian_streamer]: Service call timeout (500ms). Resetting inflight flag.
[WARN] [1781249759.218937019] [cartesian_streamer]: Service call timeout (500ms). Resetting inflight flag.
[WARN] [1781249759.752449545] [cartesian_streamer]: Service call timeout (500ms). Resetting inflight flag.
[INFO] [1781249759.818481667] [cartesian_streamer]: Runtime rate: state=streaming, tick_hz=15.0, queue_send_hz=5.3, ack_hz=4.1, busy_hz=0.0, retry_count=0, reject_count=0, inter_ack_ms=102.2, max_joint_delta=0.000, cumul_time=3.20s, hold_count=26, ik_mode=Local, ik_avg_ms=0.00, ik_fails=0
[WARN] [1781249760.237007147] [cartesian_streamer]: Queue BUSY, sẽ resend (backoff 66ms): msg="Busy processing the previous trajectory point. Please resend the next point shortly"
[WARN] [1781249762.085344838] [cartesian_streamer]: Service call timeout (500ms). Resetting inflight flag.
[WARN] [1781249762.618976719] [cartesian_streamer]: Service call timeout (500ms). Resetting inflight flag.
[WARN] [1781249763.152062073] [cartesian_streamer]: Service call timeout (500ms). Resetting inflight flag.
[WARN] [1781249763.685187825] [cartesian_streamer]: Service call timeout (500ms). Resetting inflight flag.
[WARN] [1781249764.218602984] [cartesian_streamer]: Service call timeout (500ms). Resetting inflight flag.
[WARN] [1781249764.642751713] [cartesian_streamer]: Queue BUSY, sẽ resend (backoff 66ms): msg="Busy processing the previous trajectory point. Please resend the next point shortly"
[INFO] [1781249764.886216182] [cartesian_streamer]: Runtime rate: state=streaming, tick_hz=15.0, queue_send_hz=3.4, ack_hz=2.4, busy_hz=1.2, retry_count=6, reject_count=0, inter_ack_ms=640.6, max_joint_delta=0.000, cumul_time=5.33s, hold_count=42, ik_mode=Local, ik_avg_ms=0.00, ik_fails=0
[INFO] [1781249766.009562509] [cartesian_streamer]: QueueTrajPoint accepted #40: t=5.800s, hold=True
[INFO] [1781249769.071308741] [cartesian_streamer]: QueueTrajPoint accepted #60: t=8.467s, hold=True
[INFO] [1781249769.886519205] [cartesian_streamer]: Runtime rate: state=streaming, tick_hz=15.0, queue_send_hz=6.8, ack_hz=6.4, busy_hz=0.4, retry_count=2, reject_count=0, inter_ack_ms=159.3, max_joint_delta=0.000, cumul_time=9.20s, hold_count=74, ik_mode=Local, ik_avg_ms=0.00, ik_fails=0
[INFO] [1781249769.934140142] [cartesian_streamer]: Disable Robot: dừng stream, tắt traj mode...
[INFO] [1781249769.934726162] [cartesian_streamer]: ✗ Robot DISABLED.
[WARN] [1781249770.083636086] [cartesian_streamer]: ⚠ Queue mode bị drop! Auto-recovery lần 1/3...
[INFO] [1781249770.584625695] [cartesian_streamer]: Auto-recovery: bắt đầu re-enable queue mode...
[INFO] [1781249770.585196680] [cartesian_streamer]: Enable: reset_error...
[INFO] [1781249770.919072296] [cartesian_streamer]: reset_error: code=1, msg="success"
[INFO] [1781249770.919822912] [cartesian_streamer]: Enable: stop_traj_mode (giải phóng mode cũ)...
[INFO] [1781249771.054186958] [cartesian_streamer]: stop_traj_mode: success=True, code=N/A, msg=""
[INFO] [1781249771.054529988] [cartesian_streamer]: Enable: chờ 1.5s để hệ thống ổn định trước khi start queue...
[INFO] [1781249772.555570363] [cartesian_streamer]: Enable: StartPointQueueMode...
[INFO] [1781249772.562608955] [cartesian_streamer]: StartPointQueueMode response: code=104, msg="The teach pendant must not be in TEACH mode"
[ERROR] [1781249772.563118017] [cartesian_streamer]: StartPointQueueMode FAILED: The teach pendant must not be in TEACH mode
[INFO] [1781249772.764059707] [cartesian_streamer]: Enable Robot: bắt đầu chuỗi khởi động...
[INFO] [1781249772.764605711] [cartesian_streamer]: Enable: reset_error...
[INFO] [1781249772.769488469] [cartesian_streamer]: reset_error: code=105, msg="Pendant is not in REMOTE mode"
[INFO] [1781249772.769974191] [cartesian_streamer]: Enable: stop_traj_mode (giải phóng mode cũ)...
[INFO] [1781249773.264376955] [cartesian_streamer]: stop_traj_mode: success=True, code=N/A, msg=""
[INFO] [1781249773.264980120] [cartesian_streamer]: Enable: chờ 1.5s để hệ thống ổn định trước khi start queue...
[INFO] [1781249774.765911581] [cartesian_streamer]: Enable: StartPointQueueMode...
[INFO] [1781249776.231551335] [cartesian_streamer]: StartPointQueueMode response: code=1, msg=""
[INFO] [1781249776.232124658] [cartesian_streamer]: ✓ Robot ENABLED — Point Queue Mode active. Servo ON!
[INFO] [1781249776.285448066] [cartesian_streamer]: Runtime rate: state=seeding, tick_hz=0.2, queue_send_hz=0.0, ack_hz=0.0, busy_hz=0.0, retry_count=0, reject_count=1, inter_ack_ms=0.0, max_joint_delta=0.000, cumul_time=0.00s, hold_count=0, ik_mode=Local, ik_avg_ms=0.00, ik_fails=0
[WARN] [1781249776.286134454] [cartesian_streamer]: QueueTrajPoint đã được accept nhưng joint_states hầu như không đổi. Kiểm tra: 1) Robot ở mode AUTO? 2) Servo ON? 3) E-stop cleared?
[INFO] [1781249776.287067364] [cartesian_streamer]: Bootstrap EE pose via FK: (-0.1620, 0.2800, 0.3785)
[INFO] [1781249776.287580071] [cartesian_streamer]: Đã gửi seed point (current joints, t=0), chờ ACK...
[INFO] [1781249776.352555774] [cartesian_streamer]: Bootstrap EE pose via FK: (-0.1620, 0.2800, 0.3785)
[INFO] [1781249776.408979478] [cartesian_streamer]: Seed ACK nhận được, bắt đầu prebuffer.
[INFO] [1781249776.622400981] [cartesian_streamer]: Pre-buffer hoàn tất (3 points), bắt đầu stream ổn định. Đang chờ target...
[WARN] [1781249778.152108927] [cartesian_streamer]: Service call timeout (500ms). Resetting inflight flag.
[WARN] [1781249778.685872863] [cartesian_streamer]: Service call timeout (500ms). Resetting inflight flag.
[WARN] [1781249779.218911506] [cartesian_streamer]: Service call timeout (500ms). Resetting inflight flag.
[WARN] [1781249779.751868450] [cartesian_streamer]: Service call timeout (500ms). Resetting inflight flag.
[WARN] [1781249780.285349385] [cartesian_streamer]: Service call timeout (500ms). Resetting inflight flag.
[WARN] [1781249780.677582221] [cartesian_streamer]: Queue BUSY, sẽ resend (backoff 66ms): msg="Busy processing the previous trajectory point. Please resend the next point shortly"
[INFO] [1781249780.824007205] [cartesian_streamer]: QueueTrajPoint accepted #80: t=1.331s, hold=True
[INFO] [1781249781.352177848] [cartesian_streamer]: Runtime rate: state=streaming, tick_hz=15.0, queue_send_hz=4.3, ack_hz=3.2, busy_hz=0.8, retry_count=4, reject_count=0, inter_ack_ms=706.3, max_joint_delta=0.000, cumul_time=2.33s, hold_count=20, ik_mode=Local, ik_avg_ms=0.00, ik_fails=0
[WARN] [1781249783.066072045] [cartesian_streamer]: Queue BUSY, sẽ resend (backoff 66ms): msg="Busy processing the previous trajectory point. Please resend the next point shortly"
[WARN] [1781249783.685588000] [cartesian_streamer]: Service call timeout (500ms). Resetting inflight flag.
[WARN] [1781249784.218369249] [cartesian_streamer]: Service call timeout (500ms). Resetting inflight flag.
[WARN] [1781249784.751984092] [cartesian_streamer]: Service call timeout (500ms). Resetting inflight flag.
[WARN] [1781249785.285429162] [cartesian_streamer]: Service call timeout (500ms). Resetting inflight flag.
[WARN] [1781249785.818597510] [cartesian_streamer]: Service call timeout (500ms). Resetting inflight flag.
[WARN] [1781249786.122814940] [cartesian_streamer]: Queue BUSY, sẽ resend (backoff 66ms): msg="Busy processing the previous trajectory point. Please resend the next point shortly"
[INFO] [1781249786.419104214] [cartesian_streamer]: Runtime rate: state=streaming, tick_hz=15.0, queue_send_hz=3.9, ack_hz=3.0, busy_hz=0.6, retry_count=3, reject_count=0, inter_ack_ms=350.7, max_joint_delta=0.000, cumul_time=3.73s, hold_count=32, ik_mode=Local, ik_avg_ms=0.00, ik_fails=0
[INFO] [1781249786.806321854] [cartesian_streamer]: QueueTrajPoint accepted #100: t=4.061s, hold=True
[INFO] [1781249790.180325357] [cartesian_streamer]: QueueTrajPoint accepted #120: t=6.861s, hold=True
[WARN] [1781249790.357270983] [cartesian_streamer]: Queue BUSY, sẽ resend (backoff 66ms): msg="Busy processing the previous trajectory point. Please resend the next point shortly"
[INFO] [1781249791.418973500] [cartesian_streamer]: Runtime rate: state=streaming, tick_hz=15.0, queue_send_hz=7.0, ack_hz=6.6, busy_hz=0.2, retry_count=1, reject_count=0, inter_ack_ms=149.1, max_joint_delta=0.000, cumul_time=7.93s, hold_count=66, ik_mode=Local, ik_avg_ms=0.00, ik_fails=0
[WARN] [1781249792.067404492] [cartesian_streamer]: Queue BUSY, sẽ resend (backoff 66ms): msg="Busy processing the previous trajectory point. Please resend the next point shortly"
[INFO] [1781249792.830654987] [cartesian_streamer]: QueueTrajPoint accepted #140: t=9.060s, hold=True
[INFO] [1781249793.970333322] [cartesian_streamer]: Disable Robot: dừng stream, tắt traj mode...
[INFO] [1781249793.971010101] [cartesian_streamer]: ✗ Robot DISABLED.
[INFO] [1781249803.946150738] [cartesian_streamer]: Disable Robot: dừng stream, tắt traj mode...
[INFO] [1781249803.946901967] [cartesian_streamer]: ✗ Robot DISABLED.
[INFO] [1781249846.892969451] [cartesian_streamer]: Graceful shutdown: tắt Point Queue Mode trước khi thoát...
[INFO] [1781249846.893543975] [cartesian_streamer]: Robot chưa enable, không cần stop_traj_mode.
[INFO] [1781249846.894186942] [cartesian_streamer]: Shutdown hoàn tất. Tủ điện sẽ KHÔNG bị alarm.
