[INFO] [1779686016.454045850] [cartesian_streamer]: CartesianStreamer khởi động (chờ Enable Robot từ UI).
  Stream rate:       15 Hz (period=66.7ms)
  Queue dt:          0.067 s
  Prebuffer points:  3
  Retry backoff:     66.0 ms
  Gửi PoseStamped lên: /cartesian_streamer/target_pose
  Gửi XYZ lên:        /cartesian_streamer/target_xyz
  Nhận EE pose tại:   /cartesian_streamer/current_pose
[INFO] [1779686016.933651931] [cartesian_streamer]: Chờ /joint_states...
[INFO] [1779686018.672325713] [cartesian_streamer]: Nhận joint_states: ['1.571', '0.075', '-1.049', '-0.030', '-0.523', '-0.002']
[INFO] [1779686018.937503031] [cartesian_streamer]: Đã nhận joint_states. EE hiện tại: (-0.1638, 0.2630, 0.3947). Chờ Enable Robot từ UI...
[INFO] [1779686074.103208971] [cartesian_streamer]: Enable Robot: bắt đầu chuỗi khởi động...
[INFO] [1779686074.103507377] [cartesian_streamer]: Enable: reset_error...
[INFO] [1779686074.129098820] [cartesian_streamer]: reset_error: code=1, msg="success"
[INFO] [1779686074.129663756] [cartesian_streamer]: Enable: stop_traj_mode (giải phóng mode cũ)...
[INFO] [1779686074.178247566] [cartesian_streamer]: stop_traj_mode: success=True, code=N/A, msg=""
[INFO] [1779686074.178515474] [cartesian_streamer]: Enable: chờ 1.5s để hệ thống ổn định trước khi start queue...
[INFO] [1779686075.679562453] [cartesian_streamer]: Enable: StartPointQueueMode...
[INFO] [1779686077.148214223] [cartesian_streamer]: StartPointQueueMode response: code=1, msg=""
[INFO] [1779686077.148489349] [cartesian_streamer]: ✓ Robot ENABLED — Point Queue Mode active. Servo ON!
[INFO] [1779686077.166308865] [cartesian_streamer]: Runtime rate: state=seeding, tick_hz=0.0, queue_send_hz=0.0, ack_hz=0.0, busy_hz=0.0, retry_count=0, reject_count=0, inter_ack_ms=0.0, max_joint_delta=0.000, cumul_time=0.00s, hold_count=0
[INFO] [1779686077.169238585] [cartesian_streamer]: Bootstrap EE pose via FK: (-0.1638, 0.2630, 0.3947)
[INFO] [1779686077.169907532] [cartesian_streamer]: Đang stream qua service: /queue_traj_point
[INFO] [1779686077.171748225] [cartesian_streamer]: Đã gửi seed point (current joints, t=0), chờ ACK...
[INFO] [1779686077.196163266] [cartesian_streamer]: Seed ACK nhận được, bắt đầu prebuffer.
[INFO] [1779686077.196439504] [cartesian_streamer]: Queue accepted sample#1: svc=/queue_traj_point, t_cumul=0.0000s, code=1, msg="", hold=False
[INFO] [1779686077.240215228] [cartesian_streamer]: Queue accepted sample#2: svc=/queue_traj_point, t_cumul=0.0621s, code=1, msg="", hold=True
[INFO] [1779686077.312332286] [cartesian_streamer]: Queue accepted sample#3: svc=/queue_traj_point, t_cumul=0.1290s, code=1, msg="", hold=True
[INFO] [1779686077.485793795] [cartesian_streamer]: Pre-buffer hoàn tất (3 points), bắt đầu stream ổn định. Đang chờ target...
[INFO] [1779686077.486364193] [cartesian_streamer]: Queue accepted sample#4: svc=/queue_traj_point, t_cumul=0.1954s, code=1, msg="", hold=True
[INFO] [1779686077.504122315] [cartesian_streamer]: Queue accepted sample#5: svc=/queue_traj_point, t_cumul=0.3290s, code=1, msg="", hold=True
[INFO] [1779686078.845515350] [cartesian_streamer]: QueueTrajPoint accepted #20: t=1.662s, hold=True
[INFO] [1779686079.437429347] [cartesian_streamer]: IK OK → Δmax=0.0156 rad, joints: [1.586, 0.080, -1.041, -0.033, -0.525, -0.015]
[WARN] [1779686079.566530812] [cartesian_streamer]: QueueTrajPoint đã được accept nhưng joint_states hầu như không đổi. Kiểm tra: 1) Robot ở mode AUTO? 2) Servo ON? 3) E-stop cleared?
[INFO] [1779686080.657771106] [cartesian_streamer]: QueueTrajPoint accepted #40: t=3.398s, hold=False
[INFO] [1779686081.501099048] [cartesian_streamer]: IK OK → Δmax=0.0289 rad, joints: [1.545, -0.007, -0.932, -0.020, -0.722, 0.012]
[INFO] [1779686082.166786538] [cartesian_streamer]: Runtime rate: state=streaming, tick_hz=15.0, queue_send_hz=11.6, ack_hz=11.6, busy_hz=0.0, retry_count=0, reject_count=0, inter_ack_ms=86.3, max_joint_delta=0.055, cumul_time=4.86s, hold_count=0
[INFO] [1779686082.259270896] [cartesian_streamer]: QueueTrajPoint accepted #60: t=4.997s, hold=False
[INFO] [1779686083.501328596] [cartesian_streamer]: IK OK → Δmax=0.0195 rad, joints: [1.439, 0.071, -0.349, -0.005, -1.228, 0.105]
[INFO] [1779686083.650589725] [cartesian_streamer]: QueueTrajPoint accepted #80: t=6.402s, hold=False
[INFO] [1779686085.120220980] [cartesian_streamer]: QueueTrajPoint accepted #100: t=7.868s, hold=False
[INFO] [1779686085.568162872] [cartesian_streamer]: IK OK → Δmax=0.0228 rad, joints: [1.363, 0.422, 0.303, 0.001, -1.529, 0.179]
[INFO] [1779686086.563246756] [cartesian_streamer]: QueueTrajPoint accepted #120: t=9.199s, hold=False
[INFO] [1779686087.233568700] [cartesian_streamer]: Runtime rate: state=streaming, tick_hz=15.0, queue_send_hz=14.2, ack_hz=14.2, busy_hz=0.0, retry_count=0, reject_count=0, inter_ack_ms=70.2, max_joint_delta=0.044, cumul_time=9.93s, hold_count=0
[INFO] [1779686087.634877895] [cartesian_streamer]: IK OK → Δmax=0.0181 rad, joints: [1.371, 0.755, 0.463, 0.000, -1.356, 0.171]
[INFO] [1779686087.911710096] [cartesian_streamer]: QueueTrajPoint accepted #140: t=10.666s, hold=False
[INFO] [1779686089.391595804] [cartesian_streamer]: QueueTrajPoint accepted #160: t=12.131s, hold=False
[INFO] [1779686089.700964722] [cartesian_streamer]: IK OK → Δmax=0.0095 rad, joints: [1.393, 0.760, 0.029, -0.002, -0.917, 0.150]
[INFO] [1779686090.994323809] [cartesian_streamer]: QueueTrajPoint accepted #180: t=13.733s, hold=False
[INFO] [1779686091.702926409] [cartesian_streamer]: IK OK → Δmax=0.0176 rad, joints: [1.357, 0.701, 0.172, 0.001, -1.119, 0.184]
[INFO] [1779686092.236422884] [cartesian_streamer]: Runtime rate: state=streaming, tick_hz=15.0, queue_send_hz=13.0, ack_hz=13.0, busy_hz=0.0, retry_count=0, reject_count=0, inter_ack_ms=77.0, max_joint_delta=0.052, cumul_time=14.93s, hold_count=0
[INFO] [1779686092.588252954] [cartesian_streamer]: QueueTrajPoint accepted #200: t=15.336s, hold=False
[INFO] [1779686093.768268323] [cartesian_streamer]: IK OK → Δmax=0.0416 rad, joints: [1.338, 0.433, 0.260, 0.003, -1.476, 0.203]
[INFO] [1779686094.192309784] [cartesian_streamer]: QueueTrajPoint accepted #220: t=16.931s, hold=False
[INFO] [1779686095.712947858] [cartesian_streamer]: QueueTrajPoint accepted #240: t=18.468s, hold=False
[INFO] [1779686095.768285832] [cartesian_streamer]: IK OK → Δmax=0.0167 rad, joints: [1.249, -0.005, -0.197, 0.010, -1.456, 0.291]
[INFO] [1779686097.300073097] [cartesian_streamer]: Runtime rate: state=streaming, tick_hz=15.0, queue_send_hz=12.6, ack_hz=12.6, busy_hz=0.0, retry_count=0, reject_count=0, inter_ack_ms=79.1, max_joint_delta=0.064, cumul_time=20.00s, hold_count=0
[INFO] [1779686097.316980823] [cartesian_streamer]: QueueTrajPoint accepted #260: t=20.066s, hold=False
[INFO] [1779686097.834929677] [cartesian_streamer]: IK OK → Δmax=0.0023 rad, joints: [1.222, -0.156, -0.505, 0.012, -1.299, 0.316]
[INFO] [1779686099.044187413] [cartesian_streamer]: Disable Robot: dừng stream, tắt traj mode...
[INFO] [1779686099.045476853] [cartesian_streamer]: ✗ Robot DISABLED.
[WARN] [1779686099.396053841] [cartesian_streamer]: ⚠ Queue mode bị drop! Auto-recovery lần 1/3...
[INFO] [1779686099.897060678] [cartesian_streamer]: Auto-recovery: bắt đầu re-enable queue mode...
[INFO] [1779686099.897393208] [cartesian_streamer]: Enable: reset_error...
[INFO] [1779686100.015500703] [cartesian_streamer]: reset_error: code=1, msg="success"
[INFO] [1779686100.016050764] [cartesian_streamer]: Enable: stop_traj_mode (giải phóng mode cũ)...
[INFO] [1779686100.159823011] [cartesian_streamer]: stop_traj_mode: success=True, code=N/A, msg=""
[INFO] [1779686100.160340191] [cartesian_streamer]: Enable: chờ 1.5s để hệ thống ổn định trước khi start queue...
[INFO] [1779686101.661254035] [cartesian_streamer]: Enable: StartPointQueueMode...
[INFO] [1779686102.443908672] [cartesian_streamer]: StartPointQueueMode response: code=1, msg=""
[INFO] [1779686102.444183326] [cartesian_streamer]: ✓ Robot ENABLED — Point Queue Mode active. Servo ON!
[INFO] [1779686102.499686537] [cartesian_streamer]: Runtime rate: state=seeding, tick_hz=5.2, queue_send_hz=4.0, ack_hz=3.8, busy_hz=0.0, retry_count=0, reject_count=1, inter_ack_ms=85.5, max_joint_delta=0.006, cumul_time=0.00s, hold_count=0
[WARN] [1779686102.500306213] [cartesian_streamer]: Target stream stale: không có target mới trong 3.6s
[INFO] [1779686102.503968795] [cartesian_streamer]: Bootstrap EE pose via FK: (-0.0277, 0.3797, 0.6593)
[INFO] [1779686102.505026175] [cartesian_streamer]: Đã gửi seed point (current joints, t=0), chờ ACK...
[INFO] [1779686102.568023595] [cartesian_streamer]: Bootstrap EE pose via FK: (-0.0277, 0.3797, 0.6593)
[INFO] [1779686102.624772221] [cartesian_streamer]: Seed ACK nhận được, bắt đầu prebuffer.
[INFO] [1779686102.625331211] [cartesian_streamer]: QueueTrajPoint accepted #280: t=0.000s, hold=False
[WARN] [1779686102.820512066] [cartesian_streamer]: ⚠ Queue mode bị drop! Auto-recovery lần 1/3...
[INFO] [1779686103.321410541] [cartesian_streamer]: Auto-recovery: bắt đầu re-enable queue mode...
[INFO] [1779686103.321993786] [cartesian_streamer]: Enable: reset_error...
[INFO] [1779686103.340569443] [cartesian_streamer]: reset_error: code=105, msg="Pendant is not in REMOTE mode"
[INFO] [1779686103.341111038] [cartesian_streamer]: Enable: stop_traj_mode (giải phóng mode cũ)...
[INFO] [1779686103.740920357] [cartesian_streamer]: stop_traj_mode: success=True, code=N/A, msg=""
[INFO] [1779686103.741511551] [cartesian_streamer]: Enable: chờ 1.5s để hệ thống ổn định trước khi start queue...
[INFO] [1779686105.242266213] [cartesian_streamer]: Enable: StartPointQueueMode...
[INFO] [1779686106.690810975] [cartesian_streamer]: StartPointQueueMode response: code=1, msg=""
[INFO] [1779686106.691367653] [cartesian_streamer]: ✓ Robot ENABLED — Point Queue Mode active. Servo ON!
[WARN] [1779686106.699764625] [cartesian_streamer]: QueueTrajPoint đã được accept nhưng joint_states hầu như không đổi. Kiểm tra: 1) Robot ở mode AUTO? 2) Servo ON? 3) E-stop cleared?
[INFO] [1779686106.702863013] [cartesian_streamer]: Bootstrap EE pose via FK: (-0.0277, 0.3797, 0.6593)
[INFO] [1779686106.703463470] [cartesian_streamer]: Đã gửi seed point (current joints, t=0), chờ ACK...
[INFO] [1779686106.768109943] [cartesian_streamer]: Bootstrap EE pose via FK: (-0.0277, 0.3797, 0.6593)
[INFO] [1779686106.819700376] [cartesian_streamer]: Seed ACK nhận được, bắt đầu prebuffer.
[INFO] [1779686107.054803866] [cartesian_streamer]: Pre-buffer hoàn tất (3 points), bắt đầu stream ổn định. Đang chờ target...
[WARN] [1779686107.114981993] [cartesian_streamer]: ⚠ Queue mode bị drop! Auto-recovery lần 1/3...
[INFO] [1779686107.616076753] [cartesian_streamer]: Auto-recovery: bắt đầu re-enable queue mode...
[INFO] [1779686107.616661453] [cartesian_streamer]: Enable: reset_error...
[INFO] [1779686107.631256653] [cartesian_streamer]: reset_error: code=105, msg="Pendant is not in REMOTE mode"
[INFO] [1779686107.631527473] [cartesian_streamer]: Enable: stop_traj_mode (giải phóng mode cũ)...
[INFO] [1779686108.206537259] [cartesian_streamer]: stop_traj_mode: success=True, code=N/A, msg=""
[INFO] [1779686108.207079576] [cartesian_streamer]: Enable: chờ 1.5s để hệ thống ổn định trước khi start queue...
[INFO] [1779686109.707980771] [cartesian_streamer]: Enable: StartPointQueueMode...
[INFO] [1779686109.730177755] [cartesian_streamer]: StartPointQueueMode response: code=104, msg="The teach pendant must not be in TEACH mode"
[ERROR] [1779686109.730714586] [cartesian_streamer]: StartPointQueueMode FAILED: The teach pendant must not be in TEACH mode
[INFO] [1779686137.841090477] [cartesian_streamer]: Disable Robot: dừng stream, tắt traj mode...
[INFO] [1779686137.844555551] [cartesian_streamer]: ✗ Robot DISABLED.
[INFO] [1779686164.056724009] [cartesian_streamer]: Graceful shutdown: tắt Point Queue Mode trước khi thoát...
[INFO] [1779686164.057383787] [cartesian_streamer]: Robot chưa enable, không cần stop_traj_mode.
[INFO] [1779686164.057972747] [cartesian_streamer]: Shutdown hoàn tất. Tủ điện sẽ KHÔNG bị alarm.
