[INFO] [1781251488.118358520] [experiment_logger]: ✓ STARTED in-memory logging. Target file: /home/duy/cocarry_ws/cocarry_logs/experiment_GROUND_TRUTH_20260612_150448.csv
[INFO] [1781251488.125657131] [experiment_logger]: Logger ready.
[INFO] [1781251564.887106122] [experiment_logger]: Service called: /logger/toggle with data=True
[INFO] [1781251646.322286580] [experiment_logger]: Service called: /logger/toggle with data=False
[INFO] [1781251646.322537954] [experiment_logger]: Writing 4034 rows from memory to /home/duy/cocarry_ws/cocarry_logs/experiment_GROUND_TRUTH_20260612_150448.csv...
[INFO] [1781251646.335767738] [experiment_logger]: ✓ Successfully wrote logs to disk.
[INFO] [1781251646.337026255] [experiment_logger]: Stopped logging. Saved 4034 rows to /home/duy/cocarry_ws/cocarry_logs/experiment_GROUND_TRUTH_20260612_150448.csv
[INFO] [1781251646.359196105] [experiment_logger]: 
============================================================
EXPERIMENT METRICS
  File: experiment_GROUND_TRUTH_20260612_150448.csv
  Total samples: 4034
  Task completion time: 158.22 s
  Mode: GROUND TRUTH (no prediction metrics)
  --- Trajectory Smoothness (Robot EE) ---
  Mean Jerk (3D): 13.7928 m/s³
      Jerk X: 2.9914 m/s³
      Jerk Y: 12.3321 m/s³
      Jerk Z: 2.6757 m/s³
  Max Jerk (3D): 221.6592 m/s³
  RMS Jerk (3D): 25.0856 m/s³
============================================================
