[INFO] [1779941137.963536051] [coord_transform]: CoordTransformNode khởi động.
  Object offset (cam frame): [0.05 0.   0.1 ]
  Translation cam→base:      [0.5 0.  1.2]
  EE orientation (xyzw):     [0.0, 1.0, 0.0, 0.0]
  Prediction step:           5
  Axis remap:                [0, 1, 2]
  Axis sign:                 [-1.0, 1.0, 1.0]
  Workspace X: (-1.0, 1.0), Y: (-0.5, 1.3), Z: (0.05, 1.5)
  Filter outlier_threshold:  0.15m
  Filter median_size_y:      5
  Filter deadband_tol:       35.0mm
  Filter stationary_thresh:  3 frames
  Filter max_rate:           5.0cm/frame
  Filter EMA moving(x,y,z):  (0.75,0.5,0.75)
  Filter EMA hold  (x,y,z):  (0.08,0.02,0.05)
[WARN] [1779941170.246263307] [coord_transform]: Outlier rejected #1 (jumped 1870.5mm). Ignoring.
[WARN] [1779941170.287058919] [coord_transform]: Outlier rejected #2 (jumped 1864.4mm). Ignoring.
[WARN] [1779941170.328927330] [coord_transform]: Outlier rejected #3 (jumped 1837.3mm). Ignoring.
[WARN] [1779941170.369384267] [coord_transform]: Outlier rejected #4 (jumped 1848.4mm). Ignoring.
[INFO] [1779941170.410695857] [coord_transform]: Too many outliers (5). Resetting filter to new position.
[INFO] [1779941180.498310738] [coord_transform]: Captured Init Pose! P_init=(-0.164, 0.263, 0.395), Cam_init=(0.068, 0.017, -0.006), Noise_Tol=49.0mm
Orientation=(0.717, 0.696, -0.032, 0.022)
[INFO] [1779941180.533731933] [coord_transform]: Deadband: RELEASE — motion detected
[INFO] [1779941180.679950661] [coord_transform]: Deadband: HOLD at (0.068, 0.017, -0.006)
[INFO] [1779941182.068804061] [coord_transform]: Đã chuyển mode: ground_truth -> prediction
[INFO] [1779941182.218924212] [coord_transform]: [SNAP ON] Tay đứng yên, GRU lệch 0.0cm (< 10cm). Snap prediction về actual hand.
[INFO] [1779941182.595745266] [coord_transform]: Deadband: RELEASE — motion detected
[INFO] [1779941182.702514990] [coord_transform]: Deadband: HOLD at (0.068, 0.017, -0.006)
[INFO] [1779941184.596207544] [coord_transform]: Deadband: RELEASE — motion detected
[INFO] [1779941184.720898082] [coord_transform]: Deadband: HOLD at (0.068, 0.017, -0.006)
[INFO] [1779941186.655945339] [coord_transform]: Deadband: RELEASE — motion detected
[INFO] [1779941186.761734903] [coord_transform]: Deadband: HOLD at (0.068, 0.017, -0.006)
[INFO] [1779941188.671018255] [coord_transform]: Deadband: RELEASE — motion detected
[INFO] [1779941188.773858952] [coord_transform]: Deadband: HOLD at (0.068, 0.017, -0.006)
[INFO] [1779941190.694090911] [coord_transform]: Deadband: RELEASE — motion detected
[INFO] [1779941190.793294325] [coord_transform]: Deadband: HOLD at (0.068, 0.017, -0.006)
[INFO] [1779941191.554832303] [coord_transform]: Re-sync camera init: [ 0.065  0.017 -0.007]
[INFO] [1779941191.555135241] [coord_transform]: Trạng thái tracking: RUNNING
[INFO] [1779941191.567028260] [coord_transform]: [SNAP OFF] Tay di chuyển lại. Thả snap.
[INFO] [1779941191.568672725] [coord_transform]: [PREDICTION] Transform: cam[0.095 0.02  0.006] → base[-0.194  0.266  0.407]
[INFO] [1779941191.704310065] [coord_transform]: [SNAP ON] Tay đứng yên, GRU lệch 0.0cm (< 10cm). Snap prediction về actual hand.
[INFO] [1779941191.974452169] [coord_transform]: [SNAP OFF] Tay di chuyển lại. Thả snap.
[INFO] [1779941192.044345369] [coord_transform]: [SNAP OFF] Tay di chuyển lại. Thả snap.
[INFO] [1779941192.117673339] [coord_transform]: [SNAP OFF] Tay di chuyển lại. Thả snap.
[INFO] [1779941192.192944339] [coord_transform]: [SNAP OFF] Tay di chuyển lại. Thả snap.
[INFO] [1779941192.265227689] [coord_transform]: [SNAP OFF] Tay di chuyển lại. Thả snap.
[INFO] [1779941193.577153641] [coord_transform]: [PREDICTION] Transform: cam[0.095 0.109 0.078] → base[-0.194  0.355  0.48 ]
[INFO] [1779941195.591227895] [coord_transform]: [PREDICTION] Transform: cam[0.137 0.202 0.168] → base[-0.236  0.448  0.569]
[WARN] [1779941195.829373980] [coord_transform]: Outlier rejected #1 (jumped 151.7mm). Ignoring.
[WARN] [1779941195.860646204] [coord_transform]: Outlier rejected #2 (jumped 167.7mm). Ignoring.
[WARN] [1779941195.964386822] [coord_transform]: Outlier rejected #1 (jumped 230.8mm). Ignoring.
[INFO] [1779941197.620722586] [coord_transform]: [PREDICTION] Transform: cam[0.194 0.45  0.245] → base[-0.293  0.696  0.647]
[INFO] [1779941199.675043047] [coord_transform]: [PREDICTION] Transform: cam[0.114 0.557 0.1  ] → base[-0.213  0.803  0.502]
[WARN] [1779941200.168564308] [coord_transform]: Outlier rejected #1 (jumped 715.1mm). Ignoring.
[WARN] [1779941200.202521046] [coord_transform]: Outlier rejected #2 (jumped 747.9mm). Ignoring.
[WARN] [1779941200.238308243] [coord_transform]: Outlier rejected #3 (jumped 785.6mm). Ignoring.
[WARN] [1779941200.271453287] [coord_transform]: Outlier rejected #4 (jumped 812.8mm). Ignoring.
[WARN] [1779941200.358588501] [coord_transform]: Outlier rejected #1 (jumped 364.6mm). Ignoring.
[WARN] [1779941200.389478150] [coord_transform]: Outlier rejected #2 (jumped 744.4mm). Ignoring.
[WARN] [1779941200.426616052] [coord_transform]: Outlier rejected #3 (jumped 821.6mm). Ignoring.
[WARN] [1779941200.527679024] [coord_transform]: Outlier rejected #1 (jumped 850.7mm). Ignoring.
[INFO] [1779941201.690076456] [coord_transform]: [PREDICTION] Transform: cam[ 0.091  0.459 -0.011] → base[-0.19   0.705  0.39 ]
[INFO] [1779941203.710505698] [coord_transform]: [PREDICTION] Transform: cam[0.094 0.525 0.035] → base[-0.193  0.771  0.437]
[WARN] [1779941205.144253185] [coord_transform]: Outlier rejected #1 (jumped 814.0mm). Ignoring.
[WARN] [1779941205.176626293] [coord_transform]: Outlier rejected #2 (jumped 785.8mm). Ignoring.
[WARN] [1779941205.210091501] [coord_transform]: Outlier rejected #3 (jumped 778.7mm). Ignoring.
[WARN] [1779941205.245111427] [coord_transform]: Outlier rejected #4 (jumped 821.2mm). Ignoring.
[WARN] [1779941205.590659984] [coord_transform]: Outlier rejected #1 (jumped 817.2mm). Ignoring.
[INFO] [1779941205.726158517] [coord_transform]: [PREDICTION] Transform: cam[0.173 0.412 0.103] → base[-0.272  0.658  0.505]
[WARN] [1779941205.751794114] [coord_transform]: Outlier rejected #1 (jumped 830.5mm). Ignoring.
[INFO] [1779941207.727453284] [coord_transform]: [PREDICTION] Transform: cam[0.032 0.432 0.051] → base[-0.131  0.678  0.453]
[INFO] [1779941209.747278686] [coord_transform]: [PREDICTION] Transform: cam[0.124 0.483 0.078] → base[-0.223  0.729  0.48 ]
[INFO] [1779941211.754697924] [coord_transform]: [PREDICTION] Transform: cam[0.129 0.485 0.084] → base[-0.228  0.731  0.485]
[INFO] [1779941213.778786831] [coord_transform]: [PREDICTION] Transform: cam[0.149 0.467 0.089] → base[-0.248  0.713  0.49 ]
[INFO] [1779941215.788417827] [coord_transform]: [PREDICTION] Transform: cam[0.154 0.47  0.089] → base[-0.253  0.716  0.491]
[INFO] [1779941217.803782581] [coord_transform]: [PREDICTION] Transform: cam[0.128 0.476 0.091] → base[-0.227  0.722  0.493]
[INFO] [1779941219.819799083] [coord_transform]: [PREDICTION] Transform: cam[0.139 0.471 0.089] → base[-0.238  0.717  0.49 ]
[INFO] [1779941221.834031720] [coord_transform]: [PREDICTION] Transform: cam[0.138 0.46  0.092] → base[-0.237  0.706  0.494]
[INFO] [1779941223.861005794] [coord_transform]: [PREDICTION] Transform: cam[0.185 0.483 0.091] → base[-0.284  0.729  0.493]
[WARN] [1779941225.340789146] [coord_transform]: Outlier rejected #1 (jumped 467.4mm). Ignoring.
[WARN] [1779941225.411346323] [coord_transform]: Outlier rejected #2 (jumped 670.2mm). Ignoring.
[WARN] [1779941225.454535074] [coord_transform]: Outlier rejected #3 (jumped 598.3mm). Ignoring.
[WARN] [1779941225.508934160] [coord_transform]: Outlier rejected #4 (jumped 663.4mm). Ignoring.
[INFO] [1779941225.548392655] [coord_transform]: Too many outliers (5). Resetting filter to new position.
[WARN] [1779941225.594878945] [coord_transform]: Outlier rejected #1 (jumped 260.4mm). Ignoring.
[WARN] [1779941225.634352178] [coord_transform]: Outlier rejected #2 (jumped 260.1mm). Ignoring.
[INFO] [1779941225.883320774] [coord_transform]: [PREDICTION] Transform: cam[0.204 0.401 0.075] → base[-0.303  0.647  0.477]
[WARN] [1779941225.988929187] [coord_transform]: Outlier rejected #1 (jumped 716.5mm). Ignoring.
[WARN] [1779941226.021079202] [coord_transform]: Outlier rejected #2 (jumped 737.0mm). Ignoring.
[WARN] [1779941226.059297566] [coord_transform]: Outlier rejected #3 (jumped 724.9mm). Ignoring.
[WARN] [1779941226.096222973] [coord_transform]: Outlier rejected #4 (jumped 676.5mm). Ignoring.
[INFO] [1779941226.131469044] [coord_transform]: Too many outliers (5). Resetting filter to new position.
[INFO] [1779941227.890589642] [coord_transform]: [PREDICTION] Transform: cam[-0.014  0.368  0.08 ] → base[-0.085  0.614  0.482]
[INFO] [1779941230.033002359] [coord_transform]: [PREDICTION] Transform: cam[-0.01   0.343  0.081] → base[-0.089  0.589  0.482]
[INFO] [1779941232.066163010] [coord_transform]: [PREDICTION] Transform: cam[ 0.025  0.141 -0.045] → base[-0.124  0.387  0.357]
[INFO] [1779941234.097867466] [coord_transform]: [PREDICTION] Transform: cam[0.075 0.122 0.07 ] → base[-0.174  0.368  0.472]
[INFO] [1779941236.147575518] [coord_transform]: [PREDICTION] Transform: cam[0.072 0.149 0.065] → base[-0.171  0.395  0.467]
[INFO] [1779941238.206840961] [coord_transform]: [PREDICTION] Transform: cam[0.07  0.151 0.065] → base[-0.169  0.397  0.466]
[INFO] [1779941240.704734031] [coord_transform]: [PREDICTION] Transform: cam[0.071 0.153 0.063] → base[-0.17   0.399  0.464]
[INFO] [1779941242.763540918] [coord_transform]: [PREDICTION] Transform: cam[0.07  0.152 0.065] → base[-0.169  0.398  0.466]
[INFO] [1779941245.104993730] [coord_transform]: [PREDICTION] Transform: cam[0.069 0.147 0.065] → base[-0.168  0.393  0.466]
[INFO] [1779941247.132221446] [coord_transform]: [PREDICTION] Transform: cam[0.069 0.147 0.065] → base[-0.168  0.393  0.467]
[INFO] [1779941249.150505646] [coord_transform]: [PREDICTION] Transform: cam[0.097 0.131 0.079] → base[-0.196  0.377  0.48 ]
[INFO] [1779941251.182951158] [coord_transform]: [PREDICTION] Transform: cam[0.067 0.065 0.168] → base[-0.166  0.311  0.569]
[INFO] [1779941253.202130510] [coord_transform]: [PREDICTION] Transform: cam[0.155 0.501 0.352] → base[-0.254  0.747  0.754]
[INFO] [1779941255.206925020] [coord_transform]: [PREDICTION] Transform: cam[0.125 0.616 0.071] → base[-0.224  0.863  0.473]
[INFO] [1779941257.214838016] [coord_transform]: [PREDICTION] Transform: cam[0.119 0.569 0.058] → base[-0.218  0.815  0.459]
[INFO] [1779941259.249365176] [coord_transform]: [PREDICTION] Transform: cam[0.117 0.569 0.062] → base[-0.216  0.815  0.463]
[INFO] [1779941261.273015495] [coord_transform]: [PREDICTION] Transform: cam[0.119 0.574 0.074] → base[-0.218  0.82   0.476]
[INFO] [1779941263.300631511] [coord_transform]: [PREDICTION] Transform: cam[0.117 0.139 0.27 ] → base[-0.216  0.385  0.671]
[INFO] [1779941265.315824187] [coord_transform]: [PREDICTION] Transform: cam[0.1   0.072 0.012] → base[-0.199  0.318  0.413]
[INFO] [1779941267.384364371] [coord_transform]: [PREDICTION] Transform: cam[0.094 0.075 0.007] → base[-0.193  0.321  0.408]
[INFO] [1779941269.390352988] [coord_transform]: [PREDICTION] Transform: cam[0.095 0.073 0.058] → base[-0.194  0.319  0.46 ]
[INFO] [1779941271.425571300] [coord_transform]: [PREDICTION] Transform: cam[0.076 0.088 0.095] → base[-0.175  0.334  0.497]
[INFO] [1779941273.435541994] [coord_transform]: [PREDICTION] Transform: cam[0.134 0.081 0.072] → base[-0.233  0.327  0.474]
[INFO] [1779941275.455080560] [coord_transform]: [PREDICTION] Transform: cam[0.292 0.116 0.027] → base[-0.391  0.362  0.428]
[INFO] [1779941277.477174351] [coord_transform]: [PREDICTION] Transform: cam[0.284 0.16  0.029] → base[-0.383  0.406  0.43 ]
[INFO] [1779941279.510288924] [coord_transform]: [PREDICTION] Transform: cam[0.246 0.191 0.032] → base[-0.345  0.437  0.433]
[INFO] [1779941281.521909388] [coord_transform]: [PREDICTION] Transform: cam[0.061 0.081 0.084] → base[-0.16   0.327  0.485]
[INFO] [1779941283.540980097] [coord_transform]: [PREDICTION] Transform: cam[0.068 0.058 0.078] → base[-0.167  0.304  0.48 ]
[INFO] [1779941285.543433398] [coord_transform]: [PREDICTION] Transform: cam[0.203 0.502 0.202] → base[-0.302  0.748  0.604]
[INFO] [1779941287.546397395] [coord_transform]: [PREDICTION] Transform: cam[0.189 0.527 0.085] → base[-0.288  0.773  0.487]
[INFO] [1779941289.610978588] [coord_transform]: [PREDICTION] Transform: cam[0.205 0.549 0.092] → base[-0.304  0.795  0.494]
[INFO] [1779941291.611769700] [coord_transform]: [PREDICTION] Transform: cam[0.164 0.229 0.246] → base[-0.263  0.475  0.647]
[INFO] [1779941293.615909758] [coord_transform]: [PREDICTION] Transform: cam[0.077 0.168 0.096] → base[-0.176  0.414  0.497]
[INFO] [1779941295.651589386] [coord_transform]: [PREDICTION] Transform: cam[0.082 0.118 0.029] → base[-0.181  0.364  0.431]
[INFO] [1779941297.704022799] [coord_transform]: [PREDICTION] Transform: cam[0.078 0.124 0.031] → base[-0.177  0.37   0.433]
[INFO] [1779941299.712303669] [coord_transform]: [PREDICTION] Transform: cam[0.106 0.185 0.202] → base[-0.205  0.431  0.603]
[INFO] [1779941301.730349983] [coord_transform]: [PREDICTION] Transform: cam[0.237 0.489 0.214] → base[-0.336  0.735  0.616]
[INFO] [1779941303.744050976] [coord_transform]: [PREDICTION] Transform: cam[0.253 0.587 0.041] → base[-0.352  0.833  0.442]
[INFO] [1779941305.744425637] [coord_transform]: [PREDICTION] Transform: cam[0.264 0.588 0.06 ] → base[-0.363  0.834  0.461]
[INFO] [1779941307.756018595] [coord_transform]: [PREDICTION] Transform: cam[0.269 0.57  0.073] → base[-0.368  0.816  0.474]
[INFO] [1779941309.761221372] [coord_transform]: [PREDICTION] Transform: cam[0.192 0.404 0.19 ] → base[-0.291  0.65   0.592]
[INFO] [1779941311.780914577] [coord_transform]: [PREDICTION] Transform: cam[0.09  0.089 0.181] → base[-0.189  0.335  0.582]
[INFO] [1779941313.786046676] [coord_transform]: [PREDICTION] Transform: cam[ 0.124  0.07  -0.033] → base[-0.223  0.316  0.369]
[INFO] [1779941315.857067334] [coord_transform]: [PREDICTION] Transform: cam[ 0.107  0.061 -0.015] → base[-0.206  0.307  0.387]
[INFO] [1779941317.882655277] [coord_transform]: [PREDICTION] Transform: cam[ 0.11   0.054 -0.014] → base[-0.209  0.3    0.387]
[INFO] [1779941319.883403875] [coord_transform]: [PREDICTION] Transform: cam[0.134 0.024 0.081] → base[-0.233  0.27   0.482]
[INFO] [1779941321.886073851] [coord_transform]: [PREDICTION] Transform: cam[0.239 0.291 0.272] → base[-0.338  0.537  0.674]
[INFO] [1779941323.908029224] [coord_transform]: [PREDICTION] Transform: cam[0.331 0.599 0.073] → base[-0.43   0.845  0.475]
[INFO] [1779941325.952505502] [coord_transform]: [PREDICTION] Transform: cam[0.321 0.534 0.05 ] → base[-0.42   0.78   0.451]
[INFO] [1779941327.962968522] [coord_transform]: [PREDICTION] Transform: cam[0.289 0.212 0.264] → base[-0.388  0.458  0.665]
[INFO] [1779941329.989289117] [coord_transform]: [PREDICTION] Transform: cam[0.193 0.111 0.144] → base[-0.292  0.357  0.546]
[INFO] [1779941332.043529913] [coord_transform]: [PREDICTION] Transform: cam[ 0.139  0.133 -0.025] → base[-0.238  0.379  0.376]
[INFO] [1779941334.059397115] [coord_transform]: [PREDICTION] Transform: cam[0.148 0.126 0.019] → base[-0.247  0.372  0.421]
[INFO] [1779941336.095174502] [coord_transform]: [PREDICTION] Transform: cam[0.204 0.159 0.149] → base[-0.303  0.405  0.55 ]
[INFO] [1779941338.124991725] [coord_transform]: [PREDICTION] Transform: cam[0.255 0.318 0.215] → base[-0.354  0.564  0.616]
[INFO] [1779941340.129995451] [coord_transform]: [PREDICTION] Transform: cam[0.253 0.54  0.152] → base[-0.352  0.786  0.553]
[INFO] [1779941342.159996769] [coord_transform]: [PREDICTION] Transform: cam[0.215 0.465 0.017] → base[-0.314  0.711  0.419]
[INFO] [1779941344.184962629] [coord_transform]: [PREDICTION] Transform: cam[0.217 0.503 0.044] → base[-0.316  0.749  0.445]
[INFO] [1779941346.227177537] [coord_transform]: [PREDICTION] Transform: cam[0.214 0.218 0.243] → base[-0.313  0.464  0.645]
[INFO] [1779941348.234039418] [coord_transform]: [PREDICTION] Transform: cam[0.17  0.093 0.19 ] → base[-0.269  0.339  0.591]
[INFO] [1779941350.262721397] [coord_transform]: [PREDICTION] Transform: cam[ 0.136  0.124 -0.024] → base[-0.235  0.37   0.377]
[INFO] [1779941352.264353278] [coord_transform]: [PREDICTION] Transform: cam[ 0.126  0.104 -0.016] → base[-0.225  0.35   0.385]
[INFO] [1779941354.273093949] [coord_transform]: [PREDICTION] Transform: cam[0.167 0.171 0.227] → base[-0.266  0.417  0.628]
[INFO] [1779941356.280320439] [coord_transform]: [PREDICTION] Transform: cam[0.42  0.54  0.192] → base[-0.519  0.786  0.593]
[INFO] [1779941358.308804499] [coord_transform]: [PREDICTION] Transform: cam[0.385 0.562 0.087] → base[-0.484  0.808  0.489]
[INFO] [1779941360.315364654] [coord_transform]: [PREDICTION] Transform: cam[0.39  0.577 0.094] → base[-0.489  0.823  0.496]
[INFO] [1779941362.344759102] [coord_transform]: [PREDICTION] Transform: cam[0.267 0.283 0.251] → base[-0.366  0.529  0.653]
[INFO] [1779941364.351595208] [coord_transform]: [PREDICTION] Transform: cam[0.065 0.146 0.132] → base[-0.164  0.392  0.534]
[INFO] [1779941366.394873022] [coord_transform]: [PREDICTION] Transform: cam[ 0.103  0.109 -0.026] → base[-0.202  0.355  0.376]
[INFO] [1779941368.400961063] [coord_transform]: [PREDICTION] Transform: cam[0.056 0.106 0.078] → base[-0.155  0.352  0.48 ]
[INFO] [1779941370.424699038] [coord_transform]: [PREDICTION] Transform: cam[0.019 0.57  0.273] → base[-0.118  0.816  0.675]
[INFO] [1779941372.427721744] [coord_transform]: [PREDICTION] Transform: cam[-0.025  0.546  0.047] → base[-0.074  0.792  0.448]
[INFO] [1779941374.439453809] [coord_transform]: [PREDICTION] Transform: cam[-0.03   0.592  0.051] → base[-0.069  0.838  0.452]
[INFO] [1779941376.481484711] [coord_transform]: [PREDICTION] Transform: cam[-0.032  0.609  0.049] → base[-0.067  0.855  0.45 ]
[INFO] [1779941378.546643365] [coord_transform]: [PREDICTION] Transform: cam[-0.029  0.632  0.049] → base[-0.07   0.878  0.45 ]
[INFO] [1779941380.555801081] [coord_transform]: [PREDICTION] Transform: cam[-0.025  0.601  0.061] → base[-0.074  0.847  0.462]
[INFO] [1779941382.590618436] [coord_transform]: [PREDICTION] Transform: cam[-0.025  0.556  0.074] → base[-0.074  0.802  0.475]
[INFO] [1779941384.598571019] [coord_transform]: [PREDICTION] Transform: cam[-0.022  0.57   0.082] → base[-0.077  0.816  0.484]
[INFO] [1779941386.614330610] [coord_transform]: [PREDICTION] Transform: cam[-0.021  0.514  0.092] → base[-0.078  0.76   0.494]
[INFO] [1779941388.623428438] [coord_transform]: [PREDICTION] Transform: cam[-0.018  0.53   0.093] → base[-0.081  0.776  0.495]
[INFO] [1779941390.649001277] [coord_transform]: [PREDICTION] Transform: cam[-0.017  0.501  0.101] → base[-0.082  0.747  0.502]
[INFO] [1779941392.677823635] [coord_transform]: [PREDICTION] Transform: cam[-0.015  0.418  0.092] → base[-0.084  0.664  0.494]
[INFO] [1779941394.705407429] [coord_transform]: [PREDICTION] Transform: cam[-0.009  0.313  0.103] → base[-0.09   0.559  0.505]
[INFO] [1779941396.713983879] [coord_transform]: [PREDICTION] Transform: cam[-0.001  0.293  0.107] → base[-0.098  0.539  0.509]
[INFO] [1779941398.743268908] [coord_transform]: [PREDICTION] Transform: cam[0.121 0.014 0.049] → base[-0.22   0.26   0.451]
[INFO] [1779941400.771195055] [coord_transform]: [PREDICTION] Transform: cam[0.118 0.04  0.041] → base[-0.217  0.286  0.442]
[INFO] [1779941403.075433052] [coord_transform]: [PREDICTION] Transform: cam[0.118 0.033 0.045] → base[-0.217  0.279  0.446]
[INFO] [1779941405.079106905] [coord_transform]: [PREDICTION] Transform: cam[0.129 0.371 0.245] → base[-0.228  0.617  0.647]
[INFO] [1779941407.123068552] [coord_transform]: [PREDICTION] Transform: cam[0.164 0.499 0.076] → base[-0.263  0.745  0.477]
[INFO] [1779941409.143212078] [coord_transform]: [PREDICTION] Transform: cam[0.166 0.497 0.084] → base[-0.265  0.743  0.485]
[INFO] [1779941411.151511880] [coord_transform]: [PREDICTION] Transform: cam[0.166 0.483 0.091] → base[-0.265  0.729  0.492]
[INFO] [1779941413.220933629] [coord_transform]: [PREDICTION] Transform: cam[0.166 0.478 0.092] → base[-0.265  0.724  0.494]
[INFO] [1779941415.351623702] [coord_transform]: [PREDICTION] Transform: cam[0.163 0.485 0.097] → base[-0.262  0.731  0.498]
[INFO] [1779941417.373942972] [coord_transform]: [PREDICTION] Transform: cam[0.078 0.209 0.295] → base[-0.177  0.455  0.696]
[INFO] [1779941419.381529252] [coord_transform]: [PREDICTION] Transform: cam[0.086 0.086 0.047] → base[-0.185  0.332  0.448]
[INFO] [1779941421.381920852] [coord_transform]: [PREDICTION] Transform: cam[0.11  0.075 0.025] → base[-0.209  0.321  0.426]
[INFO] [1779941423.430267629] [coord_transform]: [PREDICTION] Transform: cam[0.102 0.079 0.032] → base[-0.201  0.325  0.433]
[INFO] [1779941425.465219852] [coord_transform]: [PREDICTION] Transform: cam[-0.019  0.294  0.251] → base[-0.08   0.54   0.653]
[INFO] [1779941427.465840927] [coord_transform]: [PREDICTION] Transform: cam[-0.054  0.531  0.169] → base[-0.045  0.777  0.57 ]
[INFO] [1779941429.466922709] [coord_transform]: [PREDICTION] Transform: cam[-0.068  0.591  0.14 ] → base[-0.031  0.837  0.541]
[INFO] [1779941431.497211083] [coord_transform]: [PREDICTION] Transform: cam[-0.065  0.588  0.139] → base[-0.034  0.834  0.541]
[INFO] [1779941433.543276521] [coord_transform]: [PREDICTION] Transform: cam[0.072 0.374 0.278] → base[-0.171  0.62   0.68 ]
[INFO] [1779941435.581752941] [coord_transform]: [PREDICTION] Transform: cam[0.109 0.073 0.059] → base[-0.208  0.319  0.46 ]
[INFO] [1779941437.682860169] [coord_transform]: [PREDICTION] Transform: cam[0.106 0.053 0.007] → base[-0.205  0.299  0.408]
[INFO] [1779941439.739500425] [coord_transform]: [PREDICTION] Transform: cam[0.107 0.059 0.009] → base[-0.206  0.305  0.41 ]
[INFO] [1779941441.811859754] [coord_transform]: [PREDICTION] Transform: cam[0.104 0.06  0.011] → base[-0.203  0.306  0.413]
[INFO] [1779941443.814302909] [coord_transform]: [PREDICTION] Transform: cam[0.214 0.263 0.186] → base[-0.313  0.509  0.587]
[INFO] [1779941445.832247008] [coord_transform]: [PREDICTION] Transform: cam[0.25  0.514 0.036] → base[-0.349  0.76   0.438]
[INFO] [1779941447.840497066] [coord_transform]: [PREDICTION] Transform: cam[0.256 0.479 0.052] → base[-0.355  0.725  0.454]
[INFO] [1779941449.875992051] [coord_transform]: [PREDICTION] Transform: cam[0.255 0.487 0.171] → base[-0.354  0.733  0.572]
[INFO] [1779941451.906677987] [coord_transform]: [PREDICTION] Transform: cam[0.119 0.097 0.178] → base[-0.218  0.343  0.579]
[INFO] [1779941453.944775355] [coord_transform]: [PREDICTION] Transform: cam[0.093 0.107 0.002] → base[-0.192  0.353  0.404]
[INFO] [1779941456.006734091] [coord_transform]: [PREDICTION] Transform: cam[0.094 0.078 0.003] → base[-0.193  0.324  0.405]
[INFO] [1779941458.030291433] [coord_transform]: [PREDICTION] Transform: cam[0.006 0.244 0.203] → base[-0.105  0.49   0.604]
[INFO] [1779941460.056300859] [coord_transform]: [PREDICTION] Transform: cam[-0.015  0.603  0.157] → base[-0.084  0.849  0.559]
[INFO] [1779941462.087005943] [coord_transform]: [PREDICTION] Transform: cam[-0.025  0.454  0.082] → base[-0.074  0.7    0.484]
[INFO] [1779941464.159152584] [coord_transform]: [PREDICTION] Transform: cam[-0.024  0.472  0.079] → base[-0.075  0.718  0.48 ]
[INFO] [1779941466.172633082] [coord_transform]: [PREDICTION] Transform: cam[0.028 0.47  0.104] → base[-0.127  0.716  0.506]
[INFO] [1779941468.177542742] [coord_transform]: [PREDICTION] Transform: cam[0.298 0.072 0.005] → base[-0.397  0.318  0.407]
[INFO] [1779941468.891300817] [coord_transform]: Trạng thái tracking: STOPPED
[WARN] [1779941500.903129899] [coord_transform]: Outlier rejected #1 (jumped 162.9mm). Ignoring.
