[INFO] [1779787288.078935377] [cartesian_streamer]: CartesianStreamer khởi động (chờ Enable Robot từ UI).
  Stream rate:       15 Hz (period=66.7ms)
  Queue dt:          0.067 s
  Prebuffer points:  3
  Retry backoff:     66.0 ms
  Gửi PoseStamped lên: /cartesian_streamer/target_pose
  Gửi XYZ lên:        /cartesian_streamer/target_xyz
  Nhận EE pose tại:   /cartesian_streamer/current_pose
[INFO] [1779787288.086766443] [cartesian_streamer]: Nhận joint_states: ['1.571', '0.075', '-1.049', '-0.030', '-0.523', '-0.002']
[INFO] [1779787288.975092438] [cartesian_streamer]: Đã nhận joint_states. EE hiện tại: (-0.1638, 0.2630, 0.3947). Chờ Enable Robot từ UI...
[INFO] [1779787327.048321304] [cartesian_streamer]: Enable Robot: bắt đầu chuỗi khởi động...
[INFO] [1779787327.048681983] [cartesian_streamer]: Enable: reset_error...
[INFO] [1779787327.060450962] [cartesian_streamer]: reset_error: code=1, msg="success"
[INFO] [1779787327.060770056] [cartesian_streamer]: Enable: stop_traj_mode (giải phóng mode cũ)...
[INFO] [1779787327.113577147] [cartesian_streamer]: stop_traj_mode: success=True, code=N/A, msg=""
[INFO] [1779787327.114011937] [cartesian_streamer]: Enable: chờ 1.5s để hệ thống ổn định trước khi start queue...
[INFO] [1779787328.615438193] [cartesian_streamer]: Enable: StartPointQueueMode...
[INFO] [1779787330.099160513] [cartesian_streamer]: StartPointQueueMode response: code=1, msg=""
[INFO] [1779787330.099547392] [cartesian_streamer]: ✓ Robot ENABLED — Point Queue Mode active. Servo ON!
[INFO] [1779787330.105617349] [cartesian_streamer]: Runtime rate: state=seeding, tick_hz=0.0, queue_send_hz=0.0, ack_hz=0.0, busy_hz=0.0, retry_count=0, reject_count=0, inter_ack_ms=0.0, max_joint_delta=0.000, cumul_time=0.00s, hold_count=0
[INFO] [1779787330.108207532] [cartesian_streamer]: Bootstrap EE pose via FK: (-0.1638, 0.2630, 0.3947)
[INFO] [1779787330.108652366] [cartesian_streamer]: Đang stream qua service: /queue_traj_point
[INFO] [1779787330.109338881] [cartesian_streamer]: Đã gửi seed point (current joints, t=0), chờ ACK...
[INFO] [1779787330.120508805] [cartesian_streamer]: Seed ACK nhận được, bắt đầu prebuffer.
[INFO] [1779787330.120780961] [cartesian_streamer]: Queue accepted sample#1: svc=/queue_traj_point, t_cumul=0.0000s, code=1, msg="", hold=False
[INFO] [1779787330.180741792] [cartesian_streamer]: Queue accepted sample#2: svc=/queue_traj_point, t_cumul=0.0632s, code=1, msg="", hold=True
[INFO] [1779787330.374682945] [cartesian_streamer]: Queue accepted sample#3: svc=/queue_traj_point, t_cumul=0.1299s, code=1, msg="", hold=True
[INFO] [1779787330.403993668] [cartesian_streamer]: Pre-buffer hoàn tất (3 points), bắt đầu stream ổn định. Đang chờ target...
[INFO] [1779787330.405125794] [cartesian_streamer]: Queue accepted sample#4: svc=/queue_traj_point, t_cumul=0.2643s, code=1, msg="", hold=True
[INFO] [1779787330.676769254] [cartesian_streamer]: Queue accepted sample#5: svc=/queue_traj_point, t_cumul=0.3341s, code=1, msg="", hold=True
[INFO] [1779787331.866997183] [cartesian_streamer]: QueueTrajPoint accepted #20: t=1.666s, hold=True
[WARN] [1779787332.711833535] [cartesian_streamer]: Queue BUSY, sẽ resend (backoff 66ms): msg="Busy processing the previous trajectory point. Please resend the next point shortly"
[INFO] [1779787334.107403857] [cartesian_streamer]: IK OK → Δmax=0.0127 rad, joints: [1.583, 0.076, -1.039, -0.032, -0.532, -0.013]
[WARN] [1779787334.173787252] [cartesian_streamer]: QueueTrajPoint đã được accept nhưng joint_states hầu như không đổi. Kiểm tra: 1) Robot ở mode AUTO? 2) Servo ON? 3) E-stop cleared?
[INFO] [1779787334.228734997] [cartesian_streamer]: QueueTrajPoint accepted #40: t=3.670s, hold=False
[INFO] [1779787335.106716958] [cartesian_streamer]: Runtime rate: state=streaming, tick_hz=15.0, queue_send_hz=10.4, ack_hz=10.2, busy_hz=0.2, retry_count=1, reject_count=0, inter_ack_ms=98.7, max_joint_delta=0.026, cumul_time=4.60s, hold_count=0
[WARN] [1779787335.652067488] [cartesian_streamer]: Queue BUSY, sẽ resend (backoff 66ms): msg="Busy processing the previous trajectory point. Please resend the next point shortly"
[INFO] [1779787336.058745967] [cartesian_streamer]: QueueTrajPoint accepted #60: t=5.406s, hold=False
[INFO] [1779787336.111703067] [cartesian_streamer]: IK OK → Δmax=0.0251 rad, joints: [1.546, -0.012, -0.862, -0.019, -0.798, 0.009]
[INFO] [1779787337.515676910] [cartesian_streamer]: QueueTrajPoint accepted #80: t=6.873s, hold=False
[INFO] [1779787338.174396129] [cartesian_streamer]: IK OK → Δmax=0.0164 rad, joints: [1.398, 0.108, -0.282, -0.002, -1.258, 0.145]
[INFO] [1779787338.860550152] [cartesian_streamer]: QueueTrajPoint accepted #100: t=8.203s, hold=False
[INFO] [1779787340.107279039] [cartesian_streamer]: Runtime rate: state=streaming, tick_hz=15.0, queue_send_hz=13.4, ack_hz=13.2, busy_hz=0.2, retry_count=1, reject_count=0, inter_ack_ms=76.0, max_joint_delta=0.086, cumul_time=9.40s, hold_count=0
[INFO] [1779787340.240489081] [cartesian_streamer]: IK OK → Δmax=0.0194 rad, joints: [1.330, 0.499, 0.314, 0.003, -1.463, 0.211]
[INFO] [1779787340.251674938] [cartesian_streamer]: QueueTrajPoint accepted #120: t=9.602s, hold=False
[INFO] [1779787341.858847458] [cartesian_streamer]: QueueTrajPoint accepted #140: t=11.205s, hold=False
[INFO] [1779787342.241405014] [cartesian_streamer]: IK OK → Δmax=0.0171 rad, joints: [1.359, 0.740, 0.346, 0.001, -1.254, 0.183]
[INFO] [1779787343.258309889] [cartesian_streamer]: QueueTrajPoint accepted #160: t=12.602s, hold=False
[INFO] [1779787344.308927472] [cartesian_streamer]: IK OK → Δmax=0.0070 rad, joints: [1.510, 0.596, -0.259, -0.015, -0.792, 0.043]
[INFO] [1779787344.663531888] [cartesian_streamer]: QueueTrajPoint accepted #180: t=14.004s, hold=False
[INFO] [1779787345.172613915] [cartesian_streamer]: Runtime rate: state=streaming, tick_hz=15.0, queue_send_hz=13.6, ack_hz=13.6, busy_hz=0.0, retry_count=0, reject_count=0, inter_ack_ms=73.2, max_joint_delta=0.042, cumul_time=14.47s, hold_count=0
[INFO] [1779787346.324827143] [cartesian_streamer]: QueueTrajPoint accepted #200: t=15.596s, hold=False
[INFO] [1779787346.384110745] [cartesian_streamer]: IK OK → Δmax=0.0114 rad, joints: [1.463, 0.439, -0.308, -0.009, -0.900, 0.085]
[INFO] [1779787347.720896505] [cartesian_streamer]: QueueTrajPoint accepted #220: t=16.995s, hold=False
[INFO] [1779787348.441291197] [cartesian_streamer]: IK OK → Δmax=0.0127 rad, joints: [1.336, 0.282, -0.004, 0.003, -1.363, 0.205]
[INFO] [1779787349.229026268] [cartesian_streamer]: QueueTrajPoint accepted #240: t=18.396s, hold=False
[INFO] [1779787350.172811886] [cartesian_streamer]: Runtime rate: state=streaming, tick_hz=15.0, queue_send_hz=13.2, ack_hz=13.2, busy_hz=0.0, retry_count=0, reject_count=0, inter_ack_ms=76.4, max_joint_delta=0.039, cumul_time=19.33s, hold_count=0
[INFO] [1779787350.441748906] [cartesian_streamer]: IK OK → Δmax=0.0146 rad, joints: [1.304, -0.081, -0.412, 0.006, -1.318, 0.236]
[INFO] [1779787350.731143915] [cartesian_streamer]: QueueTrajPoint accepted #260: t=19.995s, hold=False
[INFO] [1779787352.044956522] [cartesian_streamer]: QueueTrajPoint accepted #280: t=21.330s, hold=False
[INFO] [1779787352.508015549] [cartesian_streamer]: IK OK → Δmax=0.0046 rad, joints: [1.395, -0.074, -0.679, -0.002, -1.043, 0.148]
[INFO] [1779787353.520825580] [cartesian_streamer]: QueueTrajPoint accepted #300: t=22.796s, hold=False
[INFO] [1779787354.573636626] [cartesian_streamer]: IK OK → Δmax=0.0020 rad, joints: [1.387, -0.065, -0.660, -0.001, -1.054, 0.155]
[INFO] [1779787354.919881727] [cartesian_streamer]: Disable Robot: dừng stream, tắt traj mode...
[INFO] [1779787354.920990875] [cartesian_streamer]: ✗ Robot DISABLED.
[WARN] [1779787355.071738587] [cartesian_streamer]: ⚠ Queue mode bị drop! Auto-recovery lần 1/3...
[INFO] [1779787355.572758588] [cartesian_streamer]: Auto-recovery: bắt đầu re-enable queue mode...
[INFO] [1779787355.573414696] [cartesian_streamer]: Enable: reset_error...
[INFO] [1779787355.702135555] [cartesian_streamer]: reset_error: code=1, msg="success"
[INFO] [1779787355.702675301] [cartesian_streamer]: Enable: stop_traj_mode (giải phóng mode cũ)...
[INFO] [1779787355.957369740] [cartesian_streamer]: stop_traj_mode: success=True, code=N/A, msg=""
[INFO] [1779787355.957640287] [cartesian_streamer]: Enable: chờ 1.5s để hệ thống ổn định trước khi start queue...
[INFO] [1779787357.458590668] [cartesian_streamer]: Enable: StartPointQueueMode...
[INFO] [1779787357.490744820] [cartesian_streamer]: StartPointQueueMode response: code=104, msg="The teach pendant must not be in TEACH mode"
[ERROR] [1779787357.491402517] [cartesian_streamer]: StartPointQueueMode FAILED: The teach pendant must not be in TEACH mode
[INFO] [1779787444.958444352] [cartesian_streamer]: Enable Robot: bắt đầu chuỗi khởi động...
[INFO] [1779787444.958776430] [cartesian_streamer]: Enable: reset_error...
[INFO] [1779787444.979653817] [cartesian_streamer]: reset_error: code=1, msg="success"
[INFO] [1779787444.980354195] [cartesian_streamer]: Enable: stop_traj_mode (giải phóng mode cũ)...
[INFO] [1779787445.025468067] [cartesian_streamer]: stop_traj_mode: success=True, code=N/A, msg=""
[INFO] [1779787445.026318813] [cartesian_streamer]: Enable: chờ 1.5s để hệ thống ổn định trước khi start queue...
[INFO] [1779787446.529108917] [cartesian_streamer]: Enable: StartPointQueueMode...
[INFO] [1779787448.009573658] [cartesian_streamer]: StartPointQueueMode response: code=1, msg=""
[INFO] [1779787448.010505863] [cartesian_streamer]: ✓ Robot ENABLED — Point Queue Mode active. Servo ON!
[INFO] [1779787448.045883148] [cartesian_streamer]: Runtime rate: state=seeding, tick_hz=0.7, queue_send_hz=0.6, ack_hz=0.6, busy_hz=0.0, retry_count=0, reject_count=1, inter_ack_ms=73.7, max_joint_delta=0.066, cumul_time=0.00s, hold_count=0
[WARN] [1779787448.047888086] [cartesian_streamer]: Target stream stale: không có target mới trong 93.2s
[WARN] [1779787448.050078092] [cartesian_streamer]: QueueTrajPoint đã được accept nhưng joint_states hầu như không đổi. Kiểm tra: 1) Robot ở mode AUTO? 2) Servo ON? 3) E-stop cleared?
[INFO] [1779787448.058112463] [cartesian_streamer]: Bootstrap EE pose via FK: (-0.1638, 0.2630, 0.3947)
[INFO] [1779787448.059720030] [cartesian_streamer]: Đã gửi seed point (current joints, t=0), chờ ACK...
[INFO] [1779787448.077626064] [cartesian_streamer]: Seed ACK nhận được, bắt đầu prebuffer.
[INFO] [1779787448.322638215] [cartesian_streamer]: Pre-buffer hoàn tất (3 points), bắt đầu stream ổn định. Đang chờ target...
[INFO] [1779787448.545260204] [cartesian_streamer]: QueueTrajPoint accepted #320: t=0.447s, hold=True
[INFO] [1779787449.641524866] [cartesian_streamer]: IK delta clamped → joints: [1.501, 0.005, -0.979, -0.001, -0.613, 0.088]
[INFO] [1779787449.642301811] [cartesian_streamer]: IK OK → Δmax=0.0900 rad, joints: [1.501, 0.005, -0.979, -0.001, -0.613, 0.088]
[INFO] [1779787450.456127248] [cartesian_streamer]: QueueTrajPoint accepted #340: t=2.312s, hold=False
[INFO] [1779787451.709804411] [cartesian_streamer]: IK OK → Δmax=0.0191 rad, joints: [1.503, 0.082, -0.463, -0.011, -1.103, 0.044]
[INFO] [1779787451.992984345] [cartesian_streamer]: QueueTrajPoint accepted #360: t=3.847s, hold=False
[INFO] [1779787453.108821151] [cartesian_streamer]: Runtime rate: state=streaming, tick_hz=15.0, queue_send_hz=12.0, ack_hz=12.0, busy_hz=0.0, retry_count=0, reject_count=0, inter_ack_ms=1612.7, max_joint_delta=0.090, cumul_time=4.85s, hold_count=0
[INFO] [1779787453.397304044] [cartesian_streamer]: QueueTrajPoint accepted #380: t=5.251s, hold=False
[INFO] [1779787453.773536159] [cartesian_streamer]: IK OK → Δmax=0.0061 rad, joints: [1.379, 0.219, -0.055, -0.000, -1.374, 0.163]
[INFO] [1779787454.783972238] [cartesian_streamer]: QueueTrajPoint accepted #400: t=6.645s, hold=False
[INFO] [1779787455.774680758] [cartesian_streamer]: IK OK → Δmax=0.0137 rad, joints: [1.379, 0.415, 0.216, -0.000, -1.450, 0.163]
[WARN] [1779787456.059171655] [cartesian_streamer]: Queue BUSY, sẽ resend (backoff 66ms): msg="Busy processing the previous trajectory point. Please resend the next point shortly"
[INFO] [1779787456.535276773] [cartesian_streamer]: QueueTrajPoint accepted #420: t=8.179s, hold=False
[INFO] [1779787457.774754851] [cartesian_streamer]: IK OK → Δmax=0.0052 rad, joints: [1.456, 0.539, 0.228, -0.007, -1.337, 0.087]
[INFO] [1779787458.173191896] [cartesian_streamer]: Runtime rate: state=streaming, tick_hz=15.0, queue_send_hz=12.8, ack_hz=12.6, busy_hz=0.2, retry_count=1, reject_count=0, inter_ack_ms=79.1, max_joint_delta=0.025, cumul_time=9.71s, hold_count=0
[INFO] [1779787458.196661639] [cartesian_streamer]: QueueTrajPoint accepted #440: t=9.844s, hold=False
[INFO] [1779787459.726138103] [cartesian_streamer]: QueueTrajPoint accepted #460: t=11.372s, hold=False
[INFO] [1779787459.780262188] [cartesian_streamer]: IK OK → Δmax=0.0000 rad, joints: [1.498, 0.536, 0.007, -0.011, -1.119, 0.049]
[INFO] [1779787461.257441464] [cartesian_streamer]: QueueTrajPoint accepted #480: t=12.907s, hold=False
[INFO] [1779787461.843425937] [cartesian_streamer]: IK OK → Δmax=0.0047 rad, joints: [1.551, 0.411, -0.150, -0.015, -1.086, -0.001]
[INFO] [1779787462.696477078] [cartesian_streamer]: QueueTrajPoint accepted #500: t=14.240s, hold=False
[INFO] [1779787463.239870333] [cartesian_streamer]: Runtime rate: state=streaming, tick_hz=15.0, queue_send_hz=13.2, ack_hz=13.2, busy_hz=0.0, retry_count=0, reject_count=0, inter_ack_ms=75.2, max_joint_delta=0.028, cumul_time=14.84s, hold_count=0
[INFO] [1779787463.843922728] [cartesian_streamer]: IK OK → Δmax=0.0034 rad, joints: [1.533, 0.346, -0.214, -0.014, -1.087, 0.016]
[INFO] [1779787464.460630255] [cartesian_streamer]: QueueTrajPoint accepted #520: t=16.105s, hold=False
[INFO] [1779787465.870511164] [cartesian_streamer]: QueueTrajPoint accepted #540: t=17.504s, hold=False
[INFO] [1779787465.906990843] [cartesian_streamer]: IK OK → Δmax=0.0107 rad, joints: [1.426, 0.215, -0.113, -0.004, -1.320, 0.117]
[INFO] [1779787467.402498325] [cartesian_streamer]: QueueTrajPoint accepted #560: t=19.039s, hold=False
[INFO] [1779787467.907311808] [cartesian_streamer]: IK OK → Δmax=0.0129 rad, joints: [1.343, 0.092, -0.072, 0.002, -1.484, 0.198]
[INFO] [1779787468.305991906] [cartesian_streamer]: Runtime rate: state=streaming, tick_hz=15.0, queue_send_hz=13.0, ack_hz=13.0, busy_hz=0.0, retry_count=0, reject_count=0, inter_ack_ms=76.6, max_joint_delta=0.023, cumul_time=19.90s, hold_count=0
[INFO] [1779787469.000424676] [cartesian_streamer]: QueueTrajPoint accepted #580: t=20.637s, hold=False
[INFO] [1779787469.976642207] [cartesian_streamer]: IK OK → Δmax=0.0026 rad, joints: [1.397, 0.005, -0.347, -0.002, -1.296, 0.145]
[INFO] [1779787470.635086834] [cartesian_streamer]: QueueTrajPoint accepted #600: t=22.171s, hold=False
[INFO] [1779787471.976783671] [cartesian_streamer]: IK OK → Δmax=0.0122 rad, joints: [1.446, 0.117, -0.285, -0.006, -1.246, 0.098]
[INFO] [1779787472.178690329] [cartesian_streamer]: QueueTrajPoint accepted #620: t=23.706s, hold=False
[INFO] [1779787473.386524470] [cartesian_streamer]: Runtime rate: state=streaming, tick_hz=15.0, queue_send_hz=12.4, ack_hz=12.4, busy_hz=0.0, retry_count=0, reject_count=0, inter_ack_ms=80.4, max_joint_delta=0.049, cumul_time=24.97s, hold_count=0
[INFO] [1779787473.663637730] [cartesian_streamer]: QueueTrajPoint accepted #640: t=25.304s, hold=False
[INFO] [1779787473.984733831] [cartesian_streamer]: IK OK → Δmax=0.0055 rad, joints: [1.385, 0.240, -0.057, -0.001, -1.351, 0.157]
[INFO] [1779787475.365851566] [cartesian_streamer]: QueueTrajPoint accepted #660: t=26.836s, hold=False
[INFO] [1779787476.039896749] [cartesian_streamer]: IK OK → Δmax=0.0027 rad, joints: [1.435, 0.304, -0.054, -0.005, -1.291, 0.108]
[INFO] [1779787476.992224974] [cartesian_streamer]: QueueTrajPoint accepted #680: t=28.557s, hold=False
[INFO] [1779787478.047704650] [cartesian_streamer]: IK OK → Δmax=0.0083 rad, joints: [1.482, 0.306, -0.105, -0.009, -1.237, 0.063]
[INFO] [1779787478.439820422] [cartesian_streamer]: Runtime rate: state=streaming, tick_hz=15.0, queue_send_hz=12.1, ack_hz=12.1, busy_hz=0.0, retry_count=0, reject_count=0, inter_ack_ms=83.3, max_joint_delta=0.020, cumul_time=29.95s, hold_count=0
[INFO] [1779787478.791601263] [cartesian_streamer]: QueueTrajPoint accepted #700: t=30.357s, hold=False
[INFO] [1779787480.108488640] [cartesian_streamer]: IK OK → Δmax=0.0029 rad, joints: [1.420, 0.191, -0.171, -0.004, -1.286, 0.123]
[INFO] [1779787480.700228859] [cartesian_streamer]: QueueTrajPoint accepted #720: t=32.153s, hold=False
[WARN] [1779787480.724115847] [cartesian_streamer]: Queue BUSY, sẽ resend (backoff 66ms): msg="Busy processing the previous trajectory point. Please resend the next point shortly"
[INFO] [1779787482.110024958] [cartesian_streamer]: IK OK → Δmax=0.0057 rad, joints: [1.423, 0.176, -0.180, -0.004, -1.293, 0.120]
[INFO] [1779787482.869605504] [cartesian_streamer]: QueueTrajPoint accepted #740: t=34.153s, hold=False
[INFO] [1779787483.439240784] [cartesian_streamer]: Runtime rate: state=streaming, tick_hz=15.0, queue_send_hz=10.4, ack_hz=10.2, busy_hz=0.2, retry_count=1, reject_count=0, inter_ack_ms=98.0, max_joint_delta=0.017, cumul_time=34.69s, hold_count=0
[INFO] [1779787484.177140366] [cartesian_streamer]: IK OK → Δmax=0.0014 rad, joints: [1.414, 0.227, -0.122, -0.003, -1.299, 0.129]
[INFO] [1779787484.595879038] [cartesian_streamer]: QueueTrajPoint accepted #760: t=35.886s, hold=False
[INFO] [1779787486.178926144] [cartesian_streamer]: IK OK → Δmax=0.0013 rad, joints: [1.441, 0.251, -0.088, -0.005, -1.309, 0.103]
[INFO] [1779787486.443092054] [cartesian_streamer]: QueueTrajPoint accepted #780: t=37.607s, hold=False
[INFO] [1779787487.851460452] [cartesian_streamer]: QueueTrajPoint accepted #800: t=39.136s, hold=False
[INFO] [1779787488.241607377] [cartesian_streamer]: IK OK → Δmax=0.0048 rad, joints: [1.428, 0.245, -0.091, -0.004, -1.312, 0.115]
[INFO] [1779787488.439925744] [cartesian_streamer]: Runtime rate: state=streaming, tick_hz=15.0, queue_send_hz=12.2, ack_hz=12.2, busy_hz=0.0, retry_count=0, reject_count=0, inter_ack_ms=81.7, max_joint_delta=0.017, cumul_time=39.67s, hold_count=0
[WARN] [1779787489.406190884] [cartesian_streamer]: Queue BUSY, sẽ resend (backoff 66ms): msg="Busy processing the previous trajectory point. Please resend the next point shortly"
[INFO] [1779787490.174905574] [cartesian_streamer]: QueueTrajPoint accepted #820: t=40.945s, hold=False
[INFO] [1779787490.309712777] [cartesian_streamer]: IK OK → Δmax=0.0014 rad, joints: [1.425, 0.173, -0.167, -0.004, -1.309, 0.118]
[INFO] [1779787491.718005283] [cartesian_streamer]: QueueTrajPoint accepted #840: t=42.539s, hold=False
[INFO] [1779787492.374185948] [cartesian_streamer]: IK OK → Δmax=0.0065 rad, joints: [1.412, 0.089, -0.254, -0.003, -1.305, 0.131]
[INFO] [1779787493.260825807] [cartesian_streamer]: QueueTrajPoint accepted #860: t=44.075s, hold=False
[INFO] [1779787493.511417027] [cartesian_streamer]: Runtime rate: state=streaming, tick_hz=15.0, queue_send_hz=11.1, ack_hz=10.9, busy_hz=0.2, retry_count=1, reject_count=0, inter_ack_ms=92.5, max_joint_delta=0.034, cumul_time=44.27s, hold_count=0
[INFO] [1779787494.442722359] [cartesian_streamer]: IK OK → Δmax=0.0213 rad, joints: [1.356, 0.070, -0.133, 0.001, -1.445, 0.186]
[INFO] [1779787494.655758716] [cartesian_streamer]: QueueTrajPoint accepted #880: t=45.479s, hold=False
[INFO] [1779787496.077812243] [cartesian_streamer]: QueueTrajPoint accepted #900: t=46.884s, hold=False
[INFO] [1779787496.511956771] [cartesian_streamer]: IK OK → Δmax=0.0175 rad, joints: [1.312, 0.302, 0.522, 0.005, -1.868, 0.231]
[INFO] [1779787497.402764092] [cartesian_streamer]: QueueTrajPoint accepted #920: t=48.210s, hold=False
[INFO] [1779787498.572989779] [cartesian_streamer]: Runtime rate: state=streaming, tick_hz=15.0, queue_send_hz=14.4, ack_hz=14.2, busy_hz=0.0, retry_count=0, reject_count=0, inter_ack_ms=69.3, max_joint_delta=0.051, cumul_time=49.34s, hold_count=0
[INFO] [1779787498.574964791] [cartesian_streamer]: IK OK → Δmax=0.0276 rad, joints: [1.378, 0.377, 0.142, -0.000, -1.413, 0.164]
[INFO] [1779787498.850913754] [cartesian_streamer]: QueueTrajPoint accepted #940: t=49.671s, hold=False
[INFO] [1779787500.393558702] [cartesian_streamer]: QueueTrajPoint accepted #960: t=51.209s, hold=False
[INFO] [1779787500.644487267] [cartesian_streamer]: IK OK → Δmax=0.0097 rad, joints: [1.394, 0.244, -0.018, -0.002, -1.386, 0.148]
[INFO] [1779787501.730861834] [cartesian_streamer]: QueueTrajPoint accepted #980: t=52.538s, hold=False
[INFO] [1779787502.708799441] [cartesian_streamer]: IK OK → Δmax=0.0015 rad, joints: [1.360, 0.101, -0.140, 0.001, -1.407, 0.182]
[INFO] [1779787503.198171183] [cartesian_streamer]: QueueTrajPoint accepted #1000: t=54.006s, hold=False
[INFO] [1779787503.639915097] [cartesian_streamer]: Runtime rate: state=streaming, tick_hz=15.0, queue_send_hz=13.8, ack_hz=14.0, busy_hz=0.0, retry_count=0, reject_count=0, inter_ack_ms=72.2, max_joint_delta=0.032, cumul_time=54.41s, hold_count=0
[INFO] [1779787504.598031672] [cartesian_streamer]: QueueTrajPoint accepted #1020: t=55.406s, hold=False
[INFO] [1779787504.775247301] [cartesian_streamer]: IK OK → Δmax=0.0062 rad, joints: [1.370, 0.223, -0.035, 0.000, -1.390, 0.172]
[INFO] [1779787506.138125008] [cartesian_streamer]: QueueTrajPoint accepted #1040: t=56.938s, hold=False
[INFO] [1779787506.842318545] [cartesian_streamer]: IK OK → Δmax=0.0105 rad, joints: [1.419, 0.478, 0.233, -0.004, -1.403, 0.123]
[INFO] [1779787507.804553579] [cartesian_streamer]: QueueTrajPoint accepted #1060: t=58.605s, hold=False
[INFO] [1779787508.639820368] [cartesian_streamer]: Runtime rate: state=streaming, tick_hz=15.0, queue_send_hz=12.8, ack_hz=12.8, busy_hz=0.0, retry_count=0, reject_count=0, inter_ack_ms=78.2, max_joint_delta=0.045, cumul_time=59.41s, hold_count=0
[INFO] [1779787508.842476926] [cartesian_streamer]: IK OK → Δmax=0.0099 rad, joints: [1.520, 0.350, -0.089, -0.012, -1.209, 0.027]
[INFO] [1779787509.323311869] [cartesian_streamer]: QueueTrajPoint accepted #1080: t=60.139s, hold=False
[INFO] [1779787510.807411699] [cartesian_streamer]: QueueTrajPoint accepted #1100: t=61.609s, hold=False
[INFO] [1779787510.911589518] [cartesian_streamer]: IK OK → Δmax=0.0079 rad, joints: [1.357, 0.100, -0.144, 0.001, -1.404, 0.185]
[INFO] [1779787512.250960727] [cartesian_streamer]: QueueTrajPoint accepted #1120: t=63.072s, hold=False
[INFO] [1779787512.973952336] [cartesian_streamer]: IK OK → Δmax=0.0132 rad, joints: [1.355, 0.183, -0.037, 0.001, -1.428, 0.186]
[INFO] [1779787513.607716315] [cartesian_streamer]: QueueTrajPoint accepted #1140: t=64.406s, hold=False
[INFO] [1779787513.706910586] [cartesian_streamer]: Runtime rate: state=streaming, tick_hz=15.0, queue_send_hz=14.0, ack_hz=14.0, busy_hz=0.0, retry_count=0, reject_count=0, inter_ack_ms=71.5, max_joint_delta=0.035, cumul_time=64.47s, hold_count=0
[INFO] [1779787514.977131833] [cartesian_streamer]: IK OK → Δmax=0.0063 rad, joints: [1.405, 0.389, 0.112, -0.003, -1.371, 0.137]
[INFO] [1779787515.194236106] [cartesian_streamer]: QueueTrajPoint accepted #1160: t=65.945s, hold=False
[INFO] [1779787516.785696547] [cartesian_streamer]: QueueTrajPoint accepted #1180: t=67.542s, hold=False
[INFO] [1779787517.043853765] [cartesian_streamer]: IK OK → Δmax=0.0073 rad, joints: [1.490, 0.427, 0.060, -0.009, -1.281, 0.055]
[INFO] [1779787518.496435900] [cartesian_streamer]: QueueTrajPoint accepted #1200: t=69.208s, hold=False
[INFO] [1779787518.772617366] [cartesian_streamer]: Runtime rate: state=streaming, tick_hz=15.0, queue_send_hz=12.4, ack_hz=12.4, busy_hz=0.0, retry_count=0, reject_count=0, inter_ack_ms=80.5, max_joint_delta=0.025, cumul_time=69.48s, hold_count=0
[INFO] [1779787519.109989340] [cartesian_streamer]: IK OK → Δmax=0.0163 rad, joints: [1.442, 0.201, -0.177, -0.006, -1.271, 0.102]
[INFO] [1779787520.007345379] [cartesian_streamer]: QueueTrajPoint accepted #1220: t=70.744s, hold=False
[INFO] [1779787520.025084673] [cartesian_streamer]: Disable Robot: dừng stream, tắt traj mode...
[INFO] [1779787520.030257347] [cartesian_streamer]: ✗ Robot DISABLED.
[INFO] [1779787595.887848902] [cartesian_streamer]: Graceful shutdown: tắt Point Queue Mode trước khi thoát...
[INFO] [1779787595.888921873] [cartesian_streamer]: Robot chưa enable, không cần stop_traj_mode.
[INFO] [1779787595.889964248] [cartesian_streamer]: Shutdown hoàn tất. Tủ điện sẽ KHÔNG bị alarm.
