[INFO] [1786521332.110237041] [experiment_logger]: Logger ready.
[INFO] [1786521535.134651244] [experiment_logger]: Trajectory mode: ergonomics
[INFO] [1786521559.346581679] [experiment_logger]: Service called: /logger/toggle with data=True
[INFO] [1786521559.347138620] [experiment_logger]: ✓ STARTED in-memory logging. Target file: /home/duy/cocarry_ws/cocarry_logs/experiment_ERGONOMICS_20260812_145919.csv
[INFO] [1786521579.282766794] [experiment_logger]: Service called: /logger/toggle with data=False
[INFO] [1786521579.283300654] [experiment_logger]: Writing 560 rows from memory to /home/duy/cocarry_ws/cocarry_logs/experiment_ERGONOMICS_20260812_145919.csv...
[INFO] [1786521579.291397209] [experiment_logger]: ✓ Successfully wrote logs to disk.
[INFO] [1786521579.292534472] [experiment_logger]: Stopped logging. Saved 560 rows to /home/duy/cocarry_ws/cocarry_logs/experiment_ERGONOMICS_20260812_145919.csv
[INFO] [1786521579.301862861] [experiment_logger]: 
============================================================
EXPERIMENT METRICS
  File: experiment_ERGONOMICS_20260812_145919.csv
  Total samples: 560
  Task completion time: 19.94 s
  --- Prediction Accuracy (over 560 samples) ---
  Avg Inference Time: 5.43 ms
  Mean Squared Error (MSE): 0.007369 m²
  Mean Absolute Error (MAE - 3D): 0.0596 m
      MAE X: 0.0136 m
      MAE Y: 0.0260 m
      MAE Z: 0.0378 m
  --- Trajectory Smoothness (Robot EE) ---
  Mean Jerk (3D): 15.0545 m/s³
      Jerk X: 2.3129 m/s³
      Jerk Y: 6.9286 m/s³
      Jerk Z: 10.3073 m/s³
  Max Jerk (3D): 177.1231 m/s³
  RMS Jerk (3D): 29.5991 m/s³
============================================================
[INFO] [1786521620.714168103] [experiment_logger]: Service called: /logger/toggle with data=True
[INFO] [1786521620.714921566] [experiment_logger]: ✓ STARTED in-memory logging. Target file: /home/duy/cocarry_ws/cocarry_logs/experiment_ERGONOMICS_20260812_150020.csv
[INFO] [1786521640.465575269] [experiment_logger]: Service called: /logger/toggle with data=False
[INFO] [1786521640.467166742] [experiment_logger]: Writing 574 rows from memory to /home/duy/cocarry_ws/cocarry_logs/experiment_ERGONOMICS_20260812_150020.csv...
[INFO] [1786521640.479736786] [experiment_logger]: ✓ Successfully wrote logs to disk.
[INFO] [1786521640.480982324] [experiment_logger]: Stopped logging. Saved 574 rows to /home/duy/cocarry_ws/cocarry_logs/experiment_ERGONOMICS_20260812_150020.csv
[INFO] [1786521640.491881118] [experiment_logger]: 
============================================================
EXPERIMENT METRICS
  File: experiment_ERGONOMICS_20260812_150020.csv
  Total samples: 574
  Task completion time: 19.75 s
  --- Prediction Accuracy (over 574 samples) ---
  Avg Inference Time: 4.29 ms
  Mean Squared Error (MSE): 0.058889 m²
  Mean Absolute Error (MAE - 3D): 0.1486 m
      MAE X: 0.0248 m
      MAE Y: 0.0992 m
      MAE Z: 0.0625 m
  --- Trajectory Smoothness (Robot EE) ---
  Mean Jerk (3D): 13.1465 m/s³
      Jerk X: 2.5249 m/s³
      Jerk Y: 7.4861 m/s³
      Jerk Z: 7.7863 m/s³
  Max Jerk (3D): 229.4023 m/s³
  RMS Jerk (3D): 29.3678 m/s³
============================================================
[INFO] [1786521672.320448681] [experiment_logger]: Service called: /logger/toggle with data=True
[INFO] [1786521672.321391112] [experiment_logger]: ✓ STARTED in-memory logging. Target file: /home/duy/cocarry_ws/cocarry_logs/experiment_ERGONOMICS_20260812_150112.csv
[INFO] [1786521691.327986722] [experiment_logger]: Service called: /logger/toggle with data=False
[INFO] [1786521691.328533623] [experiment_logger]: Writing 542 rows from memory to /home/duy/cocarry_ws/cocarry_logs/experiment_ERGONOMICS_20260812_150112.csv...
[INFO] [1786521691.336598641] [experiment_logger]: ✓ Successfully wrote logs to disk.
[INFO] [1786521691.337326951] [experiment_logger]: Stopped logging. Saved 542 rows to /home/duy/cocarry_ws/cocarry_logs/experiment_ERGONOMICS_20260812_150112.csv
[INFO] [1786521691.345295607] [experiment_logger]: 
============================================================
EXPERIMENT METRICS
  File: experiment_ERGONOMICS_20260812_150112.csv
  Total samples: 542
  Task completion time: 19.01 s
  --- Prediction Accuracy (over 542 samples) ---
  Avg Inference Time: 3.16 ms
  Mean Squared Error (MSE): 0.033971 m²
  Mean Absolute Error (MAE - 3D): 0.0956 m
      MAE X: 0.0196 m
      MAE Y: 0.0656 m
      MAE Z: 0.0377 m
  --- Trajectory Smoothness (Robot EE) ---
  Mean Jerk (3D): 18.2498 m/s³
      Jerk X: 3.3577 m/s³
      Jerk Y: 10.7238 m/s³
      Jerk Z: 11.2937 m/s³
  Max Jerk (3D): 249.2473 m/s³
  RMS Jerk (3D): 38.7195 m/s³
============================================================
[INFO] [1786521723.414047893] [experiment_logger]: Service called: /logger/toggle with data=True
[INFO] [1786521723.415346934] [experiment_logger]: ✓ STARTED in-memory logging. Target file: /home/duy/cocarry_ws/cocarry_logs/experiment_ERGONOMICS_20260812_150203.csv
[INFO] [1786521742.396875848] [experiment_logger]: Service called: /logger/toggle with data=False
[INFO] [1786521742.397557249] [experiment_logger]: Writing 536 rows from memory to /home/duy/cocarry_ws/cocarry_logs/experiment_ERGONOMICS_20260812_150203.csv...
[INFO] [1786521742.406157702] [experiment_logger]: ✓ Successfully wrote logs to disk.
[INFO] [1786521742.407202918] [experiment_logger]: Stopped logging. Saved 536 rows to /home/duy/cocarry_ws/cocarry_logs/experiment_ERGONOMICS_20260812_150203.csv
[INFO] [1786521742.415825792] [experiment_logger]: 
============================================================
EXPERIMENT METRICS
  File: experiment_ERGONOMICS_20260812_150203.csv
  Total samples: 536
  Task completion time: 18.98 s
  --- Prediction Accuracy (over 536 samples) ---
  Avg Inference Time: 4.04 ms
  Mean Squared Error (MSE): 0.023933 m²
  Mean Absolute Error (MAE - 3D): 0.0928 m
      MAE X: 0.0215 m
      MAE Y: 0.0607 m
      MAE Z: 0.0369 m
  --- Trajectory Smoothness (Robot EE) ---
  Mean Jerk (3D): 16.1564 m/s³
      Jerk X: 2.7705 m/s³
      Jerk Y: 10.4162 m/s³
      Jerk Z: 8.6281 m/s³
  Max Jerk (3D): 347.8935 m/s³
  RMS Jerk (3D): 36.6308 m/s³
============================================================
[INFO] [1786521807.181422757] [experiment_logger]: Service called: /logger/toggle with data=True
[INFO] [1786521807.181793082] [experiment_logger]: ✓ STARTED in-memory logging. Target file: /home/duy/cocarry_ws/cocarry_logs/experiment_ERGONOMICS_20260812_150327.csv
[INFO] [1786521825.016432837] [experiment_logger]: Service called: /logger/toggle with data=False
[INFO] [1786521825.017287439] [experiment_logger]: Writing 513 rows from memory to /home/duy/cocarry_ws/cocarry_logs/experiment_ERGONOMICS_20260812_150327.csv...
[INFO] [1786521825.025394069] [experiment_logger]: ✓ Successfully wrote logs to disk.
[INFO] [1786521825.026844392] [experiment_logger]: Stopped logging. Saved 513 rows to /home/duy/cocarry_ws/cocarry_logs/experiment_ERGONOMICS_20260812_150327.csv
[INFO] [1786521825.035474626] [experiment_logger]: 
============================================================
EXPERIMENT METRICS
  File: experiment_ERGONOMICS_20260812_150327.csv
  Total samples: 513
  Task completion time: 17.83 s
  --- Prediction Accuracy (over 513 samples) ---
  Avg Inference Time: 3.44 ms
  Mean Squared Error (MSE): 0.015658 m²
  Mean Absolute Error (MAE - 3D): 0.0772 m
      MAE X: 0.0156 m
      MAE Y: 0.0376 m
      MAE Z: 0.0481 m
  --- Trajectory Smoothness (Robot EE) ---
  Mean Jerk (3D): 19.2445 m/s³
      Jerk X: 3.9591 m/s³
      Jerk Y: 10.8485 m/s³
      Jerk Z: 11.4330 m/s³
  Max Jerk (3D): 532.6053 m/s³
  RMS Jerk (3D): 47.7943 m/s³
============================================================
[INFO] [1786521859.915160606] [experiment_logger]: Trajectory mode: prediction
[INFO] [1786521874.428099627] [experiment_logger]: Service called: /logger/toggle with data=True
[INFO] [1786521874.428849750] [experiment_logger]: ✓ STARTED in-memory logging. Target file: /home/duy/cocarry_ws/cocarry_logs/experiment_GRU_20260812_150434.csv
[INFO] [1786521889.885381573] [experiment_logger]: Service called: /logger/toggle with data=False
[INFO] [1786521889.885659259] [experiment_logger]: Writing 425 rows from memory to /home/duy/cocarry_ws/cocarry_logs/experiment_GRU_20260812_150434.csv...
[INFO] [1786521889.892217126] [experiment_logger]: ✓ Successfully wrote logs to disk.
[INFO] [1786521889.892855459] [experiment_logger]: Stopped logging. Saved 425 rows to /home/duy/cocarry_ws/cocarry_logs/experiment_GRU_20260812_150434.csv
[INFO] [1786521889.898760912] [experiment_logger]: 
============================================================
EXPERIMENT METRICS
  File: experiment_GRU_20260812_150434.csv
  Total samples: 425
  Task completion time: 15.46 s
  --- Prediction Accuracy (over 425 samples) ---
  Avg Inference Time: 4.42 ms
  Mean Squared Error (MSE): 0.011943 m²
  Mean Absolute Error (MAE - 3D): 0.0730 m
      MAE X: 0.0154 m
      MAE Y: 0.0300 m
      MAE Z: 0.0490 m
  --- Trajectory Smoothness (Robot EE) ---
  Mean Jerk (3D): 25.3145 m/s³
      Jerk X: 7.0436 m/s³
      Jerk Y: 16.2113 m/s³
      Jerk Z: 14.0355 m/s³
  Max Jerk (3D): 903.5021 m/s³
  RMS Jerk (3D): 81.1881 m/s³
============================================================
[INFO] [1786521923.452431877] [experiment_logger]: Service called: /logger/toggle with data=True
[INFO] [1786521923.453271353] [experiment_logger]: ✓ STARTED in-memory logging. Target file: /home/duy/cocarry_ws/cocarry_logs/experiment_GRU_20260812_150523.csv
[INFO] [1786521943.174877806] [experiment_logger]: Service called: /logger/toggle with data=False
[INFO] [1786521943.175497816] [experiment_logger]: Writing 541 rows from memory to /home/duy/cocarry_ws/cocarry_logs/experiment_GRU_20260812_150523.csv...
[INFO] [1786521943.184839808] [experiment_logger]: ✓ Successfully wrote logs to disk.
[INFO] [1786521943.186076090] [experiment_logger]: Stopped logging. Saved 541 rows to /home/duy/cocarry_ws/cocarry_logs/experiment_GRU_20260812_150523.csv
[INFO] [1786521943.197469378] [experiment_logger]: 
============================================================
EXPERIMENT METRICS
  File: experiment_GRU_20260812_150523.csv
  Total samples: 541
  Task completion time: 19.72 s
  --- Prediction Accuracy (over 541 samples) ---
  Avg Inference Time: 3.34 ms
  Mean Squared Error (MSE): 0.025583 m²
  Mean Absolute Error (MAE - 3D): 0.0996 m
      MAE X: 0.0166 m
      MAE Y: 0.0532 m
      MAE Z: 0.0539 m
  --- Trajectory Smoothness (Robot EE) ---
  Mean Jerk (3D): 19.3143 m/s³
      Jerk X: 4.4989 m/s³
      Jerk Y: 11.0549 m/s³
      Jerk Z: 11.2440 m/s³
  Max Jerk (3D): 215.5064 m/s³
  RMS Jerk (3D): 41.1225 m/s³
============================================================
[INFO] [1786521974.249006435] [experiment_logger]: Service called: /logger/toggle with data=True
[INFO] [1786521974.249615234] [experiment_logger]: ✓ STARTED in-memory logging. Target file: /home/duy/cocarry_ws/cocarry_logs/experiment_GRU_20260812_150614.csv
[INFO] [1786521990.802073447] [experiment_logger]: Service called: /logger/toggle with data=False
[INFO] [1786521990.802639170] [experiment_logger]: Writing 454 rows from memory to /home/duy/cocarry_ws/cocarry_logs/experiment_GRU_20260812_150614.csv...
[INFO] [1786521990.810843271] [experiment_logger]: ✓ Successfully wrote logs to disk.
[INFO] [1786521990.812261846] [experiment_logger]: Stopped logging. Saved 454 rows to /home/duy/cocarry_ws/cocarry_logs/experiment_GRU_20260812_150614.csv
[INFO] [1786521990.822232378] [experiment_logger]: 
============================================================
EXPERIMENT METRICS
  File: experiment_GRU_20260812_150614.csv
  Total samples: 454
  Task completion time: 16.55 s
  --- Prediction Accuracy (over 454 samples) ---
  Avg Inference Time: 5.29 ms
  Mean Squared Error (MSE): 0.030992 m²
  Mean Absolute Error (MAE - 3D): 0.1012 m
      MAE X: 0.0172 m
      MAE Y: 0.0697 m
      MAE Z: 0.0415 m
  --- Trajectory Smoothness (Robot EE) ---
  Mean Jerk (3D): 14.6886 m/s³
      Jerk X: 3.5994 m/s³
      Jerk Y: 11.7675 m/s³
      Jerk Z: 4.5154 m/s³
  Max Jerk (3D): 261.4423 m/s³
  RMS Jerk (3D): 36.1614 m/s³
============================================================
[INFO] [1786522039.101993538] [experiment_logger]: Service called: /logger/toggle with data=True
[INFO] [1786522039.102914685] [experiment_logger]: ✓ STARTED in-memory logging. Target file: /home/duy/cocarry_ws/cocarry_logs/experiment_GRU_20260812_150719.csv
[INFO] [1786522056.461249913] [experiment_logger]: Service called: /logger/toggle with data=False
[INFO] [1786522056.461877241] [experiment_logger]: Writing 482 rows from memory to /home/duy/cocarry_ws/cocarry_logs/experiment_GRU_20260812_150719.csv...
[INFO] [1786522056.470175910] [experiment_logger]: ✓ Successfully wrote logs to disk.
[INFO] [1786522056.471652285] [experiment_logger]: Stopped logging. Saved 482 rows to /home/duy/cocarry_ws/cocarry_logs/experiment_GRU_20260812_150719.csv
[INFO] [1786522056.481740289] [experiment_logger]: 
============================================================
EXPERIMENT METRICS
  File: experiment_GRU_20260812_150719.csv
  Total samples: 482
  Task completion time: 17.36 s
  --- Prediction Accuracy (over 482 samples) ---
  Avg Inference Time: 4.90 ms
  Mean Squared Error (MSE): 0.012482 m²
  Mean Absolute Error (MAE - 3D): 0.0738 m
      MAE X: 0.0154 m
      MAE Y: 0.0275 m
      MAE Z: 0.0517 m
  --- Trajectory Smoothness (Robot EE) ---
  Mean Jerk (3D): 15.7292 m/s³
      Jerk X: 4.3274 m/s³
      Jerk Y: 9.5805 m/s³
      Jerk Z: 8.1639 m/s³
  Max Jerk (3D): 207.2432 m/s³
  RMS Jerk (3D): 31.6670 m/s³
============================================================
[INFO] [1786522085.351876718] [experiment_logger]: Service called: /logger/toggle with data=True
[INFO] [1786522085.352578452] [experiment_logger]: ✓ STARTED in-memory logging. Target file: /home/duy/cocarry_ws/cocarry_logs/experiment_GRU_20260812_150805.csv
[INFO] [1786522103.007541495] [experiment_logger]: Service called: /logger/toggle with data=False
[INFO] [1786522103.008251241] [experiment_logger]: Writing 505 rows from memory to /home/duy/cocarry_ws/cocarry_logs/experiment_GRU_20260812_150805.csv...
[INFO] [1786522103.016401920] [experiment_logger]: ✓ Successfully wrote logs to disk.
[INFO] [1786522103.017244922] [experiment_logger]: Stopped logging. Saved 505 rows to /home/duy/cocarry_ws/cocarry_logs/experiment_GRU_20260812_150805.csv
[INFO] [1786522103.024549019] [experiment_logger]: 
============================================================
EXPERIMENT METRICS
  File: experiment_GRU_20260812_150805.csv
  Total samples: 505
  Task completion time: 17.66 s
  --- Prediction Accuracy (over 505 samples) ---
  Avg Inference Time: 4.97 ms
  Mean Squared Error (MSE): 0.029717 m²
  Mean Absolute Error (MAE - 3D): 0.1168 m
      MAE X: 0.0155 m
      MAE Y: 0.0715 m
      MAE Z: 0.0600 m
  --- Trajectory Smoothness (Robot EE) ---
  Mean Jerk (3D): 14.7510 m/s³
      Jerk X: 3.8066 m/s³
      Jerk Y: 9.2206 m/s³
      Jerk Z: 7.2537 m/s³
  Max Jerk (3D): 447.2259 m/s³
  RMS Jerk (3D): 41.0036 m/s³
============================================================
[INFO] [1786522135.011485271] [experiment_logger]: Service called: /logger/toggle with data=True
[INFO] [1786522135.011830283] [experiment_logger]: ✓ STARTED in-memory logging. Target file: /home/duy/cocarry_ws/cocarry_logs/experiment_GRU_20260812_150855.csv
[INFO] [1786522151.156445176] [experiment_logger]: Service called: /logger/toggle with data=False
[INFO] [1786522151.157157910] [experiment_logger]: Writing 466 rows from memory to /home/duy/cocarry_ws/cocarry_logs/experiment_GRU_20260812_150855.csv...
[INFO] [1786522151.165023390] [experiment_logger]: ✓ Successfully wrote logs to disk.
[INFO] [1786522151.166083224] [experiment_logger]: Stopped logging. Saved 466 rows to /home/duy/cocarry_ws/cocarry_logs/experiment_GRU_20260812_150855.csv
[INFO] [1786522151.174495917] [experiment_logger]: 
============================================================
EXPERIMENT METRICS
  File: experiment_GRU_20260812_150855.csv
  Total samples: 466
  Task completion time: 16.14 s
  --- Prediction Accuracy (over 466 samples) ---
  Avg Inference Time: 4.17 ms
  Mean Squared Error (MSE): 0.029917 m²
  Mean Absolute Error (MAE - 3D): 0.1107 m
      MAE X: 0.0159 m
      MAE Y: 0.0667 m
      MAE Z: 0.0549 m
  --- Trajectory Smoothness (Robot EE) ---
  Mean Jerk (3D): 20.5832 m/s³
      Jerk X: 4.5183 m/s³
      Jerk Y: 14.1574 m/s³
      Jerk Z: 8.2414 m/s³
  Max Jerk (3D): 387.1494 m/s³
  RMS Jerk (3D): 50.9107 m/s³
============================================================
[INFO] [1786522179.778827077] [experiment_logger]: Trajectory mode: ground_truth
[INFO] [1786522192.299395836] [experiment_logger]: Service called: /logger/toggle with data=True
[INFO] [1786522192.300173556] [experiment_logger]: ✓ STARTED in-memory logging. Target file: /home/duy/cocarry_ws/cocarry_logs/experiment_GROUND_TRUTH_20260812_150952.csv
[INFO] [1786522208.431910125] [experiment_logger]: Service called: /logger/toggle with data=False
[INFO] [1786522208.432787493] [experiment_logger]: Writing 446 rows from memory to /home/duy/cocarry_ws/cocarry_logs/experiment_GROUND_TRUTH_20260812_150952.csv...
[INFO] [1786522208.440181458] [experiment_logger]: ✓ Successfully wrote logs to disk.
[INFO] [1786522208.441712366] [experiment_logger]: Stopped logging. Saved 446 rows to /home/duy/cocarry_ws/cocarry_logs/experiment_GROUND_TRUTH_20260812_150952.csv
[INFO] [1786522208.450629262] [experiment_logger]: 
============================================================
EXPERIMENT METRICS
  File: experiment_GROUND_TRUTH_20260812_150952.csv
  Total samples: 446
  Task completion time: 16.13 s
  Mode: GROUND TRUTH (no prediction metrics)
  --- Trajectory Smoothness (Robot EE) ---
  Mean Jerk (3D): 15.4820 m/s³
      Jerk X: 4.2397 m/s³
      Jerk Y: 8.2210 m/s³
      Jerk Z: 9.3942 m/s³
  Max Jerk (3D): 448.0198 m/s³
  RMS Jerk (3D): 44.5257 m/s³
============================================================
[INFO] [1786522237.000016164] [experiment_logger]: Service called: /logger/toggle with data=True
[INFO] [1786522237.000422678] [experiment_logger]: ✓ STARTED in-memory logging. Target file: /home/duy/cocarry_ws/cocarry_logs/experiment_GROUND_TRUTH_20260812_151037.csv
[INFO] [1786522253.400783697] [experiment_logger]: Service called: /logger/toggle with data=False
[INFO] [1786522253.401064571] [experiment_logger]: Writing 460 rows from memory to /home/duy/cocarry_ws/cocarry_logs/experiment_GROUND_TRUTH_20260812_151037.csv...
[INFO] [1786522253.405524587] [experiment_logger]: ✓ Successfully wrote logs to disk.
[INFO] [1786522253.406129727] [experiment_logger]: Stopped logging. Saved 460 rows to /home/duy/cocarry_ws/cocarry_logs/experiment_GROUND_TRUTH_20260812_151037.csv
[INFO] [1786522253.411948454] [experiment_logger]: 
============================================================
EXPERIMENT METRICS
  File: experiment_GROUND_TRUTH_20260812_151037.csv
  Total samples: 460
  Task completion time: 16.40 s
  Mode: GROUND TRUTH (no prediction metrics)
  --- Trajectory Smoothness (Robot EE) ---
  Mean Jerk (3D): 22.2231 m/s³
      Jerk X: 3.1178 m/s³
      Jerk Y: 11.8512 m/s³
      Jerk Z: 14.4118 m/s³
  Max Jerk (3D): 402.6982 m/s³
  RMS Jerk (3D): 49.4698 m/s³
============================================================
[INFO] [1786522280.998350764] [experiment_logger]: Service called: /logger/toggle with data=True
[INFO] [1786522280.998744038] [experiment_logger]: ✓ STARTED in-memory logging. Target file: /home/duy/cocarry_ws/cocarry_logs/experiment_GROUND_TRUTH_20260812_151120.csv
[INFO] [1786522297.111300247] [experiment_logger]: Service called: /logger/toggle with data=False
[INFO] [1786522297.111930801] [experiment_logger]: Writing 464 rows from memory to /home/duy/cocarry_ws/cocarry_logs/experiment_GROUND_TRUTH_20260812_151120.csv...
[INFO] [1786522297.118065452] [experiment_logger]: ✓ Successfully wrote logs to disk.
[INFO] [1786522297.118891611] [experiment_logger]: Stopped logging. Saved 464 rows to /home/duy/cocarry_ws/cocarry_logs/experiment_GROUND_TRUTH_20260812_151120.csv
[INFO] [1786522297.125687910] [experiment_logger]: 
============================================================
EXPERIMENT METRICS
  File: experiment_GROUND_TRUTH_20260812_151120.csv
  Total samples: 464
  Task completion time: 16.11 s
  Mode: GROUND TRUTH (no prediction metrics)
  --- Trajectory Smoothness (Robot EE) ---
  Mean Jerk (3D): 18.8855 m/s³
      Jerk X: 4.2696 m/s³
      Jerk Y: 12.9119 m/s³
      Jerk Z: 8.0746 m/s³
  Max Jerk (3D): 187.3817 m/s³
  RMS Jerk (3D): 34.4087 m/s³
============================================================
[INFO] [1786522324.426701378] [experiment_logger]: Service called: /logger/toggle with data=True
[INFO] [1786522324.427323812] [experiment_logger]: ✓ STARTED in-memory logging. Target file: /home/duy/cocarry_ws/cocarry_logs/experiment_GROUND_TRUTH_20260812_151204.csv
[INFO] [1786522338.485356515] [experiment_logger]: Service called: /logger/toggle with data=False
[INFO] [1786522338.486040569] [experiment_logger]: Writing 407 rows from memory to /home/duy/cocarry_ws/cocarry_logs/experiment_GROUND_TRUTH_20260812_151204.csv...
[INFO] [1786522338.490481755] [experiment_logger]: ✓ Successfully wrote logs to disk.
[INFO] [1786522338.491039747] [experiment_logger]: Stopped logging. Saved 407 rows to /home/duy/cocarry_ws/cocarry_logs/experiment_GROUND_TRUTH_20260812_151204.csv
[INFO] [1786522338.497367526] [experiment_logger]: 
============================================================
EXPERIMENT METRICS
  File: experiment_GROUND_TRUTH_20260812_151204.csv
  Total samples: 407
  Task completion time: 14.06 s
  Mode: GROUND TRUTH (no prediction metrics)
  --- Trajectory Smoothness (Robot EE) ---
  Mean Jerk (3D): 16.2974 m/s³
      Jerk X: 3.2104 m/s³
      Jerk Y: 9.2905 m/s³
      Jerk Z: 8.8684 m/s³
  Max Jerk (3D): 183.0431 m/s³
  RMS Jerk (3D): 33.9898 m/s³
============================================================
[INFO] [1786522367.559573930] [experiment_logger]: Service called: /logger/toggle with data=True
[INFO] [1786522367.560289808] [experiment_logger]: ✓ STARTED in-memory logging. Target file: /home/duy/cocarry_ws/cocarry_logs/experiment_GROUND_TRUTH_20260812_151247.csv
[INFO] [1786522381.757181742] [experiment_logger]: Service called: /logger/toggle with data=False
[INFO] [1786522381.757951412] [experiment_logger]: Writing 408 rows from memory to /home/duy/cocarry_ws/cocarry_logs/experiment_GROUND_TRUTH_20260812_151247.csv...
[INFO] [1786522381.765539045] [experiment_logger]: ✓ Successfully wrote logs to disk.
[INFO] [1786522381.767022619] [experiment_logger]: Stopped logging. Saved 408 rows to /home/duy/cocarry_ws/cocarry_logs/experiment_GROUND_TRUTH_20260812_151247.csv
[INFO] [1786522381.777307315] [experiment_logger]: 
============================================================
EXPERIMENT METRICS
  File: experiment_GROUND_TRUTH_20260812_151247.csv
  Total samples: 408
  Task completion time: 14.20 s
  Mode: GROUND TRUTH (no prediction metrics)
  --- Trajectory Smoothness (Robot EE) ---
  Mean Jerk (3D): 21.3082 m/s³
      Jerk X: 3.4128 m/s³
      Jerk Y: 15.6191 m/s³
      Jerk Z: 9.0340 m/s³
  Max Jerk (3D): 222.8727 m/s³
  RMS Jerk (3D): 40.7105 m/s³
============================================================
[INFO] [1786522841.819818208] [experiment_logger]: Service called: /logger/toggle with data=False
[INFO] [1786522859.129210228] [experiment_logger]: Service called: /logger/toggle with data=True
[INFO] [1786522859.130172244] [experiment_logger]: ✓ STARTED in-memory logging. Target file: /home/duy/cocarry_ws/cocarry_logs/experiment_GROUND_TRUTH_20260812_152059.csv
[INFO] [1786522869.066541607] [experiment_logger]: Service called: /logger/toggle with data=False
[INFO] [1786522869.067189427] [experiment_logger]: Writing 296 rows from memory to /home/duy/cocarry_ws/cocarry_logs/experiment_GROUND_TRUTH_20260812_152059.csv...
[INFO] [1786522869.072049611] [experiment_logger]: ✓ Successfully wrote logs to disk.
[INFO] [1786522869.072566681] [experiment_logger]: Stopped logging. Saved 296 rows to /home/duy/cocarry_ws/cocarry_logs/experiment_GROUND_TRUTH_20260812_152059.csv
[INFO] [1786522869.075847129] [experiment_logger]: 
============================================================
EXPERIMENT METRICS
  File: experiment_GROUND_TRUTH_20260812_152059.csv
  Total samples: 296
  Task completion time: 9.94 s
  Mode: GROUND TRUTH (no prediction metrics)
  --- Trajectory Smoothness (Robot EE) ---
  Mean Jerk (3D): 363.9742 m/s³
      Jerk X: 70.3130 m/s³
      Jerk Y: 261.2107 m/s³
      Jerk Z: 200.9058 m/s³
  Max Jerk (3D): 3226.2549 m/s³
  RMS Jerk (3D): 681.0702 m/s³
============================================================
[INFO] [1786523159.695507406] [experiment_logger]: Trajectory mode: prediction
[INFO] [1786523170.061803597] [experiment_logger]: Service called: /logger/toggle with data=False
[INFO] [1786523207.305917338] [experiment_logger]: Service called: /logger/toggle with data=True
[INFO] [1786523207.306815005] [experiment_logger]: ✓ STARTED in-memory logging. Target file: /home/duy/cocarry_ws/cocarry_logs/experiment_GRU_20260812_152647.csv
[INFO] [1786523213.882129891] [experiment_logger]: Service called: /logger/toggle with data=False
[INFO] [1786523213.882649479] [experiment_logger]: Writing 478 rows from memory to /home/duy/cocarry_ws/cocarry_logs/experiment_GRU_20260812_152647.csv...
[INFO] [1786523213.889500602] [experiment_logger]: ✓ Successfully wrote logs to disk.
[INFO] [1786523213.890099595] [experiment_logger]: Stopped logging. Saved 478 rows to /home/duy/cocarry_ws/cocarry_logs/experiment_GRU_20260812_152647.csv
[INFO] [1786523213.894985911] [experiment_logger]: 
============================================================
EXPERIMENT METRICS
  File: experiment_GRU_20260812_152647.csv
  Total samples: 478
  Task completion time: 6.58 s
  --- Prediction Accuracy (over 478 samples) ---
  Avg Inference Time: 15.36 ms
  Mean Squared Error (MSE): 0.013595 m²
  Mean Absolute Error (MAE - 3D): 0.0991 m
      MAE X: 0.0466 m
      MAE Y: 0.0741 m
      MAE Z: 0.0250 m
  --- Trajectory Smoothness (Robot EE) ---
  Mean Jerk (3D): 452309.3080 m/s³
      Jerk X: 405866.9296 m/s³
      Jerk Y: 152461.0440 m/s³
      Jerk Z: 89601.7253 m/s³
  Max Jerk (3D): 21912304.6109 m/s³
  RMS Jerk (3D): 2746847.5388 m/s³
============================================================
[INFO] [1786523783.908675603] [experiment_logger]: Service called: /logger/toggle with data=True
[INFO] [1786523783.909501348] [experiment_logger]: ✓ STARTED in-memory logging. Target file: /home/duy/cocarry_ws/cocarry_logs/experiment_GRU_20260812_153623.csv
[INFO] [1786523797.890575010] [experiment_logger]: Service called: /logger/toggle with data=False
[INFO] [1786523797.891433013] [experiment_logger]: Writing 107 rows from memory to /home/duy/cocarry_ws/cocarry_logs/experiment_GRU_20260812_153623.csv...
[INFO] [1786523797.894467450] [experiment_logger]: ✓ Successfully wrote logs to disk.
[INFO] [1786523797.895606906] [experiment_logger]: Stopped logging. Saved 107 rows to /home/duy/cocarry_ws/cocarry_logs/experiment_GRU_20260812_153623.csv
[INFO] [1786523797.900045112] [experiment_logger]: 
============================================================
EXPERIMENT METRICS
  File: experiment_GRU_20260812_153623.csv
  Total samples: 107
  Task completion time: 13.98 s
  --- Prediction Accuracy (over 107 samples) ---
  Avg Inference Time: 0.00 ms
  Mean Squared Error (MSE): 0.000290 m²
  Mean Absolute Error (MAE - 3D): 0.0151 m
      MAE X: 0.0064 m
      MAE Y: 0.0085 m
      MAE Z: 0.0086 m
  --- Trajectory Smoothness (Robot EE) ---
  Mean Jerk (3D): 2047.0636 m/s³
      Jerk X: 123.7698 m/s³
      Jerk Y: 1823.5753 m/s³
      Jerk Z: 840.3899 m/s³
  Max Jerk (3D): 24281.6970 m/s³
  RMS Jerk (3D): 5032.3851 m/s³
============================================================
