[INFO] [1781252353.841031726] [cartesian_streamer]: CartesianStreamer khởi động (chờ Enable Robot từ UI).
  Stream rate:       15 Hz (period=66.7ms)
  Queue dt:          0.067 s
  Prebuffer points:  3
  Retry backoff:     66.0 ms
  Gửi PoseStamped lên: /cartesian_streamer/target_pose
  Gửi XYZ lên:        /cartesian_streamer/target_xyz
  Nhận EE pose tại:   /cartesian_streamer/current_pose
[INFO] [1781252354.324053181] [cartesian_streamer]: Chờ /joint_states...
[INFO] [1781252356.324122971] [cartesian_streamer]: Chờ /joint_states...
[INFO] [1781252358.328447395] [cartesian_streamer]: Chờ /joint_states...
[INFO] [1781252360.828321612] [cartesian_streamer]: Chờ /joint_states...
[INFO] [1781252363.324844366] [cartesian_streamer]: Chờ /joint_states...
[INFO] [1781252365.823997531] [cartesian_streamer]: Chờ /joint_states...
[INFO] [1781252368.323911873] [cartesian_streamer]: Chờ /joint_states...
[INFO] [1781252370.823637596] [cartesian_streamer]: Chờ /joint_states...
[INFO] [1781252373.324930717] [cartesian_streamer]: Chờ /joint_states...
[INFO] [1781252375.824958848] [cartesian_streamer]: Chờ /joint_states...
[INFO] [1781252378.324281274] [cartesian_streamer]: Chờ /joint_states...
[INFO] [1781252380.823882379] [cartesian_streamer]: Chờ /joint_states...
[INFO] [1781252383.324012492] [cartesian_streamer]: Chờ /joint_states...
[INFO] [1781252385.823660970] [cartesian_streamer]: Chờ /joint_states...
[INFO] [1781252388.323561726] [cartesian_streamer]: Chờ /joint_states...
[INFO] [1781252390.323581910] [cartesian_streamer]: Chờ /joint_states...
[INFO] [1781252392.324912740] [cartesian_streamer]: Chờ /joint_states...
[INFO] [1781252394.824117237] [cartesian_streamer]: Chờ /joint_states...
[INFO] [1781252396.824381878] [cartesian_streamer]: Chờ /joint_states...
[INFO] [1781252399.323361594] [cartesian_streamer]: Chờ /joint_states...
[INFO] [1781252401.324719033] [cartesian_streamer]: Chờ /joint_states...
[INFO] [1781252403.823525599] [cartesian_streamer]: Chờ /joint_states...
[INFO] [1781252405.824665687] [cartesian_streamer]: Chờ /joint_states...
[INFO] [1781252408.324051468] [cartesian_streamer]: Chờ /joint_states...
[INFO] [1781252409.227778262] [cartesian_streamer]: Disable Robot: dừng stream, tắt traj mode...
[INFO] [1781252409.228630358] [cartesian_streamer]: ✗ Robot DISABLED.
[INFO] [1781252410.769961737] [cartesian_streamer]: Disable Robot: dừng stream, tắt traj mode...
[INFO] [1781252410.770736567] [cartesian_streamer]: ✗ Robot DISABLED.
[INFO] [1781252410.824100306] [cartesian_streamer]: Chờ /joint_states...
[INFO] [1781252413.323483754] [cartesian_streamer]: Chờ /joint_states...
[INFO] [1781252415.324154779] [cartesian_streamer]: Chờ /joint_states...
[INFO] [1781252417.824075248] [cartesian_streamer]: Chờ /joint_states...
[INFO] [1781252420.324197546] [cartesian_streamer]: Chờ /joint_states...
[INFO] [1781252422.824019151] [cartesian_streamer]: Chờ /joint_states...
[INFO] [1781252425.323626247] [cartesian_streamer]: Chờ /joint_states...
[INFO] [1781252427.324108807] [cartesian_streamer]: Chờ /joint_states...
[INFO] [1781252429.823807407] [cartesian_streamer]: Chờ /joint_states...
[INFO] [1781252432.323936879] [cartesian_streamer]: Chờ /joint_states...
[INFO] [1781252433.632949613] [cartesian_streamer]: Nhận joint_states: ['1.571', '0.124', '-1.049', '0.000', '-0.398', '-1.444']
[WARN] [1781252434.825412046] [cartesian_streamer]: Không thể cross-validate FK (local hoặc MoveIt! FK thất bại). Local IK vẫn hoạt động nhưng CHƯA ĐƯỢC VALIDATE.
[INFO] [1781252434.826330990] [cartesian_streamer]: Đã nhận joint_states. EE hiện tại: (-0.1620, 0.2801, 0.3785). IK mode: Local DLS. Chờ Enable Robot từ UI...
[INFO] [1781252450.275403616] [cartesian_streamer]: Enable Robot: bắt đầu chuỗi khởi động...
[INFO] [1781252450.275659625] [cartesian_streamer]: Enable: reset_error...
[INFO] [1781252450.286810151] [cartesian_streamer]: reset_error: code=1, msg="success"
[INFO] [1781252450.287053044] [cartesian_streamer]: Enable: stop_traj_mode (giải phóng mode cũ)...
[INFO] [1781252450.329927932] [cartesian_streamer]: stop_traj_mode: success=True, code=N/A, msg=""
[INFO] [1781252450.330518434] [cartesian_streamer]: Enable: chờ 1.5s để hệ thống ổn định trước khi start queue...
[INFO] [1781252451.831473838] [cartesian_streamer]: Enable: StartPointQueueMode...
[INFO] [1781252484.628982818] [cartesian_streamer]: Disable Robot: dừng stream, tắt traj mode...
[INFO] [1781252484.629630217] [cartesian_streamer]: ✗ Robot DISABLED.
[INFO] [1781252526.257046234] [cartesian_streamer]: Enable Robot: bắt đầu chuỗi khởi động...
[INFO] [1781252526.257662660] [cartesian_streamer]: Enable: reset_error...
[INFO] [1781252526.268083232] [cartesian_streamer]: reset_error: code=1, msg="success"
[INFO] [1781252526.268597544] [cartesian_streamer]: Enable: stop_traj_mode (giải phóng mode cũ)...
[INFO] [1781252526.319503694] [cartesian_streamer]: stop_traj_mode: success=True, code=N/A, msg=""
[INFO] [1781252526.320033610] [cartesian_streamer]: Enable: chờ 1.5s để hệ thống ổn định trước khi start queue...
[INFO] [1781252527.820970887] [cartesian_streamer]: Enable: StartPointQueueMode...
[INFO] [1781252529.195905378] [cartesian_streamer]: StartPointQueueMode response: code=1, msg=""
[INFO] [1781252529.196431496] [cartesian_streamer]: ✓ Robot ENABLED — Point Queue Mode active. Servo ON!
[INFO] [1781252529.223367489] [cartesian_streamer]: Runtime rate: state=seeding, tick_hz=0.0, queue_send_hz=0.0, ack_hz=0.0, busy_hz=0.0, retry_count=0, reject_count=0, inter_ack_ms=0.0, max_joint_delta=0.000, cumul_time=0.00s, hold_count=0, ik_mode=Local, ik_avg_ms=0.00, ik_fails=0
[INFO] [1781252529.224817323] [cartesian_streamer]: Bootstrap EE pose via FK: (-0.1620, 0.2801, 0.3785)
[INFO] [1781252529.225547933] [cartesian_streamer]: Đang stream qua service: /queue_traj_point
[INFO] [1781252529.226402028] [cartesian_streamer]: Đã gửi seed point (current joints, t=0), chờ ACK...
[INFO] [1781252529.235703891] [cartesian_streamer]: Seed ACK nhận được, bắt đầu prebuffer.
[INFO] [1781252529.236201139] [cartesian_streamer]: Queue accepted sample#1: svc=/queue_traj_point, t_cumul=0.0000s, code=1, msg="", hold=False
[INFO] [1781252529.297502150] [cartesian_streamer]: Queue accepted sample#2: svc=/queue_traj_point, t_cumul=0.0651s, code=1, msg="", hold=True
[INFO] [1781252529.581510047] [cartesian_streamer]: Queue accepted sample#3: svc=/queue_traj_point, t_cumul=0.1308s, code=1, msg="", hold=True
[INFO] [1781252529.739790348] [cartesian_streamer]: Pre-buffer hoàn tất (3 points), bắt đầu stream ổn định. Đang chờ target...
[INFO] [1781252529.740311546] [cartesian_streamer]: Queue accepted sample#4: svc=/queue_traj_point, t_cumul=0.3308s, code=1, msg="", hold=True
[INFO] [1781252529.763042800] [cartesian_streamer]: Queue accepted sample#5: svc=/queue_traj_point, t_cumul=0.4634s, code=1, msg="", hold=True
[WARN] [1781252530.707697418] [cartesian_streamer]: Queue BUSY, sẽ resend (backoff 66ms): msg="Busy processing the previous trajectory point. Please resend the next point shortly"
[INFO] [1781252531.544752415] [cartesian_streamer]: QueueTrajPoint accepted #20: t=1.863s, hold=True
[INFO] [1781252534.223587412] [cartesian_streamer]: Runtime rate: state=streaming, tick_hz=15.0, queue_send_hz=7.8, ack_hz=7.6, busy_hz=0.2, retry_count=1, reject_count=0, inter_ack_ms=133.7, max_joint_delta=0.000, cumul_time=4.06s, hold_count=37, ik_mode=Local, ik_avg_ms=0.00, ik_fails=0
[WARN] [1781252534.757246335] [cartesian_streamer]: Service call timeout (500ms). Resetting inflight flag.
[WARN] [1781252535.290358246] [cartesian_streamer]: Service call timeout (500ms). Resetting inflight flag.
[WARN] [1781252535.824120722] [cartesian_streamer]: Service call timeout (500ms). Resetting inflight flag.
[WARN] [1781252536.356895519] [cartesian_streamer]: Service call timeout (500ms). Resetting inflight flag.
[WARN] [1781252536.890432526] [cartesian_streamer]: Service call timeout (500ms). Resetting inflight flag.
[WARN] [1781252537.423868342] [cartesian_streamer]: Service call timeout (500ms). Resetting inflight flag.
[INFO] [1781252537.442428367] [cartesian_streamer]: QueueTrajPoint accepted #40: t=4.464s, hold=True
[WARN] [1781252537.488167160] [cartesian_streamer]: Queue BUSY, sẽ resend (backoff 66ms): msg="Busy processing the previous trajectory point. Please resend the next point shortly"
[INFO] [1781252539.290223966] [cartesian_streamer]: Runtime rate: state=streaming, tick_hz=15.0, queue_send_hz=4.1, ack_hz=3.4, busy_hz=0.4, retry_count=2, reject_count=0, inter_ack_ms=297.0, max_joint_delta=0.000, cumul_time=6.86s, hold_count=57, ik_mode=Local, ik_avg_ms=0.00, ik_fails=0
[INFO] [1781252539.906638480] [cartesian_streamer]: QueueTrajPoint accepted #60: t=7.463s, hold=True
[INFO] [1781252542.438441800] [cartesian_streamer]: QueueTrajPoint accepted #80: t=9.730s, hold=True
[INFO] [1781252544.357043827] [cartesian_streamer]: Runtime rate: state=streaming, tick_hz=15.0, queue_send_hz=7.3, ack_hz=7.3, busy_hz=0.0, retry_count=0, reject_count=0, inter_ack_ms=137.3, max_joint_delta=0.000, cumul_time=11.26s, hold_count=94, ik_mode=Local, ik_avg_ms=0.00, ik_fails=0
[INFO] [1781252545.410911391] [cartesian_streamer]: QueueTrajPoint accepted #100: t=12.330s, hold=True
[INFO] [1781252548.218197340] [cartesian_streamer]: QueueTrajPoint accepted #120: t=14.730s, hold=True
[INFO] [1781252549.356990983] [cartesian_streamer]: Runtime rate: state=streaming, tick_hz=15.0, queue_send_hz=7.6, ack_hz=7.4, busy_hz=0.0, retry_count=0, reject_count=0, inter_ack_ms=131.6, max_joint_delta=0.000, cumul_time=15.86s, hold_count=132, ik_mode=Local, ik_avg_ms=0.00, ik_fails=0
[WARN] [1781252550.824034823] [cartesian_streamer]: Service call timeout (500ms). Resetting inflight flag.
[WARN] [1781252551.356721059] [cartesian_streamer]: Service call timeout (500ms). Resetting inflight flag.
[WARN] [1781252551.890369456] [cartesian_streamer]: Service call timeout (500ms). Resetting inflight flag.
[WARN] [1781252552.423516855] [cartesian_streamer]: Service call timeout (500ms). Resetting inflight flag.
[WARN] [1781252552.956545983] [cartesian_streamer]: Service call timeout (500ms). Resetting inflight flag.
[WARN] [1781252553.404188580] [cartesian_streamer]: Queue BUSY, sẽ resend (backoff 66ms): msg="Busy processing the previous trajectory point. Please resend the next point shortly"
[INFO] [1781252553.429875879] [cartesian_streamer]: QueueTrajPoint accepted #140: t=17.997s, hold=True
[INFO] [1781252554.423451608] [cartesian_streamer]: Runtime rate: state=streaming, tick_hz=15.0, queue_send_hz=3.6, ack_hz=2.8, busy_hz=0.6, retry_count=3, reject_count=0, inter_ack_ms=361.2, max_joint_delta=0.000, cumul_time=18.40s, hold_count=148, ik_mode=Local, ik_avg_ms=0.00, ik_fails=0
[INFO] [1781252556.028567063] [cartesian_streamer]: QueueTrajPoint accepted #160: t=20.064s, hold=True
[WARN] [1781252557.767529125] [cartesian_streamer]: Queue BUSY, sẽ resend (backoff 66ms): msg="Busy processing the previous trajectory point. Please resend the next point shortly"
[INFO] [1781252559.239905150] [cartesian_streamer]: QueueTrajPoint accepted #180: t=22.530s, hold=True
[INFO] [1781252559.490101738] [cartesian_streamer]: Runtime rate: state=streaming, tick_hz=15.0, queue_send_hz=7.7, ack_hz=7.7, busy_hz=0.2, retry_count=1, reject_count=0, inter_ack_ms=133.5, max_joint_delta=0.000, cumul_time=22.73s, hold_count=186, ik_mode=Local, ik_avg_ms=0.00, ik_fails=0
[WARN] [1781252560.823716882] [cartesian_streamer]: Service call timeout (500ms). Resetting inflight flag.
[WARN] [1781252561.357513275] [cartesian_streamer]: Service call timeout (500ms). Resetting inflight flag.
[WARN] [1781252561.890541956] [cartesian_streamer]: Service call timeout (500ms). Resetting inflight flag.
[WARN] [1781252562.423747799] [cartesian_streamer]: Service call timeout (500ms). Resetting inflight flag.
[WARN] [1781252562.957123472] [cartesian_streamer]: Service call timeout (500ms). Resetting inflight flag.
[WARN] [1781252563.405383618] [cartesian_streamer]: ⚠ Queue mode bị drop! Auto-recovery lần 1/3...
[INFO] [1781252563.907265408] [cartesian_streamer]: Auto-recovery: bắt đầu re-enable queue mode...
[INFO] [1781252563.907796612] [cartesian_streamer]: Enable: reset_error...
[INFO] [1781252563.912384857] [cartesian_streamer]: reset_error: code=105, msg="Pendant is not in REMOTE mode"
[INFO] [1781252563.912884791] [cartesian_streamer]: Enable: stop_traj_mode (giải phóng mode cũ)...
[INFO] [1781252563.963137373] [cartesian_streamer]: stop_traj_mode: success=True, code=N/A, msg=""
[INFO] [1781252563.963628504] [cartesian_streamer]: Enable: chờ 1.5s để hệ thống ổn định trước khi start queue...
[INFO] [1781252565.464439386] [cartesian_streamer]: Enable: StartPointQueueMode...
[INFO] [1781252565.476975947] [cartesian_streamer]: StartPointQueueMode response: code=104, msg="The teach pendant must not be in TEACH mode"
[ERROR] [1781252565.477237656] [cartesian_streamer]: StartPointQueueMode FAILED: The teach pendant must not be in TEACH mode
[INFO] [1781252604.144965327] [cartesian_streamer]: Graceful shutdown: tắt Point Queue Mode trước khi thoát...
[INFO] [1781252604.145696506] [cartesian_streamer]: Robot chưa enable, không cần stop_traj_mode.
[INFO] [1781252604.146458227] [cartesian_streamer]: Shutdown hoàn tất. Tủ điện sẽ KHÔNG bị alarm.
