[INFO] [1781086719.723998837] [trajectory_predictor]: [Predictor] Worker launched (pid=191785)
[INFO] [1781086719.726190973] [trajectory_predictor]: [Predictor] Started | model=gru | window=20 | auto_start=True
  Output Filter: enabled=True, ema_alpha=0.2, max_dev=0.08, max_rate=0.04
[WARN] [1781086721.455083225] [trajectory_predictor]: [Worker STDERR] /usr/lib/python3/dist-packages/scipy/__init__.py:146: UserWarning: A NumPy version >=1.17.3 and <1.25.0 is required for this version of SciPy (detected version 1.26.4
[WARN] [1781086721.455732634] [trajectory_predictor]: [Worker STDERR] warnings.warn(f"A NumPy version >={np_minversion} and <{np_maxversion}"
[WARN] [1781086722.769175288] [trajectory_predictor]: [Worker STDERR] /home/duy/.local/lib/python3.10/site-packages/sklearn/base.py:442: InconsistentVersionWarning: Trying to unpickle estimator MinMaxScaler from version 1.6.1 when using version 1.7.2. This might lead to breaking code or invalid results. Use at your own risk. For more info please refer to:
[INFO] [1781086722.769619333] [trajectory_predictor]: [Worker] TF 2.21.0 and sklearn loaded
[WARN] [1781086722.769775065] [trajectory_predictor]: [Worker STDERR] https://scikit-learn.org/stable/model_persistence.html#security-maintainability-limitations
[WARN] [1781086722.770011762] [trajectory_predictor]: [Worker STDERR] warnings.warn(
[INFO] [1781086723.718048546] [trajectory_predictor]: [Predictor] Worker READY | model=gru
[INFO] [1781086729.471209451] [trajectory_predictor]: [Pred HOLD ON] Tay đứng yên (std=5.7mm). Khóa tại (0.1147, -0.2990, -0.1097)
[INFO] [1781086729.471999772] [trajectory_predictor]: [Filter] raw=(0.1147,-0.2990,-0.1097) → filt=(0.1147,-0.2990,-0.1097) Δ=(0.0000,0.0000,0.0000)
[INFO] [1781086736.894779640] [trajectory_predictor]: [Filter] raw=(0.1147,-0.2990,-0.1097) → filt=(0.1147,-0.2990,-0.1097) Δ=(0.0000,0.0000,0.0000)
[INFO] [1781086746.678344618] [trajectory_predictor]: [Filter] raw=(0.1147,-0.2990,-0.1097) → filt=(0.1147,-0.2990,-0.1097) Δ=(0.0000,0.0000,0.0000)
[INFO] [1781086746.935867666] [trajectory_predictor]: [Pred HOLD OFF] Tay di chuyển (dev=15.4mm). Thả hold.
[INFO] [1781086747.193354584] [trajectory_predictor]: [Pred HOLD ON] Tay đứng yên (std=3.4mm). Khóa tại (0.1076, -0.3105, -0.1173)
[INFO] [1781086748.939518275] [trajectory_predictor]: [Pred HOLD OFF] Tay di chuyển (dev=15.0mm). Thả hold.
[INFO] [1781086749.250486504] [trajectory_predictor]: [Pred HOLD ON] Tay đứng yên (std=1.2mm). Khóa tại (0.1189, -0.3008, -0.1133)
[INFO] [1781086749.947442888] [trajectory_predictor]: [Pred HOLD OFF] Tay di chuyển (dev=15.2mm). Thả hold.
[INFO] [1781086750.194717189] [trajectory_predictor]: [Pred HOLD ON] Tay đứng yên (std=1.1mm). Khóa tại (0.1030, -0.2947, -0.1115)
[INFO] [1781086751.515093191] [trajectory_predictor]: [Pred HOLD OFF] Tay di chuyển (dev=15.5mm). Thả hold.
[INFO] [1781086751.935374041] [trajectory_predictor]: [Filter] raw=(0.1576,0.0135,-0.0457) → filt=(0.1380,-0.2931,-0.0535) Δ=(0.0196,0.3066,0.0078)
[INFO] [1781086754.211424664] [trajectory_predictor]: [Pred HOLD ON] Tay đứng yên (std=5.4mm). Khóa tại (-0.0230, -0.7805, -0.1350)
[INFO] [1781086754.496685458] [trajectory_predictor]: [Pred HOLD OFF] Tay di chuyển (dev=15.9mm). Thả hold.
[INFO] [1781086754.739489505] [trajectory_predictor]: [Pred HOLD ON] Tay đứng yên (std=1.4mm). Khóa tại (-0.0398, -0.7846, -0.1239)
[INFO] [1781086757.259160057] [trajectory_predictor]: [Pred HOLD OFF] Tay di chuyển (dev=15.7mm). Thả hold.
[INFO] [1781086757.720093117] [trajectory_predictor]: [Pred HOLD ON] Tay đứng yên (std=3.3mm). Khóa tại (-0.0658, -0.7974, -0.1001)
[INFO] [1781086758.458391320] [trajectory_predictor]: [Pred HOLD OFF] Tay di chuyển (dev=16.9mm). Thả hold.
[INFO] [1781086758.732016169] [trajectory_predictor]: [Pred HOLD ON] Tay đứng yên (std=2.6mm). Khóa tại (-0.0556, -0.7812, -0.1145)
[INFO] [1781086759.169610838] [trajectory_predictor]: [Pred HOLD OFF] Tay di chuyển (dev=15.6mm). Thả hold.
[INFO] [1781086759.391199172] [trajectory_predictor]: [Pred HOLD ON] Tay đứng yên (std=1.6mm). Khóa tại (-0.0432, -0.7731, -0.1298)
[INFO] [1781086761.294346449] [trajectory_predictor]: [Pred HOLD OFF] Tay di chuyển (dev=67.4mm). Thả hold.
[INFO] [1781086761.575619973] [trajectory_predictor]: [Filter] raw=(0.1370,0.2472,0.0506) → filt=(0.0048,-0.7251,-0.0818) Δ=(0.1322,0.9723,0.1324)
[INFO] [1781086761.924702879] [trajectory_predictor]: [Pred HOLD ON] Tay đứng yên (std=1.4mm). Khóa tại (0.0005, 0.0005, 0.0006)
[INFO] [1781086767.208143522] [trajectory_predictor]: [Filter] raw=(0.0005,0.0005,0.0006) → filt=(0.0005,0.0005,0.0006) Δ=(0.0000,0.0000,0.0000)
[INFO] [1781086767.581557807] [trajectory_predictor]: [Predictor] Predicting STOPPED
[INFO] [1781086768.667937980] [trajectory_predictor]: [Pred HOLD OFF] Tay di chuyển (dev=15.2mm). Thả hold.
[INFO] [1781086769.505388682] [trajectory_predictor]: [Pred HOLD ON] Tay đứng yên (std=1.7mm). Khóa tại (0.0737, -0.0036, -0.0051)
[INFO] [1781086773.348626549] [trajectory_predictor]: [Filter] raw=(0.0737,-0.0036,-0.0051) → filt=(0.0737,-0.0036,-0.0051) Δ=(0.0000,0.0000,0.0000)
[INFO] [1781086778.695220752] [trajectory_predictor]: [Filter] raw=(0.0737,-0.0036,-0.0051) → filt=(0.0737,-0.0036,-0.0051) Δ=(0.0000,0.0000,0.0000)
[INFO] [1781086781.513736327] [trajectory_predictor]: [Pred HOLD OFF] Tay di chuyển (dev=17.1mm). Thả hold.
[INFO] [1781086782.305512820] [trajectory_predictor]: [Pred HOLD ON] Tay đứng yên (std=4.1mm). Khóa tại (0.0684, 0.0488, 0.0460)
[INFO] [1781086782.621642687] [trajectory_predictor]: [Pred HOLD OFF] Tay di chuyển (dev=15.7mm). Thả hold.
[INFO] [1781086782.677502277] [trajectory_predictor]: [Predictor] Predicting STARTED
[INFO] [1781086782.981305987] [trajectory_predictor]: [Pred HOLD ON] Tay đứng yên (std=2.3mm). Khóa tại (0.0662, 0.0588, 0.0702)
[INFO] [1781086783.660336286] [trajectory_predictor]: [Pred HOLD OFF] Tay di chuyển (dev=17.2mm). Thả hold.
[INFO] [1781086785.819011396] [trajectory_predictor]: [Filter] raw=(0.0683,0.3809,0.2463) → filt=(0.0725,0.2341,0.2093) Δ=(0.0042,0.1468,0.0370)
[INFO] [1781086794.314851372] [trajectory_predictor]: [Pred HOLD ON] Tay đứng yên (std=2.5mm). Khóa tại (-0.1098, -0.2804, 0.0083)
[INFO] [1781086794.539531839] [trajectory_predictor]: [Filter] raw=(-0.1098,-0.2804,0.0083) → filt=(-0.1098,-0.2804,0.0083) Δ=(0.0000,0.0000,0.0000)
[INFO] [1781086796.202071837] [trajectory_predictor]: [Pred HOLD OFF] Tay di chuyển (dev=15.6mm). Thả hold.
[INFO] [1781086802.906215052] [trajectory_predictor]: [Pred HOLD ON] Tay đứng yên (std=4.0mm). Khóa tại (-0.0379, 0.1212, 0.1254)
[INFO] [1781086804.036065773] [trajectory_predictor]: [Filter] raw=(-0.0379,0.1212,0.1254) → filt=(-0.0379,0.1212,0.1254) Δ=(0.0000,0.0000,0.0000)
[INFO] [1781086804.194277398] [trajectory_predictor]: [Pred HOLD OFF] Tay di chuyển (dev=15.4mm). Thả hold.
[INFO] [1781086808.806483988] [trajectory_predictor]: [Pred HOLD ON] Tay đứng yên (std=2.9mm). Khóa tại (0.2096, 0.1632, 0.0631)
[INFO] [1781086809.541087249] [trajectory_predictor]: [Pred HOLD OFF] Tay di chuyển (dev=15.2mm). Thả hold.
[INFO] [1781086809.831793684] [trajectory_predictor]: [Pred HOLD ON] Tay đứng yên (std=3.4mm). Khóa tại (0.1997, 0.1603, 0.0773)
[INFO] [1781086812.168153094] [trajectory_predictor]: [Filter] raw=(0.1997,0.1603,0.0773) → filt=(0.1997,0.1603,0.0773) Δ=(0.0000,0.0000,0.0000)
[INFO] [1781086815.471230686] [trajectory_predictor]: [Pred HOLD OFF] Tay di chuyển (dev=15.4mm). Thả hold.
[INFO] [1781086815.868048293] [trajectory_predictor]: [Pred HOLD ON] Tay đứng yên (std=4.1mm). Khóa tại (0.2138, 0.1600, 0.0751)
[INFO] [1781086818.217575393] [trajectory_predictor]: [Pred HOLD OFF] Tay di chuyển (dev=15.2mm). Thả hold.
[INFO] [1781086818.608258891] [trajectory_predictor]: [Pred HOLD ON] Tay đứng yên (std=2.5mm). Khóa tại (0.2228, 0.1725, 0.0749)
[INFO] [1781086819.110895919] [trajectory_predictor]: [Filter] raw=(0.2228,0.1725,0.0749) → filt=(0.2228,0.1725,0.0749) Δ=(0.0000,0.0000,0.0000)
[INFO] [1781086820.538751459] [trajectory_predictor]: [Pred HOLD OFF] Tay di chuyển (dev=15.6mm). Thả hold.
[INFO] [1781086820.903617702] [trajectory_predictor]: [Pred HOLD ON] Tay đứng yên (std=4.4mm). Khóa tại (0.2135, 0.1608, 0.0784)
[INFO] [1781086821.129032476] [trajectory_predictor]: [Pred HOLD OFF] Tay di chuyển (dev=15.1mm). Thả hold.
[INFO] [1781086823.778010361] [trajectory_predictor]: [Pred HOLD ON] Tay đứng yên (std=2.1mm). Khóa tại (0.0241, -0.0869, 0.0442)
[INFO] [1781086825.645518066] [trajectory_predictor]: [Pred HOLD OFF] Tay di chuyển (dev=15.1mm). Thả hold.
[INFO] [1781086826.013919209] [trajectory_predictor]: [Pred HOLD ON] Tay đứng yên (std=2.0mm). Khóa tại (0.0178, -0.0920, 0.0285)
[INFO] [1781086826.383686530] [trajectory_predictor]: [Pred HOLD OFF] Tay di chuyển (dev=18.6mm). Thả hold.
[INFO] [1781086826.964553936] [trajectory_predictor]: [Filter] raw=(0.0100,0.2271,0.2768) → filt=(0.0290,-0.0360,0.0845) Δ=(0.0189,0.2631,0.1923)
[INFO] [1781086829.366390482] [trajectory_predictor]: [Pred HOLD ON] Tay đứng yên (std=1.6mm). Khóa tại (-0.1736, 0.2972, 0.0501)
[INFO] [1781086831.944476143] [trajectory_predictor]: [Pred HOLD OFF] Tay di chuyển (dev=16.4mm). Thả hold.
[INFO] [1781086834.558729394] [trajectory_predictor]: [Filter] raw=(0.1118,0.1929,0.0820) → filt=(-0.0237,0.2626,0.0848) Δ=(0.1355,0.0697,0.0028)
[INFO] [1781086836.391210190] [trajectory_predictor]: [Pred HOLD ON] Tay đứng yên (std=3.8mm). Khóa tại (0.1452, 0.4224, 0.0186)
[INFO] [1781086837.030677370] [trajectory_predictor]: [Pred HOLD OFF] Tay di chuyển (dev=15.4mm). Thả hold.
[WARN] [1781086837.360361618] [trajectory_predictor]: [Worker STDERR] Traceback (most recent call last):
[WARN] [1781086837.361261901] [trajectory_predictor]: [Worker STDERR] File "/home/duy/cocarry_ws/build/trajectory_predictor/trajectory_predictor/inference_worker.py", line 255, in <module>
[WARN] [1781086837.362190642] [trajectory_predictor]: [Worker STDERR] main()
[WARN] [1781086837.362968011] [trajectory_predictor]: [Worker STDERR] File "/home/duy/cocarry_ws/build/trajectory_predictor/trajectory_predictor/inference_worker.py", line 190, in main
[WARN] [1781086837.363853540] [trajectory_predictor]: [Worker STDERR] for line in sys.stdin:
[WARN] [1781086837.364658484] [trajectory_predictor]: [Worker STDERR] KeyboardInterrupt
