[INFO] [1781232857.979741521] [cartesian_streamer]: CartesianStreamer khởi động (chờ Enable Robot từ UI).
  Stream rate:       15 Hz (period=66.7ms)
  Queue dt:          0.067 s
  Prebuffer points:  3
  Retry backoff:     66.0 ms
  Gửi PoseStamped lên: /cartesian_streamer/target_pose
  Gửi XYZ lên:        /cartesian_streamer/target_xyz
  Nhận EE pose tại:   /cartesian_streamer/current_pose
[INFO] [1781232857.986467312] [cartesian_streamer]: Nhận joint_states: ['1.571', '0.124', '-1.022', '0.000', '-0.398', '0.000']
[WARN] [1781232859.464251535] [cartesian_streamer]: Không thể cross-validate FK (local hoặc MoveIt! FK thất bại). Local IK vẫn hoạt động nhưng CHƯA ĐƯỢC VALIDATE.
[INFO] [1781232859.465202791] [cartesian_streamer]: Đã nhận joint_states. EE hiện tại: (-0.1620, 0.2959, 0.3840). IK mode: Local DLS. Chờ Enable Robot từ UI...
[INFO] [1781232883.938017400] [cartesian_streamer]: Enable Robot: bắt đầu chuỗi khởi động...
[INFO] [1781232883.938516588] [cartesian_streamer]: Enable: reset_error...
[INFO] [1781232883.944147211] [cartesian_streamer]: reset_error: code=1, msg="success"
[INFO] [1781232883.944575058] [cartesian_streamer]: Enable: stop_traj_mode (giải phóng mode cũ)...
[INFO] [1781232883.987444656] [cartesian_streamer]: stop_traj_mode: success=True, code=N/A, msg=""
[INFO] [1781232883.987863596] [cartesian_streamer]: Enable: chờ 1.5s để hệ thống ổn định trước khi start queue...
[INFO] [1781232885.488918619] [cartesian_streamer]: Enable: StartPointQueueMode...
[INFO] [1781232886.831879467] [cartesian_streamer]: StartPointQueueMode response: code=1, msg=""
[INFO] [1781232886.832348600] [cartesian_streamer]: ✓ Robot ENABLED — Point Queue Mode active. Servo ON!
[INFO] [1781232886.895984902] [cartesian_streamer]: Runtime rate: state=seeding, tick_hz=0.0, queue_send_hz=0.0, ack_hz=0.0, busy_hz=0.0, retry_count=0, reject_count=0, inter_ack_ms=0.0, max_joint_delta=0.000, cumul_time=0.00s, hold_count=0, ik_mode=Local, ik_avg_ms=0.00, ik_fails=0
[INFO] [1781232886.896642413] [cartesian_streamer]: Bootstrap EE pose via FK: (-0.1620, 0.2959, 0.3839)
[INFO] [1781232886.896973624] [cartesian_streamer]: Đang stream qua service: /queue_traj_point
[INFO] [1781232886.897457693] [cartesian_streamer]: Đã gửi seed point (current joints, t=0), chờ ACK...
[INFO] [1781232886.962764970] [cartesian_streamer]: Bootstrap EE pose via FK: (-0.1620, 0.2959, 0.3839)
[INFO] [1781232887.014626291] [cartesian_streamer]: Seed ACK nhận được, bắt đầu prebuffer.
[INFO] [1781232887.014894724] [cartesian_streamer]: Queue accepted sample#1: svc=/queue_traj_point, t_cumul=0.0000s, code=1, msg="", hold=False
[INFO] [1781232887.159745955] [cartesian_streamer]: Queue accepted sample#2: svc=/queue_traj_point, t_cumul=0.1319s, code=1, msg="", hold=True
[INFO] [1781232887.188791684] [cartesian_streamer]: Queue accepted sample#3: svc=/queue_traj_point, t_cumul=0.2643s, code=1, msg="", hold=True
[INFO] [1781232887.554637079] [cartesian_streamer]: Pre-buffer hoàn tất (3 points), bắt đầu stream ổn định. Đang chờ target...
[INFO] [1781232887.555271581] [cartesian_streamer]: Queue accepted sample#4: svc=/queue_traj_point, t_cumul=0.3317s, code=1, msg="", hold=True
[INFO] [1781232887.687945710] [cartesian_streamer]: Queue accepted sample#5: svc=/queue_traj_point, t_cumul=0.5317s, code=1, msg="", hold=True
[INFO] [1781232890.083803861] [cartesian_streamer]: QueueTrajPoint accepted #20: t=2.332s, hold=True
[INFO] [1781232890.098148420] [cartesian_streamer]: IK OK → Δmax=0.0066 rad, joints: [1.566, 0.128, -1.016, -0.000, -0.401, 0.005]
[WARN] [1781232890.162790561] [cartesian_streamer]: QueueTrajPoint đã được accept nhưng joint_states hầu như không đổi. Kiểm tra: 1) Robot ở mode AUTO? 2) Servo ON? 3) E-stop cleared?
[INFO] [1781232891.895678257] [cartesian_streamer]: Runtime rate: state=streaming, tick_hz=15.0, queue_send_hz=6.8, ack_hz=6.8, busy_hz=0.0, retry_count=0, reject_count=0, inter_ack_ms=146.6, max_joint_delta=0.015, cumul_time=3.93s, hold_count=0, ik_mode=Local, ik_avg_ms=0.52, ik_fails=0
[INFO] [1781232892.162982516] [cartesian_streamer]: IK OK → Δmax=0.0000 rad, joints: [1.570, 0.124, -1.023, -0.000, -0.398, 0.000]
[WARN] [1781232892.898297026] [cartesian_streamer]: Service call timeout (500ms). Resetting inflight flag.
[WARN] [1781232893.430204807] [cartesian_streamer]: Service call timeout (500ms). Resetting inflight flag.
[WARN] [1781232893.964767398] [cartesian_streamer]: Service call timeout (500ms). Resetting inflight flag.
[INFO] [1781232894.166703941] [cartesian_streamer]: IK OK → Δmax=0.0589 rad, joints: [1.551, 0.105, -0.983, -0.001, -0.457, 0.021]
[WARN] [1781232894.496780938] [cartesian_streamer]: Service call timeout (500ms). Resetting inflight flag.
[INFO] [1781232894.696631089] [cartesian_streamer]: IK delta clamped → joints: [1.511, 0.084, -0.969, -0.003, -0.488, 0.063]
[WARN] [1781232895.030631180] [cartesian_streamer]: Service call timeout (500ms). Resetting inflight flag.
[INFO] [1781232895.559369732] [cartesian_streamer]: QueueTrajPoint accepted #40: t=5.068s, hold=False
[WARN] [1781232895.797348904] [cartesian_streamer]: Queue BUSY, sẽ resend (backoff 66ms): msg="Busy processing the previous trajectory point. Please resend the next point shortly"
[INFO] [1781232896.229537077] [cartesian_streamer]: IK OK → Δmax=0.0314 rad, joints: [1.571, 0.124, -1.022, -0.000, -0.398, 0.000]
[INFO] [1781232896.962492223] [cartesian_streamer]: Runtime rate: state=streaming, tick_hz=15.0, queue_send_hz=3.9, ack_hz=3.2, busy_hz=0.4, retry_count=2, reject_count=0, inter_ack_ms=316.0, max_joint_delta=0.090, cumul_time=6.54s, hold_count=0, ik_mode=Local, ik_avg_ms=1.03, ik_fails=0
[WARN] [1781232897.902520593] [cartesian_streamer]: Queue BUSY, sẽ resend (backoff 66ms): msg="Busy processing the previous trajectory point. Please resend the next point shortly"
[INFO] [1781232898.150640593] [cartesian_streamer]: QueueTrajPoint accepted #60: t=7.466s, hold=False
[INFO] [1781232898.230432660] [cartesian_streamer]: IK OK → Δmax=0.0062 rad, joints: [1.549, 0.122, -0.977, -0.001, -0.445, 0.023]
[INFO] [1781232900.296358323] [cartesian_streamer]: IK OK → Δmax=0.0037 rad, joints: [1.518, 0.198, -0.891, -0.003, -0.456, 0.056]
[INFO] [1781232900.836208465] [cartesian_streamer]: QueueTrajPoint accepted #80: t=9.863s, hold=False
[INFO] [1781232902.030006059] [cartesian_streamer]: Runtime rate: state=streaming, tick_hz=15.0, queue_send_hz=8.3, ack_hz=8.1, busy_hz=0.2, retry_count=1, reject_count=0, inter_ack_ms=123.4, max_joint_delta=0.057, cumul_time=11.00s, hold_count=0, ik_mode=Local, ik_avg_ms=1.18, ik_fails=0
[INFO] [1781232902.362405647] [cartesian_streamer]: IK OK → Δmax=0.0095 rad, joints: [1.368, 0.212, -0.705, -0.009, -0.629, 0.210]
[INFO] [1781232902.707109298] [cartesian_streamer]: QueueTrajPoint accepted #100: t=11.728s, hold=False
[INFO] [1781232904.363701030] [cartesian_streamer]: IK OK → Δmax=0.0068 rad, joints: [1.226, 0.254, -0.518, -0.013, -0.774, 0.353]
[INFO] [1781232904.508379099] [cartesian_streamer]: QueueTrajPoint accepted #120: t=13.528s, hold=False
[INFO] [1781232906.363805783] [cartesian_streamer]: IK OK → Δmax=0.0078 rad, joints: [1.110, 0.277, -0.457, -0.016, -0.813, 0.472]
[INFO] [1781232906.614553367] [cartesian_streamer]: QueueTrajPoint accepted #140: t=15.528s, hold=False
[INFO] [1781232907.029248178] [cartesian_streamer]: Runtime rate: state=streaming, tick_hz=15.0, queue_send_hz=10.4, ack_hz=10.2, busy_hz=0.0, retry_count=0, reject_count=0, inter_ack_ms=97.2, max_joint_delta=0.027, cumul_time=15.93s, hold_count=0, ik_mode=Local, ik_avg_ms=1.23, ik_fails=0
[INFO] [1781232908.364127022] [cartesian_streamer]: IK OK → Δmax=0.0156 rad, joints: [1.044, 0.345, -0.294, -0.017, -0.909, 0.537]
[INFO] [1781232908.791886344] [cartesian_streamer]: QueueTrajPoint accepted #160: t=17.530s, hold=False
[INFO] [1781232910.431699737] [cartesian_streamer]: IK OK → Δmax=0.0619 rad, joints: [0.985, 0.441, -0.160, -0.018, -0.947, 0.596]
[WARN] [1781232910.570178290] [cartesian_streamer]: Queue BUSY, sẽ resend (backoff 66ms): msg="Busy processing the previous trajectory point. Please resend the next point shortly"
[INFO] [1781232911.682015192] [cartesian_streamer]: QueueTrajPoint accepted #180: t=20.004s, hold=False
[INFO] [1781232912.029153801] [cartesian_streamer]: Runtime rate: state=streaming, tick_hz=15.0, queue_send_hz=8.0, ack_hz=7.8, busy_hz=0.2, retry_count=1, reject_count=0, inter_ack_ms=128.3, max_joint_delta=0.064, cumul_time=20.34s, hold_count=0, ik_mode=Local, ik_avg_ms=1.29, ik_fails=0
[INFO] [1781232912.496063840] [cartesian_streamer]: IK OK → Δmax=0.0059 rad, joints: [0.919, 0.553, -0.040, -0.020, -0.957, 0.663]
[WARN] [1781232913.700888536] [cartesian_streamer]: ⚠ Queue mode bị drop! Auto-recovery lần 1/3...
[INFO] [1781232914.201835288] [cartesian_streamer]: Auto-recovery: bắt đầu re-enable queue mode...
[INFO] [1781232914.202366266] [cartesian_streamer]: Enable: reset_error...
[INFO] [1781232914.324423986] [cartesian_streamer]: reset_error: code=1, msg="success"
[INFO] [1781232914.325005761] [cartesian_streamer]: Enable: stop_traj_mode (giải phóng mode cũ)...
[INFO] [1781232914.379538484] [cartesian_streamer]: stop_traj_mode: success=True, code=N/A, msg=""
[INFO] [1781232914.380091747] [cartesian_streamer]: Enable: chờ 1.5s để hệ thống ổn định trước khi start queue...
[INFO] [1781232915.881018390] [cartesian_streamer]: Enable: StartPointQueueMode...
[INFO] [1781232915.909989706] [cartesian_streamer]: StartPointQueueMode response: code=103, msg="The controller is in E-Stop"
[ERROR] [1781232915.910503043] [cartesian_streamer]: StartPointQueueMode FAILED: The controller is in E-Stop
[INFO] [1781232920.144755387] [cartesian_streamer]: Disable Robot: dừng stream, tắt traj mode...
[INFO] [1781232920.145980592] [cartesian_streamer]: ✗ Robot DISABLED.
[INFO] [1781233300.543671480] [cartesian_streamer]: Graceful shutdown: tắt Point Queue Mode trước khi thoát...
[INFO] [1781233300.544124363] [cartesian_streamer]: Robot chưa enable, không cần stop_traj_mode.
[INFO] [1781233300.544533248] [cartesian_streamer]: Shutdown hoàn tất. Tủ điện sẽ KHÔNG bị alarm.
