[INFO] [1779943481.784556681] [trajectory_predictor]: [Predictor] Worker launched (pid=36266)
[INFO] [1779943481.785345431] [trajectory_predictor]: [Predictor] Started | model=gru | window=20 | auto_start=True
  Output Filter: enabled=True, ema_alpha=0.2, max_dev=0.08, max_rate=0.04
[WARN] [1779943483.438997355] [trajectory_predictor]: [Worker STDERR] /usr/lib/python3/dist-packages/scipy/__init__.py:146: UserWarning: A NumPy version >=1.17.3 and <1.25.0 is required for this version of SciPy (detected version 1.26.4
[WARN] [1779943483.439263352] [trajectory_predictor]: [Worker STDERR] warnings.warn(f"A NumPy version >={np_minversion} and <{np_maxversion}"
[WARN] [1779943484.539448049] [trajectory_predictor]: [Worker STDERR] /home/duy/.local/lib/python3.10/site-packages/sklearn/base.py:442: InconsistentVersionWarning: Trying to unpickle estimator MinMaxScaler from version 1.6.1 when using version 1.7.2. This might lead to breaking code or invalid results. Use at your own risk. For more info please refer to:
[INFO] [1779943484.541021813] [trajectory_predictor]: [Worker] TF 2.21.0 and sklearn loaded
[WARN] [1779943484.541109071] [trajectory_predictor]: [Worker STDERR] https://scikit-learn.org/stable/model_persistence.html#security-maintainability-limitations
[WARN] [1779943484.541548710] [trajectory_predictor]: [Worker STDERR] warnings.warn(
[INFO] [1779943485.445848770] [trajectory_predictor]: [Predictor] Worker READY | model=gru
[INFO] [1779943491.690624244] [trajectory_predictor]: [Filter] raw=(0.4362,0.1972,-0.1054) → filt=(0.4362,-1.7180,-0.1572) Δ=(0.0000,1.9152,0.0519)
[INFO] [1779943498.012296405] [trajectory_predictor]: [Filter] raw=(0.4151,0.1918,-0.1067) → filt=(0.4184,-1.7015,-0.1580) Δ=(0.0033,1.8933,0.0512)
[INFO] [1779943505.460451835] [trajectory_predictor]: [Filter] raw=(0.1503,0.0708,0.1058) → filt=(0.1673,-1.8088,0.0475) Δ=(0.0170,1.8796,0.0583)
[INFO] [1779943511.689479282] [trajectory_predictor]: [Predictor] Predicting STOPPED
[INFO] [1779943516.148568395] [trajectory_predictor]: [Pred HOLD ON] Tay đứng yên (std=5.5mm). Khóa tại (0.0580, -0.0033, 0.0084)
[INFO] [1779943517.012114457] [trajectory_predictor]: [Pred HOLD OFF] Tay di chuyển (dev=15.7mm). Thả hold.
[INFO] [1779943520.955736247] [trajectory_predictor]: [Predictor] Auto-enabled prediction mode via /trajectory_mode
[INFO] [1779943521.281635466] [trajectory_predictor]: [Filter] raw=(0.0851,0.0375,0.0324) → filt=(0.0764,0.0420,0.0277) Δ=(0.0087,0.0045,0.0047)
[INFO] [1779943527.941169259] [trajectory_predictor]: [Pred HOLD ON] Tay đứng yên (std=5.9mm). Khóa tại (0.0756, 0.0038, 0.0096)
[INFO] [1779943528.373062752] [trajectory_predictor]: [Filter] raw=(0.0756,0.0038,0.0096) → filt=(0.0756,0.0038,0.0096) Δ=(0.0000,0.0000,0.0000)
[INFO] [1779943529.749971312] [trajectory_predictor]: [Predictor] Predicting STARTED
[INFO] [1779943529.996209369] [trajectory_predictor]: [Pred HOLD OFF] Tay di chuyển (dev=18.4mm). Thả hold.
[INFO] [1779943536.176005371] [trajectory_predictor]: [Filter] raw=(0.2636,0.6075,0.1213) → filt=(0.2642,0.6418,0.1294) Δ=(0.0006,0.0342,0.0081)
[INFO] [1779943536.965872542] [trajectory_predictor]: [Pred HOLD ON] Tay đứng yên (std=4.9mm). Khóa tại (0.1834, 0.5684, 0.0622)
[INFO] [1779943539.437615942] [trajectory_predictor]: [Pred HOLD OFF] Tay di chuyển (dev=15.1mm). Thả hold.
[INFO] [1779943539.667655135] [trajectory_predictor]: [Pred HOLD ON] Tay đứng yên (std=5.4mm). Khóa tại (0.1848, 0.5689, 0.0793)
[INFO] [1779943542.518260881] [trajectory_predictor]: [Pred HOLD OFF] Tay di chuyển (dev=15.2mm). Thả hold.
[INFO] [1779943542.694750297] [trajectory_predictor]: [Pred HOLD ON] Tay đứng yên (std=2.7mm). Khóa tại (0.1957, 0.5694, 0.0921)
[INFO] [1779943543.571192309] [trajectory_predictor]: [Filter] raw=(0.1957,0.5694,0.0921) → filt=(0.1957,0.5694,0.0921) Δ=(0.0000,0.0000,0.0000)
[INFO] [1779943545.879453816] [trajectory_predictor]: [Pred HOLD OFF] Tay di chuyển (dev=15.8mm). Thả hold.
[INFO] [1779943551.435833762] [trajectory_predictor]: [Filter] raw=(0.0622,0.1355,0.0563) → filt=(0.0577,0.1251,0.0531) Δ=(0.0045,0.0104,0.0033)
[INFO] [1779943551.946834347] [trajectory_predictor]: [Pred HOLD ON] Tay đứng yên (std=5.8mm). Khóa tại (0.0641, 0.1558, 0.0376)
[INFO] [1779943554.777969590] [trajectory_predictor]: [Pred HOLD OFF] Tay di chuyển (dev=15.4mm). Thả hold.
[INFO] [1779943558.466680326] [trajectory_predictor]: [Filter] raw=(0.2319,0.6958,0.1480) → filt=(0.2311,0.6851,0.1457) Δ=(0.0008,0.0107,0.0024)
[INFO] [1779943559.134714488] [trajectory_predictor]: [Pred HOLD ON] Tay đứng yên (std=2.2mm). Khóa tại (0.1919, 0.6384, 0.1183)
[INFO] [1779943561.811710811] [trajectory_predictor]: [Pred HOLD OFF] Tay di chuyển (dev=17.9mm). Thả hold.
[INFO] [1779943565.488834397] [trajectory_predictor]: [Filter] raw=(-0.0762,0.5450,0.1706) → filt=(-0.0726,0.5376,0.1766) Δ=(0.0036,0.0074,0.0060)
[INFO] [1779943565.940116850] [trajectory_predictor]: [Pred HOLD ON] Tay đứng yên (std=6.0mm). Khóa tại (-0.0691, 0.5572, 0.1682)
[INFO] [1779943567.006629117] [trajectory_predictor]: [Pred HOLD OFF] Tay di chuyển (dev=15.1mm). Thả hold.
[INFO] [1779943567.179762144] [trajectory_predictor]: [Pred HOLD ON] Tay đứng yên (std=4.6mm). Khóa tại (-0.0655, 0.5742, 0.1715)
[INFO] [1779943567.753703998] [trajectory_predictor]: [Pred HOLD OFF] Tay di chuyển (dev=15.4mm). Thả hold.
[INFO] [1779943572.005743068] [trajectory_predictor]: [Pred HOLD ON] Tay đứng yên (std=4.1mm). Khóa tại (0.0281, 0.2073, 0.0910)
[INFO] [1779943572.754885307] [trajectory_predictor]: [Filter] raw=(0.0281,0.2073,0.0910) → filt=(0.0281,0.2073,0.0910) Δ=(0.0000,0.0000,0.0000)
[INFO] [1779943574.053553211] [trajectory_predictor]: [Pred HOLD OFF] Tay di chuyển (dev=15.2mm). Thả hold.
[INFO] [1779943574.744302955] [trajectory_predictor]: [Pred HOLD ON] Tay đứng yên (std=4.2mm). Khóa tại (0.0359, 0.2197, 0.0997)
[INFO] [1779943575.036893660] [trajectory_predictor]: [Pred HOLD OFF] Tay di chuyển (dev=15.4mm). Thả hold.
[INFO] [1779943578.786149776] [trajectory_predictor]: [Pred HOLD ON] Tay đứng yên (std=6.0mm). Khóa tại (0.3107, 0.6302, 0.1545)
[INFO] [1779943579.036564399] [trajectory_predictor]: [Pred HOLD OFF] Tay di chuyển (dev=15.2mm). Thả hold.
[INFO] [1779943579.203532500] [trajectory_predictor]: [Pred HOLD ON] Tay đứng yên (std=3.5mm). Khóa tại (0.2992, 0.6316, 0.1352)
[INFO] [1779943579.952958824] [trajectory_predictor]: [Filter] raw=(0.2992,0.6316,0.1352) → filt=(0.2992,0.6316,0.1352) Δ=(0.0000,0.0000,0.0000)
[INFO] [1779943580.573587831] [trajectory_predictor]: [Pred HOLD OFF] Tay di chuyển (dev=15.3mm). Thả hold.
[INFO] [1779943580.740661808] [trajectory_predictor]: [Pred HOLD ON] Tay đứng yên (std=3.8mm). Khóa tại (0.3085, 0.6177, 0.1414)
[INFO] [1779943582.157536923] [trajectory_predictor]: [Pred HOLD OFF] Tay di chuyển (dev=15.5mm). Thả hold.
[INFO] [1779943582.331165850] [trajectory_predictor]: [Pred HOLD ON] Tay đứng yên (std=4.9mm). Khóa tại (0.3142, 0.6051, 0.1462)
[INFO] [1779943582.890207134] [trajectory_predictor]: [Pred HOLD OFF] Tay di chuyển (dev=16.9mm). Thả hold.
[INFO] [1779943586.889166641] [trajectory_predictor]: [Filter] raw=(0.0553,0.2830,0.1128) → filt=(0.0514,0.2955,0.0990) Δ=(0.0039,0.0125,0.0137)
[INFO] [1779943587.119507325] [trajectory_predictor]: [Pred HOLD ON] Tay đứng yên (std=5.7mm). Khóa tại (0.0708, 0.2830, 0.0918)
[INFO] [1779943587.914639103] [trajectory_predictor]: [Pred HOLD OFF] Tay di chuyển (dev=15.2mm). Thả hold.
[INFO] [1779943589.371226748] [trajectory_predictor]: [Pred HOLD ON] Tay đứng yên (std=4.8mm). Khóa tại (0.0771, 0.2706, 0.1075)
[INFO] [1779943592.498146715] [trajectory_predictor]: [Pred HOLD OFF] Tay di chuyển (dev=16.0mm). Thả hold.
[INFO] [1779943594.347333473] [trajectory_predictor]: [Filter] raw=(-0.0100,0.2022,0.1377) → filt=(-0.0254,0.2604,0.1437) Δ=(0.0154,0.0582,0.0060)
[INFO] [1779943600.842796362] [trajectory_predictor]: [Pred HOLD ON] Tay đứng yên (std=5.4mm). Khóa tại (0.3067, 0.6721, 0.0795)
[INFO] [1779943601.862644648] [trajectory_predictor]: [Filter] raw=(0.3067,0.6721,0.0795) → filt=(0.3067,0.6721,0.0795) Δ=(0.0000,0.0000,0.0000)
[INFO] [1779943603.254083132] [trajectory_predictor]: [Pred HOLD OFF] Tay di chuyển (dev=15.0mm). Thả hold.
[INFO] [1779943607.641730462] [trajectory_predictor]: [Pred HOLD ON] Tay đứng yên (std=3.3mm). Khóa tại (0.1145, 0.2206, 0.0642)
[INFO] [1779943609.055823466] [trajectory_predictor]: [Filter] raw=(0.1145,0.2206,0.0642) → filt=(0.1145,0.2206,0.0642) Δ=(0.0000,0.0000,0.0000)
[INFO] [1779943609.967204684] [trajectory_predictor]: [Pred HOLD OFF] Tay di chuyển (dev=16.6mm). Thả hold.
[INFO] [1779943614.230602340] [trajectory_predictor]: [Pred HOLD ON] Tay đứng yên (std=3.0mm). Khóa tại (0.0713, 0.7561, 0.1351)
[INFO] [1779943616.274207986] [trajectory_predictor]: [Pred HOLD OFF] Tay di chuyển (dev=17.0mm). Thả hold.
[INFO] [1779943616.699426674] [trajectory_predictor]: [Filter] raw=(0.2401,0.5009,0.2346) → filt=(0.1248,0.6694,0.1795) Δ=(0.1153,0.1685,0.0552)
[INFO] [1779943623.225465855] [trajectory_predictor]: [Pred HOLD ON] Tay đứng yên (std=4.7mm). Khóa tại (0.1414, 0.2015, 0.0663)
[INFO] [1779943623.844203169] [trajectory_predictor]: [Filter] raw=(0.1414,0.2015,0.0663) → filt=(0.1414,0.2015,0.0663) Δ=(0.0000,0.0000,0.0000)
[INFO] [1779943625.391484489] [trajectory_predictor]: [Pred HOLD OFF] Tay di chuyển (dev=16.6mm). Thả hold.
[INFO] [1779943630.938578344] [trajectory_predictor]: [Filter] raw=(0.3022,0.6870,0.0869) → filt=(0.3209,0.6675,0.0850) Δ=(0.0186,0.0195,0.0019)
[INFO] [1779943631.445133626] [trajectory_predictor]: [Pred HOLD ON] Tay đứng yên (std=5.2mm). Khóa tại (0.3560, 0.6145, 0.0858)
[INFO] [1779943634.093284420] [trajectory_predictor]: [Pred HOLD OFF] Tay di chuyển (dev=15.4mm). Thả hold.
[INFO] [1779943634.459120195] [trajectory_predictor]: [Predictor] Predicting STOPPED
[WARN] [1779943660.352072254] [trajectory_predictor]: [Worker STDERR] Traceback (most recent call last):
[WARN] [1779943660.353076290] [trajectory_predictor]: [Worker STDERR] File "/home/duy/cocarry_ws/install/trajectory_predictor/lib/python3.10/site-packages/trajectory_predictor/inference_worker.py", line 255, in <module>
[WARN] [1779943660.353776996] [trajectory_predictor]: [Worker STDERR] main()
[WARN] [1779943660.354733217] [trajectory_predictor]: [Worker STDERR] File "/home/duy/cocarry_ws/install/trajectory_predictor/lib/python3.10/site-packages/trajectory_predictor/inference_worker.py", line 190, in main
[WARN] [1779943660.355260529] [trajectory_predictor]: [Worker STDERR] for line in sys.stdin:
[WARN] [1779943660.355714271] [trajectory_predictor]: [Worker STDERR] KeyboardInterrupt
