[INFO] [1780729146.140331828] [motoros2_mock]: ╔══════════════════════════════════════════════╗
║   MotoROS2 Mock Node — Simulation Mode      ║
║   Tất cả /* services đã sẵn sàng            ║
║   (node_namespace="" — không prefix)         ║
╚══════════════════════════════════════════════╝
[INFO] [1780729246.246299042] [motoros2_mock]: ✓ StartPointQueueMode → READY (mock)
[INFO] [1780729246.310494123] [motoros2_mock]: QueueTrajPoint #1 → forwarded to JTC. joints=[1.571, 0.075, -1.049, -0.030, -0.523, -0.002]
[INFO] [1780729246.374948372] [motoros2_mock]: QueueTrajPoint #2 → forwarded to JTC. joints=[1.571, 0.075, -1.049, -0.030, -0.523, -0.002]
[INFO] [1780729246.449139834] [motoros2_mock]: QueueTrajPoint #3 → forwarded to JTC. joints=[1.571, 0.075, -1.049, -0.030, -0.523, -0.002]
[INFO] [1780729249.574560769] [motoros2_mock]: QueueTrajPoint #50 → forwarded to JTC. joints=[1.571, 0.075, -1.049, -0.030, -0.523, -0.002]
[INFO] [1780729252.909585995] [motoros2_mock]: QueueTrajPoint #100 → forwarded to JTC. joints=[1.571, 0.075, -1.049, -0.030, -0.523, -0.002]
[INFO] [1780729256.243106852] [motoros2_mock]: QueueTrajPoint #150 → forwarded to JTC. joints=[1.499, 0.094, -0.946, -0.017, -0.608, 0.057]
[INFO] [1780729259.576655416] [motoros2_mock]: QueueTrajPoint #200 → forwarded to JTC. joints=[1.493, 0.089, -0.946, -0.016, -0.614, 0.062]
[INFO] [1780729262.909013273] [motoros2_mock]: QueueTrajPoint #250 → forwarded to JTC. joints=[1.462, 0.118, -0.855, -0.011, -0.674, 0.089]
[INFO] [1780729266.246344995] [motoros2_mock]: QueueTrajPoint #300 → forwarded to JTC. joints=[1.457, 0.429, -0.158, -0.007, -1.061, 0.089]
[INFO] [1780729269.577215110] [motoros2_mock]: QueueTrajPoint #350 → forwarded to JTC. joints=[1.485, 0.158, -0.691, -0.012, -0.799, 0.065]
[INFO] [1780729272.909719332] [motoros2_mock]: QueueTrajPoint #400 → forwarded to JTC. joints=[1.431, 0.036, -0.793, -0.006, -0.819, 0.115]
[INFO] [1780729276.246682093] [motoros2_mock]: QueueTrajPoint #450 → forwarded to JTC. joints=[1.423, 0.035, -0.795, -0.005, -0.818, 0.122]
[INFO] [1780729279.576215532] [motoros2_mock]: QueueTrajPoint #500 → forwarded to JTC. joints=[1.420, 0.034, -0.792, -0.005, -0.822, 0.125]
[INFO] [1780729282.910475874] [motoros2_mock]: QueueTrajPoint #550 → forwarded to JTC. joints=[1.411, -0.008, -0.824, -0.004, -0.832, 0.134]
[INFO] [1780729286.243578336] [motoros2_mock]: QueueTrajPoint #600 → forwarded to JTC. joints=[1.413, -0.001, -0.828, -0.004, -0.821, 0.132]
[INFO] [1780729289.578360436] [motoros2_mock]: QueueTrajPoint #650 → forwarded to JTC. joints=[1.407, -0.010, -0.826, -0.004, -0.833, 0.137]
[INFO] [1780729292.910671542] [motoros2_mock]: QueueTrajPoint #700 → forwarded to JTC. joints=[1.400, -0.023, -0.830, -0.003, -0.841, 0.144]
[INFO] [1780729296.242490539] [motoros2_mock]: QueueTrajPoint #750 → forwarded to JTC. joints=[1.400, -0.027, -0.828, -0.003, -0.846, 0.144]
[INFO] [1780729299.576842644] [motoros2_mock]: QueueTrajPoint #800 → forwarded to JTC. joints=[1.401, -0.024, -0.827, -0.003, -0.845, 0.143]
[INFO] [1780729302.910619551] [motoros2_mock]: QueueTrajPoint #850 → forwarded to JTC. joints=[1.395, -0.035, -0.838, -0.002, -0.846, 0.149]
[INFO] [1780729306.243125157] [motoros2_mock]: QueueTrajPoint #900 → forwarded to JTC. joints=[1.396, -0.030, -0.844, -0.002, -0.834, 0.147]
[INFO] [1780729309.576610130] [motoros2_mock]: QueueTrajPoint #950 → forwarded to JTC. joints=[1.395, -0.033, -0.847, -0.002, -0.835, 0.149]
[INFO] [1780730107.743109278] [motoros2_mock]: MotoROS2 Mock Node shutdown.
