[INFO] [1786347022.529526423] [coord_transform]: CoordTransformNode khởi động.
  Object offset (cam frame): [0.05 0.   0.1 ]
  Translation cam→base:      [0.5 0.  1.2]
  EE orientation (xyzw):     [0.0, 1.0, 0.0, 0.0]
  Prediction step:           5
  Axis remap:                [0, 1, 2]
  Axis sign:                 [-1.0, 1.0, 1.0]
  Workspace X: (-1.0, 1.0), Y: (-0.5, 1.3), Z: (0.05, 1.5)
  Filter outlier_threshold:  0.15m
  Filter median_size_y:      3
  Filter deadband_tol:       15.0mm
  Filter stationary_thresh:  3 frames
  Filter max_rate:           5.0cm/frame
  Filter EMA moving(x,y,z):  (1.0,0.8,1.0)
  Filter EMA hold  (x,y,z):  (0.08,0.02,0.05)
[WARN] [1786347080.928426044] [coord_transform]: Outlier rejected #1 (jumped 467.4mm). Ignoring.
[WARN] [1786347080.963977193] [coord_transform]: Outlier rejected #2 (jumped 481.9mm). Ignoring.
[WARN] [1786347080.996383260] [coord_transform]: Outlier rejected #3 (jumped 482.3mm). Ignoring.
[WARN] [1786347081.036557955] [coord_transform]: Outlier rejected #4 (jumped 483.2mm). Ignoring.
[INFO] [1786347081.077246742] [coord_transform]: Too many outliers (5). Resetting filter to new position.
[WARN] [1786347081.181882773] [coord_transform]: Outlier rejected #1 (jumped 461.4mm). Ignoring.
[WARN] [1786347081.217398980] [coord_transform]: Outlier rejected #2 (jumped 461.5mm). Ignoring.
[WARN] [1786347081.248335299] [coord_transform]: Outlier rejected #3 (jumped 482.3mm). Ignoring.
[WARN] [1786347081.279396983] [coord_transform]: Outlier rejected #4 (jumped 486.5mm). Ignoring.
[INFO] [1786347081.313751281] [coord_transform]: Too many outliers (5). Resetting filter to new position.
[WARN] [1786347093.332394790] [coord_transform]: Outlier rejected #1 (jumped 382.0mm). Ignoring.
[WARN] [1786347093.367805074] [coord_transform]: Outlier rejected #2 (jumped 408.0mm). Ignoring.
[WARN] [1786347093.399930162] [coord_transform]: Outlier rejected #3 (jumped 432.1mm). Ignoring.
[WARN] [1786347093.435859709] [coord_transform]: Outlier rejected #4 (jumped 457.5mm). Ignoring.
[INFO] [1786347093.468878443] [coord_transform]: Too many outliers (5). Resetting filter to new position.
[WARN] [1786347093.633848333] [coord_transform]: Outlier rejected #1 (jumped 160.2mm). Ignoring.
[WARN] [1786347093.667118192] [coord_transform]: Outlier rejected #2 (jumped 522.1mm). Ignoring.
[WARN] [1786347093.709388470] [coord_transform]: Outlier rejected #3 (jumped 543.4mm). Ignoring.
[WARN] [1786347093.746636525] [coord_transform]: Outlier rejected #4 (jumped 551.2mm). Ignoring.
[INFO] [1786347093.781144845] [coord_transform]: Too many outliers (5). Resetting filter to new position.
[WARN] [1786347099.900480231] [coord_transform]: Outlier rejected #1 (jumped 509.1mm). Ignoring.
[WARN] [1786347099.933855174] [coord_transform]: Outlier rejected #2 (jumped 521.6mm). Ignoring.
[WARN] [1786347099.976405215] [coord_transform]: Outlier rejected #3 (jumped 526.5mm). Ignoring.
[WARN] [1786347100.025183911] [coord_transform]: Outlier rejected #4 (jumped 759.0mm). Ignoring.
[INFO] [1786347100.066128335] [coord_transform]: Too many outliers (5). Resetting filter to new position.
[WARN] [1786347100.212645877] [coord_transform]: Outlier rejected #1 (jumped 323.4mm). Ignoring.
[WARN] [1786347100.247975749] [coord_transform]: Outlier rejected #2 (jumped 364.4mm). Ignoring.
[WARN] [1786347100.292560544] [coord_transform]: Outlier rejected #3 (jumped 176.1mm). Ignoring.
[WARN] [1786347100.360788675] [coord_transform]: Outlier rejected #1 (jumped 298.7mm). Ignoring.
[WARN] [1786347100.397919635] [coord_transform]: Outlier rejected #2 (jumped 742.7mm). Ignoring.
[WARN] [1786347100.433471320] [coord_transform]: Outlier rejected #3 (jumped 717.5mm). Ignoring.
[WARN] [1786347100.472146441] [coord_transform]: Outlier rejected #4 (jumped 722.4mm). Ignoring.
[INFO] [1786347100.505500062] [coord_transform]: Too many outliers (5). Resetting filter to new position.
[WARN] [1786347103.524663738] [coord_transform]: Outlier rejected #1 (jumped 244.2mm). Ignoring.
[WARN] [1786347103.759303990] [coord_transform]: Outlier rejected #1 (jumped 346.2mm). Ignoring.
[WARN] [1786347103.798629946] [coord_transform]: Outlier rejected #2 (jumped 232.8mm). Ignoring.
[WARN] [1786347103.862437859] [coord_transform]: Outlier rejected #1 (jumped 498.2mm). Ignoring.
[WARN] [1786347103.894812052] [coord_transform]: Outlier rejected #2 (jumped 491.4mm). Ignoring.
[WARN] [1786347103.929397284] [coord_transform]: Outlier rejected #3 (jumped 268.7mm). Ignoring.
[WARN] [1786347104.033629950] [coord_transform]: Outlier rejected #1 (jumped 247.1mm). Ignoring.
[WARN] [1786347104.130719584] [coord_transform]: Outlier rejected #1 (jumped 261.8mm). Ignoring.
[WARN] [1786347104.242277480] [coord_transform]: Outlier rejected #1 (jumped 246.3mm). Ignoring.
[WARN] [1786347104.439619869] [coord_transform]: Outlier rejected #1 (jumped 542.5mm). Ignoring.
[WARN] [1786347104.472526804] [coord_transform]: Outlier rejected #2 (jumped 263.7mm). Ignoring.
[WARN] [1786347104.539295783] [coord_transform]: Outlier rejected #1 (jumped 225.7mm). Ignoring.
[WARN] [1786347104.705491228] [coord_transform]: Outlier rejected #1 (jumped 313.9mm). Ignoring.
[WARN] [1786347104.741991708] [coord_transform]: Outlier rejected #2 (jumped 272.3mm). Ignoring.
[WARN] [1786347104.933489051] [coord_transform]: Outlier rejected #1 (jumped 440.8mm). Ignoring.
[WARN] [1786347104.976474885] [coord_transform]: Outlier rejected #2 (jumped 258.3mm). Ignoring.
[WARN] [1786347105.419203504] [coord_transform]: Outlier rejected #1 (jumped 203.0mm). Ignoring.
[WARN] [1786347105.463950936] [coord_transform]: Outlier rejected #2 (jumped 241.9mm). Ignoring.
[WARN] [1786347105.502133334] [coord_transform]: Outlier rejected #3 (jumped 532.4mm). Ignoring.
[WARN] [1786347105.541953626] [coord_transform]: Outlier rejected #4 (jumped 301.3mm). Ignoring.
[WARN] [1786347105.663809423] [coord_transform]: Outlier rejected #1 (jumped 177.2mm). Ignoring.
[WARN] [1786347105.698418289] [coord_transform]: Outlier rejected #2 (jumped 180.4mm). Ignoring.
[WARN] [1786347105.737047366] [coord_transform]: Outlier rejected #3 (jumped 172.6mm). Ignoring.
[WARN] [1786347105.771874074] [coord_transform]: Outlier rejected #4 (jumped 173.9mm). Ignoring.
[INFO] [1786347105.809356647] [coord_transform]: Too many outliers (5). Resetting filter to new position.
[WARN] [1786347109.502295112] [coord_transform]: Outlier rejected #1 (jumped 403.8mm). Ignoring.
[WARN] [1786347109.540872345] [coord_transform]: Outlier rejected #2 (jumped 392.9mm). Ignoring.
[WARN] [1786347109.573587321] [coord_transform]: Outlier rejected #3 (jumped 398.9mm). Ignoring.
[WARN] [1786347109.611975668] [coord_transform]: Outlier rejected #4 (jumped 281.3mm). Ignoring.
[INFO] [1786347109.643276965] [coord_transform]: Too many outliers (5). Resetting filter to new position.
[WARN] [1786347109.860404735] [coord_transform]: Outlier rejected #1 (jumped 154.6mm). Ignoring.
[WARN] [1786347109.893447472] [coord_transform]: Outlier rejected #2 (jumped 203.1mm). Ignoring.
[WARN] [1786347109.927241890] [coord_transform]: Outlier rejected #3 (jumped 223.6mm). Ignoring.
[WARN] [1786347109.959908796] [coord_transform]: Outlier rejected #4 (jumped 270.1mm). Ignoring.
[INFO] [1786347109.998506051] [coord_transform]: Too many outliers (5). Resetting filter to new position.
[WARN] [1786347110.269525148] [coord_transform]: Outlier rejected #1 (jumped 383.6mm). Ignoring.
[WARN] [1786347110.305577678] [coord_transform]: Outlier rejected #2 (jumped 625.7mm). Ignoring.
[WARN] [1786347110.351495016] [coord_transform]: Outlier rejected #3 (jumped 637.8mm). Ignoring.
[WARN] [1786347110.383337212] [coord_transform]: Outlier rejected #4 (jumped 634.4mm). Ignoring.
[INFO] [1786347110.415950149] [coord_transform]: Too many outliers (5). Resetting filter to new position.
[WARN] [1786347110.777651403] [coord_transform]: Outlier rejected #1 (jumped 159.8mm). Ignoring.
[WARN] [1786347111.002175172] [coord_transform]: Outlier rejected #1 (jumped 402.7mm). Ignoring.
[WARN] [1786347111.042042639] [coord_transform]: Outlier rejected #2 (jumped 191.2mm). Ignoring.
[WARN] [1786347111.105803337] [coord_transform]: Outlier rejected #1 (jumped 200.4mm). Ignoring.
[WARN] [1786347111.319795750] [coord_transform]: Outlier rejected #1 (jumped 404.6mm). Ignoring.
[WARN] [1786347111.439425620] [coord_transform]: Outlier rejected #1 (jumped 642.8mm). Ignoring.
[WARN] [1786347111.476712926] [coord_transform]: Outlier rejected #2 (jumped 626.5mm). Ignoring.
[WARN] [1786347111.512494606] [coord_transform]: Outlier rejected #3 (jumped 628.3mm). Ignoring.
[WARN] [1786347111.546040682] [coord_transform]: Outlier rejected #4 (jumped 627.6mm). Ignoring.
[INFO] [1786347111.576784200] [coord_transform]: Too many outliers (5). Resetting filter to new position.
[WARN] [1786347133.615072377] [coord_transform]: Outlier rejected #1 (jumped 1107.9mm). Ignoring.
[WARN] [1786347133.652649431] [coord_transform]: Outlier rejected #2 (jumped 1117.1mm). Ignoring.
[WARN] [1786347133.686153167] [coord_transform]: Outlier rejected #3 (jumped 1108.6mm). Ignoring.
[WARN] [1786347133.716848959] [coord_transform]: Outlier rejected #4 (jumped 1107.8mm). Ignoring.
[INFO] [1786347133.752474755] [coord_transform]: Too many outliers (5). Resetting filter to new position.
[INFO] [1786347135.593324397] [coord_transform]: Captured Init Pose! P_init=(-0.162, 0.280, 0.379), Cam_init=(0.001, 0.003, 0.000), Noise_Tol=29.4mm
Orientation=(0.998, 0.064, -0.000, 0.000)
[INFO] [1786347138.664581670] [coord_transform]: Đã chuyển mode: ground_truth -> ergonomics
[INFO] [1786347138.823669526] [coord_transform]: Deadband: HOLD at (0.001, 0.003, 0.000)
[INFO] [1786347138.826713494] [coord_transform]: [SNAP ON] Tay thực tế đứng yên. Ép dừng robot (GRU đang lệch 0.0cm).
[INFO] [1786347146.148472577] [coord_transform]: Re-sync camera init: [0.004 0.002 0.006]
[INFO] [1786347146.149154236] [coord_transform]: Trạng thái tracking: RUNNING
[INFO] [1786347146.158543182] [coord_transform]: [ERGONOMICS] Transform: cam[0.004 0.002 0.006] → base[-0.162  0.28   0.379]
[INFO] [1786347147.061256461] [coord_transform]: Deadband: RELEASE — motion detected
[INFO] [1786347147.068786484] [coord_transform]: [SNAP OFF] Tay di chuyển lại. Trả quyền cho GRU.
[INFO] [1786347148.159516471] [coord_transform]: [ERGONOMICS] Transform: cam[0.03  0.179 0.089] → base[-0.188  0.457  0.462]
[INFO] [1786347150.187881989] [coord_transform]: [ERGONOMICS] Transform: cam[-0.005  0.27   0.172] → base[-0.153  0.548  0.545]
[INFO] [1786347152.200208342] [coord_transform]: [ERGONOMICS] Transform: cam[-0.035  0.461  0.198] → base[-0.124  0.739  0.571]
[INFO] [1786347154.229353247] [coord_transform]: [ERGONOMICS] Transform: cam[0.182 0.328 0.184] → base[-0.34   0.606  0.557]
[INFO] [1786347156.235185625] [coord_transform]: [ERGONOMICS] Transform: cam[0.257 0.289 0.144] → base[-0.415  0.567  0.517]
[INFO] [1786347158.263165065] [coord_transform]: [ERGONOMICS] Transform: cam[0.05  0.058 0.159] → base[-0.208  0.336  0.532]
[INFO] [1786347160.066647659] [coord_transform]: Deadband: HOLD at (0.004, 0.002, 0.006)
[INFO] [1786347160.268234244] [coord_transform]: [ERGONOMICS] Transform: cam[0.004 0.002 0.006] → base[-0.162  0.28   0.379]
[INFO] [1786347160.374930291] [coord_transform]: Deadband: RELEASE — motion detected
[INFO] [1786347162.273805706] [coord_transform]: [ERGONOMICS] Transform: cam[0.019 0.127 0.125] → base[-0.177  0.405  0.498]
[INFO] [1786347164.278676994] [coord_transform]: [ERGONOMICS] Transform: cam[-0.028  0.181  0.343] → base[-0.13   0.459  0.716]
[INFO] [1786347166.287378985] [coord_transform]: [ERGONOMICS] Transform: cam[-0.248  0.141  0.308] → base[0.09  0.419 0.681]
[INFO] [1786347168.291228881] [coord_transform]: [ERGONOMICS] Transform: cam[0.088 0.308 0.221] → base[-0.246  0.586  0.594]
[INFO] [1786347170.292149952] [coord_transform]: [ERGONOMICS] Transform: cam[0.341 0.202 0.244] → base[-0.499  0.48   0.617]
[INFO] [1786347172.306057055] [coord_transform]: [ERGONOMICS] Transform: cam[0.249 0.255 0.311] → base[-0.407  0.533  0.684]
[INFO] [1786347174.326327114] [coord_transform]: [ERGONOMICS] Transform: cam[0.018 0.083 0.416] → base[-0.176  0.361  0.789]
[WARN] [1786347176.440405360] [coord_transform]: Outlier rejected #1 (jumped 187.7mm). Ignoring.
[INFO] [1786347176.452423152] [coord_transform]: [ERGONOMICS] Transform: cam[-0.034  0.151  0.431] → base[-0.124  0.429  0.804]
[WARN] [1786347176.501966581] [coord_transform]: Outlier rejected #2 (jumped 213.6mm). Ignoring.
[WARN] [1786347176.549202739] [coord_transform]: Outlier rejected #3 (jumped 220.0mm). Ignoring.
[WARN] [1786347176.586489380] [coord_transform]: Outlier rejected #4 (jumped 222.9mm). Ignoring.
[INFO] [1786347176.623096875] [coord_transform]: Too many outliers (5). Resetting filter to new position.
[INFO] [1786347178.459753433] [coord_transform]: [ERGONOMICS] Transform: cam[-0.022  0.24   0.096] → base[-0.136  0.518  0.469]
[INFO] [1786347180.509570821] [coord_transform]: [ERGONOMICS] Transform: cam[0.075 0.449 0.269] → base[-0.233  0.727  0.642]
[WARN] [1786347180.620304273] [coord_transform]: Outlier rejected #1 (jumped 513.7mm). Ignoring.
[WARN] [1786347180.723377182] [coord_transform]: Outlier rejected #1 (jumped 519.0mm). Ignoring.
[WARN] [1786347180.755966943] [coord_transform]: Outlier rejected #2 (jumped 585.8mm). Ignoring.
[WARN] [1786347180.795986560] [coord_transform]: Outlier rejected #3 (jumped 526.3mm). Ignoring.
[WARN] [1786347180.831063706] [coord_transform]: Outlier rejected #4 (jumped 523.7mm). Ignoring.
[INFO] [1786347180.872520826] [coord_transform]: Too many outliers (5). Resetting filter to new position.
[WARN] [1786347180.905280785] [coord_transform]: Outlier rejected #1 (jumped 463.1mm). Ignoring.
[WARN] [1786347180.974848619] [coord_transform]: Outlier rejected #2 (jumped 370.3mm). Ignoring.
[WARN] [1786347181.010944766] [coord_transform]: Outlier rejected #3 (jumped 395.7mm). Ignoring.
[WARN] [1786347181.058007041] [coord_transform]: Outlier rejected #4 (jumped 392.3mm). Ignoring.
[INFO] [1786347181.105281716] [coord_transform]: Too many outliers (5). Resetting filter to new position.
[INFO] [1786347182.525982214] [coord_transform]: [ERGONOMICS] Transform: cam[0.255 0.391 0.224] → base[-0.413  0.669  0.597]
[WARN] [1786347184.143434980] [coord_transform]: Outlier rejected #1 (jumped 279.5mm). Ignoring.
[WARN] [1786347184.177124310] [coord_transform]: Outlier rejected #2 (jumped 235.3mm). Ignoring.
[WARN] [1786347184.226272178] [coord_transform]: Outlier rejected #3 (jumped 195.9mm). Ignoring.
[INFO] [1786347184.530901558] [coord_transform]: [ERGONOMICS] Transform: cam[0.141 0.43  0.259] → base[-0.299  0.709  0.632]
[INFO] [1786347186.531246119] [coord_transform]: [ERGONOMICS] Transform: cam[-0.187  0.297  0.248] → base[0.029 0.575 0.621]
[INFO] [1786347188.545780432] [coord_transform]: [ERGONOMICS] Transform: cam[-0.156  0.303  0.261] → base[-0.002  0.582  0.634]
[INFO] [1786347190.549108046] [coord_transform]: [ERGONOMICS] Transform: cam[-0.192  0.312  0.229] → base[0.034 0.59  0.602]
[INFO] [1786347192.573843673] [coord_transform]: [ERGONOMICS] Transform: cam[-0.221  0.281  0.208] → base[0.062 0.559 0.581]
[WARN] [1786347194.110960679] [coord_transform]: Outlier rejected #1 (jumped 180.2mm). Ignoring.
[INFO] [1786347194.593310549] [coord_transform]: [ERGONOMICS] Transform: cam[-0.015  0.172  0.255] → base[-0.143  0.45   0.628]
[INFO] [1786347196.628629528] [coord_transform]: [ERGONOMICS] Transform: cam[-0.029  0.136  0.026] → base[-0.129  0.414  0.399]
[INFO] [1786347198.629488252] [coord_transform]: [ERGONOMICS] Transform: cam[0.088 0.222 0.084] → base[-0.246  0.5    0.457]
[INFO] [1786347200.732493918] [coord_transform]: [ERGONOMICS] Transform: cam[0.026 0.109 0.152] → base[-0.184  0.387  0.525]
[INFO] [1786347202.751209993] [coord_transform]: [ERGONOMICS] Transform: cam[-0.013  0.22   0.113] → base[-0.146  0.498  0.486]
[INFO] [1786347204.752739304] [coord_transform]: [ERGONOMICS] Transform: cam[-0.023  0.242  0.128] → base[-0.135  0.52   0.501]
[INFO] [1786347206.906836527] [coord_transform]: [ERGONOMICS] Transform: cam[-0.015  0.262  0.128] → base[-0.143  0.54   0.501]
[INFO] [1786347208.917848872] [coord_transform]: [ERGONOMICS] Transform: cam[-0.043  0.137  0.065] → base[-0.116  0.415  0.438]
[INFO] [1786347210.928270362] [coord_transform]: [ERGONOMICS] Transform: cam[-0.037  0.045  0.026] → base[-0.121  0.323  0.399]
[INFO] [1786347213.019667486] [coord_transform]: [ERGONOMICS] Transform: cam[0.113 0.123 0.175] → base[-0.271  0.401  0.548]
[WARN] [1786347213.165413197] [coord_transform]: Outlier rejected #1 (jumped 191.5mm). Ignoring.
[INFO] [1786347215.029272433] [coord_transform]: [ERGONOMICS] Transform: cam[0.246 0.237 0.216] → base[-0.404  0.515  0.589]
[WARN] [1786347216.315912092] [coord_transform]: Outlier rejected #1 (jumped 621.3mm). Ignoring.
[INFO] [1786347217.033096577] [coord_transform]: [ERGONOMICS] Transform: cam[0.021 0.35  0.196] → base[-0.179  0.628  0.569]
[INFO] [1786347219.064504729] [coord_transform]: [ERGONOMICS] Transform: cam[-0.128  0.357  0.246] → base[-0.03   0.635  0.619]
[INFO] [1786347221.067284672] [coord_transform]: [ERGONOMICS] Transform: cam[-0.115  0.29   0.248] → base[-0.043  0.568  0.621]
[INFO] [1786347222.919389377] [coord_transform]: Trạng thái tracking: STOPPED
[WARN] [1786347222.921601575] [coord_transform]: Outlier rejected #1 (jumped 233.1mm). Ignoring.
[WARN] [1786347225.129762794] [coord_transform]: Outlier rejected #1 (jumped 347.2mm). Ignoring.
[WARN] [1786347225.192802321] [coord_transform]: Outlier rejected #2 (jumped 340.6mm). Ignoring.
[WARN] [1786347225.222917045] [coord_transform]: Outlier rejected #3 (jumped 338.9mm). Ignoring.
[WARN] [1786347225.251944910] [coord_transform]: Outlier rejected #4 (jumped 335.2mm). Ignoring.
[INFO] [1786347225.287062322] [coord_transform]: Too many outliers (5). Resetting filter to new position.
[WARN] [1786347229.044368663] [coord_transform]: Outlier rejected #2 (jumped 568.4mm). Ignoring.
[WARN] [1786347229.081696762] [coord_transform]: Outlier rejected #3 (jumped 568.4mm). Ignoring.
[WARN] [1786347229.113747231] [coord_transform]: Outlier rejected #4 (jumped 568.4mm). Ignoring.
[INFO] [1786347229.148548697] [coord_transform]: Too many outliers (5). Resetting filter to new position.
