[INFO] [1779675492.547542656] [coord_transform]: CoordTransformNode khởi động.
  Object offset (cam frame): [0.05 0.   0.1 ]
  Translation cam→base:      [0.5 0.  1.2]
  EE orientation (xyzw):     [0.0, 1.0, 0.0, 0.0]
  Prediction step:           5
  Axis remap:                [0, 1, 2]
  Axis sign:                 [-1.0, 1.0, 1.0]
  Workspace X: (-1.0, 1.0), Y: (-0.5, 1.3), Z: (0.05, 1.5)
  Filter outlier_threshold:  0.15m
  Filter median_size_y:      3
  Filter deadband_tol:       25.0mm
  Filter stationary_thresh:  3 frames
  Filter max_rate:           5.0cm/frame
  Filter EMA moving(x,y,z):  (0.65,0.4,0.65)
  Filter EMA hold  (x,y,z):  (0.08,0.02,0.05)
[WARN] [1779675519.495636674] [coord_transform]: Outlier rejected #1 (jumped 759.7mm). Ignoring.
[WARN] [1779675519.530364081] [coord_transform]: Outlier rejected #2 (jumped 777.4mm). Ignoring.
[WARN] [1779675519.575864193] [coord_transform]: Outlier rejected #3 (jumped 851.6mm). Ignoring.
[WARN] [1779675519.613876047] [coord_transform]: Outlier rejected #4 (jumped 834.1mm). Ignoring.
[INFO] [1779675519.654290131] [coord_transform]: Too many outliers (5). Resetting filter to new position.
[WARN] [1779675519.975316397] [coord_transform]: Outlier rejected #1 (jumped 697.4mm). Ignoring.
[WARN] [1779675520.012593413] [coord_transform]: Outlier rejected #2 (jumped 725.2mm). Ignoring.
[WARN] [1779675520.052787377] [coord_transform]: Outlier rejected #3 (jumped 735.0mm). Ignoring.
[WARN] [1779675520.088557581] [coord_transform]: Outlier rejected #4 (jumped 728.4mm). Ignoring.
[INFO] [1779675520.125949000] [coord_transform]: Too many outliers (5). Resetting filter to new position.
[WARN] [1779675571.285712692] [coord_transform]: Outlier rejected #1 (jumped 1902.4mm). Ignoring.
[WARN] [1779675571.328735625] [coord_transform]: Outlier rejected #2 (jumped 1908.6mm). Ignoring.
[WARN] [1779675571.371372480] [coord_transform]: Outlier rejected #3 (jumped 1908.7mm). Ignoring.
[WARN] [1779675571.413568703] [coord_transform]: Outlier rejected #4 (jumped 1897.5mm). Ignoring.
[INFO] [1779675571.458925483] [coord_transform]: Too many outliers (5). Resetting filter to new position.
[INFO] [1779675581.902397486] [coord_transform]: Captured Init Pose! P_init=(-0.164, 0.263, 0.395), Cam_init=(0.027, 0.014, 0.003), Noise_Tol=26.2mm
Orientation=(0.717, 0.696, -0.032, 0.022)
[INFO] [1779675581.943493086] [coord_transform]: Deadband: RELEASE — motion detected
[INFO] [1779675582.105023162] [coord_transform]: Deadband: HOLD at (0.027, 0.014, 0.003)
[INFO] [1779675582.433741252] [coord_transform]: Captured Init Pose! P_init=(-0.164, 0.263, 0.395), Cam_init=(0.028, 0.011, 0.003), Noise_Tol=27.2mm
Orientation=(0.717, 0.696, -0.032, 0.022)
[INFO] [1779675598.721909337] [coord_transform]: Đã chuyển mode: ground_truth -> prediction
[INFO] [1779675607.019318782] [coord_transform]: Re-sync camera init: [ 0.085 -0.022  0.022]
[INFO] [1779675607.020205241] [coord_transform]: Trạng thái tracking: RUNNING
[INFO] [1779675607.025002584] [coord_transform]: Deadband: RELEASE — motion detected
[INFO] [1779675607.027652859] [coord_transform]: [PREDICTION] Transform: cam[ 0.095 -0.012  0.028] → base[-0.174  0.273  0.4  ]
[INFO] [1779675607.236815577] [coord_transform]: Deadband: HOLD at (0.085, -0.022, 0.022)
[INFO] [1779675609.051971018] [coord_transform]: [PREDICTION] Transform: cam[0.096 0.065 0.124] → base[-0.175  0.35   0.496]
[INFO] [1779675611.056850031] [coord_transform]: [PREDICTION] Transform: cam[0.169 0.151 0.226] → base[-0.248  0.436  0.598]
[INFO] [1779675613.071952026] [coord_transform]: [PREDICTION] Transform: cam[0.203 0.384 0.319] → base[-0.281  0.669  0.692]
[INFO] [1779675615.085635593] [coord_transform]: [PREDICTION] Transform: cam[0.217 0.633 0.261] → base[-0.296  0.918  0.634]
[INFO] [1779675617.129535216] [coord_transform]: [PREDICTION] Transform: cam[0.187 0.64  0.165] → base[-0.266  0.925  0.537]
[INFO] [1779675619.147360338] [coord_transform]: [PREDICTION] Transform: cam[0.172 0.602 0.13 ] → base[-0.251  0.887  0.502]
[INFO] [1779675621.224107147] [coord_transform]: [PREDICTION] Transform: cam[0.187 0.435 0.311] → base[-0.265  0.72   0.683]
[INFO] [1779675623.242373885] [coord_transform]: [PREDICTION] Transform: cam[0.097 0.148 0.318] → base[-0.176  0.433  0.69 ]
[INFO] [1779675625.275899938] [coord_transform]: [PREDICTION] Transform: cam[0.108 0.063 0.201] → base[-0.187  0.348  0.574]
[INFO] [1779675627.287938332] [coord_transform]: [PREDICTION] Transform: cam[0.087 0.13  0.082] → base[-0.166  0.415  0.455]
[INFO] [1779675629.300918610] [coord_transform]: [PREDICTION] Transform: cam[0.051 0.102 0.095] → base[-0.13   0.387  0.467]
[INFO] [1779675631.327533795] [coord_transform]: [PREDICTION] Transform: cam[0.194 0.359 0.243] → base[-0.273  0.644  0.616]
[INFO] [1779675633.379919949] [coord_transform]: [PREDICTION] Transform: cam[0.349 0.445 0.249] → base[-0.428  0.73   0.621]
[INFO] [1779675635.435744780] [coord_transform]: [PREDICTION] Transform: cam[0.299 0.611 0.14 ] → base[-0.378  0.896  0.512]
[INFO] [1779675637.451595587] [coord_transform]: [PREDICTION] Transform: cam[0.079 0.628 0.285] → base[-0.157  0.913  0.657]
[INFO] [1779675639.485664279] [coord_transform]: [PREDICTION] Transform: cam[0.061 0.456 0.339] → base[-0.14   0.741  0.711]
[INFO] [1779675641.532815834] [coord_transform]: [PREDICTION] Transform: cam[0.03  0.115 0.3  ] → base[-0.109  0.4    0.673]
[INFO] [1779675643.563002547] [coord_transform]: [PREDICTION] Transform: cam[0.055 0.092 0.091] → base[-0.134  0.377  0.463]
[INFO] [1779675645.600000883] [coord_transform]: [PREDICTION] Transform: cam[0.126 0.284 0.231] → base[-0.205  0.569  0.604]
[INFO] [1779675647.649718453] [coord_transform]: [PREDICTION] Transform: cam[0.283 0.613 0.217] → base[-0.362  0.898  0.59 ]
[INFO] [1779675649.671659107] [coord_transform]: [PREDICTION] Transform: cam[0.074 0.658 0.075] → base[-0.153  0.943  0.447]
[INFO] [1779675651.681168426] [coord_transform]: [PREDICTION] Transform: cam[0.072 0.41  0.275] → base[-0.151  0.695  0.647]
[INFO] [1779675653.730941586] [coord_transform]: [PREDICTION] Transform: cam[0.044 0.031 0.212] → base[-0.123  0.316  0.585]
[INFO] [1779675655.837508989] [coord_transform]: [PREDICTION] Transform: cam[0.056 0.092 0.094] → base[-0.135  0.377  0.466]
[INFO] [1779675657.880583108] [coord_transform]: [PREDICTION] Transform: cam[0.059 0.072 0.098] → base[-0.138  0.357  0.47 ]
[INFO] [1779675659.890136010] [coord_transform]: [PREDICTION] Transform: cam[0.142 0.189 0.222] → base[-0.221  0.474  0.594]
[INFO] [1779675661.927279392] [coord_transform]: [PREDICTION] Transform: cam[0.281 0.406 0.245] → base[-0.36   0.691  0.618]
[INFO] [1779675663.968941964] [coord_transform]: [PREDICTION] Transform: cam[0.29  0.747 0.197] → base[-0.369  1.032  0.569]
[INFO] [1779675666.060892343] [coord_transform]: [PREDICTION] Transform: cam[0.231 0.726 0.082] → base[-0.31   1.011  0.454]
[INFO] [1779675668.209212735] [coord_transform]: [PREDICTION] Transform: cam[0.24  0.709 0.086] → base[-0.319  0.994  0.458]
[INFO] [1779675670.481696054] [coord_transform]: [PREDICTION] Transform: cam[0.244 0.71  0.09 ] → base[-0.323  0.995  0.463]
[INFO] [1779675672.548289880] [coord_transform]: [PREDICTION] Transform: cam[0.211 0.633 0.209] → base[-0.289  0.918  0.581]
[INFO] [1779675674.589695320] [coord_transform]: [PREDICTION] Transform: cam[0.035 0.127 0.315] → base[-0.114  0.412  0.688]
[INFO] [1779675676.599025638] [coord_transform]: [PREDICTION] Transform: cam[0.021 0.035 0.187] → base[-0.1    0.32   0.559]
[INFO] [1779675678.638468591] [coord_transform]: [PREDICTION] Transform: cam[-0.028  0.231  0.212] → base[-0.051  0.516  0.585]
[INFO] [1779675680.660296647] [coord_transform]: [PREDICTION] Transform: cam[-0.083  0.735  0.317] → base[0.004 1.02  0.689]
[INFO] [1779675682.667872586] [coord_transform]: [PREDICTION] Transform: cam[-0.094  0.824  0.144] → base[0.016 1.109 0.517]
[INFO] [1779675684.693243948] [coord_transform]: [PREDICTION] Transform: cam[-0.101  0.78   0.137] → base[0.023 1.065 0.51 ]
[INFO] [1779675686.752767224] [coord_transform]: [PREDICTION] Transform: cam[-0.075  0.451  0.341] → base[-0.004  0.736  0.714]
[INFO] [1779675688.775167693] [coord_transform]: [PREDICTION] Transform: cam[-0.019  0.143  0.194] → base[-0.06   0.428  0.566]
[INFO] [1779675690.798335403] [coord_transform]: [PREDICTION] Transform: cam[0.288 0.469 0.274] → base[-0.367  0.754  0.646]
[INFO] [1779675692.802161939] [coord_transform]: [PREDICTION] Transform: cam[0.369 0.659 0.145] → base[-0.448  0.944  0.517]
[INFO] [1779675694.814766116] [coord_transform]: [PREDICTION] Transform: cam[0.342 0.651 0.156] → base[-0.42   0.936  0.528]
[INFO] [1779675696.837333847] [coord_transform]: [PREDICTION] Transform: cam[0.288 0.474 0.349] → base[-0.366  0.759  0.722]
[INFO] [1779675698.866984890] [coord_transform]: [PREDICTION] Transform: cam[0.054 0.218 0.373] → base[-0.133  0.503  0.745]
[INFO] [1779675700.899815025] [coord_transform]: [PREDICTION] Transform: cam[-0.029  0.138  0.224] → base[-0.05   0.423  0.596]
[INFO] [1779675702.922931752] [coord_transform]: [PREDICTION] Transform: cam[0.057 0.16  0.066] → base[-0.136  0.445  0.439]
[INFO] [1779675704.965290049] [coord_transform]: [PREDICTION] Transform: cam[0.057 0.12  0.089] → base[-0.136  0.405  0.461]
[INFO] [1779675706.965977246] [coord_transform]: [PREDICTION] Transform: cam[0.04  0.162 0.189] → base[-0.119  0.447  0.561]
[INFO] [1779675708.972029841] [coord_transform]: [PREDICTION] Transform: cam[0.185 0.357 0.258] → base[-0.263  0.642  0.63 ]
[INFO] [1779675711.031311997] [coord_transform]: [PREDICTION] Transform: cam[0.379 0.485 0.285] → base[-0.458  0.77   0.658]
[INFO] [1779675713.066221927] [coord_transform]: [PREDICTION] Transform: cam[0.408 0.669 0.163] → base[-0.486  0.954  0.535]
[INFO] [1779675715.086789807] [coord_transform]: [PREDICTION] Transform: cam[0.349 0.69  0.117] → base[-0.428  0.975  0.489]
[INFO] [1779675717.218428851] [coord_transform]: [PREDICTION] Transform: cam[0.353 0.674 0.123] → base[-0.432  0.959  0.496]
[INFO] [1779675719.240591534] [coord_transform]: [PREDICTION] Transform: cam[0.357 0.643 0.126] → base[-0.436  0.928  0.498]
[INFO] [1779675721.265746373] [coord_transform]: [PREDICTION] Transform: cam[0.311 0.585 0.144] → base[-0.39   0.87   0.516]
[INFO] [1779675723.301016935] [coord_transform]: [PREDICTION] Transform: cam[0.106 0.114 0.278] → base[-0.185  0.399  0.65 ]
[INFO] [1779675725.322435194] [coord_transform]: [PREDICTION] Transform: cam[0.063 0.132 0.085] → base[-0.142  0.417  0.458]
[INFO] [1779675726.431462498] [coord_transform]: Trạng thái tracking: STOPPED
