[INFO] [1781084947.092689067] [motoros2_mock]: ╔══════════════════════════════════════════════╗
║   MotoROS2 Mock Node — Simulation Mode      ║
║   Tất cả /* services đã sẵn sàng            ║
║   (node_namespace="" — không prefix)         ║
╚══════════════════════════════════════════════╝
[INFO] [1781084952.895745663] [motoros2_mock]: ✓ StartPointQueueMode → READY (mock)
[INFO] [1781084952.903186652] [motoros2_mock]: QueueTrajPoint #1 → forwarded to JTC. joints=[1.628, 0.309, -0.800, 0.042, -0.446, -0.204]
[INFO] [1781084952.932937965] [motoros2_mock]: QueueTrajPoint #2 → forwarded to JTC. joints=[1.571, 0.075, -1.049, -0.030, -0.523, -0.002]
[INFO] [1781084952.992153921] [motoros2_mock]: QueueTrajPoint #3 → forwarded to JTC. joints=[1.571, 0.075, -1.049, -0.030, -0.523, -0.002]
[INFO] [1781084955.800529134] [motoros2_mock]: QueueTrajPoint #50 → forwarded to JTC. joints=[1.801, 0.137, -0.971, 0.214, -0.619, -0.204]
[INFO] [1781084958.727971707] [motoros2_mock]: QueueTrajPoint #100 → forwarded to JTC. joints=[1.801, 0.137, -0.971, 0.214, -0.619, -0.204]
[INFO] [1781084961.733234602] [motoros2_mock]: QueueTrajPoint #150 → forwarded to JTC. joints=[1.954, -0.016, -1.124, 0.367, -0.772, -0.204]
[INFO] [1781084964.801838037] [motoros2_mock]: QueueTrajPoint #200 → forwarded to JTC. joints=[2.118, -0.056, -1.270, 0.252, -0.778, -0.204]
[INFO] [1781084967.794978460] [motoros2_mock]: QueueTrajPoint #250 → forwarded to JTC. joints=[2.073, 0.063, -1.199, 0.143, -0.643, -0.204]
[INFO] [1781084970.799982076] [motoros2_mock]: QueueTrajPoint #300 → forwarded to JTC. joints=[2.064, -0.015, -1.217, 0.098, -0.723, -0.204]
[INFO] [1781084973.875950029] [motoros2_mock]: QueueTrajPoint #350 → forwarded to JTC. joints=[2.106, -0.056, -1.299, 0.017, -0.737, -0.204]
[INFO] [1781084976.854788655] [motoros2_mock]: QueueTrajPoint #400 → forwarded to JTC. joints=[1.628, 0.309, -0.800, 0.042, -0.446, -0.204]
[INFO] [1781084979.862057529] [motoros2_mock]: QueueTrajPoint #450 → forwarded to JTC. joints=[2.022, 0.003, -1.235, 0.170, -0.704, -0.151]
[INFO] [1781084982.794267526] [motoros2_mock]: QueueTrajPoint #500 → forwarded to JTC. joints=[2.057, -0.024, -1.271, 0.123, -0.753, -0.179]
[INFO] [1781084985.868437302] [motoros2_mock]: QueueTrajPoint #550 → forwarded to JTC. joints=[2.199, -0.050, -1.312, -0.088, -0.698, -0.152]
[INFO] [1781084988.871833070] [motoros2_mock]: QueueTrajPoint #600 → forwarded to JTC. joints=[2.331, -0.028, -1.347, -0.279, -0.762, -0.158]
[INFO] [1781084991.859933974] [motoros2_mock]: QueueTrajPoint #650 → forwarded to JTC. joints=[2.497, 0.019, -1.343, -0.372, -0.775, -0.158]
[INFO] [1781084994.792082744] [motoros2_mock]: QueueTrajPoint #700 → forwarded to JTC. joints=[2.497, 0.019, -1.343, -0.372, -0.775, -0.158]
[INFO] [1781084997.793946767] [motoros2_mock]: QueueTrajPoint #750 → forwarded to JTC. joints=[2.577, 0.065, -1.380, -0.435, -0.855, -0.158]
[INFO] [1781085000.795754072] [motoros2_mock]: QueueTrajPoint #800 → forwarded to JTC. joints=[2.518, -0.027, -1.404, -0.277, -0.782, -0.158]
[INFO] [1781085003.794118035] [motoros2_mock]: QueueTrajPoint #850 → forwarded to JTC. joints=[2.565, 0.093, -1.351, -0.426, -0.762, -0.158]
[INFO] [1781085006.795321936] [motoros2_mock]: QueueTrajPoint #900 → forwarded to JTC. joints=[2.597, 0.197, -1.361, -0.417, -0.704, -0.158]
[INFO] [1781085009.729411358] [motoros2_mock]: QueueTrajPoint #950 → forwarded to JTC. joints=[2.303, 0.249, -1.131, 0.041, -0.506, -0.024]
[INFO] [1781085012.731662677] [motoros2_mock]: QueueTrajPoint #1000 → forwarded to JTC. joints=[2.208, 0.128, -1.201, 0.199, -0.686, -0.024]
[INFO] [1781085015.730429984] [motoros2_mock]: QueueTrajPoint #1050 → forwarded to JTC. joints=[2.006, 0.141, -1.150, 0.204, -0.607, -0.038]
[INFO] [1781085018.729939961] [motoros2_mock]: QueueTrajPoint #1100 → forwarded to JTC. joints=[2.065, 0.053, -1.259, 0.226, -0.687, -0.024]
[INFO] [1781085020.931160960] [motoros2_mock]: MotoROS2 Mock Node shutdown.
