[INFO] [1779940976.249697888] [cartesian_streamer]: CartesianStreamer khởi động (chờ Enable Robot từ UI).
  Stream rate:       15 Hz (period=66.7ms)
  Queue dt:          0.067 s
  Prebuffer points:  3
  Retry backoff:     66.0 ms
  Gửi PoseStamped lên: /cartesian_streamer/target_pose
  Gửi XYZ lên:        /cartesian_streamer/target_xyz
  Nhận EE pose tại:   /cartesian_streamer/current_pose
[INFO] [1779940976.733806526] [cartesian_streamer]: Chờ /joint_states...
[INFO] [1779940978.734683790] [cartesian_streamer]: Chờ /joint_states...
[INFO] [1779940980.737163368] [cartesian_streamer]: Chờ /joint_states...
[INFO] [1779940982.737360771] [cartesian_streamer]: Chờ /joint_states...
[INFO] [1779940985.234630372] [cartesian_streamer]: Chờ /joint_states...
[INFO] [1779940987.733471942] [cartesian_streamer]: Chờ /joint_states...
[INFO] [1779940989.733572588] [cartesian_streamer]: Chờ /joint_states...
[INFO] [1779940992.233010050] [cartesian_streamer]: Chờ /joint_states...
[INFO] [1779940994.233282652] [cartesian_streamer]: Chờ /joint_states...
[INFO] [1779940996.233461736] [cartesian_streamer]: Chờ /joint_states...
[INFO] [1779940998.233706007] [cartesian_streamer]: Chờ /joint_states...
[INFO] [1779941000.234304581] [cartesian_streamer]: Chờ /joint_states...
[INFO] [1779941002.733757917] [cartesian_streamer]: Chờ /joint_states...
[INFO] [1779941005.234236637] [cartesian_streamer]: Chờ /joint_states...
[INFO] [1779941007.734039437] [cartesian_streamer]: Chờ /joint_states...
[INFO] [1779941010.233558628] [cartesian_streamer]: Chờ /joint_states...
[INFO] [1779941012.234009045] [cartesian_streamer]: Chờ /joint_states...
[INFO] [1779941014.733669059] [cartesian_streamer]: Chờ /joint_states...
[INFO] [1779941017.234245491] [cartesian_streamer]: Chờ /joint_states...
[INFO] [1779941019.234355047] [cartesian_streamer]: Chờ /joint_states...
[INFO] [1779941021.734372204] [cartesian_streamer]: Chờ /joint_states...
[INFO] [1779941024.234027238] [cartesian_streamer]: Chờ /joint_states...
[INFO] [1779941026.234411306] [cartesian_streamer]: Chờ /joint_states...
[INFO] [1779941028.733999586] [cartesian_streamer]: Chờ /joint_states...
[INFO] [1779941031.233553207] [cartesian_streamer]: Chờ /joint_states...
[INFO] [1779941033.233637123] [cartesian_streamer]: Chờ /joint_states...
[INFO] [1779941035.733917178] [cartesian_streamer]: Chờ /joint_states...
[INFO] [1779941038.234344811] [cartesian_streamer]: Chờ /joint_states...
[INFO] [1779941040.733573161] [cartesian_streamer]: Chờ /joint_states...
[INFO] [1779941043.233567564] [cartesian_streamer]: Chờ /joint_states...
[INFO] [1779941045.234186414] [cartesian_streamer]: Chờ /joint_states...
[INFO] [1779941047.234416525] [cartesian_streamer]: Chờ /joint_states...
[INFO] [1779941049.234465574] [cartesian_streamer]: Chờ /joint_states...
[INFO] [1779941051.734139615] [cartesian_streamer]: Chờ /joint_states...
[INFO] [1779941054.233745456] [cartesian_streamer]: Chờ /joint_states...
[INFO] [1779941056.733770244] [cartesian_streamer]: Chờ /joint_states...
[INFO] [1779941058.734063632] [cartesian_streamer]: Chờ /joint_states...
[INFO] [1779941060.734217816] [cartesian_streamer]: Chờ /joint_states...
[INFO] [1779941063.234061468] [cartesian_streamer]: Chờ /joint_states...
[INFO] [1779941065.234139280] [cartesian_streamer]: Chờ /joint_states...
[INFO] [1779941067.733232975] [cartesian_streamer]: Chờ /joint_states...
[INFO] [1779941069.734427435] [cartesian_streamer]: Chờ /joint_states...
[INFO] [1779941072.233636896] [cartesian_streamer]: Chờ /joint_states...
[INFO] [1779941074.234005049] [cartesian_streamer]: Chờ /joint_states...
[INFO] [1779941076.733689187] [cartesian_streamer]: Chờ /joint_states...
[INFO] [1779941078.733774933] [cartesian_streamer]: Chờ /joint_states...
[INFO] [1779941080.733793001] [cartesian_streamer]: Chờ /joint_states...
[INFO] [1779941082.734180943] [cartesian_streamer]: Chờ /joint_states...
[INFO] [1779941085.234312990] [cartesian_streamer]: Chờ /joint_states...
[INFO] [1779941087.733639214] [cartesian_streamer]: Chờ /joint_states...
[INFO] [1779941089.733698634] [cartesian_streamer]: Chờ /joint_states...
[INFO] [1779941091.734165701] [cartesian_streamer]: Chờ /joint_states...
[INFO] [1779941094.233518199] [cartesian_streamer]: Chờ /joint_states...
[INFO] [1779941096.234286808] [cartesian_streamer]: Chờ /joint_states...
[INFO] [1779941098.733378426] [cartesian_streamer]: Chờ /joint_states...
[INFO] [1779941100.733598196] [cartesian_streamer]: Chờ /joint_states...
[INFO] [1779941103.233536574] [cartesian_streamer]: Chờ /joint_states...
[INFO] [1779941105.234085811] [cartesian_streamer]: Chờ /joint_states...
[INFO] [1779941106.482845139] [cartesian_streamer]: Graceful shutdown: tắt Point Queue Mode trước khi thoát...
[INFO] [1779941106.483638709] [cartesian_streamer]: Robot chưa enable, không cần stop_traj_mode.
[INFO] [1779941106.484386123] [cartesian_streamer]: Shutdown hoàn tất. Tủ điện sẽ KHÔNG bị alarm.
