[INFO] [1779676865.401704410] [experiment_logger]: Logger ready.
[INFO] [1779676935.003055881] [experiment_logger]: Trajectory mode: prediction
[INFO] [1779676936.534055170] [experiment_logger]: Trajectory mode: prediction
[INFO] [1779676949.065903091] [experiment_logger]: Trajectory mode: prediction
[INFO] [1779676962.993313411] [experiment_logger]: Service called: /logger/toggle with data=True
[INFO] [1779676962.994086686] [experiment_logger]: ✓ STARTED in-memory logging. Target file: /home/duy/cocarry_ws/cocarry_logs/experiment_GRU_20260525_094242.csv
[INFO] [1779676976.374410603] [experiment_logger]: Service called: /logger/toggle with data=False
[INFO] [1779676976.374971559] [experiment_logger]: Writing 285 rows from memory to /home/duy/cocarry_ws/cocarry_logs/experiment_GRU_20260525_094242.csv...
[INFO] [1779676976.378236645] [experiment_logger]: ✓ Successfully wrote logs to disk.
[INFO] [1779676976.378715390] [experiment_logger]: Stopped logging. Saved 285 rows to /home/duy/cocarry_ws/cocarry_logs/experiment_GRU_20260525_094242.csv
[INFO] [1779676976.382196070] [experiment_logger]: 
============================================================
EXPERIMENT METRICS
  File: experiment_GRU_20260525_094242.csv
  Total samples: 285
  Task completion time: 13.38 s
  --- Prediction Accuracy (over 285 samples) ---
  Avg Inference Time: 6.47 ms
  Mean Squared Error (MSE): 0.004630 m²
  Mean Absolute Error (MAE - 3D): 0.0568 m
      MAE X: 0.0206 m
      MAE Y: 0.0489 m
      MAE Z: 0.0137 m
  --- Trajectory Smoothness (Robot EE) ---
  Mean Jerk (3D): 36.3875 m/s³
      Jerk X: 8.0472 m/s³
      Jerk Y: 27.1026 m/s³
      Jerk Z: 17.6615 m/s³
  Max Jerk (3D): 130.6487 m/s³
  RMS Jerk (3D): 42.9002 m/s³
============================================================
[INFO] [1779677052.352036586] [experiment_logger]: Trajectory mode: prediction
[INFO] [1779677066.911330768] [experiment_logger]: Service called: /logger/toggle with data=True
[INFO] [1779677066.912495350] [experiment_logger]: ✓ STARTED in-memory logging. Target file: /home/duy/cocarry_ws/cocarry_logs/experiment_GRU_20260525_094426.csv
[INFO] [1779677091.203631607] [experiment_logger]: Service called: /logger/toggle with data=False
[INFO] [1779677091.204130324] [experiment_logger]: Writing 557 rows from memory to /home/duy/cocarry_ws/cocarry_logs/experiment_GRU_20260525_094426.csv...
[INFO] [1779677091.208329737] [experiment_logger]: ✓ Successfully wrote logs to disk.
[INFO] [1779677091.209004079] [experiment_logger]: Stopped logging. Saved 557 rows to /home/duy/cocarry_ws/cocarry_logs/experiment_GRU_20260525_094426.csv
[INFO] [1779677091.216652867] [experiment_logger]: 
============================================================
EXPERIMENT METRICS
  File: experiment_GRU_20260525_094426.csv
  Total samples: 557
  Task completion time: 24.29 s
  --- Prediction Accuracy (over 557 samples) ---
  Avg Inference Time: 6.37 ms
  Mean Squared Error (MSE): 0.007236 m²
  Mean Absolute Error (MAE - 3D): 0.0615 m
      MAE X: 0.0244 m
      MAE Y: 0.0506 m
      MAE Z: 0.0169 m
  --- Trajectory Smoothness (Robot EE) ---
  Mean Jerk (3D): 36.4142 m/s³
      Jerk X: 9.7299 m/s³
      Jerk Y: 25.4589 m/s³
      Jerk Z: 18.6627 m/s³
  Max Jerk (3D): 139.4179 m/s³
  RMS Jerk (3D): 43.0624 m/s³
============================================================
[INFO] [1779677096.490609864] [experiment_logger]: Service called: /logger/toggle with data=False
