[INFO] [1781234488.530547246] [go_home_node]: Đang chờ /joint_states...
[INFO] [1781234488.565363978] [go_home_node]: Joints hiện tại: ['1.3025', '0.6199', '0.0502', '-0.0084', '-0.9757', '0.2730']
[INFO] [1781234488.565822306] [go_home_node]: Gọi stop_traj_mode...
[ERROR] [1781234493.585633499] [go_home_node]: Service stop_traj_mode TIMEOUT!
[INFO] [1781234494.086684506] [go_home_node]: Gọi reset_error...
[ERROR] [1781234499.097315340] [go_home_node]: Service reset_error TIMEOUT!
[INFO] [1781234499.598425429] [go_home_node]: Gọi start_point_queue_mode...
[INFO] [1781234499.883959328] [go_home_node]: ✓ Point Queue Mode ACTIVE — Servo ON!
[INFO] [1781234501.384987262] [go_home_node]: Gửi seed point...
[INFO] [1781234501.528334055] [go_home_node]: ✓ Seed point accepted.
[INFO] [1781234501.828979574] [go_home_node]: Di chuyển về Home trong 2.5s (50 points @ 20Hz)...
[WARN] [1781234507.718288520] [go_home_node]: Point 13 rejected: code=2
[WARN] [1781234507.764259946] [go_home_node]: Point 14 rejected: code=2
[WARN] [1781234507.818617315] [go_home_node]: Point 15 rejected: code=2
[WARN] [1781234507.862362231] [go_home_node]: Point 16 rejected: code=2
[WARN] [1781234507.899398665] [go_home_node]: Point 17 rejected: code=2
[WARN] [1781234507.933812575] [go_home_node]: Point 18 rejected: code=2
[WARN] [1781234507.969755605] [go_home_node]: Point 19 rejected: code=2
[WARN] [1781234508.006602697] [go_home_node]: Point 20 rejected: code=2
[WARN] [1781234508.054200451] [go_home_node]: Point 21 rejected: code=2
[WARN] [1781234508.088546643] [go_home_node]: Point 22 rejected: code=2
[WARN] [1781234508.136928870] [go_home_node]: Point 23 rejected: code=2
[WARN] [1781234508.182727060] [go_home_node]: Point 24 rejected: code=2
[WARN] [1781234508.220374228] [go_home_node]: Point 25 rejected: code=2
[WARN] [1781234508.438386466] [go_home_node]: Point 26 rejected: code=2
[WARN] [1781234508.472422521] [go_home_node]: Point 27 rejected: code=2
[WARN] [1781234508.511150010] [go_home_node]: Point 28 rejected: code=2
[WARN] [1781234508.553772642] [go_home_node]: Point 29 rejected: code=2
[WARN] [1781234508.590073842] [go_home_node]: Point 30 rejected: code=2
[WARN] [1781234508.628671512] [go_home_node]: Point 31 rejected: code=2
[WARN] [1781234508.661951382] [go_home_node]: Point 32 rejected: code=2
[WARN] [1781234508.700965363] [go_home_node]: Point 33 rejected: code=2
[WARN] [1781234508.740869241] [go_home_node]: Point 34 rejected: code=2
[WARN] [1781234508.777929644] [go_home_node]: Point 35 rejected: code=2
[WARN] [1781234508.817999451] [go_home_node]: Point 36 rejected: code=2
[WARN] [1781234508.861833852] [go_home_node]: Point 37 rejected: code=2
[WARN] [1781234508.911060653] [go_home_node]: Point 38 rejected: code=2
[WARN] [1781234508.950356250] [go_home_node]: Point 39 rejected: code=2
[WARN] [1781234508.991318032] [go_home_node]: Point 40 rejected: code=2
[WARN] [1781234509.053217954] [go_home_node]: Point 41 rejected: code=2
[WARN] [1781234509.087096779] [go_home_node]: Point 42 rejected: code=2
[WARN] [1781234509.123575306] [go_home_node]: Point 43 rejected: code=2
[WARN] [1781234509.159227902] [go_home_node]: Point 44 rejected: code=2
[WARN] [1781234509.200722194] [go_home_node]: Point 45 rejected: code=2
[WARN] [1781234509.238798472] [go_home_node]: Point 46 rejected: code=2
[WARN] [1781234509.277986832] [go_home_node]: Point 47 rejected: code=2
[WARN] [1781234509.316920519] [go_home_node]: Point 48 rejected: code=2
[WARN] [1781234509.356572547] [go_home_node]: Point 49 rejected: code=2
[WARN] [1781234509.392906442] [go_home_node]: Point 50 rejected: code=2
[INFO] [1781234509.449571329] [go_home_node]: ✓ Đã gửi 0/50 points. Robot đang di chuyển về Home...
[INFO] [1781234512.953250839] [go_home_node]: Thoát Point Queue Mode (stop_traj_mode)...
[INFO] [1781234513.505190878] [go_home_node]: ✓ stop_traj_mode thành công. Tủ điện sạch sẽ.
[INFO] [1781234513.505492147] [go_home_node]: ✓ Đã về Home an toàn! Controller đã thoát queue mode.
