[INFO] [1781241674.144281631] [cartesian_streamer]: CartesianStreamer khởi động (chờ Enable Robot từ UI).
  Stream rate:       15 Hz (period=66.7ms)
  Queue dt:          0.067 s
  Prebuffer points:  3
  Retry backoff:     66.0 ms
  Gửi PoseStamped lên: /cartesian_streamer/target_pose
  Gửi XYZ lên:        /cartesian_streamer/target_xyz
  Nhận EE pose tại:   /cartesian_streamer/current_pose
[INFO] [1781241674.627493861] [cartesian_streamer]: Chờ /joint_states...
[INFO] [1781241677.131516670] [cartesian_streamer]: Chờ /joint_states...
[INFO] [1781241679.131584716] [cartesian_streamer]: Chờ /joint_states...
[INFO] [1781241681.132073876] [cartesian_streamer]: Chờ /joint_states...
[INFO] [1781241683.626246552] [cartesian_streamer]: Chờ /joint_states...
[INFO] [1781241685.626900347] [cartesian_streamer]: Chờ /joint_states...
[INFO] [1781241687.627855869] [cartesian_streamer]: Chờ /joint_states...
[INFO] [1781241690.127677965] [cartesian_streamer]: Chờ /joint_states...
[INFO] [1781241692.628779207] [cartesian_streamer]: Chờ /joint_states...
[INFO] [1781241695.127090561] [cartesian_streamer]: Chờ /joint_states...
[INFO] [1781241697.627616450] [cartesian_streamer]: Chờ /joint_states...
[INFO] [1781241700.128349782] [cartesian_streamer]: Chờ /joint_states...
[INFO] [1781241702.627458833] [cartesian_streamer]: Chờ /joint_states...
[INFO] [1781241705.126576297] [cartesian_streamer]: Chờ /joint_states...
[INFO] [1781241707.626612163] [cartesian_streamer]: Chờ /joint_states...
[INFO] [1781241709.626750351] [cartesian_streamer]: Chờ /joint_states...
[INFO] [1781241711.627019746] [cartesian_streamer]: Chờ /joint_states...
[INFO] [1781241714.126831396] [cartesian_streamer]: Chờ /joint_states...
[INFO] [1781241716.626977928] [cartesian_streamer]: Chờ /joint_states...
[INFO] [1781241719.126690984] [cartesian_streamer]: Chờ /joint_states...
[INFO] [1781241721.627275328] [cartesian_streamer]: Chờ /joint_states...
[INFO] [1781241724.127056396] [cartesian_streamer]: Chờ /joint_states...
[INFO] [1781241726.128044158] [cartesian_streamer]: Chờ /joint_states...
[INFO] [1781241728.626665671] [cartesian_streamer]: Chờ /joint_states...
[INFO] [1781241730.626785640] [cartesian_streamer]: Chờ /joint_states...
[INFO] [1781241732.627602365] [cartesian_streamer]: Chờ /joint_states...
[INFO] [1781241735.127208385] [cartesian_streamer]: Chờ /joint_states...
[INFO] [1781241737.127864901] [cartesian_streamer]: Chờ /joint_states...
[INFO] [1781241739.626517427] [cartesian_streamer]: Chờ /joint_states...
[INFO] [1781241741.627909684] [cartesian_streamer]: Chờ /joint_states...
[INFO] [1781241744.127998021] [cartesian_streamer]: Chờ /joint_states...
[INFO] [1781241746.627325007] [cartesian_streamer]: Chờ /joint_states...
[INFO] [1781241749.127456458] [cartesian_streamer]: Chờ /joint_states...
[INFO] [1781241751.626619111] [cartesian_streamer]: Chờ /joint_states...
[INFO] [1781241753.627376767] [cartesian_streamer]: Chờ /joint_states...
[INFO] [1781241756.126820250] [cartesian_streamer]: Chờ /joint_states...
[INFO] [1781241758.127213555] [cartesian_streamer]: Chờ /joint_states...
[INFO] [1781241760.626418784] [cartesian_streamer]: Chờ /joint_states...
[INFO] [1781241762.627178344] [cartesian_streamer]: Chờ /joint_states...
[INFO] [1781241765.126802756] [cartesian_streamer]: Chờ /joint_states...
[INFO] [1781241767.626565207] [cartesian_streamer]: Chờ /joint_states...
[INFO] [1781241769.626574559] [cartesian_streamer]: Chờ /joint_states...
[INFO] [1781241772.127073317] [cartesian_streamer]: Chờ /joint_states...
[INFO] [1781241774.127267441] [cartesian_streamer]: Chờ /joint_states...
[INFO] [1781241776.626718998] [cartesian_streamer]: Chờ /joint_states...
[INFO] [1781241779.127792951] [cartesian_streamer]: Chờ /joint_states...
[INFO] [1781241781.627640917] [cartesian_streamer]: Chờ /joint_states...
[INFO] [1781241783.627787838] [cartesian_streamer]: Chờ /joint_states...
[INFO] [1781241785.627866729] [cartesian_streamer]: Chờ /joint_states...
[INFO] [1781241788.128218639] [cartesian_streamer]: Chờ /joint_states...
[INFO] [1781241790.628521703] [cartesian_streamer]: Chờ /joint_states...
[INFO] [1781241793.127513043] [cartesian_streamer]: Chờ /joint_states...
[INFO] [1781241795.127526810] [cartesian_streamer]: Chờ /joint_states...
[INFO] [1781241797.626941170] [cartesian_streamer]: Chờ /joint_states...
[INFO] [1781241800.126568660] [cartesian_streamer]: Chờ /joint_states...
[INFO] [1781241802.626991575] [cartesian_streamer]: Chờ /joint_states...
[INFO] [1781241805.126818280] [cartesian_streamer]: Chờ /joint_states...
[INFO] [1781241807.627010713] [cartesian_streamer]: Chờ /joint_states...
[INFO] [1781241810.126647572] [cartesian_streamer]: Chờ /joint_states...
[INFO] [1781241812.626582619] [cartesian_streamer]: Chờ /joint_states...
[INFO] [1781241815.126503673] [cartesian_streamer]: Chờ /joint_states...
[INFO] [1781241817.127135821] [cartesian_streamer]: Chờ /joint_states...
[INFO] [1781241819.626593547] [cartesian_streamer]: Chờ /joint_states...
[INFO] [1781241822.126845378] [cartesian_streamer]: Chờ /joint_states...
[INFO] [1781241824.626930321] [cartesian_streamer]: Chờ /joint_states...
[INFO] [1781241827.127853450] [cartesian_streamer]: Chờ /joint_states...
[INFO] [1781241829.627686084] [cartesian_streamer]: Chờ /joint_states...
[INFO] [1781241832.126370187] [cartesian_streamer]: Chờ /joint_states...
[INFO] [1781241834.128011253] [cartesian_streamer]: Chờ /joint_states...
[INFO] [1781241836.627937657] [cartesian_streamer]: Chờ /joint_states...
[INFO] [1781241838.628065029] [cartesian_streamer]: Chờ /joint_states...
[INFO] [1781241840.703589232] [cartesian_streamer]: Nhận joint_states: ['1.571', '0.124', '-1.022', '0.000', '-0.398', '0.000']
[WARN] [1781241842.128965023] [cartesian_streamer]: Không thể cross-validate FK (local hoặc MoveIt! FK thất bại). Local IK vẫn hoạt động nhưng CHƯA ĐƯỢC VALIDATE.
[INFO] [1781241842.130218740] [cartesian_streamer]: Đã nhận joint_states. EE hiện tại: (-0.1620, 0.2959, 0.3840). IK mode: Local DLS. Chờ Enable Robot từ UI...
[INFO] [1781241944.231894475] [cartesian_streamer]: Enable Robot: bắt đầu chuỗi khởi động...
[INFO] [1781241944.232388509] [cartesian_streamer]: Enable: reset_error...
[INFO] [1781241944.251716229] [cartesian_streamer]: reset_error: code=1, msg="success"
[INFO] [1781241944.252220817] [cartesian_streamer]: Enable: stop_traj_mode (giải phóng mode cũ)...
[INFO] [1781241944.314738428] [cartesian_streamer]: stop_traj_mode: success=True, code=N/A, msg=""
[INFO] [1781241944.315244236] [cartesian_streamer]: Enable: chờ 1.5s để hệ thống ổn định trước khi start queue...
[INFO] [1781241945.816240278] [cartesian_streamer]: Enable: StartPointQueueMode...
[INFO] [1781241948.202699517] [cartesian_streamer]: StartPointQueueMode response: code=1, msg=""
[INFO] [1781241948.203228279] [cartesian_streamer]: ✓ Robot ENABLED — Point Queue Mode active. Servo ON!
[INFO] [1781241948.259754926] [cartesian_streamer]: Runtime rate: state=seeding, tick_hz=0.0, queue_send_hz=0.0, ack_hz=0.0, busy_hz=0.0, retry_count=0, reject_count=0, inter_ack_ms=0.0, max_joint_delta=0.000, cumul_time=0.00s, hold_count=0, ik_mode=Local, ik_avg_ms=0.00, ik_fails=0
[INFO] [1781241948.260788051] [cartesian_streamer]: Bootstrap EE pose via FK: (-0.1620, 0.2959, 0.3839)
[INFO] [1781241948.261095487] [cartesian_streamer]: Đang stream qua service: /queue_traj_point
[INFO] [1781241948.261566863] [cartesian_streamer]: Đã gửi seed point (current joints, t=0), chờ ACK...
[INFO] [1781241948.327379689] [cartesian_streamer]: Bootstrap EE pose via FK: (-0.1620, 0.2959, 0.3839)
[INFO] [1781241948.389533614] [cartesian_streamer]: Seed ACK nhận được, bắt đầu prebuffer.
[INFO] [1781241948.390077129] [cartesian_streamer]: Queue accepted sample#1: svc=/queue_traj_point, t_cumul=0.0000s, code=1, msg="", hold=False
[INFO] [1781241948.621671114] [cartesian_streamer]: Queue accepted sample#2: svc=/queue_traj_point, t_cumul=0.1317s, code=1, msg="", hold=True
[INFO] [1781241948.791295700] [cartesian_streamer]: Queue accepted sample#3: svc=/queue_traj_point, t_cumul=0.3317s, code=1, msg="", hold=True
[INFO] [1781241948.921436611] [cartesian_streamer]: Pre-buffer hoàn tất (3 points), bắt đầu stream ổn định. Đang chờ target...
[INFO] [1781241948.921968162] [cartesian_streamer]: Queue accepted sample#4: svc=/queue_traj_point, t_cumul=0.4644s, code=1, msg="", hold=True
[INFO] [1781241949.157444712] [cartesian_streamer]: Queue accepted sample#5: svc=/queue_traj_point, t_cumul=0.5976s, code=1, msg="", hold=True
[WARN] [1781241951.000850863] [cartesian_streamer]: Queue BUSY, sẽ resend (backoff 66ms): msg="Busy processing the previous trajectory point. Please resend the next point shortly"
[INFO] [1781241951.147113691] [cartesian_streamer]: QueueTrajPoint accepted #20: t=2.398s, hold=True
[WARN] [1781241952.445030430] [cartesian_streamer]: Queue BUSY, sẽ resend (backoff 66ms): msg="Busy processing the previous trajectory point. Please resend the next point shortly"
[INFO] [1781241953.259856502] [cartesian_streamer]: Runtime rate: state=streaming, tick_hz=15.0, queue_send_hz=6.8, ack_hz=6.4, busy_hz=0.4, retry_count=2, reject_count=0, inter_ack_ms=157.0, max_joint_delta=0.000, cumul_time=3.86s, hold_count=31, ik_mode=Local, ik_avg_ms=0.00, ik_fails=0
[INFO] [1781241954.729287659] [cartesian_streamer]: IK OK → Δmax=0.0067 rad, joints: [1.566, 0.128, -1.016, -0.000, -0.401, 0.005]
[WARN] [1781241954.793312705] [cartesian_streamer]: QueueTrajPoint đã được accept nhưng joint_states hầu như không đổi. Kiểm tra: 1) Robot ở mode AUTO? 2) Servo ON? 3) E-stop cleared?
[INFO] [1781241954.850396187] [cartesian_streamer]: QueueTrajPoint accepted #40: t=5.065s, hold=False
[WARN] [1781241954.870416231] [cartesian_streamer]: Queue BUSY, sẽ resend (backoff 66ms): msg="Busy processing the previous trajectory point. Please resend the next point shortly"
[INFO] [1781241956.795795892] [cartesian_streamer]: IK OK → Δmax=0.0237 rad, joints: [1.553, 0.106, -0.864, -0.001, -0.575, 0.019]
[INFO] [1781241956.998640353] [cartesian_streamer]: QueueTrajPoint accepted #60: t=7.067s, hold=False
[INFO] [1781241958.326612319] [cartesian_streamer]: Runtime rate: state=streaming, tick_hz=15.0, queue_send_hz=8.9, ack_hz=8.7, busy_hz=0.2, retry_count=1, reject_count=0, inter_ack_ms=114.4, max_joint_delta=0.054, cumul_time=8.33s, hold_count=0, ik_mode=Local, ik_avg_ms=1.29, ik_fails=0
[INFO] [1781241958.616104633] [cartesian_streamer]: QueueTrajPoint accepted #80: t=8.665s, hold=False
[INFO] [1781241958.797512795] [cartesian_streamer]: IK OK → Δmax=0.0406 rad, joints: [1.542, 0.244, -0.395, -0.001, -0.905, 0.030]
[INFO] [1781241959.594985547] [cartesian_streamer]: IK delta clamped → joints: [1.529, 0.347, -0.196, -0.001, -1.004, 0.043]
[INFO] [1781241960.862128306] [cartesian_streamer]: IK OK → Δmax=0.0618 rad, joints: [1.500, 0.561, 0.148, -0.002, -1.132, 0.072]
[INFO] [1781241960.941126231] [cartesian_streamer]: QueueTrajPoint accepted #100: t=10.864s, hold=False
[INFO] [1781241962.414839655] [cartesian_streamer]: QueueTrajPoint accepted #120: t=12.332s, hold=False
[INFO] [1781241962.795271793] [cartesian_streamer]: IK delta clamped → joints: [1.467, 0.900, 0.779, -0.003, -1.426, 0.104]
[INFO] [1781241962.862964281] [cartesian_streamer]: IK OK → Δmax=0.0688 rad, joints: [1.468, 0.914, 0.814, -0.003, -1.444, 0.103]
[INFO] [1781241963.327140400] [cartesian_streamer]: Runtime rate: state=streaming, tick_hz=15.0, queue_send_hz=10.8, ack_hz=10.8, busy_hz=0.0, retry_count=0, reject_count=0, inter_ack_ms=93.1, max_joint_delta=0.070, cumul_time=13.13s, hold_count=0, ik_mode=Local, ik_avg_ms=1.42, ik_fails=0
[INFO] [1781241964.210756298] [cartesian_streamer]: QueueTrajPoint accepted #140: t=14.131s, hold=False
[INFO] [1781241964.860959287] [cartesian_streamer]: IK delta clamped → joints: [1.408, 0.988, 0.798, -0.004, -1.359, 0.164]
[INFO] [1781241964.929844883] [cartesian_streamer]: IK OK → Δmax=0.0700 rad, joints: [1.404, 1.003, 0.798, -0.004, -1.378, 0.167]
[INFO] [1781241966.481470101] [cartesian_streamer]: QueueTrajPoint accepted #160: t=16.133s, hold=False
[INFO] [1781241966.997666881] [cartesian_streamer]: IK OK → Δmax=0.0437 rad, joints: [1.329, 1.061, 0.844, -0.006, -1.328, 0.243]
[INFO] [1781241968.210161604] [cartesian_streamer]: QueueTrajPoint accepted #180: t=17.865s, hold=False
[INFO] [1781241968.393127707] [cartesian_streamer]: Runtime rate: state=streaming, tick_hz=15.0, queue_send_hz=10.1, ack_hz=10.1, busy_hz=0.0, retry_count=0, reject_count=0, inter_ack_ms=99.4, max_joint_delta=0.073, cumul_time=17.93s, hold_count=0, ik_mode=Local, ik_avg_ms=1.47, ik_fails=0
[INFO] [1781241969.032755684] [cartesian_streamer]: Local IK không hội tụ (fail #1)
[WARN] [1781241969.618136359] [cartesian_streamer]: Local IK failed 10x liên tiếp! Fallback sang MoveIt! IK...
[INFO] [1781241969.619060420] [cartesian_streamer]: IK OK → Δmax=0.0000 rad, joints: [1.263, 1.149, 1.023, -0.008, -1.420, 0.308]
[INFO] [1781241970.016523652] [cartesian_streamer]: QueueTrajPoint accepted #200: t=19.536s, hold=False
[WARN] [1781241971.692732776] [cartesian_streamer]: Local IK failed 39x liên tiếp! Fallback sang MoveIt! IK...
[INFO] [1781241971.693121652] [cartesian_streamer]: IK OK → Δmax=0.0000 rad, joints: [1.263, 1.149, 1.023, -0.008, -1.420, 0.308]
[WARN] [1781241972.222864678] [cartesian_streamer]: Queue BUSY, sẽ resend (backoff 66ms): msg="Busy processing the previous trajectory point. Please resend the next point shortly"
[INFO] [1781241973.221201277] [cartesian_streamer]: QueueTrajPoint accepted #220: t=22.172s, hold=False
[INFO] [1781241973.393408114] [cartesian_streamer]: Runtime rate: state=streaming, tick_hz=15.0, queue_send_hz=8.4, ack_hz=8.0, busy_hz=0.2, retry_count=1, reject_count=0, inter_ack_ms=121.4, max_joint_delta=0.031, cumul_time=22.38s, hold_count=0, ik_mode=Local, ik_avg_ms=6.53, ik_fails=62
[WARN] [1781241973.749048418] [cartesian_streamer]: Local IK failed 68x liên tiếp! Fallback sang MoveIt! IK...
[INFO] [1781241973.749678408] [cartesian_streamer]: IK OK → Δmax=0.0000 rad, joints: [1.263, 1.149, 1.023, -0.008, -1.420, 0.308]
[WARN] [1781241975.193472752] [cartesian_streamer]: QueueTrajPoint đã được accept nhưng joint_states hầu như không đổi. Kiểm tra: 1) Robot ở mode AUTO? 2) Servo ON? 3) E-stop cleared?
[WARN] [1781241975.814947378] [cartesian_streamer]: Local IK failed 97x liên tiếp! Fallback sang MoveIt! IK...
[INFO] [1781241975.815277854] [cartesian_streamer]: IK OK → Δmax=0.0000 rad, joints: [1.263, 1.149, 1.023, -0.008, -1.420, 0.308]
[INFO] [1781241975.904991448] [cartesian_streamer]: QueueTrajPoint accepted #240: t=24.576s, hold=False
[WARN] [1781241977.882089661] [cartesian_streamer]: Local IK failed 125x liên tiếp! Fallback sang MoveIt! IK...
[INFO] [1781241977.882459545] [cartesian_streamer]: IK OK → Δmax=0.0000 rad, joints: [1.263, 1.149, 1.023, -0.008, -1.420, 0.308]
[INFO] [1781241978.459657589] [cartesian_streamer]: Runtime rate: state=streaming, tick_hz=15.0, queue_send_hz=6.7, ack_hz=6.7, busy_hz=0.0, retry_count=0, reject_count=0, inter_ack_ms=152.1, max_joint_delta=0.000, cumul_time=26.67s, hold_count=0, ik_mode=Local, ik_avg_ms=10.14, ik_fails=133
[INFO] [1781241979.169947741] [cartesian_streamer]: QueueTrajPoint accepted #260: t=27.201s, hold=False
[INFO] [1781241979.864257753] [cartesian_streamer]: IK delta clamped → joints: [1.231, 1.079, 1.036, -0.009, -1.510, 0.340]
[INFO] [1781241979.929339582] [cartesian_streamer]: IK OK → Δmax=0.0900 rad, joints: [1.230, 1.079, 1.020, -0.009, -1.510, 0.341]
[INFO] [1781241980.548474657] [cartesian_streamer]: Local IK không hội tụ (fail #1)
[WARN] [1781241981.347209350] [cartesian_streamer]: Local IK failed 10x liên tiếp! Fallback sang MoveIt! IK...
[INFO] [1781241981.495994122] [cartesian_streamer]: QueueTrajPoint accepted #280: t=29.478s, hold=False
[INFO] [1781241981.994109991] [cartesian_streamer]: IK OK → Δmax=0.0193 rad, joints: [1.204, 0.868, 0.817, -0.009, -1.496, 0.367]
[WARN] [1781241982.667458850] [cartesian_streamer]: Queue BUSY, sẽ resend (backoff 66ms): msg="Busy processing the previous trajectory point. Please resend the next point shortly"
[INFO] [1781241983.526337828] [cartesian_streamer]: Runtime rate: state=streaming, tick_hz=15.0, queue_send_hz=8.7, ack_hz=8.5, busy_hz=0.4, retry_count=2, reject_count=0, inter_ack_ms=117.6, max_joint_delta=0.090, cumul_time=31.12s, hold_count=0, ik_mode=Local, ik_avg_ms=10.56, ik_fails=164
[INFO] [1781241983.614994365] [cartesian_streamer]: QueueTrajPoint accepted #300: t=31.259s, hold=False
[INFO] [1781241984.060351489] [cartesian_streamer]: IK OK → Δmax=0.0043 rad, joints: [1.256, 0.796, 0.622, -0.008, -1.371, 0.317]
[INFO] [1781241985.449292314] [cartesian_streamer]: QueueTrajPoint accepted #320: t=32.925s, hold=False
[INFO] [1781241985.928016087] [cartesian_streamer]: IK delta clamped → joints: [1.271, 0.689, 0.547, -0.008, -1.409, 0.301]
[INFO] [1781241986.062796891] [cartesian_streamer]: IK OK → Δmax=0.0900 rad, joints: [1.264, 0.693, 0.547, -0.008, -1.426, 0.308]
[WARN] [1781241986.195907330] [cartesian_streamer]: Service call timeout (500ms). Resetting inflight flag.
[INFO] [1781241987.646905436] [cartesian_streamer]: QueueTrajPoint accepted #340: t=34.791s, hold=False
[INFO] [1781241988.131032546] [cartesian_streamer]: IK OK → Δmax=0.0419 rad, joints: [1.168, 0.407, 0.243, -0.010, -1.383, 0.404]
[INFO] [1781241988.527065397] [cartesian_streamer]: Runtime rate: state=streaming, tick_hz=15.0, queue_send_hz=10.2, ack_hz=10.0, busy_hz=0.0, retry_count=0, reject_count=0, inter_ack_ms=99.5, max_joint_delta=0.090, cumul_time=35.72s, hold_count=0, ik_mode=Local, ik_avg_ms=9.15, ik_fails=164
[INFO] [1781241989.553122625] [cartesian_streamer]: QueueTrajPoint accepted #360: t=36.790s, hold=False
[INFO] [1781241990.195068186] [cartesian_streamer]: IK OK → Δmax=0.0224 rad, joints: [1.109, 0.170, -0.161, -0.012, -1.216, 0.466]
[INFO] [1781241991.675221247] [cartesian_streamer]: QueueTrajPoint accepted #380: t=38.854s, hold=False
[INFO] [1781241992.263693080] [cartesian_streamer]: IK OK → Δmax=0.0142 rad, joints: [0.964, -0.027, -0.553, -0.018, -1.023, 0.615]
[INFO] [1781241993.263353762] [cartesian_streamer]: IK delta clamped → joints: [1.106, 0.036, -0.617, -0.015, -0.894, 0.467]
[INFO] [1781241993.594086337] [cartesian_streamer]: Runtime rate: state=streaming, tick_hz=15.0, queue_send_hz=9.5, ack_hz=9.5, busy_hz=0.0, retry_count=0, reject_count=0, inter_ack_ms=105.5, max_joint_delta=0.090, cumul_time=40.59s, hold_count=0, ik_mode=Local, ik_avg_ms=8.11, ik_fails=164
[INFO] [1781241993.807435441] [cartesian_streamer]: QueueTrajPoint accepted #400: t=40.852s, hold=False
[INFO] [1781241994.327695775] [cartesian_streamer]: IK OK → Δmax=0.0335 rad, joints: [1.245, 0.055, -0.650, -0.011, -0.842, 0.333]
[INFO] [1781241995.855205443] [cartesian_streamer]: QueueTrajPoint accepted #420: t=42.651s, hold=False
[INFO] [1781241996.397066629] [cartesian_streamer]: IK OK → Δmax=0.0038 rad, joints: [1.342, -0.037, -0.554, -0.007, -1.028, 0.233]
[INFO] [1781241997.806872415] [cartesian_streamer]: QueueTrajPoint accepted #440: t=44.651s, hold=False
[INFO] [1781241997.980759782] [cartesian_streamer]: Disable Robot: dừng stream, tắt traj mode...
[INFO] [1781241997.981701292] [cartesian_streamer]: ✗ Robot DISABLED.
[INFO] [1781242004.123047836] [cartesian_streamer]: Disable Robot: dừng stream, tắt traj mode...
[INFO] [1781242004.124264676] [cartesian_streamer]: ✗ Robot DISABLED.
[INFO] [1781242298.297287643] [cartesian_streamer]: Graceful shutdown: tắt Point Queue Mode trước khi thoát...
[INFO] [1781242298.298255646] [cartesian_streamer]: Robot chưa enable, không cần stop_traj_mode.
[INFO] [1781242298.299190634] [cartesian_streamer]: Shutdown hoàn tất. Tủ điện sẽ KHÔNG bị alarm.
