[INFO] [1781249865.576395344] [coord_transform]: CoordTransformNode khởi động.
  Object offset (cam frame): [0.05 0.   0.1 ]
  Translation cam→base:      [0.5 0.  1.2]
  EE orientation (xyzw):     [0.0, 1.0, 0.0, 0.0]
  Prediction step:           5
  Axis remap:                [0, 1, 2]
  Axis sign:                 [-1.0, 1.0, 1.0]
  Workspace X: (-1.0, 1.0), Y: (-0.5, 1.3), Z: (0.05, 1.5)
  Filter outlier_threshold:  0.15m
  Filter median_size_y:      3
  Filter deadband_tol:       15.0mm
  Filter stationary_thresh:  3 frames
  Filter max_rate:           5.0cm/frame
  Filter EMA moving(x,y,z):  (1.0,1.0,1.0)
  Filter EMA hold  (x,y,z):  (0.08,0.02,0.05)
[WARN] [1781249903.887288557] [coord_transform]: Outlier rejected #1 (jumped 183.5mm). Ignoring.
[WARN] [1781249906.531579939] [coord_transform]: Outlier rejected #1 (jumped 2090.3mm). Ignoring.
[WARN] [1781249906.563996498] [coord_transform]: Outlier rejected #2 (jumped 2097.3mm). Ignoring.
[WARN] [1781249906.594871824] [coord_transform]: Outlier rejected #3 (jumped 2082.3mm). Ignoring.
[WARN] [1781249906.646596868] [coord_transform]: Outlier rejected #4 (jumped 2097.3mm). Ignoring.
[INFO] [1781249906.677234331] [coord_transform]: Too many outliers (5). Resetting filter to new position.
[INFO] [1781249915.004698998] [coord_transform]: Captured Init Pose! P_init=(-0.162, 0.280, 0.379), Cam_init=(0.244, -0.222, 0.087), Noise_Tol=60.0mm
Orientation=(0.998, 0.064, -0.000, 0.000)
[INFO] [1781249915.028342638] [coord_transform]: Deadband: RELEASE — motion detected
[INFO] [1781249915.162775641] [coord_transform]: Deadband: HOLD at (0.244, -0.222, 0.087)
[INFO] [1781249917.060192076] [coord_transform]: Deadband: RELEASE — motion detected
[INFO] [1781249917.239907633] [coord_transform]: Deadband: HOLD at (0.244, -0.222, 0.087)
[INFO] [1781249919.061002907] [coord_transform]: Deadband: RELEASE — motion detected
[INFO] [1781249919.302412723] [coord_transform]: Deadband: HOLD at (0.244, -0.222, 0.087)
[INFO] [1781249921.062112772] [coord_transform]: Deadband: RELEASE — motion detected
[INFO] [1781249921.362996227] [coord_transform]: Deadband: HOLD at (0.244, -0.222, 0.087)
[INFO] [1781249923.096440653] [coord_transform]: Deadband: RELEASE — motion detected
[INFO] [1781249923.398481760] [coord_transform]: Deadband: HOLD at (0.244, -0.222, 0.087)
[INFO] [1781249925.098114477] [coord_transform]: Deadband: RELEASE — motion detected
[INFO] [1781249925.468673017] [coord_transform]: Deadband: HOLD at (0.244, -0.222, 0.087)
[INFO] [1781249927.167384090] [coord_transform]: Deadband: RELEASE — motion detected
[INFO] [1781249927.478813421] [coord_transform]: Deadband: HOLD at (0.244, -0.222, 0.087)
[INFO] [1781249929.184733116] [coord_transform]: Deadband: RELEASE — motion detected
[INFO] [1781249929.532283673] [coord_transform]: Deadband: HOLD at (0.244, -0.222, 0.087)
[INFO] [1781249931.233944957] [coord_transform]: Deadband: RELEASE — motion detected
[INFO] [1781249931.534816184] [coord_transform]: Deadband: HOLD at (0.244, -0.222, 0.087)
[INFO] [1781249933.019162112] [coord_transform]: Re-sync camera init: [ 0.225 -0.213  0.087]
[INFO] [1781249933.019439857] [coord_transform]: Trạng thái tracking: RUNNING
