[INFO] [1781086719.843241102] [coord_transform]: CoordTransformNode khởi động.
  Object offset (cam frame): [0.05 0.   0.1 ]
  Translation cam→base:      [0.5 0.  1.2]
  EE orientation (xyzw):     [0.0, 1.0, 0.0, 0.0]
  Prediction step:           5
  Axis remap:                [0, 1, 2]
  Axis sign:                 [-1.0, 1.0, 1.0]
  Workspace X: (-1.0, 1.0), Y: (-0.5, 1.3), Z: (0.05, 1.5)
  Filter outlier_threshold:  0.15m
  Filter median_size_y:      3
  Filter deadband_tol:       35.0mm
  Filter stationary_thresh:  3 frames
  Filter max_rate:           5.0cm/frame
  Filter EMA moving(x,y,z):  (0.75,0.5,0.75)
  Filter EMA hold  (x,y,z):  (0.08,0.02,0.05)
[WARN] [1781086761.294365649] [coord_transform]: Outlier rejected #1 (jumped 797.8mm). Ignoring.
[WARN] [1781086761.346718652] [coord_transform]: Outlier rejected #2 (jumped 797.0mm). Ignoring.
[WARN] [1781086761.393227058] [coord_transform]: Outlier rejected #3 (jumped 802.1mm). Ignoring.
[WARN] [1781086761.451435244] [coord_transform]: Outlier rejected #4 (jumped 798.8mm). Ignoring.
[INFO] [1781086761.506862961] [coord_transform]: Too many outliers (5). Resetting filter to new position.
[INFO] [1781086765.968471820] [coord_transform]: Đã chuyển mode: ground_truth -> prediction
[INFO] [1781086767.582180726] [coord_transform]: Captured Init Pose! P_init=(-0.130, 0.621, 0.457), Cam_init=(-0.000, -0.002, -0.001), Noise_Tol=6.9mm
Orientation=(0.717, 0.696, -0.032, 0.022)
[INFO] [1781086767.584869798] [coord_transform]: Deadband: RELEASE — motion detected
[INFO] [1781086767.788910690] [coord_transform]: Deadband: HOLD at (-0.000, -0.002, -0.001)
[INFO] [1781086767.792988515] [coord_transform]: [SNAP ON] Tay đứng yên, GRU lệch 0.0cm (< 10cm). Snap prediction về actual hand.
[INFO] [1781086768.564010709] [coord_transform]: [SNAP OFF] Tay di chuyển lại. Thả snap.
[INFO] [1781086782.678008245] [coord_transform]: Re-sync camera init: [0.066 0.058 0.069]
[INFO] [1781086782.678525201] [coord_transform]: Trạng thái tracking: RUNNING
[INFO] [1781086782.699856437] [coord_transform]: Deadband: RELEASE — motion detected
[INFO] [1781086782.721906854] [coord_transform]: [PREDICTION] Transform: cam[0.068 0.055 0.058] → base[-0.132  0.618  0.445]
[INFO] [1781086782.981415123] [coord_transform]: Deadband: HOLD at (0.066, 0.058, 0.069)
[INFO] [1781086782.985272605] [coord_transform]: [SNAP ON] Tay đứng yên, GRU lệch 1.2cm (< 10cm). Snap prediction về actual hand.
[INFO] [1781086783.415434847] [coord_transform]: [SNAP OFF] Tay di chuyển lại. Thả snap.
[INFO] [1781086784.794736840] [coord_transform]: [PREDICTION] Transform: cam[0.078 0.103 0.107] → base[-0.142  0.665  0.494]
[INFO] [1781086786.827478302] [coord_transform]: [PREDICTION] Transform: cam[0.04  0.284 0.196] → base[-0.104  0.847  0.584]
[INFO] [1781086788.828609853] [coord_transform]: [PREDICTION] Transform: cam[0.011 0.335 0.059] → base[-0.075  0.897  0.447]
[INFO] [1781086790.901156342] [coord_transform]: [PREDICTION] Transform: cam[0.039 0.172 0.153] → base[-0.103  0.734  0.541]
[INFO] [1781086792.943465727] [coord_transform]: [PREDICTION] Transform: cam[-0.013 -0.004  0.101] → base[-0.051  0.558  0.489]
[INFO] [1781086794.976535685] [coord_transform]: [PREDICTION] Transform: cam[-0.109 -0.28   0.008] → base[0.045 0.282 0.396]
[INFO] [1781086797.047839995] [coord_transform]: [PREDICTION] Transform: cam[-0.068 -0.237  0.049] → base[0.004 0.326 0.436]
[INFO] [1781086799.091028998] [coord_transform]: [PREDICTION] Transform: cam[-0.036 -0.086  0.151] → base[-0.028  0.477  0.539]
[INFO] [1781086801.172421081] [coord_transform]: [PREDICTION] Transform: cam[-0.113  0.089  0.079] → base[0.049 0.652 0.467]
[INFO] [1781086803.199310668] [coord_transform]: [PREDICTION] Transform: cam[-0.015  0.111  0.127] → base[-0.049  0.673  0.514]
[INFO] [1781086805.281431120] [coord_transform]: [PREDICTION] Transform: cam[0.026 0.081 0.102] → base[-0.09   0.644  0.49 ]
[INFO] [1781086805.593616898] [coord_transform]: Deadband: HOLD at (0.066, 0.058, 0.069)
[INFO] [1781086805.806839154] [coord_transform]: Deadband: RELEASE — motion detected
[INFO] [1781086807.300932714] [coord_transform]: [PREDICTION] Transform: cam[0.168 0.08  0.069] → base[-0.232  0.643  0.457]
[INFO] [1781086809.374550586] [coord_transform]: [PREDICTION] Transform: cam[0.208 0.162 0.064] → base[-0.272  0.725  0.451]
[INFO] [1781086811.788859798] [coord_transform]: [PREDICTION] Transform: cam[0.2   0.155 0.077] → base[-0.263  0.718  0.464]
[INFO] [1781086813.816173194] [coord_transform]: [PREDICTION] Transform: cam[0.204 0.156 0.076] → base[-0.268  0.719  0.463]
[INFO] [1781086815.837741951] [coord_transform]: [PREDICTION] Transform: cam[0.211 0.156 0.076] → base[-0.275  0.718  0.464]
[INFO] [1781086818.246470277] [coord_transform]: [PREDICTION] Transform: cam[0.216 0.165 0.074] → base[-0.28   0.728  0.462]
[INFO] [1781086820.565589465] [coord_transform]: [PREDICTION] Transform: cam[0.219 0.167 0.074] → base[-0.283  0.729  0.461]
[INFO] [1781086822.589702248] [coord_transform]: [PREDICTION] Transform: cam[0.114 0.046 0.12 ] → base[-0.178  0.608  0.508]
[INFO] [1781086824.626088382] [coord_transform]: [PREDICTION] Transform: cam[ 0.025 -0.087  0.044] → base[-0.089  0.476  0.431]
[INFO] [1781086826.666354455] [coord_transform]: [PREDICTION] Transform: cam[ 0.024 -0.085  0.039] → base[-0.088  0.478  0.427]
[INFO] [1781086828.709264060] [coord_transform]: [PREDICTION] Transform: cam[-0.08   0.09   0.114] → base[0.016 0.653 0.501]
[INFO] [1781086830.786733751] [coord_transform]: [PREDICTION] Transform: cam[-0.166  0.292  0.053] → base[0.102 0.855 0.44 ]
[INFO] [1781086832.816792512] [coord_transform]: [PREDICTION] Transform: cam[-0.101  0.278  0.07 ] → base[0.037 0.84  0.457]
[INFO] [1781086834.957365688] [coord_transform]: [PREDICTION] Transform: cam[-0.024  0.273  0.08 ] → base[-0.04   0.836  0.468]
[INFO] [1781086836.970912768] [coord_transform]: [PREDICTION] Transform: cam[0.142 0.419 0.018] → base[-0.206  0.982  0.405]
