[INFO] [1780018643.738112982] [experiment_logger]: ✓ STARTED in-memory logging. Target file: /home/duy/cocarry_ws/cocarry_logs/experiment_GROUND_TRUTH_20260529_083723.csv
[INFO] [1780018643.755818307] [experiment_logger]: Logger ready.
[INFO] [1780018708.131764919] [experiment_logger]: Trajectory mode: ground_truth
[INFO] [1780018788.875606574] [experiment_logger]: Service called: /logger/toggle with data=True
[INFO] [1780018871.336693041] [experiment_logger]: Service called: /logger/toggle with data=False
[INFO] [1780018871.337096826] [experiment_logger]: Writing 4165 rows from memory to /home/duy/cocarry_ws/cocarry_logs/experiment_GROUND_TRUTH_20260529_083723.csv...
[INFO] [1780018871.376403768] [experiment_logger]: ✓ Successfully wrote logs to disk.
[INFO] [1780018871.379247869] [experiment_logger]: Stopped logging. Saved 4165 rows to /home/duy/cocarry_ws/cocarry_logs/experiment_GROUND_TRUTH_20260529_083723.csv
[INFO] [1780018871.448539022] [experiment_logger]: 
============================================================
EXPERIMENT METRICS
  File: experiment_GROUND_TRUTH_20260529_083723.csv
  Total samples: 4165
  Task completion time: 227.63 s
  Mode: GROUND TRUTH (no prediction metrics)
  --- Trajectory Smoothness (Robot EE) ---
  Mean Jerk (3D): 20.9217 m/s³
      Jerk X: 4.8105 m/s³
      Jerk Y: 15.8602 m/s³
      Jerk Z: 8.4142 m/s³
  Max Jerk (3D): 178.4426 m/s³
  RMS Jerk (3D): 27.6266 m/s³
============================================================
[INFO] [1780019048.698085846] [experiment_logger]: Trajectory mode: prediction
[INFO] [1780019048.703427373] [experiment_logger]: Trajectory mode: prediction
[INFO] [1780019048.973573814] [experiment_logger]: Trajectory mode: prediction
[INFO] [1780019049.241718296] [experiment_logger]: Trajectory mode: prediction
[INFO] [1780019079.478831630] [experiment_logger]: Trajectory mode: prediction
[INFO] [1780019085.855414609] [experiment_logger]: Service called: /logger/toggle with data=True
[INFO] [1780019085.855811680] [experiment_logger]: ✓ STARTED in-memory logging. Target file: /home/duy/cocarry_ws/cocarry_logs/experiment_GRU_20260529_084445.csv
[INFO] [1780019201.562561094] [experiment_logger]: Service called: /logger/toggle with data=False
[INFO] [1780019201.563245706] [experiment_logger]: Writing 2327 rows from memory to /home/duy/cocarry_ws/cocarry_logs/experiment_GRU_20260529_084445.csv...
[INFO] [1780019201.589833422] [experiment_logger]: ✓ Successfully wrote logs to disk.
[INFO] [1780019201.592732882] [experiment_logger]: Stopped logging. Saved 2327 rows to /home/duy/cocarry_ws/cocarry_logs/experiment_GRU_20260529_084445.csv
[INFO] [1780019201.624495300] [experiment_logger]: 
============================================================
EXPERIMENT METRICS
  File: experiment_GRU_20260529_084445.csv
  Total samples: 2327
  Task completion time: 115.71 s
  --- Prediction Accuracy (over 2327 samples) ---
  Avg Inference Time: 6.90 ms
  Mean Squared Error (MSE): 0.001471 m²
  Mean Absolute Error (MAE - 3D): 0.0336 m
      MAE X: 0.0152 m
      MAE Y: 0.0241 m
      MAE Z: 0.0088 m
  --- Trajectory Smoothness (Robot EE) ---
  Mean Jerk (3D): 21.6188 m/s³
      Jerk X: 6.4089 m/s³
      Jerk Y: 16.0808 m/s³
      Jerk Z: 8.7202 m/s³
  Max Jerk (3D): 194.2754 m/s³
  RMS Jerk (3D): 28.3144 m/s³
============================================================
[INFO] [1780019253.432912143] [experiment_logger]: Trajectory mode: ground_truth
[INFO] [1780019440.656789984] [experiment_logger]: Service called: /logger/toggle with data=True
[INFO] [1780019440.657580755] [experiment_logger]: ✓ STARTED in-memory logging. Target file: /home/duy/cocarry_ws/cocarry_logs/experiment_GROUND_TRUTH_20260529_085040.csv
[INFO] [1780019529.257406027] [experiment_logger]: Service called: /logger/toggle with data=False
[INFO] [1780019529.258437702] [experiment_logger]: Writing 2530 rows from memory to /home/duy/cocarry_ws/cocarry_logs/experiment_GROUND_TRUTH_20260529_085040.csv...
[INFO] [1780019529.272526709] [experiment_logger]: ✓ Successfully wrote logs to disk.
[INFO] [1780019529.273959893] [experiment_logger]: Stopped logging. Saved 2530 rows to /home/duy/cocarry_ws/cocarry_logs/experiment_GROUND_TRUTH_20260529_085040.csv
[INFO] [1780019529.296717328] [experiment_logger]: 
============================================================
EXPERIMENT METRICS
  File: experiment_GROUND_TRUTH_20260529_085040.csv
  Total samples: 2530
  Task completion time: 88.60 s
  Mode: GROUND TRUTH (no prediction metrics)
  --- Trajectory Smoothness (Robot EE) ---
  Mean Jerk (3D): 20.3640 m/s³
      Jerk X: 5.9741 m/s³
      Jerk Y: 11.9654 m/s³
      Jerk Z: 10.5152 m/s³
  Max Jerk (3D): 164.9744 m/s³
  RMS Jerk (3D): 34.3120 m/s³
============================================================
[INFO] [1780019582.420399708] [experiment_logger]: Trajectory mode: prediction
[INFO] [1780019642.213252331] [experiment_logger]: Service called: /logger/toggle with data=True
[INFO] [1780019642.214305433] [experiment_logger]: ✓ STARTED in-memory logging. Target file: /home/duy/cocarry_ws/cocarry_logs/experiment_GRU_20260529_085402.csv
[INFO] [1780019825.539395923] [experiment_logger]: Service called: /logger/toggle with data=False
[INFO] [1780019825.539860742] [experiment_logger]: Writing 4427 rows from memory to /home/duy/cocarry_ws/cocarry_logs/experiment_GRU_20260529_085402.csv...
[INFO] [1780019825.594485647] [experiment_logger]: ✓ Successfully wrote logs to disk.
[INFO] [1780019825.600947973] [experiment_logger]: Stopped logging. Saved 4427 rows to /home/duy/cocarry_ws/cocarry_logs/experiment_GRU_20260529_085402.csv
[INFO] [1780019825.675566856] [experiment_logger]: 
============================================================
EXPERIMENT METRICS
  File: experiment_GRU_20260529_085402.csv
  Total samples: 4427
  Task completion time: 183.33 s
  --- Prediction Accuracy (over 4427 samples) ---
  Avg Inference Time: 6.28 ms
  Mean Squared Error (MSE): 0.006386 m²
  Mean Absolute Error (MAE - 3D): 0.0684 m
      MAE X: 0.0249 m
      MAE Y: 0.0494 m
      MAE Z: 0.0246 m
  --- Trajectory Smoothness (Robot EE) ---
  Mean Jerk (3D): 26.3468 m/s³
      Jerk X: 9.0964 m/s³
      Jerk Y: 17.7731 m/s³
      Jerk Z: 11.2469 m/s³
  Max Jerk (3D): 138.9411 m/s³
  RMS Jerk (3D): 36.4107 m/s³
============================================================
