[INFO] [1781246894.478314089] [coord_transform]: CoordTransformNode khởi động.
  Object offset (cam frame): [0.05 0.   0.1 ]
  Translation cam→base:      [0.5 0.  1.2]
  EE orientation (xyzw):     [0.0, 1.0, 0.0, 0.0]
  Prediction step:           5
  Axis remap:                [0, 1, 2]
  Axis sign:                 [-1.0, 1.0, 1.0]
  Workspace X: (-1.0, 1.0), Y: (-0.5, 1.3), Z: (0.05, 1.5)
  Filter outlier_threshold:  0.15m
  Filter median_size_y:      3
  Filter deadband_tol:       15.0mm
  Filter stationary_thresh:  3 frames
  Filter max_rate:           5.0cm/frame
  Filter EMA moving(x,y,z):  (1.0,1.0,1.0)
  Filter EMA hold  (x,y,z):  (0.08,0.02,0.05)
[WARN] [1781246904.965867649] [coord_transform]: Outlier rejected #1 (jumped 156.8mm). Ignoring.
[WARN] [1781246904.995418363] [coord_transform]: Outlier rejected #2 (jumped 417.8mm). Ignoring.
[WARN] [1781246905.022568770] [coord_transform]: Outlier rejected #3 (jumped 455.7mm). Ignoring.
[WARN] [1781246905.059950910] [coord_transform]: Outlier rejected #4 (jumped 528.5mm). Ignoring.
[INFO] [1781246905.094163868] [coord_transform]: Too many outliers (5). Resetting filter to new position.
[WARN] [1781246906.489622429] [coord_transform]: Outlier rejected #1 (jumped 176.1mm). Ignoring.
[WARN] [1781246906.530086716] [coord_transform]: Outlier rejected #2 (jumped 389.9mm). Ignoring.
[WARN] [1781246906.562594165] [coord_transform]: Outlier rejected #3 (jumped 400.4mm). Ignoring.
[WARN] [1781246906.590882811] [coord_transform]: Outlier rejected #4 (jumped 493.0mm). Ignoring.
[INFO] [1781246906.620486962] [coord_transform]: Too many outliers (5). Resetting filter to new position.
[WARN] [1781246907.702520202] [coord_transform]: Outlier rejected #1 (jumped 306.1mm). Ignoring.
[WARN] [1781246907.736940936] [coord_transform]: Outlier rejected #2 (jumped 356.0mm). Ignoring.
[WARN] [1781246907.771475601] [coord_transform]: Outlier rejected #3 (jumped 380.2mm). Ignoring.
[WARN] [1781246907.814674536] [coord_transform]: Outlier rejected #4 (jumped 371.9mm). Ignoring.
[INFO] [1781246907.842159318] [coord_transform]: Too many outliers (5). Resetting filter to new position.
[WARN] [1781246916.215151925] [coord_transform]: Outlier rejected #1 (jumped 2146.4mm). Ignoring.
[WARN] [1781246916.248919541] [coord_transform]: Outlier rejected #2 (jumped 2138.6mm). Ignoring.
[WARN] [1781246916.282957230] [coord_transform]: Outlier rejected #3 (jumped 2116.6mm). Ignoring.
[WARN] [1781246916.318120081] [coord_transform]: Outlier rejected #4 (jumped 2138.6mm). Ignoring.
[INFO] [1781246916.353626141] [coord_transform]: Too many outliers (5). Resetting filter to new position.
[WARN] [1781246926.993904278] [coord_transform]: Outlier rejected #1 (jumped 171.4mm). Ignoring.
[WARN] [1781246927.031142888] [coord_transform]: Outlier rejected #2 (jumped 159.9mm). Ignoring.
[WARN] [1781246927.063706596] [coord_transform]: Outlier rejected #3 (jumped 216.8mm). Ignoring.
[WARN] [1781246927.094489278] [coord_transform]: Outlier rejected #4 (jumped 226.9mm). Ignoring.
[INFO] [1781246927.131697724] [coord_transform]: Too many outliers (5). Resetting filter to new position.
[WARN] [1781246939.020863114] [coord_transform]: Chưa nhận được vị trí hiện tại của robot từ /cartesian_streamer/current_pose
[INFO] [1781246947.446178811] [coord_transform]: Trạng thái tracking: RUNNING
[INFO] [1781246956.346929875] [coord_transform]: Trạng thái tracking: STOPPED
[INFO] [1781247001.731558517] [coord_transform]: Trạng thái tracking: RUNNING
[INFO] [1781247037.097151043] [coord_transform]: Trạng thái tracking: STOPPED
[WARN] [1781247037.974562588] [coord_transform]: Outlier rejected #1 (jumped 441.1mm). Ignoring.
[WARN] [1781247038.003384411] [coord_transform]: Outlier rejected #2 (jumped 438.6mm). Ignoring.
[WARN] [1781247038.269031696] [coord_transform]: Outlier rejected #1 (jumped 403.1mm). Ignoring.
[WARN] [1781247038.306302516] [coord_transform]: Outlier rejected #2 (jumped 439.7mm). Ignoring.
[WARN] [1781247038.339474598] [coord_transform]: Outlier rejected #3 (jumped 416.0mm). Ignoring.
[WARN] [1781247038.374349477] [coord_transform]: Outlier rejected #4 (jumped 445.0mm). Ignoring.
[INFO] [1781247038.414189229] [coord_transform]: Too many outliers (5). Resetting filter to new position.
[INFO] [1781247039.159420333] [coord_transform]: Trạng thái tracking: STOPPED
[INFO] [1781247045.562161388] [coord_transform]: Trạng thái tracking: STOPPED
[WARN] [1781247045.676625707] [coord_transform]: Outlier rejected #1 (jumped 327.8mm). Ignoring.
[WARN] [1781247045.715091577] [coord_transform]: Outlier rejected #2 (jumped 361.4mm). Ignoring.
[WARN] [1781247045.744846276] [coord_transform]: Outlier rejected #3 (jumped 293.3mm). Ignoring.
[WARN] [1781247045.775224072] [coord_transform]: Outlier rejected #4 (jumped 396.8mm). Ignoring.
[INFO] [1781247045.813669076] [coord_transform]: Too many outliers (5). Resetting filter to new position.
[INFO] [1781247064.257598923] [coord_transform]: Trạng thái tracking: RUNNING
[INFO] [1781247090.825290307] [coord_transform]: Trạng thái tracking: STOPPED
