[INFO] [1781085035.968708074] [coord_transform]: CoordTransformNode khởi động.
  Object offset (cam frame): [0.05 0.   0.1 ]
  Translation cam→base:      [0.5 0.  1.2]
  EE orientation (xyzw):     [0.0, 1.0, 0.0, 0.0]
  Prediction step:           5
  Axis remap:                [0, 1, 2]
  Axis sign:                 [-1.0, 1.0, 1.0]
  Workspace X: (-1.0, 1.0), Y: (-0.5, 1.3), Z: (0.05, 1.5)
  Filter outlier_threshold:  0.15m
  Filter median_size_y:      5
  Filter deadband_tol:       35.0mm
  Filter stationary_thresh:  3 frames
  Filter max_rate:           5.0cm/frame
  Filter EMA moving(x,y,z):  (0.75,0.5,0.75)
  Filter EMA hold  (x,y,z):  (0.08,0.02,0.05)
[WARN] [1781085071.591305814] [coord_transform]: Outlier rejected #1 (jumped 2399.6mm). Ignoring.
[WARN] [1781085071.782294764] [coord_transform]: Outlier rejected #1 (jumped 185.7mm). Ignoring.
[WARN] [1781085071.879796558] [coord_transform]: Outlier rejected #2 (jumped 236.3mm). Ignoring.
[WARN] [1781085071.960054312] [coord_transform]: Outlier rejected #3 (jumped 210.9mm). Ignoring.
[WARN] [1781085072.058047342] [coord_transform]: Outlier rejected #4 (jumped 215.3mm). Ignoring.
[INFO] [1781085072.215761508] [coord_transform]: Too many outliers (5). Resetting filter to new position.
