[INFO] [1780729143.359102042] [experiment_logger]: ✓ STARTED in-memory logging. Target file: /home/duy/cocarry_ws/cocarry_logs/experiment_GROUND_TRUTH_20260606_135903.csv
[INFO] [1780729143.394715015] [experiment_logger]: Logger ready.
[INFO] [1780729252.187258778] [experiment_logger]: Service called: /logger/toggle with data=True
[INFO] [1780729311.414531791] [experiment_logger]: Service called: /logger/toggle with data=False
[INFO] [1780729311.415098823] [experiment_logger]: Writing 4102 rows from memory to /home/duy/cocarry_ws/cocarry_logs/experiment_GROUND_TRUTH_20260606_135903.csv...
[INFO] [1780729311.433961294] [experiment_logger]: ✓ Successfully wrote logs to disk.
[INFO] [1780729311.437546535] [experiment_logger]: Stopped logging. Saved 4102 rows to /home/duy/cocarry_ws/cocarry_logs/experiment_GROUND_TRUTH_20260606_135903.csv
[INFO] [1780729311.465864029] [experiment_logger]: 
============================================================
EXPERIMENT METRICS
  File: experiment_GROUND_TRUTH_20260606_135903.csv
  Total samples: 4102
  Task completion time: 168.09 s
  Mode: GROUND TRUTH (no prediction metrics)
  --- Trajectory Smoothness (Robot EE) ---
  Mean Jerk (3D): 12.5439 m/s³
      Jerk X: 3.2923 m/s³
      Jerk Y: 9.5638 m/s³
      Jerk Z: 4.5260 m/s³
  Max Jerk (3D): 90.5321 m/s³
  RMS Jerk (3D): 19.0127 m/s³
============================================================
