[INFO] [1781253904.233534467] [coord_transform]: CoordTransformNode khởi động.
  Object offset (cam frame): [0.05 0.   0.1 ]
  Translation cam→base:      [0.5 0.  1.2]
  EE orientation (xyzw):     [0.0, 1.0, 0.0, 0.0]
  Prediction step:           5
  Axis remap:                [0, 1, 2]
  Axis sign:                 [-1.0, 1.0, 1.0]
  Workspace X: (-1.0, 1.0), Y: (-0.5, 1.3), Z: (0.05, 1.5)
  Filter outlier_threshold:  0.15m
  Filter median_size_y:      3
  Filter deadband_tol:       15.0mm
  Filter stationary_thresh:  3 frames
  Filter max_rate:           5.0cm/frame
  Filter EMA moving(x,y,z):  (1.0,1.0,1.0)
  Filter EMA hold  (x,y,z):  (0.08,0.02,0.05)
[WARN] [1781253915.808920144] [coord_transform]: Outlier rejected #1 (jumped 2170.1mm). Ignoring.
[WARN] [1781253915.842975604] [coord_transform]: Outlier rejected #2 (jumped 2185.1mm). Ignoring.
[WARN] [1781253915.869267582] [coord_transform]: Outlier rejected #3 (jumped 2185.1mm). Ignoring.
[WARN] [1781253915.901176732] [coord_transform]: Outlier rejected #4 (jumped 2170.1mm). Ignoring.
[INFO] [1781253915.935082142] [coord_transform]: Too many outliers (5). Resetting filter to new position.
[WARN] [1781253919.367761665] [coord_transform]: Chưa nhận được vị trí hiện tại của robot từ /cartesian_streamer/current_pose
[WARN] [1781253920.106300415] [coord_transform]: Outlier rejected #1 (jumped 272.2mm). Ignoring.
[WARN] [1781253920.199822001] [coord_transform]: Outlier rejected #1 (jumped 176.1mm). Ignoring.
[WARN] [1781253920.268561177] [coord_transform]: Outlier rejected #1 (jumped 219.1mm). Ignoring.
[WARN] [1781253920.370473450] [coord_transform]: Outlier rejected #1 (jumped 156.1mm). Ignoring.
[WARN] [1781253920.405543131] [coord_transform]: Outlier rejected #2 (jumped 192.7mm). Ignoring.
[WARN] [1781253920.438760174] [coord_transform]: Outlier rejected #3 (jumped 219.7mm). Ignoring.
[WARN] [1781253920.471592812] [coord_transform]: Outlier rejected #4 (jumped 219.3mm). Ignoring.
[INFO] [1781253920.504935346] [coord_transform]: Too many outliers (5). Resetting filter to new position.
[WARN] [1781253956.062410388] [coord_transform]: Outlier rejected #1 (jumped 176.3mm). Ignoring.
[WARN] [1781253956.096883529] [coord_transform]: Outlier rejected #2 (jumped 250.4mm). Ignoring.
[WARN] [1781253956.126320372] [coord_transform]: Outlier rejected #3 (jumped 305.3mm). Ignoring.
[WARN] [1781253956.168335588] [coord_transform]: Outlier rejected #4 (jumped 283.3mm). Ignoring.
[INFO] [1781253956.193894595] [coord_transform]: Too many outliers (5). Resetting filter to new position.
[WARN] [1781253971.106538599] [coord_transform]: Outlier rejected #1 (jumped 842.6mm). Ignoring.
[WARN] [1781253971.142012685] [coord_transform]: Outlier rejected #2 (jumped 427.5mm). Ignoring.
[WARN] [1781253971.178667971] [coord_transform]: Outlier rejected #3 (jumped 225.1mm). Ignoring.
[WARN] [1781253971.205032048] [coord_transform]: Outlier rejected #4 (jumped 196.6mm). Ignoring.
[WARN] [1781253972.040526672] [coord_transform]: Outlier rejected #1 (jumped 184.7mm). Ignoring.
[WARN] [1781253972.091144289] [coord_transform]: Outlier rejected #2 (jumped 272.1mm). Ignoring.
[WARN] [1781253972.118808210] [coord_transform]: Outlier rejected #3 (jumped 268.3mm). Ignoring.
[WARN] [1781253972.150596138] [coord_transform]: Outlier rejected #4 (jumped 295.3mm). Ignoring.
[INFO] [1781253972.185089480] [coord_transform]: Too many outliers (5). Resetting filter to new position.
[WARN] [1781253985.347041086] [coord_transform]: Outlier rejected #1 (jumped 183.0mm). Ignoring.
[WARN] [1781253985.381256286] [coord_transform]: Outlier rejected #2 (jumped 223.1mm). Ignoring.
[WARN] [1781253985.515682868] [coord_transform]: Outlier rejected #3 (jumped 330.3mm). Ignoring.
[WARN] [1781253985.554116286] [coord_transform]: Outlier rejected #4 (jumped 352.0mm). Ignoring.
[INFO] [1781253985.582529575] [coord_transform]: Too many outliers (5). Resetting filter to new position.
[WARN] [1781253985.688142444] [coord_transform]: Outlier rejected #1 (jumped 220.7mm). Ignoring.
[WARN] [1781253985.723104199] [coord_transform]: Outlier rejected #2 (jumped 318.5mm). Ignoring.
[WARN] [1781253985.748104002] [coord_transform]: Outlier rejected #3 (jumped 313.1mm). Ignoring.
[WARN] [1781253985.781918069] [coord_transform]: Outlier rejected #4 (jumped 313.7mm). Ignoring.
[INFO] [1781253985.816013885] [coord_transform]: Too many outliers (5). Resetting filter to new position.
[WARN] [1781253991.089294872] [coord_transform]: Outlier rejected #1 (jumped 196.8mm). Ignoring.
[WARN] [1781253991.121049164] [coord_transform]: Outlier rejected #2 (jumped 268.6mm). Ignoring.
[WARN] [1781253991.156419450] [coord_transform]: Outlier rejected #3 (jumped 1508.0mm). Ignoring.
[WARN] [1781253991.200354736] [coord_transform]: Outlier rejected #4 (jumped 1681.5mm). Ignoring.
[INFO] [1781253991.224063533] [coord_transform]: Too many outliers (5). Resetting filter to new position.
[WARN] [1781253991.290040781] [coord_transform]: Outlier rejected #1 (jumped 245.9mm). Ignoring.
[WARN] [1781254148.505202969] [coord_transform]: Outlier rejected #1 (jumped 1124.0mm). Ignoring.
[WARN] [1781254148.538391026] [coord_transform]: Outlier rejected #2 (jumped 1095.4mm). Ignoring.
[WARN] [1781254148.573642451] [coord_transform]: Outlier rejected #3 (jumped 1078.2mm). Ignoring.
[WARN] [1781254148.606389520] [coord_transform]: Outlier rejected #4 (jumped 1049.1mm). Ignoring.
[INFO] [1781254148.637671097] [coord_transform]: Too many outliers (5). Resetting filter to new position.
[WARN] [1781254157.145904979] [coord_transform]: Outlier rejected #1 (jumped 1006.3mm). Ignoring.
[WARN] [1781254157.185555623] [coord_transform]: Outlier rejected #2 (jumped 959.3mm). Ignoring.
[WARN] [1781254157.223781137] [coord_transform]: Outlier rejected #3 (jumped 997.5mm). Ignoring.
[WARN] [1781254157.259483635] [coord_transform]: Outlier rejected #4 (jumped 863.4mm). Ignoring.
[INFO] [1781254157.290838643] [coord_transform]: Too many outliers (5). Resetting filter to new position.
[WARN] [1781254157.322631752] [coord_transform]: Outlier rejected #1 (jumped 401.6mm). Ignoring.
[WARN] [1781254162.923294840] [coord_transform]: Outlier rejected #1 (jumped 527.4mm). Ignoring.
[WARN] [1781254162.951624544] [coord_transform]: Outlier rejected #2 (jumped 201.6mm). Ignoring.
[WARN] [1781254163.117590334] [coord_transform]: Outlier rejected #1 (jumped 167.4mm). Ignoring.
[WARN] [1781254163.152946108] [coord_transform]: Outlier rejected #2 (jumped 209.2mm). Ignoring.
[WARN] [1781254166.082728322] [coord_transform]: Outlier rejected #1 (jumped 681.0mm). Ignoring.
[WARN] [1781254168.524908582] [coord_transform]: Outlier rejected #1 (jumped 158.8mm). Ignoring.
[WARN] [1781254168.551340543] [coord_transform]: Outlier rejected #2 (jumped 413.2mm). Ignoring.
[WARN] [1781254168.585330133] [coord_transform]: Outlier rejected #3 (jumped 282.9mm). Ignoring.
[WARN] [1781254168.618465199] [coord_transform]: Outlier rejected #4 (jumped 576.7mm). Ignoring.
[INFO] [1781254168.692806166] [coord_transform]: Too many outliers (5). Resetting filter to new position.
[WARN] [1781254168.720014884] [coord_transform]: Outlier rejected #1 (jumped 351.4mm). Ignoring.
[WARN] [1781254168.758632970] [coord_transform]: Outlier rejected #2 (jumped 383.6mm). Ignoring.
[WARN] [1781254168.789075028] [coord_transform]: Outlier rejected #3 (jumped 464.6mm). Ignoring.
[WARN] [1781254168.824726924] [coord_transform]: Outlier rejected #4 (jumped 493.3mm). Ignoring.
[INFO] [1781254168.860382028] [coord_transform]: Too many outliers (5). Resetting filter to new position.
[INFO] [1781254193.023494905] [coord_transform]: Trạng thái tracking: RUNNING
[WARN] [1781254193.411433830] [coord_transform]: Outlier rejected #1 (jumped 183.0mm). Ignoring.
[WARN] [1781254193.444373933] [coord_transform]: Outlier rejected #2 (jumped 158.9mm). Ignoring.
[WARN] [1781254198.186777156] [coord_transform]: Outlier rejected #1 (jumped 157.8mm). Ignoring.
[WARN] [1781254205.476567616] [coord_transform]: Outlier rejected #1 (jumped 267.4mm). Ignoring.
[INFO] [1781254205.580938721] [coord_transform]: Trạng thái tracking: STOPPED
[WARN] [1781254206.233822135] [coord_transform]: Outlier rejected #1 (jumped 621.5mm). Ignoring.
[WARN] [1781254206.585022389] [coord_transform]: Outlier rejected #1 (jumped 162.9mm). Ignoring.
[WARN] [1781254206.649453410] [coord_transform]: Outlier rejected #1 (jumped 354.0mm). Ignoring.
[INFO] [1781254206.879128231] [coord_transform]: Trạng thái tracking: STOPPED
[WARN] [1781254207.982889927] [coord_transform]: Outlier rejected #1 (jumped 150.4mm). Ignoring.
[WARN] [1781254213.517471150] [coord_transform]: Outlier rejected #1 (jumped 183.3mm). Ignoring.
[INFO] [1781254222.231556286] [coord_transform]: Trạng thái tracking: RUNNING
[WARN] [1781254227.729894772] [coord_transform]: Outlier rejected #1 (jumped 164.9mm). Ignoring.
[WARN] [1781254238.671958874] [coord_transform]: Outlier rejected #1 (jumped 162.0mm). Ignoring.
[INFO] [1781254245.454056853] [coord_transform]: Trạng thái tracking: STOPPED
[WARN] [1781254253.279533066] [coord_transform]: Outlier rejected #1 (jumped 178.0mm). Ignoring.
[WARN] [1781254253.312877398] [coord_transform]: Outlier rejected #2 (jumped 177.0mm). Ignoring.
[WARN] [1781254253.350564114] [coord_transform]: Outlier rejected #3 (jumped 152.2mm). Ignoring.
[WARN] [1781254253.380321241] [coord_transform]: Outlier rejected #4 (jumped 183.4mm). Ignoring.
[WARN] [1781254255.716447694] [coord_transform]: Outlier rejected #1 (jumped 173.3mm). Ignoring.
[WARN] [1781254255.882159161] [coord_transform]: Outlier rejected #1 (jumped 152.9mm). Ignoring.
[WARN] [1781254255.982644921] [coord_transform]: Outlier rejected #1 (jumped 372.4mm). Ignoring.
[WARN] [1781254256.080983460] [coord_transform]: Outlier rejected #1 (jumped 250.2mm). Ignoring.
[WARN] [1781254256.125898502] [coord_transform]: Outlier rejected #2 (jumped 245.9mm). Ignoring.
[WARN] [1781254256.182660855] [coord_transform]: Outlier rejected #3 (jumped 238.0mm). Ignoring.
