[INFO] [1785915798.548033917] [experiment_logger]: ✓ STARTED in-memory logging. Target file: /home/duy/cocarry_ws/cocarry_logs/experiment_GROUND_TRUTH_20260805_144318.csv
[INFO] [1785915798.589120967] [experiment_logger]: Logger ready.
[INFO] [1785915825.152776155] [experiment_logger]: Trajectory mode: ergonomics
[INFO] [1785915849.907901670] [experiment_logger]: Writing 1220 rows from memory to /home/duy/cocarry_ws/cocarry_logs/experiment_GROUND_TRUTH_20260805_144318.csv...
[INFO] [1785915849.933692475] [experiment_logger]: ✓ Successfully wrote logs to disk.
[INFO] [1785915849.937348020] [experiment_logger]: Stopped logging. Saved 1220 rows to /home/duy/cocarry_ws/cocarry_logs/experiment_GROUND_TRUTH_20260805_144318.csv
[INFO] [1785915849.957618795] [experiment_logger]: 
============================================================
EXPERIMENT METRICS
  File: experiment_GROUND_TRUTH_20260805_144318.csv
  Total samples: 1220
  Task completion time: 51.40 s
  --- Prediction Accuracy (over 698 samples) ---
  Avg Inference Time: 0.00 ms
  Mean Squared Error (MSE): 0.000220 m²
  Mean Absolute Error (MAE - 3D): 0.0132 m
      MAE X: 0.0036 m
      MAE Y: 0.0097 m
      MAE Z: 0.0075 m
  Jerk: insufficient EE data for calculation
============================================================
