[INFO] [1781246359.535092300] [trajectory_predictor]: [Predictor] Worker launched (pid=85269)
[INFO] [1781246359.535786268] [trajectory_predictor]: [Predictor] Started | model=gru | window=20 | auto_start=True
  Output Filter: enabled=True, ema_alpha=0.2, max_dev=0.08, max_rate=0.04
[WARN] [1781246360.929434986] [trajectory_predictor]: [Worker STDERR] /usr/lib/python3/dist-packages/scipy/__init__.py:146: UserWarning: A NumPy version >=1.17.3 and <1.25.0 is required for this version of SciPy (detected version 1.26.4
[WARN] [1781246360.929733584] [trajectory_predictor]: [Worker STDERR] warnings.warn(f"A NumPy version >={np_minversion} and <{np_maxversion}"
[WARN] [1781246361.968901307] [trajectory_predictor]: [Worker STDERR] /home/duy/.local/lib/python3.10/site-packages/sklearn/base.py:442: InconsistentVersionWarning: Trying to unpickle estimator MinMaxScaler from version 1.6.1 when using version 1.7.2. This might lead to breaking code or invalid results. Use at your own risk. For more info please refer to:
[WARN] [1781246361.969417700] [trajectory_predictor]: [Worker STDERR] https://scikit-learn.org/stable/model_persistence.html#security-maintainability-limitations
[INFO] [1781246361.969693552] [trajectory_predictor]: [Worker] TF 2.21.0 and sklearn loaded
[WARN] [1781246361.969809188] [trajectory_predictor]: [Worker STDERR] warnings.warn(
[INFO] [1781246362.621568464] [trajectory_predictor]: [Predictor] Worker READY | model=gru
[INFO] [1781246369.602826432] [trajectory_predictor]: [Pred HOLD ON] Tay đứng yên (std=4.6mm). Khóa tại (0.2183, -1.6373, -0.0008)
[INFO] [1781246369.603380961] [trajectory_predictor]: [Filter] raw=(0.2183,-1.6373,-0.0008) → filt=(0.2183,-1.6373,-0.0008) Δ=(0.0000,0.0000,0.0000)
[INFO] [1781246369.836169839] [trajectory_predictor]: [Pred HOLD OFF] Tay di chuyển (dev=16.5mm). Thả hold.
[INFO] [1781246374.243273171] [trajectory_predictor]: [Pred HOLD ON] Tay đứng yên (std=3.4mm). Khóa tại (0.0104, -2.1458, -0.1001)
[INFO] [1781246376.002032879] [trajectory_predictor]: [Filter] raw=(0.0104,-2.1458,-0.1001) → filt=(0.0104,-2.1458,-0.1001) Δ=(0.0000,0.0000,0.0000)
[INFO] [1781246378.470011087] [trajectory_predictor]: [Pred HOLD OFF] Tay di chuyển (dev=15.1mm). Thả hold.
[INFO] [1781246382.680662323] [trajectory_predictor]: [Filter] raw=(0.0737,0.0887,0.0333) → filt=(0.0662,-1.3894,0.0330) Δ=(0.0075,1.4782,0.0003)
[INFO] [1781246383.511495461] [trajectory_predictor]: [Pred HOLD ON] Tay đứng yên (std=4.7mm). Khóa tại (0.0000, -0.0002, -0.0000)
[INFO] [1781246388.256807764] [trajectory_predictor]: [Pred HOLD OFF] Tay di chuyển (dev=17.2mm). Thả hold.
[INFO] [1781246389.354159592] [trajectory_predictor]: [Filter] raw=(0.1700,0.0908,0.0505) → filt=(0.1775,-0.0999,0.0476) Δ=(0.0075,0.1907,0.0029)
[INFO] [1781246391.942724801] [trajectory_predictor]: [Predictor] Predicting STOPPED
[INFO] [1781246393.553490776] [trajectory_predictor]: [Pred HOLD ON] Tay đứng yên (std=4.2mm). Khóa tại (0.2007, -0.1990, 0.0350)
[INFO] [1781246395.391886780] [trajectory_predictor]: [Pred HOLD OFF] Tay di chuyển (dev=16.2mm). Thả hold.
[INFO] [1781246396.062663200] [trajectory_predictor]: [Pred HOLD ON] Tay đứng yên (std=5.6mm). Khóa tại (0.1975, -0.1641, 0.0334)
[INFO] [1781246397.596292498] [trajectory_predictor]: [Pred HOLD OFF] Tay di chuyển (dev=16.2mm). Thả hold.
[INFO] [1781246405.082980838] [trajectory_predictor]: [Predictor] Predicting STOPPED
