[INFO] [1779939812.030835420] [coord_transform]: CoordTransformNode khởi động.
  Object offset (cam frame): [0.05 0.   0.1 ]
  Translation cam→base:      [0.5 0.  1.2]
  EE orientation (xyzw):     [0.0, 1.0, 0.0, 0.0]
  Prediction step:           5
  Axis remap:                [0, 1, 2]
  Axis sign:                 [-1.0, 1.0, 1.0]
  Workspace X: (-1.0, 1.0), Y: (-0.5, 1.3), Z: (0.05, 1.5)
  Filter outlier_threshold:  0.15m
  Filter median_size_y:      5
  Filter deadband_tol:       35.0mm
  Filter stationary_thresh:  3 frames
  Filter max_rate:           5.0cm/frame
  Filter EMA moving(x,y,z):  (0.75,0.5,0.75)
  Filter EMA hold  (x,y,z):  (0.08,0.02,0.05)
[WARN] [1779939892.873930062] [coord_transform]: Outlier rejected #1 (jumped 227.5mm). Ignoring.
[WARN] [1779939892.993611080] [coord_transform]: Outlier rejected #1 (jumped 519.7mm). Ignoring.
[WARN] [1779939893.028782111] [coord_transform]: Outlier rejected #2 (jumped 519.1mm). Ignoring.
[WARN] [1779939893.061370342] [coord_transform]: Outlier rejected #3 (jumped 446.7mm). Ignoring.
[WARN] [1779939893.094026651] [coord_transform]: Outlier rejected #4 (jumped 433.3mm). Ignoring.
[INFO] [1779939893.125566930] [coord_transform]: Too many outliers (5). Resetting filter to new position.
[WARN] [1779939966.024180190] [coord_transform]: Outlier rejected #1 (jumped 250.0mm). Ignoring.
[WARN] [1779939966.062005840] [coord_transform]: Outlier rejected #2 (jumped 271.5mm). Ignoring.
[WARN] [1779939966.100379289] [coord_transform]: Outlier rejected #3 (jumped 330.5mm). Ignoring.
[WARN] [1779939966.133090410] [coord_transform]: Outlier rejected #4 (jumped 322.6mm). Ignoring.
[INFO] [1779939966.165291303] [coord_transform]: Too many outliers (5). Resetting filter to new position.
[WARN] [1779939966.489854515] [coord_transform]: Outlier rejected #1 (jumped 1250.8mm). Ignoring.
[WARN] [1779939966.526079088] [coord_transform]: Outlier rejected #2 (jumped 1193.1mm). Ignoring.
[WARN] [1779939966.568415171] [coord_transform]: Outlier rejected #3 (jumped 1174.8mm). Ignoring.
[WARN] [1779939966.733197423] [coord_transform]: Outlier rejected #1 (jumped 1405.9mm). Ignoring.
[WARN] [1779939966.768685037] [coord_transform]: Outlier rejected #2 (jumped 1365.9mm). Ignoring.
[WARN] [1779939966.806187930] [coord_transform]: Outlier rejected #3 (jumped 1406.1mm). Ignoring.
[WARN] [1779939966.894080375] [coord_transform]: Outlier rejected #1 (jumped 1263.8mm). Ignoring.
[WARN] [1779939966.931540246] [coord_transform]: Outlier rejected #2 (jumped 903.2mm). Ignoring.
[WARN] [1779939966.982283028] [coord_transform]: Outlier rejected #3 (jumped 912.8mm). Ignoring.
[WARN] [1779939967.028215148] [coord_transform]: Outlier rejected #4 (jumped 951.6mm). Ignoring.
[INFO] [1779939967.069975814] [coord_transform]: Too many outliers (5). Resetting filter to new position.
[WARN] [1779939967.114348246] [coord_transform]: Outlier rejected #1 (jumped 246.1mm). Ignoring.
[WARN] [1779939967.152672948] [coord_transform]: Outlier rejected #2 (jumped 250.3mm). Ignoring.
[WARN] [1779939967.194600988] [coord_transform]: Outlier rejected #3 (jumped 228.7mm). Ignoring.
[WARN] [1779939967.284665388] [coord_transform]: Outlier rejected #1 (jumped 198.4mm). Ignoring.
[WARN] [1779939967.327515564] [coord_transform]: Outlier rejected #2 (jumped 1158.9mm). Ignoring.
[WARN] [1779939967.374103846] [coord_transform]: Outlier rejected #3 (jumped 1148.0mm). Ignoring.
[WARN] [1779939967.419247005] [coord_transform]: Outlier rejected #4 (jumped 1155.8mm). Ignoring.
[INFO] [1779939967.458387749] [coord_transform]: Too many outliers (5). Resetting filter to new position.
[WARN] [1779939967.575272152] [coord_transform]: Outlier rejected #1 (jumped 1175.8mm). Ignoring.
[WARN] [1779939967.612506711] [coord_transform]: Outlier rejected #2 (jumped 1200.9mm). Ignoring.
[WARN] [1779939967.683160427] [coord_transform]: Outlier rejected #3 (jumped 885.5mm). Ignoring.
[WARN] [1779939967.715650495] [coord_transform]: Outlier rejected #4 (jumped 802.3mm). Ignoring.
[INFO] [1779939967.749959927] [coord_transform]: Too many outliers (5). Resetting filter to new position.
[WARN] [1779939967.995088853] [coord_transform]: Outlier rejected #1 (jumped 172.5mm). Ignoring.
[WARN] [1779939968.032160930] [coord_transform]: Outlier rejected #2 (jumped 372.9mm). Ignoring.
[WARN] [1779939968.068221053] [coord_transform]: Outlier rejected #3 (jumped 417.4mm). Ignoring.
[WARN] [1779939968.108276588] [coord_transform]: Outlier rejected #4 (jumped 438.8mm). Ignoring.
[INFO] [1779939968.150069524] [coord_transform]: Too many outliers (5). Resetting filter to new position.
[WARN] [1779940059.637598679] [coord_transform]: Outlier rejected #1 (jumped 212.8mm). Ignoring.
[WARN] [1779940060.256346280] [coord_transform]: Outlier rejected #2 (jumped 1634.7mm). Ignoring.
[WARN] [1779940060.292822538] [coord_transform]: Outlier rejected #3 (jumped 1340.9mm). Ignoring.
[WARN] [1779940060.393932051] [coord_transform]: Outlier rejected #4 (jumped 2079.6mm). Ignoring.
[INFO] [1779940060.429480868] [coord_transform]: Too many outliers (5). Resetting filter to new position.
[WARN] [1779940060.471783810] [coord_transform]: Outlier rejected #1 (jumped 732.3mm). Ignoring.
[WARN] [1779940066.532235719] [coord_transform]: Outlier rejected #2 (jumped 1532.8mm). Ignoring.
[WARN] [1779940066.573375380] [coord_transform]: Outlier rejected #3 (jumped 1506.4mm). Ignoring.
[WARN] [1779940066.605733379] [coord_transform]: Outlier rejected #4 (jumped 1500.2mm). Ignoring.
[INFO] [1779940066.636410442] [coord_transform]: Too many outliers (5). Resetting filter to new position.
[WARN] [1779940070.137342036] [coord_transform]: Outlier rejected #1 (jumped 626.9mm). Ignoring.
[WARN] [1779940070.170995129] [coord_transform]: Outlier rejected #2 (jumped 166.1mm). Ignoring.
[WARN] [1779940070.209401718] [coord_transform]: Outlier rejected #3 (jumped 161.4mm). Ignoring.
[WARN] [1779940070.252825144] [coord_transform]: Outlier rejected #4 (jumped 213.0mm). Ignoring.
[INFO] [1779940070.289154846] [coord_transform]: Too many outliers (5). Resetting filter to new position.
[WARN] [1779940075.837095060] [coord_transform]: Outlier rejected #1 (jumped 594.9mm). Ignoring.
[WARN] [1779940101.535459412] [coord_transform]: Outlier rejected #1 (jumped 359.4mm). Ignoring.
[WARN] [1779940101.567694702] [coord_transform]: Outlier rejected #2 (jumped 352.9mm). Ignoring.
[WARN] [1779940102.549910632] [coord_transform]: Outlier rejected #1 (jumped 270.4mm). Ignoring.
[WARN] [1779940102.586140969] [coord_transform]: Outlier rejected #2 (jumped 275.8mm). Ignoring.
[WARN] [1779940103.865734840] [coord_transform]: Outlier rejected #1 (jumped 157.2mm). Ignoring.
[WARN] [1779940104.264318925] [coord_transform]: Outlier rejected #1 (jumped 156.0mm). Ignoring.
[WARN] [1779940104.362649708] [coord_transform]: Outlier rejected #1 (jumped 226.2mm). Ignoring.
[WARN] [1779940104.399209369] [coord_transform]: Outlier rejected #2 (jumped 242.0mm). Ignoring.
[WARN] [1779940104.433365342] [coord_transform]: Outlier rejected #3 (jumped 252.6mm). Ignoring.
[WARN] [1779940104.475155024] [coord_transform]: Outlier rejected #4 (jumped 252.8mm). Ignoring.
[INFO] [1779940104.507351780] [coord_transform]: Too many outliers (5). Resetting filter to new position.
[WARN] [1779940105.530896732] [coord_transform]: Outlier rejected #1 (jumped 186.5mm). Ignoring.
[WARN] [1779940105.863404400] [coord_transform]: Outlier rejected #1 (jumped 151.0mm). Ignoring.
[WARN] [1779940105.965435742] [coord_transform]: Outlier rejected #1 (jumped 256.7mm). Ignoring.
[WARN] [1779940106.064207596] [coord_transform]: Outlier rejected #1 (jumped 226.0mm). Ignoring.
[WARN] [1779940106.099057265] [coord_transform]: Outlier rejected #2 (jumped 188.8mm). Ignoring.
[WARN] [1779940106.434331982] [coord_transform]: Outlier rejected #1 (jumped 182.1mm). Ignoring.
[WARN] [1779940106.467672482] [coord_transform]: Outlier rejected #2 (jumped 212.7mm). Ignoring.
[WARN] [1779940106.503426955] [coord_transform]: Outlier rejected #3 (jumped 198.4mm). Ignoring.
[WARN] [1779940106.573120225] [coord_transform]: Outlier rejected #1 (jumped 256.1mm). Ignoring.
[WARN] [1779940106.609829358] [coord_transform]: Outlier rejected #2 (jumped 234.4mm). Ignoring.
[WARN] [1779940106.646507113] [coord_transform]: Outlier rejected #3 (jumped 158.9mm). Ignoring.
[WARN] [1779940106.713975550] [coord_transform]: Outlier rejected #1 (jumped 163.9mm). Ignoring.
[WARN] [1779940106.746495422] [coord_transform]: Outlier rejected #2 (jumped 207.6mm). Ignoring.
[WARN] [1779940106.780262151] [coord_transform]: Outlier rejected #3 (jumped 262.2mm). Ignoring.
[WARN] [1779940106.810861936] [coord_transform]: Outlier rejected #4 (jumped 163.9mm). Ignoring.
[INFO] [1779940106.845460868] [coord_transform]: Too many outliers (5). Resetting filter to new position.
[WARN] [1779940108.369696353] [coord_transform]: Outlier rejected #1 (jumped 156.3mm). Ignoring.
[WARN] [1779940108.402297429] [coord_transform]: Outlier rejected #2 (jumped 249.8mm). Ignoring.
[WARN] [1779940108.877156957] [coord_transform]: Outlier rejected #1 (jumped 169.9mm). Ignoring.
[WARN] [1779940108.908255023] [coord_transform]: Outlier rejected #2 (jumped 175.9mm). Ignoring.
[WARN] [1779940109.444788970] [coord_transform]: Outlier rejected #1 (jumped 178.2mm). Ignoring.
[WARN] [1779940110.167938107] [coord_transform]: Outlier rejected #1 (jumped 193.3mm). Ignoring.
[WARN] [1779940110.301714778] [coord_transform]: Outlier rejected #1 (jumped 203.4mm). Ignoring.
[WARN] [1779940512.342448568] [coord_transform]: Outlier rejected #1 (jumped 184.1mm). Ignoring.
[WARN] [1779940512.380604398] [coord_transform]: Outlier rejected #2 (jumped 312.0mm). Ignoring.
[WARN] [1779940512.415375985] [coord_transform]: Outlier rejected #3 (jumped 244.9mm). Ignoring.
[WARN] [1779940512.447679866] [coord_transform]: Outlier rejected #4 (jumped 153.5mm). Ignoring.
