[INFO] [1779940863.560570950] [coord_transform]: CoordTransformNode khởi động.
  Object offset (cam frame): [0.05 0.   0.1 ]
  Translation cam→base:      [0.5 0.  1.2]
  EE orientation (xyzw):     [0.0, 1.0, 0.0, 0.0]
  Prediction step:           5
  Axis remap:                [0, 1, 2]
  Axis sign:                 [-1.0, 1.0, 1.0]
  Workspace X: (-1.0, 1.0), Y: (-0.5, 1.3), Z: (0.05, 1.5)
  Filter outlier_threshold:  0.15m
  Filter median_size_y:      5
  Filter deadband_tol:       35.0mm
  Filter stationary_thresh:  3 frames
  Filter max_rate:           5.0cm/frame
  Filter EMA moving(x,y,z):  (0.75,0.5,0.75)
  Filter EMA hold  (x,y,z):  (0.08,0.02,0.05)
[WARN] [1779940903.664621906] [coord_transform]: Outlier rejected #1 (jumped 926.4mm). Ignoring.
[WARN] [1779940903.735395190] [coord_transform]: Outlier rejected #1 (jumped 1146.7mm). Ignoring.
[WARN] [1779940903.768790003] [coord_transform]: Outlier rejected #2 (jumped 1210.9mm). Ignoring.
[WARN] [1779940903.995478172] [coord_transform]: Outlier rejected #1 (jumped 1230.9mm). Ignoring.
[WARN] [1779940904.029210028] [coord_transform]: Outlier rejected #2 (jumped 1132.2mm). Ignoring.
[WARN] [1779940904.063840094] [coord_transform]: Outlier rejected #3 (jumped 1108.7mm). Ignoring.
[WARN] [1779940904.107954911] [coord_transform]: Outlier rejected #4 (jumped 1095.9mm). Ignoring.
[INFO] [1779940904.145495685] [coord_transform]: Too many outliers (5). Resetting filter to new position.
[WARN] [1779940904.187434335] [coord_transform]: Outlier rejected #1 (jumped 157.8mm). Ignoring.
[WARN] [1779940904.224401003] [coord_transform]: Outlier rejected #2 (jumped 251.1mm). Ignoring.
[WARN] [1779940904.262271912] [coord_transform]: Outlier rejected #3 (jumped 208.5mm). Ignoring.
[WARN] [1779940904.331235771] [coord_transform]: Outlier rejected #1 (jumped 218.8mm). Ignoring.
[WARN] [1779940904.373573000] [coord_transform]: Outlier rejected #2 (jumped 679.5mm). Ignoring.
[WARN] [1779940904.417199478] [coord_transform]: Outlier rejected #3 (jumped 388.3mm). Ignoring.
[WARN] [1779940904.450515558] [coord_transform]: Outlier rejected #4 (jumped 685.8mm). Ignoring.
[INFO] [1779940904.484221498] [coord_transform]: Too many outliers (5). Resetting filter to new position.
[WARN] [1779940904.725116601] [coord_transform]: Outlier rejected #1 (jumped 193.4mm). Ignoring.
[WARN] [1779940904.755679188] [coord_transform]: Outlier rejected #2 (jumped 417.4mm). Ignoring.
[WARN] [1779940904.789248478] [coord_transform]: Outlier rejected #3 (jumped 531.8mm). Ignoring.
[WARN] [1779940904.830767598] [coord_transform]: Outlier rejected #4 (jumped 289.6mm). Ignoring.
[INFO] [1779940904.887413041] [coord_transform]: Too many outliers (5). Resetting filter to new position.
[WARN] [1779940904.937347731] [coord_transform]: Outlier rejected #1 (jumped 400.4mm). Ignoring.
[WARN] [1779940904.997190314] [coord_transform]: Outlier rejected #2 (jumped 391.4mm). Ignoring.
[WARN] [1779940905.063758267] [coord_transform]: Outlier rejected #3 (jumped 364.7mm). Ignoring.
[WARN] [1779940905.120011978] [coord_transform]: Outlier rejected #4 (jumped 366.5mm). Ignoring.
[INFO] [1779940905.165457677] [coord_transform]: Too many outliers (5). Resetting filter to new position.
[WARN] [1779940905.372601905] [coord_transform]: Outlier rejected #1 (jumped 674.1mm). Ignoring.
[WARN] [1779940905.412337954] [coord_transform]: Outlier rejected #2 (jumped 467.3mm). Ignoring.
[WARN] [1779940905.451107101] [coord_transform]: Outlier rejected #3 (jumped 551.3mm). Ignoring.
[WARN] [1779940905.677586922] [coord_transform]: Outlier rejected #1 (jumped 154.4mm). Ignoring.
[WARN] [1779940905.747122213] [coord_transform]: Outlier rejected #1 (jumped 1157.6mm). Ignoring.
[WARN] [1779940906.221349380] [coord_transform]: Outlier rejected #1 (jumped 479.1mm). Ignoring.
[WARN] [1779940906.698248168] [coord_transform]: Outlier rejected #1 (jumped 744.6mm). Ignoring.
[WARN] [1779940906.728413092] [coord_transform]: Outlier rejected #2 (jumped 723.4mm). Ignoring.
[WARN] [1779940906.761367443] [coord_transform]: Outlier rejected #3 (jumped 798.5mm). Ignoring.
[WARN] [1779940906.795364195] [coord_transform]: Outlier rejected #4 (jumped 624.6mm). Ignoring.
[WARN] [1779940906.888454115] [coord_transform]: Outlier rejected #1 (jumped 332.3mm). Ignoring.
[WARN] [1779940907.144597676] [coord_transform]: Outlier rejected #1 (jumped 868.2mm). Ignoring.
[WARN] [1779940907.309225653] [coord_transform]: Outlier rejected #1 (jumped 1209.2mm). Ignoring.
[WARN] [1779940907.348569263] [coord_transform]: Outlier rejected #2 (jumped 1225.7mm). Ignoring.
[WARN] [1779940907.415215584] [coord_transform]: Outlier rejected #3 (jumped 1227.0mm). Ignoring.
[WARN] [1779940907.449260821] [coord_transform]: Outlier rejected #4 (jumped 1227.0mm). Ignoring.
[INFO] [1779940907.520316013] [coord_transform]: Too many outliers (5). Resetting filter to new position.
[WARN] [1779940907.557623878] [coord_transform]: Outlier rejected #1 (jumped 1280.2mm). Ignoring.
[WARN] [1779940907.607164939] [coord_transform]: Outlier rejected #2 (jumped 1279.7mm). Ignoring.
[WARN] [1779940907.644308675] [coord_transform]: Outlier rejected #3 (jumped 1269.4mm). Ignoring.
[WARN] [1779940907.685933621] [coord_transform]: Outlier rejected #4 (jumped 1283.2mm). Ignoring.
[INFO] [1779940907.718860357] [coord_transform]: Too many outliers (5). Resetting filter to new position.
