[INFO] [1781243563.180781265] [cartesian_streamer]: CartesianStreamer khởi động (chờ Enable Robot từ UI).
  Stream rate:       15 Hz (period=66.7ms)
  Queue dt:          0.067 s
  Prebuffer points:  3
  Retry backoff:     66.0 ms
  Gửi PoseStamped lên: /cartesian_streamer/target_pose
  Gửi XYZ lên:        /cartesian_streamer/target_xyz
  Nhận EE pose tại:   /cartesian_streamer/current_pose
[INFO] [1781243563.648200037] [cartesian_streamer]: Chờ /joint_states...
[INFO] [1781243566.151963287] [cartesian_streamer]: Chờ /joint_states...
[INFO] [1781243568.652379785] [cartesian_streamer]: Chờ /joint_states...
[INFO] [1781243571.150810949] [cartesian_streamer]: Chờ /joint_states...
[INFO] [1781243573.647988735] [cartesian_streamer]: Chờ /joint_states...
[INFO] [1781243576.147823321] [cartesian_streamer]: Chờ /joint_states...
[INFO] [1781243578.147998428] [cartesian_streamer]: Chờ /joint_states...
[INFO] [1781243580.648184196] [cartesian_streamer]: Chờ /joint_states...
[INFO] [1781243583.147952212] [cartesian_streamer]: Chờ /joint_states...
[INFO] [1781243585.148014680] [cartesian_streamer]: Chờ /joint_states...
[INFO] [1781243587.648115904] [cartesian_streamer]: Chờ /joint_states...
[INFO] [1781243589.648284565] [cartesian_streamer]: Chờ /joint_states...
[INFO] [1781243592.147950965] [cartesian_streamer]: Chờ /joint_states...
[INFO] [1781243594.147952182] [cartesian_streamer]: Chờ /joint_states...
[INFO] [1781243596.148525612] [cartesian_streamer]: Chờ /joint_states...
[INFO] [1781243598.647703155] [cartesian_streamer]: Chờ /joint_states...
[INFO] [1781243600.648088593] [cartesian_streamer]: Chờ /joint_states...
[INFO] [1781243602.648484477] [cartesian_streamer]: Chờ /joint_states...
[INFO] [1781243605.148431312] [cartesian_streamer]: Chờ /joint_states...
[INFO] [1781243607.648037420] [cartesian_streamer]: Chờ /joint_states...
[INFO] [1781243610.148139218] [cartesian_streamer]: Chờ /joint_states...
[INFO] [1781243612.648164158] [cartesian_streamer]: Chờ /joint_states...
[INFO] [1781243614.648184191] [cartesian_streamer]: Chờ /joint_states...
[INFO] [1781243616.648368104] [cartesian_streamer]: Chờ /joint_states...
[INFO] [1781243619.147965654] [cartesian_streamer]: Chờ /joint_states...
[INFO] [1781243621.148220934] [cartesian_streamer]: Chờ /joint_states...
[INFO] [1781243623.148228353] [cartesian_streamer]: Chờ /joint_states...
[INFO] [1781243625.648028589] [cartesian_streamer]: Chờ /joint_states...
[INFO] [1781243627.648420060] [cartesian_streamer]: Chờ /joint_states...
[INFO] [1781243630.148335496] [cartesian_streamer]: Chờ /joint_states...
[INFO] [1781243632.148660519] [cartesian_streamer]: Chờ /joint_states...
[INFO] [1781243634.647688713] [cartesian_streamer]: Chờ /joint_states...
[INFO] [1781243637.147932215] [cartesian_streamer]: Chờ /joint_states...
[INFO] [1781243639.647826068] [cartesian_streamer]: Chờ /joint_states...
[INFO] [1781243641.648860129] [cartesian_streamer]: Chờ /joint_states...
[INFO] [1781243644.147841213] [cartesian_streamer]: Chờ /joint_states...
[INFO] [1781243646.148404460] [cartesian_streamer]: Chờ /joint_states...
[INFO] [1781243648.647965182] [cartesian_streamer]: Chờ /joint_states...
[INFO] [1781243650.647968119] [cartesian_streamer]: Chờ /joint_states...
[INFO] [1781243650.863720905] [cartesian_streamer]: Disable Robot: dừng stream, tắt traj mode...
[INFO] [1781243650.864109839] [cartesian_streamer]: ✗ Robot DISABLED.
[INFO] [1781243653.148125070] [cartesian_streamer]: Chờ /joint_states...
[INFO] [1781243655.148137771] [cartesian_streamer]: Chờ /joint_states...
[INFO] [1781243657.648743608] [cartesian_streamer]: Chờ /joint_states...
[INFO] [1781243660.147979056] [cartesian_streamer]: Chờ /joint_states...
[INFO] [1781243662.147989224] [cartesian_streamer]: Chờ /joint_states...
[INFO] [1781243662.394041692] [cartesian_streamer]: Disable Robot: dừng stream, tắt traj mode...
[INFO] [1781243662.394770214] [cartesian_streamer]: ✗ Robot DISABLED.
[INFO] [1781243664.148300467] [cartesian_streamer]: Chờ /joint_states...
[INFO] [1781243666.647825360] [cartesian_streamer]: Chờ /joint_states...
[INFO] [1781243668.647978118] [cartesian_streamer]: Chờ /joint_states...
[INFO] [1781243671.148182899] [cartesian_streamer]: Chờ /joint_states...
[INFO] [1781243673.148288105] [cartesian_streamer]: Chờ /joint_states...
[INFO] [1781243675.149121375] [cartesian_streamer]: Chờ /joint_states...
[INFO] [1781243677.647945906] [cartesian_streamer]: Chờ /joint_states...
[INFO] [1781243679.648170784] [cartesian_streamer]: Chờ /joint_states...
[INFO] [1781243682.148844396] [cartesian_streamer]: Chờ /joint_states...
[INFO] [1781243684.648192201] [cartesian_streamer]: Chờ /joint_states...
[INFO] [1781243687.149029028] [cartesian_streamer]: Chờ /joint_states...
[INFO] [1781243689.149313948] [cartesian_streamer]: Chờ /joint_states...
[INFO] [1781243691.647773435] [cartesian_streamer]: Chờ /joint_states...
[INFO] [1781243693.648344210] [cartesian_streamer]: Chờ /joint_states...
[INFO] [1781243696.147697451] [cartesian_streamer]: Chờ /joint_states...
[INFO] [1781243698.147985596] [cartesian_streamer]: Chờ /joint_states...
[INFO] [1781243700.148327045] [cartesian_streamer]: Chờ /joint_states...
[INFO] [1781243702.181641010] [cartesian_streamer]: Nhận joint_states: ['1.571', '0.124', '-1.022', '0.000', '-0.398', '0.000']
[WARN] [1781243703.648994699] [cartesian_streamer]: Không thể cross-validate FK (local hoặc MoveIt! FK thất bại). Local IK vẫn hoạt động nhưng CHƯA ĐƯỢC VALIDATE.
[INFO] [1781243703.649852079] [cartesian_streamer]: Đã nhận joint_states. EE hiện tại: (-0.1620, 0.2959, 0.3840). IK mode: Local DLS. Chờ Enable Robot từ UI...
[INFO] [1781243715.369450485] [cartesian_streamer]: Enable Robot: bắt đầu chuỗi khởi động...
[INFO] [1781243715.369723474] [cartesian_streamer]: Enable: reset_error...
[INFO] [1781243715.374105491] [cartesian_streamer]: reset_error: code=1, msg="success"
[INFO] [1781243715.374343571] [cartesian_streamer]: Enable: stop_traj_mode (giải phóng mode cũ)...
[INFO] [1781243715.425813442] [cartesian_streamer]: stop_traj_mode: success=True, code=N/A, msg=""
[INFO] [1781243715.426300700] [cartesian_streamer]: Enable: chờ 1.5s để hệ thống ổn định trước khi start queue...
[INFO] [1781243716.927421724] [cartesian_streamer]: Enable: StartPointQueueMode...
[INFO] [1781243718.450521682] [cartesian_streamer]: StartPointQueueMode response: code=1, msg=""
[INFO] [1781243718.451049957] [cartesian_streamer]: ✓ Robot ENABLED — Point Queue Mode active. Servo ON!
[INFO] [1781243718.481046187] [cartesian_streamer]: Runtime rate: state=seeding, tick_hz=0.0, queue_send_hz=0.0, ack_hz=0.0, busy_hz=0.0, retry_count=0, reject_count=0, inter_ack_ms=0.0, max_joint_delta=0.000, cumul_time=0.00s, hold_count=0, ik_mode=Local, ik_avg_ms=0.00, ik_fails=0
[INFO] [1781243718.482098285] [cartesian_streamer]: Bootstrap EE pose via FK: (-0.1620, 0.2959, 0.3840)
[INFO] [1781243718.482678439] [cartesian_streamer]: Đang stream qua service: /queue_traj_point
[INFO] [1781243718.483601010] [cartesian_streamer]: Đã gửi seed point (current joints, t=0), chờ ACK...
[INFO] [1781243718.548245723] [cartesian_streamer]: Bootstrap EE pose via FK: (-0.1620, 0.2959, 0.3840)
[INFO] [1781243718.614656646] [cartesian_streamer]: Bootstrap EE pose via FK: (-0.1620, 0.2959, 0.3840)
[INFO] [1781243718.630952032] [cartesian_streamer]: Seed ACK nhận được, bắt đầu prebuffer.
[INFO] [1781243718.631444486] [cartesian_streamer]: Queue accepted sample#1: svc=/queue_traj_point, t_cumul=0.0000s, code=1, msg="", hold=False
[INFO] [1781243718.689610385] [cartesian_streamer]: Queue accepted sample#2: svc=/queue_traj_point, t_cumul=0.1975s, code=1, msg="", hold=True
[WARN] [1781243719.281007028] [cartesian_streamer]: Service call timeout (500ms). Resetting inflight flag.
[WARN] [1781243719.814610092] [cartesian_streamer]: Service call timeout (500ms). Resetting inflight flag.
[WARN] [1781243720.348044206] [cartesian_streamer]: Service call timeout (500ms). Resetting inflight flag.
[WARN] [1781243720.881304362] [cartesian_streamer]: Service call timeout (500ms). Resetting inflight flag.
[WARN] [1781243721.414160911] [cartesian_streamer]: Service call timeout (500ms). Resetting inflight flag.
[WARN] [1781243721.947939558] [cartesian_streamer]: Service call timeout (500ms). Resetting inflight flag.
[WARN] [1781243722.480980393] [cartesian_streamer]: Service call timeout (500ms). Resetting inflight flag.
[WARN] [1781243723.014561558] [cartesian_streamer]: Service call timeout (500ms). Resetting inflight flag.
[INFO] [1781243723.481750246] [cartesian_streamer]: Runtime rate: state=prebuffering, tick_hz=15.0, queue_send_hz=2.2, ack_hz=0.4, busy_hz=0.0, retry_count=0, reject_count=0, inter_ack_ms=58.5, max_joint_delta=0.000, cumul_time=1.86s, hold_count=10, ik_mode=Local, ik_avg_ms=0.00, ik_fails=0
[WARN] [1781243723.547582146] [cartesian_streamer]: Service call timeout (500ms). Resetting inflight flag.
[WARN] [1781243724.081199729] [cartesian_streamer]: Service call timeout (500ms). Resetting inflight flag.
[WARN] [1781243724.081859150] [cartesian_streamer]: Service queue_point/queue_traj_point chưa sẵn sàng.
[WARN] [1781243725.148920944] [cartesian_streamer]: Service queue_point/queue_traj_point chưa sẵn sàng.
[WARN] [1781243726.214954067] [cartesian_streamer]: Service queue_point/queue_traj_point chưa sẵn sàng.
[WARN] [1781243727.281074522] [cartesian_streamer]: Service queue_point/queue_traj_point chưa sẵn sàng.
[WARN] [1781243728.281804092] [cartesian_streamer]: Service queue_point/queue_traj_point chưa sẵn sàng.
[INFO] [1781243728.547739944] [cartesian_streamer]: Runtime rate: state=prebuffering, tick_hz=15.0, queue_send_hz=0.2, ack_hz=0.0, busy_hz=0.0, retry_count=0, reject_count=0, inter_ack_ms=0.0, max_joint_delta=0.000, cumul_time=2.06s, hold_count=11, ik_mode=Local, ik_avg_ms=0.00, ik_fails=0
[INFO] [1781243729.638311476] [cartesian_streamer]: Queue accepted sample#3: svc=/queue_traj_point, t_cumul=2.2644s, code=1, msg="", hold=True
[INFO] [1781243729.808322954] [cartesian_streamer]: Pre-buffer hoàn tất (3 points), bắt đầu stream ổn định. Đang chờ target...
[INFO] [1781243729.808864368] [cartesian_streamer]: Queue accepted sample#4: svc=/queue_traj_point, t_cumul=2.4644s, code=1, msg="", hold=True
[INFO] [1781243729.932963560] [cartesian_streamer]: Queue accepted sample#5: svc=/queue_traj_point, t_cumul=2.5975s, code=1, msg="", hold=True
[INFO] [1781243731.957579840] [cartesian_streamer]: QueueTrajPoint accepted #20: t=4.531s, hold=True
[INFO] [1781243733.547672817] [cartesian_streamer]: Runtime rate: state=streaming, tick_hz=15.0, queue_send_hz=6.0, ack_hz=6.0, busy_hz=0.0, retry_count=0, reject_count=0, inter_ack_ms=493.7, max_joint_delta=0.000, cumul_time=5.93s, hold_count=41, ik_mode=Local, ik_avg_ms=0.00, ik_fails=0
[WARN] [1781243734.948153508] [cartesian_streamer]: Service call timeout (500ms). Resetting inflight flag.
[WARN] [1781243735.481494852] [cartesian_streamer]: Service call timeout (500ms). Resetting inflight flag.
[WARN] [1781243736.014956185] [cartesian_streamer]: Service call timeout (500ms). Resetting inflight flag.
[WARN] [1781243736.548081442] [cartesian_streamer]: Service call timeout (500ms). Resetting inflight flag.
[WARN] [1781243737.081470073] [cartesian_streamer]: Service call timeout (500ms). Resetting inflight flag.
[WARN] [1781243737.615042699] [cartesian_streamer]: Service call timeout (500ms). Resetting inflight flag.
[WARN] [1781243738.148373012] [cartesian_streamer]: Service call timeout (500ms). Resetting inflight flag.
[INFO] [1781243738.547979761] [cartesian_streamer]: Runtime rate: state=streaming, tick_hz=15.0, queue_send_hz=2.6, ack_hz=1.0, busy_hz=0.0, retry_count=0, reject_count=0, inter_ack_ms=171.7, max_joint_delta=0.000, cumul_time=8.13s, hold_count=54, ik_mode=Local, ik_avg_ms=0.00, ik_fails=0
[WARN] [1781243738.681135863] [cartesian_streamer]: Service call timeout (500ms). Resetting inflight flag.
[WARN] [1781243738.681786283] [cartesian_streamer]: Service queue_point/queue_traj_point chưa sẵn sàng.
[WARN] [1781243739.748070479] [cartesian_streamer]: Service queue_point/queue_traj_point chưa sẵn sàng.
[WARN] [1781243740.814548715] [cartesian_streamer]: Service queue_point/queue_traj_point chưa sẵn sàng.
[WARN] [1781243741.881173002] [cartesian_streamer]: Service queue_point/queue_traj_point chưa sẵn sàng.
[WARN] [1781243742.947520744] [cartesian_streamer]: Service queue_point/queue_traj_point chưa sẵn sàng.
[INFO] [1781243743.614157001] [cartesian_streamer]: Runtime rate: state=streaming, tick_hz=15.0, queue_send_hz=0.0, ack_hz=0.0, busy_hz=0.0, retry_count=0, reject_count=0, inter_ack_ms=0.0, max_joint_delta=0.000, cumul_time=8.13s, hold_count=54, ik_mode=Local, ik_avg_ms=0.00, ik_fails=0
[WARN] [1781243743.947689384] [cartesian_streamer]: Service queue_point/queue_traj_point chưa sẵn sàng.
[WARN] [1781243744.881251313] [cartesian_streamer]: Service call timeout (500ms). Resetting inflight flag.
[INFO] [1781243745.481347073] [cartesian_streamer]: QueueTrajPoint accepted #40: t=8.663s, hold=True
[INFO] [1781243747.961828159] [cartesian_streamer]: QueueTrajPoint accepted #60: t=11.197s, hold=True
[INFO] [1781243748.681029819] [cartesian_streamer]: Runtime rate: state=streaming, tick_hz=15.0, queue_send_hz=5.3, ack_hz=5.1, busy_hz=0.0, retry_count=0, reject_count=0, inter_ack_ms=537.6, max_joint_delta=0.000, cumul_time=11.60s, hold_count=81, ik_mode=Local, ik_avg_ms=0.00, ik_fails=0
[WARN] [1781243750.281194756] [cartesian_streamer]: Service call timeout (500ms). Resetting inflight flag.
[INFO] [1781243751.831822467] [cartesian_streamer]: QueueTrajPoint accepted #80: t=13.998s, hold=True
[INFO] [1781243753.680894549] [cartesian_streamer]: Runtime rate: state=streaming, tick_hz=15.0, queue_send_hz=5.8, ack_hz=5.8, busy_hz=0.0, retry_count=0, reject_count=0, inter_ack_ms=182.4, max_joint_delta=0.000, cumul_time=15.60s, hold_count=110, ik_mode=Local, ik_avg_ms=0.00, ik_fails=0
[WARN] [1781243754.814351939] [cartesian_streamer]: Service call timeout (500ms). Resetting inflight flag.
[WARN] [1781243755.348006917] [cartesian_streamer]: Service call timeout (500ms). Resetting inflight flag.
[WARN] [1781243755.880985212] [cartesian_streamer]: Service call timeout (500ms). Resetting inflight flag.
[WARN] [1781243756.414448718] [cartesian_streamer]: Service call timeout (500ms). Resetting inflight flag.
[WARN] [1781243756.947689514] [cartesian_streamer]: Service call timeout (500ms). Resetting inflight flag.
[INFO] [1781243757.478644623] [cartesian_streamer]: QueueTrajPoint accepted #100: t=16.798s, hold=True
[INFO] [1781243757.612738111] [cartesian_streamer]: Disable Robot: dừng stream, tắt traj mode...
[INFO] [1781243757.614507568] [cartesian_streamer]: ✗ Robot DISABLED.
[WARN] [1781243757.757115217] [cartesian_streamer]: ⚠ Queue mode bị drop! Auto-recovery lần 1/3...
[INFO] [1781243758.258168209] [cartesian_streamer]: Auto-recovery: bắt đầu re-enable queue mode...
[INFO] [1781243758.258737453] [cartesian_streamer]: Enable: reset_error...
[INFO] [1781243758.694351379] [cartesian_streamer]: reset_error: code=1, msg="success"
[INFO] [1781243758.694856954] [cartesian_streamer]: Enable: stop_traj_mode (giải phóng mode cũ)...
[INFO] [1781243759.165726832] [cartesian_streamer]: stop_traj_mode: success=True, code=N/A, msg=""
[INFO] [1781243759.166231569] [cartesian_streamer]: Enable: chờ 1.5s để hệ thống ổn định trước khi start queue...
[INFO] [1781243760.667144466] [cartesian_streamer]: Enable: StartPointQueueMode...
[INFO] [1781243761.032611360] [cartesian_streamer]: StartPointQueueMode response: code=104, msg="The teach pendant must not be in TEACH mode"
[ERROR] [1781243761.033112916] [cartesian_streamer]: StartPointQueueMode FAILED: The teach pendant must not be in TEACH mode
[INFO] [1781243763.781246496] [cartesian_streamer]: Disable Robot: dừng stream, tắt traj mode...
[INFO] [1781243763.781980208] [cartesian_streamer]: ✗ Robot DISABLED.
[INFO] [1781243769.188528649] [cartesian_streamer]: Enable Robot: bắt đầu chuỗi khởi động...
[INFO] [1781243769.189040588] [cartesian_streamer]: Enable: reset_error...
[INFO] [1781243769.197342695] [cartesian_streamer]: reset_error: code=1, msg="success"
[INFO] [1781243769.197878537] [cartesian_streamer]: Enable: stop_traj_mode (giải phóng mode cũ)...
[INFO] [1781243769.250089274] [cartesian_streamer]: stop_traj_mode: success=True, code=N/A, msg=""
[INFO] [1781243769.250366583] [cartesian_streamer]: Enable: chờ 1.5s để hệ thống ổn định trước khi start queue...
[INFO] [1781243770.751935477] [cartesian_streamer]: Enable: StartPointQueueMode...
[INFO] [1781243772.221527323] [cartesian_streamer]: StartPointQueueMode response: code=1, msg=""
[INFO] [1781243772.221810100] [cartesian_streamer]: ✓ Robot ENABLED — Point Queue Mode active. Servo ON!
[INFO] [1781243772.280911233] [cartesian_streamer]: Runtime rate: state=seeding, tick_hz=3.2, queue_send_hz=0.7, ack_hz=0.5, busy_hz=0.0, retry_count=0, reject_count=1, inter_ack_ms=389.6, max_joint_delta=0.000, cumul_time=0.00s, hold_count=0, ik_mode=Local, ik_avg_ms=0.00, ik_fails=0
[WARN] [1781243772.281283337] [cartesian_streamer]: QueueTrajPoint đã được accept nhưng joint_states hầu như không đổi. Kiểm tra: 1) Robot ở mode AUTO? 2) Servo ON? 3) E-stop cleared?
[INFO] [1781243772.282086466] [cartesian_streamer]: Bootstrap EE pose via FK: (-0.1620, 0.2959, 0.3839)
[INFO] [1781243772.282751640] [cartesian_streamer]: Đã gửi seed point (current joints, t=0), chờ ACK...
[INFO] [1781243772.348274679] [cartesian_streamer]: Bootstrap EE pose via FK: (-0.1620, 0.2959, 0.3839)
[INFO] [1781243772.402499555] [cartesian_streamer]: Seed ACK nhận được, bắt đầu prebuffer.
[INFO] [1781243772.684755824] [cartesian_streamer]: Pre-buffer hoàn tất (3 points), bắt đầu stream ổn định. Đang chờ target...
[WARN] [1781243773.482152180] [cartesian_streamer]: Service call timeout (500ms). Resetting inflight flag.
[WARN] [1781243774.014183480] [cartesian_streamer]: Service call timeout (500ms). Resetting inflight flag.
[WARN] [1781243774.547883097] [cartesian_streamer]: Service call timeout (500ms). Resetting inflight flag.
[WARN] [1781243775.080987552] [cartesian_streamer]: Service call timeout (500ms). Resetting inflight flag.
[WARN] [1781243775.614518119] [cartesian_streamer]: Service call timeout (500ms). Resetting inflight flag.
[WARN] [1781243776.056045159] [cartesian_streamer]: Queue BUSY, sẽ resend (backoff 66ms): msg="Busy processing the previous trajectory point. Please resend the next point shortly"
[INFO] [1781243777.280784015] [cartesian_streamer]: Runtime rate: state=streaming, tick_hz=15.0, queue_send_hz=4.0, ack_hz=2.2, busy_hz=1.2, retry_count=6, reject_count=0, inter_ack_ms=1785.2, max_joint_delta=0.000, cumul_time=1.73s, hold_count=15, ik_mode=Local, ik_avg_ms=0.00, ik_fails=0
[INFO] [1781243778.035749293] [cartesian_streamer]: QueueTrajPoint accepted #120: t=2.465s, hold=True
[INFO] [1781243780.740758566] [cartesian_streamer]: QueueTrajPoint accepted #140: t=4.732s, hold=True
[WARN] [1781243781.660907498] [cartesian_streamer]: Queue BUSY, sẽ resend (backoff 66ms): msg="Busy processing the previous trajectory point. Please resend the next point shortly"
[INFO] [1781243782.280898614] [cartesian_streamer]: Runtime rate: state=streaming, tick_hz=15.0, queue_send_hz=7.0, ack_hz=6.8, busy_hz=0.2, retry_count=1, reject_count=0, inter_ack_ms=143.2, max_joint_delta=0.000, cumul_time=5.80s, hold_count=49, ik_mode=Local, ik_avg_ms=0.00, ik_fails=0
[INFO] [1781243784.604725317] [cartesian_streamer]: QueueTrajPoint accepted #160: t=7.665s, hold=True
[WARN] [1781243785.418012952] [cartesian_streamer]: Queue BUSY, sẽ resend (backoff 66ms): msg="Busy processing the previous trajectory point. Please resend the next point shortly"
[INFO] [1781243787.347751623] [cartesian_streamer]: Runtime rate: state=streaming, tick_hz=15.0, queue_send_hz=6.1, ack_hz=6.1, busy_hz=0.2, retry_count=1, reject_count=0, inter_ack_ms=170.0, max_joint_delta=0.000, cumul_time=9.93s, hold_count=79, ik_mode=Local, ik_avg_ms=0.00, ik_fails=0
[INFO] [1781243787.599568070] [cartesian_streamer]: QueueTrajPoint accepted #180: t=10.132s, hold=True
[INFO] [1781243790.197075527] [cartesian_streamer]: QueueTrajPoint accepted #200: t=12.532s, hold=True
[INFO] [1781243792.414008584] [cartesian_streamer]: Runtime rate: state=streaming, tick_hz=15.0, queue_send_hz=7.7, ack_hz=7.7, busy_hz=0.0, retry_count=0, reject_count=0, inter_ack_ms=130.8, max_joint_delta=0.000, cumul_time=14.60s, hold_count=118, ik_mode=Local, ik_avg_ms=0.00, ik_fails=0
[INFO] [1781243792.734327283] [cartesian_streamer]: QueueTrajPoint accepted #220: t=14.932s, hold=True
[INFO] [1781243795.759218463] [cartesian_streamer]: QueueTrajPoint accepted #240: t=17.598s, hold=True
[INFO] [1781243797.414374368] [cartesian_streamer]: Runtime rate: state=streaming, tick_hz=15.0, queue_send_hz=6.8, ack_hz=6.8, busy_hz=0.0, retry_count=0, reject_count=0, inter_ack_ms=147.0, max_joint_delta=0.000, cumul_time=19.00s, hold_count=152, ik_mode=Local, ik_avg_ms=0.00, ik_fails=0
[INFO] [1781243798.546138250] [cartesian_streamer]: QueueTrajPoint accepted #260: t=20.065s, hold=True
[WARN] [1781243798.569684663] [cartesian_streamer]: Queue BUSY, sẽ resend (backoff 66ms): msg="Busy processing the previous trajectory point. Please resend the next point shortly"
[INFO] [1781243801.283124011] [cartesian_streamer]: QueueTrajPoint accepted #280: t=22.465s, hold=True
[INFO] [1781243801.504387265] [cartesian_streamer]: Disable Robot: dừng stream, tắt traj mode...
[INFO] [1781243801.505492744] [cartesian_streamer]: ✗ Robot DISABLED.
[WARN] [1781243801.743162398] [cartesian_streamer]: ⚠ Queue mode bị drop! Auto-recovery lần 1/3...
[INFO] [1781243802.244182126] [cartesian_streamer]: Auto-recovery: bắt đầu re-enable queue mode...
[INFO] [1781243802.244682871] [cartesian_streamer]: Enable: reset_error...
[INFO] [1781243802.260600532] [cartesian_streamer]: reset_error: code=105, msg="Pendant is not in REMOTE mode"
[INFO] [1781243802.260830003] [cartesian_streamer]: Enable: stop_traj_mode (giải phóng mode cũ)...
[INFO] [1781243803.189467813] [cartesian_streamer]: stop_traj_mode: success=True, code=N/A, msg=""
[INFO] [1781243803.190058885] [cartesian_streamer]: Enable: chờ 1.5s để hệ thống ổn định trước khi start queue...
[INFO] [1781243804.690954176] [cartesian_streamer]: Enable: StartPointQueueMode...
[INFO] [1781243805.873107422] [cartesian_streamer]: Disable Robot: dừng stream, tắt traj mode...
[INFO] [1781243805.873485986] [cartesian_streamer]: ✗ Robot DISABLED.
[INFO] [1781243806.515744282] [cartesian_streamer]: StartPointQueueMode response: code=1, msg=""
[INFO] [1781243806.516251961] [cartesian_streamer]: ✓ Robot ENABLED — Point Queue Mode active. Servo ON!
[INFO] [1781243806.547721346] [cartesian_streamer]: Runtime rate: state=seeding, tick_hz=6.8, queue_send_hz=3.4, ack_hz=3.2, busy_hz=0.1, retry_count=1, reject_count=1, inter_ack_ms=133.9, max_joint_delta=0.000, cumul_time=0.00s, hold_count=0, ik_mode=Local, ik_avg_ms=0.00, ik_fails=0
[WARN] [1781243806.548371994] [cartesian_streamer]: QueueTrajPoint đã được accept nhưng joint_states hầu như không đổi. Kiểm tra: 1) Robot ở mode AUTO? 2) Servo ON? 3) E-stop cleared?
[INFO] [1781243806.549373103] [cartesian_streamer]: Bootstrap EE pose via FK: (-0.1620, 0.2959, 0.3839)
[INFO] [1781243806.550244669] [cartesian_streamer]: Đã gửi seed point (current joints, t=0), chờ ACK...
[INFO] [1781243806.614112387] [cartesian_streamer]: Bootstrap EE pose via FK: (-0.1620, 0.2959, 0.3839)
[INFO] [1781243806.681444205] [cartesian_streamer]: Bootstrap EE pose via FK: (-0.1620, 0.2959, 0.3839)
[INFO] [1781243806.747536050] [cartesian_streamer]: Bootstrap EE pose via FK: (-0.1620, 0.2959, 0.3839)
[INFO] [1781243806.814250298] [cartesian_streamer]: Bootstrap EE pose via FK: (-0.1620, 0.2959, 0.3839)
[INFO] [1781243806.881607763] [cartesian_streamer]: Bootstrap EE pose via FK: (-0.1620, 0.2959, 0.3839)
[INFO] [1781243806.947791535] [cartesian_streamer]: Bootstrap EE pose via FK: (-0.1620, 0.2959, 0.3839)
[INFO] [1781243807.015094952] [cartesian_streamer]: Bootstrap EE pose via FK: (-0.1620, 0.2959, 0.3839)
[INFO] [1781243807.080960445] [cartesian_streamer]: Bootstrap EE pose via FK: (-0.1620, 0.2959, 0.3839)
[INFO] [1781243807.148390519] [cartesian_streamer]: Bootstrap EE pose via FK: (-0.1620, 0.2959, 0.3839)
[INFO] [1781243807.214386093] [cartesian_streamer]: Bootstrap EE pose via FK: (-0.1620, 0.2959, 0.3839)
[INFO] [1781243807.281017968] [cartesian_streamer]: Bootstrap EE pose via FK: (-0.1620, 0.2959, 0.3839)
[WARN] [1781243807.293539590] [cartesian_streamer]: ⚠ Queue mode bị drop! Auto-recovery lần 2/3...
[INFO] [1781243807.428078627] [cartesian_streamer]: Disable Robot: dừng stream, tắt traj mode...
[INFO] [1781243807.431017856] [cartesian_streamer]: ✗ Robot DISABLED.
[INFO] [1781243807.794514452] [cartesian_streamer]: Auto-recovery: bắt đầu re-enable queue mode...
[INFO] [1781243807.795100049] [cartesian_streamer]: Enable: reset_error...
[INFO] [1781243807.806584891] [cartesian_streamer]: reset_error: code=105, msg="Pendant is not in REMOTE mode"
[INFO] [1781243807.806881639] [cartesian_streamer]: Enable: stop_traj_mode (giải phóng mode cũ)...
[INFO] [1781243807.852206058] [cartesian_streamer]: stop_traj_mode: success=True, code=N/A, msg=""
[INFO] [1781243807.852461648] [cartesian_streamer]: Enable: chờ 1.5s để hệ thống ổn định trước khi start queue...
[INFO] [1781243809.353404436] [cartesian_streamer]: Enable: StartPointQueueMode...
[INFO] [1781243810.901228613] [cartesian_streamer]: StartPointQueueMode response: code=1, msg=""
[INFO] [1781243810.901758145] [cartesian_streamer]: ✓ Robot ENABLED — Point Queue Mode active. Servo ON!
[INFO] [1781243810.947937307] [cartesian_streamer]: Bootstrap EE pose via FK: (-0.1620, 0.2959, 0.3839)
[INFO] [1781243810.948446897] [cartesian_streamer]: Đã gửi seed point (current joints, t=0), chờ ACK...
[INFO] [1781243811.014791867] [cartesian_streamer]: Bootstrap EE pose via FK: (-0.1620, 0.2959, 0.3839)
[INFO] [1781243811.069545862] [cartesian_streamer]: Seed ACK nhận được, bắt đầu prebuffer.
[INFO] [1781243811.547768647] [cartesian_streamer]: Runtime rate: state=prebuffering, tick_hz=4.2, queue_send_hz=0.8, ack_hz=0.4, busy_hz=0.0, retry_count=0, reject_count=1, inter_ack_ms=4958.4, max_joint_delta=0.000, cumul_time=0.27s, hold_count=2, ik_mode=Local, ik_avg_ms=0.00, ik_fails=0
[WARN] [1781243811.747430291] [cartesian_streamer]: Service call timeout (500ms). Resetting inflight flag.
[WARN] [1781243812.280745567] [cartesian_streamer]: Service call timeout (500ms). Resetting inflight flag.
[WARN] [1781243812.814858834] [cartesian_streamer]: Service call timeout (500ms). Resetting inflight flag.
[WARN] [1781243813.348139830] [cartesian_streamer]: Service call timeout (500ms). Resetting inflight flag.
[INFO] [1781243813.820425062] [cartesian_streamer]: Disable Robot: dừng stream, tắt traj mode...
[INFO] [1781243813.820809418] [cartesian_streamer]: ✗ Robot DISABLED.
[WARN] [1781243814.361556054] [cartesian_streamer]: ⚠ Queue mode bị drop! Auto-recovery lần 1/3...
[INFO] [1781243814.862528669] [cartesian_streamer]: Auto-recovery: bắt đầu re-enable queue mode...
[INFO] [1781243814.863063206] [cartesian_streamer]: Enable: reset_error...
[INFO] [1781243814.871449995] [cartesian_streamer]: reset_error: code=105, msg="Pendant is not in REMOTE mode"
[INFO] [1781243814.871701704] [cartesian_streamer]: Enable: stop_traj_mode (giải phóng mode cũ)...
[INFO] [1781243814.918715187] [cartesian_streamer]: stop_traj_mode: success=True, code=N/A, msg=""
[INFO] [1781243814.919209304] [cartesian_streamer]: Enable: chờ 1.5s để hệ thống ổn định trước khi start queue...
[INFO] [1781243816.420025465] [cartesian_streamer]: Enable: StartPointQueueMode...
[INFO] [1781243817.911175134] [cartesian_streamer]: StartPointQueueMode response: code=1, msg=""
[INFO] [1781243817.911503082] [cartesian_streamer]: ✓ Robot ENABLED — Point Queue Mode active. Servo ON!
[INFO] [1781243817.948537998] [cartesian_streamer]: Runtime rate: state=seeding, tick_hz=5.5, queue_send_hz=0.6, ack_hz=0.0, busy_hz=0.0, retry_count=0, reject_count=4, inter_ack_ms=0.0, max_joint_delta=0.000, cumul_time=0.00s, hold_count=0, ik_mode=Local, ik_avg_ms=0.00, ik_fails=0
[WARN] [1781243817.948877659] [cartesian_streamer]: QueueTrajPoint đã được accept nhưng joint_states hầu như không đổi. Kiểm tra: 1) Robot ở mode AUTO? 2) Servo ON? 3) E-stop cleared?
[INFO] [1781243817.949426947] [cartesian_streamer]: Bootstrap EE pose via FK: (-0.1620, 0.2959, 0.3839)
[INFO] [1781243817.949874399] [cartesian_streamer]: Đã gửi seed point (current joints, t=0), chờ ACK...
[INFO] [1781243818.014581435] [cartesian_streamer]: Bootstrap EE pose via FK: (-0.1620, 0.2959, 0.3839)
[INFO] [1781243818.078153826] [cartesian_streamer]: Seed ACK nhận được, bắt đầu prebuffer.
[INFO] [1781243818.525661120] [cartesian_streamer]: Pre-buffer hoàn tất (3 points), bắt đầu stream ổn định. Đang chờ target...
[WARN] [1781243818.888897599] [cartesian_streamer]: Queue BUSY, sẽ resend (backoff 66ms): msg="Busy processing the previous trajectory point. Please resend the next point shortly"
[WARN] [1781243820.334344061] [cartesian_streamer]: ⚠ Queue mode bị drop! Auto-recovery lần 1/3...
[INFO] [1781243820.835255860] [cartesian_streamer]: Auto-recovery: bắt đầu re-enable queue mode...
[INFO] [1781243820.835785977] [cartesian_streamer]: Enable: reset_error...
[INFO] [1781243820.857279657] [cartesian_streamer]: reset_error: code=105, msg="Pendant is not in REMOTE mode"
[INFO] [1781243820.857778132] [cartesian_streamer]: Enable: stop_traj_mode (giải phóng mode cũ)...
[INFO] [1781243821.119302323] [cartesian_streamer]: stop_traj_mode: success=True, code=N/A, msg=""
[INFO] [1781243821.119794148] [cartesian_streamer]: Enable: chờ 1.5s để hệ thống ổn định trước khi start queue...
[INFO] [1781243822.620657782] [cartesian_streamer]: Enable: StartPointQueueMode...
[INFO] [1781243822.634896214] [cartesian_streamer]: StartPointQueueMode response: code=104, msg="The teach pendant must not be in TEACH mode"
[ERROR] [1781243822.635556523] [cartesian_streamer]: StartPointQueueMode FAILED: The teach pendant must not be in TEACH mode
[INFO] [1781243839.388890439] [cartesian_streamer]: Graceful shutdown: tắt Point Queue Mode trước khi thoát...
[INFO] [1781243839.389989088] [cartesian_streamer]: Robot chưa enable, không cần stop_traj_mode.
[INFO] [1781243839.391014656] [cartesian_streamer]: Shutdown hoàn tất. Tủ điện sẽ KHÔNG bị alarm.
