[INFO] [1781089652.142369832] [coord_transform]: CoordTransformNode khởi động.
  Object offset (cam frame): [0.05 0.   0.1 ]
  Translation cam→base:      [0.5 0.  1.2]
  EE orientation (xyzw):     [0.0, 1.0, 0.0, 0.0]
  Prediction step:           5
  Axis remap:                [0, 1, 2]
  Axis sign:                 [-1.0, 1.0, 1.0]
  Workspace X: (-1.0, 1.0), Y: (-0.5, 1.3), Z: (0.05, 1.5)
  Filter outlier_threshold:  0.15m
  Filter median_size_y:      3
  Filter deadband_tol:       35.0mm
  Filter stationary_thresh:  3 frames
  Filter max_rate:           5.0cm/frame
  Filter EMA moving(x,y,z):  (0.75,0.5,0.75)
  Filter EMA hold  (x,y,z):  (0.08,0.02,0.05)
[WARN] [1781089664.927598690] [coord_transform]: Outlier rejected #1 (jumped 159.7mm). Ignoring.
[WARN] [1781089664.969865782] [coord_transform]: Outlier rejected #2 (jumped 264.8mm). Ignoring.
[WARN] [1781089665.006432935] [coord_transform]: Outlier rejected #3 (jumped 400.3mm). Ignoring.
[WARN] [1781089665.041087649] [coord_transform]: Outlier rejected #4 (jumped 344.5mm). Ignoring.
[INFO] [1781089665.074023735] [coord_transform]: Too many outliers (5). Resetting filter to new position.
[WARN] [1781089668.307075061] [coord_transform]: Outlier rejected #1 (jumped 2168.5mm). Ignoring.
[WARN] [1781089668.336687039] [coord_transform]: Outlier rejected #2 (jumped 2152.5mm). Ignoring.
[WARN] [1781089668.366803128] [coord_transform]: Outlier rejected #3 (jumped 2127.4mm). Ignoring.
[WARN] [1781089668.398569557] [coord_transform]: Outlier rejected #4 (jumped 2135.5mm). Ignoring.
[INFO] [1781089668.428393608] [coord_transform]: Too many outliers (5). Resetting filter to new position.
[INFO] [1781089692.920068599] [coord_transform]: Captured Init Pose! P_init=(-0.162, 0.250, 0.412), Cam_init=(0.082, -0.044, -0.000), Noise_Tol=60.0mm
Orientation=(0.707, 0.707, 0.000, -0.000)
[INFO] [1781089692.962355310] [coord_transform]: Deadband: RELEASE — motion detected
[INFO] [1781089693.083582016] [coord_transform]: Deadband: HOLD at (0.082, -0.044, -0.000)
[INFO] [1781089693.179347162] [coord_transform]: Captured Init Pose! P_init=(-0.162, 0.250, 0.412), Cam_init=(0.082, -0.040, 0.001), Noise_Tol=60.0mm
Orientation=(0.707, 0.707, 0.000, -0.000)
[INFO] [1781089693.182432489] [coord_transform]: Captured Init Pose! P_init=(-0.162, 0.250, 0.412), Cam_init=(0.082, -0.040, 0.001), Noise_Tol=60.0mm
Orientation=(0.707, 0.707, 0.000, -0.000)
[INFO] [1781089693.441502594] [coord_transform]: Captured Init Pose! P_init=(-0.162, 0.250, 0.412), Cam_init=(0.083, -0.039, 0.002), Noise_Tol=60.0mm
Orientation=(0.707, 0.707, 0.000, -0.000)
[INFO] [1781089693.701322138] [coord_transform]: Captured Init Pose! P_init=(-0.162, 0.250, 0.412), Cam_init=(0.083, -0.036, 0.004), Noise_Tol=60.0mm
Orientation=(0.707, 0.707, 0.000, -0.000)
[INFO] [1781089696.018739388] [coord_transform]: Đã chuyển mode: ground_truth -> prediction
[INFO] [1781089696.153861710] [coord_transform]: Deadband: HOLD at (0.083, -0.036, 0.004)
[INFO] [1781089696.159418687] [coord_transform]: [SNAP ON] Tay đứng yên, GRU lệch 8.9cm (< 10cm). Snap prediction về actual hand.
[INFO] [1781089697.323046313] [coord_transform]: Re-sync camera init: [ 0.088 -0.041  0.006]
[INFO] [1781089697.323835912] [coord_transform]: Trạng thái tracking: RUNNING
[INFO] [1781089697.340075719] [coord_transform]: Deadband: RELEASE — motion detected
[INFO] [1781089697.349099700] [coord_transform]: [SNAP OFF] Tay di chuyển lại. Thả snap.
[INFO] [1781089697.350149594] [coord_transform]: [PREDICTION] Transform: cam[ 0.065 -0.     0.033] → base[-0.139  0.291  0.439]
[INFO] [1781089697.478214082] [coord_transform]: [SNAP ON] Tay đứng yên, GRU lệch 8.7cm (< 10cm). Snap prediction về actual hand.
[INFO] [1781089697.997686459] [coord_transform]: [SNAP OFF] Khoảng cách GRU-actual = 10.1cm > 10cm. Thả snap.
[INFO] [1781089698.598251576] [coord_transform]: [SNAP ON] Tay đứng yên, GRU lệch 10.0cm (< 10cm). Snap prediction về actual hand.
[INFO] [1781089699.261391973] [coord_transform]: [SNAP OFF] Khoảng cách GRU-actual = 10.1cm > 10cm. Thả snap.
[INFO] [1781089699.368089112] [coord_transform]: [PREDICTION] Transform: cam[0.054 0.05  0.038] → base[-0.128  0.341  0.444]
[INFO] [1781089699.674525784] [coord_transform]: [SNAP ON] Tay đứng yên, GRU lệch 10.0cm (< 10cm). Snap prediction về actual hand.
[INFO] [1781089701.498617475] [coord_transform]: [SNAP OFF] Khoảng cách GRU-actual = 10.0cm > 10cm. Thả snap.
[INFO] [1781089701.499562420] [coord_transform]: [PREDICTION] Transform: cam[0.057 0.046 0.045] → base[-0.131  0.337  0.451]
[INFO] [1781089701.737608648] [coord_transform]: [SNAP ON] Tay đứng yên, GRU lệch 10.0cm (< 10cm). Snap prediction về actual hand.
[INFO] [1781089704.007651847] [coord_transform]: Trạng thái tracking: STOPPED
[INFO] [1781089709.615240182] [coord_transform]: Deadband: RELEASE — motion detected
[INFO] [1781089709.624350309] [coord_transform]: [SNAP OFF] Tay di chuyển lại. Thả snap.
[INFO] [1781089709.648495497] [coord_transform]: Deadband: HOLD at (0.088, -0.041, 0.006)
[INFO] [1781089709.658479018] [coord_transform]: [SNAP ON] Tay đứng yên, GRU lệch 7.7cm (< 10cm). Snap prediction về actual hand.
[INFO] [1781089709.694418697] [coord_transform]: [SNAP OFF] Tay di chuyển lại. Thả snap.
[INFO] [1781089709.758906964] [coord_transform]: [SNAP OFF] Tay di chuyển lại. Thả snap.
[INFO] [1781089709.820223923] [coord_transform]: [SNAP OFF] Tay di chuyển lại. Thả snap.
[INFO] [1781089709.887209750] [coord_transform]: [SNAP OFF] Tay di chuyển lại. Thả snap.
[INFO] [1781089709.957431817] [coord_transform]: [SNAP OFF] Tay di chuyển lại. Thả snap.
[INFO] [1781089710.022184339] [coord_transform]: [SNAP OFF] Tay di chuyển lại. Thả snap.
[INFO] [1781089710.097730174] [coord_transform]: [SNAP OFF] Tay di chuyển lại. Thả snap.
[INFO] [1781089710.162592685] [coord_transform]: [SNAP OFF] Tay di chuyển lại. Thả snap.
[INFO] [1781089710.228922476] [coord_transform]: [SNAP OFF] Tay di chuyển lại. Thả snap.
[INFO] [1781089710.296039472] [coord_transform]: [SNAP OFF] Tay di chuyển lại. Thả snap.
[INFO] [1781089710.355735921] [coord_transform]: [SNAP OFF] Tay di chuyển lại. Thả snap.
[INFO] [1781089710.424397530] [coord_transform]: [SNAP OFF] Tay di chuyển lại. Thả snap.
[INFO] [1781089710.509577113] [coord_transform]: [SNAP OFF] Tay di chuyển lại. Thả snap.
[INFO] [1781089710.576652947] [coord_transform]: [SNAP OFF] Tay di chuyển lại. Thả snap.
[INFO] [1781089710.642762471] [coord_transform]: [SNAP OFF] Tay di chuyển lại. Thả snap.
[INFO] [1781089710.678448815] [coord_transform]: [SNAP ON] Tay đứng yên, GRU lệch 6.9cm (< 10cm). Snap prediction về actual hand.
[INFO] [1781089710.705006602] [coord_transform]: [SNAP OFF] Tay di chuyển lại. Thả snap.
[INFO] [1781089710.772185346] [coord_transform]: [SNAP OFF] Tay di chuyển lại. Thả snap.
[INFO] [1781089710.846277215] [coord_transform]: [SNAP OFF] Tay di chuyển lại. Thả snap.
[INFO] [1781089710.907743800] [coord_transform]: [SNAP OFF] Tay di chuyển lại. Thả snap.
[INFO] [1781089710.974958454] [coord_transform]: [SNAP OFF] Tay di chuyển lại. Thả snap.
[INFO] [1781089711.041451436] [coord_transform]: [SNAP OFF] Tay di chuyển lại. Thả snap.
[INFO] [1781089711.118229020] [coord_transform]: [SNAP OFF] Tay di chuyển lại. Thả snap.
[INFO] [1781089711.186851940] [coord_transform]: [SNAP OFF] Tay di chuyển lại. Thả snap.
[INFO] [1781089711.261458614] [coord_transform]: [SNAP OFF] Tay di chuyển lại. Thả snap.
[INFO] [1781089711.324357265] [coord_transform]: [SNAP OFF] Tay di chuyển lại. Thả snap.
[INFO] [1781089711.384826298] [coord_transform]: [SNAP OFF] Tay di chuyển lại. Thả snap.
[INFO] [1781089711.451609289] [coord_transform]: [SNAP OFF] Tay di chuyển lại. Thả snap.
[INFO] [1781089711.518925804] [coord_transform]: [SNAP OFF] Tay di chuyển lại. Thả snap.
[INFO] [1781089711.581218845] [coord_transform]: [SNAP OFF] Tay di chuyển lại. Thả snap.
[INFO] [1781089711.639701955] [coord_transform]: Deadband: RELEASE — motion detected
[INFO] [1781089711.646545495] [coord_transform]: [SNAP OFF] Tay di chuyển lại. Thả snap.
[INFO] [1781089711.677592196] [coord_transform]: Deadband: HOLD at (0.088, -0.041, 0.006)
[INFO] [1781089711.684480819] [coord_transform]: [SNAP ON] Tay đứng yên, GRU lệch 6.7cm (< 10cm). Snap prediction về actual hand.
[INFO] [1781089711.726434917] [coord_transform]: [SNAP OFF] Tay di chuyển lại. Thả snap.
[INFO] [1781089711.796265881] [coord_transform]: [SNAP OFF] Tay di chuyển lại. Thả snap.
[INFO] [1781089711.865523349] [coord_transform]: [SNAP OFF] Tay di chuyển lại. Thả snap.
[INFO] [1781089711.933473074] [coord_transform]: [SNAP OFF] Tay di chuyển lại. Thả snap.
[INFO] [1781089712.005609225] [coord_transform]: [SNAP OFF] Tay di chuyển lại. Thả snap.
[INFO] [1781089712.069175657] [coord_transform]: [SNAP OFF] Tay di chuyển lại. Thả snap.
[INFO] [1781089712.131607094] [coord_transform]: [SNAP OFF] Tay di chuyển lại. Thả snap.
[INFO] [1781089712.196321771] [coord_transform]: [SNAP OFF] Tay di chuyển lại. Thả snap.
[INFO] [1781089712.268547975] [coord_transform]: [SNAP OFF] Tay di chuyển lại. Thả snap.
[INFO] [1781089712.582173553] [coord_transform]: [SNAP OFF] Tay di chuyển lại. Thả snap.
[INFO] [1781089712.649827395] [coord_transform]: [SNAP OFF] Tay di chuyển lại. Thả snap.
[INFO] [1781089712.686838297] [coord_transform]: [SNAP ON] Tay đứng yên, GRU lệch 8.2cm (< 10cm). Snap prediction về actual hand.
[INFO] [1781089712.746704715] [coord_transform]: [SNAP OFF] Tay di chuyển lại. Thả snap.
[INFO] [1781089712.784922206] [coord_transform]: Re-sync camera init: [ 0.108 -0.058  0.006]
[INFO] [1781089712.785727841] [coord_transform]: Trạng thái tracking: RUNNING
[INFO] [1781089712.815141264] [coord_transform]: [SNAP OFF] Tay di chuyển lại. Thả snap.
[INFO] [1781089712.816566245] [coord_transform]: [PREDICTION] Transform: cam[ 0.065 -0.022  0.034] → base[-0.118  0.286  0.44 ]
[INFO] [1781089714.106562107] [coord_transform]: Deadband: RELEASE — motion detected
[INFO] [1781089714.140002531] [coord_transform]: Deadband: HOLD at (0.108, -0.058, 0.006)
[INFO] [1781089714.827632268] [coord_transform]: [PREDICTION] Transform: cam[0.012 0.087 0.137] → base[-0.066  0.395  0.543]
[INFO] [1781089716.844521806] [coord_transform]: [PREDICTION] Transform: cam[0.049 0.414 0.237] → base[-0.103  0.722  0.643]
[INFO] [1781089718.856304530] [coord_transform]: [PREDICTION] Transform: cam[0.009 0.653 0.157] → base[-0.063  0.961  0.563]
[INFO] [1781089720.879747748] [coord_transform]: [PREDICTION] Transform: cam[0.016 0.61  0.037] → base[-0.07   0.918  0.443]
[INFO] [1781089722.920606131] [coord_transform]: [PREDICTION] Transform: cam[0.007 0.64  0.026] → base[-0.061  0.948  0.432]
[INFO] [1781089725.466407000] [coord_transform]: [PREDICTION] Transform: cam[0.004 0.656 0.027] → base[-0.057  0.964  0.433]
[INFO] [1781089727.494323984] [coord_transform]: [PREDICTION] Transform: cam[0.001 0.559 0.23 ] → base[-0.055  0.867  0.636]
[INFO] [1781089729.528153352] [coord_transform]: [PREDICTION] Transform: cam[-0.017  0.194  0.255] → base[-0.037  0.502  0.661]
[INFO] [1781089731.558473922] [coord_transform]: [PREDICTION] Transform: cam[-0.007  0.201  0.149] → base[-0.046  0.509  0.556]
[INFO] [1781089733.561580230] [coord_transform]: [PREDICTION] Transform: cam[-0.027  0.201  0.185] → base[-0.026  0.509  0.592]
[INFO] [1781089735.562209695] [coord_transform]: [PREDICTION] Transform: cam[-0.038  0.464  0.317] → base[-0.016  0.772  0.723]
[INFO] [1781089737.564275794] [coord_transform]: [PREDICTION] Transform: cam[0.045 0.741 0.206] → base[-0.099  1.049  0.612]
[INFO] [1781089739.598706286] [coord_transform]: [PREDICTION] Transform: cam[0.052 0.774 0.131] → base[-0.105  1.082  0.537]
[INFO] [1781089741.631369924] [coord_transform]: [PREDICTION] Transform: cam[0.043 0.729 0.107] → base[-0.097  1.037  0.513]
[INFO] [1781089743.641964292] [coord_transform]: [PREDICTION] Transform: cam[0.212 0.599 0.148] → base[-0.266  0.907  0.554]
[INFO] [1781089745.645053675] [coord_transform]: [PREDICTION] Transform: cam[0.072 0.584 0.183] → base[-0.126  0.892  0.589]
[INFO] [1781089747.672436018] [coord_transform]: [PREDICTION] Transform: cam[-0.059  0.6    0.173] → base[0.006 0.908 0.579]
[INFO] [1781089749.677636580] [coord_transform]: [PREDICTION] Transform: cam[-0.038  0.487  0.218] → base[-0.016  0.795  0.624]
[INFO] [1781089751.111844638] [coord_transform]: Trạng thái tracking: STOPPED
[WARN] [1781089759.746785902] [coord_transform]: Outlier rejected #1 (jumped 469.2mm). Ignoring.
[WARN] [1781089759.781107591] [coord_transform]: Outlier rejected #2 (jumped 361.9mm). Ignoring.
[WARN] [1781089759.813891990] [coord_transform]: Outlier rejected #3 (jumped 562.1mm). Ignoring.
[WARN] [1781089759.848118307] [coord_transform]: Outlier rejected #4 (jumped 587.3mm). Ignoring.
[INFO] [1781089774.189384376] [coord_transform]: Too many outliers (5). Resetting filter to new position.
[WARN] [1781089783.536389142] [coord_transform]: Outlier rejected #1 (jumped 162.7mm). Ignoring.
[WARN] [1781089783.853704817] [coord_transform]: Outlier rejected #1 (jumped 486.6mm). Ignoring.
[WARN] [1781089783.892414222] [coord_transform]: Outlier rejected #2 (jumped 303.0mm). Ignoring.
[WARN] [1781089806.082497946] [coord_transform]: Outlier rejected #1 (jumped 190.7mm). Ignoring.
[WARN] [1781089806.937489921] [coord_transform]: Outlier rejected #1 (jumped 239.4mm). Ignoring.
