[INFO] [1781083818.255864743] [motoros2_mock]: ╔══════════════════════════════════════════════╗
║   MotoROS2 Mock Node — Simulation Mode      ║
║   Tất cả /* services đã sẵn sàng            ║
║   (node_namespace="" — không prefix)         ║
╚══════════════════════════════════════════════╝
[INFO] [1781083824.862450332] [motoros2_mock]: ✓ StartPointQueueMode → READY (mock)
[INFO] [1781083824.931048053] [motoros2_mock]: QueueTrajPoint #1 → forwarded to JTC. joints=[1.571, 0.075, -1.049, -0.030, -0.523, -0.002]
[INFO] [1781083824.993161515] [motoros2_mock]: QueueTrajPoint #2 → forwarded to JTC. joints=[1.571, 0.075, -1.049, -0.030, -0.523, -0.002]
[INFO] [1781083825.057555202] [motoros2_mock]: QueueTrajPoint #3 → forwarded to JTC. joints=[1.571, 0.075, -1.049, -0.030, -0.523, -0.002]
[INFO] [1781083827.837279886] [motoros2_mock]: QueueTrajPoint #50 → forwarded to JTC. joints=[1.628, 0.309, -0.800, 0.042, -0.446, -0.145]
[INFO] [1781083830.805271507] [motoros2_mock]: QueueTrajPoint #100 → forwarded to JTC. joints=[1.648, -0.365, -1.612, 0.307, -0.621, -0.024]
[INFO] [1781083833.804091420] [motoros2_mock]: QueueTrajPoint #150 → forwarded to JTC. joints=[1.638, -0.316, -1.614, 0.320, -0.649, -0.024]
[INFO] [1781083836.725338141] [motoros2_mock]: QueueTrajPoint #200 → forwarded to JTC. joints=[1.625, -0.296, -1.634, 0.313, -0.669, -0.024]
[INFO] [1781083839.727589858] [motoros2_mock]: QueueTrajPoint #250 → forwarded to JTC. joints=[1.623, -0.256, -1.634, 0.307, -0.669, -0.024]
[INFO] [1781083842.727474532] [motoros2_mock]: QueueTrajPoint #300 → forwarded to JTC. joints=[1.538, -0.204, -1.579, 0.217, -0.648, -0.069]
[INFO] [1781083845.674563000] [motoros2_mock]: QueueTrajPoint #350 → forwarded to JTC. joints=[1.628, 0.309, -0.800, 0.042, -0.446, -0.204]
[INFO] [1781083848.659582431] [motoros2_mock]: QueueTrajPoint #400 → forwarded to JTC. joints=[1.530, -0.139, -1.536, 0.063, -0.617, -0.159]
[INFO] [1781083851.661085316] [motoros2_mock]: QueueTrajPoint #450 → forwarded to JTC. joints=[1.488, -0.186, -1.696, 0.137, -0.777, -0.159]
[INFO] [1781083854.660767474] [motoros2_mock]: QueueTrajPoint #500 → forwarded to JTC. joints=[1.446, -0.194, -1.728, 0.128, -0.802, -0.159]
[INFO] [1781083857.659129055] [motoros2_mock]: QueueTrajPoint #550 → forwarded to JTC. joints=[1.313, -0.134, -1.701, 0.036, -0.833, -0.159]
[INFO] [1781083860.662659727] [motoros2_mock]: QueueTrajPoint #600 → forwarded to JTC. joints=[1.449, -0.051, -1.575, 0.119, -0.804, -0.177]
[INFO] [1781083863.594248953] [motoros2_mock]: QueueTrajPoint #650 → forwarded to JTC. joints=[1.371, -0.081, -1.580, 0.104, -0.803, -0.177]
[INFO] [1781083866.593829196] [motoros2_mock]: QueueTrajPoint #700 → forwarded to JTC. joints=[1.321, -0.100, -1.599, 0.066, -0.782, -0.177]
[INFO] [1781083869.594814410] [motoros2_mock]: QueueTrajPoint #750 → forwarded to JTC. joints=[1.667, -0.012, -1.502, 0.002, -0.638, -0.204]
[INFO] [1781083872.526498105] [motoros2_mock]: QueueTrajPoint #800 → forwarded to JTC. joints=[1.615, -0.170, -1.647, 0.191, -0.717, -0.204]
[INFO] [1781083875.530830494] [motoros2_mock]: QueueTrajPoint #850 → forwarded to JTC. joints=[1.564, -0.149, -1.609, 0.097, -0.646, -0.204]
[INFO] [1781083878.528277711] [motoros2_mock]: QueueTrajPoint #900 → forwarded to JTC. joints=[1.490, -0.218, -1.613, 0.046, -0.700, -0.204]
[INFO] [1781083881.528665095] [motoros2_mock]: QueueTrajPoint #950 → forwarded to JTC. joints=[1.399, -0.224, -1.662, 0.056, -0.762, -0.204]
[INFO] [1781083884.531520985] [motoros2_mock]: QueueTrajPoint #1000 → forwarded to JTC. joints=[1.450, -0.270, -1.697, 0.106, -0.665, -0.204]
[INFO] [1781083887.595282278] [motoros2_mock]: QueueTrajPoint #1050 → forwarded to JTC. joints=[1.435, -0.389, -1.776, 0.151, -0.730, -0.204]
[INFO] [1781083890.498705585] [motoros2_mock]: MotoROS2 Mock Node shutdown.
