[INFO] [1779942941.266930650] [cartesian_streamer]: CartesianStreamer khởi động (chờ Enable Robot từ UI).
  Stream rate:       15 Hz (period=66.7ms)
  Queue dt:          0.067 s
  Prebuffer points:  3
  Retry backoff:     66.0 ms
  Gửi PoseStamped lên: /cartesian_streamer/target_pose
  Gửi XYZ lên:        /cartesian_streamer/target_xyz
  Nhận EE pose tại:   /cartesian_streamer/current_pose
[INFO] [1779942941.270938188] [cartesian_streamer]: Nhận joint_states: ['1.571', '0.075', '-1.049', '-0.030', '-0.523', '-0.002']
[INFO] [1779942941.752060202] [cartesian_streamer]: ✓ FK cross-validation PASSED. Error = 0.0023mm
  Local FK:  (-0.16383, 0.26301, 0.39467)
  MoveIt FK: (-0.16383, 0.26301, 0.39467)
[INFO] [1779942941.753236270] [cartesian_streamer]: Đã nhận joint_states. EE hiện tại: (-0.1638, 0.2630, 0.3947). IK mode: Local DLS. Chờ Enable Robot từ UI...
[INFO] [1779942988.959755034] [cartesian_streamer]: Enable Robot: bắt đầu chuỗi khởi động...
[INFO] [1779942988.960050256] [cartesian_streamer]: Enable: reset_error...
[WARN] [1779942991.965739326] [cartesian_streamer]: Service reset_error không khả dụng, bỏ qua.
[INFO] [1779942991.966363667] [cartesian_streamer]: Enable: stop_traj_mode (giải phóng mode cũ)...
[INFO] [1779942991.969779610] [cartesian_streamer]: stop_traj_mode: success=True, code=N/A, msg="Mock: OK (simulation)"
[INFO] [1779942991.970363994] [cartesian_streamer]: Enable: chờ 1.5s để hệ thống ổn định trước khi start queue...
[INFO] [1779942993.471552831] [cartesian_streamer]: Enable: StartPointQueueMode...
[INFO] [1779942993.476253313] [cartesian_streamer]: StartPointQueueMode response: code=1, msg="Mock: Point Queue Mode activated (simulation)"
[INFO] [1779942993.480145887] [cartesian_streamer]: ✓ Robot ENABLED — Point Queue Mode active. Servo ON!
[INFO] [1779942993.515621835] [cartesian_streamer]: Runtime rate: state=seeding, tick_hz=0.0, queue_send_hz=0.0, ack_hz=0.0, busy_hz=0.0, retry_count=0, reject_count=0, inter_ack_ms=0.0, max_joint_delta=0.000, cumul_time=0.00s, hold_count=0, ik_mode=Local, ik_avg_ms=0.00, ik_fails=0
[INFO] [1779942993.519136040] [cartesian_streamer]: Bootstrap EE pose via FK: (-0.1638, 0.2630, 0.3947)
[INFO] [1779942993.520071953] [cartesian_streamer]: Đang stream qua service: /queue_traj_point
[INFO] [1779942993.521031042] [cartesian_streamer]: Đã gửi seed point (current joints, t=0), chờ ACK...
[INFO] [1779942993.524796547] [cartesian_streamer]: Seed ACK nhận được, bắt đầu prebuffer.
[INFO] [1779942993.525191439] [cartesian_streamer]: Queue accepted sample#1: svc=/queue_traj_point, t_cumul=0.0000s, code=1, msg="", hold=False
[INFO] [1779942993.584654293] [cartesian_streamer]: Queue accepted sample#2: svc=/queue_traj_point, t_cumul=0.0610s, code=1, msg="", hold=True
[INFO] [1779942993.652518515] [cartesian_streamer]: Queue accepted sample#3: svc=/queue_traj_point, t_cumul=0.1283s, code=1, msg="", hold=True
[INFO] [1779942993.719117382] [cartesian_streamer]: Pre-buffer hoàn tất (3 points), bắt đầu stream ổn định. Đang chờ target...
[INFO] [1779942993.719481020] [cartesian_streamer]: Queue accepted sample#4: svc=/queue_traj_point, t_cumul=0.1944s, code=1, msg="", hold=True
[INFO] [1779942993.784303705] [cartesian_streamer]: Queue accepted sample#5: svc=/queue_traj_point, t_cumul=0.2610s, code=1, msg="", hold=True
[INFO] [1779942994.784219995] [cartesian_streamer]: QueueTrajPoint accepted #20: t=1.261s, hold=True
[INFO] [1779942996.118987078] [cartesian_streamer]: QueueTrajPoint accepted #40: t=2.594s, hold=True
[INFO] [1779942997.450277749] [cartesian_streamer]: QueueTrajPoint accepted #60: t=3.928s, hold=True
[INFO] [1779942997.984596362] [cartesian_streamer]: IK OK → Δmax=0.0133 rad, joints: [1.571, 0.072, -1.038, -0.030, -0.536, -0.003]
[INFO] [1779942998.515408074] [cartesian_streamer]: Runtime rate: state=streaming, tick_hz=15.0, queue_send_hz=15.0, ack_hz=15.0, busy_hz=0.0, retry_count=0, reject_count=0, inter_ack_ms=66.6, max_joint_delta=0.013, cumul_time=4.93s, hold_count=0, ik_mode=Local, ik_avg_ms=1.74, ik_fails=0
[INFO] [1779942998.787157315] [cartesian_streamer]: QueueTrajPoint accepted #80: t=5.264s, hold=False
[INFO] [1779943000.051596548] [cartesian_streamer]: IK OK → Δmax=0.0100 rad, joints: [1.554, 0.025, -0.746, -0.018, -0.876, 0.000]
[INFO] [1779943000.124020850] [cartesian_streamer]: QueueTrajPoint accepted #100: t=6.601s, hold=False
[INFO] [1779943001.452057621] [cartesian_streamer]: QueueTrajPoint accepted #120: t=7.929s, hold=False
[INFO] [1779943002.119062878] [cartesian_streamer]: IK OK → Δmax=0.0132 rad, joints: [1.564, -0.050, -0.596, -0.016, -1.101, -0.014]
[INFO] [1779943002.788896288] [cartesian_streamer]: QueueTrajPoint accepted #140: t=9.265s, hold=False
[INFO] [1779943003.582116047] [cartesian_streamer]: Runtime rate: state=streaming, tick_hz=15.0, queue_send_hz=15.0, ack_hz=15.0, busy_hz=0.0, retry_count=0, reject_count=0, inter_ack_ms=66.7, max_joint_delta=0.021, cumul_time=10.00s, hold_count=0, ik_mode=Local, ik_avg_ms=1.57, ik_fails=0
[INFO] [1779943004.121732982] [cartesian_streamer]: QueueTrajPoint accepted #160: t=10.599s, hold=False
[INFO] [1779943004.183924460] [cartesian_streamer]: IK OK → Δmax=0.0181 rad, joints: [1.726, 0.374, -0.043, -0.028, -1.227, -0.174]
[INFO] [1779943005.454495340] [cartesian_streamer]: QueueTrajPoint accepted #180: t=11.931s, hold=False
[INFO] [1779943006.249790972] [cartesian_streamer]: IK OK → Δmax=0.0179 rad, joints: [1.644, 0.614, 0.002, -0.024, -1.034, -0.089]
[INFO] [1779943006.787515781] [cartesian_streamer]: QueueTrajPoint accepted #200: t=13.263s, hold=False
[INFO] [1779943008.119198856] [cartesian_streamer]: QueueTrajPoint accepted #220: t=14.596s, hold=False
[INFO] [1779943008.251228544] [cartesian_streamer]: IK OK → Δmax=0.0052 rad, joints: [1.656, 0.589, -0.034, -0.025, -1.022, -0.100]
[INFO] [1779943008.648808632] [cartesian_streamer]: Runtime rate: state=streaming, tick_hz=15.0, queue_send_hz=15.0, ack_hz=15.0, busy_hz=0.0, retry_count=0, reject_count=0, inter_ack_ms=66.6, max_joint_delta=0.023, cumul_time=15.06s, hold_count=0, ik_mode=Local, ik_avg_ms=1.58, ik_fails=0
[INFO] [1779943009.453021514] [cartesian_streamer]: QueueTrajPoint accepted #240: t=15.931s, hold=False
[INFO] [1779943010.251644056] [cartesian_streamer]: IK OK → Δmax=0.0042 rad, joints: [1.650, 0.588, -0.024, -0.025, -1.034, -0.095]
[INFO] [1779943010.787818091] [cartesian_streamer]: QueueTrajPoint accepted #260: t=17.264s, hold=False
[INFO] [1779943012.121532551] [cartesian_streamer]: QueueTrajPoint accepted #280: t=18.599s, hold=False
[INFO] [1779943012.316264194] [cartesian_streamer]: IK OK → Δmax=0.0028 rad, joints: [1.638, 0.582, -0.027, -0.024, -1.036, -0.083]
[INFO] [1779943013.454086820] [cartesian_streamer]: QueueTrajPoint accepted #300: t=19.930s, hold=False
[INFO] [1779943013.715293875] [cartesian_streamer]: Runtime rate: state=streaming, tick_hz=15.0, queue_send_hz=15.0, ack_hz=15.0, busy_hz=0.0, retry_count=0, reject_count=0, inter_ack_ms=66.6, max_joint_delta=0.009, cumul_time=20.13s, hold_count=0, ik_mode=Local, ik_avg_ms=1.58, ik_fails=0
[INFO] [1779943014.320713130] [cartesian_streamer]: IK OK → Δmax=0.0177 rad, joints: [1.670, 0.510, 0.056, -0.024, -1.190, -0.118]
[INFO] [1779943014.787672804] [cartesian_streamer]: QueueTrajPoint accepted #320: t=21.264s, hold=False
[INFO] [1779943016.120916630] [cartesian_streamer]: QueueTrajPoint accepted #340: t=22.598s, hold=False
[INFO] [1779943016.382859867] [cartesian_streamer]: IK OK → Δmax=0.0148 rad, joints: [1.602, 0.133, -0.308, -0.019, -1.205, -0.053]
[INFO] [1779943017.452906287] [cartesian_streamer]: QueueTrajPoint accepted #360: t=23.930s, hold=False
[INFO] [1779943018.383413585] [cartesian_streamer]: IK OK → Δmax=0.0159 rad, joints: [1.453, -0.057, -0.799, -0.008, -0.907, 0.094]
[INFO] [1779943018.782141929] [cartesian_streamer]: Runtime rate: state=streaming, tick_hz=15.0, queue_send_hz=15.0, ack_hz=15.0, busy_hz=0.0, retry_count=0, reject_count=0, inter_ack_ms=66.7, max_joint_delta=0.026, cumul_time=25.20s, hold_count=0, ik_mode=Local, ik_avg_ms=1.59, ik_fails=0
[INFO] [1779943018.790307331] [cartesian_streamer]: QueueTrajPoint accepted #380: t=25.265s, hold=False
[INFO] [1779943020.122265958] [cartesian_streamer]: QueueTrajPoint accepted #400: t=26.598s, hold=False
[INFO] [1779943020.383738655] [cartesian_streamer]: IK OK → Δmax=0.0053 rad, joints: [1.539, 0.094, -0.834, -0.019, -0.719, 0.018]
[INFO] [1779943021.454504431] [cartesian_streamer]: QueueTrajPoint accepted #420: t=27.931s, hold=False
[INFO] [1779943022.385376290] [cartesian_streamer]: IK OK → Δmax=0.0058 rad, joints: [1.534, 0.079, -0.863, -0.019, -0.705, 0.023]
[INFO] [1779943022.789188991] [cartesian_streamer]: QueueTrajPoint accepted #440: t=29.264s, hold=False
[INFO] [1779943023.849782938] [cartesian_streamer]: Runtime rate: state=streaming, tick_hz=15.0, queue_send_hz=15.0, ack_hz=15.0, busy_hz=0.0, retry_count=0, reject_count=0, inter_ack_ms=66.7, max_joint_delta=0.018, cumul_time=30.27s, hold_count=0, ik_mode=Local, ik_avg_ms=1.62, ik_fails=0
[INFO] [1779943024.119025758] [cartesian_streamer]: QueueTrajPoint accepted #460: t=30.596s, hold=False
[INFO] [1779943024.451510876] [cartesian_streamer]: IK OK → Δmax=0.0165 rad, joints: [1.421, 0.067, -0.625, -0.005, -0.956, 0.124]
[INFO] [1779943025.453180802] [cartesian_streamer]: QueueTrajPoint accepted #480: t=31.930s, hold=False
[INFO] [1779943026.452150837] [cartesian_streamer]: IK OK → Δmax=0.0144 rad, joints: [1.347, 0.405, -0.100, 0.002, -1.143, 0.194]
[INFO] [1779943026.788990909] [cartesian_streamer]: QueueTrajPoint accepted #500: t=33.264s, hold=False
[INFO] [1779943028.122530050] [cartesian_streamer]: QueueTrajPoint accepted #520: t=34.600s, hold=False
[INFO] [1779943028.453330728] [cartesian_streamer]: IK OK → Δmax=0.0019 rad, joints: [1.303, 0.503, -0.044, 0.006, -1.102, 0.236]
[INFO] [1779943028.915389596] [cartesian_streamer]: Runtime rate: state=streaming, tick_hz=15.0, queue_send_hz=15.0, ack_hz=15.0, busy_hz=0.0, retry_count=0, reject_count=0, inter_ack_ms=66.6, max_joint_delta=0.020, cumul_time=35.33s, hold_count=0, ik_mode=Local, ik_avg_ms=1.65, ik_fails=0
[INFO] [1779943029.452883237] [cartesian_streamer]: QueueTrajPoint accepted #540: t=35.930s, hold=False
[INFO] [1779943030.519159577] [cartesian_streamer]: IK OK → Δmax=0.0034 rad, joints: [1.308, 0.497, -0.060, 0.006, -1.091, 0.231]
[INFO] [1779943030.787988377] [cartesian_streamer]: QueueTrajPoint accepted #560: t=37.264s, hold=False
[INFO] [1779943032.121647483] [cartesian_streamer]: QueueTrajPoint accepted #580: t=38.598s, hold=False
[INFO] [1779943032.584276178] [cartesian_streamer]: IK OK → Δmax=0.0021 rad, joints: [1.304, 0.495, -0.048, 0.006, -1.104, 0.235]
[INFO] [1779943033.453496733] [cartesian_streamer]: QueueTrajPoint accepted #600: t=39.930s, hold=False
[INFO] [1779943033.982185364] [cartesian_streamer]: Runtime rate: state=streaming, tick_hz=15.0, queue_send_hz=15.0, ack_hz=15.0, busy_hz=0.0, retry_count=0, reject_count=0, inter_ack_ms=66.7, max_joint_delta=0.019, cumul_time=40.40s, hold_count=0, ik_mode=Local, ik_avg_ms=1.64, ik_fails=0
[INFO] [1779943034.650705799] [cartesian_streamer]: IK OK → Δmax=0.0215 rad, joints: [1.372, 0.382, 0.003, 0.000, -1.270, 0.170]
[INFO] [1779943034.788226992] [cartesian_streamer]: QueueTrajPoint accepted #620: t=41.265s, hold=False
[INFO] [1779943036.121660577] [cartesian_streamer]: QueueTrajPoint accepted #640: t=42.599s, hold=False
[INFO] [1779943036.650735893] [cartesian_streamer]: IK OK → Δmax=0.0172 rad, joints: [1.378, -0.022, -0.505, -0.000, -1.166, 0.165]
[INFO] [1779943037.454922668] [cartesian_streamer]: QueueTrajPoint accepted #660: t=43.930s, hold=False
[INFO] [1779943038.719683455] [cartesian_streamer]: IK OK → Δmax=0.0107 rad, joints: [1.499, 0.047, -0.887, -0.015, -0.714, 0.054]
[INFO] [1779943038.788269291] [cartesian_streamer]: QueueTrajPoint accepted #680: t=45.264s, hold=False
[INFO] [1779943039.049055790] [cartesian_streamer]: Runtime rate: state=streaming, tick_hz=15.0, queue_send_hz=15.0, ack_hz=15.0, busy_hz=0.0, retry_count=0, reject_count=0, inter_ack_ms=66.7, max_joint_delta=0.023, cumul_time=45.46s, hold_count=0, ik_mode=Local, ik_avg_ms=1.62, ik_fails=0
[INFO] [1779943040.122222725] [cartesian_streamer]: QueueTrajPoint accepted #700: t=46.599s, hold=False
[INFO] [1779943040.784521488] [cartesian_streamer]: IK OK → Δmax=0.0198 rad, joints: [1.498, -0.046, -0.718, -0.012, -0.977, 0.050]
[INFO] [1779943041.453222596] [cartesian_streamer]: QueueTrajPoint accepted #720: t=47.930s, hold=False
[INFO] [1779943042.786458348] [cartesian_streamer]: QueueTrajPoint accepted #740: t=49.264s, hold=False
[INFO] [1779943042.851077608] [cartesian_streamer]: IK OK → Δmax=0.0178 rad, joints: [1.741, 0.340, -0.190, -0.031, -1.113, -0.185]
[INFO] [1779943044.115007921] [cartesian_streamer]: Runtime rate: state=streaming, tick_hz=15.0, queue_send_hz=15.0, ack_hz=15.0, busy_hz=0.0, retry_count=0, reject_count=0, inter_ack_ms=66.7, max_joint_delta=0.023, cumul_time=50.53s, hold_count=0, ik_mode=Local, ik_avg_ms=1.63, ik_fails=0
[INFO] [1779943044.118789082] [cartesian_streamer]: QueueTrajPoint accepted #760: t=50.596s, hold=False
[INFO] [1779943044.852376968] [cartesian_streamer]: IK OK → Δmax=0.0161 rad, joints: [1.704, 0.587, 0.059, -0.028, -1.116, -0.149]
[INFO] [1779943045.453063290] [cartesian_streamer]: QueueTrajPoint accepted #780: t=51.930s, hold=False
[INFO] [1779943046.786098455] [cartesian_streamer]: QueueTrajPoint accepted #800: t=53.262s, hold=False
[INFO] [1779943046.918966254] [cartesian_streamer]: IK OK → Δmax=0.0059 rad, joints: [1.712, 0.587, 0.059, -0.029, -1.117, -0.157]
[INFO] [1779943048.118743816] [cartesian_streamer]: QueueTrajPoint accepted #820: t=54.595s, hold=False
[INFO] [1779943048.920205405] [cartesian_streamer]: IK OK → Δmax=0.0023 rad, joints: [1.722, 0.629, 0.116, -0.029, -1.131, -0.167]
[INFO] [1779943049.117881651] [cartesian_streamer]: Runtime rate: state=streaming, tick_hz=15.0, queue_send_hz=15.0, ack_hz=15.0, busy_hz=0.0, retry_count=0, reject_count=0, inter_ack_ms=66.6, max_joint_delta=0.019, cumul_time=55.53s, hold_count=0, ik_mode=Local, ik_avg_ms=1.61, ik_fails=0
[INFO] [1779943049.454789724] [cartesian_streamer]: QueueTrajPoint accepted #840: t=55.931s, hold=False
[INFO] [1779943050.025748341] [cartesian_streamer]: Disable Robot: dừng stream, tắt traj mode...
[INFO] [1779943050.029852445] [cartesian_streamer]: ✗ Robot DISABLED.
[INFO] [1779943437.000810640] [cartesian_streamer]: Graceful shutdown: tắt Point Queue Mode trước khi thoát...
[INFO] [1779943437.001432244] [cartesian_streamer]: Robot chưa enable, không cần stop_traj_mode.
[INFO] [1779943437.002002195] [cartesian_streamer]: Shutdown hoàn tất. Tủ điện sẽ KHÔNG bị alarm.
