[INFO] [1781248315.574697761] [coord_transform]: CoordTransformNode khởi động.
  Object offset (cam frame): [0.05 0.   0.1 ]
  Translation cam→base:      [0.5 0.  1.2]
  EE orientation (xyzw):     [0.0, 1.0, 0.0, 0.0]
  Prediction step:           5
  Axis remap:                [0, 1, 2]
  Axis sign:                 [-1.0, 1.0, 1.0]
  Workspace X: (-1.0, 1.0), Y: (-0.5, 1.3), Z: (0.05, 1.5)
  Filter outlier_threshold:  0.15m
  Filter median_size_y:      3
  Filter deadband_tol:       15.0mm
  Filter stationary_thresh:  3 frames
  Filter max_rate:           5.0cm/frame
  Filter EMA moving(x,y,z):  (1.0,1.0,1.0)
  Filter EMA hold  (x,y,z):  (0.08,0.02,0.05)
[WARN] [1781248335.554591327] [coord_transform]: Outlier rejected #1 (jumped 214.1mm). Ignoring.
[WARN] [1781248335.956699627] [coord_transform]: Outlier rejected #1 (jumped 213.2mm). Ignoring.
[WARN] [1781248336.356476302] [coord_transform]: Outlier rejected #1 (jumped 258.5mm). Ignoring.
[WARN] [1781248336.690102654] [coord_transform]: Outlier rejected #1 (jumped 515.9mm). Ignoring.
[WARN] [1781248336.755667138] [coord_transform]: Outlier rejected #1 (jumped 355.1mm). Ignoring.
[WARN] [1781248337.025663614] [coord_transform]: Outlier rejected #1 (jumped 432.5mm). Ignoring.
[WARN] [1781248337.125549590] [coord_transform]: Outlier rejected #1 (jumped 161.1mm). Ignoring.
[WARN] [1781248341.364895418] [coord_transform]: Outlier rejected #1 (jumped 451.4mm). Ignoring.
[WARN] [1781248342.192104769] [coord_transform]: Outlier rejected #1 (jumped 269.6mm). Ignoring.
[WARN] [1781248343.432694674] [coord_transform]: Outlier rejected #1 (jumped 205.4mm). Ignoring.
[WARN] [1781248345.394647131] [coord_transform]: Outlier rejected #1 (jumped 275.9mm). Ignoring.
[WARN] [1781248345.496997918] [coord_transform]: Outlier rejected #1 (jumped 152.1mm). Ignoring.
[WARN] [1781248345.529053841] [coord_transform]: Outlier rejected #2 (jumped 218.0mm). Ignoring.
[WARN] [1781248345.563562481] [coord_transform]: Outlier rejected #3 (jumped 214.0mm). Ignoring.
[WARN] [1781248345.601468178] [coord_transform]: Outlier rejected #4 (jumped 215.6mm). Ignoring.
[INFO] [1781248345.643045029] [coord_transform]: Too many outliers (5). Resetting filter to new position.
[WARN] [1781248348.790513040] [coord_transform]: Outlier rejected #1 (jumped 2129.8mm). Ignoring.
[WARN] [1781248348.824823329] [coord_transform]: Outlier rejected #2 (jumped 2137.8mm). Ignoring.
[WARN] [1781248348.854472716] [coord_transform]: Outlier rejected #3 (jumped 2137.8mm). Ignoring.
[WARN] [1781248348.898632593] [coord_transform]: Outlier rejected #4 (jumped 2129.8mm). Ignoring.
[INFO] [1781248348.931460569] [coord_transform]: Too many outliers (5). Resetting filter to new position.
[INFO] [1781248351.823742118] [coord_transform]: Captured Init Pose! P_init=(-0.162, 0.280, 0.379), Cam_init=(0.004, -0.004, -0.003), Noise_Tol=39.6mm
Orientation=(0.998, 0.064, -0.000, 0.000)
[INFO] [1781248351.838596473] [coord_transform]: Deadband: RELEASE — motion detected
[INFO] [1781248351.967636209] [coord_transform]: Deadband: HOLD at (0.004, -0.004, -0.003)
[WARN] [1781248353.735453660] [coord_transform]: Outlier rejected #1 (jumped 170.6mm). Ignoring.
[WARN] [1781248353.768332482] [coord_transform]: Outlier rejected #2 (jumped 210.6mm). Ignoring.
[INFO] [1781248359.023633631] [coord_transform]: Re-sync camera init: [ 0.172 -0.151  0.008]
[INFO] [1781248359.024339252] [coord_transform]: Trạng thái tracking: RUNNING
[INFO] [1781248359.039929123] [coord_transform]: Deadband: RELEASE — motion detected
[INFO] [1781248359.041345615] [coord_transform]: [GROUND_TRUTH] Transform: cam[ 0.175 -0.177  0.007] → base[-0.165  0.254  0.378]
[INFO] [1781248359.170622059] [coord_transform]: Deadband: HOLD at (0.172, -0.151, 0.008)
[INFO] [1781248361.140144991] [coord_transform]: [GROUND_TRUTH] Transform: cam[ 0.187 -0.26   0.01 ] → base[-0.177  0.171  0.38 ]
[INFO] [1781248363.166544618] [coord_transform]: [GROUND_TRUTH] Transform: cam[ 0.199 -0.289  0.008] → base[-0.188  0.142  0.378]
[INFO] [1781248365.276869327] [coord_transform]: [GROUND_TRUTH] Transform: cam[ 0.257 -0.526  0.059] → base[-0.247 -0.095  0.429]
[WARN] [1781248365.377297011] [coord_transform]: Outlier rejected #1 (jumped 252.3mm). Ignoring.
[WARN] [1781248365.451421847] [coord_transform]: Outlier rejected #1 (jumped 258.3mm). Ignoring.
[WARN] [1781248365.612931822] [coord_transform]: Outlier rejected #1 (jumped 276.6mm). Ignoring.
[WARN] [1781248366.079498632] [coord_transform]: Outlier rejected #1 (jumped 154.7mm). Ignoring.
[INFO] [1781248367.279969529] [coord_transform]: [GROUND_TRUTH] Transform: cam[ 0.308 -0.568  0.114] → base[-0.298 -0.137  0.484]
[INFO] [1781248367.992330271] [coord_transform]: Trạng thái tracking: STOPPED
[WARN] [1781248368.645150381] [coord_transform]: Outlier rejected #1 (jumped 171.0mm). Ignoring.
[WARN] [1781248368.787386432] [coord_transform]: Outlier rejected #1 (jumped 166.4mm). Ignoring.
[WARN] [1781248370.445513619] [coord_transform]: Outlier rejected #1 (jumped 250.4mm). Ignoring.
[WARN] [1781248370.579202629] [coord_transform]: Outlier rejected #1 (jumped 185.8mm). Ignoring.
[WARN] [1781248370.613401296] [coord_transform]: Outlier rejected #2 (jumped 195.9mm). Ignoring.
[WARN] [1781248370.647604077] [coord_transform]: Outlier rejected #3 (jumped 226.1mm). Ignoring.
[WARN] [1781248370.682664263] [coord_transform]: Outlier rejected #4 (jumped 185.9mm). Ignoring.
[INFO] [1781248370.714104163] [coord_transform]: Too many outliers (5). Resetting filter to new position.
[WARN] [1781248370.780637751] [coord_transform]: Outlier rejected #1 (jumped 409.0mm). Ignoring.
[WARN] [1781248370.946604563] [coord_transform]: Outlier rejected #1 (jumped 168.1mm). Ignoring.
[WARN] [1781248371.050285358] [coord_transform]: Outlier rejected #1 (jumped 231.2mm). Ignoring.
[WARN] [1781248371.080741067] [coord_transform]: Outlier rejected #2 (jumped 202.4mm). Ignoring.
[WARN] [1781248371.147526949] [coord_transform]: Outlier rejected #1 (jumped 150.6mm). Ignoring.
[WARN] [1781248371.481097008] [coord_transform]: Outlier rejected #1 (jumped 310.5mm). Ignoring.
[WARN] [1781248371.585851781] [coord_transform]: Outlier rejected #1 (jumped 168.2mm). Ignoring.
[WARN] [1781248371.848461224] [coord_transform]: Outlier rejected #1 (jumped 209.0mm). Ignoring.
[WARN] [1781248372.053434269] [coord_transform]: Outlier rejected #1 (jumped 197.8mm). Ignoring.
[WARN] [1781248372.422555907] [coord_transform]: Outlier rejected #1 (jumped 377.6mm). Ignoring.
[WARN] [1781248373.626337848] [coord_transform]: Outlier rejected #1 (jumped 153.5mm). Ignoring.
[WARN] [1781248373.855755113] [coord_transform]: Outlier rejected #1 (jumped 198.9mm). Ignoring.
[WARN] [1781248373.990063705] [coord_transform]: Outlier rejected #1 (jumped 155.5mm). Ignoring.
[WARN] [1781248374.118971605] [coord_transform]: Outlier rejected #1 (jumped 165.0mm). Ignoring.
[WARN] [1781248374.254743721] [coord_transform]: Outlier rejected #1 (jumped 155.5mm). Ignoring.
[WARN] [1781248374.283005008] [coord_transform]: Outlier rejected #2 (jumped 155.5mm). Ignoring.
[WARN] [1781248374.383405572] [coord_transform]: Outlier rejected #1 (jumped 237.2mm). Ignoring.
[WARN] [1781248374.483128547] [coord_transform]: Outlier rejected #1 (jumped 150.9mm). Ignoring.
[WARN] [1781248374.522189386] [coord_transform]: Outlier rejected #2 (jumped 190.6mm). Ignoring.
[WARN] [1781248374.658345730] [coord_transform]: Outlier rejected #1 (jumped 314.0mm). Ignoring.
[WARN] [1781248374.683057752] [coord_transform]: Outlier rejected #2 (jumped 156.0mm). Ignoring.
[WARN] [1781248374.751464072] [coord_transform]: Outlier rejected #3 (jumped 205.4mm). Ignoring.
[WARN] [1781248374.784500921] [coord_transform]: Outlier rejected #4 (jumped 342.7mm). Ignoring.
[WARN] [1781248374.951711265] [coord_transform]: Outlier rejected #1 (jumped 162.1mm). Ignoring.
[WARN] [1781248374.982509516] [coord_transform]: Outlier rejected #2 (jumped 284.3mm). Ignoring.
[WARN] [1781248375.017460632] [coord_transform]: Outlier rejected #3 (jumped 228.8mm). Ignoring.
[WARN] [1781248375.059482500] [coord_transform]: Outlier rejected #4 (jumped 251.0mm). Ignoring.
[INFO] [1781248375.156987847] [coord_transform]: Too many outliers (5). Resetting filter to new position.
[WARN] [1781248375.617008389] [coord_transform]: Outlier rejected #1 (jumped 185.2mm). Ignoring.
[WARN] [1781248375.758017554] [coord_transform]: Outlier rejected #1 (jumped 165.0mm). Ignoring.
[WARN] [1781248375.783894310] [coord_transform]: Outlier rejected #2 (jumped 242.2mm). Ignoring.
[WARN] [1781248375.901066550] [coord_transform]: Outlier rejected #3 (jumped 198.8mm). Ignoring.
[WARN] [1781248375.965786351] [coord_transform]: Outlier rejected #4 (jumped 242.9mm). Ignoring.
[INFO] [1781248375.993027002] [coord_transform]: Too many outliers (5). Resetting filter to new position.
[WARN] [1781248376.122044203] [coord_transform]: Outlier rejected #1 (jumped 176.3mm). Ignoring.
[WARN] [1781248376.148931271] [coord_transform]: Outlier rejected #2 (jumped 164.2mm). Ignoring.
[WARN] [1781248376.217981586] [coord_transform]: Outlier rejected #3 (jumped 263.0mm). Ignoring.
[WARN] [1781248376.618151355] [coord_transform]: Outlier rejected #1 (jumped 369.5mm). Ignoring.
[WARN] [1781248376.650387387] [coord_transform]: Outlier rejected #2 (jumped 398.7mm). Ignoring.
[WARN] [1781248376.686596201] [coord_transform]: Outlier rejected #3 (jumped 172.6mm). Ignoring.
[WARN] [1781248376.751907261] [coord_transform]: Outlier rejected #4 (jumped 300.2mm). Ignoring.
[WARN] [1781248377.022938536] [coord_transform]: Outlier rejected #1 (jumped 258.4mm). Ignoring.
[WARN] [1781248377.765135302] [coord_transform]: Outlier rejected #1 (jumped 213.0mm). Ignoring.
[WARN] [1781248377.799291521] [coord_transform]: Outlier rejected #2 (jumped 165.3mm). Ignoring.
[WARN] [1781248378.911946791] [coord_transform]: Outlier rejected #1 (jumped 212.0mm). Ignoring.
[WARN] [1781248378.947037688] [coord_transform]: Outlier rejected #2 (jumped 189.8mm). Ignoring.
[WARN] [1781248378.984099917] [coord_transform]: Outlier rejected #3 (jumped 195.4mm). Ignoring.
[WARN] [1781248379.021169348] [coord_transform]: Outlier rejected #4 (jumped 201.1mm). Ignoring.
[INFO] [1781248379.054021091] [coord_transform]: Too many outliers (5). Resetting filter to new position.
[WARN] [1781248379.299192335] [coord_transform]: Outlier rejected #1 (jumped 297.1mm). Ignoring.
[WARN] [1781248379.688435070] [coord_transform]: Outlier rejected #1 (jumped 190.9mm). Ignoring.
[WARN] [1781248379.754212955] [coord_transform]: Outlier rejected #1 (jumped 174.2mm). Ignoring.
[WARN] [1781248381.062633251] [coord_transform]: Outlier rejected #1 (jumped 279.4mm). Ignoring.
[WARN] [1781248381.357278812] [coord_transform]: Outlier rejected #1 (jumped 321.0mm). Ignoring.
[WARN] [1781248381.588266988] [coord_transform]: Outlier rejected #1 (jumped 159.9mm). Ignoring.
[WARN] [1781248381.624594475] [coord_transform]: Outlier rejected #2 (jumped 206.8mm). Ignoring.
[WARN] [1781248381.796284590] [coord_transform]: Outlier rejected #1 (jumped 207.3mm). Ignoring.
[WARN] [1781248381.927760712] [coord_transform]: Outlier rejected #1 (jumped 167.5mm). Ignoring.
[WARN] [1781248381.954849231] [coord_transform]: Outlier rejected #2 (jumped 154.4mm). Ignoring.
[WARN] [1781248382.421282134] [coord_transform]: Outlier rejected #1 (jumped 151.5mm). Ignoring.
[WARN] [1781248382.856663524] [coord_transform]: Outlier rejected #1 (jumped 229.3mm). Ignoring.
[WARN] [1781248382.922432994] [coord_transform]: Outlier rejected #2 (jumped 194.7mm). Ignoring.
[WARN] [1781248383.221201269] [coord_transform]: Outlier rejected #1 (jumped 350.3mm). Ignoring.
[WARN] [1781248383.394022453] [coord_transform]: Outlier rejected #1 (jumped 262.9mm). Ignoring.
[WARN] [1781248383.460224096] [coord_transform]: Outlier rejected #2 (jumped 244.3mm). Ignoring.
[WARN] [1781248383.526539208] [coord_transform]: Outlier rejected #1 (jumped 234.1mm). Ignoring.
[WARN] [1781248383.570988349] [coord_transform]: Outlier rejected #2 (jumped 178.6mm). Ignoring.
[WARN] [1781248385.332228797] [coord_transform]: Outlier rejected #1 (jumped 183.1mm). Ignoring.
[WARN] [1781248387.429399128] [coord_transform]: Outlier rejected #1 (jumped 228.2mm). Ignoring.
[WARN] [1781248387.464319928] [coord_transform]: Outlier rejected #2 (jumped 240.8mm). Ignoring.
[WARN] [1781248387.492834189] [coord_transform]: Outlier rejected #3 (jumped 458.2mm). Ignoring.
[INFO] [1781248388.369373957] [coord_transform]: Deadband: HOLD at (0.172, -0.151, 0.008)
[INFO] [1781248388.397807967] [coord_transform]: Deadband: RELEASE — motion detected
[INFO] [1781248389.667861726] [coord_transform]: Trạng thái tracking: STOPPED
[INFO] [1781248390.569842839] [coord_transform]: Deadband: HOLD at (0.172, -0.151, 0.008)
[INFO] [1781248390.602109468] [coord_transform]: Deadband: RELEASE — motion detected
[INFO] [1781248393.296575433] [coord_transform]: Deadband: HOLD at (0.172, -0.151, 0.008)
[INFO] [1781248393.331441790] [coord_transform]: Deadband: RELEASE — motion detected
[WARN] [1781248393.802119070] [coord_transform]: Outlier rejected #1 (jumped 163.0mm). Ignoring.
[INFO] [1781248398.010437124] [coord_transform]: Deadband: HOLD at (0.172, -0.151, 0.008)
[INFO] [1781248398.044928469] [coord_transform]: Deadband: RELEASE — motion detected
[INFO] [1781248406.274437083] [coord_transform]: Re-sync camera init: [ 0.181 -0.194  0.072]
[INFO] [1781248406.274968240] [coord_transform]: Trạng thái tracking: RUNNING
[INFO] [1781248406.293811426] [coord_transform]: Deadband: RELEASE — motion detected
[INFO] [1781248406.295629802] [coord_transform]: [GROUND_TRUTH] Transform: cam[ 0.181 -0.203  0.079] → base[-0.163  0.271  0.386]
[INFO] [1781248406.429744439] [coord_transform]: Deadband: HOLD at (0.181, -0.194, 0.072)
[INFO] [1781248408.313994863] [coord_transform]: [GROUND_TRUTH] Transform: cam[ 0.202 -0.256  0.024] → base[-0.184  0.218  0.33 ]
[INFO] [1781248410.778050273] [coord_transform]: [GROUND_TRUTH] Transform: cam[ 0.206 -0.298  0.001] → base[-0.187  0.176  0.308]
[INFO] [1781248412.422815318] [coord_transform]: Trạng thái tracking: STOPPED
[WARN] [1781248415.649441760] [coord_transform]: Outlier rejected #1 (jumped 150.9mm). Ignoring.
[WARN] [1781248417.549913628] [coord_transform]: Outlier rejected #1 (jumped 186.2mm). Ignoring.
[WARN] [1781248418.248169306] [coord_transform]: Outlier rejected #1 (jumped 249.3mm). Ignoring.
[WARN] [1781248418.280976100] [coord_transform]: Outlier rejected #2 (jumped 256.6mm). Ignoring.
[WARN] [1781248418.315346187] [coord_transform]: Outlier rejected #3 (jumped 355.5mm). Ignoring.
[WARN] [1781248418.349595842] [coord_transform]: Outlier rejected #4 (jumped 397.2mm). Ignoring.
[INFO] [1781248418.385003144] [coord_transform]: Too many outliers (5). Resetting filter to new position.
[INFO] [1781248418.516267811] [coord_transform]: Deadband: HOLD at (0.181, -0.194, 0.072)
[INFO] [1781248418.557516015] [coord_transform]: Deadband: RELEASE — motion detected
[WARN] [1781248423.484524219] [coord_transform]: Outlier rejected #1 (jumped 483.1mm). Ignoring.
[WARN] [1781248423.519909830] [coord_transform]: Outlier rejected #2 (jumped 578.7mm). Ignoring.
[WARN] [1781248423.552756183] [coord_transform]: Outlier rejected #3 (jumped 432.5mm). Ignoring.
[WARN] [1781248423.592904269] [coord_transform]: Outlier rejected #4 (jumped 502.8mm). Ignoring.
[INFO] [1781248423.619595956] [coord_transform]: Too many outliers (5). Resetting filter to new position.
[WARN] [1781248426.891800223] [coord_transform]: Outlier rejected #1 (jumped 167.4mm). Ignoring.
[WARN] [1781248443.966467941] [coord_transform]: Outlier rejected #1 (jumped 168.8mm). Ignoring.
[WARN] [1781248444.170432602] [coord_transform]: Outlier rejected #1 (jumped 150.2mm). Ignoring.
[WARN] [1781248444.306994964] [coord_transform]: Outlier rejected #1 (jumped 316.0mm). Ignoring.
[INFO] [1781248444.904988616] [coord_transform]: Deadband: HOLD at (0.181, -0.194, 0.072)
[INFO] [1781248444.950564994] [coord_transform]: Deadband: RELEASE — motion detected
[WARN] [1781248446.643211284] [coord_transform]: Outlier rejected #1 (jumped 352.3mm). Ignoring.
[INFO] [1781248447.204415139] [coord_transform]: Deadband: HOLD at (0.181, -0.194, 0.072)
[INFO] [1781248447.244593934] [coord_transform]: Deadband: RELEASE — motion detected
[INFO] [1781248449.673033016] [coord_transform]: Deadband: HOLD at (0.181, -0.194, 0.072)
[INFO] [1781248449.711669100] [coord_transform]: Deadband: RELEASE — motion detected
[INFO] [1781248454.341986251] [coord_transform]: Deadband: HOLD at (0.181, -0.194, 0.072)
[INFO] [1781248454.377141265] [coord_transform]: Deadband: RELEASE — motion detected
[INFO] [1781248457.431186874] [coord_transform]: Trạng thái tracking: STOPPED
[INFO] [1781248467.903617523] [coord_transform]: Re-sync camera init: [ 0.155 -0.126  0.009]
[INFO] [1781248467.904693689] [coord_transform]: Trạng thái tracking: RUNNING
[INFO] [1781248467.922545915] [coord_transform]: Deadband: RELEASE — motion detected
[INFO] [1781248467.923964250] [coord_transform]: [GROUND_TRUTH] Transform: cam[ 0.154 -0.118  0.01 ] → base[-0.161  0.288  0.379]
[INFO] [1781248468.055143782] [coord_transform]: Deadband: HOLD at (0.155, -0.126, 0.009)
[INFO] [1781248469.994229751] [coord_transform]: [GROUND_TRUTH] Transform: cam[ 0.173 -0.177  0.023] → base[-0.18   0.229  0.393]
[WARN] [1781248471.262636613] [coord_transform]: Outlier rejected #1 (jumped 444.2mm). Ignoring.
[WARN] [1781248471.422783330] [coord_transform]: Outlier rejected #1 (jumped 245.6mm). Ignoring.
[WARN] [1781248471.460962884] [coord_transform]: Outlier rejected #2 (jumped 201.4mm). Ignoring.
[WARN] [1781248471.493634281] [coord_transform]: Outlier rejected #3 (jumped 212.4mm). Ignoring.
[WARN] [1781248471.656217219] [coord_transform]: Outlier rejected #1 (jumped 358.3mm). Ignoring.
[WARN] [1781248471.723117013] [coord_transform]: Outlier rejected #2 (jumped 287.3mm). Ignoring.
[WARN] [1781248471.801774550] [coord_transform]: Outlier rejected #3 (jumped 230.0mm). Ignoring.
[WARN] [1781248471.889594282] [coord_transform]: Outlier rejected #4 (jumped 265.6mm). Ignoring.
[INFO] [1781248472.024532459] [coord_transform]: [GROUND_TRUTH] Transform: cam[ 0.208 -0.267  0.055] → base[-0.215  0.139  0.424]
[WARN] [1781248472.559529156] [coord_transform]: Outlier rejected #1 (jumped 250.6mm). Ignoring.
[WARN] [1781248472.661587396] [coord_transform]: Outlier rejected #2 (jumped 225.9mm). Ignoring.
[WARN] [1781248472.756164351] [coord_transform]: Outlier rejected #1 (jumped 185.7mm). Ignoring.
[WARN] [1781248472.856570152] [coord_transform]: Outlier rejected #2 (jumped 194.8mm). Ignoring.
[WARN] [1781248472.955554762] [coord_transform]: Outlier rejected #3 (jumped 300.3mm). Ignoring.
[WARN] [1781248473.188383046] [coord_transform]: Outlier rejected #1 (jumped 194.5mm). Ignoring.
[WARN] [1781248473.323082259] [coord_transform]: Outlier rejected #1 (jumped 558.4mm). Ignoring.
[WARN] [1781248473.356817036] [coord_transform]: Outlier rejected #2 (jumped 179.4mm). Ignoring.
[WARN] [1781248473.489645114] [coord_transform]: Outlier rejected #1 (jumped 185.4mm). Ignoring.
[INFO] [1781248474.025900910] [coord_transform]: [GROUND_TRUTH] Transform: cam[ 0.231 -0.127  0.118] → base[-0.238  0.279  0.487]
[INFO] [1781248476.032622796] [coord_transform]: [GROUND_TRUTH] Transform: cam[0.239 0.279 0.145] → base[-0.246  0.685  0.514]
[INFO] [1781248478.035370579] [coord_transform]: [GROUND_TRUTH] Transform: cam[0.269 0.347 0.166] → base[-0.276  0.753  0.536]
[INFO] [1781248480.138887821] [coord_transform]: [GROUND_TRUTH] Transform: cam[0.278 0.32  0.187] → base[-0.285  0.726  0.556]
[INFO] [1781248482.207912679] [coord_transform]: [GROUND_TRUTH] Transform: cam[0.273 0.212 0.191] → base[-0.279  0.618  0.56 ]
[INFO] [1781248484.243832351] [coord_transform]: [GROUND_TRUTH] Transform: cam[0.259 0.266 0.197] → base[-0.266  0.673  0.566]
[INFO] [1781248486.309674514] [coord_transform]: [GROUND_TRUTH] Transform: cam[0.247 0.032 0.187] → base[-0.254  0.438  0.556]
[WARN] [1781248487.597494197] [coord_transform]: Outlier rejected #1 (jumped 162.8mm). Ignoring.
[WARN] [1781248487.629906867] [coord_transform]: Outlier rejected #2 (jumped 202.1mm). Ignoring.
[INFO] [1781248487.642041536] [coord_transform]: Trạng thái tracking: STOPPED
[WARN] [1781248487.811030419] [coord_transform]: Outlier rejected #1 (jumped 172.4mm). Ignoring.
[WARN] [1781248488.136974180] [coord_transform]: Outlier rejected #1 (jumped 172.5mm). Ignoring.
[WARN] [1781248488.837253706] [coord_transform]: Outlier rejected #1 (jumped 186.7mm). Ignoring.
[WARN] [1781248489.503953921] [coord_transform]: Outlier rejected #1 (jumped 161.0mm). Ignoring.
[WARN] [1781248489.636620464] [coord_transform]: Outlier rejected #1 (jumped 169.7mm). Ignoring.
[WARN] [1781248489.675502209] [coord_transform]: Outlier rejected #2 (jumped 169.7mm). Ignoring.
[WARN] [1781248489.706610163] [coord_transform]: Outlier rejected #3 (jumped 158.6mm). Ignoring.
[WARN] [1781248491.547579999] [coord_transform]: Outlier rejected #1 (jumped 152.2mm). Ignoring.
[WARN] [1781248493.581366143] [coord_transform]: Outlier rejected #1 (jumped 153.0mm). Ignoring.
[WARN] [1781248493.707297034] [coord_transform]: Outlier rejected #1 (jumped 205.6mm). Ignoring.
[WARN] [1781248493.909465026] [coord_transform]: Outlier rejected #1 (jumped 162.7mm). Ignoring.
[WARN] [1781248494.109412122] [coord_transform]: Outlier rejected #1 (jumped 294.3mm). Ignoring.
[WARN] [1781248494.179671663] [coord_transform]: Outlier rejected #1 (jumped 165.6mm). Ignoring.
[WARN] [1781248494.211943240] [coord_transform]: Outlier rejected #2 (jumped 150.5mm). Ignoring.
[WARN] [1781248496.884721862] [coord_transform]: Outlier rejected #1 (jumped 368.5mm). Ignoring.
[WARN] [1781248498.811823329] [coord_transform]: Outlier rejected #1 (jumped 332.1mm). Ignoring.
[WARN] [1781248498.853110020] [coord_transform]: Outlier rejected #2 (jumped 312.9mm). Ignoring.
[WARN] [1781248498.885368038] [coord_transform]: Outlier rejected #3 (jumped 332.1mm). Ignoring.
[WARN] [1781248498.912427468] [coord_transform]: Outlier rejected #4 (jumped 350.3mm). Ignoring.
[INFO] [1781248498.946240062] [coord_transform]: Too many outliers (5). Resetting filter to new position.
[WARN] [1781248502.913485900] [coord_transform]: Outlier rejected #1 (jumped 155.2mm). Ignoring.
[WARN] [1781248504.312615612] [coord_transform]: Outlier rejected #1 (jumped 150.3mm). Ignoring.
[WARN] [1781248504.347408265] [coord_transform]: Outlier rejected #2 (jumped 311.4mm). Ignoring.
[WARN] [1781248504.382615781] [coord_transform]: Outlier rejected #3 (jumped 332.0mm). Ignoring.
[WARN] [1781248504.420369867] [coord_transform]: Outlier rejected #4 (jumped 385.7mm). Ignoring.
[INFO] [1781248504.447258099] [coord_transform]: Too many outliers (5). Resetting filter to new position.
[WARN] [1781248506.491351036] [coord_transform]: Outlier rejected #1 (jumped 446.0mm). Ignoring.
[WARN] [1781248506.533364327] [coord_transform]: Outlier rejected #2 (jumped 503.2mm). Ignoring.
[WARN] [1781248506.569899334] [coord_transform]: Outlier rejected #3 (jumped 506.4mm). Ignoring.
[WARN] [1781248506.606804656] [coord_transform]: Outlier rejected #4 (jumped 509.1mm). Ignoring.
[INFO] [1781248506.670943910] [coord_transform]: Too many outliers (5). Resetting filter to new position.
[WARN] [1781248506.905016931] [coord_transform]: Outlier rejected #1 (jumped 606.9mm). Ignoring.
[WARN] [1781248506.985987480] [coord_transform]: Outlier rejected #2 (jumped 360.0mm). Ignoring.
[WARN] [1781248507.020510588] [coord_transform]: Outlier rejected #3 (jumped 372.8mm). Ignoring.
[WARN] [1781248507.462690044] [coord_transform]: Outlier rejected #4 (jumped 661.2mm). Ignoring.
[INFO] [1781248507.487634777] [coord_transform]: Too many outliers (5). Resetting filter to new position.
[WARN] [1781248507.891138878] [coord_transform]: Outlier rejected #1 (jumped 245.8mm). Ignoring.
[WARN] [1781248508.368453116] [coord_transform]: Outlier rejected #2 (jumped 270.5mm). Ignoring.
[WARN] [1781248509.724798877] [coord_transform]: Outlier rejected #3 (jumped 1697.5mm). Ignoring.
[WARN] [1781248509.997301586] [coord_transform]: Outlier rejected #4 (jumped 814.9mm). Ignoring.
[INFO] [1781248510.023527524] [coord_transform]: Too many outliers (5). Resetting filter to new position.
[WARN] [1781248510.288840254] [coord_transform]: Outlier rejected #1 (jumped 218.9mm). Ignoring.
[WARN] [1781248510.319875593] [coord_transform]: Outlier rejected #2 (jumped 193.5mm). Ignoring.
[WARN] [1781248510.356438259] [coord_transform]: Outlier rejected #3 (jumped 216.4mm). Ignoring.
[WARN] [1781248510.394624151] [coord_transform]: Outlier rejected #4 (jumped 246.1mm). Ignoring.
[INFO] [1781248510.423476553] [coord_transform]: Too many outliers (5). Resetting filter to new position.
[WARN] [1781248513.758353276] [coord_transform]: Outlier rejected #1 (jumped 246.3mm). Ignoring.
[WARN] [1781248513.790877665] [coord_transform]: Outlier rejected #2 (jumped 152.0mm). Ignoring.
[WARN] [1781248513.828525699] [coord_transform]: Outlier rejected #3 (jumped 227.6mm). Ignoring.
[WARN] [1781248513.863368780] [coord_transform]: Outlier rejected #4 (jumped 192.3mm). Ignoring.
[INFO] [1781248513.896390895] [coord_transform]: Too many outliers (5). Resetting filter to new position.
[INFO] [1781248524.342507663] [coord_transform]: Re-sync camera init: [ 0.184 -0.186  0.037]
[INFO] [1781248524.343016047] [coord_transform]: Trạng thái tracking: RUNNING
[INFO] [1781248524.365257326] [coord_transform]: Deadband: RELEASE — motion detected
[INFO] [1781248524.366326479] [coord_transform]: [GROUND_TRUTH] Transform: cam[ 0.176 -0.151  0.038] → base[-0.155  0.315  0.379]
[INFO] [1781248524.498628997] [coord_transform]: Deadband: HOLD at (0.184, -0.186, 0.037)
[INFO] [1781248526.401566846] [coord_transform]: [GROUND_TRUTH] Transform: cam[0.14  0.011 0.113] → base[-0.119  0.477  0.454]
[INFO] [1781248528.418001600] [coord_transform]: [GROUND_TRUTH] Transform: cam[0.092 0.294 0.186] → base[-0.071  0.76   0.527]
[INFO] [1781248530.438924599] [coord_transform]: [GROUND_TRUTH] Transform: cam[0.03  0.545 0.207] → base[-0.008  1.011  0.548]
[INFO] [1781248531.608327768] [coord_transform]: [TARGET ZONE] T2: 7.9cm (frame 1/20)
[INFO] [1781248532.318846246] [coord_transform]: [TARGET ZONE] T2: 3.9cm (frame 5/20)
[INFO] [1781248532.890068742] [coord_transform]: [TARGET ZONE] T2: 3.2cm (frame 6/20)
[INFO] [1781248532.890771117] [coord_transform]: [GROUND_TRUTH] Transform: cam[-0.021  0.636  0.161] → base[0.042 1.102 0.503]
[INFO] [1781248533.857810933] [coord_transform]: [TARGET ZONE] T2: 2.5cm (frame 8/20)
[INFO] [1781248534.680163924] [coord_transform]: [TARGET ZONE] T2: 3.1cm (frame 9/20)
[INFO] [1781248535.546260055] [coord_transform]: [TARGET ZONE] T2: 4.0cm (frame 10/20)
[INFO] [1781248535.547607583] [coord_transform]: [GROUND_TRUTH] Transform: cam[-0.055  0.634  0.155] → base[0.077 1.1   0.496]
[INFO] [1781248536.411892087] [coord_transform]: [TARGET ZONE] T2: 4.9cm (frame 11/20)
[INFO] [1781248537.106160006] [coord_transform]: [TARGET ZONE] T2: 5.0cm (frame 12/20)
[INFO] [1781248538.811154773] [coord_transform]: [TARGET ZONE] T2: 5.7cm (frame 13/20)
[INFO] [1781248538.811798552] [coord_transform]: [GROUND_TRUTH] Transform: cam[-0.078  0.636  0.15 ] → base[0.1   1.102 0.491]
[INFO] [1781248541.076281261] [coord_transform]: [TARGET ZONE] T2: 6.3cm (frame 14/20)
[INFO] [1781248541.076927028] [coord_transform]: [GROUND_TRUTH] Transform: cam[-0.086  0.641  0.149] → base[0.108 1.107 0.49 ]
[INFO] [1781248544.419243648] [coord_transform]: [TARGET ZONE] T2: 7.0cm (frame 15/20)
[INFO] [1781248544.420299351] [coord_transform]: [GROUND_TRUTH] Transform: cam[-0.094  0.639  0.143] → base[0.116 1.105 0.484]
[INFO] [1781248550.750218733] [coord_transform]: [TARGET ZONE] T2: 7.7cm (frame 16/20)
[INFO] [1781248550.751199345] [coord_transform]: [GROUND_TRUTH] Transform: cam[-0.099  0.633  0.149] → base[0.12  1.099 0.49 ]
[INFO] [1781248552.510137745] [coord_transform]: Trạng thái tracking: STOPPED
[WARN] [1781248557.923614725] [coord_transform]: Outlier rejected #1 (jumped 403.2mm). Ignoring.
[WARN] [1781248558.149416913] [coord_transform]: Outlier rejected #2 (jumped 279.1mm). Ignoring.
[WARN] [1781248558.176617708] [coord_transform]: Outlier rejected #3 (jumped 292.5mm). Ignoring.
[WARN] [1781248559.540341094] [coord_transform]: Outlier rejected #4 (jumped 494.0mm). Ignoring.
[INFO] [1781248559.563535618] [coord_transform]: Too many outliers (5). Resetting filter to new position.
[WARN] [1781248561.123507511] [coord_transform]: Outlier rejected #1 (jumped 825.1mm). Ignoring.
[WARN] [1781248561.163676569] [coord_transform]: Outlier rejected #2 (jumped 807.5mm). Ignoring.
[WARN] [1781248561.265367899] [coord_transform]: Outlier rejected #3 (jumped 812.4mm). Ignoring.
[WARN] [1781248561.291535461] [coord_transform]: Outlier rejected #4 (jumped 829.3mm). Ignoring.
[INFO] [1781248561.324752000] [coord_transform]: Too many outliers (5). Resetting filter to new position.
[WARN] [1781248563.496762311] [coord_transform]: Outlier rejected #1 (jumped 158.2mm). Ignoring.
[WARN] [1781248570.701730259] [coord_transform]: Outlier rejected #1 (jumped 166.4mm). Ignoring.
