[INFO] [1781083814.743850236] [trajectory_predictor]: [Predictor] Worker launched (pid=171698)
[INFO] [1781083814.749611219] [trajectory_predictor]: [Predictor] Started | model=gru | window=20 | auto_start=True
  Output Filter: enabled=True, ema_alpha=0.2, max_dev=0.08, max_rate=0.04
[WARN] [1781083818.624403468] [trajectory_predictor]: [Worker STDERR] /usr/lib/python3/dist-packages/scipy/__init__.py:146: UserWarning: A NumPy version >=1.17.3 and <1.25.0 is required for this version of SciPy (detected version 1.26.4
[WARN] [1781083818.625581313] [trajectory_predictor]: [Worker STDERR] warnings.warn(f"A NumPy version >={np_minversion} and <{np_maxversion}"
[WARN] [1781083821.354309064] [trajectory_predictor]: [Worker STDERR] /home/duy/.local/lib/python3.10/site-packages/sklearn/base.py:442: InconsistentVersionWarning: Trying to unpickle estimator MinMaxScaler from version 1.6.1 when using version 1.7.2. This might lead to breaking code or invalid results. Use at your own risk. For more info please refer to:
[WARN] [1781083821.354889337] [trajectory_predictor]: [Worker STDERR] https://scikit-learn.org/stable/model_persistence.html#security-maintainability-limitations
[WARN] [1781083821.356000209] [trajectory_predictor]: [Worker STDERR] warnings.warn(
[INFO] [1781083821.356462026] [trajectory_predictor]: [Worker] TF 2.21.0 and sklearn loaded
[INFO] [1781083822.936761028] [trajectory_predictor]: [Predictor] Worker READY | model=gru
[INFO] [1781083834.516955879] [trajectory_predictor]: [Filter] raw=(0.1462,0.0614,0.1522) → filt=(-0.0389,-0.6100,0.0105) Δ=(0.1852,0.6714,0.1417)
[INFO] [1781083835.708346673] [trajectory_predictor]: [Predictor] Buffer cleared (no data for 2.0s)
[INFO] [1781083842.708389557] [trajectory_predictor]: [Predictor] Buffer cleared (no data for 1.6s)
[INFO] [1781083847.707956295] [trajectory_predictor]: [Predictor] Buffer cleared (no data for 1.5s)
[INFO] [1781083850.708292304] [trajectory_predictor]: [Predictor] Buffer cleared (no data for 1.1s)
[INFO] [1781083853.707972600] [trajectory_predictor]: [Predictor] Buffer cleared (no data for 1.9s)
[INFO] [1781083857.708449236] [trajectory_predictor]: [Predictor] Buffer cleared (no data for 1.3s)
[INFO] [1781083860.707118557] [trajectory_predictor]: [Filter] raw=(0.2278,0.0261,-0.0424) → filt=(0.2078,-0.3817,-0.0345) Δ=(0.0199,0.4078,0.0079)
[INFO] [1781083863.708057612] [trajectory_predictor]: [Predictor] Buffer cleared (no data for 2.0s)
[INFO] [1781083869.773371980] [trajectory_predictor]: [Pred HOLD ON] Tay đứng yên (std=4.5mm). Khóa tại (0.1540, -0.4640, -0.1094)
[INFO] [1781083874.178408154] [trajectory_predictor]: [Filter] raw=(0.1540,-0.4640,-0.1094) → filt=(0.1540,-0.4640,-0.1094) Δ=(0.0000,0.0000,0.0000)
[INFO] [1781083878.657095469] [trajectory_predictor]: [Pred HOLD OFF] Tay di chuyển (dev=28.5mm). Thả hold.
[INFO] [1781083881.547873532] [trajectory_predictor]: [Pred HOLD ON] Tay đứng yên (std=2.3mm). Khóa tại (0.1632, -0.4710, -0.1130)
[INFO] [1781083884.355349520] [trajectory_predictor]: [Filter] raw=(0.1632,-0.4710,-0.1130) → filt=(0.1632,-0.4710,-0.1130) Δ=(0.0000,0.0000,0.0000)
[WARN] [1781083890.495272306] [trajectory_predictor]: [Worker STDERR] Traceback (most recent call last):
[WARN] [1781083890.496147671] [trajectory_predictor]: [Worker STDERR] File "/home/duy/cocarry_ws/install/trajectory_predictor/lib/python3.10/site-packages/trajectory_predictor/inference_worker.py", line 255, in <module>
[WARN] [1781083890.496759387] [trajectory_predictor]: [Worker STDERR] main()
[WARN] [1781083890.497293028] [trajectory_predictor]: [Worker STDERR] File "/home/duy/cocarry_ws/install/trajectory_predictor/lib/python3.10/site-packages/trajectory_predictor/inference_worker.py", line 190, in main
[WARN] [1781083890.498027113] [trajectory_predictor]: [Worker STDERR] for line in sys.stdin:
[WARN] [1781083890.498624035] [trajectory_predictor]: [Worker STDERR] KeyboardInterrupt
