[INFO] [1781088407.240534106] [experiment_logger]: ✓ STARTED in-memory logging. Target file: /home/duy/cocarry_ws/cocarry_logs/experiment_GROUND_TRUTH_20260610_174647.csv
[INFO] [1781088407.348846347] [experiment_logger]: Logger ready.
[INFO] [1781088425.682100341] [experiment_logger]: Writing 152 rows from memory to /home/duy/cocarry_ws/cocarry_logs/experiment_GROUND_TRUTH_20260610_174647.csv...
[INFO] [1781088425.685023782] [experiment_logger]: ✓ Successfully wrote logs to disk.
[INFO] [1781088425.686142746] [experiment_logger]: Stopped logging. Saved 152 rows to /home/duy/cocarry_ws/cocarry_logs/experiment_GROUND_TRUTH_20260610_174647.csv
[INFO] [1781088425.690482404] [experiment_logger]: 
============================================================
EXPERIMENT METRICS
  File: experiment_GROUND_TRUTH_20260610_174647.csv
  Total samples: 152
  Task completion time: 18.50 s
  Mode: GROUND TRUTH (no prediction metrics)
  --- Trajectory Smoothness (Robot EE) ---
  Mean Jerk (3D): 262.4983 m/s³
      Jerk X: 72.5231 m/s³
      Jerk Y: 248.1405 m/s³
      Jerk Z: 41.9175 m/s³
  Max Jerk (3D): 427.2857 m/s³
  RMS Jerk (3D): 281.8968 m/s³
============================================================
