[INFO] [1786591303.531156794] [predictor_ui]: [UI] Node started
[INFO] [1786591347.053841652] [predictor_ui]: [UI] Using standalone go_home.py script for real robot
[INFO] [1786591361.210232628] [predictor_ui]: [UI] Capture Init Pose thành công: Captured Init Pose! P_init=(-0.162, 0.309, 0.388), Cam_init=(0.207, -0.070, 0.074), Noise_Tol=51.3mm
Orientation=(0.988, -0.154, -0.004, -0.029)
[INFO] [1786591364.682080824] [predictor_ui]: [UI] Trajectory mode set to: prediction
[INFO] [1786591385.075200713] [predictor_ui]: [UI] Auto-disabled robot on Stop Run
[INFO] [1786591399.758383457] [predictor_ui]: [UI] Using standalone go_home.py script for real robot
[INFO] [1786591433.905684425] [predictor_ui]: [UI] Auto-disabled robot on Stop Run
[INFO] [1786591441.382832969] [predictor_ui]: [UI] Using standalone go_home.py script for real robot
[INFO] [1786591474.397258693] [predictor_ui]: [UI] Auto-disabled robot on Stop Run
[INFO] [1786591482.107727908] [predictor_ui]: [UI] Using standalone go_home.py script for real robot
[INFO] [1786591511.114654780] [predictor_ui]: [UI] Auto-disabled robot on Stop Run
[INFO] [1786591526.349813857] [predictor_ui]: [UI] Using standalone go_home.py script for real robot
[INFO] [1786591561.852047590] [predictor_ui]: [UI] Auto-disabled robot on Stop Run
[INFO] [1786591570.859502398] [predictor_ui]: [UI] Using standalone go_home.py script for real robot
[INFO] [1786591609.797771380] [predictor_ui]: [UI] Auto-disabled robot on Stop Run
[INFO] [1786591630.312160778] [predictor_ui]: [UI] Using standalone go_home.py script for real robot
[INFO] [1786591672.158464209] [predictor_ui]: [UI] Auto-disabled robot on Stop Run
[INFO] [1786591683.049617274] [predictor_ui]: [UI] Using standalone go_home.py script for real robot
[INFO] [1786591722.249214096] [predictor_ui]: [UI] Auto-disabled robot on Stop Run
[INFO] [1786591728.906884887] [predictor_ui]: [UI] Using standalone go_home.py script for real robot
[INFO] [1786591770.141815523] [predictor_ui]: [UI] Auto-disabled robot on Stop Run
[INFO] [1786591777.361202316] [predictor_ui]: [UI] Using standalone go_home.py script for real robot
[INFO] [1786591798.425992372] [predictor_ui]: [UI] Trajectory mode set to: ergonomics
[INFO] [1786591822.328573200] [predictor_ui]: [UI] Auto-disabled robot on Stop Run
[INFO] [1786591835.593399460] [predictor_ui]: [UI] Using standalone go_home.py script for real robot
[INFO] [1786591867.834495967] [predictor_ui]: [UI] Auto-disabled robot on Stop Run
[INFO] [1786591875.067600421] [predictor_ui]: [UI] Using standalone go_home.py script for real robot
[INFO] [1786591910.091211092] [predictor_ui]: [UI] Auto-disabled robot on Stop Run
[INFO] [1786591916.287069123] [predictor_ui]: [UI] Using standalone go_home.py script for real robot
[INFO] [1786591949.707393284] [predictor_ui]: [UI] Auto-disabled robot on Stop Run
[INFO] [1786591958.809992439] [predictor_ui]: [UI] Using standalone go_home.py script for real robot
[INFO] [1786591998.613463514] [predictor_ui]: [UI] Auto-disabled robot on Stop Run
[INFO] [1786592005.855489889] [predictor_ui]: [UI] Using standalone go_home.py script for real robot
[INFO] [1786592057.711708357] [predictor_ui]: [UI] Auto-disabled robot on Stop Run
[INFO] [1786592065.703280881] [predictor_ui]: [UI] Using standalone go_home.py script for real robot
[INFO] [1786592102.149929243] [predictor_ui]: [UI] Auto-disabled robot on Stop Run
[INFO] [1786592109.636638455] [predictor_ui]: [UI] Using standalone go_home.py script for real robot
[INFO] [1786592145.838167814] [predictor_ui]: [UI] Auto-disabled robot on Stop Run
[INFO] [1786592151.763395835] [predictor_ui]: [UI] Using standalone go_home.py script for real robot
[INFO] [1786592189.628227598] [predictor_ui]: [UI] Auto-disabled robot on Stop Run
[INFO] [1786592196.706829644] [predictor_ui]: [UI] Using standalone go_home.py script for real robot
[INFO] [1786592210.069367902] [predictor_ui]: [UI] Using standalone go_home.py script for real robot
[INFO] [1786592215.714018721] [predictor_ui]: [UI] Using standalone go_home.py script for real robot
[INFO] [1786592252.139915478] [predictor_ui]: [UI] Auto-disabled robot on Stop Run
[INFO] [1786592262.192169446] [predictor_ui]: [UI] Using standalone go_home.py script for real robot
[INFO] [1786592381.468077413] [predictor_ui]: [UI] Auto-disabled robot on Stop Run
[INFO] [1786592393.344014955] [predictor_ui]: [UI] Using standalone go_home.py script for real robot
[INFO] [1786592559.276518961] [predictor_ui]: [UI] Auto-disabled robot on Stop Run
[INFO] [1786592574.717742408] [predictor_ui]: [UI] Using standalone go_home.py script for real robot
[INFO] [1786592611.052724430] [predictor_ui]: [UI] Auto-disabled robot on Stop Run
[INFO] [1786592620.794574475] [predictor_ui]: [UI] Using standalone go_home.py script for real robot
[INFO] [1786592674.974798572] [predictor_ui]: [UI] Auto-disabled robot on Stop Run
[INFO] [1786592682.235645094] [predictor_ui]: [UI] Using standalone go_home.py script for real robot
[INFO] [1786592715.865007271] [predictor_ui]: [UI] Auto-disabled robot on Stop Run
[INFO] [1786592724.181377586] [predictor_ui]: [UI] Using standalone go_home.py script for real robot
[INFO] [1786592762.077966215] [predictor_ui]: [UI] Auto-disabled robot on Stop Run
[INFO] [1786592768.702192362] [predictor_ui]: [UI] Using standalone go_home.py script for real robot
[INFO] [1786592841.581726054] [predictor_ui]: [UI] Auto-disabled robot on Stop Run
[INFO] [1786592846.204930920] [predictor_ui]: [UI] Using standalone go_home.py script for real robot
[INFO] [1786592876.961775900] [predictor_ui]: [UI] Auto-disabled robot on Stop Run
[INFO] [1786592884.781054782] [predictor_ui]: [UI] Using standalone go_home.py script for real robot
[INFO] [1786592918.551796398] [predictor_ui]: [UI] Auto-disabled robot on Stop Run
[INFO] [1786592924.242854793] [predictor_ui]: [UI] Using standalone go_home.py script for real robot
[INFO] [1786592953.660579768] [predictor_ui]: [UI] Auto-disabled robot on Stop Run
[INFO] [1786592958.072772121] [predictor_ui]: [UI] Using standalone go_home.py script for real robot
[INFO] [1786592998.934169430] [predictor_ui]: [UI] Auto-disabled robot on Stop Run
[INFO] [1786593006.740148258] [predictor_ui]: [UI] Using standalone go_home.py script for real robot
[INFO] [1786593036.999791812] [predictor_ui]: [UI] Auto-disabled robot on Stop Run
[INFO] [1786593040.865837203] [predictor_ui]: [UI] Using standalone go_home.py script for real robot
[INFO] [1786593091.125568078] [predictor_ui]: [UI] Auto-disabled robot on Stop Run
[INFO] [1786593096.827041954] [predictor_ui]: [UI] Using standalone go_home.py script for real robot
[INFO] [1786593112.622846966] [predictor_ui]: [UI] Trajectory mode set to: prediction
[INFO] [1786593135.875291889] [predictor_ui]: [UI] Auto-disabled robot on Stop Run
[INFO] [1786593145.022009877] [predictor_ui]: [UI] Using standalone go_home.py script for real robot
[INFO] [1786593181.443138208] [predictor_ui]: [UI] Auto-disabled robot on Stop Run
[INFO] [1786593196.141407110] [predictor_ui]: [UI] Using standalone go_home.py script for real robot
[INFO] [1786593215.407326780] [predictor_ui]: [UI] Using standalone go_home.py script for real robot
[INFO] [1786593224.237804014] [predictor_ui]: [UI] Using standalone go_home.py script for real robot
[INFO] [1786593260.986824079] [predictor_ui]: [UI] Auto-disabled robot on Stop Run
[INFO] [1786593285.047449542] [predictor_ui]: [UI] Using standalone go_home.py script for real robot
[INFO] [1786593308.589082395] [predictor_ui]: [UI] Trajectory mode set to: ergonomics
[INFO] [1786593359.338492628] [predictor_ui]: [UI] Auto-disabled robot on Stop Run
[INFO] [1786593390.053692581] [predictor_ui]: [UI] Using standalone go_home.py script for real robot
[INFO] [1786593429.637607909] [predictor_ui]: [UI] Auto-disabled robot on Stop Run
[INFO] [1786593435.924522135] [predictor_ui]: [UI] Using standalone go_home.py script for real robot
[INFO] [1786593468.971142543] [predictor_ui]: [UI] Auto-disabled robot on Stop Run
[INFO] [1786593477.705689499] [predictor_ui]: [UI] Using standalone go_home.py script for real robot
[INFO] [1786593512.722487133] [predictor_ui]: [UI] Auto-disabled robot on Stop Run
[INFO] [1786593519.215288344] [predictor_ui]: [UI] Using standalone go_home.py script for real robot
[INFO] [1786593547.301144028] [predictor_ui]: [UI] Auto-disabled robot on Stop Run
[INFO] [1786593551.885357579] [predictor_ui]: [UI] Using standalone go_home.py script for real robot
[INFO] [1786593582.539642552] [predictor_ui]: [UI] Auto-disabled robot on Stop Run
[INFO] [1786593588.498722127] [predictor_ui]: [UI] Using standalone go_home.py script for real robot
[INFO] [1786593619.870859650] [predictor_ui]: [UI] Auto-disabled robot on Stop Run
[INFO] [1786593625.044668567] [predictor_ui]: [UI] Using standalone go_home.py script for real robot
[INFO] [1786593656.832661557] [predictor_ui]: [UI] Auto-disabled robot on Stop Run
[INFO] [1786593662.216345723] [predictor_ui]: [UI] Using standalone go_home.py script for real robot
[INFO] [1786593695.630753293] [predictor_ui]: [UI] Auto-disabled robot on Stop Run
[INFO] [1786593701.394008922] [predictor_ui]: [UI] Using standalone go_home.py script for real robot
[INFO] [1786593732.749663390] [predictor_ui]: [UI] Auto-disabled robot on Stop Run
[INFO] [1786593741.304248459] [predictor_ui]: [UI] Using standalone go_home.py script for real robot
[INFO] [1786593756.945930684] [predictor_ui]: [UI] Trajectory mode set to: prediction
[INFO] [1786593783.786752512] [predictor_ui]: [UI] Auto-disabled robot on Stop Run
[INFO] [1786593791.659521663] [predictor_ui]: [UI] Using standalone go_home.py script for real robot
[INFO] [1786593826.180186872] [predictor_ui]: [UI] Auto-disabled robot on Stop Run
[INFO] [1786593832.581477358] [predictor_ui]: [UI] Using standalone go_home.py script for real robot
[INFO] [1786593866.379577183] [predictor_ui]: [UI] Auto-disabled robot on Stop Run
[INFO] [1786593874.359604082] [predictor_ui]: [UI] Using standalone go_home.py script for real robot
[INFO] [1786593907.566691486] [predictor_ui]: [UI] Auto-disabled robot on Stop Run
[INFO] [1786593919.230095167] [predictor_ui]: [UI] Using standalone go_home.py script for real robot
[INFO] [1786593947.239576708] [predictor_ui]: [UI] Auto-disabled robot on Stop Run
[INFO] [1786593955.800287905] [predictor_ui]: [UI] Using standalone go_home.py script for real robot
[INFO] [1786594012.746963967] [predictor_ui]: [UI] Auto-disabled robot on Stop Run
[INFO] [1786594019.645096800] [predictor_ui]: [UI] Using standalone go_home.py script for real robot
[INFO] [1786594034.299586970] [predictor_ui]: [UI] Using standalone go_home.py script for real robot
[INFO] [1786594063.269515587] [predictor_ui]: [UI] Using standalone go_home.py script for real robot
[INFO] [1786594098.752908661] [predictor_ui]: [UI] Auto-disabled robot on Stop Run
[INFO] [1786594105.523493861] [predictor_ui]: [UI] Using standalone go_home.py script for real robot
[INFO] [1786594132.051367613] [predictor_ui]: [UI] Auto-disabled robot on Stop Run
[INFO] [1786594173.677601933] [predictor_ui]: [UI] Auto-disabled robot on Stop Run
[INFO] [1786594180.959097991] [predictor_ui]: [UI] Using standalone go_home.py script for real robot
[INFO] [1786594214.326125367] [predictor_ui]: [UI] Auto-disabled robot on Stop Run
[INFO] [1786594221.873268019] [predictor_ui]: [UI] Using standalone go_home.py script for real robot
[INFO] [1786594256.016967203] [predictor_ui]: [UI] Auto-disabled robot on Stop Run
[INFO] [1786594261.620731094] [predictor_ui]: [UI] Using standalone go_home.py script for real robot
[INFO] [1786594294.767639858] [predictor_ui]: [UI] Auto-disabled robot on Stop Run
[INFO] [1786594300.729649108] [predictor_ui]: [UI] Using standalone go_home.py script for real robot
[INFO] [1786594331.523203490] [predictor_ui]: [UI] Auto-disabled robot on Stop Run
[INFO] [1786594337.183110294] [predictor_ui]: [UI] Using standalone go_home.py script for real robot
[INFO] [1786594357.083213209] [predictor_ui]: [UI] Trajectory mode set to: ground_truth
[INFO] [1786594378.260556097] [predictor_ui]: [UI] Auto-disabled robot on Stop Run
[INFO] [1786594385.318881236] [predictor_ui]: [UI] Using standalone go_home.py script for real robot
[INFO] [1786594419.674810583] [predictor_ui]: [UI] Auto-disabled robot on Stop Run
[INFO] [1786594425.400585595] [predictor_ui]: [UI] Using standalone go_home.py script for real robot
[INFO] [1786594460.886248944] [predictor_ui]: [UI] Auto-disabled robot on Stop Run
[INFO] [1786594465.441256925] [predictor_ui]: [UI] Using standalone go_home.py script for real robot
[INFO] [1786594498.832338566] [predictor_ui]: [UI] Auto-disabled robot on Stop Run
[INFO] [1786594510.647621156] [predictor_ui]: [UI] Using standalone go_home.py script for real robot
[INFO] [1786594555.730733233] [predictor_ui]: [UI] Auto-disabled robot on Stop Run
[INFO] [1786594602.891413712] [predictor_ui]: [UI] Auto-disabled robot on Stop Run
[INFO] [1786594608.258235911] [predictor_ui]: [UI] Using standalone go_home.py script for real robot
[INFO] [1786594643.719162378] [predictor_ui]: [UI] Auto-disabled robot on Stop Run
[INFO] [1786594648.841796352] [predictor_ui]: [UI] Using standalone go_home.py script for real robot
[INFO] [1786594685.466033406] [predictor_ui]: [UI] Auto-disabled robot on Stop Run
[INFO] [1786594690.528712927] [predictor_ui]: [UI] Using standalone go_home.py script for real robot
[INFO] [1786594723.252030736] [predictor_ui]: [UI] Auto-disabled robot on Stop Run
[INFO] [1786594728.375808632] [predictor_ui]: [UI] Using standalone go_home.py script for real robot
[INFO] [1786594760.675165889] [predictor_ui]: [UI] Auto-disabled robot on Stop Run
[INFO] [1786594766.105012125] [predictor_ui]: [UI] Using standalone go_home.py script for real robot
[INFO] [1786594800.454040428] [predictor_ui]: [UI] Auto-disabled robot on Stop Run
[INFO] [1786594804.806941645] [predictor_ui]: [UI] Using standalone go_home.py script for real robot
