[INFO] [1781236760.369051500] [experiment_logger]: ✓ STARTED in-memory logging. Target file: /home/duy/cocarry_ws/cocarry_logs/experiment_GROUND_TRUTH_20260612_105920.csv
[INFO] [1781236760.380681675] [experiment_logger]: Logger ready.
[INFO] [1781236791.062101415] [experiment_logger]: Service called: /logger/toggle with data=True
[INFO] [1781236800.535619991] [experiment_logger]: Service called: /logger/toggle with data=False
[INFO] [1781236800.536213491] [experiment_logger]: Writing 881 rows from memory to /home/duy/cocarry_ws/cocarry_logs/experiment_GROUND_TRUTH_20260612_105920.csv...
[INFO] [1781236800.542473873] [experiment_logger]: ✓ Successfully wrote logs to disk.
[INFO] [1781236800.543430339] [experiment_logger]: Stopped logging. Saved 881 rows to /home/duy/cocarry_ws/cocarry_logs/experiment_GROUND_TRUTH_20260612_105920.csv
[INFO] [1781236800.554017397] [experiment_logger]: 
============================================================
EXPERIMENT METRICS
  File: experiment_GROUND_TRUTH_20260612_105920.csv
  Total samples: 881
  Task completion time: 40.20 s
  Mode: GROUND TRUTH (no prediction metrics)
  --- Trajectory Smoothness (Robot EE) ---
  Mean Jerk (3D): 7.5788 m/s³
      Jerk X: 2.5619 m/s³
      Jerk Y: 5.9692 m/s³
      Jerk Z: 1.6495 m/s³
  Max Jerk (3D): 31.4054 m/s³
  RMS Jerk (3D): 11.5479 m/s³
============================================================
[INFO] [1781236817.710576851] [experiment_logger]: Service called: /logger/toggle with data=True
[INFO] [1781236817.711138127] [experiment_logger]: ✓ STARTED in-memory logging. Target file: /home/duy/cocarry_ws/cocarry_logs/experiment_GROUND_TRUTH_20260612_110017.csv
[INFO] [1781236850.289699509] [experiment_logger]: Service called: /logger/toggle with data=False
[INFO] [1781236850.289941610] [experiment_logger]: Writing 943 rows from memory to /home/duy/cocarry_ws/cocarry_logs/experiment_GROUND_TRUTH_20260612_110017.csv...
[INFO] [1781236850.293347426] [experiment_logger]: ✓ Successfully wrote logs to disk.
[INFO] [1781236850.293783413] [experiment_logger]: Stopped logging. Saved 943 rows to /home/duy/cocarry_ws/cocarry_logs/experiment_GROUND_TRUTH_20260612_110017.csv
[INFO] [1781236850.299373194] [experiment_logger]: 
============================================================
EXPERIMENT METRICS
  File: experiment_GROUND_TRUTH_20260612_110017.csv
  Total samples: 943
  Task completion time: 32.58 s
  Mode: GROUND TRUTH (no prediction metrics)
  --- Trajectory Smoothness (Robot EE) ---
  Mean Jerk (3D): 13.7983 m/s³
      Jerk X: 4.0771 m/s³
      Jerk Y: 10.5413 m/s³
      Jerk Z: 4.8098 m/s³
  Max Jerk (3D): 121.1982 m/s³
  RMS Jerk (3D): 23.6137 m/s³
============================================================
[INFO] [1781236893.612479169] [experiment_logger]: Service called: /logger/toggle with data=True
[INFO] [1781236893.612793740] [experiment_logger]: ✓ STARTED in-memory logging. Target file: /home/duy/cocarry_ws/cocarry_logs/experiment_GROUND_TRUTH_20260612_110133.csv
[INFO] [1781236908.755251397] [experiment_logger]: Service called: /logger/toggle with data=False
[INFO] [1781236908.755985911] [experiment_logger]: Writing 454 rows from memory to /home/duy/cocarry_ws/cocarry_logs/experiment_GROUND_TRUTH_20260612_110133.csv...
[INFO] [1781236908.760007026] [experiment_logger]: ✓ Successfully wrote logs to disk.
[INFO] [1781236908.760699544] [experiment_logger]: Stopped logging. Saved 454 rows to /home/duy/cocarry_ws/cocarry_logs/experiment_GROUND_TRUTH_20260612_110133.csv
[INFO] [1781236908.764471186] [experiment_logger]: 
============================================================
EXPERIMENT METRICS
  File: experiment_GROUND_TRUTH_20260612_110133.csv
  Total samples: 454
  Task completion time: 15.14 s
  Mode: GROUND TRUTH (no prediction metrics)
  --- Trajectory Smoothness (Robot EE) ---
  Mean Jerk (3D): 9.0032 m/s³
      Jerk X: 2.8947 m/s³
      Jerk Y: 7.1525 m/s³
      Jerk Z: 2.4681 m/s³
  Max Jerk (3D): 95.7256 m/s³
  RMS Jerk (3D): 13.1967 m/s³
============================================================
[INFO] [1781236920.795421045] [experiment_logger]: Service called: /logger/toggle with data=False
[INFO] [1781236971.062385716] [experiment_logger]: Service called: /logger/toggle with data=True
[INFO] [1781236971.062891242] [experiment_logger]: ✓ STARTED in-memory logging. Target file: /home/duy/cocarry_ws/cocarry_logs/experiment_GROUND_TRUTH_20260612_110251.csv
[INFO] [1781236979.251229613] [experiment_logger]: Service called: /logger/toggle with data=False
[INFO] [1781236979.251448855] [experiment_logger]: Writing 175 rows from memory to /home/duy/cocarry_ws/cocarry_logs/experiment_GROUND_TRUTH_20260612_110251.csv...
[INFO] [1781236979.252406353] [experiment_logger]: ✓ Successfully wrote logs to disk.
[INFO] [1781236979.252769561] [experiment_logger]: Stopped logging. Saved 175 rows to /home/duy/cocarry_ws/cocarry_logs/experiment_GROUND_TRUTH_20260612_110251.csv
[INFO] [1781236979.254040477] [experiment_logger]: 
============================================================
EXPERIMENT METRICS
  File: experiment_GROUND_TRUTH_20260612_110251.csv
  Total samples: 175
  Task completion time: 8.19 s
  Mode: GROUND TRUTH (no prediction metrics)
  --- Trajectory Smoothness (Robot EE) ---
  Mean Jerk (3D): 5.7327 m/s³
      Jerk X: 1.3033 m/s³
      Jerk Y: 4.1897 m/s³
      Jerk Z: 3.0082 m/s³
  Max Jerk (3D): 23.0000 m/s³
  RMS Jerk (3D): 8.8624 m/s³
============================================================
[INFO] [1781236993.237717799] [experiment_logger]: Service called: /logger/toggle with data=True
[INFO] [1781236993.238225460] [experiment_logger]: ✓ STARTED in-memory logging. Target file: /home/duy/cocarry_ws/cocarry_logs/experiment_GROUND_TRUTH_20260612_110313.csv
[INFO] [1781237040.776310076] [experiment_logger]: Service called: /logger/toggle with data=False
[INFO] [1781237040.777469368] [experiment_logger]: Writing 1196 rows from memory to /home/duy/cocarry_ws/cocarry_logs/experiment_GROUND_TRUTH_20260612_110313.csv...
[INFO] [1781237040.785360834] [experiment_logger]: ✓ Successfully wrote logs to disk.
[INFO] [1781237040.786403367] [experiment_logger]: Stopped logging. Saved 1196 rows to /home/duy/cocarry_ws/cocarry_logs/experiment_GROUND_TRUTH_20260612_110313.csv
[INFO] [1781237040.793900436] [experiment_logger]: 
============================================================
EXPERIMENT METRICS
  File: experiment_GROUND_TRUTH_20260612_110313.csv
  Total samples: 1196
  Task completion time: 47.54 s
  Mode: GROUND TRUTH (no prediction metrics)
  --- Trajectory Smoothness (Robot EE) ---
  Mean Jerk (3D): 17.7433 m/s³
      Jerk X: 6.3100 m/s³
      Jerk Y: 11.5085 m/s³
      Jerk Z: 8.0236 m/s³
  Max Jerk (3D): 180.1246 m/s³
  RMS Jerk (3D): 29.2296 m/s³
============================================================
[INFO] [1781237060.321028456] [experiment_logger]: Service called: /logger/toggle with data=True
[INFO] [1781237060.321668116] [experiment_logger]: ✓ STARTED in-memory logging. Target file: /home/duy/cocarry_ws/cocarry_logs/experiment_GROUND_TRUTH_20260612_110420.csv
[INFO] [1781237082.168895260] [experiment_logger]: Service called: /logger/toggle with data=False
[INFO] [1781237082.169169839] [experiment_logger]: Writing 642 rows from memory to /home/duy/cocarry_ws/cocarry_logs/experiment_GROUND_TRUTH_20260612_110420.csv...
[INFO] [1781237082.173497183] [experiment_logger]: ✓ Successfully wrote logs to disk.
[INFO] [1781237082.174451317] [experiment_logger]: Stopped logging. Saved 642 rows to /home/duy/cocarry_ws/cocarry_logs/experiment_GROUND_TRUTH_20260612_110420.csv
[INFO] [1781237082.181978703] [experiment_logger]: 
============================================================
EXPERIMENT METRICS
  File: experiment_GROUND_TRUTH_20260612_110420.csv
  Total samples: 642
  Task completion time: 21.85 s
  Mode: GROUND TRUTH (no prediction metrics)
  --- Trajectory Smoothness (Robot EE) ---
  Mean Jerk (3D): 7.2722 m/s³
      Jerk X: 2.9215 m/s³
      Jerk Y: 4.3519 m/s³
      Jerk Z: 3.2615 m/s³
  Max Jerk (3D): 42.2790 m/s³
  RMS Jerk (3D): 9.3731 m/s³
============================================================
[INFO] [1781237102.929191848] [experiment_logger]: Service called: /logger/toggle with data=True
[INFO] [1781237102.929720957] [experiment_logger]: ✓ STARTED in-memory logging. Target file: /home/duy/cocarry_ws/cocarry_logs/experiment_GROUND_TRUTH_20260612_110502.csv
[INFO] [1781237118.012285082] [experiment_logger]: Service called: /logger/toggle with data=False
[INFO] [1781237118.012913158] [experiment_logger]: Writing 451 rows from memory to /home/duy/cocarry_ws/cocarry_logs/experiment_GROUND_TRUTH_20260612_110502.csv...
[INFO] [1781237118.016167889] [experiment_logger]: ✓ Successfully wrote logs to disk.
[INFO] [1781237118.016596811] [experiment_logger]: Stopped logging. Saved 451 rows to /home/duy/cocarry_ws/cocarry_logs/experiment_GROUND_TRUTH_20260612_110502.csv
[INFO] [1781237118.019941469] [experiment_logger]: 
============================================================
EXPERIMENT METRICS
  File: experiment_GROUND_TRUTH_20260612_110502.csv
  Total samples: 451
  Task completion time: 15.08 s
  Mode: GROUND TRUTH (no prediction metrics)
  --- Trajectory Smoothness (Robot EE) ---
  Mean Jerk (3D): 0.0000 m/s³
      Jerk X: 0.0000 m/s³
      Jerk Y: 0.0000 m/s³
      Jerk Z: 0.0000 m/s³
  Max Jerk (3D): 0.0002 m/s³
  RMS Jerk (3D): 0.0001 m/s³
============================================================
[INFO] [1781237120.067872031] [experiment_logger]: Service called: /logger/toggle with data=False
[INFO] [1781237177.324045904] [experiment_logger]: Service called: /logger/toggle with data=True
[INFO] [1781237177.324512368] [experiment_logger]: ✓ STARTED in-memory logging. Target file: /home/duy/cocarry_ws/cocarry_logs/experiment_GROUND_TRUTH_20260612_110617.csv
[INFO] [1781237193.713113618] [experiment_logger]: Service called: /logger/toggle with data=False
[INFO] [1781237193.713640170] [experiment_logger]: Writing 492 rows from memory to /home/duy/cocarry_ws/cocarry_logs/experiment_GROUND_TRUTH_20260612_110617.csv...
[INFO] [1781237193.717267641] [experiment_logger]: ✓ Successfully wrote logs to disk.
[INFO] [1781237193.718039414] [experiment_logger]: Stopped logging. Saved 492 rows to /home/duy/cocarry_ws/cocarry_logs/experiment_GROUND_TRUTH_20260612_110617.csv
[INFO] [1781237193.724264294] [experiment_logger]: 
============================================================
EXPERIMENT METRICS
  File: experiment_GROUND_TRUTH_20260612_110617.csv
  Total samples: 492
  Task completion time: 16.39 s
  Mode: GROUND TRUTH (no prediction metrics)
  --- Trajectory Smoothness (Robot EE) ---
  Mean Jerk (3D): 10.7250 m/s³
      Jerk X: 5.2505 m/s³
      Jerk Y: 6.6246 m/s³
      Jerk Z: 3.2837 m/s³
  Max Jerk (3D): 61.2243 m/s³
  RMS Jerk (3D): 15.5515 m/s³
============================================================
[INFO] [1781237260.152773384] [experiment_logger]: Service called: /logger/toggle with data=True
[INFO] [1781237260.153428168] [experiment_logger]: ✓ STARTED in-memory logging. Target file: /home/duy/cocarry_ws/cocarry_logs/experiment_GROUND_TRUTH_20260612_110740.csv
[INFO] [1781237322.567723424] [experiment_logger]: Service called: /logger/toggle with data=False
[INFO] [1781237322.568213218] [experiment_logger]: Writing 1859 rows from memory to /home/duy/cocarry_ws/cocarry_logs/experiment_GROUND_TRUTH_20260612_110740.csv...
[INFO] [1781237322.579119021] [experiment_logger]: ✓ Successfully wrote logs to disk.
[INFO] [1781237322.579959717] [experiment_logger]: Stopped logging. Saved 1859 rows to /home/duy/cocarry_ws/cocarry_logs/experiment_GROUND_TRUTH_20260612_110740.csv
[INFO] [1781237322.591359848] [experiment_logger]: 
============================================================
EXPERIMENT METRICS
  File: experiment_GROUND_TRUTH_20260612_110740.csv
  Total samples: 1859
  Task completion time: 62.41 s
  Mode: GROUND TRUTH (no prediction metrics)
  --- Trajectory Smoothness (Robot EE) ---
  Mean Jerk (3D): 11.7205 m/s³
      Jerk X: 5.2106 m/s³
      Jerk Y: 7.1863 m/s³
      Jerk Z: 4.4855 m/s³
  Max Jerk (3D): 100.6432 m/s³
  RMS Jerk (3D): 16.4443 m/s³
============================================================
