[INFO] [1785915096.305889473] [coord_transform]: CoordTransformNode khởi động.
  Object offset (cam frame): [0.05 0.   0.1 ]
  Translation cam→base:      [0.5 0.  1.2]
  EE orientation (xyzw):     [0.0, 1.0, 0.0, 0.0]
  Prediction step:           5
  Axis remap:                [0, 1, 2]
  Axis sign:                 [-1.0, 1.0, 1.0]
  Workspace X: (-1.0, 1.0), Y: (-0.5, 1.3), Z: (0.05, 1.5)
  Filter outlier_threshold:  0.15m
  Filter median_size_y:      3
  Filter deadband_tol:       15.0mm
  Filter stationary_thresh:  3 frames
  Filter max_rate:           5.0cm/frame
  Filter EMA moving(x,y,z):  (1.0,0.8,1.0)
  Filter EMA hold  (x,y,z):  (0.08,0.02,0.05)
[WARN] [1785915129.428479325] [coord_transform]: Outlier rejected #1 (jumped 222.0mm). Ignoring.
[WARN] [1785915129.464802783] [coord_transform]: Outlier rejected #2 (jumped 196.0mm). Ignoring.
[WARN] [1785915129.499988905] [coord_transform]: Outlier rejected #3 (jumped 150.9mm). Ignoring.
[WARN] [1785915129.807967198] [coord_transform]: Outlier rejected #1 (jumped 1369.0mm). Ignoring.
[WARN] [1785915129.846402231] [coord_transform]: Outlier rejected #2 (jumped 1389.5mm). Ignoring.
[WARN] [1785915129.926415254] [coord_transform]: Outlier rejected #3 (jumped 170.7mm). Ignoring.
[WARN] [1785915129.965369805] [coord_transform]: Outlier rejected #4 (jumped 187.7mm). Ignoring.
[INFO] [1785915130.001599709] [coord_transform]: Too many outliers (5). Resetting filter to new position.
[INFO] [1785915136.711614615] [coord_transform]: Đã chuyển mode: ground_truth -> ergonomics
[WARN] [1785915141.935470137] [coord_transform]: Outlier rejected #1 (jumped 1126.2mm). Ignoring.
[WARN] [1785915142.047428148] [coord_transform]: Outlier rejected #1 (jumped 218.4mm). Ignoring.
[WARN] [1785915142.080084146] [coord_transform]: Outlier rejected #2 (jumped 215.0mm). Ignoring.
[WARN] [1785915142.115434790] [coord_transform]: Outlier rejected #3 (jumped 211.6mm). Ignoring.
[WARN] [1785915142.252737083] [coord_transform]: Outlier rejected #4 (jumped 210.6mm). Ignoring.
[INFO] [1785915142.289313975] [coord_transform]: Too many outliers (5). Resetting filter to new position.
[WARN] [1785915142.393996787] [coord_transform]: Outlier rejected #1 (jumped 223.4mm). Ignoring.
[WARN] [1785915142.427825742] [coord_transform]: Outlier rejected #2 (jumped 217.6mm). Ignoring.
[WARN] [1785915142.479656967] [coord_transform]: Outlier rejected #3 (jumped 219.4mm). Ignoring.
[WARN] [1785915142.515485619] [coord_transform]: Outlier rejected #4 (jumped 216.3mm). Ignoring.
[WARN] [1785915144.459987687] [coord_transform]: Outlier rejected #1 (jumped 394.8mm). Ignoring.
[WARN] [1785915144.491730349] [coord_transform]: Outlier rejected #2 (jumped 391.3mm). Ignoring.
[WARN] [1785915144.530022170] [coord_transform]: Outlier rejected #3 (jumped 392.3mm). Ignoring.
[WARN] [1785915145.127878330] [coord_transform]: Outlier rejected #4 (jumped 434.3mm). Ignoring.
[INFO] [1785915145.159988179] [coord_transform]: Too many outliers (5). Resetting filter to new position.
[WARN] [1785915146.865571758] [coord_transform]: Outlier rejected #1 (jumped 623.5mm). Ignoring.
[WARN] [1785915146.897652946] [coord_transform]: Outlier rejected #2 (jumped 623.5mm). Ignoring.
[WARN] [1785915146.933170716] [coord_transform]: Outlier rejected #3 (jumped 623.5mm). Ignoring.
[WARN] [1785915146.966765051] [coord_transform]: Outlier rejected #4 (jumped 623.5mm). Ignoring.
[INFO] [1785915147.000475627] [coord_transform]: Too many outliers (5). Resetting filter to new position.
[WARN] [1785915182.287339662] [coord_transform]: Outlier rejected #1 (jumped 416.5mm). Ignoring.
[WARN] [1785915182.319806464] [coord_transform]: Outlier rejected #2 (jumped 416.5mm). Ignoring.
[WARN] [1785915182.357040163] [coord_transform]: Outlier rejected #3 (jumped 416.5mm). Ignoring.
[WARN] [1785915182.394369515] [coord_transform]: Outlier rejected #4 (jumped 416.5mm). Ignoring.
[INFO] [1785915182.428041488] [coord_transform]: Too many outliers (5). Resetting filter to new position.
[WARN] [1785915189.321861805] [coord_transform]: Outlier rejected #1 (jumped 679.3mm). Ignoring.
[WARN] [1785915189.356409426] [coord_transform]: Outlier rejected #2 (jumped 679.3mm). Ignoring.
[WARN] [1785915189.388470593] [coord_transform]: Outlier rejected #3 (jumped 679.3mm). Ignoring.
[WARN] [1785915189.420821769] [coord_transform]: Outlier rejected #4 (jumped 679.3mm). Ignoring.
[INFO] [1785915189.452736514] [coord_transform]: Too many outliers (5). Resetting filter to new position.
[WARN] [1785915200.417221827] [coord_transform]: Outlier rejected #1 (jumped 189.8mm). Ignoring.
[WARN] [1785915200.452110765] [coord_transform]: Outlier rejected #2 (jumped 189.8mm). Ignoring.
[WARN] [1785915200.488193916] [coord_transform]: Outlier rejected #3 (jumped 189.8mm). Ignoring.
[WARN] [1785915200.523809014] [coord_transform]: Outlier rejected #4 (jumped 189.8mm). Ignoring.
[INFO] [1785915200.555487161] [coord_transform]: Too many outliers (5). Resetting filter to new position.
[WARN] [1785915201.530915318] [coord_transform]: Outlier rejected #1 (jumped 155.8mm). Ignoring.
[WARN] [1785915201.564345986] [coord_transform]: Outlier rejected #2 (jumped 155.8mm). Ignoring.
[WARN] [1785915201.600478587] [coord_transform]: Outlier rejected #3 (jumped 155.8mm). Ignoring.
[WARN] [1785915201.637356364] [coord_transform]: Outlier rejected #4 (jumped 155.8mm). Ignoring.
[INFO] [1785915201.668890272] [coord_transform]: Too many outliers (5). Resetting filter to new position.
[WARN] [1785915205.817142960] [coord_transform]: Outlier rejected #1 (jumped 367.0mm). Ignoring.
[WARN] [1785915205.853551283] [coord_transform]: Outlier rejected #2 (jumped 367.0mm). Ignoring.
[WARN] [1785915205.885590483] [coord_transform]: Outlier rejected #3 (jumped 367.0mm). Ignoring.
[WARN] [1785915205.917029654] [coord_transform]: Outlier rejected #4 (jumped 367.0mm). Ignoring.
[INFO] [1785915205.955925495] [coord_transform]: Too many outliers (5). Resetting filter to new position.
[WARN] [1785915211.598201141] [coord_transform]: Outlier rejected #1 (jumped 166.8mm). Ignoring.
[WARN] [1785915211.641937542] [coord_transform]: Outlier rejected #2 (jumped 166.8mm). Ignoring.
[WARN] [1785915211.682436834] [coord_transform]: Outlier rejected #3 (jumped 166.8mm). Ignoring.
[WARN] [1785915211.723552763] [coord_transform]: Outlier rejected #4 (jumped 166.8mm). Ignoring.
[INFO] [1785915211.762320035] [coord_transform]: Too many outliers (5). Resetting filter to new position.
[WARN] [1785915214.147130338] [coord_transform]: Outlier rejected #1 (jumped 209.8mm). Ignoring.
[WARN] [1785915214.179521956] [coord_transform]: Outlier rejected #2 (jumped 209.8mm). Ignoring.
[WARN] [1785915214.211190141] [coord_transform]: Outlier rejected #3 (jumped 209.8mm). Ignoring.
[WARN] [1785915214.242173462] [coord_transform]: Outlier rejected #4 (jumped 209.8mm). Ignoring.
[INFO] [1785915214.273523685] [coord_transform]: Too many outliers (5). Resetting filter to new position.
[WARN] [1785915219.048780791] [coord_transform]: Outlier rejected #1 (jumped 174.2mm). Ignoring.
[WARN] [1785915219.104745189] [coord_transform]: Outlier rejected #2 (jumped 174.2mm). Ignoring.
[WARN] [1785915219.143396883] [coord_transform]: Outlier rejected #3 (jumped 174.2mm). Ignoring.
[WARN] [1785915219.179743262] [coord_transform]: Outlier rejected #4 (jumped 174.2mm). Ignoring.
[INFO] [1785915219.219244085] [coord_transform]: Too many outliers (5). Resetting filter to new position.
[WARN] [1785915238.128688539] [coord_transform]: Outlier rejected #1 (jumped 292.5mm). Ignoring.
[WARN] [1785915238.158537590] [coord_transform]: Outlier rejected #2 (jumped 292.5mm). Ignoring.
[WARN] [1785915238.191137271] [coord_transform]: Outlier rejected #3 (jumped 292.5mm). Ignoring.
[WARN] [1785915238.221989341] [coord_transform]: Outlier rejected #4 (jumped 292.5mm). Ignoring.
[INFO] [1785915238.259679244] [coord_transform]: Too many outliers (5). Resetting filter to new position.
[WARN] [1785915239.533110516] [coord_transform]: Outlier rejected #1 (jumped 188.6mm). Ignoring.
[WARN] [1785915239.571406213] [coord_transform]: Outlier rejected #2 (jumped 188.6mm). Ignoring.
[WARN] [1785915239.610591109] [coord_transform]: Outlier rejected #3 (jumped 188.6mm). Ignoring.
[WARN] [1785915239.652944570] [coord_transform]: Outlier rejected #4 (jumped 188.6mm). Ignoring.
[INFO] [1785915239.688956968] [coord_transform]: Too many outliers (5). Resetting filter to new position.
[WARN] [1785915242.638346369] [coord_transform]: Outlier rejected #1 (jumped 395.6mm). Ignoring.
[WARN] [1785915242.671697592] [coord_transform]: Outlier rejected #2 (jumped 395.6mm). Ignoring.
[WARN] [1785915242.703870197] [coord_transform]: Outlier rejected #3 (jumped 395.6mm). Ignoring.
[WARN] [1785915242.740247834] [coord_transform]: Outlier rejected #4 (jumped 395.6mm). Ignoring.
[INFO] [1785915242.773150551] [coord_transform]: Too many outliers (5). Resetting filter to new position.
[WARN] [1785915249.293821529] [coord_transform]: Outlier rejected #1 (jumped 433.8mm). Ignoring.
[WARN] [1785915249.328334482] [coord_transform]: Outlier rejected #2 (jumped 433.8mm). Ignoring.
[WARN] [1785915249.366055650] [coord_transform]: Outlier rejected #3 (jumped 433.8mm). Ignoring.
[WARN] [1785915249.408106537] [coord_transform]: Outlier rejected #4 (jumped 433.8mm). Ignoring.
[INFO] [1785915249.468345478] [coord_transform]: Too many outliers (5). Resetting filter to new position.
[WARN] [1785915254.165472064] [coord_transform]: Outlier rejected #1 (jumped 262.3mm). Ignoring.
[WARN] [1785915254.215053387] [coord_transform]: Outlier rejected #2 (jumped 262.3mm). Ignoring.
[WARN] [1785915254.252192598] [coord_transform]: Outlier rejected #3 (jumped 262.3mm). Ignoring.
[WARN] [1785915254.288780100] [coord_transform]: Outlier rejected #4 (jumped 262.3mm). Ignoring.
[INFO] [1785915254.336820226] [coord_transform]: Too many outliers (5). Resetting filter to new position.
[WARN] [1785915291.673545676] [coord_transform]: Outlier rejected #1 (jumped 179.0mm). Ignoring.
[WARN] [1785915291.707259203] [coord_transform]: Outlier rejected #2 (jumped 179.0mm). Ignoring.
[WARN] [1785915291.741359988] [coord_transform]: Outlier rejected #3 (jumped 179.0mm). Ignoring.
[WARN] [1785915291.777559434] [coord_transform]: Outlier rejected #4 (jumped 179.0mm). Ignoring.
[INFO] [1785915291.810093249] [coord_transform]: Too many outliers (5). Resetting filter to new position.
[WARN] [1785915301.284013400] [coord_transform]: Outlier rejected #1 (jumped 270.3mm). Ignoring.
[WARN] [1785915301.320644668] [coord_transform]: Outlier rejected #2 (jumped 270.3mm). Ignoring.
[WARN] [1785915301.361627405] [coord_transform]: Outlier rejected #3 (jumped 270.3mm). Ignoring.
[WARN] [1785915301.395586197] [coord_transform]: Outlier rejected #4 (jumped 270.3mm). Ignoring.
[INFO] [1785915301.428168638] [coord_transform]: Too many outliers (5). Resetting filter to new position.
[WARN] [1785915309.466627250] [coord_transform]: Outlier rejected #1 (jumped 1414.6mm). Ignoring.
[WARN] [1785915309.501167604] [coord_transform]: Outlier rejected #2 (jumped 1411.6mm). Ignoring.
[WARN] [1785915309.537830263] [coord_transform]: Outlier rejected #3 (jumped 1420.7mm). Ignoring.
[WARN] [1785915309.573514446] [coord_transform]: Outlier rejected #4 (jumped 1414.6mm). Ignoring.
[INFO] [1785915309.606726462] [coord_transform]: Too many outliers (5). Resetting filter to new position.
[WARN] [1785915309.927083584] [coord_transform]: Outlier rejected #1 (jumped 1417.5mm). Ignoring.
[WARN] [1785915309.958474697] [coord_transform]: Outlier rejected #2 (jumped 1417.5mm). Ignoring.
[WARN] [1785915309.991006215] [coord_transform]: Outlier rejected #3 (jumped 1417.5mm). Ignoring.
[WARN] [1785915310.023764781] [coord_transform]: Outlier rejected #4 (jumped 1417.5mm). Ignoring.
[INFO] [1785915310.061689391] [coord_transform]: Too many outliers (5). Resetting filter to new position.
[INFO] [1785915314.163340121] [coord_transform]: Captured Init Pose! P_init=(-0.162, 0.280, 0.379), Cam_init=(-0.000, -0.002, -0.000), Noise_Tol=12.7mm
Orientation=(0.998, 0.064, -0.000, 0.000)
[INFO] [1785915314.169911417] [coord_transform]: [SNAP ON] Tay thực tế đứng yên. Ép dừng robot (GRU đang lệch 0.0cm).
[INFO] [1785915326.750656430] [coord_transform]: Deadband: RELEASE — motion detected
[INFO] [1785915327.205183454] [coord_transform]: [SNAP OFF] Tay di chuyển lại. Trả quyền cho GRU.
[INFO] [1785915338.756432913] [coord_transform]: Re-sync camera init: [0.035 0.019 0.05 ]
[INFO] [1785915338.757346230] [coord_transform]: Trạng thái tracking: RUNNING
[INFO] [1785915338.785508608] [coord_transform]: [SNAP ON] Tay thực tế đứng yên. Ép dừng robot (GRU đang lệch 0.0cm).
[INFO] [1785915338.786576766] [coord_transform]: [ERGONOMICS] Transform: cam[0.035 0.019 0.05 ] → base[-0.162  0.28   0.379]
[INFO] [1785915340.198697656] [coord_transform]: Deadband: RELEASE — motion detected
[INFO] [1785915340.207063425] [coord_transform]: [SNAP OFF] Tay di chuyển lại. Trả quyền cho GRU.
[INFO] [1785915340.790464047] [coord_transform]: [ERGONOMICS] Transform: cam[0.037 0.072 0.084] → base[-0.164  0.333  0.412]
[INFO] [1785915342.809209403] [coord_transform]: [ERGONOMICS] Transform: cam[-0.008  0.258  0.214] → base[-0.119  0.519  0.542]
[INFO] [1785915344.829583943] [coord_transform]: [ERGONOMICS] Transform: cam[-0.07   0.434  0.273] → base[-0.057  0.695  0.601]
[INFO] [1785915346.859275634] [coord_transform]: [ERGONOMICS] Transform: cam[-0.137  0.516  0.168] → base[0.01  0.777 0.496]
[INFO] [1785915348.872112367] [coord_transform]: [ERGONOMICS] Transform: cam[-0.119  0.419  0.146] → base[-0.008  0.68   0.475]
[INFO] [1785915350.909757074] [coord_transform]: [ERGONOMICS] Transform: cam[-0.03   0.46   0.297] → base[-0.098  0.721  0.626]
[INFO] [1785915352.920689136] [coord_transform]: [ERGONOMICS] Transform: cam[0.189 0.569 0.235] → base[-0.316  0.83   0.563]
[INFO] [1785915354.924697688] [coord_transform]: [ERGONOMICS] Transform: cam[0.175 0.468 0.181] → base[-0.303  0.73   0.509]
[INFO] [1785915356.964682999] [coord_transform]: [ERGONOMICS] Transform: cam[0.046 0.493 0.243] → base[-0.173  0.754  0.571]
[INFO] [1785915358.968797541] [coord_transform]: [ERGONOMICS] Transform: cam[-0.126  0.381  0.28 ] → base[-0.001  0.643  0.608]
[INFO] [1785915360.976935349] [coord_transform]: [ERGONOMICS] Transform: cam[-0.114  0.243  0.153] → base[-0.014  0.504  0.481]
[INFO] [1785915362.982035570] [coord_transform]: [ERGONOMICS] Transform: cam[-0.199  0.271  0.079] → base[0.071 0.532 0.407]
[INFO] [1785915364.989771350] [coord_transform]: [ERGONOMICS] Transform: cam[-0.05   0.335  0.248] → base[-0.078  0.596  0.576]
[INFO] [1785915366.995971733] [coord_transform]: [ERGONOMICS] Transform: cam[0.056 0.133 0.208] → base[-0.183  0.394  0.536]
[INFO] [1785915369.051992912] [coord_transform]: [ERGONOMICS] Transform: cam[0.081 0.166 0.136] → base[-0.208  0.427  0.464]
[INFO] [1785915371.071161233] [coord_transform]: [ERGONOMICS] Transform: cam[0.017 0.214 0.208] → base[-0.144  0.475  0.536]
[INFO] [1785915373.094681389] [coord_transform]: [ERGONOMICS] Transform: cam[-0.111  0.547  0.25 ] → base[-0.016  0.808  0.578]
[INFO] [1785915375.104946320] [coord_transform]: [ERGONOMICS] Transform: cam[-0.127  0.46   0.156] → base[-0.     0.721  0.484]
[INFO] [1785915377.138812773] [coord_transform]: [ERGONOMICS] Transform: cam[-0.089  0.568  0.202] → base[-0.039  0.829  0.53 ]
[INFO] [1785915379.173229601] [coord_transform]: [ERGONOMICS] Transform: cam[0.137 0.521 0.253] → base[-0.264  0.782  0.581]
[INFO] [1785915381.189185105] [coord_transform]: [ERGONOMICS] Transform: cam[0.126 0.477 0.179] → base[-0.253  0.738  0.508]
[INFO] [1785915383.205632543] [coord_transform]: [ERGONOMICS] Transform: cam[0.111 0.484 0.194] → base[-0.238  0.745  0.523]
[INFO] [1785915385.229209635] [coord_transform]: [ERGONOMICS] Transform: cam[-0.076  0.353  0.229] → base[-0.052  0.614  0.557]
[INFO] [1785915387.245027354] [coord_transform]: [ERGONOMICS] Transform: cam[-0.16   0.271  0.083] → base[0.033 0.532 0.411]
[INFO] [1785915389.259460558] [coord_transform]: [ERGONOMICS] Transform: cam[-0.16   0.271  0.083] → base[0.033 0.532 0.411]
[INFO] [1785915391.273995772] [coord_transform]: [ERGONOMICS] Transform: cam[0.055 0.402 0.212] → base[-0.182  0.663  0.54 ]
[INFO] [1785915393.292600859] [coord_transform]: [ERGONOMICS] Transform: cam[0.065 0.334 0.086] → base[-0.192  0.595  0.414]
[INFO] [1785915395.315487701] [coord_transform]: [ERGONOMICS] Transform: cam[0.064 0.351 0.085] → base[-0.191  0.612  0.413]
[INFO] [1785915397.316296393] [coord_transform]: [ERGONOMICS] Transform: cam[0.064 0.351 0.085] → base[-0.191  0.612  0.413]
[INFO] [1785915398.043619969] [coord_transform]: Trạng thái tracking: STOPPED
[WARN] [1785915402.306095706] [coord_transform]: Outlier rejected #1 (jumped 357.4mm). Ignoring.
[WARN] [1785915403.184049594] [coord_transform]: Outlier rejected #2 (jumped 392.5mm). Ignoring.
[WARN] [1785915403.218678327] [coord_transform]: Outlier rejected #3 (jumped 397.6mm). Ignoring.
[WARN] [1785915403.253867440] [coord_transform]: Outlier rejected #4 (jumped 410.0mm). Ignoring.
[INFO] [1785915403.285020963] [coord_transform]: Too many outliers (5). Resetting filter to new position.
[WARN] [1785915403.755362297] [coord_transform]: Outlier rejected #1 (jumped 223.1mm). Ignoring.
[WARN] [1785915403.789276543] [coord_transform]: Outlier rejected #2 (jumped 222.2mm). Ignoring.
[WARN] [1785915403.821312059] [coord_transform]: Outlier rejected #3 (jumped 218.1mm). Ignoring.
[WARN] [1785915404.326097099] [coord_transform]: Outlier rejected #1 (jumped 470.1mm). Ignoring.
[WARN] [1785915404.365302672] [coord_transform]: Outlier rejected #2 (jumped 470.1mm). Ignoring.
[WARN] [1785915404.408649285] [coord_transform]: Outlier rejected #3 (jumped 470.1mm). Ignoring.
[WARN] [1785915404.445403838] [coord_transform]: Outlier rejected #4 (jumped 470.1mm). Ignoring.
[INFO] [1785915404.487074281] [coord_transform]: Too many outliers (5). Resetting filter to new position.
[INFO] [1785915408.716515497] [coord_transform]: Trạng thái tracking: STOPPED
