[INFO] [1781088025.280719165] [coord_transform]: CoordTransformNode khởi động.
  Object offset (cam frame): [0.05 0.   0.1 ]
  Translation cam→base:      [0.5 0.  1.2]
  EE orientation (xyzw):     [0.0, 1.0, 0.0, 0.0]
  Prediction step:           5
  Axis remap:                [0, 1, 2]
  Axis sign:                 [-1.0, 1.0, 1.0]
  Workspace X: (-1.0, 1.0), Y: (-0.5, 1.3), Z: (0.05, 1.5)
  Filter outlier_threshold:  0.15m
  Filter median_size_y:      3
  Filter deadband_tol:       35.0mm
  Filter stationary_thresh:  3 frames
  Filter max_rate:           5.0cm/frame
  Filter EMA moving(x,y,z):  (0.75,0.5,0.75)
  Filter EMA hold  (x,y,z):  (0.08,0.02,0.05)
[WARN] [1781088036.846565738] [coord_transform]: Outlier rejected #1 (jumped 414.8mm). Ignoring.
[WARN] [1781088037.024789813] [coord_transform]: Outlier rejected #1 (jumped 169.4mm). Ignoring.
[WARN] [1781088037.056864356] [coord_transform]: Outlier rejected #2 (jumped 395.5mm). Ignoring.
[WARN] [1781088037.172480365] [coord_transform]: Outlier rejected #1 (jumped 356.9mm). Ignoring.
[WARN] [1781088037.200234586] [coord_transform]: Outlier rejected #2 (jumped 344.1mm). Ignoring.
[WARN] [1781088037.243093168] [coord_transform]: Outlier rejected #3 (jumped 350.6mm). Ignoring.
[WARN] [1781088037.284262679] [coord_transform]: Outlier rejected #4 (jumped 152.9mm). Ignoring.
[INFO] [1781088037.330881586] [coord_transform]: Too many outliers (5). Resetting filter to new position.
[WARN] [1781088037.390046138] [coord_transform]: Outlier rejected #1 (jumped 168.9mm). Ignoring.
[WARN] [1781088037.736480470] [coord_transform]: Outlier rejected #1 (jumped 156.9mm). Ignoring.
[WARN] [1781088037.771265094] [coord_transform]: Outlier rejected #2 (jumped 216.6mm). Ignoring.
[WARN] [1781088037.810343687] [coord_transform]: Outlier rejected #3 (jumped 196.6mm). Ignoring.
[WARN] [1781088037.849744641] [coord_transform]: Outlier rejected #4 (jumped 216.2mm). Ignoring.
[INFO] [1781088037.925628561] [coord_transform]: Too many outliers (5). Resetting filter to new position.
[WARN] [1781088038.051629111] [coord_transform]: Outlier rejected #1 (jumped 166.7mm). Ignoring.
[WARN] [1781088038.155625263] [coord_transform]: Outlier rejected #1 (jumped 198.2mm). Ignoring.
[WARN] [1781088038.195576002] [coord_transform]: Outlier rejected #2 (jumped 249.9mm). Ignoring.
[WARN] [1781088038.227828466] [coord_transform]: Outlier rejected #3 (jumped 243.0mm). Ignoring.
[WARN] [1781088038.260172959] [coord_transform]: Outlier rejected #4 (jumped 179.5mm). Ignoring.
[INFO] [1781088038.293802301] [coord_transform]: Too many outliers (5). Resetting filter to new position.
[WARN] [1781088038.479200654] [coord_transform]: Outlier rejected #1 (jumped 490.4mm). Ignoring.
[WARN] [1781088038.514590834] [coord_transform]: Outlier rejected #2 (jumped 214.9mm). Ignoring.
[WARN] [1781088038.559069513] [coord_transform]: Outlier rejected #3 (jumped 256.2mm). Ignoring.
[WARN] [1781088038.594542163] [coord_transform]: Outlier rejected #4 (jumped 221.0mm). Ignoring.
[WARN] [1781088038.903739214] [coord_transform]: Outlier rejected #1 (jumped 591.2mm). Ignoring.
[WARN] [1781088038.967669201] [coord_transform]: Outlier rejected #2 (jumped 587.6mm). Ignoring.
[WARN] [1781088039.003344325] [coord_transform]: Outlier rejected #3 (jumped 582.1mm). Ignoring.
[WARN] [1781088039.047935448] [coord_transform]: Outlier rejected #4 (jumped 169.7mm). Ignoring.
[INFO] [1781088039.092023128] [coord_transform]: Too many outliers (5). Resetting filter to new position.
[WARN] [1781088039.127306490] [coord_transform]: Outlier rejected #1 (jumped 347.7mm). Ignoring.
[WARN] [1781088039.225173997] [coord_transform]: Outlier rejected #1 (jumped 383.7mm). Ignoring.
[WARN] [1781088039.258707176] [coord_transform]: Outlier rejected #2 (jumped 364.9mm). Ignoring.
[WARN] [1781088039.370246498] [coord_transform]: Outlier rejected #1 (jumped 353.4mm). Ignoring.
[WARN] [1781088039.406796735] [coord_transform]: Outlier rejected #2 (jumped 214.2mm). Ignoring.
[WARN] [1781088039.451732703] [coord_transform]: Outlier rejected #3 (jumped 299.4mm). Ignoring.
[WARN] [1781088039.617911046] [coord_transform]: Outlier rejected #1 (jumped 201.1mm). Ignoring.
[WARN] [1781088039.652418630] [coord_transform]: Outlier rejected #2 (jumped 197.7mm). Ignoring.
[WARN] [1781088039.692272904] [coord_transform]: Outlier rejected #3 (jumped 196.5mm). Ignoring.
[WARN] [1781088039.731850271] [coord_transform]: Outlier rejected #4 (jumped 200.9mm). Ignoring.
[WARN] [1781088039.816678192] [coord_transform]: Outlier rejected #1 (jumped 213.1mm). Ignoring.
[WARN] [1781088039.926946199] [coord_transform]: Outlier rejected #1 (jumped 164.2mm). Ignoring.
[WARN] [1781088039.969370701] [coord_transform]: Outlier rejected #2 (jumped 185.5mm). Ignoring.
[WARN] [1781088040.201628676] [coord_transform]: Outlier rejected #1 (jumped 487.1mm). Ignoring.
[WARN] [1781088040.250483236] [coord_transform]: Outlier rejected #2 (jumped 496.0mm). Ignoring.
[WARN] [1781088040.299389103] [coord_transform]: Outlier rejected #3 (jumped 492.9mm). Ignoring.
[WARN] [1781088040.345641403] [coord_transform]: Outlier rejected #4 (jumped 487.3mm). Ignoring.
[INFO] [1781088040.390029872] [coord_transform]: Too many outliers (5). Resetting filter to new position.
[WARN] [1781088047.328064664] [coord_transform]: Outlier rejected #1 (jumped 852.0mm). Ignoring.
[WARN] [1781088047.377209471] [coord_transform]: Outlier rejected #2 (jumped 853.0mm). Ignoring.
[WARN] [1781088047.424052844] [coord_transform]: Outlier rejected #3 (jumped 855.0mm). Ignoring.
[WARN] [1781088047.479558461] [coord_transform]: Outlier rejected #4 (jumped 848.4mm). Ignoring.
[INFO] [1781088047.543114908] [coord_transform]: Too many outliers (5). Resetting filter to new position.
[INFO] [1781088051.192050842] [coord_transform]: Captured Init Pose! P_init=(-0.102, -0.237, 0.384), Cam_init=(-0.003, -0.003, -0.004), Noise_Tol=9.9mm
Orientation=(0.717, 0.696, -0.032, 0.022)
[INFO] [1781088051.225264663] [coord_transform]: Deadband: RELEASE — motion detected
[INFO] [1781088051.452871008] [coord_transform]: Deadband: HOLD at (-0.003, -0.003, -0.004)
[INFO] [1781088073.200161028] [coord_transform]: Deadband: RELEASE — motion detected
[WARN] [1781088091.865223865] [coord_transform]: Outlier rejected #1 (jumped 613.6mm). Ignoring.
[WARN] [1781088092.151120173] [coord_transform]: Outlier rejected #1 (jumped 611.2mm). Ignoring.
[WARN] [1781088092.245984556] [coord_transform]: Outlier rejected #1 (jumped 578.6mm). Ignoring.
