[INFO] [1780996155.268234825] [experiment_logger]: ✓ STARTED in-memory logging. Target file: /home/duy/cocarry_ws/cocarry_logs/experiment_GROUND_TRUTH_20260609_160915.csv
[INFO] [1780996155.300576146] [experiment_logger]: Logger ready.
[INFO] [1780996322.626405293] [experiment_logger]: Service called: /logger/toggle with data=True
[INFO] [1780996421.232201602] [experiment_logger]: Service called: /logger/toggle with data=False
[INFO] [1780996421.232799838] [experiment_logger]: Writing 3985 rows from memory to /home/duy/cocarry_ws/cocarry_logs/experiment_GROUND_TRUTH_20260609_160915.csv...
[INFO] [1780996421.247825127] [experiment_logger]: ✓ Successfully wrote logs to disk.
[INFO] [1780996421.250286905] [experiment_logger]: Stopped logging. Saved 3985 rows to /home/duy/cocarry_ws/cocarry_logs/experiment_GROUND_TRUTH_20260609_160915.csv
[INFO] [1780996421.272690163] [experiment_logger]: 
============================================================
EXPERIMENT METRICS
  File: experiment_GROUND_TRUTH_20260609_160915.csv
  Total samples: 3985
  Task completion time: 266.00 s
  Mode: GROUND TRUTH (no prediction metrics)
  --- Trajectory Smoothness (Robot EE) ---
  Mean Jerk (3D): 10.2401 m/s³
      Jerk X: 3.6818 m/s³
      Jerk Y: 6.4673 m/s³
      Jerk Z: 4.6323 m/s³
  Max Jerk (3D): 100.7489 m/s³
  RMS Jerk (3D): 16.3331 m/s³
============================================================
[INFO] [1780999756.538806396] [experiment_logger]: Trajectory mode: prediction
[INFO] [1780999772.722726041] [experiment_logger]: Trajectory mode: prediction
[INFO] [1780999775.089985051] [experiment_logger]: Service called: /logger/toggle with data=True
[INFO] [1780999775.090647187] [experiment_logger]: ✓ STARTED in-memory logging. Target file: /home/duy/cocarry_ws/cocarry_logs/experiment_GRU_20260609_170935.csv
[INFO] [1780999826.922983097] [experiment_logger]: Service called: /logger/toggle with data=False
[INFO] [1780999826.923277793] [experiment_logger]: Writing 1475 rows from memory to /home/duy/cocarry_ws/cocarry_logs/experiment_GRU_20260609_170935.csv...
[INFO] [1780999826.930306573] [experiment_logger]: ✓ Successfully wrote logs to disk.
[INFO] [1780999826.931276178] [experiment_logger]: Stopped logging. Saved 1475 rows to /home/duy/cocarry_ws/cocarry_logs/experiment_GRU_20260609_170935.csv
[INFO] [1780999826.943653409] [experiment_logger]: 
============================================================
EXPERIMENT METRICS
  File: experiment_GRU_20260609_170935.csv
  Total samples: 1475
  Task completion time: 51.83 s
  --- Prediction Accuracy (over 1475 samples) ---
  Avg Inference Time: 4.29 ms
  Mean Squared Error (MSE): 0.004142 m²
  Mean Absolute Error (MAE - 3D): 0.0533 m
      MAE X: 0.0246 m
      MAE Y: 0.0416 m
      MAE Z: 0.0126 m
  --- Trajectory Smoothness (Robot EE) ---
  Mean Jerk (3D): 17.7224 m/s³
      Jerk X: 4.2398 m/s³
      Jerk Y: 13.6665 m/s³
      Jerk Z: 6.9828 m/s³
  Max Jerk (3D): 153.1926 m/s³
  RMS Jerk (3D): 29.3810 m/s³
============================================================
[INFO] [1780999831.088000124] [experiment_logger]: Trajectory mode: ground_truth
[INFO] [1780999865.727123513] [experiment_logger]: Trajectory mode: ground_truth
[INFO] [1780999865.992147851] [experiment_logger]: Trajectory mode: ground_truth
[INFO] [1780999866.256284605] [experiment_logger]: Trajectory mode: ground_truth
[INFO] [1780999876.750979351] [experiment_logger]: Service called: /logger/toggle with data=True
[INFO] [1780999876.751459614] [experiment_logger]: ✓ STARTED in-memory logging. Target file: /home/duy/cocarry_ws/cocarry_logs/experiment_GROUND_TRUTH_20260609_171116.csv
[INFO] [1781000015.997371175] [experiment_logger]: Service called: /logger/toggle with data=False
[INFO] [1781000015.997706757] [experiment_logger]: Writing 4109 rows from memory to /home/duy/cocarry_ws/cocarry_logs/experiment_GROUND_TRUTH_20260609_171116.csv...
[INFO] [1781000016.014145875] [experiment_logger]: ✓ Successfully wrote logs to disk.
[INFO] [1781000016.016250241] [experiment_logger]: Stopped logging. Saved 4109 rows to /home/duy/cocarry_ws/cocarry_logs/experiment_GROUND_TRUTH_20260609_171116.csv
[INFO] [1781000016.053270745] [experiment_logger]: 
============================================================
EXPERIMENT METRICS
  File: experiment_GROUND_TRUTH_20260609_171116.csv
  Total samples: 4109
  Task completion time: 139.25 s
  Mode: GROUND TRUTH (no prediction metrics)
  --- Trajectory Smoothness (Robot EE) ---
  Mean Jerk (3D): 11.0486 m/s³
      Jerk X: 5.0478 m/s³
      Jerk Y: 6.8695 m/s³
      Jerk Z: 4.0959 m/s³
  Max Jerk (3D): 131.7839 m/s³
  RMS Jerk (3D): 16.5009 m/s³
============================================================
