[INFO] [1786588469.653855104] [predictor_ui]: [UI] Node started
[INFO] [1786588493.921290703] [predictor_ui]: [UI] Using standalone go_home.py script for real robot
[INFO] [1786588518.281382705] [predictor_ui]: [UI] Capture Init Pose thành công: Captured Init Pose! P_init=(-0.162, 0.280, 0.379), Cam_init=(0.073, 0.019, 0.005), Noise_Tol=60.0mm
Orientation=(0.998, 0.064, -0.000, 0.000)
[INFO] [1786588528.814799956] [predictor_ui]: [UI] Trajectory mode set to: prediction
[INFO] [1786588544.685202028] [predictor_ui]: [UI] Auto-disabled robot on Stop Run
[INFO] [1786588548.448936355] [predictor_ui]: [UI] Trajectory mode set to: prediction
[INFO] [1786588597.676901793] [predictor_ui]: [UI] Auto-disabled robot on Stop Run
[INFO] [1786588605.025590391] [predictor_ui]: [UI] Using standalone go_home.py script for real robot
[INFO] [1786588650.014997718] [predictor_ui]: [UI] Auto-disabled robot on Stop Run
[INFO] [1786588658.753899636] [predictor_ui]: [UI] Using standalone go_home.py script for real robot
[INFO] [1786588701.421838652] [predictor_ui]: [UI] Auto-disabled robot on Stop Run
[INFO] [1786588708.775433985] [predictor_ui]: [UI] Using standalone go_home.py script for real robot
[INFO] [1786588744.923422866] [predictor_ui]: [UI] Trajectory mode set to: ground_truth
[INFO] [1786588799.930748758] [predictor_ui]: [UI] Auto-disabled robot on Stop Run
[INFO] [1786588804.334080364] [predictor_ui]: [UI] Using standalone go_home.py script for real robot
[INFO] [1786588840.583884828] [predictor_ui]: [UI] Auto-disabled robot on Stop Run
[INFO] [1786588845.519643288] [predictor_ui]: [UI] Using standalone go_home.py script for real robot
[INFO] [1786588881.188689063] [predictor_ui]: [UI] Auto-disabled robot on Stop Run
[INFO] [1786588886.699572712] [predictor_ui]: [UI] Using standalone go_home.py script for real robot
[INFO] [1786588919.486723087] [predictor_ui]: [UI] Auto-disabled robot on Stop Run
[INFO] [1786588923.045115249] [predictor_ui]: [UI] Using standalone go_home.py script for real robot
[INFO] [1786588961.916272717] [predictor_ui]: [UI] Auto-disabled robot on Stop Run
[INFO] [1786588966.825582402] [predictor_ui]: [UI] Using standalone go_home.py script for real robot
[INFO] [1786589239.507895573] [predictor_ui]: [UI] Trajectory mode set to: ground_truth
[INFO] [1786589263.486066920] [predictor_ui]: [UI] Auto-disabled robot on Stop Run
[INFO] [1786589273.360220512] [predictor_ui]: [UI] Using standalone go_home.py script for real robot
[INFO] [1786589351.493242721] [predictor_ui]: [UI] Using standalone go_home.py script for real robot
[INFO] [1786589383.059443272] [predictor_ui]: [UI] Using standalone go_home.py script for real robot
[INFO] [1786589433.610400145] [predictor_ui]: [UI] Auto-disabled robot on Stop Run
[INFO] [1786589893.732681342] [predictor_ui]: [UI] Trajectory mode set to: ground_truth
[INFO] [1786589946.408246209] [predictor_ui]: [UI] Auto-disabled robot on Stop Run
[INFO] [1786589957.623947206] [predictor_ui]: [UI] Using standalone go_home.py script for real robot
[INFO] [1786590099.909653070] [predictor_ui]: [UI] Auto-disabled robot on Stop Run
[INFO] [1786590108.690893862] [predictor_ui]: [UI] Using standalone go_home.py script for real robot
