[INFO] [1781251488.349466068] [cartesian_streamer]: CartesianStreamer khởi động (chờ Enable Robot từ UI).
  Stream rate:       15 Hz (period=66.7ms)
  Queue dt:          0.067 s
  Prebuffer points:  3
  Retry backoff:     66.0 ms
  Gửi PoseStamped lên: /cartesian_streamer/target_pose
  Gửi XYZ lên:        /cartesian_streamer/target_xyz
  Nhận EE pose tại:   /cartesian_streamer/current_pose
[INFO] [1781251488.352752633] [cartesian_streamer]: Nhận joint_states: ['1.512', '0.117', '-0.954', '0.000', '-0.500', '-1.385']
[WARN] [1781251489.834639811] [cartesian_streamer]: Không thể cross-validate FK (local hoặc MoveIt! FK thất bại). Local IK vẫn hoạt động nhưng CHƯA ĐƯỢC VALIDATE.
[INFO] [1781251489.836539043] [cartesian_streamer]: Đã nhận joint_states. EE hiện tại: (-0.1429, 0.3301, 0.4012). IK mode: Local DLS. Chờ Enable Robot từ UI...
[INFO] [1781251555.716094260] [cartesian_streamer]: Enable Robot: bắt đầu chuỗi khởi động...
[INFO] [1781251555.716667908] [cartesian_streamer]: Enable: reset_error...
[INFO] [1781251555.834000201] [cartesian_streamer]: reset_error: code=1, msg="success"
[INFO] [1781251555.834542946] [cartesian_streamer]: Enable: stop_traj_mode (giải phóng mode cũ)...
[INFO] [1781251556.090217232] [cartesian_streamer]: stop_traj_mode: success=True, code=N/A, msg=""
[INFO] [1781251556.090769330] [cartesian_streamer]: Enable: chờ 1.5s để hệ thống ổn định trước khi start queue...
[INFO] [1781251557.591928515] [cartesian_streamer]: Enable: StartPointQueueMode...
[INFO] [1781251558.286334534] [cartesian_streamer]: StartPointQueueMode response: code=1, msg=""
[INFO] [1781251558.286892217] [cartesian_streamer]: ✓ Robot ENABLED — Point Queue Mode active. Servo ON!
[INFO] [1781251558.333837587] [cartesian_streamer]: Runtime rate: state=seeding, tick_hz=0.0, queue_send_hz=0.0, ack_hz=0.0, busy_hz=0.0, retry_count=0, reject_count=0, inter_ack_ms=0.0, max_joint_delta=0.000, cumul_time=0.00s, hold_count=0, ik_mode=Local, ik_avg_ms=0.00, ik_fails=0
[INFO] [1781251558.334890989] [cartesian_streamer]: Bootstrap EE pose via FK: (-0.1620, 0.2801, 0.3785)
[INFO] [1781251558.335447570] [cartesian_streamer]: Đang stream qua service: /queue_traj_point
[INFO] [1781251558.336272888] [cartesian_streamer]: Đã gửi seed point (current joints, t=0), chờ ACK...
[INFO] [1781251558.400840085] [cartesian_streamer]: Bootstrap EE pose via FK: (-0.1620, 0.2801, 0.3785)
[INFO] [1781251558.457554934] [cartesian_streamer]: Seed ACK nhận được, bắt đầu prebuffer.
[INFO] [1781251558.458082520] [cartesian_streamer]: Queue accepted sample#1: svc=/queue_traj_point, t_cumul=0.0000s, code=1, msg="", hold=False
[INFO] [1781251558.484991818] [cartesian_streamer]: Queue accepted sample#2: svc=/queue_traj_point, t_cumul=0.1307s, code=1, msg="", hold=True
[INFO] [1781251558.651817805] [cartesian_streamer]: Queue accepted sample#3: svc=/queue_traj_point, t_cumul=0.1974s, code=1, msg="", hold=True
[INFO] [1781251558.669278488] [cartesian_streamer]: Pre-buffer hoàn tất (3 points), bắt đầu stream ổn định. Đang chờ target...
[INFO] [1781251558.669795689] [cartesian_streamer]: Queue accepted sample#4: svc=/queue_traj_point, t_cumul=0.3305s, code=1, msg="", hold=True
[INFO] [1781251558.856746987] [cartesian_streamer]: Queue accepted sample#5: svc=/queue_traj_point, t_cumul=0.3973s, code=1, msg="", hold=True
[INFO] [1781251560.496846419] [cartesian_streamer]: QueueTrajPoint accepted #20: t=1.997s, hold=True
[INFO] [1781251563.020258058] [cartesian_streamer]: QueueTrajPoint accepted #40: t=4.197s, hold=True
[INFO] [1781251563.334162276] [cartesian_streamer]: Runtime rate: state=streaming, tick_hz=15.0, queue_send_hz=8.6, ack_hz=8.4, busy_hz=0.0, retry_count=0, reject_count=0, inter_ack_ms=116.9, max_joint_delta=0.000, cumul_time=4.60s, hold_count=42, ik_mode=Local, ik_avg_ms=0.00, ik_fails=0
[INFO] [1781251564.933995822] [cartesian_streamer]: IK OK → Δmax=0.0000 rad, joints: [1.571, 0.124, -1.049, 0.000, -0.398, -1.444]
[WARN] [1781251564.999958339] [cartesian_streamer]: QueueTrajPoint đã được accept nhưng joint_states hầu như không đổi. Kiểm tra: 1) Robot ở mode AUTO? 2) Servo ON? 3) E-stop cleared?
[INFO] [1781251565.417070926] [cartesian_streamer]: QueueTrajPoint accepted #60: t=6.466s, hold=False
[INFO] [1781251566.934547294] [cartesian_streamer]: IK OK → Δmax=0.0186 rad, joints: [1.561, 0.109, -0.988, 0.000, -0.475, -1.433]
[INFO] [1781251567.135600927] [cartesian_streamer]: IK delta clamped → joints: [1.549, 0.116, -0.936, 0.000, -0.523, -1.422]
[INFO] [1781251567.632418637] [cartesian_streamer]: QueueTrajPoint accepted #80: t=8.462s, hold=False
[INFO] [1781251568.400274912] [cartesian_streamer]: Runtime rate: state=streaming, tick_hz=15.0, queue_send_hz=8.9, ack_hz=9.1, busy_hz=0.0, retry_count=0, reject_count=0, inter_ack_ms=110.6, max_joint_delta=0.070, cumul_time=9.06s, hold_count=0, ik_mode=Local, ik_avg_ms=1.20, ik_fails=0
[INFO] [1781251568.935157849] [cartesian_streamer]: IK OK → Δmax=0.0182 rad, joints: [1.505, 0.252, -0.503, 0.000, -0.816, -1.378]
[INFO] [1781251569.469282358] [cartesian_streamer]: IK delta clamped → joints: [1.498, 0.330, -0.358, 0.000, -0.894, -1.371]
[INFO] [1781251569.721300413] [cartesian_streamer]: QueueTrajPoint accepted #100: t=10.397s, hold=False
[INFO] [1781251570.936756374] [cartesian_streamer]: IK OK → Δmax=0.0469 rad, joints: [1.495, 0.547, 0.126, 0.000, -1.150, -1.368]
[INFO] [1781251571.606377007] [cartesian_streamer]: QueueTrajPoint accepted #120: t=12.327s, hold=False
[INFO] [1781251572.269059762] [cartesian_streamer]: IK delta clamped → joints: [1.510, 0.821, 0.684, 0.000, -1.436, -1.383]
[INFO] [1781251572.885256355] [cartesian_streamer]: Local IK không hội tụ (fail #1)
[INFO] [1781251573.400169587] [cartesian_streamer]: Runtime rate: state=streaming, tick_hz=15.0, queue_send_hz=10.4, ack_hz=10.2, busy_hz=0.0, retry_count=0, reject_count=0, inter_ack_ms=96.4, max_joint_delta=0.070, cumul_time=14.08s, hold_count=6, ik_mode=Local, ik_avg_ms=2.74, ik_fails=7
[INFO] [1781251573.490336163] [cartesian_streamer]: QueueTrajPoint accepted #140: t=14.078s, hold=True
[WARN] [1781251573.551521749] [cartesian_streamer]: Local IK failed 10x liên tiếp! Fallback sang MoveIt! IK...
[INFO] [1781251573.552509351] [cartesian_streamer]: IK OK → Δmax=0.0000 rad, joints: [1.515, 0.970, 1.007, 0.000, -1.608, -1.388]
[WARN] [1781251574.366900671] [cartesian_streamer]: Queue BUSY, sẽ resend (backoff 66ms): msg="Busy processing the previous trajectory point. Please resend the next point shortly"
[INFO] [1781251575.402191256] [cartesian_streamer]: IK delta clamped → joints: [1.505, 0.974, 0.952, 0.000, -1.547, -1.378]
[INFO] [1781251575.602367126] [cartesian_streamer]: IK OK → Δmax=0.0700 rad, joints: [1.501, 0.921, 0.840, 0.000, -1.466, -1.374]
[INFO] [1781251576.256759210] [cartesian_streamer]: QueueTrajPoint accepted #160: t=16.250s, hold=False
[INFO] [1781251577.667995386] [cartesian_streamer]: IK OK → Δmax=0.0638 rad, joints: [1.520, 0.819, 0.594, 0.000, -1.347, -1.393]
[INFO] [1781251577.735442580] [cartesian_streamer]: IK delta clamped → joints: [1.521, 0.834, 0.629, 0.000, -1.369, -1.393]
[INFO] [1781251578.281201967] [cartesian_streamer]: QueueTrajPoint accepted #180: t=18.250s, hold=False
[INFO] [1781251578.358847675] [cartesian_streamer]: Local IK không hội tụ (fail #1)
[INFO] [1781251578.400450389] [cartesian_streamer]: Runtime rate: state=streaming, tick_hz=15.0, queue_send_hz=8.4, ack_hz=8.4, busy_hz=0.2, retry_count=1, reject_count=0, inter_ack_ms=121.8, max_joint_delta=0.090, cumul_time=18.34s, hold_count=1, ik_mode=Local, ik_avg_ms=5.15, ik_fails=33
[WARN] [1781251578.959482909] [cartesian_streamer]: Local IK failed 10x liên tiếp! Fallback sang MoveIt! IK...
[INFO] [1781251579.670531818] [cartesian_streamer]: IK OK → Δmax=0.0700 rad, joints: [1.533, 0.933, 0.921, 0.000, -1.514, -1.406]
[INFO] [1781251579.868711734] [cartesian_streamer]: IK delta clamped → joints: [1.530, 0.872, 0.781, 0.000, -1.440, -1.403]
[INFO] [1781251580.406160177] [cartesian_streamer]: QueueTrajPoint accepted #200: t=20.346s, hold=False
[INFO] [1781251581.735478141] [cartesian_streamer]: IK OK → Δmax=0.0160 rad, joints: [1.534, 0.734, 0.437, 0.000, -1.274, -1.407]
[INFO] [1781251582.495848483] [cartesian_streamer]: QueueTrajPoint accepted #220: t=22.146s, hold=False
[INFO] [1781251583.467265922] [cartesian_streamer]: Runtime rate: state=streaming, tick_hz=15.0, queue_send_hz=9.7, ack_hz=9.7, busy_hz=0.0, retry_count=0, reject_count=0, inter_ack_ms=103.0, max_joint_delta=0.070, cumul_time=23.21s, hold_count=0, ik_mode=Local, ik_avg_ms=5.55, ik_fails=47
[INFO] [1781251583.803497236] [cartesian_streamer]: IK OK → Δmax=0.0552 rad, joints: [1.550, 0.682, 0.338, 0.000, -1.228, -1.423]
[INFO] [1781251583.935339728] [cartesian_streamer]: IK delta clamped → joints: [1.550, 0.697, 0.353, 0.000, -1.243, -1.423]
[INFO] [1781251584.590409112] [cartesian_streamer]: QueueTrajPoint accepted #240: t=24.212s, hold=False
[INFO] [1781251585.162348659] [cartesian_streamer]: Local IK không hội tụ (fail #1)
[WARN] [1781251585.762381051] [cartesian_streamer]: Local IK failed 10x liên tiếp! Fallback sang MoveIt! IK...
[INFO] [1781251585.836709067] [cartesian_streamer]: IK OK → Δmax=0.0000 rad, joints: [1.543, 1.003, 1.009, 0.000, -1.578, -1.416]
[WARN] [1781251585.859522052] [cartesian_streamer]: Queue BUSY, sẽ resend (backoff 66ms): msg="Busy processing the previous trajectory point. Please resend the next point shortly"
[INFO] [1781251586.758800976] [cartesian_streamer]: QueueTrajPoint accepted #260: t=26.189s, hold=False
[WARN] [1781251587.822185976] [cartesian_streamer]: Local IK failed 36x liên tiếp! Fallback sang MoveIt! IK...
[WARN] [1781251587.822775534] [cartesian_streamer]: Service call timeout (500ms). Resetting inflight flag.
[INFO] [1781251587.886196197] [cartesian_streamer]: IK OK → Δmax=0.0000 rad, joints: [1.543, 1.003, 1.009, 0.000, -1.578, -1.416]
[INFO] [1781251588.533884125] [cartesian_streamer]: Runtime rate: state=streaming, tick_hz=15.0, queue_send_hz=8.3, ack_hz=7.9, busy_hz=0.2, retry_count=1, reject_count=0, inter_ack_ms=125.4, max_joint_delta=0.070, cumul_time=27.64s, hold_count=0, ik_mode=Local, ik_avg_ms=7.77, ik_fails=93
[INFO] [1781251589.766721765] [cartesian_streamer]: QueueTrajPoint accepted #280: t=28.713s, hold=False
[WARN] [1781251589.886451979] [cartesian_streamer]: Local IK failed 66x liên tiếp! Fallback sang MoveIt! IK...
[INFO] [1781251589.886789285] [cartesian_streamer]: IK OK → Δmax=0.0000 rad, joints: [1.543, 1.003, 1.009, 0.000, -1.578, -1.416]
[INFO] [1781251591.935707691] [cartesian_streamer]: IK OK → Δmax=0.0463 rad, joints: [1.497, 1.038, 1.045, 0.000, -1.578, -1.370]
[INFO] [1781251592.025303194] [cartesian_streamer]: Local IK không hội tụ (fail #1)
[WARN] [1781251592.067193939] [cartesian_streamer]: QueueTrajPoint đã được accept nhưng joint_states hầu như không đổi. Kiểm tra: 1) Robot ở mode AUTO? 2) Servo ON? 3) E-stop cleared?
[WARN] [1781251592.622658245] [cartesian_streamer]: Local IK failed 10x liên tiếp! Fallback sang MoveIt! IK...
[INFO] [1781251593.091705005] [cartesian_streamer]: QueueTrajPoint accepted #300: t=31.488s, hold=False
[INFO] [1781251593.533490059] [cartesian_streamer]: Runtime rate: state=streaming, tick_hz=15.0, queue_send_hz=6.8, ack_hz=7.0, busy_hz=0.0, retry_count=0, reject_count=0, inter_ack_ms=144.9, max_joint_delta=0.052, cumul_time=32.02s, hold_count=0, ik_mode=Local, ik_avg_ms=10.53, ik_fails=160
[INFO] [1781251594.002371157] [cartesian_streamer]: IK OK → Δmax=0.0578 rad, joints: [1.491, 0.996, 0.987, 0.000, -1.563, -1.364]
[INFO] [1781251594.202217911] [cartesian_streamer]: IK delta clamped → joints: [1.481, 0.928, 0.868, 0.000, -1.496, -1.354]
[INFO] [1781251594.955415879] [cartesian_streamer]: QueueTrajPoint accepted #320: t=33.420s, hold=False
[INFO] [1781251596.067851844] [cartesian_streamer]: IK OK → Δmax=0.0015 rad, joints: [1.417, 0.695, 0.450, 0.000, -1.327, -1.289]
[INFO] [1781251597.098134127] [cartesian_streamer]: QueueTrajPoint accepted #340: t=35.487s, hold=False
[INFO] [1781251598.135479039] [cartesian_streamer]: IK OK → Δmax=0.0037 rad, joints: [1.396, 0.618, 0.333, 0.000, -1.287, -1.269]
[INFO] [1781251598.533908217] [cartesian_streamer]: Runtime rate: state=streaming, tick_hz=15.0, queue_send_hz=9.6, ack_hz=9.4, busy_hz=0.0, retry_count=0, reject_count=0, inter_ack_ms=101.7, max_joint_delta=0.070, cumul_time=36.69s, hold_count=0, ik_mode=Local, ik_avg_ms=9.39, ik_fails=166
[INFO] [1781251598.536152220] [cartesian_streamer]: IK delta clamped → joints: [1.394, 0.579, 0.258, 0.000, -1.237, -1.267]
[INFO] [1781251599.149159842] [cartesian_streamer]: QueueTrajPoint accepted #360: t=37.418s, hold=False
[INFO] [1781251600.201180782] [cartesian_streamer]: IK OK → Δmax=0.0219 rad, joints: [1.414, 0.622, 0.344, 0.000, -1.293, -1.287]
[INFO] [1781251601.069048148] [cartesian_streamer]: IK delta clamped → joints: [1.422, 0.703, 0.502, 0.000, -1.389, -1.294]
[INFO] [1781251601.220323047] [cartesian_streamer]: QueueTrajPoint accepted #380: t=39.420s, hold=False
[INFO] [1781251601.964208309] [cartesian_streamer]: Local IK không hội tụ (fail #1)
[WARN] [1781251602.554477762] [cartesian_streamer]: Local IK failed 10x liên tiếp! Fallback sang MoveIt! IK...
[INFO] [1781251602.554836463] [cartesian_streamer]: IK OK → Δmax=0.0500 rad, joints: [1.421, 0.936, 1.016, 0.000, -1.651, -1.294]
[INFO] [1781251602.988295581] [cartesian_streamer]: QueueTrajPoint accepted #400: t=41.086s, hold=False
[INFO] [1781251603.137862344] [cartesian_streamer]: IK delta clamped → joints: [1.407, 0.825, 0.811, 0.000, -1.514, -1.279]
[INFO] [1781251603.600069875] [cartesian_streamer]: Runtime rate: state=streaming, tick_hz=15.0, queue_send_hz=10.5, ack_hz=10.7, busy_hz=0.0, retry_count=0, reject_count=0, inter_ack_ms=97.5, max_joint_delta=0.074, cumul_time=41.75s, hold_count=0, ik_mode=Local, ik_avg_ms=8.85, ik_fails=179
[INFO] [1781251604.543834772] [cartesian_streamer]: QueueTrajPoint accepted #420: t=42.753s, hold=False
[INFO] [1781251604.602221417] [cartesian_streamer]: IK OK → Δmax=0.0260 rad, joints: [1.311, 0.560, 0.191, 0.000, -1.202, -1.184]
[INFO] [1781251606.469073235] [cartesian_streamer]: QueueTrajPoint accepted #440: t=44.485s, hold=False
[INFO] [1781251606.603092652] [cartesian_streamer]: IK OK → Δmax=0.0141 rad, joints: [1.260, 0.486, -0.040, 0.000, -1.045, -1.133]
[INFO] [1781251606.868172022] [cartesian_streamer]: IK delta clamped → joints: [1.263, 0.530, 0.020, 0.000, -1.076, -1.135]
[INFO] [1781251608.600477868] [cartesian_streamer]: Runtime rate: state=streaming, tick_hz=15.0, queue_send_hz=10.6, ack_hz=10.6, busy_hz=0.0, retry_count=0, reject_count=0, inter_ack_ms=94.4, max_joint_delta=0.070, cumul_time=46.55s, hold_count=0, ik_mode=Local, ik_avg_ms=7.97, ik_fails=179
[INFO] [1781251608.669501188] [cartesian_streamer]: IK OK → Δmax=0.0401 rad, joints: [1.295, 0.655, 0.323, 0.000, -1.239, -1.168]
[INFO] [1781251608.728280778] [cartesian_streamer]: QueueTrajPoint accepted #460: t=46.619s, hold=False
[INFO] [1781251610.669838471] [cartesian_streamer]: IK OK → Δmax=0.0063 rad, joints: [1.325, 0.806, 0.575, 0.000, -1.340, -1.197]
[INFO] [1781251610.675688867] [cartesian_streamer]: QueueTrajPoint accepted #480: t=48.619s, hold=False
[INFO] [1781251612.734346905] [cartesian_streamer]: IK OK → Δmax=0.0000 rad, joints: [1.334, 0.779, 0.489, 0.000, -1.282, -1.206]
[INFO] [1781251613.161645958] [cartesian_streamer]: QueueTrajPoint accepted #500: t=50.750s, hold=False
[INFO] [1781251613.600926768] [cartesian_streamer]: Runtime rate: state=streaming, tick_hz=15.0, queue_send_hz=9.2, ack_hz=9.2, busy_hz=0.0, retry_count=0, reject_count=0, inter_ack_ms=108.3, max_joint_delta=0.045, cumul_time=51.28s, hold_count=0, ik_mode=Local, ik_avg_ms=7.24, ik_fails=179
[INFO] [1781251614.735390935] [cartesian_streamer]: IK OK → Δmax=0.0000 rad, joints: [1.355, 0.739, 0.430, 0.000, -1.263, -1.228]
[INFO] [1781251614.999114061] [cartesian_streamer]: QueueTrajPoint accepted #520: t=52.616s, hold=False
[INFO] [1781251616.735840621] [cartesian_streamer]: IK OK → Δmax=0.0272 rad, joints: [1.390, 0.918, 0.776, 0.000, -1.430, -1.263]
[INFO] [1781251616.900906306] [cartesian_streamer]: QueueTrajPoint accepted #540: t=54.417s, hold=False
[INFO] [1781251618.666636457] [cartesian_streamer]: Runtime rate: state=streaming, tick_hz=15.0, queue_send_hz=10.1, ack_hz=10.1, busy_hz=0.0, retry_count=0, reject_count=0, inter_ack_ms=99.2, max_joint_delta=0.061, cumul_time=56.15s, hold_count=0, ik_mode=Local, ik_avg_ms=6.64, ik_fails=179
[INFO] [1781251618.801883298] [cartesian_streamer]: IK OK → Δmax=0.0059 rad, joints: [1.388, 0.949, 0.836, 0.000, -1.458, -1.261]
[INFO] [1781251619.126817200] [cartesian_streamer]: QueueTrajPoint accepted #560: t=56.548s, hold=False
[WARN] [1781251620.205634070] [cartesian_streamer]: Queue BUSY, sẽ resend (backoff 66ms): msg="Busy processing the previous trajectory point. Please resend the next point shortly"
[INFO] [1781251620.867711010] [cartesian_streamer]: IK OK → Δmax=0.0000 rad, joints: [1.381, 0.929, 0.790, 0.000, -1.433, -1.253]
[WARN] [1781251621.283603344] [cartesian_streamer]: Queue BUSY, sẽ resend (backoff 66ms): msg="Busy processing the previous trajectory point. Please resend the next point shortly"
[INFO] [1781251622.118973241] [cartesian_streamer]: QueueTrajPoint accepted #580: t=58.880s, hold=False
[INFO] [1781251622.867896507] [cartesian_streamer]: IK OK → Δmax=0.0000 rad, joints: [1.381, 0.929, 0.790, 0.000, -1.433, -1.253]
[WARN] [1781251623.673805961] [cartesian_streamer]: Queue BUSY, sẽ resend (backoff 66ms): msg="Busy processing the previous trajectory point. Please resend the next point shortly"
[INFO] [1781251623.734525555] [cartesian_streamer]: Runtime rate: state=streaming, tick_hz=15.0, queue_send_hz=7.3, ack_hz=6.7, busy_hz=0.6, retry_count=3, reject_count=0, inter_ack_ms=148.5, max_joint_delta=0.045, cumul_time=60.21s, hold_count=0, ik_mode=Local, ik_avg_ms=6.10, ik_fails=179
[WARN] [1781251623.734904879] [cartesian_streamer]: Target stream stale: không có target mới trong 4.0s
[INFO] [1781251624.924670238] [cartesian_streamer]: QueueTrajPoint accepted #600: t=61.147s, hold=False
[INFO] [1781251624.934996817] [cartesian_streamer]: IK OK → Δmax=0.0000 rad, joints: [1.382, 0.952, 0.840, 0.000, -1.459, -1.255]
[INFO] [1781251626.947441447] [cartesian_streamer]: QueueTrajPoint accepted #620: t=63.149s, hold=False
[INFO] [1781251627.001247236] [cartesian_streamer]: IK OK → Δmax=0.0000 rad, joints: [1.384, 0.969, 0.889, 0.000, -1.492, -1.257]
[INFO] [1781251628.734231930] [cartesian_streamer]: Runtime rate: state=streaming, tick_hz=15.0, queue_send_hz=9.4, ack_hz=9.2, busy_hz=0.0, retry_count=0, reject_count=0, inter_ack_ms=106.5, max_joint_delta=0.047, cumul_time=64.75s, hold_count=0, ik_mode=Local, ik_avg_ms=5.67, ik_fails=179
[INFO] [1781251629.067238739] [cartesian_streamer]: IK OK → Δmax=0.0285 rad, joints: [1.368, 0.851, 0.630, 0.000, -1.351, -1.241]
[INFO] [1781251629.221302642] [cartesian_streamer]: QueueTrajPoint accepted #640: t=65.214s, hold=False
[INFO] [1781251631.067499368] [cartesian_streamer]: IK OK → Δmax=0.0000 rad, joints: [1.372, 0.886, 0.703, 0.000, -1.389, -1.245]
[INFO] [1781251632.058377011] [cartesian_streamer]: QueueTrajPoint accepted #660: t=67.680s, hold=False
[INFO] [1781251633.133753751] [cartesian_streamer]: IK OK → Δmax=0.0000 rad, joints: [1.372, 0.886, 0.703, 0.000, -1.389, -1.245]
[INFO] [1781251633.800396622] [cartesian_streamer]: Runtime rate: state=streaming, tick_hz=15.0, queue_send_hz=8.1, ack_hz=8.1, busy_hz=0.0, retry_count=0, reject_count=0, inter_ack_ms=124.8, max_joint_delta=0.044, cumul_time=69.48s, hold_count=0, ik_mode=Local, ik_avg_ms=5.28, ik_fails=179
[INFO] [1781251634.116380277] [cartesian_streamer]: QueueTrajPoint accepted #680: t=69.746s, hold=False
[INFO] [1781251635.201079519] [cartesian_streamer]: IK OK → Δmax=0.0000 rad, joints: [1.377, 0.904, 0.747, 0.000, -1.415, -1.249]
[INFO] [1781251636.521911648] [cartesian_streamer]: QueueTrajPoint accepted #700: t=72.012s, hold=False
[INFO] [1781251637.268101460] [cartesian_streamer]: IK OK → Δmax=0.0000 rad, joints: [1.374, 0.917, 0.757, 0.000, -1.412, -1.247]
[WARN] [1781251638.067557944] [cartesian_streamer]: Service call timeout (500ms). Resetting inflight flag.
[INFO] [1781251638.866669052] [cartesian_streamer]: Runtime rate: state=streaming, tick_hz=15.0, queue_send_hz=7.3, ack_hz=7.3, busy_hz=0.0, retry_count=0, reject_count=0, inter_ack_ms=137.8, max_joint_delta=0.008, cumul_time=73.95s, hold_count=0, ik_mode=Local, ik_avg_ms=4.94, ik_fails=179
[WARN] [1781251638.944974423] [cartesian_streamer]: Queue BUSY, sẽ resend (backoff 66ms): msg="Busy processing the previous trajectory point. Please resend the next point shortly"
[INFO] [1781251639.334259848] [cartesian_streamer]: IK OK → Δmax=0.0000 rad, joints: [1.375, 0.901, 0.740, 0.000, -1.411, -1.247]
[INFO] [1781251639.543794592] [cartesian_streamer]: QueueTrajPoint accepted #720: t=74.478s, hold=False
[INFO] [1781251641.334811030] [cartesian_streamer]: IK OK → Δmax=0.0000 rad, joints: [1.375, 0.901, 0.740, 0.000, -1.411, -1.247]
[INFO] [1781251642.085689392] [cartesian_streamer]: QueueTrajPoint accepted #740: t=76.813s, hold=False
[INFO] [1781251643.400917160] [cartesian_streamer]: IK OK → Δmax=0.0000 rad, joints: [1.375, 0.901, 0.740, 0.000, -1.411, -1.247]
[WARN] [1781251643.800305566] [cartesian_streamer]: QueueTrajPoint đã được accept nhưng joint_states hầu như không đổi. Kiểm tra: 1) Robot ở mode AUTO? 2) Servo ON? 3) E-stop cleared?
[INFO] [1781251643.933808444] [cartesian_streamer]: Runtime rate: state=streaming, tick_hz=15.0, queue_send_hz=8.7, ack_hz=8.5, busy_hz=0.2, retry_count=1, reject_count=0, inter_ack_ms=115.9, max_joint_delta=0.000, cumul_time=78.55s, hold_count=0, ik_mode=Local, ik_avg_ms=4.64, ik_fails=179
[WARN] [1781251643.934417621] [cartesian_streamer]: Target stream stale: không có target mới trong 6.6s
[INFO] [1781251644.223663440] [cartesian_streamer]: QueueTrajPoint accepted #760: t=78.879s, hold=False
[INFO] [1781251645.402226564] [cartesian_streamer]: IK OK → Δmax=0.0248 rad, joints: [1.374, 0.882, 0.681, 0.000, -1.371, -1.247]
[INFO] [1781251646.120221283] [cartesian_streamer]: QueueTrajPoint accepted #780: t=80.613s, hold=False
[INFO] [1781251646.323325462] [cartesian_streamer]: Disable Robot: dừng stream, tắt traj mode...
[INFO] [1781251646.325654559] [cartesian_streamer]: ✗ Robot DISABLED.
[INFO] [1781251718.406622656] [cartesian_streamer]: Graceful shutdown: tắt Point Queue Mode trước khi thoát...
[INFO] [1781251718.407157007] [cartesian_streamer]: Robot chưa enable, không cần stop_traj_mode.
[INFO] [1781251718.407669537] [cartesian_streamer]: Shutdown hoàn tất. Tủ điện sẽ KHÔNG bị alarm.
