[INFO] [1779938794.216479152] [experiment_logger]: Logger ready.
[INFO] [1779938821.235448627] [experiment_logger]: Trajectory mode: prediction
[INFO] [1779938832.760113894] [experiment_logger]: Service called: /logger/toggle with data=True
[INFO] [1779938832.760472502] [experiment_logger]: ✓ STARTED in-memory logging. Target file: /home/duy/cocarry_ws/cocarry_logs/experiment_GRU_20260528_102712.csv
[INFO] [1779938891.892856302] [experiment_logger]: Service called: /logger/toggle with data=False
[INFO] [1779938891.893858588] [experiment_logger]: Writing 1700 rows from memory to /home/duy/cocarry_ws/cocarry_logs/experiment_GRU_20260528_102712.csv...
[INFO] [1779938891.903874326] [experiment_logger]: ✓ Successfully wrote logs to disk.
[INFO] [1779938891.904892471] [experiment_logger]: Stopped logging. Saved 1700 rows to /home/duy/cocarry_ws/cocarry_logs/experiment_GRU_20260528_102712.csv
[INFO] [1779938891.920283757] [experiment_logger]: 
============================================================
EXPERIMENT METRICS
  File: experiment_GRU_20260528_102712.csv
  Total samples: 1700
  Task completion time: 59.13 s
  --- Prediction Accuracy (over 1700 samples) ---
  Avg Inference Time: 4.25 ms
  Mean Squared Error (MSE): 0.006989 m²
  Mean Absolute Error (MAE - 3D): 0.0681 m
      MAE X: 0.0392 m
      MAE Y: 0.0433 m
      MAE Z: 0.0110 m
  --- Trajectory Smoothness (Robot EE) ---
  Mean Jerk (3D): 17.8279 m/s³
      Jerk X: 7.5971 m/s³
      Jerk Y: 12.7008 m/s³
      Jerk Z: 4.8093 m/s³
  Max Jerk (3D): 379.9451 m/s³
  RMS Jerk (3D): 33.8924 m/s³
============================================================
