[INFO] [1781087304.108053200] [experiment_logger]: Logger ready.
[INFO] [1781087351.612646527] [experiment_logger]: Service called: /logger/toggle with data=True
[INFO] [1781087351.613577596] [experiment_logger]: ✓ STARTED in-memory logging. Target file: /home/duy/cocarry_ws/cocarry_logs/experiment_GROUND_TRUTH_20260610_172911.csv
[INFO] [1781087367.773070275] [experiment_logger]: Service called: /logger/toggle with data=False
[INFO] [1781087367.774193687] [experiment_logger]: Writing 299 rows from memory to /home/duy/cocarry_ws/cocarry_logs/experiment_GROUND_TRUTH_20260610_172911.csv...
[INFO] [1781087367.778561708] [experiment_logger]: ✓ Successfully wrote logs to disk.
[INFO] [1781087367.779671522] [experiment_logger]: Stopped logging. Saved 299 rows to /home/duy/cocarry_ws/cocarry_logs/experiment_GROUND_TRUTH_20260610_172911.csv
[INFO] [1781087367.785432201] [experiment_logger]: 
============================================================
EXPERIMENT METRICS
  File: experiment_GROUND_TRUTH_20260610_172911.csv
  Total samples: 299
  Task completion time: 16.16 s
  Mode: GROUND TRUTH (no prediction metrics)
  --- Trajectory Smoothness (Robot EE) ---
  Mean Jerk (3D): 3575.2071 m/s³
      Jerk X: 551.5980 m/s³
      Jerk Y: 3328.6553 m/s³
      Jerk Z: 705.4243 m/s³
  Max Jerk (3D): 23077.4557 m/s³
  RMS Jerk (3D): 5852.3612 m/s³
============================================================
