[INFO] [1779683645.689084366] [coord_transform]: CoordTransformNode khởi động.
  Object offset (cam frame): [0.05 0.   0.1 ]
  Translation cam→base:      [0.5 0.  1.2]
  EE orientation (xyzw):     [0.0, 1.0, 0.0, 0.0]
  Prediction step:           5
  Axis remap:                [0, 1, 2]
  Axis sign:                 [-1.0, 1.0, 1.0]
  Workspace X: (-1.0, 1.0), Y: (-0.5, 1.3), Z: (0.05, 1.5)
  Filter outlier_threshold:  0.15m
  Filter median_size_y:      3
  Filter deadband_tol:       25.0mm
  Filter stationary_thresh:  3 frames
  Filter max_rate:           5.0cm/frame
  Filter EMA moving(x,y,z):  (0.75,0.5,0.75)
  Filter EMA hold  (x,y,z):  (0.08,0.02,0.05)
[WARN] [1779683669.054693970] [coord_transform]: Outlier rejected #1 (jumped 159.7mm). Ignoring.
[WARN] [1779683669.092711332] [coord_transform]: Outlier rejected #2 (jumped 158.0mm). Ignoring.
[WARN] [1779683669.150032815] [coord_transform]: Outlier rejected #3 (jumped 169.3mm). Ignoring.
[WARN] [1779683669.181832496] [coord_transform]: Outlier rejected #4 (jumped 166.4mm). Ignoring.
[INFO] [1779683669.213651878] [coord_transform]: Too many outliers (5). Resetting filter to new position.
[WARN] [1779683686.539701260] [coord_transform]: Outlier rejected #1 (jumped 257.8mm). Ignoring.
[WARN] [1779683686.573098690] [coord_transform]: Outlier rejected #2 (jumped 270.5mm). Ignoring.
[WARN] [1779683686.608916572] [coord_transform]: Outlier rejected #3 (jumped 273.4mm). Ignoring.
[WARN] [1779683686.659983507] [coord_transform]: Outlier rejected #4 (jumped 274.3mm). Ignoring.
[INFO] [1779683686.689981220] [coord_transform]: Too many outliers (5). Resetting filter to new position.
[WARN] [1779683687.154402538] [coord_transform]: Outlier rejected #1 (jumped 157.4mm). Ignoring.
[WARN] [1779683692.274237844] [coord_transform]: Outlier rejected #1 (jumped 260.0mm). Ignoring.
[WARN] [1779683692.305883060] [coord_transform]: Outlier rejected #2 (jumped 203.3mm). Ignoring.
[WARN] [1779683692.341109982] [coord_transform]: Outlier rejected #3 (jumped 200.6mm). Ignoring.
[WARN] [1779683692.372598114] [coord_transform]: Outlier rejected #4 (jumped 214.1mm). Ignoring.
[INFO] [1779683692.419903875] [coord_transform]: Too many outliers (5). Resetting filter to new position.
[WARN] [1779683692.456706934] [coord_transform]: Outlier rejected #1 (jumped 153.6mm). Ignoring.
[WARN] [1779683692.495754011] [coord_transform]: Outlier rejected #2 (jumped 275.1mm). Ignoring.
[WARN] [1779683692.529934517] [coord_transform]: Outlier rejected #3 (jumped 310.9mm). Ignoring.
[WARN] [1779683692.562486425] [coord_transform]: Outlier rejected #4 (jumped 291.2mm). Ignoring.
[INFO] [1779683692.593763120] [coord_transform]: Too many outliers (5). Resetting filter to new position.
[WARN] [1779683694.446195236] [coord_transform]: Outlier rejected #1 (jumped 185.2mm). Ignoring.
[WARN] [1779683694.480585371] [coord_transform]: Outlier rejected #2 (jumped 227.9mm). Ignoring.
[WARN] [1779683694.513560301] [coord_transform]: Outlier rejected #3 (jumped 281.6mm). Ignoring.
[WARN] [1779683694.550708518] [coord_transform]: Outlier rejected #4 (jumped 281.0mm). Ignoring.
[INFO] [1779683694.580334849] [coord_transform]: Too many outliers (5). Resetting filter to new position.
[WARN] [1779683701.006563076] [coord_transform]: Outlier rejected #1 (jumped 2278.5mm). Ignoring.
[WARN] [1779683701.046273129] [coord_transform]: Outlier rejected #2 (jumped 2329.9mm). Ignoring.
[WARN] [1779683701.078803889] [coord_transform]: Outlier rejected #3 (jumped 2277.5mm). Ignoring.
[WARN] [1779683701.115483471] [coord_transform]: Outlier rejected #4 (jumped 2295.0mm). Ignoring.
[INFO] [1779683701.155744233] [coord_transform]: Too many outliers (5). Resetting filter to new position.
[WARN] [1779683714.805744707] [coord_transform]: Outlier rejected #1 (jumped 201.4mm). Ignoring.
[INFO] [1779683716.762601255] [coord_transform]: Captured Init Pose! P_init=(-0.164, 0.263, 0.395), Cam_init=(0.097, -0.045, -0.023), Noise_Tol=60.0mm
Orientation=(0.717, 0.696, -0.032, 0.022)
[INFO] [1779683716.776475216] [coord_transform]: Deadband: RELEASE — motion detected
[INFO] [1779683716.912833218] [coord_transform]: Deadband: HOLD at (0.097, -0.045, -0.023)
[INFO] [1779683717.020135629] [coord_transform]: Captured Init Pose! P_init=(-0.164, 0.263, 0.395), Cam_init=(0.098, -0.044, -0.024), Noise_Tol=60.0mm
Orientation=(0.717, 0.696, -0.032, 0.022)
[INFO] [1779683717.278756228] [coord_transform]: Captured Init Pose! P_init=(-0.164, 0.263, 0.395), Cam_init=(0.097, -0.038, -0.023), Noise_Tol=59.1mm
Orientation=(0.717, 0.696, -0.032, 0.022)
[INFO] [1779683734.126714958] [coord_transform]: Re-sync camera init: [ 0.098 -0.051 -0.023]
[INFO] [1779683734.127227700] [coord_transform]: Trạng thái tracking: RUNNING
[INFO] [1779683734.141530129] [coord_transform]: Deadband: RELEASE — motion detected
[INFO] [1779683734.142869746] [coord_transform]: [GROUND_TRUTH] Transform: cam[ 0.098 -0.055 -0.024] → base[-0.164  0.259  0.393]
[INFO] [1779683734.306547945] [coord_transform]: Deadband: HOLD at (0.098, -0.051, -0.023)
[INFO] [1779683736.186352820] [coord_transform]: [GROUND_TRUTH] Transform: cam[ 0.07  -0.022  0.037] → base[-0.136  0.292  0.454]
[INFO] [1779683738.209990609] [coord_transform]: [GROUND_TRUTH] Transform: cam[0.019 0.248 0.199] → base[-0.086  0.562  0.616]
[INFO] [1779683740.219236760] [coord_transform]: [GROUND_TRUTH] Transform: cam[-0.053  0.526  0.249] → base[-0.013  0.84   0.666]
[INFO] [1779683742.246466153] [coord_transform]: [GROUND_TRUTH] Transform: cam[-0.033  0.675  0.101] → base[-0.033  0.989  0.518]
[INFO] [1779683744.264819985] [coord_transform]: [GROUND_TRUTH] Transform: cam[-0.005  0.631 -0.094] → base[-0.061  0.945  0.324]
[INFO] [1779683746.266056658] [coord_transform]: [GROUND_TRUTH] Transform: cam[ 0.     0.619 -0.094] → base[-0.066  0.933  0.323]
[INFO] [1779683748.285066516] [coord_transform]: [GROUND_TRUTH] Transform: cam[-0.013  0.591  0.131] → base[-0.053  0.905  0.548]
[INFO] [1779683750.299533244] [coord_transform]: [GROUND_TRUTH] Transform: cam[0.008 0.444 0.26 ] → base[-0.074  0.758  0.677]
[INFO] [1779683752.333849581] [coord_transform]: [GROUND_TRUTH] Transform: cam[0.024 0.287 0.257] → base[-0.09   0.601  0.674]
[INFO] [1779683753.908648254] [coord_transform]: Trạng thái tracking: STOPPED
[WARN] [1779683804.829104387] [coord_transform]: Outlier rejected #1 (jumped 170.7mm). Ignoring.
[WARN] [1779683804.860583912] [coord_transform]: Outlier rejected #2 (jumped 173.3mm). Ignoring.
[WARN] [1779683804.894737134] [coord_transform]: Outlier rejected #3 (jumped 179.1mm). Ignoring.
[WARN] [1779683804.931440764] [coord_transform]: Outlier rejected #4 (jumped 176.9mm). Ignoring.
[INFO] [1779683804.979376185] [coord_transform]: Too many outliers (5). Resetting filter to new position.
[WARN] [1779683805.641494308] [coord_transform]: Outlier rejected #1 (jumped 174.6mm). Ignoring.
[WARN] [1779683805.682780935] [coord_transform]: Outlier rejected #2 (jumped 196.4mm). Ignoring.
[WARN] [1779683805.739974552] [coord_transform]: Outlier rejected #3 (jumped 219.1mm). Ignoring.
[WARN] [1779683805.785873439] [coord_transform]: Outlier rejected #4 (jumped 252.1mm). Ignoring.
[INFO] [1779683805.831513468] [coord_transform]: Too many outliers (5). Resetting filter to new position.
[INFO] [1779683820.489945322] [coord_transform]: Deadband: HOLD at (0.098, -0.051, -0.023)
[INFO] [1779683820.524731568] [coord_transform]: Deadband: RELEASE — motion detected
[INFO] [1779683837.712775090] [coord_transform]: Re-sync camera init: [ 0.036 -0.034 -0.026]
[INFO] [1779683837.713268565] [coord_transform]: Trạng thái tracking: RUNNING
[INFO] [1779683837.715201497] [coord_transform]: Deadband: RELEASE — motion detected
[INFO] [1779683837.716682789] [coord_transform]: [GROUND_TRUTH] Transform: cam[ 0.038 -0.051 -0.032] → base[-0.166  0.246  0.389]
[INFO] [1779683837.861898284] [coord_transform]: Deadband: HOLD at (0.036, -0.034, -0.026)
[INFO] [1779683839.725632351] [coord_transform]: [GROUND_TRUTH] Transform: cam[0.039 0.047 0.098] → base[-0.167  0.344  0.519]
[INFO] [1779683841.772976990] [coord_transform]: [GROUND_TRUTH] Transform: cam[0.043 0.273 0.254] → base[-0.171  0.57   0.675]
[INFO] [1779683843.777334410] [coord_transform]: [GROUND_TRUTH] Transform: cam[-0.021  0.572  0.296] → base[-0.107  0.869  0.716]
[INFO] [1779683845.790792404] [coord_transform]: [GROUND_TRUTH] Transform: cam[-0.021  0.667  0.1  ] → base[-0.107  0.964  0.521]
[INFO] [1779683847.838033391] [coord_transform]: [GROUND_TRUTH] Transform: cam[ 0.016  0.661 -0.079] → base[-0.144  0.958  0.342]
[INFO] [1779683849.855441857] [coord_transform]: [GROUND_TRUTH] Transform: cam[ 0.051  0.637 -0.105] → base[-0.179  0.934  0.315]
[INFO] [1779683851.859406122] [coord_transform]: [GROUND_TRUTH] Transform: cam[0.073 0.571 0.103] → base[-0.2    0.868  0.524]
[INFO] [1779683853.880263836] [coord_transform]: [GROUND_TRUTH] Transform: cam[0.065 0.443 0.256] → base[-0.193  0.74   0.677]
[INFO] [1779683855.918871477] [coord_transform]: [GROUND_TRUTH] Transform: cam[0.045 0.271 0.285] → base[-0.173  0.568  0.706]
[INFO] [1779683857.919241817] [coord_transform]: [GROUND_TRUTH] Transform: cam[0.048 0.132 0.241] → base[-0.176  0.429  0.662]
[INFO] [1779683858.709414382] [coord_transform]: Trạng thái tracking: STOPPED
