[INFO] [1786331059.819803977] [coord_transform]: CoordTransformNode khởi động.
  Object offset (cam frame): [0.05 0.   0.1 ]
  Translation cam→base:      [0.5 0.  1.2]
  EE orientation (xyzw):     [0.0, 1.0, 0.0, 0.0]
  Prediction step:           5
  Axis remap:                [0, 1, 2]
  Axis sign:                 [-1.0, 1.0, 1.0]
  Workspace X: (-1.0, 1.0), Y: (-0.5, 1.3), Z: (0.05, 1.5)
  Filter outlier_threshold:  0.15m
  Filter median_size_y:      3
  Filter deadband_tol:       15.0mm
  Filter stationary_thresh:  3 frames
  Filter max_rate:           5.0cm/frame
  Filter EMA moving(x,y,z):  (1.0,0.8,1.0)
  Filter EMA hold  (x,y,z):  (0.08,0.02,0.05)
[WARN] [1786331069.155538936] [coord_transform]: Outlier rejected #1 (jumped 322.8mm). Ignoring.
[WARN] [1786331069.188394064] [coord_transform]: Outlier rejected #2 (jumped 333.8mm). Ignoring.
[WARN] [1786331069.221372379] [coord_transform]: Outlier rejected #3 (jumped 337.3mm). Ignoring.
[WARN] [1786331069.261541875] [coord_transform]: Outlier rejected #4 (jumped 328.2mm). Ignoring.
[INFO] [1786331069.322878199] [coord_transform]: Too many outliers (5). Resetting filter to new position.
[WARN] [1786331077.303134451] [coord_transform]: Outlier rejected #1 (jumped 269.2mm). Ignoring.
[WARN] [1786331077.343025781] [coord_transform]: Outlier rejected #2 (jumped 305.3mm). Ignoring.
[WARN] [1786331077.379784076] [coord_transform]: Outlier rejected #3 (jumped 297.7mm). Ignoring.
[WARN] [1786331077.417208705] [coord_transform]: Outlier rejected #4 (jumped 381.1mm). Ignoring.
[INFO] [1786331077.444267132] [coord_transform]: Too many outliers (5). Resetting filter to new position.
[WARN] [1786331079.395333783] [coord_transform]: Outlier rejected #1 (jumped 225.4mm). Ignoring.
[WARN] [1786331079.431576525] [coord_transform]: Outlier rejected #2 (jumped 222.3mm). Ignoring.
[WARN] [1786331079.539440016] [coord_transform]: Outlier rejected #3 (jumped 171.3mm). Ignoring.
[WARN] [1786331081.145181411] [coord_transform]: Outlier rejected #4 (jumped 534.4mm). Ignoring.
[INFO] [1786331081.175234515] [coord_transform]: Too many outliers (5). Resetting filter to new position.
[WARN] [1786331082.757066021] [coord_transform]: Outlier rejected #1 (jumped 2567.4mm). Ignoring.
[WARN] [1786331094.253020307] [coord_transform]: Outlier rejected #1 (jumped 196.4mm). Ignoring.
[WARN] [1786331094.295666355] [coord_transform]: Outlier rejected #2 (jumped 268.8mm). Ignoring.
[WARN] [1786331094.330545669] [coord_transform]: Outlier rejected #3 (jumped 385.6mm). Ignoring.
[WARN] [1786331094.365600656] [coord_transform]: Outlier rejected #4 (jumped 507.7mm). Ignoring.
[INFO] [1786331094.430365120] [coord_transform]: Too many outliers (5). Resetting filter to new position.
[WARN] [1786331094.467358454] [coord_transform]: Outlier rejected #1 (jumped 156.5mm). Ignoring.
[WARN] [1786331095.115788510] [coord_transform]: Outlier rejected #1 (jumped 404.6mm). Ignoring.
[WARN] [1786331095.147373902] [coord_transform]: Outlier rejected #2 (jumped 500.8mm). Ignoring.
[WARN] [1786331095.177659723] [coord_transform]: Outlier rejected #3 (jumped 500.8mm). Ignoring.
[WARN] [1786331095.211117416] [coord_transform]: Outlier rejected #4 (jumped 500.7mm). Ignoring.
[INFO] [1786331095.247738467] [coord_transform]: Too many outliers (5). Resetting filter to new position.
[WARN] [1786331097.000237414] [coord_transform]: Outlier rejected #1 (jumped 651.4mm). Ignoring.
[WARN] [1786331097.035764085] [coord_transform]: Outlier rejected #2 (jumped 653.7mm). Ignoring.
[WARN] [1786331097.068155636] [coord_transform]: Outlier rejected #3 (jumped 664.7mm). Ignoring.
[WARN] [1786331097.103694764] [coord_transform]: Outlier rejected #4 (jumped 666.9mm). Ignoring.
[INFO] [1786331097.141330616] [coord_transform]: Too many outliers (5). Resetting filter to new position.
[WARN] [1786331097.180825798] [coord_transform]: Outlier rejected #1 (jumped 201.6mm). Ignoring.
[WARN] [1786331097.213111140] [coord_transform]: Outlier rejected #2 (jumped 303.9mm). Ignoring.
[WARN] [1786331097.250189087] [coord_transform]: Outlier rejected #3 (jumped 203.1mm). Ignoring.
[WARN] [1786331097.279709347] [coord_transform]: Outlier rejected #4 (jumped 239.6mm). Ignoring.
[INFO] [1786331097.315934608] [coord_transform]: Too many outliers (5). Resetting filter to new position.
[WARN] [1786331098.081141855] [coord_transform]: Outlier rejected #1 (jumped 492.1mm). Ignoring.
[WARN] [1786331098.566313076] [coord_transform]: Outlier rejected #1 (jumped 398.6mm). Ignoring.
[WARN] [1786331098.745780846] [coord_transform]: Outlier rejected #1 (jumped 2027.0mm). Ignoring.
[WARN] [1786331114.135075724] [coord_transform]: Outlier rejected #1 (jumped 186.0mm). Ignoring.
[WARN] [1786331129.757322986] [coord_transform]: Outlier rejected #1 (jumped 255.5mm). Ignoring.
[WARN] [1786331129.787902355] [coord_transform]: Outlier rejected #2 (jumped 249.2mm). Ignoring.
[WARN] [1786331129.820001648] [coord_transform]: Outlier rejected #3 (jumped 172.2mm). Ignoring.
[WARN] [1786331190.322334934] [coord_transform]: Outlier rejected #1 (jumped 1135.4mm). Ignoring.
[WARN] [1786331190.355209035] [coord_transform]: Outlier rejected #2 (jumped 1142.0mm). Ignoring.
[WARN] [1786331190.384593484] [coord_transform]: Outlier rejected #3 (jumped 1142.0mm). Ignoring.
[WARN] [1786331190.424495113] [coord_transform]: Outlier rejected #4 (jumped 1144.5mm). Ignoring.
[INFO] [1786331190.456901506] [coord_transform]: Too many outliers (5). Resetting filter to new position.
[INFO] [1786331195.452455041] [coord_transform]: Captured Init Pose! P_init=(-0.162, 0.280, 0.379), Cam_init=(-0.003, 0.005, 0.004), Noise_Tol=21.1mm
Orientation=(0.998, 0.064, -0.000, 0.000)
[INFO] [1786331202.111786321] [coord_transform]: Đã chuyển mode: ground_truth -> ergonomics
[INFO] [1786331202.272676859] [coord_transform]: Deadband: HOLD at (-0.003, 0.005, 0.004)
[INFO] [1786331202.274340141] [coord_transform]: [SNAP ON] Tay thực tế đứng yên. Ép dừng robot (GRU đang lệch 0.0cm).
[INFO] [1786331210.556864423] [coord_transform]: Re-sync camera init: [0.001 0.006 0.015]
[INFO] [1786331210.557513579] [coord_transform]: Trạng thái tracking: RUNNING
[INFO] [1786331210.564100731] [coord_transform]: [ERGONOMICS] Transform: cam[0.001 0.006 0.015] → base[-0.162  0.28   0.379]
[INFO] [1786331211.276707356] [coord_transform]: Deadband: RELEASE — motion detected
[INFO] [1786331211.403846580] [coord_transform]: [SNAP OFF] Tay di chuyển lại. Trả quyền cho GRU.
[INFO] [1786331212.581785888] [coord_transform]: [ERGONOMICS] Transform: cam[0.044 0.183 0.104] → base[-0.205  0.457  0.467]
[INFO] [1786331214.602173796] [coord_transform]: [ERGONOMICS] Transform: cam[0.043 0.276 0.159] → base[-0.203  0.55   0.522]
[INFO] [1786331216.624409633] [coord_transform]: [ERGONOMICS] Transform: cam[0.067 0.507 0.245] → base[-0.228  0.781  0.608]
[INFO] [1786331218.656101086] [coord_transform]: [ERGONOMICS] Transform: cam[0.091 0.628 0.204] → base[-0.252  0.902  0.568]
[INFO] [1786331220.678723806] [coord_transform]: [ERGONOMICS] Transform: cam[0.199 0.477 0.268] → base[-0.36   0.751  0.632]
[INFO] [1786331222.717021988] [coord_transform]: [ERGONOMICS] Transform: cam[0.057 0.293 0.345] → base[-0.217  0.567  0.708]
[INFO] [1786331224.735521436] [coord_transform]: [ERGONOMICS] Transform: cam[-0.208  0.196  0.291] → base[0.047 0.47  0.654]
[INFO] [1786331226.760121850] [coord_transform]: [ERGONOMICS] Transform: cam[0.239 0.327 0.247] → base[-0.399  0.601  0.61 ]
[INFO] [1786331228.779662633] [coord_transform]: [ERGONOMICS] Transform: cam[0.062 0.159 0.255] → base[-0.222  0.433  0.618]
[INFO] [1786331230.789942507] [coord_transform]: [ERGONOMICS] Transform: cam[0.033 0.139 0.064] → base[-0.193  0.413  0.427]
[INFO] [1786331232.795585957] [coord_transform]: [ERGONOMICS] Transform: cam[0.106 0.154 0.081] → base[-0.266  0.428  0.445]
[INFO] [1786331234.814270188] [coord_transform]: [ERGONOMICS] Transform: cam[0.074 0.142 0.087] → base[-0.235  0.416  0.45 ]
[INFO] [1786331236.817685831] [coord_transform]: [ERGONOMICS] Transform: cam[0.074 0.144 0.086] → base[-0.234  0.418  0.449]
[INFO] [1786331238.848823739] [coord_transform]: [ERGONOMICS] Transform: cam[0.076 0.146 0.088] → base[-0.236  0.42   0.451]
[INFO] [1786331240.868824733] [coord_transform]: [ERGONOMICS] Transform: cam[0.119 0.491 0.313] → base[-0.28   0.765  0.677]
[INFO] [1786331242.881851678] [coord_transform]: [ERGONOMICS] Transform: cam[0.123 0.523 0.311] → base[-0.283  0.797  0.674]
[INFO] [1786331244.906305396] [coord_transform]: [ERGONOMICS] Transform: cam[0.065 0.355 0.37 ] → base[-0.226  0.629  0.733]
[WARN] [1786331246.321672363] [coord_transform]: Outlier rejected #1 (jumped 283.6mm). Ignoring.
[WARN] [1786331246.521563550] [coord_transform]: Outlier rejected #2 (jumped 307.7mm). Ignoring.
[WARN] [1786331246.557806925] [coord_transform]: Outlier rejected #3 (jumped 289.5mm). Ignoring.
[WARN] [1786331246.592315074] [coord_transform]: Outlier rejected #4 (jumped 262.4mm). Ignoring.
[INFO] [1786331246.929832631] [coord_transform]: [ERGONOMICS] Transform: cam[0.06  0.134 0.226] → base[-0.22   0.408  0.589]
[INFO] [1786331248.952063427] [coord_transform]: [ERGONOMICS] Transform: cam[-0.019  0.034  0.002] → base[-0.141  0.308  0.365]
[INFO] [1786331250.964302328] [coord_transform]: [ERGONOMICS] Transform: cam[-0.019  0.034  0.002] → base[-0.141  0.308  0.365]
[INFO] [1786331252.979106923] [coord_transform]: [ERGONOMICS] Transform: cam[0.064 0.144 0.122] → base[-0.224  0.418  0.485]
[INFO] [1786331255.000445840] [coord_transform]: [ERGONOMICS] Transform: cam[0.242 0.39  0.29 ] → base[-0.402  0.664  0.653]
[INFO] [1786331257.016376232] [coord_transform]: [ERGONOMICS] Transform: cam[0.234 0.38  0.29 ] → base[-0.394  0.654  0.653]
[INFO] [1786331259.039219368] [coord_transform]: [ERGONOMICS] Transform: cam[0.234 0.38  0.29 ] → base[-0.394  0.654  0.653]
[INFO] [1786331261.061900525] [coord_transform]: [ERGONOMICS] Transform: cam[0.234 0.38  0.29 ] → base[-0.394  0.654  0.653]
[INFO] [1786331263.089828982] [coord_transform]: [ERGONOMICS] Transform: cam[0.034 0.375 0.364] → base[-0.195  0.649  0.727]
[INFO] [1786331265.107591310] [coord_transform]: [ERGONOMICS] Transform: cam[-0.027  0.416  0.34 ] → base[-0.133  0.69   0.703]
[INFO] [1786331267.111337946] [coord_transform]: [ERGONOMICS] Transform: cam[-0.027  0.416  0.34 ] → base[-0.133  0.69   0.703]
[INFO] [1786331269.114827833] [coord_transform]: [ERGONOMICS] Transform: cam[0.064 0.111 0.101] → base[-0.224  0.385  0.464]
[INFO] [1786331271.124768369] [coord_transform]: [ERGONOMICS] Transform: cam[0.04  0.136 0.076] → base[-0.201  0.41   0.439]
[INFO] [1786331273.142713747] [coord_transform]: [ERGONOMICS] Transform: cam[0.04  0.136 0.076] → base[-0.201  0.41   0.439]
[INFO] [1786331275.157307262] [coord_transform]: [ERGONOMICS] Transform: cam[0.082 0.156 0.093] → base[-0.243  0.43   0.456]
[INFO] [1786331276.042897887] [coord_transform]: Trạng thái tracking: STOPPED
[WARN] [1786331277.907808461] [coord_transform]: Outlier rejected #1 (jumped 298.9mm). Ignoring.
[WARN] [1786331277.941840287] [coord_transform]: Outlier rejected #2 (jumped 237.8mm). Ignoring.
[WARN] [1786331278.005917461] [coord_transform]: Outlier rejected #1 (jumped 158.1mm). Ignoring.
[WARN] [1786331278.041115859] [coord_transform]: Outlier rejected #2 (jumped 199.1mm). Ignoring.
[WARN] [1786331278.072587860] [coord_transform]: Outlier rejected #3 (jumped 222.9mm). Ignoring.
[WARN] [1786331278.208978042] [coord_transform]: Outlier rejected #4 (jumped 260.8mm). Ignoring.
[INFO] [1786331278.253003464] [coord_transform]: Too many outliers (5). Resetting filter to new position.
[WARN] [1786331278.312899642] [coord_transform]: Outlier rejected #1 (jumped 214.3mm). Ignoring.
[WARN] [1786331278.343865356] [coord_transform]: Outlier rejected #2 (jumped 294.8mm). Ignoring.
[WARN] [1786331278.379686860] [coord_transform]: Outlier rejected #3 (jumped 232.8mm). Ignoring.
[WARN] [1786331279.900754647] [coord_transform]: Outlier rejected #4 (jumped 828.1mm). Ignoring.
[INFO] [1786331279.988979586] [coord_transform]: Too many outliers (5). Resetting filter to new position.
[WARN] [1786331280.875931370] [coord_transform]: Outlier rejected #1 (jumped 210.1mm). Ignoring.
[WARN] [1786331280.911647573] [coord_transform]: Outlier rejected #2 (jumped 224.8mm). Ignoring.
[WARN] [1786331280.945352379] [coord_transform]: Outlier rejected #3 (jumped 247.2mm). Ignoring.
[WARN] [1786331280.982838722] [coord_transform]: Outlier rejected #4 (jumped 239.7mm). Ignoring.
[INFO] [1786331281.016768200] [coord_transform]: Too many outliers (5). Resetting filter to new position.
[WARN] [1786331282.019174545] [coord_transform]: Outlier rejected #1 (jumped 639.2mm). Ignoring.
[WARN] [1786331282.061635608] [coord_transform]: Outlier rejected #2 (jumped 639.2mm). Ignoring.
[WARN] [1786331282.101510058] [coord_transform]: Outlier rejected #3 (jumped 639.2mm). Ignoring.
[WARN] [1786331282.145557524] [coord_transform]: Outlier rejected #4 (jumped 639.2mm). Ignoring.
[INFO] [1786331282.192301566] [coord_transform]: Too many outliers (5). Resetting filter to new position.
[WARN] [1786331296.928819061] [coord_transform]: Outlier rejected #1 (jumped 166.9mm). Ignoring.
[WARN] [1786331296.958161068] [coord_transform]: Outlier rejected #2 (jumped 160.4mm). Ignoring.
[WARN] [1786331386.161927703] [coord_transform]: Outlier rejected #1 (jumped 238.8mm). Ignoring.
[WARN] [1786331387.056598949] [coord_transform]: Outlier rejected #2 (jumped 263.7mm). Ignoring.
[WARN] [1786331387.204057943] [coord_transform]: Outlier rejected #1 (jumped 152.5mm). Ignoring.
[WARN] [1786331387.363914307] [coord_transform]: Outlier rejected #1 (jumped 186.1mm). Ignoring.
[WARN] [1786331387.636198552] [coord_transform]: Outlier rejected #1 (jumped 165.2mm). Ignoring.
[WARN] [1786331387.835852947] [coord_transform]: Outlier rejected #1 (jumped 170.8mm). Ignoring.
[WARN] [1786331387.866280864] [coord_transform]: Outlier rejected #2 (jumped 171.1mm). Ignoring.
[WARN] [1786331387.894727111] [coord_transform]: Outlier rejected #3 (jumped 171.4mm). Ignoring.
[WARN] [1786331388.089799208] [coord_transform]: Outlier rejected #1 (jumped 262.8mm). Ignoring.
[WARN] [1786331388.123770816] [coord_transform]: Outlier rejected #2 (jumped 293.0mm). Ignoring.
[WARN] [1786331388.337489042] [coord_transform]: Outlier rejected #1 (jumped 259.4mm). Ignoring.
[WARN] [1786331388.365514166] [coord_transform]: Outlier rejected #2 (jumped 320.4mm). Ignoring.
[WARN] [1786331388.412995913] [coord_transform]: Outlier rejected #3 (jumped 304.5mm). Ignoring.
[WARN] [1786331388.441890641] [coord_transform]: Outlier rejected #4 (jumped 285.9mm). Ignoring.
[INFO] [1786331388.477543863] [coord_transform]: Too many outliers (5). Resetting filter to new position.
[WARN] [1786331388.509777055] [coord_transform]: Outlier rejected #1 (jumped 888.4mm). Ignoring.
[WARN] [1786331388.539223262] [coord_transform]: Outlier rejected #2 (jumped 1022.2mm). Ignoring.
[WARN] [1786331419.109110535] [coord_transform]: Outlier rejected #1 (jumped 228.8mm). Ignoring.
[WARN] [1786331419.154126487] [coord_transform]: Outlier rejected #2 (jumped 258.2mm). Ignoring.
[WARN] [1786331419.183375961] [coord_transform]: Outlier rejected #3 (jumped 285.1mm). Ignoring.
[WARN] [1786331419.215061577] [coord_transform]: Outlier rejected #4 (jumped 308.6mm). Ignoring.
[INFO] [1786331419.246733058] [coord_transform]: Too many outliers (5). Resetting filter to new position.
[WARN] [1786331429.471076146] [coord_transform]: Outlier rejected #1 (jumped 399.0mm). Ignoring.
[WARN] [1786331430.831052142] [coord_transform]: Outlier rejected #1 (jumped 516.4mm). Ignoring.
[WARN] [1786331430.866886798] [coord_transform]: Outlier rejected #2 (jumped 517.7mm). Ignoring.
[WARN] [1786331430.901339544] [coord_transform]: Outlier rejected #3 (jumped 583.2mm). Ignoring.
[WARN] [1786331431.993003288] [coord_transform]: Outlier rejected #1 (jumped 296.8mm). Ignoring.
[WARN] [1786331432.026910621] [coord_transform]: Outlier rejected #2 (jumped 296.8mm). Ignoring.
[WARN] [1786331432.058250604] [coord_transform]: Outlier rejected #3 (jumped 296.8mm). Ignoring.
[WARN] [1786331432.090395547] [coord_transform]: Outlier rejected #4 (jumped 296.8mm). Ignoring.
[INFO] [1786331432.124456905] [coord_transform]: Too many outliers (5). Resetting filter to new position.
[WARN] [1786331465.965111698] [coord_transform]: Outlier rejected #1 (jumped 611.1mm). Ignoring.
[WARN] [1786331482.795527151] [coord_transform]: Outlier rejected #1 (jumped 639.5mm). Ignoring.
[WARN] [1786331482.828981085] [coord_transform]: Outlier rejected #2 (jumped 657.3mm). Ignoring.
[WARN] [1786331482.867861415] [coord_transform]: Outlier rejected #3 (jumped 650.2mm). Ignoring.
[WARN] [1786331482.904281985] [coord_transform]: Outlier rejected #4 (jumped 650.2mm). Ignoring.
[WARN] [1786331565.488469686] [coord_transform]: Outlier rejected #1 (jumped 613.7mm). Ignoring.
[WARN] [1786331565.520598393] [coord_transform]: Outlier rejected #2 (jumped 624.7mm). Ignoring.
[WARN] [1786331565.550754392] [coord_transform]: Outlier rejected #3 (jumped 624.7mm). Ignoring.
[WARN] [1786331565.585628145] [coord_transform]: Outlier rejected #4 (jumped 612.8mm). Ignoring.
[INFO] [1786331565.618946414] [coord_transform]: Too many outliers (5). Resetting filter to new position.
[WARN] [1786331565.651817165] [coord_transform]: Outlier rejected #1 (jumped 178.2mm). Ignoring.
[WARN] [1786331565.686466424] [coord_transform]: Outlier rejected #2 (jumped 181.9mm). Ignoring.
[WARN] [1786331565.718451212] [coord_transform]: Outlier rejected #3 (jumped 187.5mm). Ignoring.
[WARN] [1786331565.752312889] [coord_transform]: Outlier rejected #4 (jumped 193.2mm). Ignoring.
[INFO] [1786331565.785688386] [coord_transform]: Too many outliers (5). Resetting filter to new position.
[WARN] [1786331571.128423568] [coord_transform]: Outlier rejected #1 (jumped 637.1mm). Ignoring.
[WARN] [1786331571.167667699] [coord_transform]: Outlier rejected #2 (jumped 639.1mm). Ignoring.
[WARN] [1786331571.201532152] [coord_transform]: Outlier rejected #3 (jumped 636.3mm). Ignoring.
[WARN] [1786331571.232033556] [coord_transform]: Outlier rejected #4 (jumped 640.3mm). Ignoring.
[INFO] [1786331571.267584216] [coord_transform]: Too many outliers (5). Resetting filter to new position.
[WARN] [1786331571.301635046] [coord_transform]: Outlier rejected #1 (jumped 624.9mm). Ignoring.
[WARN] [1786331571.332458829] [coord_transform]: Outlier rejected #2 (jumped 621.4mm). Ignoring.
[WARN] [1786331571.364358164] [coord_transform]: Outlier rejected #3 (jumped 624.8mm). Ignoring.
[WARN] [1786331571.404315179] [coord_transform]: Outlier rejected #4 (jumped 626.3mm). Ignoring.
[INFO] [1786331571.433607462] [coord_transform]: Too many outliers (5). Resetting filter to new position.
[WARN] [1786331577.760493377] [coord_transform]: Outlier rejected #1 (jumped 193.9mm). Ignoring.
[WARN] [1786331577.790935295] [coord_transform]: Outlier rejected #2 (jumped 193.9mm). Ignoring.
[WARN] [1786331577.825018351] [coord_transform]: Outlier rejected #3 (jumped 193.9mm). Ignoring.
[WARN] [1786331577.861067658] [coord_transform]: Outlier rejected #4 (jumped 193.9mm). Ignoring.
[INFO] [1786331577.896706542] [coord_transform]: Too many outliers (5). Resetting filter to new position.
[WARN] [1786331580.234446975] [coord_transform]: Outlier rejected #1 (jumped 314.3mm). Ignoring.
[WARN] [1786331580.266153897] [coord_transform]: Outlier rejected #2 (jumped 314.3mm). Ignoring.
[WARN] [1786331580.295669139] [coord_transform]: Outlier rejected #3 (jumped 314.3mm). Ignoring.
[WARN] [1786331580.326287476] [coord_transform]: Outlier rejected #4 (jumped 314.3mm). Ignoring.
[INFO] [1786331580.360306667] [coord_transform]: Too many outliers (5). Resetting filter to new position.
[WARN] [1786331581.768130485] [coord_transform]: Outlier rejected #1 (jumped 273.5mm). Ignoring.
[WARN] [1786331581.797623338] [coord_transform]: Outlier rejected #2 (jumped 273.5mm). Ignoring.
[WARN] [1786331581.832318070] [coord_transform]: Outlier rejected #3 (jumped 273.5mm). Ignoring.
[WARN] [1786331581.866625583] [coord_transform]: Outlier rejected #4 (jumped 273.5mm). Ignoring.
[INFO] [1786331581.902638797] [coord_transform]: Too many outliers (5). Resetting filter to new position.
