[INFO] [1786332209.975688497] [coord_transform]: CoordTransformNode khởi động.
  Object offset (cam frame): [0.05 0.   0.1 ]
  Translation cam→base:      [0.5 0.  1.2]
  EE orientation (xyzw):     [0.0, 1.0, 0.0, 0.0]
  Prediction step:           5
  Axis remap:                [0, 1, 2]
  Axis sign:                 [-1.0, 1.0, 1.0]
  Workspace X: (-1.0, 1.0), Y: (-0.5, 1.3), Z: (0.05, 1.5)
  Filter outlier_threshold:  0.15m
  Filter median_size_y:      3
  Filter deadband_tol:       15.0mm
  Filter stationary_thresh:  3 frames
  Filter max_rate:           5.0cm/frame
  Filter EMA moving(x,y,z):  (1.0,0.8,1.0)
  Filter EMA hold  (x,y,z):  (0.08,0.02,0.05)
[WARN] [1786332221.713926993] [coord_transform]: Outlier rejected #1 (jumped 161.4mm). Ignoring.
[WARN] [1786332221.744317477] [coord_transform]: Outlier rejected #2 (jumped 204.6mm). Ignoring.
[WARN] [1786332221.778403522] [coord_transform]: Outlier rejected #3 (jumped 281.4mm). Ignoring.
[WARN] [1786332222.051385142] [coord_transform]: Outlier rejected #4 (jumped 250.6mm). Ignoring.
[INFO] [1786332222.095338225] [coord_transform]: Too many outliers (5). Resetting filter to new position.
[WARN] [1786332222.758258669] [coord_transform]: Outlier rejected #1 (jumped 404.0mm). Ignoring.
[WARN] [1786332222.787583952] [coord_transform]: Outlier rejected #2 (jumped 400.0mm). Ignoring.
[WARN] [1786332222.822060709] [coord_transform]: Outlier rejected #3 (jumped 401.0mm). Ignoring.
[WARN] [1786332222.867347889] [coord_transform]: Outlier rejected #4 (jumped 399.4mm). Ignoring.
[INFO] [1786332222.896833373] [coord_transform]: Too many outliers (5). Resetting filter to new position.
[WARN] [1786332266.394784917] [coord_transform]: Outlier rejected #1 (jumped 152.1mm). Ignoring.
[WARN] [1786332267.223588006] [coord_transform]: Outlier rejected #1 (jumped 193.2mm). Ignoring.
[WARN] [1786332268.160175370] [coord_transform]: Outlier rejected #2 (jumped 285.7mm). Ignoring.
[WARN] [1786332268.193162825] [coord_transform]: Outlier rejected #3 (jumped 288.6mm). Ignoring.
[WARN] [1786332268.233302297] [coord_transform]: Outlier rejected #4 (jumped 288.0mm). Ignoring.
[INFO] [1786332268.269708726] [coord_transform]: Too many outliers (5). Resetting filter to new position.
[WARN] [1786332315.018441435] [coord_transform]: Outlier rejected #1 (jumped 443.3mm). Ignoring.
[WARN] [1786332315.062243644] [coord_transform]: Outlier rejected #2 (jumped 268.2mm). Ignoring.
[WARN] [1786332315.107852518] [coord_transform]: Outlier rejected #3 (jumped 255.1mm). Ignoring.
[WARN] [1786332315.150983253] [coord_transform]: Outlier rejected #4 (jumped 252.5mm). Ignoring.
[INFO] [1786332315.186837852] [coord_transform]: Too many outliers (5). Resetting filter to new position.
[WARN] [1786332315.220299036] [coord_transform]: Outlier rejected #1 (jumped 286.6mm). Ignoring.
[WARN] [1786332315.257626334] [coord_transform]: Outlier rejected #2 (jumped 298.6mm). Ignoring.
[WARN] [1786332315.287650851] [coord_transform]: Outlier rejected #3 (jumped 202.0mm). Ignoring.
[WARN] [1786332315.477296320] [coord_transform]: Outlier rejected #4 (jumped 295.4mm). Ignoring.
[INFO] [1786332315.511648540] [coord_transform]: Too many outliers (5). Resetting filter to new position.
[WARN] [1786332315.578173378] [coord_transform]: Outlier rejected #1 (jumped 268.8mm). Ignoring.
[WARN] [1786332315.614730588] [coord_transform]: Outlier rejected #2 (jumped 233.9mm). Ignoring.
[WARN] [1786332315.669274202] [coord_transform]: Outlier rejected #3 (jumped 190.5mm). Ignoring.
[WARN] [1786332315.711298690] [coord_transform]: Outlier rejected #4 (jumped 180.3mm). Ignoring.
[INFO] [1786332315.745382838] [coord_transform]: Too many outliers (5). Resetting filter to new position.
[WARN] [1786332317.249632431] [coord_transform]: Outlier rejected #1 (jumped 159.4mm). Ignoring.
[WARN] [1786332317.286925920] [coord_transform]: Outlier rejected #2 (jumped 175.4mm). Ignoring.
[WARN] [1786332317.327692672] [coord_transform]: Outlier rejected #3 (jumped 194.1mm). Ignoring.
[WARN] [1786332317.363448447] [coord_transform]: Outlier rejected #4 (jumped 222.3mm). Ignoring.
[INFO] [1786332317.411771814] [coord_transform]: Too many outliers (5). Resetting filter to new position.
