[INFO] [1779683645.742274598] [cartesian_streamer]: CartesianStreamer khởi động (chờ Enable Robot từ UI).
  Stream rate:       15 Hz (period=66.7ms)
  Queue dt:          0.067 s
  Prebuffer points:  3
  Retry backoff:     66.0 ms
  Gửi PoseStamped lên: /cartesian_streamer/target_pose
  Gửi XYZ lên:        /cartesian_streamer/target_xyz
  Nhận EE pose tại:   /cartesian_streamer/current_pose
[INFO] [1779683646.184495539] [cartesian_streamer]: Chờ /joint_states...
[INFO] [1779683646.609273977] [cartesian_streamer]: Nhận joint_states: ['1.380', '-0.069', '-0.610', '-0.001', '-1.107', '0.162']
[INFO] [1779683646.688165851] [cartesian_streamer]: Đã nhận joint_states. EE hiện tại: (-0.0888, 0.3946, 0.5863). Chờ Enable Robot từ UI...
[INFO] [1779683721.130206071] [cartesian_streamer]: Enable Robot: bắt đầu chuỗi khởi động...
[INFO] [1779683721.130854704] [cartesian_streamer]: Enable: reset_error...
[INFO] [1779683721.163315003] [cartesian_streamer]: reset_error: code=1, msg="success"
[INFO] [1779683721.164350240] [cartesian_streamer]: Enable: stop_traj_mode (giải phóng mode cũ)...
[INFO] [1779683721.210251144] [cartesian_streamer]: stop_traj_mode: success=True, code=N/A, msg=""
[INFO] [1779683721.210869337] [cartesian_streamer]: Enable: chờ 1.5s để hệ thống ổn định trước khi start queue...
[INFO] [1779683722.712150383] [cartesian_streamer]: Enable: StartPointQueueMode...
[INFO] [1779683724.271831922] [cartesian_streamer]: StartPointQueueMode response: code=1, msg=""
[INFO] [1779683724.272437111] [cartesian_streamer]: ✓ Robot ENABLED — Point Queue Mode active. Servo ON!
[INFO] [1779683724.283749306] [cartesian_streamer]: Runtime rate: state=seeding, tick_hz=0.0, queue_send_hz=0.0, ack_hz=0.0, busy_hz=0.0, retry_count=0, reject_count=0, inter_ack_ms=0.0, max_joint_delta=0.000, cumul_time=0.00s, hold_count=0
[INFO] [1779683724.286713872] [cartesian_streamer]: Bootstrap EE pose via FK: (-0.1638, 0.2630, 0.3947)
[INFO] [1779683724.287309080] [cartesian_streamer]: Đang stream qua service: /queue_traj_point
[INFO] [1779683724.288150715] [cartesian_streamer]: Đã gửi seed point (current joints, t=0), chờ ACK...
[INFO] [1779683724.327842082] [cartesian_streamer]: Seed ACK nhận được, bắt đầu prebuffer.
[INFO] [1779683724.328468254] [cartesian_streamer]: Queue accepted sample#1: svc=/queue_traj_point, t_cumul=0.0000s, code=1, msg="", hold=False
[INFO] [1779683724.356523526] [cartesian_streamer]: Queue accepted sample#2: svc=/queue_traj_point, t_cumul=0.0627s, code=1, msg="", hold=True
[INFO] [1779683724.645875777] [cartesian_streamer]: Queue accepted sample#3: svc=/queue_traj_point, t_cumul=0.1293s, code=1, msg="", hold=True
[INFO] [1779683724.703770891] [cartesian_streamer]: Pre-buffer hoàn tất (3 points), bắt đầu stream ổn định. Đang chờ target...
[INFO] [1779683724.704488506] [cartesian_streamer]: Queue accepted sample#4: svc=/queue_traj_point, t_cumul=0.3293s, code=1, msg="", hold=True
[INFO] [1779683724.771685325] [cartesian_streamer]: Queue accepted sample#5: svc=/queue_traj_point, t_cumul=0.3948s, code=1, msg="", hold=True
[INFO] [1779683726.209416382] [cartesian_streamer]: QueueTrajPoint accepted #20: t=1.728s, hold=True
[INFO] [1779683728.627091551] [cartesian_streamer]: QueueTrajPoint accepted #40: t=4.061s, hold=True
[INFO] [1779683729.284109727] [cartesian_streamer]: Runtime rate: state=streaming, tick_hz=15.0, queue_send_hz=9.2, ack_hz=9.2, busy_hz=0.0, retry_count=0, reject_count=0, inter_ack_ms=108.7, max_joint_delta=0.000, cumul_time=4.66s, hold_count=45
[INFO] [1779683730.666502297] [cartesian_streamer]: QueueTrajPoint accepted #60: t=5.927s, hold=True
[INFO] [1779683733.157890450] [cartesian_streamer]: QueueTrajPoint accepted #80: t=8.060s, hold=True
[INFO] [1779683734.218531697] [cartesian_streamer]: IK OK → Δmax=0.0090 rad, joints: [1.573, 0.074, -1.058, -0.031, -0.515, -0.004]
[WARN] [1779683734.284116229] [cartesian_streamer]: QueueTrajPoint đã được accept nhưng joint_states hầu như không đổi. Kiểm tra: 1) Robot ở mode AUTO? 2) Servo ON? 3) E-stop cleared?
[INFO] [1779683734.350072981] [cartesian_streamer]: Runtime rate: state=streaming, tick_hz=15.0, queue_send_hz=8.7, ack_hz=8.7, busy_hz=0.0, retry_count=0, reject_count=0, inter_ack_ms=116.5, max_joint_delta=0.013, cumul_time=9.19s, hold_count=0
[INFO] [1779683735.223348678] [cartesian_streamer]: QueueTrajPoint accepted #100: t=10.190s, hold=False
[INFO] [1779683736.219887580] [cartesian_streamer]: IK OK → Δmax=0.0280 rad, joints: [1.534, 0.041, -1.017, -0.022, -0.589, 0.027]
[INFO] [1779683736.906298137] [cartesian_streamer]: QueueTrajPoint accepted #120: t=11.857s, hold=False
[INFO] [1779683738.286663443] [cartesian_streamer]: IK OK → Δmax=0.0182 rad, joints: [1.461, 0.107, -0.427, -0.008, -1.113, 0.085]
[INFO] [1779683738.358872443] [cartesian_streamer]: QueueTrajPoint accepted #140: t=13.327s, hold=False
[INFO] [1779683739.422425181] [cartesian_streamer]: Runtime rate: state=streaming, tick_hz=15.0, queue_send_hz=12.8, ack_hz=12.8, busy_hz=0.0, retry_count=0, reject_count=0, inter_ack_ms=77.2, max_joint_delta=0.066, cumul_time=14.32s, hold_count=0
[INFO] [1779683739.806660893] [cartesian_streamer]: QueueTrajPoint accepted #160: t=14.658s, hold=False
[INFO] [1779683739.953674853] [cartesian_streamer]: IK delta clamped → joints: [1.385, 0.363, 0.050, -0.001, -1.355, 0.157]
[INFO] [1779683740.351009563] [cartesian_streamer]: IK OK → Δmax=0.0241 rad, joints: [1.388, 0.445, 0.211, -0.001, -1.415, 0.154]
[INFO] [1779683741.244101957] [cartesian_streamer]: QueueTrajPoint accepted #180: t=16.191s, hold=False
[INFO] [1779683742.351453902] [cartesian_streamer]: IK OK → Δmax=0.0159 rad, joints: [1.437, 0.795, 0.572, -0.005, -1.425, 0.106]
[INFO] [1779683742.569430116] [cartesian_streamer]: QueueTrajPoint accepted #200: t=17.526s, hold=False
[INFO] [1779683744.101616243] [cartesian_streamer]: QueueTrajPoint accepted #220: t=19.058s, hold=False
[INFO] [1779683744.351689838] [cartesian_streamer]: IK OK → Δmax=0.0043 rad, joints: [1.463, 0.857, 0.257, -0.008, -1.048, 0.083]
[INFO] [1779683744.483842042] [cartesian_streamer]: Runtime rate: state=streaming, tick_hz=15.0, queue_send_hz=13.8, ack_hz=13.6, busy_hz=0.0, retry_count=0, reject_count=0, inter_ack_ms=72.4, max_joint_delta=0.067, cumul_time=19.39s, hold_count=0
[INFO] [1779683745.679373897] [cartesian_streamer]: QueueTrajPoint accepted #240: t=20.523s, hold=False
[INFO] [1779683746.352066649] [cartesian_streamer]: IK OK → Δmax=0.0088 rad, joints: [1.467, 0.842, 0.226, -0.008, -1.031, 0.080]
[INFO] [1779683747.560557054] [cartesian_streamer]: QueueTrajPoint accepted #260: t=22.459s, hold=False
[INFO] [1779683748.418122572] [cartesian_streamer]: IK OK → Δmax=0.0103 rad, joints: [1.449, 0.653, 0.341, -0.006, -1.336, 0.095]
[INFO] [1779683749.102512594] [cartesian_streamer]: QueueTrajPoint accepted #280: t=23.991s, hold=False
[INFO] [1779683749.552581874] [cartesian_streamer]: Runtime rate: state=streaming, tick_hz=15.0, queue_send_hz=11.8, ack_hz=12.0, busy_hz=0.0, retry_count=0, reject_count=0, inter_ack_ms=84.1, max_joint_delta=0.036, cumul_time=24.39s, hold_count=0
[INFO] [1779683750.484853355] [cartesian_streamer]: IK OK → Δmax=0.0298 rad, joints: [1.452, 0.382, 0.144, -0.006, -1.409, 0.091]
[INFO] [1779683751.035232401] [cartesian_streamer]: QueueTrajPoint accepted #300: t=25.791s, hold=False
[INFO] [1779683752.551731750] [cartesian_streamer]: IK OK → Δmax=0.0135 rad, joints: [1.446, 0.164, -0.168, -0.006, -1.316, 0.098]
[INFO] [1779683752.805632493] [cartesian_streamer]: QueueTrajPoint accepted #320: t=27.460s, hold=False
[INFO] [1779683753.909912294] [cartesian_streamer]: Disable Robot: dừng stream, tắt traj mode...
[INFO] [1779683753.910621994] [cartesian_streamer]: ✗ Robot DISABLED.
[INFO] [1779683825.818936856] [cartesian_streamer]: Enable Robot: bắt đầu chuỗi khởi động...
[INFO] [1779683825.819491511] [cartesian_streamer]: Enable: reset_error...
[INFO] [1779683825.827726758] [cartesian_streamer]: reset_error: code=1, msg="success"
[INFO] [1779683825.828011243] [cartesian_streamer]: Enable: stop_traj_mode (giải phóng mode cũ)...
[INFO] [1779683825.874361032] [cartesian_streamer]: stop_traj_mode: success=True, code=N/A, msg=""
[INFO] [1779683825.874660370] [cartesian_streamer]: Enable: chờ 1.5s để hệ thống ổn định trước khi start queue...
[INFO] [1779683827.375334411] [cartesian_streamer]: Enable: StartPointQueueMode...
[INFO] [1779683828.690087061] [cartesian_streamer]: StartPointQueueMode response: code=1, msg=""
[INFO] [1779683828.690391300] [cartesian_streamer]: ✓ Robot ENABLED — Point Queue Mode active. Servo ON!
[INFO] [1779683828.750458661] [cartesian_streamer]: Runtime rate: state=seeding, tick_hz=0.8, queue_send_hz=0.6, ack_hz=0.6, busy_hz=0.0, retry_count=0, reject_count=0, inter_ack_ms=91.8, max_joint_delta=0.048, cumul_time=0.00s, hold_count=0
[WARN] [1779683828.751114008] [cartesian_streamer]: Target stream stale: không có target mới trong 74.9s
[WARN] [1779683828.751938685] [cartesian_streamer]: QueueTrajPoint đã được accept nhưng joint_states hầu như không đổi. Kiểm tra: 1) Robot ở mode AUTO? 2) Servo ON? 3) E-stop cleared?
[INFO] [1779683828.754619005] [cartesian_streamer]: Bootstrap EE pose via FK: (-0.1638, 0.2630, 0.3947)
[INFO] [1779683828.755482188] [cartesian_streamer]: Đã gửi seed point (current joints, t=0), chờ ACK...
[INFO] [1779683828.819523430] [cartesian_streamer]: Bootstrap EE pose via FK: (-0.1638, 0.2630, 0.3947)
[INFO] [1779683828.886061527] [cartesian_streamer]: Bootstrap EE pose via FK: (-0.1638, 0.2630, 0.3947)
[INFO] [1779683828.952251010] [cartesian_streamer]: Bootstrap EE pose via FK: (-0.1638, 0.2630, 0.3947)
[INFO] [1779683829.003227755] [cartesian_streamer]: Seed ACK nhận được, bắt đầu prebuffer.
[INFO] [1779683829.165804884] [cartesian_streamer]: Pre-buffer hoàn tất (3 points), bắt đầu stream ổn định. Đang chờ target...
[INFO] [1779683829.428167178] [cartesian_streamer]: QueueTrajPoint accepted #340: t=0.600s, hold=True
[INFO] [1779683831.336687247] [cartesian_streamer]: QueueTrajPoint accepted #360: t=2.400s, hold=True
[INFO] [1779683833.290592022] [cartesian_streamer]: QueueTrajPoint accepted #380: t=4.400s, hold=True
[INFO] [1779683833.750587814] [cartesian_streamer]: Runtime rate: state=streaming, tick_hz=15.0, queue_send_hz=10.4, ack_hz=10.2, busy_hz=0.0, retry_count=0, reject_count=0, inter_ack_ms=1563.0, max_joint_delta=0.000, cumul_time=4.80s, hold_count=51
[WARN] [1779683833.750988930] [cartesian_streamer]: Target stream stale: không có target mới trong 79.9s
[INFO] [1779683835.568395755] [cartesian_streamer]: QueueTrajPoint accepted #400: t=6.466s, hold=True
[WARN] [1779683836.291688087] [cartesian_streamer]: Queue BUSY, sẽ resend (backoff 66ms): msg="Busy processing the previous trajectory point. Please resend the next point shortly"
[INFO] [1779683837.751160053] [cartesian_streamer]: IK delta clamped → joints: [1.501, 0.066, -0.979, -0.005, -0.613, 0.088]
[INFO] [1779683837.751500504] [cartesian_streamer]: IK OK → Δmax=0.0900 rad, joints: [1.501, 0.066, -0.979, -0.005, -0.613, 0.088]
[WARN] [1779683837.817154464] [cartesian_streamer]: QueueTrajPoint đã được accept nhưng joint_states hầu như không đổi. Kiểm tra: 1) Robot ở mode AUTO? 2) Servo ON? 3) E-stop cleared?
[INFO] [1779683838.000032147] [cartesian_streamer]: QueueTrajPoint accepted #420: t=8.535s, hold=False
[INFO] [1779683838.817465451] [cartesian_streamer]: Runtime rate: state=streaming, tick_hz=15.0, queue_send_hz=9.3, ack_hz=9.3, busy_hz=0.2, retry_count=1, reject_count=0, inter_ack_ms=109.5, max_joint_delta=0.090, cumul_time=9.40s, hold_count=0
[INFO] [1779683839.703310958] [cartesian_streamer]: QueueTrajPoint accepted #440: t=10.202s, hold=False
[INFO] [1779683839.751588658] [cartesian_streamer]: IK OK → Δmax=0.0241 rad, joints: [1.568, -0.022, -0.846, -0.020, -0.824, -0.012]
[INFO] [1779683841.099160928] [cartesian_streamer]: QueueTrajPoint accepted #460: t=11.601s, hold=False
[INFO] [1779683841.752410222] [cartesian_streamer]: IK OK → Δmax=0.0206 rad, joints: [1.594, 0.135, -0.233, -0.018, -1.278, -0.046]
[INFO] [1779683842.516839116] [cartesian_streamer]: QueueTrajPoint accepted #480: t=13.007s, hold=False
[INFO] [1779683843.819678802] [cartesian_streamer]: Runtime rate: state=streaming, tick_hz=15.0, queue_send_hz=13.2, ack_hz=13.2, busy_hz=0.0, retry_count=0, reject_count=0, inter_ack_ms=76.4, max_joint_delta=0.090, cumul_time=14.20s, hold_count=0
[INFO] [1779683843.821665490] [cartesian_streamer]: IK OK → Δmax=0.0421 rad, joints: [1.505, 0.486, 0.409, -0.010, -1.570, 0.037]
[INFO] [1779683843.989657786] [cartesian_streamer]: QueueTrajPoint accepted #500: t=14.469s, hold=False
[INFO] [1779683845.373048650] [cartesian_streamer]: QueueTrajPoint accepted #520: t=15.869s, hold=False
[INFO] [1779683845.884738704] [cartesian_streamer]: IK OK → Δmax=0.0189 rad, joints: [1.512, 0.761, 0.495, -0.011, -1.382, 0.033]
[INFO] [1779683846.962901173] [cartesian_streamer]: QueueTrajPoint accepted #540: t=17.468s, hold=False
[INFO] [1779683847.889798716] [cartesian_streamer]: IK OK → Δmax=0.0038 rad, joints: [1.549, 0.868, 0.329, -0.015, -1.108, -0.000]
[INFO] [1779683848.631605090] [cartesian_streamer]: QueueTrajPoint accepted #560: t=19.135s, hold=False
[INFO] [1779683848.883673300] [cartesian_streamer]: Runtime rate: state=streaming, tick_hz=15.0, queue_send_hz=13.0, ack_hz=13.0, busy_hz=0.0, retry_count=0, reject_count=0, inter_ack_ms=76.1, max_joint_delta=0.042, cumul_time=19.34s, hold_count=0
[INFO] [1779683849.951262386] [cartesian_streamer]: IK OK → Δmax=0.0026 rad, joints: [1.586, 0.868, 0.263, -0.019, -1.042, -0.034]
[INFO] [1779683850.289944983] [cartesian_streamer]: QueueTrajPoint accepted #580: t=20.669s, hold=False
[WARN] [1779683851.162128835] [cartesian_streamer]: Queue BUSY, sẽ resend (backoff 66ms): msg="Busy processing the previous trajectory point. Please resend the next point shortly"
[INFO] [1779683851.952383100] [cartesian_streamer]: IK OK → Δmax=0.0129 rad, joints: [1.612, 0.648, 0.258, -0.019, -1.257, -0.064]
[INFO] [1779683852.029309608] [cartesian_streamer]: QueueTrajPoint accepted #600: t=22.340s, hold=False
[INFO] [1779683853.671510063] [cartesian_streamer]: QueueTrajPoint accepted #620: t=23.872s, hold=False
[INFO] [1779683853.884019738] [cartesian_streamer]: Runtime rate: state=streaming, tick_hz=15.0, queue_send_hz=12.2, ack_hz=11.8, busy_hz=0.2, retry_count=1, reject_count=0, inter_ack_ms=83.8, max_joint_delta=0.048, cumul_time=24.14s, hold_count=0
[INFO] [1779683853.952487972] [cartesian_streamer]: IK OK → Δmax=0.0362 rad, joints: [1.610, 0.405, 0.169, -0.018, -1.410, -0.065]
[INFO] [1779683855.408363824] [cartesian_streamer]: QueueTrajPoint accepted #640: t=25.605s, hold=False
[INFO] [1779683856.018446176] [cartesian_streamer]: IK OK → Δmax=0.0106 rad, joints: [1.586, 0.143, -0.129, -0.017, -1.374, -0.040]
[INFO] [1779683856.814652060] [cartesian_streamer]: QueueTrajPoint accepted #660: t=27.006s, hold=False
[INFO] [1779683858.084931998] [cartesian_streamer]: IK OK → Δmax=0.0084 rad, joints: [1.602, -0.034, -0.421, -0.018, -1.259, -0.053]
[INFO] [1779683858.288685998] [cartesian_streamer]: QueueTrajPoint accepted #680: t=28.473s, hold=False
[INFO] [1779683858.712031540] [cartesian_streamer]: Disable Robot: dừng stream, tắt traj mode...
[INFO] [1779683858.713144674] [cartesian_streamer]: ✗ Robot DISABLED.
[INFO] [1779683980.917026205] [cartesian_streamer]: Graceful shutdown: tắt Point Queue Mode trước khi thoát...
[INFO] [1779683980.917557168] [cartesian_streamer]: Robot chưa enable, không cần stop_traj_mode.
[INFO] [1779683980.918506335] [cartesian_streamer]: Shutdown hoàn tất. Tủ điện sẽ KHÔNG bị alarm.
