[INFO] [1781259812.462548505] [experiment_logger]: ✓ STARTED in-memory logging. Target file: /home/duy/cocarry_ws/cocarry_logs/experiment_GROUND_TRUTH_20260612_172332.csv
[INFO] [1781259812.485271853] [experiment_logger]: Logger ready.
[INFO] [1781259876.907282096] [experiment_logger]: Service called: /logger/toggle with data=True
[INFO] [1781259904.945208275] [experiment_logger]: Service called: /logger/toggle with data=False
[INFO] [1781259904.945553730] [experiment_logger]: Writing 1793 rows from memory to /home/duy/cocarry_ws/cocarry_logs/experiment_GROUND_TRUTH_20260612_172332.csv...
[INFO] [1781259904.954664823] [experiment_logger]: ✓ Successfully wrote logs to disk.
[INFO] [1781259904.956100991] [experiment_logger]: Stopped logging. Saved 1793 rows to /home/duy/cocarry_ws/cocarry_logs/experiment_GROUND_TRUTH_20260612_172332.csv
[INFO] [1781259904.973551837] [experiment_logger]: 
============================================================
EXPERIMENT METRICS
  File: experiment_GROUND_TRUTH_20260612_172332.csv
  Total samples: 1793
  Task completion time: 92.52 s
  Mode: GROUND TRUTH (no prediction metrics)
  --- Trajectory Smoothness (Robot EE) ---
  Mean Jerk (3D): 14.0830 m/s³
      Jerk X: 3.2761 m/s³
      Jerk Y: 10.8902 m/s³
      Jerk Z: 5.1492 m/s³
  Max Jerk (3D): 85.5669 m/s³
  RMS Jerk (3D): 18.9079 m/s³
============================================================
[INFO] [1781259936.586157065] [experiment_logger]: Service called: /logger/toggle with data=False
[INFO] [1781259944.817505984] [experiment_logger]: Service called: /logger/toggle with data=False
[INFO] [1781259948.678521453] [experiment_logger]: Service called: /logger/toggle with data=False
[INFO] [1781259965.622189865] [experiment_logger]: Service called: /logger/toggle with data=False
[INFO] [1781259986.450166504] [experiment_logger]: Service called: /logger/toggle with data=False
[INFO] [1781260015.998338009] [experiment_logger]: Service called: /logger/toggle with data=True
[INFO] [1781260015.998765924] [experiment_logger]: ✓ STARTED in-memory logging. Target file: /home/duy/cocarry_ws/cocarry_logs/experiment_GROUND_TRUTH_20260612_172655.csv
[INFO] [1781260031.889492400] [experiment_logger]: Service called: /logger/toggle with data=False
[INFO] [1781260031.889877170] [experiment_logger]: Writing 377 rows from memory to /home/duy/cocarry_ws/cocarry_logs/experiment_GROUND_TRUTH_20260612_172655.csv...
[INFO] [1781260031.892856193] [experiment_logger]: ✓ Successfully wrote logs to disk.
[INFO] [1781260031.893302838] [experiment_logger]: Stopped logging. Saved 377 rows to /home/duy/cocarry_ws/cocarry_logs/experiment_GROUND_TRUTH_20260612_172655.csv
[INFO] [1781260031.896766672] [experiment_logger]: 
============================================================
EXPERIMENT METRICS
  File: experiment_GROUND_TRUTH_20260612_172655.csv
  Total samples: 377
  Task completion time: 15.89 s
  Mode: GROUND TRUTH (no prediction metrics)
  --- Trajectory Smoothness (Robot EE) ---
  Mean Jerk (3D): 21.6731 m/s³
      Jerk X: 5.2369 m/s³
      Jerk Y: 18.9306 m/s³
      Jerk Z: 5.3883 m/s³
  Max Jerk (3D): 90.5995 m/s³
  RMS Jerk (3D): 29.1743 m/s³
============================================================
[INFO] [1781260049.642121689] [experiment_logger]: Service called: /logger/toggle with data=False
[INFO] [1781260075.527399947] [experiment_logger]: Service called: /logger/toggle with data=False
[INFO] [1781260078.391713964] [experiment_logger]: Trajectory mode: prediction
[INFO] [1781260095.230233346] [experiment_logger]: Service called: /logger/toggle with data=True
[INFO] [1781260095.231129946] [experiment_logger]: ✓ STARTED in-memory logging. Target file: /home/duy/cocarry_ws/cocarry_logs/experiment_GRU_20260612_172815.csv
[INFO] [1781260105.459733214] [experiment_logger]: Service called: /logger/toggle with data=False
[INFO] [1781260105.460536633] [experiment_logger]: Writing 141 rows from memory to /home/duy/cocarry_ws/cocarry_logs/experiment_GRU_20260612_172815.csv...
[INFO] [1781260105.463406148] [experiment_logger]: ✓ Successfully wrote logs to disk.
[INFO] [1781260105.464017777] [experiment_logger]: Stopped logging. Saved 141 rows to /home/duy/cocarry_ws/cocarry_logs/experiment_GRU_20260612_172815.csv
[INFO] [1781260105.466586967] [experiment_logger]: 
============================================================
EXPERIMENT METRICS
  File: experiment_GRU_20260612_172815.csv
  Total samples: 141
  Task completion time: 10.23 s
  --- Prediction Accuracy (over 141 samples) ---
  Avg Inference Time: 6.47 ms
  Mean Squared Error (MSE): 0.016854 m²
  Mean Absolute Error (MAE - 3D): 0.0864 m
      MAE X: 0.0383 m
      MAE Y: 0.0704 m
      MAE Z: 0.0162 m
  --- Trajectory Smoothness (Robot EE) ---
  Mean Jerk (3D): 31.8175 m/s³
      Jerk X: 13.8756 m/s³
      Jerk Y: 27.8365 m/s³
      Jerk Z: 3.9834 m/s³
  Max Jerk (3D): 95.0229 m/s³
  RMS Jerk (3D): 38.7254 m/s³
============================================================
[INFO] [1781260128.086663956] [experiment_logger]: Service called: /logger/toggle with data=False
[INFO] [1781260151.913591339] [experiment_logger]: Service called: /logger/toggle with data=False
[INFO] [1781260155.010081004] [experiment_logger]: Trajectory mode: prediction
[INFO] [1781260169.300247817] [experiment_logger]: Service called: /logger/toggle with data=True
[INFO] [1781260169.300852062] [experiment_logger]: ✓ STARTED in-memory logging. Target file: /home/duy/cocarry_ws/cocarry_logs/experiment_GRU_20260612_172929.csv
[INFO] [1781260184.738751444] [experiment_logger]: Service called: /logger/toggle with data=False
[INFO] [1781260184.739569778] [experiment_logger]: Writing 284 rows from memory to /home/duy/cocarry_ws/cocarry_logs/experiment_GRU_20260612_172929.csv...
[INFO] [1781260184.748617516] [experiment_logger]: ✓ Successfully wrote logs to disk.
[INFO] [1781260184.749770963] [experiment_logger]: Stopped logging. Saved 284 rows to /home/duy/cocarry_ws/cocarry_logs/experiment_GRU_20260612_172929.csv
[INFO] [1781260184.756818362] [experiment_logger]: 
============================================================
EXPERIMENT METRICS
  File: experiment_GRU_20260612_172929.csv
  Total samples: 284
  Task completion time: 15.44 s
  --- Prediction Accuracy (over 284 samples) ---
  Avg Inference Time: 7.46 ms
  Mean Squared Error (MSE): 0.002555 m²
  Mean Absolute Error (MAE - 3D): 0.0427 m
      MAE X: 0.0279 m
      MAE Y: 0.0252 m
      MAE Z: 0.0125 m
  --- Trajectory Smoothness (Robot EE) ---
  Mean Jerk (3D): 19.2861 m/s³
      Jerk X: 6.7375 m/s³
      Jerk Y: 15.5359 m/s³
      Jerk Z: 5.2064 m/s³
  Max Jerk (3D): 114.8215 m/s³
  RMS Jerk (3D): 27.6522 m/s³
============================================================
[INFO] [1781260244.695364517] [experiment_logger]: Service called: /logger/toggle with data=False
[INFO] [1781260287.047758307] [experiment_logger]: Service called: /logger/toggle with data=False
[INFO] [1781260295.847883787] [experiment_logger]: Service called: /logger/toggle with data=True
[INFO] [1781260295.848768892] [experiment_logger]: ✓ STARTED in-memory logging. Target file: /home/duy/cocarry_ws/cocarry_logs/experiment_GRU_20260612_173135.csv
[INFO] [1781260310.837336629] [experiment_logger]: Service called: /logger/toggle with data=False
[INFO] [1781260310.837701419] [experiment_logger]: Writing 320 rows from memory to /home/duy/cocarry_ws/cocarry_logs/experiment_GRU_20260612_173135.csv...
[INFO] [1781260310.844503703] [experiment_logger]: ✓ Successfully wrote logs to disk.
[INFO] [1781260310.845062700] [experiment_logger]: Stopped logging. Saved 320 rows to /home/duy/cocarry_ws/cocarry_logs/experiment_GRU_20260612_173135.csv
[INFO] [1781260310.848652711] [experiment_logger]: 
============================================================
EXPERIMENT METRICS
  File: experiment_GRU_20260612_173135.csv
  Total samples: 320
  Task completion time: 14.99 s
  --- Prediction Accuracy (over 320 samples) ---
  Avg Inference Time: 6.11 ms
  Mean Squared Error (MSE): 0.002148 m²
  Mean Absolute Error (MAE - 3D): 0.0394 m
      MAE X: 0.0211 m
      MAE Y: 0.0288 m
      MAE Z: 0.0078 m
  --- Trajectory Smoothness (Robot EE) ---
  Mean Jerk (3D): 19.4082 m/s³
      Jerk X: 6.0349 m/s³
      Jerk Y: 15.1014 m/s³
      Jerk Z: 5.4567 m/s³
  Max Jerk (3D): 124.3899 m/s³
  RMS Jerk (3D): 25.9701 m/s³
============================================================
[INFO] [1781260458.104385332] [experiment_logger]: Trajectory mode: prediction
[INFO] [1781260484.219929800] [experiment_logger]: Service called: /logger/toggle with data=True
[INFO] [1781260484.220792362] [experiment_logger]: ✓ STARTED in-memory logging. Target file: /home/duy/cocarry_ws/cocarry_logs/experiment_GRU_20260612_173444.csv
[INFO] [1781260495.704350478] [experiment_logger]: Service called: /logger/toggle with data=False
[INFO] [1781260495.705197456] [experiment_logger]: Writing 255 rows from memory to /home/duy/cocarry_ws/cocarry_logs/experiment_GRU_20260612_173444.csv...
[INFO] [1781260495.709051342] [experiment_logger]: ✓ Successfully wrote logs to disk.
[INFO] [1781260495.709790917] [experiment_logger]: Stopped logging. Saved 255 rows to /home/duy/cocarry_ws/cocarry_logs/experiment_GRU_20260612_173444.csv
[INFO] [1781260495.713584932] [experiment_logger]: 
============================================================
EXPERIMENT METRICS
  File: experiment_GRU_20260612_173444.csv
  Total samples: 255
  Task completion time: 11.48 s
  --- Prediction Accuracy (over 255 samples) ---
  Avg Inference Time: 4.21 ms
  Mean Squared Error (MSE): 0.001703 m²
  Mean Absolute Error (MAE - 3D): 0.0330 m
      MAE X: 0.0107 m
      MAE Y: 0.0286 m
      MAE Z: 0.0080 m
  --- Trajectory Smoothness (Robot EE) ---
  Mean Jerk (3D): 30.8421 m/s³
      Jerk X: 6.9900 m/s³
      Jerk Y: 27.2719 m/s³
      Jerk Z: 9.0322 m/s³
  Max Jerk (3D): 125.0168 m/s³
  RMS Jerk (3D): 41.5802 m/s³
============================================================
