[INFO] [1786590460.022823296] [predictor_ui]: [UI] Node started
[INFO] [1786590489.960893717] [predictor_ui]: [UI] Capture Init Pose thành công: Captured Init Pose! P_init=(-0.162, 0.309, 0.388), Cam_init=(0.186, -0.176, 0.059), Noise_Tol=60.0mm
Orientation=(0.988, -0.154, -0.004, -0.029)
[INFO] [1786590495.249499909] [predictor_ui]: [UI] Trajectory mode set to: ground_truth
[INFO] [1786590520.431055589] [predictor_ui]: [UI] Auto-disabled robot on Stop Run
[INFO] [1786590603.508148859] [predictor_ui]: [UI] Using standalone go_home.py script for real robot
[INFO] [1786590653.721968915] [predictor_ui]: [UI] Auto-disabled robot on Stop Run
[INFO] [1786590663.078592284] [predictor_ui]: [UI] Using standalone go_home.py script for real robot
[INFO] [1786590696.001206566] [predictor_ui]: [UI] Auto-disabled robot on Stop Run
[INFO] [1786590704.537427695] [predictor_ui]: [UI] Using standalone go_home.py script for real robot
[INFO] [1786590739.642157151] [predictor_ui]: [UI] Auto-disabled robot on Stop Run
[INFO] [1786590747.138106904] [predictor_ui]: [UI] Using standalone go_home.py script for real robot
[INFO] [1786590789.043336324] [predictor_ui]: [UI] Auto-disabled robot on Stop Run
[INFO] [1786590800.045094611] [predictor_ui]: [UI] Using standalone go_home.py script for real robot
[INFO] [1786590834.679741600] [predictor_ui]: [UI] Auto-disabled robot on Stop Run
[INFO] [1786590845.883011224] [predictor_ui]: [UI] Using standalone go_home.py script for real robot
[INFO] [1786590877.238603251] [predictor_ui]: [UI] Auto-disabled robot on Stop Run
[INFO] [1786590885.206266464] [predictor_ui]: [UI] Using standalone go_home.py script for real robot
[INFO] [1786590926.409258706] [predictor_ui]: [UI] Auto-disabled robot on Stop Run
[INFO] [1786590934.616442121] [predictor_ui]: [UI] Using standalone go_home.py script for real robot
[INFO] [1786590962.125145670] [predictor_ui]: [UI] Trajectory mode set to: prediction
[INFO] [1786590981.393464826] [predictor_ui]: [UI] Auto-disabled robot on Stop Run
[INFO] [1786590990.979138140] [predictor_ui]: [UI] Using standalone go_home.py script for real robot
[INFO] [1786591025.734684453] [predictor_ui]: [UI] Auto-disabled robot on Stop Run
[INFO] [1786591033.658266798] [predictor_ui]: [UI] Using standalone go_home.py script for real robot
[INFO] [1786591070.398296768] [predictor_ui]: [UI] Auto-disabled robot on Stop Run
[INFO] [1786591092.753619924] [predictor_ui]: [UI] Using standalone go_home.py script for real robot
[INFO] [1786591128.703675618] [predictor_ui]: [UI] Auto-disabled robot on Stop Run
[INFO] [1786591141.876122007] [predictor_ui]: [UI] Using standalone go_home.py script for real robot
[INFO] [1786591179.201897034] [predictor_ui]: [UI] Auto-disabled robot on Stop Run
