[INFO] [1781229223.592062664] [experiment_logger]: ✓ STARTED in-memory logging. Target file: /home/duy/cocarry_ws/cocarry_logs/experiment_GROUND_TRUTH_20260612_085343.csv
[INFO] [1781229223.600927663] [experiment_logger]: Logger ready.
[INFO] [1781229389.603270586] [experiment_logger]: Service called: /logger/toggle with data=True
[INFO] [1781229393.696592608] [experiment_logger]: Service called: /logger/toggle with data=False
[INFO] [1781229393.697159751] [experiment_logger]: Writing 1400 rows from memory to /home/duy/cocarry_ws/cocarry_logs/experiment_GROUND_TRUTH_20260612_085343.csv...
[INFO] [1781229393.705363021] [experiment_logger]: ✓ Successfully wrote logs to disk.
[INFO] [1781229393.706458809] [experiment_logger]: Stopped logging. Saved 1400 rows to /home/duy/cocarry_ws/cocarry_logs/experiment_GROUND_TRUTH_20260612_085343.csv
[INFO] [1781229393.716046142] [experiment_logger]: 
============================================================
EXPERIMENT METRICS
  File: experiment_GROUND_TRUTH_20260612_085343.csv
  Total samples: 1400
  Task completion time: 170.12 s
  Mode: GROUND TRUTH (no prediction metrics)
  --- Trajectory Smoothness (Robot EE) ---
  Mean Jerk (3D): 0.0969 m/s³
      Jerk X: 0.0003 m/s³
      Jerk Y: 0.0502 m/s³
      Jerk Z: 0.0750 m/s³
  Max Jerk (3D): 0.2836 m/s³
  RMS Jerk (3D): 0.1298 m/s³
============================================================
