[0.000000] (-) TimerEvent: {}
[0.000827] (-) JobUnselected: {'identifier': 'coord_transform'}
[0.000936] (-) JobUnselected: {'identifier': 'experiment_logger'}
[0.000954] (-) JobUnselected: {'identifier': 'hc10dtp_moveit_config'}
[0.000969] (-) JobUnselected: {'identifier': 'hc10dtp_simulation'}
[0.000983] (-) JobUnselected: {'identifier': 'hrc_bringup'}
[0.001000] (-) JobUnselected: {'identifier': 'human_hand_msgs'}
[0.001013] (-) JobUnselected: {'identifier': 'industrial_msgs'}
[0.001026] (-) JobUnselected: {'identifier': 'kinect2_bridge'}
[0.001038] (-) JobUnselected: {'identifier': 'kinect2_calibration'}
[0.001051] (-) JobUnselected: {'identifier': 'kinect2_registration'}
[0.001064] (-) JobUnselected: {'identifier': 'libfreenect2'}
[0.001077] (-) JobUnselected: {'identifier': 'motoman_gp4_support'}
[0.001098] (-) JobUnselected: {'identifier': 'motoman_hc10dtp_support'}
[0.001111] (-) JobUnselected: {'identifier': 'motoman_resources'}
[0.001126] (-) JobUnselected: {'identifier': 'motoros2_client_interface_dependencies'}
[0.001142] (-) JobUnselected: {'identifier': 'motoros2_interfaces'}
[0.001155] (-) JobUnselected: {'identifier': 'predictor_ui'}
[0.001169] (-) JobUnselected: {'identifier': 'realsense_tracker'}
[0.001182] (-) JobUnselected: {'identifier': 'rula_tracker'}
[0.001196] (-) JobUnselected: {'identifier': 'trac_ik'}
[0.001209] (-) JobUnselected: {'identifier': 'trac_ik_kinematics'}
[0.001222] (-) JobUnselected: {'identifier': 'trac_ik_lib'}
[0.001235] (-) JobUnselected: {'identifier': 'trajectory_predictor'}
[0.001257] (hc10dtp_bringup) JobQueued: {'identifier': 'hc10dtp_bringup', 'dependencies': OrderedDict([('motoman_resources', '/home/duy/cocarry_ws/install/motoman_resources'), ('motoman_hc10dtp_support', '/home/duy/cocarry_ws/install/motoman_hc10dtp_support'), ('hc10dtp_moveit_config', '/home/duy/cocarry_ws/install/hc10dtp_moveit_config')])}
[0.001281] (hc10dtp_bringup) JobStarted: {'identifier': 'hc10dtp_bringup'}
[0.014499] (hc10dtp_bringup) JobProgress: {'identifier': 'hc10dtp_bringup', 'progress': 'cmake'}
[0.015710] (hc10dtp_bringup) JobProgress: {'identifier': 'hc10dtp_bringup', 'progress': 'build'}
[0.015736] (hc10dtp_bringup) Command: {'cmd': ['/usr/bin/cmake', '--build', '/home/duy/cocarry_ws/build/hc10dtp_bringup', '--', '-j16', '-l16'], 'cwd': '/home/duy/cocarry_ws/build/hc10dtp_bringup', 'env': OrderedDict([('USER', 'duy'), ('SHLVL', '0'), ('HOME', '/home/duy'), ('OLDPWD', '/home/duy/cocarry_ws'), ('_', '/usr/bin/colcon'), ('TERM', 'dumb'), ('PATH', '/home/duy/.local/bin:/home/duy/.nvm/versions/node/v20.20.2/bin:/opt/ros/humble/bin:/home/duy/.local/bin:/usr/local/sbin:/usr/local/bin:/usr/sbin:/usr/bin:/sbin:/bin:/usr/games:/usr/local/games:/snap/bin:/snap/bin:/home/duy/libfreenect2/build/bin'), ('LANG', 'en_US.UTF-8'), ('TMP', '/tmp'), ('AMENT_PREFIX_PATH', '/home/duy/cocarry_ws/install/hc10dtp_moveit_config:/home/duy/cocarry_ws/install/motoman_hc10dtp_support:/home/duy/cocarry_ws/install/motoman_resources'), ('SHELL', '/bin/bash'), ('PWD', '/home/duy/cocarry_ws/build/hc10dtp_bringup'), ('COLCON', '1'), ('CMAKE_PREFIX_PATH', '/home/duy/cocarry_ws/install/hc10dtp_moveit_config:/home/duy/cocarry_ws/install/motoman_hc10dtp_support:/home/duy/cocarry_ws/install/motoman_resources')]), 'shell': False}
[0.060686] (hc10dtp_bringup) CommandEnded: {'returncode': 0}
[0.061684] (hc10dtp_bringup) JobProgress: {'identifier': 'hc10dtp_bringup', 'progress': 'install'}
[0.075820] (hc10dtp_bringup) Command: {'cmd': ['/usr/bin/cmake', '--install', '/home/duy/cocarry_ws/build/hc10dtp_bringup'], 'cwd': '/home/duy/cocarry_ws/build/hc10dtp_bringup', 'env': OrderedDict([('USER', 'duy'), ('SHLVL', '0'), ('HOME', '/home/duy'), ('OLDPWD', '/home/duy/cocarry_ws'), ('_', '/usr/bin/colcon'), ('TERM', 'dumb'), ('PATH', '/home/duy/.local/bin:/home/duy/.nvm/versions/node/v20.20.2/bin:/opt/ros/humble/bin:/home/duy/.local/bin:/usr/local/sbin:/usr/local/bin:/usr/sbin:/usr/bin:/sbin:/bin:/usr/games:/usr/local/games:/snap/bin:/snap/bin:/home/duy/libfreenect2/build/bin'), ('LANG', 'en_US.UTF-8'), ('TMP', '/tmp'), ('AMENT_PREFIX_PATH', '/home/duy/cocarry_ws/install/hc10dtp_moveit_config:/home/duy/cocarry_ws/install/motoman_hc10dtp_support:/home/duy/cocarry_ws/install/motoman_resources'), ('SHELL', '/bin/bash'), ('PWD', '/home/duy/cocarry_ws/build/hc10dtp_bringup'), ('COLCON', '1'), ('CMAKE_PREFIX_PATH', '/home/duy/cocarry_ws/install/hc10dtp_moveit_config:/home/duy/cocarry_ws/install/motoman_hc10dtp_support:/home/duy/cocarry_ws/install/motoman_resources')]), 'shell': False}
[0.088887] (hc10dtp_bringup) StdoutLine: {'line': b'-- Install configuration: ""\n'}
[0.089602] (hc10dtp_bringup) StdoutLine: {'line': b'-- Execute custom install script\n'}
[0.090418] (hc10dtp_bringup) StdoutLine: {'line': b'-- Up-to-date symlink: /home/duy/cocarry_ws/install/hc10dtp_bringup/lib/hc10dtp_bringup/cartesian_streamer_hc10dtp.py\n'}
[0.090654] (hc10dtp_bringup) StdoutLine: {'line': b'-- Up-to-date symlink: /home/duy/cocarry_ws/install/hc10dtp_bringup/lib/hc10dtp_bringup/restamp_joint_states.py\n'}
[0.090773] (hc10dtp_bringup) StdoutLine: {'line': b'-- Up-to-date symlink: /home/duy/cocarry_ws/install/hc10dtp_bringup/lib/hc10dtp_bringup/go_home.py\n'}
[0.090984] (hc10dtp_bringup) StdoutLine: {'line': b'-- Up-to-date symlink: /home/duy/cocarry_ws/install/hc10dtp_bringup/lib/hc10dtp_bringup/capture_home.py\n'}
[0.091100] (hc10dtp_bringup) StdoutLine: {'line': b'-- Up-to-date symlink: /home/duy/cocarry_ws/install/hc10dtp_bringup/lib/hc10dtp_bringup/test_queue_diagnostic.py\n'}
[0.091211] (hc10dtp_bringup) StdoutLine: {'line': b'-- Up-to-date symlink: /home/duy/cocarry_ws/install/hc10dtp_bringup/share/ament_index/resource_index/package_run_dependencies/hc10dtp_bringup\n'}
[0.091725] (hc10dtp_bringup) StdoutLine: {'line': b'-- Up-to-date symlink: /home/duy/cocarry_ws/install/hc10dtp_bringup/share/ament_index/resource_index/parent_prefix_path/hc10dtp_bringup\n'}
[0.091861] (hc10dtp_bringup) StdoutLine: {'line': b'-- Up-to-date symlink: /home/duy/cocarry_ws/install/hc10dtp_bringup/share/hc10dtp_bringup/environment/ament_prefix_path.sh\n'}
[0.091948] (hc10dtp_bringup) StdoutLine: {'line': b'-- Up-to-date symlink: /home/duy/cocarry_ws/install/hc10dtp_bringup/share/hc10dtp_bringup/environment/ament_prefix_path.dsv\n'}
[0.092104] (hc10dtp_bringup) StdoutLine: {'line': b'-- Up-to-date symlink: /home/duy/cocarry_ws/install/hc10dtp_bringup/share/hc10dtp_bringup/environment/path.sh\n'}
[0.092381] (hc10dtp_bringup) StdoutLine: {'line': b'-- Up-to-date symlink: /home/duy/cocarry_ws/install/hc10dtp_bringup/share/hc10dtp_bringup/environment/path.dsv\n'}
[0.092527] (hc10dtp_bringup) StdoutLine: {'line': b'-- Up-to-date symlink: /home/duy/cocarry_ws/install/hc10dtp_bringup/share/hc10dtp_bringup/local_setup.bash\n'}
[0.092685] (hc10dtp_bringup) StdoutLine: {'line': b'-- Up-to-date symlink: /home/duy/cocarry_ws/install/hc10dtp_bringup/share/hc10dtp_bringup/local_setup.sh\n'}
[0.092873] (hc10dtp_bringup) StdoutLine: {'line': b'-- Up-to-date symlink: /home/duy/cocarry_ws/install/hc10dtp_bringup/share/hc10dtp_bringup/local_setup.zsh\n'}
[0.093065] (hc10dtp_bringup) StdoutLine: {'line': b'-- Up-to-date symlink: /home/duy/cocarry_ws/install/hc10dtp_bringup/share/hc10dtp_bringup/local_setup.dsv\n'}
[0.093241] (hc10dtp_bringup) StdoutLine: {'line': b'-- Symlinking: /home/duy/cocarry_ws/install/hc10dtp_bringup/share/hc10dtp_bringup/package.dsv\n'}
[0.099161] (-) TimerEvent: {}
[0.109659] (hc10dtp_bringup) StdoutLine: {'line': b'-- Up-to-date symlink: /home/duy/cocarry_ws/install/hc10dtp_bringup/share/ament_index/resource_index/packages/hc10dtp_bringup\n'}
[0.109958] (hc10dtp_bringup) StdoutLine: {'line': b'-- Up-to-date symlink: /home/duy/cocarry_ws/install/hc10dtp_bringup/share/hc10dtp_bringup/cmake/hc10dtp_bringupConfig.cmake\n'}
[0.110166] (hc10dtp_bringup) StdoutLine: {'line': b'-- Up-to-date symlink: /home/duy/cocarry_ws/install/hc10dtp_bringup/share/hc10dtp_bringup/cmake/hc10dtp_bringupConfig-version.cmake\n'}
[0.110328] (hc10dtp_bringup) StdoutLine: {'line': b'-- Up-to-date symlink: /home/duy/cocarry_ws/install/hc10dtp_bringup/share/hc10dtp_bringup/package.xml\n'}
[0.113819] (hc10dtp_bringup) CommandEnded: {'returncode': 0}
[0.132857] (hc10dtp_bringup) JobEnded: {'identifier': 'hc10dtp_bringup', 'rc': 0}
[0.134319] (-) EventReactorShutdown: {}
