[0.000000] (-) TimerEvent: {}
[0.000202] (-) JobUnselected: {'identifier': 'coord_transform'}
[0.000241] (-) JobUnselected: {'identifier': 'experiment_logger'}
[0.000369] (-) JobUnselected: {'identifier': 'hc10dtp_bringup'}
[0.000400] (-) JobUnselected: {'identifier': 'hc10dtp_moveit_config'}
[0.000559] (-) JobUnselected: {'identifier': 'hc10dtp_simulation'}
[0.000589] (-) JobUnselected: {'identifier': 'human_hand_msgs'}
[0.000641] (-) JobUnselected: {'identifier': 'industrial_msgs'}
[0.000662] (-) JobUnselected: {'identifier': 'kinect2_bridge'}
[0.000683] (-) JobUnselected: {'identifier': 'kinect2_calibration'}
[0.000708] (-) JobUnselected: {'identifier': 'kinect2_registration'}
[0.000763] (-) JobUnselected: {'identifier': 'libfreenect2'}
[0.000784] (-) JobUnselected: {'identifier': 'motoman_gp4_support'}
[0.000802] (-) JobUnselected: {'identifier': 'motoman_hc10dtp_support'}
[0.000821] (-) JobUnselected: {'identifier': 'motoman_resources'}
[0.000850] (-) JobUnselected: {'identifier': 'motoros2_client_interface_dependencies'}
[0.000876] (-) JobUnselected: {'identifier': 'motoros2_interfaces'}
[0.000922] (-) JobUnselected: {'identifier': 'predictor_ui'}
[0.000949] (-) JobUnselected: {'identifier': 'rula_tracker'}
[0.000990] (-) JobUnselected: {'identifier': 'trac_ik'}
[0.001020] (-) JobUnselected: {'identifier': 'trac_ik_kinematics'}
[0.001041] (-) JobUnselected: {'identifier': 'trac_ik_lib'}
[0.001096] (-) JobUnselected: {'identifier': 'trajectory_predictor'}
[0.001119] (realsense_tracker) JobQueued: {'identifier': 'realsense_tracker', 'dependencies': OrderedDict([('human_hand_msgs', '/home/duy/cocarry_ws/install/human_hand_msgs')])}
[0.001148] (hrc_bringup) JobQueued: {'identifier': 'hrc_bringup', 'dependencies': OrderedDict([('human_hand_msgs', '/home/duy/cocarry_ws/install/human_hand_msgs'), ('motoman_resources', '/home/duy/cocarry_ws/install/motoman_resources'), ('motoros2_interfaces', '/home/duy/cocarry_ws/install/motoros2_interfaces'), ('coord_transform', '/home/duy/cocarry_ws/install/coord_transform'), ('experiment_logger', '/home/duy/cocarry_ws/install/experiment_logger'), ('motoman_hc10dtp_support', '/home/duy/cocarry_ws/install/motoman_hc10dtp_support'), ('predictor_ui', '/home/duy/cocarry_ws/install/predictor_ui'), ('realsense_tracker', '/home/duy/cocarry_ws/install/realsense_tracker'), ('trajectory_predictor', '/home/duy/cocarry_ws/install/trajectory_predictor'), ('hc10dtp_moveit_config', '/home/duy/cocarry_ws/install/hc10dtp_moveit_config'), ('hc10dtp_bringup', '/home/duy/cocarry_ws/install/hc10dtp_bringup'), ('hc10dtp_simulation', '/home/duy/cocarry_ws/install/hc10dtp_simulation')])}
[0.001192] (realsense_tracker) JobStarted: {'identifier': 'realsense_tracker'}
[0.099385] (-) TimerEvent: {}
[0.199589] (-) TimerEvent: {}
[0.299815] (-) TimerEvent: {}
[0.400047] (-) TimerEvent: {}
[0.449680] (realsense_tracker) Command: {'cmd': ['/usr/bin/python3', '-W', 'ignore:setup.py install is deprecated', '-W', 'ignore:easy_install command is deprecated', 'setup.py', 'egg_info', '--egg-base', '../../build/realsense_tracker', 'build', '--build-base', '/home/duy/cocarry_ws/build/realsense_tracker/build', 'install', '--record', '/home/duy/cocarry_ws/build/realsense_tracker/install.log', '--single-version-externally-managed', 'install_data'], 'cwd': '/home/duy/cocarry_ws/src/realsense_tracker', 'env': {'USER': 'duy', 'ROS_PACKAGE_PATH': '/home/duy/cocarry_ws/install/human_hand_msgs/share', 'SHLVL': '0', 'LD_LIBRARY_PATH': '/home/duy/cocarry_ws/install/human_hand_msgs/lib:/usr/lib/x86_64-linux-gnu/gazebo-11/plugins:/opt/ros/humble/opt/rviz_ogre_vendor/lib:/opt/ros/humble/lib/x86_64-linux-gnu:/opt/ros/humble/lib', 'HOME': '/home/duy', 'OLDPWD': '/home/duy/cocarry_ws', 'ROS_PYTHON_VERSION': '3', 'ROS_DISTRO': 'humble', '_': '/usr/bin/colcon', 'ROS_VERSION': '2', 'PKG_CONFIG_PATH': '/home/duy/cocarry_ws/install/human_hand_msgs/lib/x86_64-linux-gnu/pkgconfig:/home/duy/cocarry_ws/install/human_hand_msgs/lib/pkgconfig', 'TERM': 'dumb', 'ROS_LOCALHOST_ONLY': '0', 'PATH': '/home/duy/.local/bin:/home/duy/.nvm/versions/node/v20.20.2/bin:/opt/ros/humble/bin:/home/duy/.local/bin:/usr/local/sbin:/usr/local/bin:/usr/sbin:/usr/bin:/sbin:/bin:/usr/games:/usr/local/games:/snap/bin:/snap/bin:/home/duy/libfreenect2/build/bin', 'LANG': 'en_US.UTF-8', 'TMP': '/tmp', 'AMENT_PREFIX_PATH': '/opt/ros/humble', 'SHELL': '/bin/bash', 'PWD': '/home/duy/cocarry_ws/build/realsense_tracker', 'PYTHONPATH': '/home/duy/cocarry_ws/build/realsense_tracker/prefix_override:/usr/lib/python3/dist-packages/colcon_core/task/python/colcon_distutils_commands:/home/duy/cocarry_ws/install/realsense_tracker/lib/python3.10/site-packages:/home/duy/cocarry_ws/install/human_hand_msgs/local/lib/python3.10/dist-packages:/opt/ros/humble/lib/python3.10/site-packages:/opt/ros/humble/local/lib/python3.10/dist-packages', 'COLCON': '1', 'CMAKE_PREFIX_PATH': '/home/duy/cocarry_ws/install/human_hand_msgs'}, 'shell': False}
[0.500257] (-) TimerEvent: {}
[0.600546] (-) TimerEvent: {}
[0.631357] (realsense_tracker) StdoutLine: {'line': b'running egg_info\n'}
[0.631793] (realsense_tracker) StdoutLine: {'line': b'writing ../../build/realsense_tracker/realsense_tracker.egg-info/PKG-INFO\n'}
[0.631911] (realsense_tracker) StdoutLine: {'line': b'writing dependency_links to ../../build/realsense_tracker/realsense_tracker.egg-info/dependency_links.txt\n'}
[0.632125] (realsense_tracker) StdoutLine: {'line': b'writing entry points to ../../build/realsense_tracker/realsense_tracker.egg-info/entry_points.txt\n'}
[0.632235] (realsense_tracker) StdoutLine: {'line': b'writing requirements to ../../build/realsense_tracker/realsense_tracker.egg-info/requires.txt\n'}
[0.632314] (realsense_tracker) StdoutLine: {'line': b'writing top-level names to ../../build/realsense_tracker/realsense_tracker.egg-info/top_level.txt\n'}
[0.633261] (realsense_tracker) StdoutLine: {'line': b"reading manifest file '../../build/realsense_tracker/realsense_tracker.egg-info/SOURCES.txt'\n"}
[0.634761] (realsense_tracker) StdoutLine: {'line': b"writing manifest file '../../build/realsense_tracker/realsense_tracker.egg-info/SOURCES.txt'\n"}
[0.634903] (realsense_tracker) StdoutLine: {'line': b'running build\n'}
[0.635074] (realsense_tracker) StdoutLine: {'line': b'running build_py\n'}
[0.635283] (realsense_tracker) StdoutLine: {'line': b'copying realsense_tracker/realsense_node.py -> /home/duy/cocarry_ws/build/realsense_tracker/build/lib/realsense_tracker\n'}
[0.635369] (realsense_tracker) StdoutLine: {'line': b'running install\n'}
[0.635446] (realsense_tracker) StdoutLine: {'line': b'running install_lib\n'}
[0.635612] (realsense_tracker) StdoutLine: {'line': b'copying /home/duy/cocarry_ws/build/realsense_tracker/build/lib/realsense_tracker/realsense_node.py -> /home/duy/cocarry_ws/install/realsense_tracker/lib/python3.10/site-packages/realsense_tracker\n'}
[0.635879] (realsense_tracker) StdoutLine: {'line': b'byte-compiling /home/duy/cocarry_ws/install/realsense_tracker/lib/python3.10/site-packages/realsense_tracker/realsense_node.py to realsense_node.cpython-310.pyc\n'}
[0.637870] (realsense_tracker) StdoutLine: {'line': b'running install_data\n'}
[0.638012] (realsense_tracker) StdoutLine: {'line': b'running install_egg_info\n'}
[0.639159] (realsense_tracker) StdoutLine: {'line': b"removing '/home/duy/cocarry_ws/install/realsense_tracker/lib/python3.10/site-packages/realsense_tracker-0.0.0-py3.10.egg-info' (and everything under it)\n"}
[0.639322] (realsense_tracker) StdoutLine: {'line': b'Copying ../../build/realsense_tracker/realsense_tracker.egg-info to /home/duy/cocarry_ws/install/realsense_tracker/lib/python3.10/site-packages/realsense_tracker-0.0.0-py3.10.egg-info\n'}
[0.640070] (realsense_tracker) StdoutLine: {'line': b'running install_scripts\n'}
[0.653320] (realsense_tracker) StdoutLine: {'line': b'Installing realsense_node script to /home/duy/cocarry_ws/install/realsense_tracker/lib/realsense_tracker\n'}
[0.653508] (realsense_tracker) StdoutLine: {'line': b"writing list of installed files to '/home/duy/cocarry_ws/build/realsense_tracker/install.log'\n"}
[0.670205] (realsense_tracker) CommandEnded: {'returncode': 0}
[0.677616] (realsense_tracker) JobEnded: {'identifier': 'realsense_tracker', 'rc': 0}
[0.678117] (hrc_bringup) JobStarted: {'identifier': 'hrc_bringup'}
[0.687911] (hrc_bringup) JobProgress: {'identifier': 'hrc_bringup', 'progress': 'cmake'}
[0.688428] (hrc_bringup) JobProgress: {'identifier': 'hrc_bringup', 'progress': 'build'}
[0.688819] (hrc_bringup) Command: {'cmd': ['/usr/bin/cmake', '--build', '/home/duy/cocarry_ws/build/hrc_bringup', '--', '-j16', '-l16'], 'cwd': '/home/duy/cocarry_ws/build/hrc_bringup', 'env': OrderedDict([('USER', 'duy'), ('ROS_PACKAGE_PATH', '/home/duy/cocarry_ws/install/human_hand_msgs/share'), ('SHLVL', '0'), ('LD_LIBRARY_PATH', '/home/duy/cocarry_ws/install/motoros2_interfaces/lib:/home/duy/cocarry_ws/install/human_hand_msgs/lib:/usr/lib/x86_64-linux-gnu/gazebo-11/plugins:/opt/ros/humble/opt/rviz_ogre_vendor/lib:/opt/ros/humble/lib/x86_64-linux-gnu:/opt/ros/humble/lib'), ('HOME', '/home/duy'), ('OLDPWD', '/home/duy/cocarry_ws'), ('ROS_PYTHON_VERSION', '3'), ('ROS_DISTRO', 'humble'), ('_', '/usr/bin/colcon'), ('ROS_VERSION', '2'), ('PKG_CONFIG_PATH', '/home/duy/cocarry_ws/install/human_hand_msgs/lib/x86_64-linux-gnu/pkgconfig:/home/duy/cocarry_ws/install/human_hand_msgs/lib/pkgconfig'), ('TERM', 'dumb'), ('ROS_LOCALHOST_ONLY', '0'), ('PATH', '/home/duy/.local/bin:/home/duy/.nvm/versions/node/v20.20.2/bin:/opt/ros/humble/bin:/home/duy/.local/bin:/usr/local/sbin:/usr/local/bin:/usr/sbin:/usr/bin:/sbin:/bin:/usr/games:/usr/local/games:/snap/bin:/snap/bin:/home/duy/libfreenect2/build/bin'), ('LANG', 'en_US.UTF-8'), ('TMP', '/tmp'), ('AMENT_PREFIX_PATH', '/home/duy/cocarry_ws/install/hc10dtp_simulation:/home/duy/cocarry_ws/install/hc10dtp_bringup:/home/duy/cocarry_ws/install/hc10dtp_moveit_config:/home/duy/cocarry_ws/install/trajectory_predictor:/home/duy/cocarry_ws/install/realsense_tracker:/home/duy/cocarry_ws/install/predictor_ui:/home/duy/cocarry_ws/install/motoman_hc10dtp_support:/home/duy/cocarry_ws/install/experiment_logger:/home/duy/cocarry_ws/install/coord_transform:/home/duy/cocarry_ws/install/motoros2_interfaces:/home/duy/cocarry_ws/install/motoman_resources:/opt/ros/humble'), ('SHELL', '/bin/bash'), ('PWD', '/home/duy/cocarry_ws/build/hrc_bringup'), ('PYTHONPATH', '/home/duy/cocarry_ws/install/trajectory_predictor/lib/python3.10/site-packages:/home/duy/cocarry_ws/install/realsense_tracker/lib/python3.10/site-packages:/home/duy/cocarry_ws/install/predictor_ui/lib/python3.10/site-packages:/home/duy/cocarry_ws/install/experiment_logger/lib/python3.10/site-packages:/home/duy/cocarry_ws/install/coord_transform/lib/python3.10/site-packages:/home/duy/cocarry_ws/install/motoros2_interfaces/local/lib/python3.10/dist-packages:/home/duy/cocarry_ws/install/human_hand_msgs/local/lib/python3.10/dist-packages:/opt/ros/humble/lib/python3.10/site-packages:/opt/ros/humble/local/lib/python3.10/dist-packages'), ('COLCON', '1'), ('CMAKE_PREFIX_PATH', '/home/duy/cocarry_ws/install/hc10dtp_simulation:/home/duy/cocarry_ws/install/hc10dtp_bringup:/home/duy/cocarry_ws/install/hc10dtp_moveit_config:/home/duy/cocarry_ws/install/motoman_hc10dtp_support:/home/duy/cocarry_ws/install/motoros2_interfaces:/home/duy/cocarry_ws/install/motoman_resources:/opt/ros/humble:/home/duy/cocarry_ws/install/human_hand_msgs')]), 'shell': False}
[0.700630] (-) TimerEvent: {}
[0.724923] (hrc_bringup) CommandEnded: {'returncode': 0}
[0.725350] (hrc_bringup) JobProgress: {'identifier': 'hrc_bringup', 'progress': 'install'}
[0.732620] (hrc_bringup) Command: {'cmd': ['/usr/bin/cmake', '--install', '/home/duy/cocarry_ws/build/hrc_bringup'], 'cwd': '/home/duy/cocarry_ws/build/hrc_bringup', 'env': OrderedDict([('USER', 'duy'), ('ROS_PACKAGE_PATH', '/home/duy/cocarry_ws/install/human_hand_msgs/share'), ('SHLVL', '0'), ('LD_LIBRARY_PATH', '/home/duy/cocarry_ws/install/motoros2_interfaces/lib:/home/duy/cocarry_ws/install/human_hand_msgs/lib:/usr/lib/x86_64-linux-gnu/gazebo-11/plugins:/opt/ros/humble/opt/rviz_ogre_vendor/lib:/opt/ros/humble/lib/x86_64-linux-gnu:/opt/ros/humble/lib'), ('HOME', '/home/duy'), ('OLDPWD', '/home/duy/cocarry_ws'), ('ROS_PYTHON_VERSION', '3'), ('ROS_DISTRO', 'humble'), ('_', '/usr/bin/colcon'), ('ROS_VERSION', '2'), ('PKG_CONFIG_PATH', '/home/duy/cocarry_ws/install/human_hand_msgs/lib/x86_64-linux-gnu/pkgconfig:/home/duy/cocarry_ws/install/human_hand_msgs/lib/pkgconfig'), ('TERM', 'dumb'), ('ROS_LOCALHOST_ONLY', '0'), ('PATH', '/home/duy/.local/bin:/home/duy/.nvm/versions/node/v20.20.2/bin:/opt/ros/humble/bin:/home/duy/.local/bin:/usr/local/sbin:/usr/local/bin:/usr/sbin:/usr/bin:/sbin:/bin:/usr/games:/usr/local/games:/snap/bin:/snap/bin:/home/duy/libfreenect2/build/bin'), ('LANG', 'en_US.UTF-8'), ('TMP', '/tmp'), ('AMENT_PREFIX_PATH', '/home/duy/cocarry_ws/install/hc10dtp_simulation:/home/duy/cocarry_ws/install/hc10dtp_bringup:/home/duy/cocarry_ws/install/hc10dtp_moveit_config:/home/duy/cocarry_ws/install/trajectory_predictor:/home/duy/cocarry_ws/install/realsense_tracker:/home/duy/cocarry_ws/install/predictor_ui:/home/duy/cocarry_ws/install/motoman_hc10dtp_support:/home/duy/cocarry_ws/install/experiment_logger:/home/duy/cocarry_ws/install/coord_transform:/home/duy/cocarry_ws/install/motoros2_interfaces:/home/duy/cocarry_ws/install/motoman_resources:/opt/ros/humble'), ('SHELL', '/bin/bash'), ('PWD', '/home/duy/cocarry_ws/build/hrc_bringup'), ('PYTHONPATH', '/home/duy/cocarry_ws/install/trajectory_predictor/lib/python3.10/site-packages:/home/duy/cocarry_ws/install/realsense_tracker/lib/python3.10/site-packages:/home/duy/cocarry_ws/install/predictor_ui/lib/python3.10/site-packages:/home/duy/cocarry_ws/install/experiment_logger/lib/python3.10/site-packages:/home/duy/cocarry_ws/install/coord_transform/lib/python3.10/site-packages:/home/duy/cocarry_ws/install/motoros2_interfaces/local/lib/python3.10/dist-packages:/home/duy/cocarry_ws/install/human_hand_msgs/local/lib/python3.10/dist-packages:/opt/ros/humble/lib/python3.10/site-packages:/opt/ros/humble/local/lib/python3.10/dist-packages'), ('COLCON', '1'), ('CMAKE_PREFIX_PATH', '/home/duy/cocarry_ws/install/hc10dtp_simulation:/home/duy/cocarry_ws/install/hc10dtp_bringup:/home/duy/cocarry_ws/install/hc10dtp_moveit_config:/home/duy/cocarry_ws/install/motoman_hc10dtp_support:/home/duy/cocarry_ws/install/motoros2_interfaces:/home/duy/cocarry_ws/install/motoman_resources:/opt/ros/humble:/home/duy/cocarry_ws/install/human_hand_msgs')]), 'shell': False}
[0.737677] (hrc_bringup) StdoutLine: {'line': b'-- Install configuration: ""\n'}
[0.737891] (hrc_bringup) StdoutLine: {'line': b'-- Execute custom install script\n'}
[0.738115] (hrc_bringup) StdoutLine: {'line': b'-- Up-to-date symlink: /home/duy/cocarry_ws/install/hrc_bringup/share/hrc_bringup/launch/__pycache__/cocarry_real_gui.launch.cpython-310.pyc\n'}
[0.738177] (hrc_bringup) StdoutLine: {'line': b'-- Up-to-date symlink: /home/duy/cocarry_ws/install/hrc_bringup/share/hrc_bringup/launch/__pycache__/cocarry_sim_gui.launch.cpython-310.pyc\n'}
[0.738230] (hrc_bringup) StdoutLine: {'line': b'-- Up-to-date symlink: /home/duy/cocarry_ws/install/hrc_bringup/share/hrc_bringup/launch/cocarry_full.launch.py\n'}
[0.738287] (hrc_bringup) StdoutLine: {'line': b'-- Up-to-date symlink: /home/duy/cocarry_ws/install/hrc_bringup/share/hrc_bringup/launch/cocarry_real_gui.launch.py\n'}
[0.738315] (hrc_bringup) StdoutLine: {'line': b'-- Up-to-date symlink: /home/duy/cocarry_ws/install/hrc_bringup/share/hrc_bringup/launch/cocarry_sim_gui.launch.py\n'}
[0.738454] (hrc_bringup) StdoutLine: {'line': b'-- Up-to-date symlink: /home/duy/cocarry_ws/install/hrc_bringup/share/hrc_bringup/launch/full_pipeline.launch.py\n'}
[0.738488] (hrc_bringup) StdoutLine: {'line': b'-- Up-to-date symlink: /home/duy/cocarry_ws/install/hrc_bringup/share/hrc_bringup/config/all_params.yaml\n'}
[0.738540] (hrc_bringup) StdoutLine: {'line': b'-- Up-to-date symlink: /home/duy/cocarry_ws/install/hrc_bringup/share/ament_index/resource_index/package_run_dependencies/hrc_bringup\n'}
[0.738617] (hrc_bringup) StdoutLine: {'line': b'-- Up-to-date symlink: /home/duy/cocarry_ws/install/hrc_bringup/share/ament_index/resource_index/parent_prefix_path/hrc_bringup\n'}
[0.738690] (hrc_bringup) StdoutLine: {'line': b'-- Up-to-date symlink: /home/duy/cocarry_ws/install/hrc_bringup/share/hrc_bringup/environment/ament_prefix_path.sh\n'}
[0.738747] (hrc_bringup) StdoutLine: {'line': b'-- Up-to-date symlink: /home/duy/cocarry_ws/install/hrc_bringup/share/hrc_bringup/environment/ament_prefix_path.dsv\n'}
[0.738811] (hrc_bringup) StdoutLine: {'line': b'-- Up-to-date symlink: /home/duy/cocarry_ws/install/hrc_bringup/share/hrc_bringup/environment/path.sh\n'}
[0.738870] (hrc_bringup) StdoutLine: {'line': b'-- Up-to-date symlink: /home/duy/cocarry_ws/install/hrc_bringup/share/hrc_bringup/environment/path.dsv\n'}
[0.738929] (hrc_bringup) StdoutLine: {'line': b'-- Up-to-date symlink: /home/duy/cocarry_ws/install/hrc_bringup/share/hrc_bringup/local_setup.bash\n'}
[0.738986] (hrc_bringup) StdoutLine: {'line': b'-- Up-to-date symlink: /home/duy/cocarry_ws/install/hrc_bringup/share/hrc_bringup/local_setup.sh\n'}
[0.739041] (hrc_bringup) StdoutLine: {'line': b'-- Up-to-date symlink: /home/duy/cocarry_ws/install/hrc_bringup/share/hrc_bringup/local_setup.zsh\n'}
[0.739097] (hrc_bringup) StdoutLine: {'line': b'-- Up-to-date symlink: /home/duy/cocarry_ws/install/hrc_bringup/share/hrc_bringup/local_setup.dsv\n'}
[0.739144] (hrc_bringup) StdoutLine: {'line': b'-- Symlinking: /home/duy/cocarry_ws/install/hrc_bringup/share/hrc_bringup/package.dsv\n'}
[0.745520] (hrc_bringup) StdoutLine: {'line': b'-- Up-to-date symlink: /home/duy/cocarry_ws/install/hrc_bringup/share/ament_index/resource_index/packages/hrc_bringup\n'}
[0.745640] (hrc_bringup) StdoutLine: {'line': b'-- Up-to-date symlink: /home/duy/cocarry_ws/install/hrc_bringup/share/hrc_bringup/cmake/hrc_bringupConfig.cmake\n'}
[0.745668] (hrc_bringup) StdoutLine: {'line': b'-- Up-to-date symlink: /home/duy/cocarry_ws/install/hrc_bringup/share/hrc_bringup/cmake/hrc_bringupConfig-version.cmake\n'}
[0.745693] (hrc_bringup) StdoutLine: {'line': b'-- Up-to-date symlink: /home/duy/cocarry_ws/install/hrc_bringup/share/hrc_bringup/package.xml\n'}
[0.746482] (hrc_bringup) CommandEnded: {'returncode': 0}
[0.752788] (hrc_bringup) JobEnded: {'identifier': 'hrc_bringup', 'rc': 0}
[0.753033] (-) EventReactorShutdown: {}
