[INFO] [launch]: All log files can be found below /home/duy/cocarry_ws/cocarry_logs/ros_log/2026-05-24-15-51-09-960134-sandbox-36
[INFO] [launch]: Default logging verbosity is set to INFO
[INFO] [realsense_node-1]: process started with pid [38]
[INFO] [predictor_node-2]: process started with pid [40]
[INFO] [transform_node-3]: process started with pid [42]
[INFO] [cartesian_streamer_hc10dtp.py-4]: process started with pid [44]
[INFO] [logger_node-5]: process started with pid [46]
[INFO] [ui_node-6]: process started with pid [48]
[transform_node-3] /usr/lib/python3/dist-packages/scipy/__init__.py:146: UserWarning: A NumPy version >=1.17.3 and <1.25.0 is required for this version of SciPy (detected version 1.26.4
[transform_node-3]   warnings.warn(f"A NumPy version >={np_minversion} and <{np_maxversion}"
[predictor_node-2] [INFO] [1779612670.432303563] [trajectory_predictor]: [Predictor] Worker launched (pid=150)
[predictor_node-2] [INFO] [1779612670.432703011] [trajectory_predictor]: [Predictor] Started | model=gru | window=20 | auto_start=True
[logger_node-5] [INFO] [1779612670.549519377] [experiment_logger]: Logger ready.
[realsense_node-1] WARNING: All log messages before absl::InitializeLog() is called are written to STDERR
[realsense_node-1] I0000 00:00:1779612670.658542      38 port.cc:153] oneDNN custom operations are on. You may see slightly different numerical results due to floating-point round-off errors from different computation orders. To turn them off, set the environment variable `TF_ENABLE_ONEDNN_OPTS=0`.
[transform_node-3] [INFO] [1779612670.663269184] [coord_transform]: CoordTransformNode khởi động.
[transform_node-3]   Object offset (cam frame): [0.05 0.   0.1 ]
[transform_node-3]   Translation cam→base:      [0.5 0.  1.2]
[transform_node-3]   EE orientation (xyzw):     [0.0, 1.0, 0.0, 0.0]
[transform_node-3]   Prediction step:           5
[transform_node-3]   Axis remap:                [0, 1, 2]
[transform_node-3]   Axis sign:                 [-1.0, 1.0, 1.0]
[transform_node-3]   Workspace X: (-1.0, 1.0), Y: (-0.5, 1.3), Z: (0.05, 1.5)
[transform_node-3]   Filter outlier_threshold:  0.15m
[transform_node-3]   Filter median_size_y:      3
[transform_node-3]   Filter deadband_tol:       25.0mm
[transform_node-3]   Filter stationary_thresh:  3 frames
[transform_node-3]   Filter max_rate:           5.0cm/frame
[transform_node-3]   Filter EMA moving(x,y,z):  (0.65,0.4,0.65)
[transform_node-3]   Filter EMA hold  (x,y,z):  (0.08,0.02,0.05)
[realsense_node-1] I0000 00:00:1779612670.707481      38 cpu_feature_guard.cc:227] This TensorFlow binary is optimized to use available CPU instructions in performance-critical operations.
[realsense_node-1] To enable the following instructions: AVX2 AVX_VNNI FMA, in other operations, rebuild TensorFlow with the appropriate compiler flags.
[cartesian_streamer_hc10dtp.py-4] [INFO] [1779612670.778771148] [cartesian_streamer]: CartesianStreamer khởi động (chờ Enable Robot từ UI).
[cartesian_streamer_hc10dtp.py-4]   Stream rate:       15 Hz (period=66.7ms)
[cartesian_streamer_hc10dtp.py-4]   Queue dt:          0.067 s
[cartesian_streamer_hc10dtp.py-4]   Prebuffer points:  3
[cartesian_streamer_hc10dtp.py-4]   Retry backoff:     66.0 ms
[cartesian_streamer_hc10dtp.py-4]   Gửi PoseStamped lên: /cartesian_streamer/target_pose
[cartesian_streamer_hc10dtp.py-4]   Gửi XYZ lên:        /cartesian_streamer/target_xyz
[cartesian_streamer_hc10dtp.py-4]   Nhận EE pose tại:   /cartesian_streamer/current_pose
[ui_node-6] [INFO] [1779612670.831702678] [predictor_ui]: [UI] Node started
[ui_node-6] qt.qpa.plugin: From 6.5.0, xcb-cursor0 or libxcb-cursor0 is needed to load the Qt xcb platform plugin.
[ui_node-6] qt.qpa.plugin: Could not load the Qt platform plugin "xcb" in "" even though it was found.
[ui_node-6] This application failed to start because no Qt platform plugin could be initialized. Reinstalling the application may fix this problem.
[ui_node-6] 
[ui_node-6] Available platform plugins are: offscreen, vkkhrdisplay, eglfs, minimal, linuxfb, vnc, minimalegl, wayland-brcm, wayland-egl, wayland, xcb.
[ui_node-6] 
[ERROR] [ui_node-6]: process has died [pid 48, exit code -6, cmd '/home/duy/cocarry_ws/install/predictor_ui/lib/predictor_ui/ui_node --ros-args -r __node:=predictor_ui'].
[cartesian_streamer_hc10dtp.py-4] [INFO] [1779612671.257495064] [cartesian_streamer]: Chờ /joint_states...
[realsense_node-1] /usr/lib/python3/dist-packages/scipy/__init__.py:146: UserWarning: A NumPy version >=1.17.3 and <1.25.0 is required for this version of SciPy (detected version 1.26.4
[realsense_node-1]   warnings.warn(f"A NumPy version >={np_minversion} and <{np_maxversion}"
[predictor_node-2] [WARN] [1779612672.041020091] [trajectory_predictor]: [Worker STDERR] /usr/lib/python3/dist-packages/scipy/__init__.py:146: UserWarning: A NumPy version >=1.17.3 and <1.25.0 is required for this version of SciPy (detected version 1.26.4
[predictor_node-2] [WARN] [1779612672.041598093] [trajectory_predictor]: [Worker STDERR] warnings.warn(f"A NumPy version >={np_minversion} and <{np_maxversion}"
[realsense_node-1] WARNING: All log messages before absl::InitializeLog() is called are written to STDERR
[realsense_node-1] I0000 00:00:1779612672.213354      38 port.cc:153] oneDNN custom operations are on. You may see slightly different numerical results due to floating-point round-off errors from different computation orders. To turn them off, set the environment variable `TF_ENABLE_ONEDNN_OPTS=0`.
[realsense_node-1] Matplotlib created a temporary config/cache directory at /tmp/matplotlib-8_patc34 because the default path (/home/duy/.config/matplotlib) is not a writable directory; it is highly recommended to set the MPLCONFIGDIR environment variable to a writable directory, in particular to speed up the import of Matplotlib and to better support multiprocessing.
[predictor_node-2] [WARN] [1779612672.609500958] [trajectory_predictor]: [Worker STDERR] Matplotlib created a temporary config/cache directory at /tmp/matplotlib-vb25kymh because the default path (/home/duy/.config/matplotlib) is not a writable directory; it is highly recommended to set the MPLCONFIGDIR environment variable to a writable directory, in particular to speed up the import of Matplotlib and to better support multiprocessing.
[predictor_node-2] [WARN] [1779612673.589458391] [trajectory_predictor]: [Worker STDERR] /home/duy/.local/lib/python3.10/site-packages/sklearn/base.py:442: InconsistentVersionWarning: Trying to unpickle estimator MinMaxScaler from version 1.6.1 when using version 1.7.2. This might lead to breaking code or invalid results. Use at your own risk. For more info please refer to:
[predictor_node-2] [INFO] [1779612673.590494316] [trajectory_predictor]: [Worker] TF 2.21.0 and sklearn loaded
[predictor_node-2] [WARN] [1779612673.590798813] [trajectory_predictor]: [Worker STDERR] https://scikit-learn.org/stable/model_persistence.html#security-maintainability-limitations
[predictor_node-2] [WARN] [1779612673.591356192] [trajectory_predictor]: [Worker STDERR] warnings.warn(
[cartesian_streamer_hc10dtp.py-4] [INFO] [1779612673.756410029] [cartesian_streamer]: Chờ /joint_states...
[realsense_node-1] [INFO] [1779612673.912859919] [realsense_tracker]: RealSense Tracker Node Started.
[realsense_node-1] [ERROR] [1779612673.913440595] [realsense_tracker]: No RealSense devices found!
[predictor_node-2] [INFO] [1779612674.328949231] [trajectory_predictor]: [Predictor] Worker READY | model=gru
[cartesian_streamer_hc10dtp.py-4] [INFO] [1779612675.756427447] [cartesian_streamer]: Chờ /joint_states...
[cartesian_streamer_hc10dtp.py-4] [INFO] [1779612677.756755851] [cartesian_streamer]: Chờ /joint_states...
[cartesian_streamer_hc10dtp.py-4] [INFO] [1779612679.756900759] [cartesian_streamer]: Chờ /joint_states...
[cartesian_streamer_hc10dtp.py-4] [INFO] [1779612681.757667266] [cartesian_streamer]: Chờ /joint_states...
[cartesian_streamer_hc10dtp.py-4] [INFO] [1779612684.256248421] [cartesian_streamer]: Chờ /joint_states...
[cartesian_streamer_hc10dtp.py-4] [INFO] [1779612686.256955744] [cartesian_streamer]: Chờ /joint_states...
[cartesian_streamer_hc10dtp.py-4] [INFO] [1779612688.757093798] [cartesian_streamer]: Chờ /joint_states...
[transform_node-3] [INFO] [1779612690.124948540] [coord_transform]: Captured Init Pose! P_init=(0.500, 0.000, 0.400), Cam_init=(-0.036, 0.427, 0.350), Noise_Tol=57.7mm
[transform_node-3] Orientation=(0.000, 1.000, 0.000, 0.000)
[transform_node-3] [INFO] [1779612690.148973940] [coord_transform]: Deadband: RELEASE — motion detected
[transform_node-3] [INFO] [1779612690.225536126] [coord_transform]: Re-sync camera init: [0.006 0.42  0.35 ]
[predictor_node-2] [INFO] [1779612690.225849074] [trajectory_predictor]: [Predictor] Auto-disabled prediction mode via /trajectory_mode
[logger_node-5] [INFO] [1779612690.225848205] [experiment_logger]: Trajectory mode: ground_truth
[transform_node-3] [INFO] [1779612690.225965022] [coord_transform]: Trạng thái tracking: RUNNING
[transform_node-3] [INFO] [1779612690.250037133] [coord_transform]: [GROUND_TRUTH] Transform: cam[0.008 0.42  0.35 ] → base[0.498 0.    0.4  ]
[transform_node-3] [INFO] [1779612690.449237792] [coord_transform]: Deadband: HOLD at (0.006, 0.420, 0.350)
[cartesian_streamer_hc10dtp.py-4] [INFO] [1779612691.256232971] [cartesian_streamer]: Chờ /joint_states...
[transform_node-3] [INFO] [1779612692.149143769] [coord_transform]: Deadband: RELEASE — motion detected
[transform_node-3] [INFO] [1779612692.250172439] [coord_transform]: [GROUND_TRUTH] Transform: cam[0.026 0.427 0.35 ] → base[0.48  0.007 0.4  ]
[transform_node-3] [INFO] [1779612692.499162548] [coord_transform]: Deadband: HOLD at (0.006, 0.420, 0.350)
[cartesian_streamer_hc10dtp.py-4] [INFO] [1779612693.755793448] [cartesian_streamer]: Chờ /joint_states...
[predictor_node-2] [INFO] [1779612694.245968664] [trajectory_predictor]: [Predictor] Predicting STARTED
[logger_node-5] [INFO] [1779612694.346443012] [experiment_logger]: Trajectory mode: prediction
[transform_node-3] [INFO] [1779612694.346579108] [coord_transform]: Đã chuyển mode: ground_truth -> prediction
[transform_node-3] [INFO] [1779612694.356246823] [coord_transform]: [PREDICTION] Transform: cam[-0.04   0.458  0.354] → base[0.547 0.038 0.404]
[transform_node-3] [INFO] [1779612694.555614022] [coord_transform]: Deadband: HOLD at (0.006, 0.420, 0.350)
[transform_node-3] [INFO] [1779612694.605361262] [coord_transform]: Deadband: RELEASE — motion detected
[cartesian_streamer_hc10dtp.py-4] [INFO] [1779612695.759148789] [cartesian_streamer]: Chờ /joint_states...
[transform_node-3] [INFO] [1779612696.357508285] [coord_transform]: [PREDICTION] Transform: cam[0.006 0.42  0.35 ] → base[0.5 0.  0.4]
[transform_node-3] [INFO] [1779612696.557481187] [coord_transform]: Deadband: HOLD at (0.006, 0.420, 0.350)
[transform_node-3] [INFO] [1779612696.610591758] [coord_transform]: Deadband: RELEASE — motion detected
[cartesian_streamer_hc10dtp.py-4] [INFO] [1779612698.258494969] [cartesian_streamer]: Chờ /joint_states...
[transform_node-3] [INFO] [1779612698.406421532] [coord_transform]: [PREDICTION] Transform: cam[-0.018  0.417  0.354] → base[ 0.525 -0.003  0.404]
[transform_node-3] [INFO] [1779612698.649162924] [coord_transform]: Deadband: HOLD at (0.006, 0.420, 0.350)
[transform_node-3] [INFO] [1779612698.699463028] [coord_transform]: Deadband: RELEASE — motion detected
